2026-03-09 22:17:36,907 INFO Waiting for evaluation lock /tmp/cache_ext_evaluate.lock ...
2026-03-09 22:23:12,633 INFO Acquired evaluation lock.
2026-03-09 22:23:12,633 INFO === Step 0: Drop page cache ===
2026-03-09 22:23:12,633 INFO Database already exists at /mydata/leveldb_temp (CURRENT file found), skipping rsync
2026-03-09 22:23:12,634 INFO CMD: sudo sync
2026-03-09 22:23:12,874 INFO CMD: sudo sh -c echo 3 > /proc/sys/vm/drop_caches
2026-03-09 22:23:13,178 INFO Page cache dropped.
2026-03-09 22:23:13,178 INFO === Step 1: Compile evolved policy ===
2026-03-09 22:23:13,188 INFO CMD: sudo chown -R root: /mydata/cache_ext/eviction_evo/build
2026-03-09 22:23:13,499 INFO CMD: clang-14 -O2 -target bpf -D__TARGET_ARCH_x86 -c -g -Wall -idirafter /usr/lib/llvm-14/lib/clang/14.0.0/include -idirafter /usr/local/include -idirafter /usr/include/x86_64-linux-gnu -idirafter /usr/include /mydata/cache_ext/eviction_evo/build/cache_ext_evolved.bpf.c -o /mydata/cache_ext/eviction_evo/build/cache_ext_evolved.bpf.o
2026-03-09 22:23:16,585 INFO CMD: /usr/local/sbin/bpftool gen skeleton /mydata/cache_ext/eviction_evo/build/cache_ext_evolved.bpf.o name cache_ext_evolved_bpf
2026-03-09 22:23:16,769 INFO CMD: clang-14 -O2 -g -Wall -I/mydata/cache_ext/eviction_evo/build -I/mydata/cache_ext/policies /mydata/cache_ext/eviction_evo/cache_ext_evolved.c -o /mydata/cache_ext/eviction_evo/build/cache_ext_evolved.out -L/usr/local/lib64 -lbpf
2026-03-09 22:23:17,666 INFO Compilation successful: /mydata/cache_ext/eviction_evo/build/cache_ext_evolved.out
2026-03-09 22:23:17,667 INFO === Step 2: Disable MGLRU ===
2026-03-09 22:23:17,667 INFO MGLRU current state: 0x0000 — disabling
2026-03-09 22:23:17,667 INFO CMD: sudo sh -c echo 0 > /sys/kernel/mm/lru_gen/enabled
2026-03-09 22:23:17,686 INFO MGLRU disabled.
2026-03-09 22:23:17,686 INFO === Step 3: Create cgroup ===
2026-03-09 22:23:17,686 INFO CMD: sudo cgdelete memory:cache_ext_test
2026-03-09 22:23:17,722 INFO CMD: sudo cgcreate -g memory:cache_ext_test
2026-03-09 22:23:17,837 INFO CMD: sudo sh -c echo 536870912 > /sys/fs/cgroup/cache_ext_test/memory.max
2026-03-09 22:23:17,852 INFO Created cgroup cache_ext_test with limit 536870912 bytes
2026-03-09 22:23:17,852 INFO === Step 4: Load BPF policy ===
2026-03-09 22:23:17,852 INFO Loading policy: sudo /mydata/cache_ext/eviction_evo/build/cache_ext_evolved.out --watch_dir /mydata/leveldb_temp --cgroup_path /sys/fs/cgroup/cache_ext_test
2026-03-09 22:23:27,863 INFO Policy loaded (PID 255755)
2026-03-09 22:23:27,864 INFO === Step 5: Start server ===
2026-03-09 22:23:27,864 INFO Starting server: sudo cgexec -g memory:cache_ext_test /mydata/cache_ext/net_leveldb_server 9100 /mydata/leveldb_temp
2026-03-09 22:23:27,865 INFO Waiting for server on port 9100 ...
2026-03-09 22:23:28,951 INFO Server ready (PID 255758) on port 9100
2026-03-09 22:23:28,951 INFO === Step 6: Run 2 trace benchmarks ===
2026-03-09 22:23:28,952 INFO --- Trace 1/2: dual_small_vs_large ---
2026-03-09 22:23:28,978 INFO Starting proxy: /usr/bin/python /mydata/cache_ext/eviction_evo/tcp_delay_proxy.py --listen-port 9101 --target-port 9100 --delay-ms 1 --bandwidth-kbps 500000
2026-03-09 22:23:29,988 INFO Proxy ready on port 9101
2026-03-09 22:23:29,998 INFO Starting client reader_fast: /mydata/cache_ext/My-YCSB/build/run_net_leveldb /tmp/dual_reader_fast_djx74553.yaml
2026-03-09 22:23:30,020 INFO Starting client writer_slow: /mydata/cache_ext/My-YCSB/build/run_net_leveldb /tmp/dual_writer_slow_s4j18ut8.yaml
2026-03-09 22:26:27,851 INFO Client reader_fast: throughput=174.93
2026-03-09 22:26:27,852 INFO Client writer_slow: throughput=133.25
2026-03-09 22:26:27,852 INFO Dual-client combined throughput: 308.18 ops/sec
2026-03-09 22:26:27,856 INFO Trace dual_small_vs_large: throughput=308.18 ops/sec
2026-03-09 22:26:27,856 INFO --- Trace 2/2: dual_congested ---
2026-03-09 22:26:27,856 INFO CMD: sudo sync
2026-03-09 22:26:28,034 INFO CMD: sudo sh -c echo 3 > /proc/sys/vm/drop_caches
2026-03-09 22:26:28,522 INFO Page cache dropped.
2026-03-09 22:26:30,552 INFO Starting proxy: /usr/bin/python /mydata/cache_ext/eviction_evo/tcp_delay_proxy.py --listen-port 9101 --target-port 9100 --delay-ms 2 --bandwidth-kbps 100000
2026-03-09 22:26:31,574 INFO Proxy ready on port 9101
2026-03-09 22:26:31,574 INFO Starting proxy: /usr/bin/python /mydata/cache_ext/eviction_evo/tcp_delay_proxy.py --listen-port 9102 --target-port 9100 --delay-ms 5 --bandwidth-kbps 50000
2026-03-09 22:26:32,576 INFO Proxy ready on port 9102
2026-03-09 22:26:32,591 INFO Starting client wan_reader: /mydata/cache_ext/My-YCSB/build/run_net_leveldb /tmp/dual_wan_reader_staymbjw.yaml
2026-03-09 22:26:32,622 INFO Starting client wan_writer: /mydata/cache_ext/My-YCSB/build/run_net_leveldb /tmp/dual_wan_writer_24x_7iax.yaml
2026-03-09 22:29:29,649 INFO Client wan_reader: throughput=158.33
2026-03-09 22:29:29,650 INFO Client wan_writer: throughput=168.81
2026-03-09 22:29:29,650 INFO Dual-client combined throughput: 327.14 ops/sec
2026-03-09 22:29:29,657 INFO Trace dual_congested: throughput=327.14 ops/sec
2026-03-09 22:29:29,673 INFO === Evaluation complete ===
2026-03-09 22:29:29,673 INFO Combined score (harmonic mean): 317.38  (2/2 traces passed)
2026-03-09 22:29:29,673 INFO   dual_small_vs_large: 308.18 ops/sec
2026-03-09 22:29:29,673 INFO   dual_congested: 327.14 ops/sec
2026-03-09 22:29:29,673 INFO Stopping net_leveldb_server (PID 255758)
2026-03-09 22:29:29,673 INFO CMD: sudo kill 255758
2026-03-09 22:29:29,832 INFO Unloading BPF policy (PID 255755)
2026-03-09 22:29:29,833 INFO CMD: sudo kill -2 255755
2026-03-09 22:29:30,065 INFO CMD: sudo rm -f /sys/fs/bpf/cache_ext/scan_pids
2026-03-09 22:29:30,107 INFO CMD: sudo cgdelete memory:cache_ext_test
2026-03-09 22:29:30,148 INFO CMD: sudo sh -c echo 0x0000 > /sys/kernel/mm/lru_gen/enabled
2026-03-09 22:29:30,167 INFO MGLRU re-enabled (restored to 0x0000).
