2026-03-09 23:28:58,216 INFO Waiting for evaluation lock /tmp/cache_ext_evaluate.lock ...
2026-03-09 23:34:58,677 INFO Acquired evaluation lock.
2026-03-09 23:34:58,677 INFO === Step 0: Drop page cache ===
2026-03-09 23:34:58,678 INFO Database already exists at /mydata/leveldb_temp (CURRENT file found), skipping rsync
2026-03-09 23:34:58,678 INFO CMD: sudo sync
2026-03-09 23:34:58,908 INFO CMD: sudo sh -c echo 3 > /proc/sys/vm/drop_caches
2026-03-09 23:34:59,522 INFO Page cache dropped.
2026-03-09 23:34:59,522 INFO === Step 1: Compile evolved policy ===
2026-03-09 23:34:59,533 INFO CMD: sudo chown -R root: /mydata/cache_ext/eviction_evo/build
2026-03-09 23:34:59,952 INFO CMD: clang-14 -O2 -target bpf -D__TARGET_ARCH_x86 -c -g -Wall -idirafter /usr/lib/llvm-14/lib/clang/14.0.0/include -idirafter /usr/local/include -idirafter /usr/include/x86_64-linux-gnu -idirafter /usr/include /mydata/cache_ext/eviction_evo/build/cache_ext_evolved.bpf.c -o /mydata/cache_ext/eviction_evo/build/cache_ext_evolved.bpf.o
2026-03-09 23:35:02,987 INFO CMD: /usr/local/sbin/bpftool gen skeleton /mydata/cache_ext/eviction_evo/build/cache_ext_evolved.bpf.o name cache_ext_evolved_bpf
2026-03-09 23:35:03,182 INFO CMD: clang-14 -O2 -g -Wall -I/mydata/cache_ext/eviction_evo/build -I/mydata/cache_ext/policies /mydata/cache_ext/eviction_evo/cache_ext_evolved.c -o /mydata/cache_ext/eviction_evo/build/cache_ext_evolved.out -L/usr/local/lib64 -lbpf
2026-03-09 23:35:04,147 INFO Compilation successful: /mydata/cache_ext/eviction_evo/build/cache_ext_evolved.out
2026-03-09 23:35:04,147 INFO === Step 2: Disable MGLRU ===
2026-03-09 23:35:04,148 INFO MGLRU current state: 0x0000 — disabling
2026-03-09 23:35:04,148 INFO CMD: sudo sh -c echo 0 > /sys/kernel/mm/lru_gen/enabled
2026-03-09 23:35:04,165 INFO MGLRU disabled.
2026-03-09 23:35:04,165 INFO === Step 3: Create cgroup ===
2026-03-09 23:35:04,165 INFO CMD: sudo cgdelete memory:cache_ext_test
2026-03-09 23:35:04,205 INFO CMD: sudo cgcreate -g memory:cache_ext_test
2026-03-09 23:35:04,320 INFO CMD: sudo sh -c echo 536870912 > /sys/fs/cgroup/cache_ext_test/memory.max
2026-03-09 23:35:04,336 INFO Created cgroup cache_ext_test with limit 536870912 bytes
2026-03-09 23:35:04,336 INFO === Step 4: Load BPF policy ===
2026-03-09 23:35:04,336 INFO Loading policy: sudo /mydata/cache_ext/eviction_evo/build/cache_ext_evolved.out --watch_dir /mydata/leveldb_temp --cgroup_path /sys/fs/cgroup/cache_ext_test
2026-03-09 23:35:14,347 INFO Policy loaded (PID 260922)
2026-03-09 23:35:14,347 INFO === Step 5: Start server ===
2026-03-09 23:35:14,347 INFO Starting server: sudo cgexec -g memory:cache_ext_test /mydata/cache_ext/net_leveldb_server 9100 /mydata/leveldb_temp
2026-03-09 23:35:14,349 INFO Waiting for server on port 9100 ...
2026-03-09 23:35:15,451 INFO Server ready (PID 260934) on port 9100
2026-03-09 23:35:15,451 INFO === Step 6: Run 2 trace benchmarks ===
2026-03-09 23:35:15,451 INFO --- Trace 1/2: dual_small_vs_large ---
2026-03-09 23:35:15,478 INFO Starting proxy: /usr/bin/python /mydata/cache_ext/eviction_evo/tcp_delay_proxy.py --listen-port 9101 --target-port 9100 --delay-ms 1 --bandwidth-kbps 500000
2026-03-09 23:35:16,480 INFO Proxy ready on port 9101
2026-03-09 23:35:16,488 INFO Starting client reader_fast: /mydata/cache_ext/My-YCSB/build/run_net_leveldb /tmp/dual_reader_fast_v45ejff9.yaml
2026-03-09 23:35:16,509 INFO Starting client writer_slow: /mydata/cache_ext/My-YCSB/build/run_net_leveldb /tmp/dual_writer_slow_8v3s7ctg.yaml
2026-03-09 23:38:14,049 INFO Client reader_fast: throughput=172.58
2026-03-09 23:38:14,050 INFO Client writer_slow: throughput=130.62
2026-03-09 23:38:14,050 INFO Dual-client combined throughput: 303.20 ops/sec
2026-03-09 23:38:14,053 INFO Trace dual_small_vs_large: throughput=303.20 ops/sec
2026-03-09 23:38:14,053 INFO --- Trace 2/2: dual_congested ---
2026-03-09 23:38:14,053 INFO CMD: sudo sync
2026-03-09 23:38:14,203 INFO CMD: sudo sh -c echo 3 > /proc/sys/vm/drop_caches
2026-03-09 23:38:15,008 INFO Page cache dropped.
2026-03-09 23:38:17,047 INFO Starting proxy: /usr/bin/python /mydata/cache_ext/eviction_evo/tcp_delay_proxy.py --listen-port 9101 --target-port 9100 --delay-ms 2 --bandwidth-kbps 100000
2026-03-09 23:38:18,080 INFO Proxy ready on port 9101
2026-03-09 23:38:18,080 INFO Starting proxy: /usr/bin/python /mydata/cache_ext/eviction_evo/tcp_delay_proxy.py --listen-port 9102 --target-port 9100 --delay-ms 5 --bandwidth-kbps 50000
2026-03-09 23:38:19,082 INFO Proxy ready on port 9102
2026-03-09 23:38:19,097 INFO Starting client wan_reader: /mydata/cache_ext/My-YCSB/build/run_net_leveldb /tmp/dual_wan_reader_vs5n82_b.yaml
2026-03-09 23:38:19,127 INFO Starting client wan_writer: /mydata/cache_ext/My-YCSB/build/run_net_leveldb /tmp/dual_wan_writer_c4pnu6po.yaml
2026-03-09 23:41:16,153 INFO Client wan_reader: throughput=153.46
2026-03-09 23:41:16,154 INFO Client wan_writer: throughput=164.92
2026-03-09 23:41:16,154 INFO Dual-client combined throughput: 318.38 ops/sec
2026-03-09 23:41:16,161 INFO Trace dual_congested: throughput=318.38 ops/sec
2026-03-09 23:41:16,174 INFO === Evaluation complete ===
2026-03-09 23:41:16,174 INFO Combined score (harmonic mean): 310.60  (2/2 traces passed)
2026-03-09 23:41:16,174 INFO   dual_small_vs_large: 303.20 ops/sec
2026-03-09 23:41:16,174 INFO   dual_congested: 318.38 ops/sec
2026-03-09 23:41:16,174 INFO Stopping net_leveldb_server (PID 260934)
2026-03-09 23:41:16,174 INFO CMD: sudo kill 260934
2026-03-09 23:41:16,316 INFO Unloading BPF policy (PID 260922)
2026-03-09 23:41:16,316 INFO CMD: sudo kill -2 260922
2026-03-09 23:41:16,547 INFO CMD: sudo rm -f /sys/fs/bpf/cache_ext/scan_pids
2026-03-09 23:41:16,584 INFO CMD: sudo cgdelete memory:cache_ext_test
2026-03-09 23:41:16,619 INFO CMD: sudo sh -c echo 0x0000 > /sys/kernel/mm/lru_gen/enabled
2026-03-09 23:41:16,638 INFO MGLRU re-enabled (restored to 0x0000).
