--- reader_fast ---
ZipfianWorkload: start initializing zipfian variables, might take a while
Zipfian (Warm-Up) (epoch 0, progress 0.00%): UPDATE throughput 0.00 ops/sec, INSERT throughput 0.00 ops/sec, READ throughput 0.00 ops/sec, SCAN throughput 0.00 ops/sec, READ_MODIFY_WRITE throughput 0.00 ops/sec, total throughput 0.00 ops/sec
Zipfian (Warm-Up) (epoch 1, progress 0.00%): UPDATE throughput 0.00 ops/sec, INSERT throughput 0.00 ops/sec, READ throughput 287.96 ops/sec, SCAN throughput 0.00 ops/sec, READ_MODIFY_WRITE throughput 0.00 ops/sec, total throughput 287.96 ops/sec
Zipfian (Warm-Up) (epoch 2, progress 0.00%): UPDATE throughput 0.00 ops/sec, INSERT throughput 0.00 ops/sec, READ throughput 367.96 ops/sec, SCAN throughput 0.00 ops/sec, READ_MODIFY_WRITE throughput 0.00 ops/sec, total throughput 367.96 ops/sec
Zipfian (Warm-Up) (epoch 3, progress 0.00%): UPDATE throughput 0.00 ops/sec, INSERT throughput 0.00 ops/sec, READ throughput 286.96 ops/sec, SCAN throughput 0.00 ops/sec, READ_MODIFY_WRITE throughput 0.00 ops/sec, total throughput 286.96 ops/sec
Zipfian (Warm-Up) (epoch 4, progress 0.00%): UPDATE throughput 0.00 ops/sec, INSERT throughput 0.00 ops/sec, READ throughput 354.95 ops/sec, SCAN throughput 0.00 ops/sec, READ_MODIFY_WRITE throughput 0.00 ops/sec, total throughput 354.95 ops/sec
Zipfian (Warm-Up) (epoch 5, progress 0.00%): UPDATE throughput 0.00 ops/sec, INSERT throughput 0.00 ops/sec, READ throughput 393.95 ops/sec, SCAN throughput 0.00 ops/sec, READ_MODIFY_WRITE throughput 0.00 ops/sec, total throughput 393.95 ops/sec
Zipfian (Warm-Up) (epoch 6, progress 0.01%): UPDATE throughput 0.00 ops/sec, INSERT throughput 0.00 ops/sec, READ throughput 365.95 ops/sec, SCAN throughput 0.00 ops/sec, READ_MODIFY_WRITE throughput 0.00 ops/sec, total throughput 365.95 ops/sec
Zipfian (Warm-Up) (epoch 7, progress 0.01%): UPDATE throughput 0.00 ops/sec, INSERT throughput 0.00 ops/sec, READ throughput 421.94 ops/sec, SCAN throughput 0.00 ops/sec, READ_MODIFY_WRITE throughput 0.00 ops/sec, total throughput 421.94 ops/sec
Zipfian (Warm-Up) (epoch 8, progress 0.01%): UPDATE throughput 0.00 ops/sec, INSERT throughput 0.00 ops/sec, READ throughput 373.95 ops/sec, SCAN throughput 0.00 ops/sec, READ_MODIFY_WRITE throughput 0.00 ops/sec, total throughput 373.95 ops/sec
Zipfian (Warm-Up) (epoch 9, progress 0.01%): UPDATE throughput 0.00 ops/sec, INSERT throughput 0.00 ops/sec, READ throughput 404.95 ops/sec, SCAN throughput 0.00 ops/sec, READ_MODIFY_WRITE throughput 0.00 ops/sec, total throughput 404.95 ops/sec
Zipfian (Warm-Up) (epoch 10, progress 0.01%): UPDATE throughput 0.00 ops/sec, INSERT throughput 0.00 ops/sec, READ throughput 406.94 ops/sec, SCAN throughput 0.00 ops/sec, READ_MODIFY_WRITE throughput 0.00 ops/sec, total throughput 406.94 ops/sec
Zipfian (Warm-Up) (epoch 11, progress 0.01%): UPDATE throughput 0.00 ops/sec, INSERT throughput 0.00 ops/sec, READ throughput 461.94 ops/sec, SCAN throughput 0.00 ops/sec, READ_MODIFY_WRITE throughput 0.00 ops/sec, total throughput 461.94 ops/sec
Zipfian (Warm-Up) (epoch 12, progress 0.01%): UPDATE throughput 0.00 ops/sec, INSERT throughput 0.00 ops/sec, READ throughput 438.94 ops/sec, SCAN throughput 0.00 ops/sec, READ_MODIFY_WRITE throughput 0.00 ops/sec, total throughput 438.94 ops/sec
Zipfian (Warm-Up) (epoch 13, progress 0.01%): UPDATE throughput 0.00 ops/sec, INSERT throughput 0.00 ops/sec, READ throughput 468.94 ops/sec, SCAN throughput 0.00 ops/sec, READ_MODIFY_WRITE throughput 0.00 ops/sec, total throughput 468.94 ops/sec
Zipfian (Warm-Up) (epoch 14, progress 0.01%): UPDATE throughput 0.00 ops/sec, INSERT throughput 0.00 ops/sec, READ throughput 443.94 ops/sec, SCAN throughput 0.00 ops/sec, READ_MODIFY_WRITE throughput 0.00 ops/sec, total throughput 443.94 ops/sec
Zipfian (Warm-Up) (epoch 15, progress 0.02%): UPDATE throughput 0.00 ops/sec, INSERT throughput 0.00 ops/sec, READ throughput 528.94 ops/sec, SCAN throughput 0.00 ops/sec, READ_MODIFY_WRITE throughput 0.00 ops/sec, total throughput 528.94 ops/sec
Zipfian (Warm-Up) (epoch 16, progress 0.02%): UPDATE throughput 0.00 ops/sec, INSERT throughput 0.00 ops/sec, READ throughput 517.93 ops/sec, SCAN throughput 0.00 ops/sec, READ_MODIFY_WRITE throughput 0.00 ops/sec, total throughput 517.93 ops/sec
Zipfian (Warm-Up) (epoch 17, progress 0.02%): UPDATE throughput 0.00 ops/sec, INSERT throughput 0.00 ops/sec, READ throughput 560.92 ops/sec, SCAN throughput 0.00 ops/sec, READ_MODIFY_WRITE throughput 0.00 ops/sec, total throughput 560.92 ops/sec
Zipfian (Warm-Up) (epoch 18, progress 0.02%): UPDATE throughput 0.00 ops/sec, INSERT throughput 0.00 ops/sec, READ throughput 621.92 ops/sec, SCAN throughput 0.00 ops/sec, READ_MODIFY_WRITE throughput 0.00 ops/sec, total throughput 621.92 ops/sec
Zipfian (Warm-Up) (epoch 19, progress 0.02%): UPDATE throughput 0.00 ops/sec, INSERT throughput 0.00 ops/sec, READ throughput 752.90 ops/sec, SCAN throughput 0.00 ops/sec, READ_MODIFY_WRITE throughput 0.00 ops/sec, total throughput 752.90 ops/sec
Zipfian (Warm-Up) (epoch 20, progress 0.02%): UPDATE throughput 0.00 ops/sec, INSERT throughput 0.00 ops/sec, READ throughput 733.90 ops/sec, SCAN throughput 0.00 ops/sec, READ_MODIFY_WRITE throughput 0.00 ops/sec, total throughput 733.90 ops/sec
Zipfian (Warm-Up) (epoch 21, progress 0.03%): UPDATE throughput 0.00 ops/sec, INSERT throughput 0.00 ops/sec, READ throughput 894.88 ops/sec, SCAN throughput 0.00 ops/sec, READ_MODIFY_WRITE throughput 0.00 ops/sec, total throughput 894.88 ops/sec
Zipfian (Warm-Up) (epoch 22, progress 0.03%): UPDATE throughput 0.00 ops/sec, INSERT throughput 0.00 ops/sec, READ throughput 885.88 ops/sec, SCAN throughput 0.00 ops/sec, READ_MODIFY_WRITE throughput 0.00 ops/sec, total throughput 885.88 ops/sec
Zipfian (Warm-Up) (epoch 23, progress 0.03%): UPDATE throughput 0.00 ops/sec, INSERT throughput 0.00 ops/sec, READ throughput 866.94 ops/sec, SCAN throughput 0.00 ops/sec, READ_MODIFY_WRITE throughput 0.00 ops/sec, total throughput 866.94 ops/sec
Zipfian (Warm-Up) (epoch 24, progress 0.03%): UPDATE throughput 0.00 ops/sec, INSERT throughput 0.00 ops/sec, READ throughput 972.86 ops/sec, SCAN throughput 0.00 ops/sec, READ_MODIFY_WRITE throughput 0.00 ops/sec, total throughput 972.86 ops/sec
Zipfian (Warm-Up) (epoch 25, progress 0.03%): UPDATE throughput 0.00 ops/sec, INSERT throughput 0.00 ops/sec, READ throughput 947.90 ops/sec, SCAN throughput 0.00 ops/sec, READ_MODIFY_WRITE throughput 0.00 ops/sec, total throughput 947.90 ops/sec
Zipfian (Warm-Up) (epoch 26, progress 0.04%): UPDATE throughput 0.00 ops/sec, INSERT throughput 0.00 ops/sec, READ throughput 866.88 ops/sec, SCAN throughput 0.00 ops/sec, READ_MODIFY_WRITE throughput 0.00 ops/sec, total throughput 866.88 ops/sec
Zipfian (Warm-Up) (epoch 27, progress 0.04%): UPDATE throughput 0.00 ops/sec, INSERT throughput 0.00 ops/sec, READ throughput 938.91 ops/sec, SCAN throughput 0.00 ops/sec, READ_MODIFY_WRITE throughput 0.00 ops/sec, total throughput 938.91 ops/sec
Zipfian (Warm-Up) (epoch 28, progress 0.04%): UPDATE throughput 0.00 ops/sec, INSERT throughput 0.00 ops/sec, READ throughput 786.92 ops/sec, SCAN throughput 0.00 ops/sec, READ_MODIFY_WRITE throughput 0.00 ops/sec, total throughput 786.92 ops/sec
Zipfian (Warm-Up) (epoch 29, progress 0.04%): UPDATE throughput 0.00 ops/sec, INSERT throughput 0.00 ops/sec, READ throughput 849.88 ops/sec, SCAN throughput 0.00 ops/sec, READ_MODIFY_WRITE throughput 0.00 ops/sec, total throughput 849.88 ops/sec
Zipfian (Warm-Up) (epoch 30, progress 0.05%): UPDATE throughput 0.00 ops/sec, INSERT throughput 0.00 ops/sec, READ throughput 917.87 ops/sec, SCAN throughput 0.00 ops/sec, READ_MODIFY_WRITE throughput 0.00 ops/sec, total throughput 917.87 ops/sec
time's up!
Zipfian (Warm-Up): calculating overall performance metrics... (might take a while)
Zipfian (Warm-Up) overall: UPDATE throughput 0.00 ops/sec, INSERT throughput 0.00 ops/sec, READ throughput 604.19 ops/sec, SCAN throughput 0.00 ops/sec, READ_MODIFY_WRITE throughput 0.00 ops/sec, total throughput 604.19 ops/sec
Zipfian (Warm-Up) overall: UPDATE average latency 0.00 ns, UPDATE p99 latency 0.00 ns, INSERT average latency 0.00 ns, INSERT p99 latency 0.00 ns, READ average latency 6607549.19 ns, READ p99 latency 58885724.24 ns, SCAN average latency 0.00 ns, SCAN p99 latency 0.00 ns, READ_MODIFY_WRITE average latency 0.00 ns, READ_MODIFY_WRITE p99 latency 0.00 ns
ZipfianWorkload: start initializing zipfian variables, might take a while
Zipfian (epoch 0, progress 0.00%): UPDATE throughput 0.00 ops/sec, INSERT throughput 0.00 ops/sec, READ throughput 0.00 ops/sec, SCAN throughput 0.00 ops/sec, READ_MODIFY_WRITE throughput 0.00 ops/sec, total throughput 0.00 ops/sec
Zipfian (epoch 1, progress 0.05%): UPDATE throughput 0.00 ops/sec, INSERT throughput 0.00 ops/sec, READ throughput 18539.27 ops/sec, SCAN throughput 0.00 ops/sec, READ_MODIFY_WRITE throughput 0.00 ops/sec, total throughput 18539.27 ops/sec
Zipfian (epoch 2, progress 0.05%): UPDATE throughput 0.00 ops/sec, INSERT throughput 0.00 ops/sec, READ throughput 842.87 ops/sec, SCAN throughput 0.00 ops/sec, READ_MODIFY_WRITE throughput 0.00 ops/sec, total throughput 842.87 ops/sec
Zipfian (epoch 3, progress 0.05%): UPDATE throughput 0.00 ops/sec, INSERT throughput 0.00 ops/sec, READ throughput 844.87 ops/sec, SCAN throughput 0.00 ops/sec, READ_MODIFY_WRITE throughput 0.00 ops/sec, total throughput 844.87 ops/sec
Zipfian (epoch 4, progress 0.05%): UPDATE throughput 0.00 ops/sec, INSERT throughput 0.00 ops/sec, READ throughput 1004.85 ops/sec, SCAN throughput 0.00 ops/sec, READ_MODIFY_WRITE throughput 0.00 ops/sec, total throughput 1004.85 ops/sec
Zipfian (epoch 5, progress 0.06%): UPDATE throughput 0.00 ops/sec, INSERT throughput 0.00 ops/sec, READ throughput 1171.82 ops/sec, SCAN throughput 0.00 ops/sec, READ_MODIFY_WRITE throughput 0.00 ops/sec, total throughput 1171.82 ops/sec
Zipfian (epoch 6, progress 0.06%): UPDATE throughput 0.00 ops/sec, INSERT throughput 0.00 ops/sec, READ throughput 1050.84 ops/sec, SCAN throughput 0.00 ops/sec, READ_MODIFY_WRITE throughput 0.00 ops/sec, total throughput 1050.84 ops/sec
Zipfian (epoch 7, progress 0.06%): UPDATE throughput 0.00 ops/sec, INSERT throughput 0.00 ops/sec, READ throughput 1156.83 ops/sec, SCAN throughput 0.00 ops/sec, READ_MODIFY_WRITE throughput 0.00 ops/sec, total throughput 1156.83 ops/sec
Zipfian (epoch 8, progress 0.06%): UPDATE throughput 0.00 ops/sec, INSERT throughput 0.00 ops/sec, READ throughput 943.86 ops/sec, SCAN throughput 0.00 ops/sec, READ_MODIFY_WRITE throughput 0.00 ops/sec, total throughput 943.86 ops/sec
Zipfian (epoch 9, progress 0.07%): UPDATE throughput 0.00 ops/sec, INSERT throughput 0.00 ops/sec, READ throughput 1098.83 ops/sec, SCAN throughput 0.00 ops/sec, READ_MODIFY_WRITE throughput 0.00 ops/sec, total throughput 1098.83 ops/sec
Zipfian (epoch 10, progress 0.07%): UPDATE throughput 0.00 ops/sec, INSERT throughput 0.00 ops/sec, READ throughput 1139.83 ops/sec, SCAN throughput 0.00 ops/sec, READ_MODIFY_WRITE throughput 0.00 ops/sec, total throughput 1139.83 ops/sec
Zipfian (epoch 11, progress 0.07%): UPDATE throughput 0.00 ops/sec, INSERT throughput 0.00 ops/sec, READ throughput 1043.84 ops/sec, SCAN throughput 0.00 ops/sec, READ_MODIFY_WRITE throughput 0.00 ops/sec, total throughput 1043.84 ops/sec
Zipfian (epoch 12, progress 0.08%): UPDATE throughput 0.00 ops/sec, INSERT throughput 0.00 ops/sec, READ throughput 1518.77 ops/sec, SCAN throughput 0.00 ops/sec, READ_MODIFY_WRITE throughput 0.00 ops/sec, total throughput 1518.77 ops/sec
Zipfian (epoch 13, progress 0.08%): UPDATE throughput 0.00 ops/sec, INSERT throughput 0.00 ops/sec, READ throughput 1179.82 ops/sec, SCAN throughput 0.00 ops/sec, READ_MODIFY_WRITE throughput 0.00 ops/sec, total throughput 1179.82 ops/sec
Zipfian (epoch 14, progress 0.08%): UPDATE throughput 0.00 ops/sec, INSERT throughput 0.00 ops/sec, READ throughput 1222.82 ops/sec, SCAN throughput 0.00 ops/sec, READ_MODIFY_WRITE throughput 0.00 ops/sec, total throughput 1222.82 ops/sec
Zipfian (epoch 15, progress 0.09%): UPDATE throughput 0.00 ops/sec, INSERT throughput 0.00 ops/sec, READ throughput 1787.73 ops/sec, SCAN throughput 0.00 ops/sec, READ_MODIFY_WRITE throughput 0.00 ops/sec, total throughput 1787.73 ops/sec
Zipfian (epoch 16, progress 0.09%): UPDATE throughput 0.00 ops/sec, INSERT throughput 0.00 ops/sec, READ throughput 1718.69 ops/sec, SCAN throughput 0.00 ops/sec, READ_MODIFY_WRITE throughput 0.00 ops/sec, total throughput 1718.69 ops/sec
Zipfian (epoch 17, progress 0.09%): UPDATE throughput 0.00 ops/sec, INSERT throughput 0.00 ops/sec, READ throughput 1602.75 ops/sec, SCAN throughput 0.00 ops/sec, READ_MODIFY_WRITE throughput 0.00 ops/sec, total throughput 1602.75 ops/sec
Zipfian (epoch 18, progress 0.10%): UPDATE throughput 0.00 ops/sec, INSERT throughput 0.00 ops/sec, READ throughput 1505.77 ops/sec, SCAN throughput 0.00 ops/sec, READ_MODIFY_WRITE throughput 0.00 ops/sec, total throughput 1505.77 ops/sec
Zipfian (epoch 19, progress 0.10%): UPDATE throughput 0.00 ops/sec, INSERT throughput 0.00 ops/sec, READ throughput 1691.74 ops/sec, SCAN throughput 0.00 ops/sec, READ_MODIFY_WRITE throughput 0.00 ops/sec, total throughput 1691.74 ops/sec
Zipfian (epoch 20, progress 0.11%): UPDATE throughput 0.00 ops/sec, INSERT throughput 0.00 ops/sec, READ throughput 1780.74 ops/sec, SCAN throughput 0.00 ops/sec, READ_MODIFY_WRITE throughput 0.00 ops/sec, total throughput 1780.74 ops/sec
Zipfian (epoch 21, progress 0.11%): UPDATE throughput 0.00 ops/sec, INSERT throughput 0.00 ops/sec, READ throughput 1634.75 ops/sec, SCAN throughput 0.00 ops/sec, READ_MODIFY_WRITE throughput 0.00 ops/sec, total throughput 1634.75 ops/sec
Zipfian (epoch 22, progress 0.12%): UPDATE throughput 0.00 ops/sec, INSERT throughput 0.00 ops/sec, READ throughput 2017.69 ops/sec, SCAN throughput 0.00 ops/sec, READ_MODIFY_WRITE throughput 0.00 ops/sec, total throughput 2017.69 ops/sec
Zipfian (epoch 23, progress 0.12%): UPDATE throughput 0.00 ops/sec, INSERT throughput 0.00 ops/sec, READ throughput 1567.76 ops/sec, SCAN throughput 0.00 ops/sec, READ_MODIFY_WRITE throughput 0.00 ops/sec, total throughput 1567.76 ops/sec
Zipfian (epoch 24, progress 0.12%): UPDATE throughput 0.00 ops/sec, INSERT throughput 0.00 ops/sec, READ throughput 1572.77 ops/sec, SCAN throughput 0.00 ops/sec, READ_MODIFY_WRITE throughput 0.00 ops/sec, total throughput 1572.77 ops/sec
Zipfian (epoch 25, progress 0.13%): UPDATE throughput 0.00 ops/sec, INSERT throughput 0.00 ops/sec, READ throughput 1624.76 ops/sec, SCAN throughput 0.00 ops/sec, READ_MODIFY_WRITE throughput 0.00 ops/sec, total throughput 1624.76 ops/sec
Zipfian (epoch 26, progress 0.13%): UPDATE throughput 0.00 ops/sec, INSERT throughput 0.00 ops/sec, READ throughput 1473.78 ops/sec, SCAN throughput 0.00 ops/sec, READ_MODIFY_WRITE throughput 0.00 ops/sec, total throughput 1473.78 ops/sec
Zipfian (epoch 27, progress 0.14%): UPDATE throughput 0.00 ops/sec, INSERT throughput 0.00 ops/sec, READ throughput 1650.76 ops/sec, SCAN throughput 0.00 ops/sec, READ_MODIFY_WRITE throughput 0.00 ops/sec, total throughput 1650.76 ops/sec
Zipfian (epoch 28, progress 0.14%): UPDATE throughput 0.00 ops/sec, INSERT throughput 0.00 ops/sec, READ throughput 1582.78 ops/sec, SCAN throughput 0.00 ops/sec, READ_MODIFY_WRITE throughput 0.00 ops/sec, total throughput 1582.78 ops/sec
Zipfian (epoch 29, progress 0.14%): UPDATE throughput 0.00 ops/sec, INSERT throughput 0.00 ops/sec, READ throughput 1843.72 ops/sec, SCAN throughput 0.00 ops/sec, READ_MODIFY_WRITE throughput 0.00 ops/sec, total throughput 1843.72 ops/sec
Zipfian (epoch 30, progress 0.15%): UPDATE throughput 0.00 ops/sec, INSERT throughput 0.00 ops/sec, READ throughput 1824.73 ops/sec, SCAN throughput 0.00 ops/sec, READ_MODIFY_WRITE throughput 0.00 ops/sec, total throughput 1824.73 ops/sec
Zipfian (epoch 31, progress 0.15%): UPDATE throughput 0.00 ops/sec, INSERT throughput 0.00 ops/sec, READ throughput 1723.74 ops/sec, SCAN throughput 0.00 ops/sec, READ_MODIFY_WRITE throughput 0.00 ops/sec, total throughput 1723.74 ops/sec
Zipfian (epoch 32, progress 0.16%): UPDATE throughput 0.00 ops/sec, INSERT throughput 0.00 ops/sec, READ throughput 1685.75 ops/sec, SCAN throughput 0.00 ops/sec, READ_MODIFY_WRITE throughput 0.00 ops/sec, total throughput 1685.75 ops/sec
Zipfian (epoch 33, progress 0.16%): UPDATE throughput 0.00 ops/sec, INSERT throughput 0.00 ops/sec, READ throughput 1708.77 ops/sec, SCAN throughput 0.00 ops/sec, READ_MODIFY_WRITE throughput 0.00 ops/sec, total throughput 1708.77 ops/sec
Zipfian (epoch 34, progress 0.17%): UPDATE throughput 0.00 ops/sec, INSERT throughput 0.00 ops/sec, READ throughput 1793.74 ops/sec, SCAN throughput 0.00 ops/sec, READ_MODIFY_WRITE throughput 0.00 ops/sec, total throughput 1793.74 ops/sec
Zipfian (epoch 35, progress 0.17%): UPDATE throughput 0.00 ops/sec, INSERT throughput 0.00 ops/sec, READ throughput 1491.78 ops/sec, SCAN throughput 0.00 ops/sec, READ_MODIFY_WRITE throughput 0.00 ops/sec, total throughput 1491.78 ops/sec
Zipfian (epoch 36, progress 0.17%): UPDATE throughput 0.00 ops/sec, INSERT throughput 0.00 ops/sec, READ throughput 1757.74 ops/sec, SCAN throughput 0.00 ops/sec, READ_MODIFY_WRITE throughput 0.00 ops/sec, total throughput 1757.74 ops/sec
Zipfian (epoch 37, progress 0.18%): UPDATE throughput 0.00 ops/sec, INSERT throughput 0.00 ops/sec, READ throughput 1582.76 ops/sec, SCAN throughput 0.00 ops/sec, READ_MODIFY_WRITE throughput 0.00 ops/sec, total throughput 1582.76 ops/sec
Zipfian (epoch 38, progress 0.18%): UPDATE throughput 0.00 ops/sec, INSERT throughput 0.00 ops/sec, READ throughput 1911.72 ops/sec, SCAN throughput 0.00 ops/sec, READ_MODIFY_WRITE throughput 0.00 ops/sec, total throughput 1911.72 ops/sec
Zipfian (epoch 39, progress 0.19%): UPDATE throughput 0.00 ops/sec, INSERT throughput 0.00 ops/sec, READ throughput 1664.75 ops/sec, SCAN throughput 0.00 ops/sec, READ_MODIFY_WRITE throughput 0.00 ops/sec, total throughput 1664.75 ops/sec
Zipfian (epoch 40, progress 0.19%): UPDATE throughput 0.00 ops/sec, INSERT throughput 0.00 ops/sec, READ throughput 1610.76 ops/sec, SCAN throughput 0.00 ops/sec, READ_MODIFY_WRITE throughput 0.00 ops/sec, total throughput 1610.76 ops/sec
Zipfian (epoch 41, progress 0.20%): UPDATE throughput 0.00 ops/sec, INSERT throughput 0.00 ops/sec, READ throughput 1938.71 ops/sec, SCAN throughput 0.00 ops/sec, READ_MODIFY_WRITE throughput 0.00 ops/sec, total throughput 1938.71 ops/sec
Zipfian (epoch 42, progress 0.20%): UPDATE throughput 0.00 ops/sec, INSERT throughput 0.00 ops/sec, READ throughput 1613.75 ops/sec, SCAN throughput 0.00 ops/sec, READ_MODIFY_WRITE throughput 0.00 ops/sec, total throughput 1613.75 ops/sec
Zipfian (epoch 43, progress 0.20%): UPDATE throughput 0.00 ops/sec, INSERT throughput 0.00 ops/sec, READ throughput 1623.75 ops/sec, SCAN throughput 0.00 ops/sec, READ_MODIFY_WRITE throughput 0.00 ops/sec, total throughput 1623.75 ops/sec
Zipfian (epoch 44, progress 0.21%): UPDATE throughput 0.00 ops/sec, INSERT throughput 0.00 ops/sec, READ throughput 1934.71 ops/sec, SCAN throughput 0.00 ops/sec, READ_MODIFY_WRITE throughput 0.00 ops/sec, total throughput 1934.71 ops/sec
Zipfian (epoch 45, progress 0.21%): UPDATE throughput 0.00 ops/sec, INSERT throughput 0.00 ops/sec, READ throughput 1576.76 ops/sec, SCAN throughput 0.00 ops/sec, READ_MODIFY_WRITE throughput 0.00 ops/sec, total throughput 1576.76 ops/sec
Zipfian (epoch 46, progress 0.22%): UPDATE throughput 0.00 ops/sec, INSERT throughput 0.00 ops/sec, READ throughput 1744.74 ops/sec, SCAN throughput 0.00 ops/sec, READ_MODIFY_WRITE throughput 0.00 ops/sec, total throughput 1744.74 ops/sec
Zipfian (epoch 47, progress 0.22%): UPDATE throughput 0.00 ops/sec, INSERT throughput 0.00 ops/sec, READ throughput 1602.75 ops/sec, SCAN throughput 0.00 ops/sec, READ_MODIFY_WRITE throughput 0.00 ops/sec, total throughput 1602.75 ops/sec
Zipfian (epoch 48, progress 0.23%): UPDATE throughput 0.00 ops/sec, INSERT throughput 0.00 ops/sec, READ throughput 1969.64 ops/sec, SCAN throughput 0.00 ops/sec, READ_MODIFY_WRITE throughput 0.00 ops/sec, total throughput 1969.64 ops/sec
Zipfian (epoch 49, progress 0.23%): UPDATE throughput 0.00 ops/sec, INSERT throughput 0.00 ops/sec, READ throughput 1757.65 ops/sec, SCAN throughput 0.00 ops/sec, READ_MODIFY_WRITE throughput 0.00 ops/sec, total throughput 1757.65 ops/sec
Zipfian (epoch 50, progress 0.24%): UPDATE throughput 0.00 ops/sec, INSERT throughput 0.00 ops/sec, READ throughput 1960.72 ops/sec, SCAN throughput 0.00 ops/sec, READ_MODIFY_WRITE throughput 0.00 ops/sec, total throughput 1960.72 ops/sec
Zipfian (epoch 51, progress 0.24%): UPDATE throughput 0.00 ops/sec, INSERT throughput 0.00 ops/sec, READ throughput 1838.72 ops/sec, SCAN throughput 0.00 ops/sec, READ_MODIFY_WRITE throughput 0.00 ops/sec, total throughput 1838.72 ops/sec
Zipfian (epoch 52, progress 0.25%): UPDATE throughput 0.00 ops/sec, INSERT throughput 0.00 ops/sec, READ throughput 2185.68 ops/sec, SCAN throughput 0.00 ops/sec, READ_MODIFY_WRITE throughput 0.00 ops/sec, total throughput 2185.68 ops/sec
Zipfian (epoch 53, progress 0.25%): UPDATE throughput 0.00 ops/sec, INSERT throughput 0.00 ops/sec, READ throughput 2120.68 ops/sec, SCAN throughput 0.00 ops/sec, READ_MODIFY_WRITE throughput 0.00 ops/sec, total throughput 2120.68 ops/sec
Zipfian (epoch 54, progress 0.26%): UPDATE throughput 0.00 ops/sec, INSERT throughput 0.00 ops/sec, READ throughput 1900.71 ops/sec, SCAN throughput 0.00 ops/sec, READ_MODIFY_WRITE throughput 0.00 ops/sec, total throughput 1900.71 ops/sec
Zipfian (epoch 55, progress 0.26%): UPDATE throughput 0.00 ops/sec, INSERT throughput 0.00 ops/sec, READ throughput 1814.73 ops/sec, SCAN throughput 0.00 ops/sec, READ_MODIFY_WRITE throughput 0.00 ops/sec, total throughput 1814.73 ops/sec
Zipfian (epoch 56, progress 0.27%): UPDATE throughput 0.00 ops/sec, INSERT throughput 0.00 ops/sec, READ throughput 1887.72 ops/sec, SCAN throughput 0.00 ops/sec, READ_MODIFY_WRITE throughput 0.00 ops/sec, total throughput 1887.72 ops/sec
Zipfian (epoch 57, progress 0.27%): UPDATE throughput 0.00 ops/sec, INSERT throughput 0.00 ops/sec, READ throughput 1891.72 ops/sec, SCAN throughput 0.00 ops/sec, READ_MODIFY_WRITE throughput 0.00 ops/sec, total throughput 1891.72 ops/sec
Zipfian (epoch 58, progress 0.27%): UPDATE throughput 0.00 ops/sec, INSERT throughput 0.00 ops/sec, READ throughput 1604.77 ops/sec, SCAN throughput 0.00 ops/sec, READ_MODIFY_WRITE throughput 0.00 ops/sec, total throughput 1604.77 ops/sec
Zipfian (epoch 59, progress 0.28%): UPDATE throughput 0.00 ops/sec, INSERT throughput 0.00 ops/sec, READ throughput 1731.72 ops/sec, SCAN throughput 0.00 ops/sec, READ_MODIFY_WRITE throughput 0.00 ops/sec, total throughput 1731.72 ops/sec
Zipfian (epoch 60, progress 0.28%): UPDATE throughput 0.00 ops/sec, INSERT throughput 0.00 ops/sec, READ throughput 1737.72 ops/sec, SCAN throughput 0.00 ops/sec, READ_MODIFY_WRITE throughput 0.00 ops/sec, total throughput 1737.72 ops/sec
Zipfian (epoch 61, progress 0.29%): UPDATE throughput 0.00 ops/sec, INSERT throughput 0.00 ops/sec, READ throughput 1862.73 ops/sec, SCAN throughput 0.00 ops/sec, READ_MODIFY_WRITE throughput 0.00 ops/sec, total throughput 1862.73 ops/sec
Zipfian (epoch 62, progress 0.29%): UPDATE throughput 0.00 ops/sec, INSERT throughput 0.00 ops/sec, READ throughput 1875.73 ops/sec, SCAN throughput 0.00 ops/sec, READ_MODIFY_WRITE throughput 0.00 ops/sec, total throughput 1875.73 ops/sec
Zipfian (epoch 63, progress 0.30%): UPDATE throughput 0.00 ops/sec, INSERT throughput 0.00 ops/sec, READ throughput 1787.73 ops/sec, SCAN throughput 0.00 ops/sec, READ_MODIFY_WRITE throughput 0.00 ops/sec, total throughput 1787.73 ops/sec
Zipfian (epoch 64, progress 0.30%): UPDATE throughput 0.00 ops/sec, INSERT throughput 0.00 ops/sec, READ throughput 1749.75 ops/sec, SCAN throughput 0.00 ops/sec, READ_MODIFY_WRITE throughput 0.00 ops/sec, total throughput 1749.75 ops/sec
Zipfian (epoch 65, progress 0.31%): UPDATE throughput 0.00 ops/sec, INSERT throughput 0.00 ops/sec, READ throughput 1941.71 ops/sec, SCAN throughput 0.00 ops/sec, READ_MODIFY_WRITE throughput 0.00 ops/sec, total throughput 1941.71 ops/sec
Zipfian (epoch 66, progress 0.31%): UPDATE throughput 0.00 ops/sec, INSERT throughput 0.00 ops/sec, READ throughput 1550.78 ops/sec, SCAN throughput 0.00 ops/sec, READ_MODIFY_WRITE throughput 0.00 ops/sec, total throughput 1550.78 ops/sec
Zipfian (epoch 67, progress 0.31%): UPDATE throughput 0.00 ops/sec, INSERT throughput 0.00 ops/sec, READ throughput 1367.80 ops/sec, SCAN throughput 0.00 ops/sec, READ_MODIFY_WRITE throughput 0.00 ops/sec, total throughput 1367.80 ops/sec
Zipfian (epoch 68, progress 0.32%): UPDATE throughput 0.00 ops/sec, INSERT throughput 0.00 ops/sec, READ throughput 1908.73 ops/sec, SCAN throughput 0.00 ops/sec, READ_MODIFY_WRITE throughput 0.00 ops/sec, total throughput 1908.73 ops/sec
Zipfian (epoch 69, progress 0.32%): UPDATE throughput 0.00 ops/sec, INSERT throughput 0.00 ops/sec, READ throughput 1511.78 ops/sec, SCAN throughput 0.00 ops/sec, READ_MODIFY_WRITE throughput 0.00 ops/sec, total throughput 1511.78 ops/sec
Zipfian (epoch 70, progress 0.33%): UPDATE throughput 0.00 ops/sec, INSERT throughput 0.00 ops/sec, READ throughput 1541.78 ops/sec, SCAN throughput 0.00 ops/sec, READ_MODIFY_WRITE throughput 0.00 ops/sec, total throughput 1541.78 ops/sec
Zipfian (epoch 71, progress 0.33%): UPDATE throughput 0.00 ops/sec, INSERT throughput 0.00 ops/sec, READ throughput 1550.76 ops/sec, SCAN throughput 0.00 ops/sec, READ_MODIFY_WRITE throughput 0.00 ops/sec, total throughput 1550.76 ops/sec
Zipfian (epoch 72, progress 0.33%): UPDATE throughput 0.00 ops/sec, INSERT throughput 0.00 ops/sec, READ throughput 1863.73 ops/sec, SCAN throughput 0.00 ops/sec, READ_MODIFY_WRITE throughput 0.00 ops/sec, total throughput 1863.73 ops/sec
Zipfian (epoch 73, progress 0.34%): UPDATE throughput 0.00 ops/sec, INSERT throughput 0.00 ops/sec, READ throughput 1832.72 ops/sec, SCAN throughput 0.00 ops/sec, READ_MODIFY_WRITE throughput 0.00 ops/sec, total throughput 1832.72 ops/sec
Zipfian (epoch 74, progress 0.34%): UPDATE throughput 0.00 ops/sec, INSERT throughput 0.00 ops/sec, READ throughput 1731.75 ops/sec, SCAN throughput 0.00 ops/sec, READ_MODIFY_WRITE throughput 0.00 ops/sec, total throughput 1731.75 ops/sec
Zipfian (epoch 75, progress 0.35%): UPDATE throughput 0.00 ops/sec, INSERT throughput 0.00 ops/sec, READ throughput 1827.73 ops/sec, SCAN throughput 0.00 ops/sec, READ_MODIFY_WRITE throughput 0.00 ops/sec, total throughput 1827.73 ops/sec
Zipfian (epoch 76, progress 0.35%): UPDATE throughput 0.00 ops/sec, INSERT throughput 0.00 ops/sec, READ throughput 1615.77 ops/sec, SCAN throughput 0.00 ops/sec, READ_MODIFY_WRITE throughput 0.00 ops/sec, total throughput 1615.77 ops/sec
Zipfian (epoch 77, progress 0.36%): UPDATE throughput 0.00 ops/sec, INSERT throughput 0.00 ops/sec, READ throughput 1872.72 ops/sec, SCAN throughput 0.00 ops/sec, READ_MODIFY_WRITE throughput 0.00 ops/sec, total throughput 1872.72 ops/sec
Zipfian (epoch 78, progress 0.36%): UPDATE throughput 0.00 ops/sec, INSERT throughput 0.00 ops/sec, READ throughput 1750.75 ops/sec, SCAN throughput 0.00 ops/sec, READ_MODIFY_WRITE throughput 0.00 ops/sec, total throughput 1750.75 ops/sec
Zipfian (epoch 79, progress 0.37%): UPDATE throughput 0.00 ops/sec, INSERT throughput 0.00 ops/sec, READ throughput 1872.72 ops/sec, SCAN throughput 0.00 ops/sec, READ_MODIFY_WRITE throughput 0.00 ops/sec, total throughput 1872.72 ops/sec
Zipfian (epoch 80, progress 0.37%): UPDATE throughput 0.00 ops/sec, INSERT throughput 0.00 ops/sec, READ throughput 1619.77 ops/sec, SCAN throughput 0.00 ops/sec, READ_MODIFY_WRITE throughput 0.00 ops/sec, total throughput 1619.77 ops/sec
Zipfian (epoch 81, progress 0.37%): UPDATE throughput 0.00 ops/sec, INSERT throughput 0.00 ops/sec, READ throughput 1784.73 ops/sec, SCAN throughput 0.00 ops/sec, READ_MODIFY_WRITE throughput 0.00 ops/sec, total throughput 1784.73 ops/sec
Zipfian (epoch 82, progress 0.38%): UPDATE throughput 0.00 ops/sec, INSERT throughput 0.00 ops/sec, READ throughput 1609.78 ops/sec, SCAN throughput 0.00 ops/sec, READ_MODIFY_WRITE throughput 0.00 ops/sec, total throughput 1609.78 ops/sec
Zipfian (epoch 83, progress 0.38%): UPDATE throughput 0.00 ops/sec, INSERT throughput 0.00 ops/sec, READ throughput 1621.75 ops/sec, SCAN throughput 0.00 ops/sec, READ_MODIFY_WRITE throughput 0.00 ops/sec, total throughput 1621.75 ops/sec
Zipfian (epoch 84, progress 0.39%): UPDATE throughput 0.00 ops/sec, INSERT throughput 0.00 ops/sec, READ throughput 1715.75 ops/sec, SCAN throughput 0.00 ops/sec, READ_MODIFY_WRITE throughput 0.00 ops/sec, total throughput 1715.75 ops/sec
Zipfian (epoch 85, progress 0.39%): UPDATE throughput 0.00 ops/sec, INSERT throughput 0.00 ops/sec, READ throughput 1505.77 ops/sec, SCAN throughput 0.00 ops/sec, READ_MODIFY_WRITE throughput 0.00 ops/sec, total throughput 1505.77 ops/sec
Zipfian (epoch 86, progress 0.39%): UPDATE throughput 0.00 ops/sec, INSERT throughput 0.00 ops/sec, READ throughput 1704.76 ops/sec, SCAN throughput 0.00 ops/sec, READ_MODIFY_WRITE throughput 0.00 ops/sec, total throughput 1704.76 ops/sec
Zipfian (epoch 87, progress 0.40%): UPDATE throughput 0.00 ops/sec, INSERT throughput 0.00 ops/sec, READ throughput 1917.71 ops/sec, SCAN throughput 0.00 ops/sec, READ_MODIFY_WRITE throughput 0.00 ops/sec, total throughput 1917.71 ops/sec
Zipfian (epoch 88, progress 0.40%): UPDATE throughput 0.00 ops/sec, INSERT throughput 0.00 ops/sec, READ throughput 1849.75 ops/sec, SCAN throughput 0.00 ops/sec, READ_MODIFY_WRITE throughput 0.00 ops/sec, total throughput 1849.75 ops/sec
Zipfian (epoch 89, progress 0.41%): UPDATE throughput 0.00 ops/sec, INSERT throughput 0.00 ops/sec, READ throughput 1756.73 ops/sec, SCAN throughput 0.00 ops/sec, READ_MODIFY_WRITE throughput 0.00 ops/sec, total throughput 1756.73 ops/sec
Zipfian (epoch 90, progress 0.41%): UPDATE throughput 0.00 ops/sec, INSERT throughput 0.00 ops/sec, READ throughput 1722.77 ops/sec, SCAN throughput 0.00 ops/sec, READ_MODIFY_WRITE throughput 0.00 ops/sec, total throughput 1722.77 ops/sec
Zipfian (epoch 91, progress 0.42%): UPDATE throughput 0.00 ops/sec, INSERT throughput 0.00 ops/sec, READ throughput 1522.77 ops/sec, SCAN throughput 0.00 ops/sec, READ_MODIFY_WRITE throughput 0.00 ops/sec, total throughput 1522.77 ops/sec
Zipfian (epoch 92, progress 0.42%): UPDATE throughput 0.00 ops/sec, INSERT throughput 0.00 ops/sec, READ throughput 1668.77 ops/sec, SCAN throughput 0.00 ops/sec, READ_MODIFY_WRITE throughput 0.00 ops/sec, total throughput 1668.77 ops/sec
Zipfian (epoch 93, progress 0.42%): UPDATE throughput 0.00 ops/sec, INSERT throughput 0.00 ops/sec, READ throughput 1782.73 ops/sec, SCAN throughput 0.00 ops/sec, READ_MODIFY_WRITE throughput 0.00 ops/sec, total throughput 1782.73 ops/sec
Zipfian (epoch 94, progress 0.43%): UPDATE throughput 0.00 ops/sec, INSERT throughput 0.00 ops/sec, READ throughput 1667.75 ops/sec, SCAN throughput 0.00 ops/sec, READ_MODIFY_WRITE throughput 0.00 ops/sec, total throughput 1667.75 ops/sec
Zipfian (epoch 95, progress 0.43%): UPDATE throughput 0.00 ops/sec, INSERT throughput 0.00 ops/sec, READ throughput 1682.74 ops/sec, SCAN throughput 0.00 ops/sec, READ_MODIFY_WRITE throughput 0.00 ops/sec, total throughput 1682.74 ops/sec
Zipfian (epoch 96, progress 0.44%): UPDATE throughput 0.00 ops/sec, INSERT throughput 0.00 ops/sec, READ throughput 1031.83 ops/sec, SCAN throughput 0.00 ops/sec, READ_MODIFY_WRITE throughput 0.00 ops/sec, total throughput 1031.83 ops/sec
Zipfian (epoch 97, progress 0.44%): UPDATE throughput 0.00 ops/sec, INSERT throughput 0.00 ops/sec, READ throughput 1056.84 ops/sec, SCAN throughput 0.00 ops/sec, READ_MODIFY_WRITE throughput 0.00 ops/sec, total throughput 1056.84 ops/sec
Zipfian (epoch 98, progress 0.44%): UPDATE throughput 0.00 ops/sec, INSERT throughput 0.00 ops/sec, READ throughput 1056.84 ops/sec, SCAN throughput 0.00 ops/sec, READ_MODIFY_WRITE throughput 0.00 ops/sec, total throughput 1056.84 ops/sec
Zipfian (epoch 99, progress 0.44%): UPDATE throughput 0.00 ops/sec, INSERT throughput 0.00 ops/sec, READ throughput 1268.81 ops/sec, SCAN throughput 0.00 ops/sec, READ_MODIFY_WRITE throughput 0.00 ops/sec, total throughput 1268.81 ops/sec
Zipfian (epoch 100, progress 0.45%): UPDATE throughput 0.00 ops/sec, INSERT throughput 0.00 ops/sec, READ throughput 1598.76 ops/sec, SCAN throughput 0.00 ops/sec, READ_MODIFY_WRITE throughput 0.00 ops/sec, total throughput 1598.76 ops/sec
Zipfian (epoch 101, progress 0.45%): UPDATE throughput 0.00 ops/sec, INSERT throughput 0.00 ops/sec, READ throughput 1424.78 ops/sec, SCAN throughput 0.00 ops/sec, READ_MODIFY_WRITE throughput 0.00 ops/sec, total throughput 1424.78 ops/sec
Zipfian (epoch 102, progress 0.46%): UPDATE throughput 0.00 ops/sec, INSERT throughput 0.00 ops/sec, READ throughput 1688.74 ops/sec, SCAN throughput 0.00 ops/sec, READ_MODIFY_WRITE throughput 0.00 ops/sec, total throughput 1688.74 ops/sec
Zipfian (epoch 103, progress 0.46%): UPDATE throughput 0.00 ops/sec, INSERT throughput 0.00 ops/sec, READ throughput 1839.72 ops/sec, SCAN throughput 0.00 ops/sec, READ_MODIFY_WRITE throughput 0.00 ops/sec, total throughput 1839.72 ops/sec
Zipfian (epoch 104, progress 0.46%): UPDATE throughput 0.00 ops/sec, INSERT throughput 0.00 ops/sec, READ throughput 1753.72 ops/sec, SCAN throughput 0.00 ops/sec, READ_MODIFY_WRITE throughput 0.00 ops/sec, total throughput 1753.72 ops/sec
Zipfian (epoch 105, progress 0.47%): UPDATE throughput 0.00 ops/sec, INSERT throughput 0.00 ops/sec, READ throughput 1921.71 ops/sec, SCAN throughput 0.00 ops/sec, READ_MODIFY_WRITE throughput 0.00 ops/sec, total throughput 1921.71 ops/sec
Zipfian (epoch 106, progress 0.47%): UPDATE throughput 0.00 ops/sec, INSERT throughput 0.00 ops/sec, READ throughput 1914.71 ops/sec, SCAN throughput 0.00 ops/sec, READ_MODIFY_WRITE throughput 0.00 ops/sec, total throughput 1914.71 ops/sec
Zipfian (epoch 107, progress 0.48%): UPDATE throughput 0.00 ops/sec, INSERT throughput 0.00 ops/sec, READ throughput 2202.67 ops/sec, SCAN throughput 0.00 ops/sec, READ_MODIFY_WRITE throughput 0.00 ops/sec, total throughput 2202.67 ops/sec
Zipfian (epoch 108, progress 0.49%): UPDATE throughput 0.00 ops/sec, INSERT throughput 0.00 ops/sec, READ throughput 2158.68 ops/sec, SCAN throughput 0.00 ops/sec, READ_MODIFY_WRITE throughput 0.00 ops/sec, total throughput 2158.68 ops/sec
Zipfian (epoch 109, progress 0.49%): UPDATE throughput 0.00 ops/sec, INSERT throughput 0.00 ops/sec, READ throughput 2385.66 ops/sec, SCAN throughput 0.00 ops/sec, READ_MODIFY_WRITE throughput 0.00 ops/sec, total throughput 2385.66 ops/sec
Zipfian (epoch 110, progress 0.50%): UPDATE throughput 0.00 ops/sec, INSERT throughput 0.00 ops/sec, READ throughput 2630.60 ops/sec, SCAN throughput 0.00 ops/sec, READ_MODIFY_WRITE throughput 0.00 ops/sec, total throughput 2630.60 ops/sec
Zipfian (epoch 111, progress 0.50%): UPDATE throughput 0.00 ops/sec, INSERT throughput 0.00 ops/sec, READ throughput 2054.70 ops/sec, SCAN throughput 0.00 ops/sec, READ_MODIFY_WRITE throughput 0.00 ops/sec, total throughput 2054.70 ops/sec
Zipfian (epoch 112, progress 0.51%): UPDATE throughput 0.00 ops/sec, INSERT throughput 0.00 ops/sec, READ throughput 2292.66 ops/sec, SCAN throughput 0.00 ops/sec, READ_MODIFY_WRITE throughput 0.00 ops/sec, total throughput 2292.66 ops/sec
Zipfian (epoch 113, progress 0.51%): UPDATE throughput 0.00 ops/sec, INSERT throughput 0.00 ops/sec, READ throughput 2294.66 ops/sec, SCAN throughput 0.00 ops/sec, READ_MODIFY_WRITE throughput 0.00 ops/sec, total throughput 2294.66 ops/sec
Zipfian (epoch 114, progress 0.52%): UPDATE throughput 0.00 ops/sec, INSERT throughput 0.00 ops/sec, READ throughput 2540.61 ops/sec, SCAN throughput 0.00 ops/sec, READ_MODIFY_WRITE throughput 0.00 ops/sec, total throughput 2540.61 ops/sec
Zipfian (epoch 115, progress 0.53%): UPDATE throughput 0.00 ops/sec, INSERT throughput 0.00 ops/sec, READ throughput 2277.67 ops/sec, SCAN throughput 0.00 ops/sec, READ_MODIFY_WRITE throughput 0.00 ops/sec, total throughput 2277.67 ops/sec
Zipfian (epoch 116, progress 0.53%): UPDATE throughput 0.00 ops/sec, INSERT throughput 0.00 ops/sec, READ throughput 2311.65 ops/sec, SCAN throughput 0.00 ops/sec, READ_MODIFY_WRITE throughput 0.00 ops/sec, total throughput 2311.65 ops/sec
Zipfian (epoch 117, progress 0.54%): UPDATE throughput 0.00 ops/sec, INSERT throughput 0.00 ops/sec, READ throughput 2310.66 ops/sec, SCAN throughput 0.00 ops/sec, READ_MODIFY_WRITE throughput 0.00 ops/sec, total throughput 2310.66 ops/sec
Zipfian (epoch 118, progress 0.54%): UPDATE throughput 0.00 ops/sec, INSERT throughput 0.00 ops/sec, READ throughput 2388.64 ops/sec, SCAN throughput 0.00 ops/sec, READ_MODIFY_WRITE throughput 0.00 ops/sec, total throughput 2388.64 ops/sec
Zipfian (epoch 119, progress 0.55%): UPDATE throughput 0.00 ops/sec, INSERT throughput 0.00 ops/sec, READ throughput 2320.67 ops/sec, SCAN throughput 0.00 ops/sec, READ_MODIFY_WRITE throughput 0.00 ops/sec, total throughput 2320.67 ops/sec
Zipfian (epoch 120, progress 0.56%): UPDATE throughput 0.00 ops/sec, INSERT throughput 0.00 ops/sec, READ throughput 2519.62 ops/sec, SCAN throughput 0.00 ops/sec, READ_MODIFY_WRITE throughput 0.00 ops/sec, total throughput 2519.62 ops/sec
time's up!
Zipfian: calculating overall performance metrics... (might take a while)
Zipfian overall: UPDATE throughput 0.00 ops/sec, INSERT throughput 0.00 ops/sec, READ throughput 1853.38 ops/sec, SCAN throughput 0.00 ops/sec, READ_MODIFY_WRITE throughput 0.00 ops/sec, total throughput 1853.38 ops/sec
Zipfian overall: UPDATE average latency 0.00 ns, UPDATE p99 latency 0.00 ns, INSERT average latency 0.00 ns, INSERT p99 latency 0.00 ns, READ average latency 2151210.72 ns, READ p99 latency 31022564.43 ns, SCAN average latency 0.00 ns, SCAN p99 latency 0.00 ns, READ_MODIFY_WRITE average latency 0.00 ns, READ_MODIFY_WRITE p99 latency 0.00 ns

--- writer_slow ---
Uniform (Warm-Up) (epoch 0, progress 0.00%): UPDATE throughput 0.00 ops/sec, INSERT throughput 0.00 ops/sec, READ throughput 0.00 ops/sec, SCAN throughput 0.00 ops/sec, READ_MODIFY_WRITE throughput 0.00 ops/sec, total throughput 0.00 ops/sec
Uniform (Warm-Up) (epoch 1, progress 0.00%): UPDATE throughput 61.99 ops/sec, INSERT throughput 0.00 ops/sec, READ throughput 71.99 ops/sec, SCAN throughput 0.00 ops/sec, READ_MODIFY_WRITE throughput 0.00 ops/sec, total throughput 133.98 ops/sec
Uniform (Warm-Up) (epoch 2, progress 0.00%): UPDATE throughput 108.99 ops/sec, INSERT throughput 0.00 ops/sec, READ throughput 124.98 ops/sec, SCAN throughput 0.00 ops/sec, READ_MODIFY_WRITE throughput 0.00 ops/sec, total throughput 233.97 ops/sec
Uniform (Warm-Up) (epoch 3, progress 0.00%): UPDATE throughput 115.98 ops/sec, INSERT throughput 0.00 ops/sec, READ throughput 132.98 ops/sec, SCAN throughput 0.00 ops/sec, READ_MODIFY_WRITE throughput 0.00 ops/sec, total throughput 248.97 ops/sec
Uniform (Warm-Up) (epoch 4, progress 0.00%): UPDATE throughput 233.97 ops/sec, INSERT throughput 0.00 ops/sec, READ throughput 220.97 ops/sec, SCAN throughput 0.00 ops/sec, READ_MODIFY_WRITE throughput 0.00 ops/sec, total throughput 454.94 ops/sec
Uniform (Warm-Up) (epoch 5, progress 0.00%): UPDATE throughput 172.98 ops/sec, INSERT throughput 0.00 ops/sec, READ throughput 176.98 ops/sec, SCAN throughput 0.00 ops/sec, READ_MODIFY_WRITE throughput 0.00 ops/sec, total throughput 349.95 ops/sec
Uniform (Warm-Up) (epoch 6, progress 0.00%): UPDATE throughput 208.97 ops/sec, INSERT throughput 0.00 ops/sec, READ throughput 219.97 ops/sec, SCAN throughput 0.00 ops/sec, READ_MODIFY_WRITE throughput 0.00 ops/sec, total throughput 428.94 ops/sec
Uniform (Warm-Up) (epoch 7, progress 0.01%): UPDATE throughput 203.97 ops/sec, INSERT throughput 0.00 ops/sec, READ throughput 208.97 ops/sec, SCAN throughput 0.00 ops/sec, READ_MODIFY_WRITE throughput 0.00 ops/sec, total throughput 412.94 ops/sec
Uniform (Warm-Up) (epoch 8, progress 0.01%): UPDATE throughput 250.96 ops/sec, INSERT throughput 0.00 ops/sec, READ throughput 234.97 ops/sec, SCAN throughput 0.00 ops/sec, READ_MODIFY_WRITE throughput 0.00 ops/sec, total throughput 485.93 ops/sec
Uniform (Warm-Up) (epoch 9, progress 0.01%): UPDATE throughput 238.97 ops/sec, INSERT throughput 0.00 ops/sec, READ throughput 231.97 ops/sec, SCAN throughput 0.00 ops/sec, READ_MODIFY_WRITE throughput 0.00 ops/sec, total throughput 470.94 ops/sec
Uniform (Warm-Up) (epoch 10, progress 0.01%): UPDATE throughput 283.96 ops/sec, INSERT throughput 0.00 ops/sec, READ throughput 267.96 ops/sec, SCAN throughput 0.00 ops/sec, READ_MODIFY_WRITE throughput 0.00 ops/sec, total throughput 551.92 ops/sec
Uniform (Warm-Up) (epoch 11, progress 0.01%): UPDATE throughput 220.97 ops/sec, INSERT throughput 0.00 ops/sec, READ throughput 257.96 ops/sec, SCAN throughput 0.00 ops/sec, READ_MODIFY_WRITE throughput 0.00 ops/sec, total throughput 478.93 ops/sec
Uniform (Warm-Up) (epoch 12, progress 0.01%): UPDATE throughput 234.97 ops/sec, INSERT throughput 0.00 ops/sec, READ throughput 241.97 ops/sec, SCAN throughput 0.00 ops/sec, READ_MODIFY_WRITE throughput 0.00 ops/sec, total throughput 476.93 ops/sec
Uniform (Warm-Up) (epoch 13, progress 0.01%): UPDATE throughput 243.96 ops/sec, INSERT throughput 0.00 ops/sec, READ throughput 250.96 ops/sec, SCAN throughput 0.00 ops/sec, READ_MODIFY_WRITE throughput 0.00 ops/sec, total throughput 494.93 ops/sec
Uniform (Warm-Up) (epoch 14, progress 0.01%): UPDATE throughput 172.97 ops/sec, INSERT throughput 0.00 ops/sec, READ throughput 183.97 ops/sec, SCAN throughput 0.00 ops/sec, READ_MODIFY_WRITE throughput 0.00 ops/sec, total throughput 356.95 ops/sec
Uniform (Warm-Up) (epoch 15, progress 0.01%): UPDATE throughput 177.97 ops/sec, INSERT throughput 0.00 ops/sec, READ throughput 198.97 ops/sec, SCAN throughput 0.00 ops/sec, READ_MODIFY_WRITE throughput 0.00 ops/sec, total throughput 376.95 ops/sec
Uniform (Warm-Up) (epoch 16, progress 0.02%): UPDATE throughput 153.98 ops/sec, INSERT throughput 0.00 ops/sec, READ throughput 161.98 ops/sec, SCAN throughput 0.00 ops/sec, READ_MODIFY_WRITE throughput 0.00 ops/sec, total throughput 315.95 ops/sec
Uniform (Warm-Up) (epoch 17, progress 0.02%): UPDATE throughput 201.97 ops/sec, INSERT throughput 0.00 ops/sec, READ throughput 194.97 ops/sec, SCAN throughput 0.00 ops/sec, READ_MODIFY_WRITE throughput 0.00 ops/sec, total throughput 396.94 ops/sec
Uniform (Warm-Up) (epoch 18, progress 0.02%): UPDATE throughput 178.97 ops/sec, INSERT throughput 0.00 ops/sec, READ throughput 186.97 ops/sec, SCAN throughput 0.00 ops/sec, READ_MODIFY_WRITE throughput 0.00 ops/sec, total throughput 365.94 ops/sec
Uniform (Warm-Up) (epoch 19, progress 0.02%): UPDATE throughput 201.97 ops/sec, INSERT throughput 0.00 ops/sec, READ throughput 219.97 ops/sec, SCAN throughput 0.00 ops/sec, READ_MODIFY_WRITE throughput 0.00 ops/sec, total throughput 421.94 ops/sec
Uniform (Warm-Up) (epoch 20, progress 0.02%): UPDATE throughput 236.97 ops/sec, INSERT throughput 0.00 ops/sec, READ throughput 211.97 ops/sec, SCAN throughput 0.00 ops/sec, READ_MODIFY_WRITE throughput 0.00 ops/sec, total throughput 448.94 ops/sec
Uniform (Warm-Up) (epoch 21, progress 0.02%): UPDATE throughput 203.97 ops/sec, INSERT throughput 0.00 ops/sec, READ throughput 218.97 ops/sec, SCAN throughput 0.00 ops/sec, READ_MODIFY_WRITE throughput 0.00 ops/sec, total throughput 422.94 ops/sec
Uniform (Warm-Up) (epoch 22, progress 0.02%): UPDATE throughput 218.96 ops/sec, INSERT throughput 0.00 ops/sec, READ throughput 225.96 ops/sec, SCAN throughput 0.00 ops/sec, READ_MODIFY_WRITE throughput 0.00 ops/sec, total throughput 444.93 ops/sec
Uniform (Warm-Up) (epoch 23, progress 0.02%): UPDATE throughput 253.96 ops/sec, INSERT throughput 0.00 ops/sec, READ throughput 250.96 ops/sec, SCAN throughput 0.00 ops/sec, READ_MODIFY_WRITE throughput 0.00 ops/sec, total throughput 504.93 ops/sec
Uniform (Warm-Up) (epoch 24, progress 0.02%): UPDATE throughput 199.97 ops/sec, INSERT throughput 0.00 ops/sec, READ throughput 229.97 ops/sec, SCAN throughput 0.00 ops/sec, READ_MODIFY_WRITE throughput 0.00 ops/sec, total throughput 429.94 ops/sec
Uniform (Warm-Up) (epoch 25, progress 0.03%): UPDATE throughput 240.97 ops/sec, INSERT throughput 0.00 ops/sec, READ throughput 234.97 ops/sec, SCAN throughput 0.00 ops/sec, READ_MODIFY_WRITE throughput 0.00 ops/sec, total throughput 475.93 ops/sec
Uniform (Warm-Up) (epoch 26, progress 0.03%): UPDATE throughput 215.97 ops/sec, INSERT throughput 0.00 ops/sec, READ throughput 234.96 ops/sec, SCAN throughput 0.00 ops/sec, READ_MODIFY_WRITE throughput 0.00 ops/sec, total throughput 450.93 ops/sec
Uniform (Warm-Up) (epoch 27, progress 0.03%): UPDATE throughput 315.95 ops/sec, INSERT throughput 0.00 ops/sec, READ throughput 296.96 ops/sec, SCAN throughput 0.00 ops/sec, READ_MODIFY_WRITE throughput 0.00 ops/sec, total throughput 612.91 ops/sec
Uniform (Warm-Up) (epoch 28, progress 0.03%): UPDATE throughput 228.96 ops/sec, INSERT throughput 0.00 ops/sec, READ throughput 270.96 ops/sec, SCAN throughput 0.00 ops/sec, READ_MODIFY_WRITE throughput 0.00 ops/sec, total throughput 499.92 ops/sec
Uniform (Warm-Up) (epoch 29, progress 0.03%): UPDATE throughput 235.97 ops/sec, INSERT throughput 0.00 ops/sec, READ throughput 242.96 ops/sec, SCAN throughput 0.00 ops/sec, READ_MODIFY_WRITE throughput 0.00 ops/sec, total throughput 478.93 ops/sec
Uniform (Warm-Up) (epoch 30, progress 0.03%): UPDATE throughput 291.96 ops/sec, INSERT throughput 0.00 ops/sec, READ throughput 273.96 ops/sec, SCAN throughput 0.00 ops/sec, READ_MODIFY_WRITE throughput 0.00 ops/sec, total throughput 565.91 ops/sec
time's up!
Uniform (Warm-Up): calculating overall performance metrics... (might take a while)
Uniform (Warm-Up) overall: UPDATE throughput 210.38 ops/sec, INSERT throughput 0.00 ops/sec, READ throughput 216.08 ops/sec, SCAN throughput 0.00 ops/sec, READ_MODIFY_WRITE throughput 0.00 ops/sec, total throughput 426.46 ops/sec
Uniform (Warm-Up) overall: UPDATE average latency 199227.13 ns, UPDATE p99 latency 351480.65 ns, INSERT average latency 0.00 ns, INSERT p99 latency 0.00 ns, READ average latency 18220008.16 ns, READ p99 latency 82137650.04 ns, SCAN average latency 0.00 ns, SCAN p99 latency 0.00 ns, READ_MODIFY_WRITE average latency 0.00 ns, READ_MODIFY_WRITE p99 latency 0.00 ns
Uniform (epoch 0, progress 0.00%): UPDATE throughput 0.00 ops/sec, INSERT throughput 0.00 ops/sec, READ throughput 0.00 ops/sec, SCAN throughput 0.00 ops/sec, READ_MODIFY_WRITE throughput 0.00 ops/sec, total throughput 0.00 ops/sec
Uniform (epoch 1, progress 0.01%): UPDATE throughput 1934.73 ops/sec, INSERT throughput 0.00 ops/sec, READ throughput 1951.73 ops/sec, SCAN throughput 0.00 ops/sec, READ_MODIFY_WRITE throughput 0.00 ops/sec, total throughput 3886.46 ops/sec
Uniform (epoch 2, progress 0.01%): UPDATE throughput 850.88 ops/sec, INSERT throughput 0.00 ops/sec, READ throughput 911.87 ops/sec, SCAN throughput 0.00 ops/sec, READ_MODIFY_WRITE throughput 0.00 ops/sec, total throughput 1762.75 ops/sec
Uniform (epoch 3, progress 0.01%): UPDATE throughput 0.00 ops/sec, INSERT throughput 0.00 ops/sec, READ throughput 0.00 ops/sec, SCAN throughput 0.00 ops/sec, READ_MODIFY_WRITE throughput 0.00 ops/sec, total throughput 0.00 ops/sec
Uniform (epoch 4, progress 0.02%): UPDATE throughput 1011.86 ops/sec, INSERT throughput 0.00 ops/sec, READ throughput 1055.85 ops/sec, SCAN throughput 0.00 ops/sec, READ_MODIFY_WRITE throughput 0.00 ops/sec, total throughput 2067.71 ops/sec
Uniform (epoch 5, progress 0.02%): UPDATE throughput 642.91 ops/sec, INSERT throughput 0.00 ops/sec, READ throughput 646.91 ops/sec, SCAN throughput 0.00 ops/sec, READ_MODIFY_WRITE throughput 0.00 ops/sec, total throughput 1289.82 ops/sec
Uniform (epoch 6, progress 0.02%): UPDATE throughput 369.95 ops/sec, INSERT throughput 0.00 ops/sec, READ throughput 387.94 ops/sec, SCAN throughput 0.00 ops/sec, READ_MODIFY_WRITE throughput 0.00 ops/sec, total throughput 757.89 ops/sec
Uniform (epoch 7, progress 0.02%): UPDATE throughput 0.00 ops/sec, INSERT throughput 0.00 ops/sec, READ throughput 0.00 ops/sec, SCAN throughput 0.00 ops/sec, READ_MODIFY_WRITE throughput 0.00 ops/sec, total throughput 0.00 ops/sec
Uniform (epoch 8, progress 0.03%): UPDATE throughput 1012.86 ops/sec, INSERT throughput 0.00 ops/sec, READ throughput 1051.85 ops/sec, SCAN throughput 0.00 ops/sec, READ_MODIFY_WRITE throughput 0.00 ops/sec, total throughput 2064.72 ops/sec
Uniform (epoch 9, progress 0.03%): UPDATE throughput 526.92 ops/sec, INSERT throughput 0.00 ops/sec, READ throughput 518.92 ops/sec, SCAN throughput 0.00 ops/sec, READ_MODIFY_WRITE throughput 0.00 ops/sec, total throughput 1045.84 ops/sec
Uniform (epoch 10, progress 0.03%): UPDATE throughput 421.94 ops/sec, INSERT throughput 0.00 ops/sec, READ throughput 340.95 ops/sec, SCAN throughput 0.00 ops/sec, READ_MODIFY_WRITE throughput 0.00 ops/sec, total throughput 762.89 ops/sec
Uniform (epoch 11, progress 0.03%): UPDATE throughput 61.99 ops/sec, INSERT throughput 0.00 ops/sec, READ throughput 75.99 ops/sec, SCAN throughput 0.00 ops/sec, READ_MODIFY_WRITE throughput 0.00 ops/sec, total throughput 137.98 ops/sec
Uniform (epoch 12, progress 0.03%): UPDATE throughput 0.00 ops/sec, INSERT throughput 0.00 ops/sec, READ throughput 0.00 ops/sec, SCAN throughput 0.00 ops/sec, READ_MODIFY_WRITE throughput 0.00 ops/sec, total throughput 0.00 ops/sec
Uniform (epoch 13, progress 0.03%): UPDATE throughput 0.00 ops/sec, INSERT throughput 0.00 ops/sec, READ throughput 0.00 ops/sec, SCAN throughput 0.00 ops/sec, READ_MODIFY_WRITE throughput 0.00 ops/sec, total throughput 0.00 ops/sec
Uniform (epoch 14, progress 0.03%): UPDATE throughput 0.00 ops/sec, INSERT throughput 0.00 ops/sec, READ throughput 0.00 ops/sec, SCAN throughput 0.00 ops/sec, READ_MODIFY_WRITE throughput 0.00 ops/sec, total throughput 0.00 ops/sec
Uniform (epoch 15, progress 0.04%): UPDATE throughput 393.95 ops/sec, INSERT throughput 0.00 ops/sec, READ throughput 405.95 ops/sec, SCAN throughput 0.00 ops/sec, READ_MODIFY_WRITE throughput 0.00 ops/sec, total throughput 799.89 ops/sec
Uniform (epoch 16, progress 0.04%): UPDATE throughput 516.93 ops/sec, INSERT throughput 0.00 ops/sec, READ throughput 506.93 ops/sec, SCAN throughput 0.00 ops/sec, READ_MODIFY_WRITE throughput 0.00 ops/sec, total throughput 1023.86 ops/sec
Uniform (epoch 17, progress 0.04%): UPDATE throughput 488.93 ops/sec, INSERT throughput 0.00 ops/sec, READ throughput 491.93 ops/sec, SCAN throughput 0.00 ops/sec, READ_MODIFY_WRITE throughput 0.00 ops/sec, total throughput 980.86 ops/sec
Uniform (epoch 18, progress 0.04%): UPDATE throughput 577.92 ops/sec, INSERT throughput 0.00 ops/sec, READ throughput 560.92 ops/sec, SCAN throughput 0.00 ops/sec, READ_MODIFY_WRITE throughput 0.00 ops/sec, total throughput 1138.85 ops/sec
Uniform (epoch 19, progress 0.05%): UPDATE throughput 458.93 ops/sec, INSERT throughput 0.00 ops/sec, READ throughput 513.93 ops/sec, SCAN throughput 0.00 ops/sec, READ_MODIFY_WRITE throughput 0.00 ops/sec, total throughput 972.86 ops/sec
Uniform (epoch 20, progress 0.05%): UPDATE throughput 606.92 ops/sec, INSERT throughput 0.00 ops/sec, READ throughput 563.92 ops/sec, SCAN throughput 0.00 ops/sec, READ_MODIFY_WRITE throughput 0.00 ops/sec, total throughput 1170.84 ops/sec
Uniform (epoch 21, progress 0.05%): UPDATE throughput 515.93 ops/sec, INSERT throughput 0.00 ops/sec, READ throughput 562.92 ops/sec, SCAN throughput 0.00 ops/sec, READ_MODIFY_WRITE throughput 0.00 ops/sec, total throughput 1078.85 ops/sec
Uniform (epoch 22, progress 0.06%): UPDATE throughput 512.93 ops/sec, INSERT throughput 0.00 ops/sec, READ throughput 559.92 ops/sec, SCAN throughput 0.00 ops/sec, READ_MODIFY_WRITE throughput 0.00 ops/sec, total throughput 1072.85 ops/sec
Uniform (epoch 23, progress 0.06%): UPDATE throughput 498.93 ops/sec, INSERT throughput 0.00 ops/sec, READ throughput 515.93 ops/sec, SCAN throughput 0.00 ops/sec, READ_MODIFY_WRITE throughput 0.00 ops/sec, total throughput 1014.85 ops/sec
Uniform (epoch 24, progress 0.06%): UPDATE throughput 636.91 ops/sec, INSERT throughput 0.00 ops/sec, READ throughput 636.91 ops/sec, SCAN throughput 0.00 ops/sec, READ_MODIFY_WRITE throughput 0.00 ops/sec, total throughput 1273.82 ops/sec
Uniform (epoch 25, progress 0.06%): UPDATE throughput 525.93 ops/sec, INSERT throughput 0.00 ops/sec, READ throughput 556.92 ops/sec, SCAN throughput 0.00 ops/sec, READ_MODIFY_WRITE throughput 0.00 ops/sec, total throughput 1082.85 ops/sec
Uniform (epoch 26, progress 0.07%): UPDATE throughput 578.92 ops/sec, INSERT throughput 0.00 ops/sec, READ throughput 584.92 ops/sec, SCAN throughput 0.00 ops/sec, READ_MODIFY_WRITE throughput 0.00 ops/sec, total throughput 1163.84 ops/sec
Uniform (epoch 27, progress 0.07%): UPDATE throughput 530.92 ops/sec, INSERT throughput 0.00 ops/sec, READ throughput 562.91 ops/sec, SCAN throughput 0.00 ops/sec, READ_MODIFY_WRITE throughput 0.00 ops/sec, total throughput 1093.83 ops/sec
Uniform (epoch 28, progress 0.07%): UPDATE throughput 380.94 ops/sec, INSERT throughput 0.00 ops/sec, READ throughput 425.94 ops/sec, SCAN throughput 0.00 ops/sec, READ_MODIFY_WRITE throughput 0.00 ops/sec, total throughput 806.88 ops/sec
Uniform (epoch 29, progress 0.07%): UPDATE throughput 464.93 ops/sec, INSERT throughput 0.00 ops/sec, READ throughput 528.92 ops/sec, SCAN throughput 0.00 ops/sec, READ_MODIFY_WRITE throughput 0.00 ops/sec, total throughput 993.85 ops/sec
Uniform (epoch 30, progress 0.08%): UPDATE throughput 396.94 ops/sec, INSERT throughput 0.00 ops/sec, READ throughput 413.94 ops/sec, SCAN throughput 0.00 ops/sec, READ_MODIFY_WRITE throughput 0.00 ops/sec, total throughput 810.88 ops/sec
Uniform (epoch 31, progress 0.08%): UPDATE throughput 0.00 ops/sec, INSERT throughput 0.00 ops/sec, READ throughput 0.00 ops/sec, SCAN throughput 0.00 ops/sec, READ_MODIFY_WRITE throughput 0.00 ops/sec, total throughput 0.00 ops/sec
Uniform (epoch 32, progress 0.08%): UPDATE throughput 455.94 ops/sec, INSERT throughput 0.00 ops/sec, READ throughput 392.94 ops/sec, SCAN throughput 0.00 ops/sec, READ_MODIFY_WRITE throughput 0.00 ops/sec, total throughput 848.88 ops/sec
Uniform (epoch 33, progress 0.08%): UPDATE throughput 484.93 ops/sec, INSERT throughput 0.00 ops/sec, READ throughput 432.93 ops/sec, SCAN throughput 0.00 ops/sec, READ_MODIFY_WRITE throughput 0.00 ops/sec, total throughput 917.86 ops/sec
Uniform (epoch 34, progress 0.08%): UPDATE throughput 473.93 ops/sec, INSERT throughput 0.00 ops/sec, READ throughput 492.93 ops/sec, SCAN throughput 0.00 ops/sec, READ_MODIFY_WRITE throughput 0.00 ops/sec, total throughput 966.86 ops/sec
Uniform (epoch 35, progress 0.08%): UPDATE throughput 472.93 ops/sec, INSERT throughput 0.00 ops/sec, READ throughput 478.93 ops/sec, SCAN throughput 0.00 ops/sec, READ_MODIFY_WRITE throughput 0.00 ops/sec, total throughput 951.86 ops/sec
Uniform (epoch 36, progress 0.09%): UPDATE throughput 433.94 ops/sec, INSERT throughput 0.00 ops/sec, READ throughput 450.93 ops/sec, SCAN throughput 0.00 ops/sec, READ_MODIFY_WRITE throughput 0.00 ops/sec, total throughput 884.87 ops/sec
Uniform (epoch 37, progress 0.09%): UPDATE throughput 465.93 ops/sec, INSERT throughput 0.00 ops/sec, READ throughput 458.93 ops/sec, SCAN throughput 0.00 ops/sec, READ_MODIFY_WRITE throughput 0.00 ops/sec, total throughput 924.87 ops/sec
Uniform (epoch 38, progress 0.09%): UPDATE throughput 246.96 ops/sec, INSERT throughput 0.00 ops/sec, READ throughput 269.96 ops/sec, SCAN throughput 0.00 ops/sec, READ_MODIFY_WRITE throughput 0.00 ops/sec, total throughput 516.93 ops/sec
Uniform (epoch 39, progress 0.09%): UPDATE throughput 396.94 ops/sec, INSERT throughput 0.00 ops/sec, READ throughput 353.95 ops/sec, SCAN throughput 0.00 ops/sec, READ_MODIFY_WRITE throughput 0.00 ops/sec, total throughput 750.88 ops/sec
Uniform (epoch 40, progress 0.10%): UPDATE throughput 611.91 ops/sec, INSERT throughput 0.00 ops/sec, READ throughput 590.91 ops/sec, SCAN throughput 0.00 ops/sec, READ_MODIFY_WRITE throughput 0.00 ops/sec, total throughput 1202.83 ops/sec
Uniform (epoch 41, progress 0.10%): UPDATE throughput 2.00 ops/sec, INSERT throughput 0.00 ops/sec, READ throughput 8.00 ops/sec, SCAN throughput 0.00 ops/sec, READ_MODIFY_WRITE throughput 0.00 ops/sec, total throughput 10.00 ops/sec
Uniform (epoch 42, progress 0.10%): UPDATE throughput 0.00 ops/sec, INSERT throughput 0.00 ops/sec, READ throughput 0.00 ops/sec, SCAN throughput 0.00 ops/sec, READ_MODIFY_WRITE throughput 0.00 ops/sec, total throughput 0.00 ops/sec
Uniform (epoch 43, progress 0.10%): UPDATE throughput 0.00 ops/sec, INSERT throughput 0.00 ops/sec, READ throughput 0.00 ops/sec, SCAN throughput 0.00 ops/sec, READ_MODIFY_WRITE throughput 0.00 ops/sec, total throughput 0.00 ops/sec
Uniform (epoch 44, progress 0.10%): UPDATE throughput 0.00 ops/sec, INSERT throughput 0.00 ops/sec, READ throughput 0.00 ops/sec, SCAN throughput 0.00 ops/sec, READ_MODIFY_WRITE throughput 0.00 ops/sec, total throughput 0.00 ops/sec
Uniform (epoch 45, progress 0.10%): UPDATE throughput 0.00 ops/sec, INSERT throughput 0.00 ops/sec, READ throughput 0.00 ops/sec, SCAN throughput 0.00 ops/sec, READ_MODIFY_WRITE throughput 0.00 ops/sec, total throughput 0.00 ops/sec
Uniform (epoch 46, progress 0.10%): UPDATE throughput 0.00 ops/sec, INSERT throughput 0.00 ops/sec, READ throughput 0.00 ops/sec, SCAN throughput 0.00 ops/sec, READ_MODIFY_WRITE throughput 0.00 ops/sec, total throughput 0.00 ops/sec
Uniform (epoch 47, progress 0.10%): UPDATE throughput 0.00 ops/sec, INSERT throughput 0.00 ops/sec, READ throughput 0.00 ops/sec, SCAN throughput 0.00 ops/sec, READ_MODIFY_WRITE throughput 0.00 ops/sec, total throughput 0.00 ops/sec
Uniform (epoch 48, progress 0.10%): UPDATE throughput 0.00 ops/sec, INSERT throughput 0.00 ops/sec, READ throughput 0.00 ops/sec, SCAN throughput 0.00 ops/sec, READ_MODIFY_WRITE throughput 0.00 ops/sec, total throughput 0.00 ops/sec
Uniform (epoch 49, progress 0.10%): UPDATE throughput 0.00 ops/sec, INSERT throughput 0.00 ops/sec, READ throughput 0.00 ops/sec, SCAN throughput 0.00 ops/sec, READ_MODIFY_WRITE throughput 0.00 ops/sec, total throughput 0.00 ops/sec
Uniform (epoch 50, progress 0.10%): UPDATE throughput 0.00 ops/sec, INSERT throughput 0.00 ops/sec, READ throughput 0.00 ops/sec, SCAN throughput 0.00 ops/sec, READ_MODIFY_WRITE throughput 0.00 ops/sec, total throughput 0.00 ops/sec
Uniform (epoch 51, progress 0.10%): UPDATE throughput 0.00 ops/sec, INSERT throughput 0.00 ops/sec, READ throughput 0.00 ops/sec, SCAN throughput 0.00 ops/sec, READ_MODIFY_WRITE throughput 0.00 ops/sec, total throughput 0.00 ops/sec
Uniform (epoch 52, progress 0.10%): UPDATE throughput 0.00 ops/sec, INSERT throughput 0.00 ops/sec, READ throughput 0.00 ops/sec, SCAN throughput 0.00 ops/sec, READ_MODIFY_WRITE throughput 0.00 ops/sec, total throughput 0.00 ops/sec
Uniform (epoch 53, progress 0.10%): UPDATE throughput 0.00 ops/sec, INSERT throughput 0.00 ops/sec, READ throughput 0.00 ops/sec, SCAN throughput 0.00 ops/sec, READ_MODIFY_WRITE throughput 0.00 ops/sec, total throughput 0.00 ops/sec
Uniform (epoch 54, progress 0.10%): UPDATE throughput 0.00 ops/sec, INSERT throughput 0.00 ops/sec, READ throughput 0.00 ops/sec, SCAN throughput 0.00 ops/sec, READ_MODIFY_WRITE throughput 0.00 ops/sec, total throughput 0.00 ops/sec
Uniform (epoch 55, progress 0.10%): UPDATE throughput 0.00 ops/sec, INSERT throughput 0.00 ops/sec, READ throughput 0.00 ops/sec, SCAN throughput 0.00 ops/sec, READ_MODIFY_WRITE throughput 0.00 ops/sec, total throughput 0.00 ops/sec
Uniform (epoch 56, progress 0.10%): UPDATE throughput 0.00 ops/sec, INSERT throughput 0.00 ops/sec, READ throughput 0.00 ops/sec, SCAN throughput 0.00 ops/sec, READ_MODIFY_WRITE throughput 0.00 ops/sec, total throughput 0.00 ops/sec
Uniform (epoch 57, progress 0.10%): UPDATE throughput 0.00 ops/sec, INSERT throughput 0.00 ops/sec, READ throughput 0.00 ops/sec, SCAN throughput 0.00 ops/sec, READ_MODIFY_WRITE throughput 0.00 ops/sec, total throughput 0.00 ops/sec
Uniform (epoch 58, progress 0.10%): UPDATE throughput 0.00 ops/sec, INSERT throughput 0.00 ops/sec, READ throughput 0.00 ops/sec, SCAN throughput 0.00 ops/sec, READ_MODIFY_WRITE throughput 0.00 ops/sec, total throughput 0.00 ops/sec
Uniform (epoch 59, progress 0.10%): UPDATE throughput 0.00 ops/sec, INSERT throughput 0.00 ops/sec, READ throughput 0.00 ops/sec, SCAN throughput 0.00 ops/sec, READ_MODIFY_WRITE throughput 0.00 ops/sec, total throughput 0.00 ops/sec
Uniform (epoch 60, progress 0.10%): UPDATE throughput 0.00 ops/sec, INSERT throughput 0.00 ops/sec, READ throughput 0.00 ops/sec, SCAN throughput 0.00 ops/sec, READ_MODIFY_WRITE throughput 0.00 ops/sec, total throughput 0.00 ops/sec
Uniform (epoch 61, progress 0.10%): UPDATE throughput 0.00 ops/sec, INSERT throughput 0.00 ops/sec, READ throughput 0.00 ops/sec, SCAN throughput 0.00 ops/sec, READ_MODIFY_WRITE throughput 0.00 ops/sec, total throughput 0.00 ops/sec
Uniform (epoch 62, progress 0.10%): UPDATE throughput 0.00 ops/sec, INSERT throughput 0.00 ops/sec, READ throughput 0.00 ops/sec, SCAN throughput 0.00 ops/sec, READ_MODIFY_WRITE throughput 0.00 ops/sec, total throughput 0.00 ops/sec
Uniform (epoch 63, progress 0.10%): UPDATE throughput 0.00 ops/sec, INSERT throughput 0.00 ops/sec, READ throughput 0.00 ops/sec, SCAN throughput 0.00 ops/sec, READ_MODIFY_WRITE throughput 0.00 ops/sec, total throughput 0.00 ops/sec
Uniform (epoch 64, progress 0.10%): UPDATE throughput 0.00 ops/sec, INSERT throughput 0.00 ops/sec, READ throughput 0.00 ops/sec, SCAN throughput 0.00 ops/sec, READ_MODIFY_WRITE throughput 0.00 ops/sec, total throughput 0.00 ops/sec
Uniform (epoch 65, progress 0.10%): UPDATE throughput 0.00 ops/sec, INSERT throughput 0.00 ops/sec, READ throughput 0.00 ops/sec, SCAN throughput 0.00 ops/sec, READ_MODIFY_WRITE throughput 0.00 ops/sec, total throughput 0.00 ops/sec
Uniform (epoch 66, progress 0.10%): UPDATE throughput 0.00 ops/sec, INSERT throughput 0.00 ops/sec, READ throughput 0.00 ops/sec, SCAN throughput 0.00 ops/sec, READ_MODIFY_WRITE throughput 0.00 ops/sec, total throughput 0.00 ops/sec
Uniform (epoch 67, progress 0.10%): UPDATE throughput 0.00 ops/sec, INSERT throughput 0.00 ops/sec, READ throughput 0.00 ops/sec, SCAN throughput 0.00 ops/sec, READ_MODIFY_WRITE throughput 0.00 ops/sec, total throughput 0.00 ops/sec
Uniform (epoch 68, progress 0.10%): UPDATE throughput 0.00 ops/sec, INSERT throughput 0.00 ops/sec, READ throughput 0.00 ops/sec, SCAN throughput 0.00 ops/sec, READ_MODIFY_WRITE throughput 0.00 ops/sec, total throughput 0.00 ops/sec
Uniform (epoch 69, progress 0.10%): UPDATE throughput 0.00 ops/sec, INSERT throughput 0.00 ops/sec, READ throughput 0.00 ops/sec, SCAN throughput 0.00 ops/sec, READ_MODIFY_WRITE throughput 0.00 ops/sec, total throughput 0.00 ops/sec
Uniform (epoch 70, progress 0.10%): UPDATE throughput 0.00 ops/sec, INSERT throughput 0.00 ops/sec, READ throughput 0.00 ops/sec, SCAN throughput 0.00 ops/sec, READ_MODIFY_WRITE throughput 0.00 ops/sec, total throughput 0.00 ops/sec
Uniform (epoch 71, progress 0.10%): UPDATE throughput 0.00 ops/sec, INSERT throughput 0.00 ops/sec, READ throughput 0.00 ops/sec, SCAN throughput 0.00 ops/sec, READ_MODIFY_WRITE throughput 0.00 ops/sec, total throughput 0.00 ops/sec
Uniform (epoch 72, progress 0.10%): UPDATE throughput 0.00 ops/sec, INSERT throughput 0.00 ops/sec, READ throughput 0.00 ops/sec, SCAN throughput 0.00 ops/sec, READ_MODIFY_WRITE throughput 0.00 ops/sec, total throughput 0.00 ops/sec
Uniform (epoch 73, progress 0.10%): UPDATE throughput 0.00 ops/sec, INSERT throughput 0.00 ops/sec, READ throughput 0.00 ops/sec, SCAN throughput 0.00 ops/sec, READ_MODIFY_WRITE throughput 0.00 ops/sec, total throughput 0.00 ops/sec
Uniform (epoch 74, progress 0.10%): UPDATE throughput 0.00 ops/sec, INSERT throughput 0.00 ops/sec, READ throughput 0.00 ops/sec, SCAN throughput 0.00 ops/sec, READ_MODIFY_WRITE throughput 0.00 ops/sec, total throughput 0.00 ops/sec
Uniform (epoch 75, progress 0.10%): UPDATE throughput 0.00 ops/sec, INSERT throughput 0.00 ops/sec, READ throughput 0.00 ops/sec, SCAN throughput 0.00 ops/sec, READ_MODIFY_WRITE throughput 0.00 ops/sec, total throughput 0.00 ops/sec
Uniform (epoch 76, progress 0.10%): UPDATE throughput 0.00 ops/sec, INSERT throughput 0.00 ops/sec, READ throughput 0.00 ops/sec, SCAN throughput 0.00 ops/sec, READ_MODIFY_WRITE throughput 0.00 ops/sec, total throughput 0.00 ops/sec
Uniform (epoch 77, progress 0.10%): UPDATE throughput 0.00 ops/sec, INSERT throughput 0.00 ops/sec, READ throughput 0.00 ops/sec, SCAN throughput 0.00 ops/sec, READ_MODIFY_WRITE throughput 0.00 ops/sec, total throughput 0.00 ops/sec
Uniform (epoch 78, progress 0.10%): UPDATE throughput 0.00 ops/sec, INSERT throughput 0.00 ops/sec, READ throughput 0.00 ops/sec, SCAN throughput 0.00 ops/sec, READ_MODIFY_WRITE throughput 0.00 ops/sec, total throughput 0.00 ops/sec
Uniform (epoch 79, progress 0.10%): UPDATE throughput 0.00 ops/sec, INSERT throughput 0.00 ops/sec, READ throughput 0.00 ops/sec, SCAN throughput 0.00 ops/sec, READ_MODIFY_WRITE throughput 0.00 ops/sec, total throughput 0.00 ops/sec
Uniform (epoch 80, progress 0.10%): UPDATE throughput 0.00 ops/sec, INSERT throughput 0.00 ops/sec, READ throughput 0.00 ops/sec, SCAN throughput 0.00 ops/sec, READ_MODIFY_WRITE throughput 0.00 ops/sec, total throughput 0.00 ops/sec
Uniform (epoch 81, progress 0.10%): UPDATE throughput 0.00 ops/sec, INSERT throughput 0.00 ops/sec, READ throughput 0.00 ops/sec, SCAN throughput 0.00 ops/sec, READ_MODIFY_WRITE throughput 0.00 ops/sec, total throughput 0.00 ops/sec
Uniform (epoch 82, progress 0.10%): UPDATE throughput 0.00 ops/sec, INSERT throughput 0.00 ops/sec, READ throughput 0.00 ops/sec, SCAN throughput 0.00 ops/sec, READ_MODIFY_WRITE throughput 0.00 ops/sec, total throughput 0.00 ops/sec
Uniform (epoch 83, progress 0.10%): UPDATE throughput 0.00 ops/sec, INSERT throughput 0.00 ops/sec, READ throughput 0.00 ops/sec, SCAN throughput 0.00 ops/sec, READ_MODIFY_WRITE throughput 0.00 ops/sec, total throughput 0.00 ops/sec
Uniform (epoch 84, progress 0.10%): UPDATE throughput 0.00 ops/sec, INSERT throughput 0.00 ops/sec, READ throughput 0.00 ops/sec, SCAN throughput 0.00 ops/sec, READ_MODIFY_WRITE throughput 0.00 ops/sec, total throughput 0.00 ops/sec
Uniform (epoch 85, progress 0.10%): UPDATE throughput 0.00 ops/sec, INSERT throughput 0.00 ops/sec, READ throughput 0.00 ops/sec, SCAN throughput 0.00 ops/sec, READ_MODIFY_WRITE throughput 0.00 ops/sec, total throughput 0.00 ops/sec
Uniform (epoch 86, progress 0.10%): UPDATE throughput 0.00 ops/sec, INSERT throughput 0.00 ops/sec, READ throughput 0.00 ops/sec, SCAN throughput 0.00 ops/sec, READ_MODIFY_WRITE throughput 0.00 ops/sec, total throughput 0.00 ops/sec
Uniform (epoch 87, progress 0.10%): UPDATE throughput 0.00 ops/sec, INSERT throughput 0.00 ops/sec, READ throughput 0.00 ops/sec, SCAN throughput 0.00 ops/sec, READ_MODIFY_WRITE throughput 0.00 ops/sec, total throughput 0.00 ops/sec
Uniform (epoch 88, progress 0.10%): UPDATE throughput 0.00 ops/sec, INSERT throughput 0.00 ops/sec, READ throughput 0.00 ops/sec, SCAN throughput 0.00 ops/sec, READ_MODIFY_WRITE throughput 0.00 ops/sec, total throughput 0.00 ops/sec
Uniform (epoch 89, progress 0.10%): UPDATE throughput 0.00 ops/sec, INSERT throughput 0.00 ops/sec, READ throughput 0.00 ops/sec, SCAN throughput 0.00 ops/sec, READ_MODIFY_WRITE throughput 0.00 ops/sec, total throughput 0.00 ops/sec
Uniform (epoch 90, progress 0.10%): UPDATE throughput 0.00 ops/sec, INSERT throughput 0.00 ops/sec, READ throughput 0.00 ops/sec, SCAN throughput 0.00 ops/sec, READ_MODIFY_WRITE throughput 0.00 ops/sec, total throughput 0.00 ops/sec
Uniform (epoch 91, progress 0.10%): UPDATE throughput 0.00 ops/sec, INSERT throughput 0.00 ops/sec, READ throughput 0.00 ops/sec, SCAN throughput 0.00 ops/sec, READ_MODIFY_WRITE throughput 0.00 ops/sec, total throughput 0.00 ops/sec
Uniform (epoch 92, progress 0.10%): UPDATE throughput 0.00 ops/sec, INSERT throughput 0.00 ops/sec, READ throughput 0.00 ops/sec, SCAN throughput 0.00 ops/sec, READ_MODIFY_WRITE throughput 0.00 ops/sec, total throughput 0.00 ops/sec
Uniform (epoch 93, progress 0.10%): UPDATE throughput 0.00 ops/sec, INSERT throughput 0.00 ops/sec, READ throughput 0.00 ops/sec, SCAN throughput 0.00 ops/sec, READ_MODIFY_WRITE throughput 0.00 ops/sec, total throughput 0.00 ops/sec
Uniform (epoch 94, progress 0.10%): UPDATE throughput 0.00 ops/sec, INSERT throughput 0.00 ops/sec, READ throughput 0.00 ops/sec, SCAN throughput 0.00 ops/sec, READ_MODIFY_WRITE throughput 0.00 ops/sec, total throughput 0.00 ops/sec
Uniform (epoch 95, progress 0.10%): UPDATE throughput 0.00 ops/sec, INSERT throughput 0.00 ops/sec, READ throughput 0.00 ops/sec, SCAN throughput 0.00 ops/sec, READ_MODIFY_WRITE throughput 0.00 ops/sec, total throughput 0.00 ops/sec
Uniform (epoch 96, progress 0.10%): UPDATE throughput 0.00 ops/sec, INSERT throughput 0.00 ops/sec, READ throughput 0.00 ops/sec, SCAN throughput 0.00 ops/sec, READ_MODIFY_WRITE throughput 0.00 ops/sec, total throughput 0.00 ops/sec
Uniform (epoch 97, progress 0.10%): UPDATE throughput 0.00 ops/sec, INSERT throughput 0.00 ops/sec, READ throughput 0.00 ops/sec, SCAN throughput 0.00 ops/sec, READ_MODIFY_WRITE throughput 0.00 ops/sec, total throughput 0.00 ops/sec
Uniform (epoch 98, progress 0.10%): UPDATE throughput 0.00 ops/sec, INSERT throughput 0.00 ops/sec, READ throughput 0.00 ops/sec, SCAN throughput 0.00 ops/sec, READ_MODIFY_WRITE throughput 0.00 ops/sec, total throughput 0.00 ops/sec
Uniform (epoch 99, progress 0.10%): UPDATE throughput 0.00 ops/sec, INSERT throughput 0.00 ops/sec, READ throughput 0.00 ops/sec, SCAN throughput 0.00 ops/sec, READ_MODIFY_WRITE throughput 0.00 ops/sec, total throughput 0.00 ops/sec
Uniform (epoch 100, progress 0.10%): UPDATE throughput 0.00 ops/sec, INSERT throughput 0.00 ops/sec, READ throughput 0.00 ops/sec, SCAN throughput 0.00 ops/sec, READ_MODIFY_WRITE throughput 0.00 ops/sec, total throughput 0.00 ops/sec
Uniform (epoch 101, progress 0.10%): UPDATE throughput 0.00 ops/sec, INSERT throughput 0.00 ops/sec, READ throughput 0.00 ops/sec, SCAN throughput 0.00 ops/sec, READ_MODIFY_WRITE throughput 0.00 ops/sec, total throughput 0.00 ops/sec
Uniform (epoch 102, progress 0.10%): UPDATE throughput 0.00 ops/sec, INSERT throughput 0.00 ops/sec, READ throughput 0.00 ops/sec, SCAN throughput 0.00 ops/sec, READ_MODIFY_WRITE throughput 0.00 ops/sec, total throughput 0.00 ops/sec
Uniform (epoch 103, progress 0.10%): UPDATE throughput 0.00 ops/sec, INSERT throughput 0.00 ops/sec, READ throughput 0.00 ops/sec, SCAN throughput 0.00 ops/sec, READ_MODIFY_WRITE throughput 0.00 ops/sec, total throughput 0.00 ops/sec
Uniform (epoch 104, progress 0.10%): UPDATE throughput 0.00 ops/sec, INSERT throughput 0.00 ops/sec, READ throughput 0.00 ops/sec, SCAN throughput 0.00 ops/sec, READ_MODIFY_WRITE throughput 0.00 ops/sec, total throughput 0.00 ops/sec
Uniform (epoch 105, progress 0.10%): UPDATE throughput 0.00 ops/sec, INSERT throughput 0.00 ops/sec, READ throughput 0.00 ops/sec, SCAN throughput 0.00 ops/sec, READ_MODIFY_WRITE throughput 0.00 ops/sec, total throughput 0.00 ops/sec
Uniform (epoch 106, progress 0.10%): UPDATE throughput 0.00 ops/sec, INSERT throughput 0.00 ops/sec, READ throughput 0.00 ops/sec, SCAN throughput 0.00 ops/sec, READ_MODIFY_WRITE throughput 0.00 ops/sec, total throughput 0.00 ops/sec
Uniform (epoch 107, progress 0.10%): UPDATE throughput 0.00 ops/sec, INSERT throughput 0.00 ops/sec, READ throughput 0.00 ops/sec, SCAN throughput 0.00 ops/sec, READ_MODIFY_WRITE throughput 0.00 ops/sec, total throughput 0.00 ops/sec
Uniform (epoch 108, progress 0.10%): UPDATE throughput 0.00 ops/sec, INSERT throughput 0.00 ops/sec, READ throughput 0.00 ops/sec, SCAN throughput 0.00 ops/sec, READ_MODIFY_WRITE throughput 0.00 ops/sec, total throughput 0.00 ops/sec
Uniform (epoch 109, progress 0.10%): UPDATE throughput 0.00 ops/sec, INSERT throughput 0.00 ops/sec, READ throughput 0.00 ops/sec, SCAN throughput 0.00 ops/sec, READ_MODIFY_WRITE throughput 0.00 ops/sec, total throughput 0.00 ops/sec
Uniform (epoch 110, progress 0.10%): UPDATE throughput 0.00 ops/sec, INSERT throughput 0.00 ops/sec, READ throughput 0.00 ops/sec, SCAN throughput 0.00 ops/sec, READ_MODIFY_WRITE throughput 0.00 ops/sec, total throughput 0.00 ops/sec
Uniform (epoch 111, progress 0.10%): UPDATE throughput 0.00 ops/sec, INSERT throughput 0.00 ops/sec, READ throughput 0.00 ops/sec, SCAN throughput 0.00 ops/sec, READ_MODIFY_WRITE throughput 0.00 ops/sec, total throughput 0.00 ops/sec
Uniform (epoch 112, progress 0.10%): UPDATE throughput 0.00 ops/sec, INSERT throughput 0.00 ops/sec, READ throughput 0.00 ops/sec, SCAN throughput 0.00 ops/sec, READ_MODIFY_WRITE throughput 0.00 ops/sec, total throughput 0.00 ops/sec
Uniform (epoch 113, progress 0.10%): UPDATE throughput 0.00 ops/sec, INSERT throughput 0.00 ops/sec, READ throughput 0.00 ops/sec, SCAN throughput 0.00 ops/sec, READ_MODIFY_WRITE throughput 0.00 ops/sec, total throughput 0.00 ops/sec
Uniform (epoch 114, progress 0.10%): UPDATE throughput 0.00 ops/sec, INSERT throughput 0.00 ops/sec, READ throughput 0.00 ops/sec, SCAN throughput 0.00 ops/sec, READ_MODIFY_WRITE throughput 0.00 ops/sec, total throughput 0.00 ops/sec
Uniform (epoch 115, progress 0.10%): UPDATE throughput 0.00 ops/sec, INSERT throughput 0.00 ops/sec, READ throughput 0.00 ops/sec, SCAN throughput 0.00 ops/sec, READ_MODIFY_WRITE throughput 0.00 ops/sec, total throughput 0.00 ops/sec
Uniform (epoch 116, progress 0.10%): UPDATE throughput 0.00 ops/sec, INSERT throughput 0.00 ops/sec, READ throughput 0.00 ops/sec, SCAN throughput 0.00 ops/sec, READ_MODIFY_WRITE throughput 0.00 ops/sec, total throughput 0.00 ops/sec
Uniform (epoch 117, progress 0.10%): UPDATE throughput 0.00 ops/sec, INSERT throughput 0.00 ops/sec, READ throughput 0.00 ops/sec, SCAN throughput 0.00 ops/sec, READ_MODIFY_WRITE throughput 0.00 ops/sec, total throughput 0.00 ops/sec
Uniform (epoch 118, progress 0.10%): UPDATE throughput 0.00 ops/sec, INSERT throughput 0.00 ops/sec, READ throughput 0.00 ops/sec, SCAN throughput 0.00 ops/sec, READ_MODIFY_WRITE throughput 0.00 ops/sec, total throughput 0.00 ops/sec
Uniform (epoch 119, progress 0.10%): UPDATE throughput 0.00 ops/sec, INSERT throughput 0.00 ops/sec, READ throughput 0.00 ops/sec, SCAN throughput 0.00 ops/sec, READ_MODIFY_WRITE throughput 0.00 ops/sec, total throughput 0.00 ops/sec
Uniform (epoch 120, progress 0.10%): UPDATE throughput 0.00 ops/sec, INSERT throughput 0.00 ops/sec, READ throughput 0.00 ops/sec, SCAN throughput 0.00 ops/sec, READ_MODIFY_WRITE throughput 0.00 ops/sec, total throughput 0.00 ops/sec
time's up!
Uniform: calculating overall performance metrics... (might take a while)
Uniform overall: UPDATE throughput 156.75 ops/sec, INSERT throughput 0.00 ops/sec, READ throughput 159.21 ops/sec, SCAN throughput 0.00 ops/sec, READ_MODIFY_WRITE throughput 0.00 ops/sec, total throughput 315.95 ops/sec
Uniform overall: UPDATE average latency 7771730.44 ns, UPDATE p99 latency 1490948.55 ns, INSERT average latency 0.00 ns, INSERT p99 latency 0.00 ns, READ average latency 4786583.84 ns, READ p99 latency 46953142.35 ns, SCAN average latency 0.00 ns, SCAN p99 latency 0.00 ns, READ_MODIFY_WRITE average latency 0.00 ns, READ_MODIFY_WRITE p99 latency 0.00 ns

total_throughput 2169.33
read_p99_ns 46953142.35
reader_fast_throughput 1853.38
writer_slow_throughput 315.95
