--- wan_reader ---
ZipfianWorkload: start initializing zipfian variables, might take a while
Zipfian (Warm-Up) (epoch 0, progress 0.00%): UPDATE throughput 0.00 ops/sec, INSERT throughput 0.00 ops/sec, READ throughput 0.00 ops/sec, SCAN throughput 0.00 ops/sec, READ_MODIFY_WRITE throughput 0.00 ops/sec, total throughput 0.00 ops/sec
Zipfian (Warm-Up) (epoch 1, progress 0.00%): UPDATE throughput 11.00 ops/sec, INSERT throughput 0.00 ops/sec, READ throughput 347.95 ops/sec, SCAN throughput 0.00 ops/sec, READ_MODIFY_WRITE throughput 0.00 ops/sec, total throughput 358.95 ops/sec
Zipfian (Warm-Up) (epoch 2, progress 0.00%): UPDATE throughput 20.00 ops/sec, INSERT throughput 0.00 ops/sec, READ throughput 401.94 ops/sec, SCAN throughput 0.00 ops/sec, READ_MODIFY_WRITE throughput 0.00 ops/sec, total throughput 421.94 ops/sec
Zipfian (Warm-Up) (epoch 3, progress 0.00%): UPDATE throughput 27.00 ops/sec, INSERT throughput 0.00 ops/sec, READ throughput 446.94 ops/sec, SCAN throughput 0.00 ops/sec, READ_MODIFY_WRITE throughput 0.00 ops/sec, total throughput 473.93 ops/sec
Zipfian (Warm-Up) (epoch 4, progress 0.00%): UPDATE throughput 20.00 ops/sec, INSERT throughput 0.00 ops/sec, READ throughput 467.94 ops/sec, SCAN throughput 0.00 ops/sec, READ_MODIFY_WRITE throughput 0.00 ops/sec, total throughput 487.93 ops/sec
Zipfian (Warm-Up) (epoch 5, progress 0.01%): UPDATE throughput 20.00 ops/sec, INSERT throughput 0.00 ops/sec, READ throughput 446.94 ops/sec, SCAN throughput 0.00 ops/sec, READ_MODIFY_WRITE throughput 0.00 ops/sec, total throughput 466.94 ops/sec
Zipfian (Warm-Up) (epoch 6, progress 0.01%): UPDATE throughput 19.00 ops/sec, INSERT throughput 0.00 ops/sec, READ throughput 500.93 ops/sec, SCAN throughput 0.00 ops/sec, READ_MODIFY_WRITE throughput 0.00 ops/sec, total throughput 519.93 ops/sec
Zipfian (Warm-Up) (epoch 7, progress 0.01%): UPDATE throughput 20.00 ops/sec, INSERT throughput 0.00 ops/sec, READ throughput 416.94 ops/sec, SCAN throughput 0.00 ops/sec, READ_MODIFY_WRITE throughput 0.00 ops/sec, total throughput 436.94 ops/sec
Zipfian (Warm-Up) (epoch 8, progress 0.01%): UPDATE throughput 29.00 ops/sec, INSERT throughput 0.00 ops/sec, READ throughput 517.93 ops/sec, SCAN throughput 0.00 ops/sec, READ_MODIFY_WRITE throughput 0.00 ops/sec, total throughput 546.92 ops/sec
Zipfian (Warm-Up) (epoch 9, progress 0.01%): UPDATE throughput 31.00 ops/sec, INSERT throughput 0.00 ops/sec, READ throughput 568.92 ops/sec, SCAN throughput 0.00 ops/sec, READ_MODIFY_WRITE throughput 0.00 ops/sec, total throughput 599.92 ops/sec
Zipfian (Warm-Up) (epoch 10, progress 0.01%): UPDATE throughput 30.00 ops/sec, INSERT throughput 0.00 ops/sec, READ throughput 638.91 ops/sec, SCAN throughput 0.00 ops/sec, READ_MODIFY_WRITE throughput 0.00 ops/sec, total throughput 668.91 ops/sec
Zipfian (Warm-Up) (epoch 11, progress 0.01%): UPDATE throughput 24.00 ops/sec, INSERT throughput 0.00 ops/sec, READ throughput 576.92 ops/sec, SCAN throughput 0.00 ops/sec, READ_MODIFY_WRITE throughput 0.00 ops/sec, total throughput 600.91 ops/sec
Zipfian (Warm-Up) (epoch 12, progress 0.02%): UPDATE throughput 27.00 ops/sec, INSERT throughput 0.00 ops/sec, READ throughput 653.91 ops/sec, SCAN throughput 0.00 ops/sec, READ_MODIFY_WRITE throughput 0.00 ops/sec, total throughput 680.90 ops/sec
Zipfian (Warm-Up) (epoch 13, progress 0.02%): UPDATE throughput 34.00 ops/sec, INSERT throughput 0.00 ops/sec, READ throughput 600.92 ops/sec, SCAN throughput 0.00 ops/sec, READ_MODIFY_WRITE throughput 0.00 ops/sec, total throughput 634.91 ops/sec
Zipfian (Warm-Up) (epoch 14, progress 0.02%): UPDATE throughput 39.99 ops/sec, INSERT throughput 0.00 ops/sec, READ throughput 602.91 ops/sec, SCAN throughput 0.00 ops/sec, READ_MODIFY_WRITE throughput 0.00 ops/sec, total throughput 642.91 ops/sec
Zipfian (Warm-Up) (epoch 15, progress 0.02%): UPDATE throughput 30.00 ops/sec, INSERT throughput 0.00 ops/sec, READ throughput 732.90 ops/sec, SCAN throughput 0.00 ops/sec, READ_MODIFY_WRITE throughput 0.00 ops/sec, total throughput 762.89 ops/sec
Zipfian (Warm-Up) (epoch 16, progress 0.02%): UPDATE throughput 27.00 ops/sec, INSERT throughput 0.00 ops/sec, READ throughput 683.93 ops/sec, SCAN throughput 0.00 ops/sec, READ_MODIFY_WRITE throughput 0.00 ops/sec, total throughput 710.92 ops/sec
Zipfian (Warm-Up) (epoch 17, progress 0.02%): UPDATE throughput 43.99 ops/sec, INSERT throughput 0.00 ops/sec, READ throughput 723.89 ops/sec, SCAN throughput 0.00 ops/sec, READ_MODIFY_WRITE throughput 0.00 ops/sec, total throughput 767.89 ops/sec
Zipfian (Warm-Up) (epoch 18, progress 0.03%): UPDATE throughput 45.99 ops/sec, INSERT throughput 0.00 ops/sec, READ throughput 738.90 ops/sec, SCAN throughput 0.00 ops/sec, READ_MODIFY_WRITE throughput 0.00 ops/sec, total throughput 784.89 ops/sec
Zipfian (Warm-Up) (epoch 19, progress 0.03%): UPDATE throughput 36.99 ops/sec, INSERT throughput 0.00 ops/sec, READ throughput 693.91 ops/sec, SCAN throughput 0.00 ops/sec, READ_MODIFY_WRITE throughput 0.00 ops/sec, total throughput 730.90 ops/sec
Zipfian (Warm-Up) (epoch 20, progress 0.03%): UPDATE throughput 46.99 ops/sec, INSERT throughput 0.00 ops/sec, READ throughput 867.88 ops/sec, SCAN throughput 0.00 ops/sec, READ_MODIFY_WRITE throughput 0.00 ops/sec, total throughput 914.87 ops/sec
Zipfian (Warm-Up) (epoch 21, progress 0.03%): UPDATE throughput 38.99 ops/sec, INSERT throughput 0.00 ops/sec, READ throughput 803.89 ops/sec, SCAN throughput 0.00 ops/sec, READ_MODIFY_WRITE throughput 0.00 ops/sec, total throughput 842.88 ops/sec
Zipfian (Warm-Up) (epoch 22, progress 0.03%): UPDATE throughput 42.99 ops/sec, INSERT throughput 0.00 ops/sec, READ throughput 717.90 ops/sec, SCAN throughput 0.00 ops/sec, READ_MODIFY_WRITE throughput 0.00 ops/sec, total throughput 760.90 ops/sec
Zipfian (Warm-Up) (epoch 23, progress 0.04%): UPDATE throughput 43.99 ops/sec, INSERT throughput 0.00 ops/sec, READ throughput 793.89 ops/sec, SCAN throughput 0.00 ops/sec, READ_MODIFY_WRITE throughput 0.00 ops/sec, total throughput 837.89 ops/sec
Zipfian (Warm-Up) (epoch 24, progress 0.04%): UPDATE throughput 38.99 ops/sec, INSERT throughput 0.00 ops/sec, READ throughput 740.90 ops/sec, SCAN throughput 0.00 ops/sec, READ_MODIFY_WRITE throughput 0.00 ops/sec, total throughput 779.89 ops/sec
Zipfian (Warm-Up) (epoch 25, progress 0.04%): UPDATE throughput 46.99 ops/sec, INSERT throughput 0.00 ops/sec, READ throughput 825.88 ops/sec, SCAN throughput 0.00 ops/sec, READ_MODIFY_WRITE throughput 0.00 ops/sec, total throughput 872.88 ops/sec
Zipfian (Warm-Up) (epoch 26, progress 0.04%): UPDATE throughput 43.99 ops/sec, INSERT throughput 0.00 ops/sec, READ throughput 835.88 ops/sec, SCAN throughput 0.00 ops/sec, READ_MODIFY_WRITE throughput 0.00 ops/sec, total throughput 879.88 ops/sec
Zipfian (Warm-Up) (epoch 27, progress 0.05%): UPDATE throughput 44.99 ops/sec, INSERT throughput 0.00 ops/sec, READ throughput 892.87 ops/sec, SCAN throughput 0.00 ops/sec, READ_MODIFY_WRITE throughput 0.00 ops/sec, total throughput 937.87 ops/sec
Zipfian (Warm-Up) (epoch 28, progress 0.05%): UPDATE throughput 50.99 ops/sec, INSERT throughput 0.00 ops/sec, READ throughput 1020.86 ops/sec, SCAN throughput 0.00 ops/sec, READ_MODIFY_WRITE throughput 0.00 ops/sec, total throughput 1071.85 ops/sec
Zipfian (Warm-Up) (epoch 29, progress 0.05%): UPDATE throughput 46.99 ops/sec, INSERT throughput 0.00 ops/sec, READ throughput 856.89 ops/sec, SCAN throughput 0.00 ops/sec, READ_MODIFY_WRITE throughput 0.00 ops/sec, total throughput 903.88 ops/sec
Zipfian (Warm-Up) (epoch 30, progress 0.05%): UPDATE throughput 55.99 ops/sec, INSERT throughput 0.00 ops/sec, READ throughput 978.87 ops/sec, SCAN throughput 0.00 ops/sec, READ_MODIFY_WRITE throughput 0.00 ops/sec, total throughput 1034.86 ops/sec
time's up!
Zipfian (Warm-Up): calculating overall performance metrics... (might take a while)
Zipfian (Warm-Up) overall: UPDATE throughput 34.59 ops/sec, INSERT throughput 0.00 ops/sec, READ throughput 669.92 ops/sec, SCAN throughput 0.00 ops/sec, READ_MODIFY_WRITE throughput 0.00 ops/sec, total throughput 704.51 ops/sec
Zipfian (Warm-Up) overall: UPDATE average latency 146338.81 ns, UPDATE p99 latency 316149.84 ns, INSERT average latency 0.00 ns, INSERT p99 latency 0.00 ns, READ average latency 5951960.58 ns, READ p99 latency 57632193.43 ns, SCAN average latency 0.00 ns, SCAN p99 latency 0.00 ns, READ_MODIFY_WRITE average latency 0.00 ns, READ_MODIFY_WRITE p99 latency 0.00 ns
ZipfianWorkload: start initializing zipfian variables, might take a while
Zipfian (epoch 0, progress 0.00%): UPDATE throughput 0.00 ops/sec, INSERT throughput 0.00 ops/sec, READ throughput 0.00 ops/sec, SCAN throughput 0.00 ops/sec, READ_MODIFY_WRITE throughput 0.00 ops/sec, total throughput 0.00 ops/sec
Zipfian (epoch 1, progress 0.05%): UPDATE throughput 1072.85 ops/sec, INSERT throughput 0.00 ops/sec, READ throughput 20867.04 ops/sec, SCAN throughput 0.00 ops/sec, READ_MODIFY_WRITE throughput 0.00 ops/sec, total throughput 21939.88 ops/sec
Zipfian (epoch 2, progress 0.06%): UPDATE throughput 65.99 ops/sec, INSERT throughput 0.00 ops/sec, READ throughput 1274.85 ops/sec, SCAN throughput 0.00 ops/sec, READ_MODIFY_WRITE throughput 0.00 ops/sec, total throughput 1340.84 ops/sec
Zipfian (epoch 3, progress 0.06%): UPDATE throughput 95.99 ops/sec, INSERT throughput 0.00 ops/sec, READ throughput 1645.80 ops/sec, SCAN throughput 0.00 ops/sec, READ_MODIFY_WRITE throughput 0.00 ops/sec, total throughput 1741.79 ops/sec
Zipfian (epoch 4, progress 0.07%): UPDATE throughput 101.99 ops/sec, INSERT throughput 0.00 ops/sec, READ throughput 1643.77 ops/sec, SCAN throughput 0.00 ops/sec, READ_MODIFY_WRITE throughput 0.00 ops/sec, total throughput 1745.75 ops/sec
Zipfian (epoch 5, progress 0.07%): UPDATE throughput 88.99 ops/sec, INSERT throughput 0.00 ops/sec, READ throughput 1678.81 ops/sec, SCAN throughput 0.00 ops/sec, READ_MODIFY_WRITE throughput 0.00 ops/sec, total throughput 1767.80 ops/sec
Zipfian (epoch 6, progress 0.08%): UPDATE throughput 106.98 ops/sec, INSERT throughput 0.00 ops/sec, READ throughput 1587.76 ops/sec, SCAN throughput 0.00 ops/sec, READ_MODIFY_WRITE throughput 0.00 ops/sec, total throughput 1694.75 ops/sec
Zipfian (epoch 7, progress 0.08%): UPDATE throughput 72.99 ops/sec, INSERT throughput 0.00 ops/sec, READ throughput 1571.76 ops/sec, SCAN throughput 0.00 ops/sec, READ_MODIFY_WRITE throughput 0.00 ops/sec, total throughput 1644.75 ops/sec
Zipfian (epoch 8, progress 0.08%): UPDATE throughput 74.99 ops/sec, INSERT throughput 0.00 ops/sec, READ throughput 1472.79 ops/sec, SCAN throughput 0.00 ops/sec, READ_MODIFY_WRITE throughput 0.00 ops/sec, total throughput 1547.78 ops/sec
Zipfian (epoch 9, progress 0.09%): UPDATE throughput 80.99 ops/sec, INSERT throughput 0.00 ops/sec, READ throughput 1572.78 ops/sec, SCAN throughput 0.00 ops/sec, READ_MODIFY_WRITE throughput 0.00 ops/sec, total throughput 1653.77 ops/sec
Zipfian (epoch 10, progress 0.09%): UPDATE throughput 77.99 ops/sec, INSERT throughput 0.00 ops/sec, READ throughput 1522.79 ops/sec, SCAN throughput 0.00 ops/sec, READ_MODIFY_WRITE throughput 0.00 ops/sec, total throughput 1600.78 ops/sec
Zipfian (epoch 11, progress 0.10%): UPDATE throughput 77.99 ops/sec, INSERT throughput 0.00 ops/sec, READ throughput 1501.78 ops/sec, SCAN throughput 0.00 ops/sec, READ_MODIFY_WRITE throughput 0.00 ops/sec, total throughput 1579.77 ops/sec
Zipfian (epoch 12, progress 0.10%): UPDATE throughput 71.99 ops/sec, INSERT throughput 0.00 ops/sec, READ throughput 1580.85 ops/sec, SCAN throughput 0.00 ops/sec, READ_MODIFY_WRITE throughput 0.00 ops/sec, total throughput 1652.84 ops/sec
Zipfian (epoch 13, progress 0.10%): UPDATE throughput 85.99 ops/sec, INSERT throughput 0.00 ops/sec, READ throughput 1727.83 ops/sec, SCAN throughput 0.00 ops/sec, READ_MODIFY_WRITE throughput 0.00 ops/sec, total throughput 1813.82 ops/sec
Zipfian (epoch 14, progress 0.11%): UPDATE throughput 87.99 ops/sec, INSERT throughput 0.00 ops/sec, READ throughput 1669.83 ops/sec, SCAN throughput 0.00 ops/sec, READ_MODIFY_WRITE throughput 0.00 ops/sec, total throughput 1757.82 ops/sec
Zipfian (epoch 15, progress 0.11%): UPDATE throughput 80.99 ops/sec, INSERT throughput 0.00 ops/sec, READ throughput 1676.77 ops/sec, SCAN throughput 0.00 ops/sec, READ_MODIFY_WRITE throughput 0.00 ops/sec, total throughput 1757.76 ops/sec
Zipfian (epoch 16, progress 0.12%): UPDATE throughput 92.99 ops/sec, INSERT throughput 0.00 ops/sec, READ throughput 1735.76 ops/sec, SCAN throughput 0.00 ops/sec, READ_MODIFY_WRITE throughput 0.00 ops/sec, total throughput 1828.75 ops/sec
Zipfian (epoch 17, progress 0.12%): UPDATE throughput 84.99 ops/sec, INSERT throughput 0.00 ops/sec, READ throughput 1610.78 ops/sec, SCAN throughput 0.00 ops/sec, READ_MODIFY_WRITE throughput 0.00 ops/sec, total throughput 1695.77 ops/sec
Zipfian (epoch 18, progress 0.13%): UPDATE throughput 106.99 ops/sec, INSERT throughput 0.00 ops/sec, READ throughput 1701.83 ops/sec, SCAN throughput 0.00 ops/sec, READ_MODIFY_WRITE throughput 0.00 ops/sec, total throughput 1808.82 ops/sec
Zipfian (epoch 19, progress 0.13%): UPDATE throughput 81.99 ops/sec, INSERT throughput 0.00 ops/sec, READ throughput 1531.83 ops/sec, SCAN throughput 0.00 ops/sec, READ_MODIFY_WRITE throughput 0.00 ops/sec, total throughput 1613.82 ops/sec
Zipfian (epoch 20, progress 0.13%): UPDATE throughput 73.99 ops/sec, INSERT throughput 0.00 ops/sec, READ throughput 1493.79 ops/sec, SCAN throughput 0.00 ops/sec, READ_MODIFY_WRITE throughput 0.00 ops/sec, total throughput 1567.78 ops/sec
Zipfian (epoch 21, progress 0.14%): UPDATE throughput 89.99 ops/sec, INSERT throughput 0.00 ops/sec, READ throughput 1622.77 ops/sec, SCAN throughput 0.00 ops/sec, READ_MODIFY_WRITE throughput 0.00 ops/sec, total throughput 1712.76 ops/sec
Zipfian (epoch 22, progress 0.14%): UPDATE throughput 65.99 ops/sec, INSERT throughput 0.00 ops/sec, READ throughput 1450.80 ops/sec, SCAN throughput 0.00 ops/sec, READ_MODIFY_WRITE throughput 0.00 ops/sec, total throughput 1516.79 ops/sec
Zipfian (epoch 23, progress 0.15%): UPDATE throughput 90.99 ops/sec, INSERT throughput 0.00 ops/sec, READ throughput 1752.76 ops/sec, SCAN throughput 0.00 ops/sec, READ_MODIFY_WRITE throughput 0.00 ops/sec, total throughput 1843.75 ops/sec
Zipfian (epoch 24, progress 0.15%): UPDATE throughput 109.99 ops/sec, INSERT throughput 0.00 ops/sec, READ throughput 1751.77 ops/sec, SCAN throughput 0.00 ops/sec, READ_MODIFY_WRITE throughput 0.00 ops/sec, total throughput 1861.75 ops/sec
Zipfian (epoch 25, progress 0.16%): UPDATE throughput 85.99 ops/sec, INSERT throughput 0.00 ops/sec, READ throughput 1567.78 ops/sec, SCAN throughput 0.00 ops/sec, READ_MODIFY_WRITE throughput 0.00 ops/sec, total throughput 1653.77 ops/sec
Zipfian (epoch 26, progress 0.16%): UPDATE throughput 106.99 ops/sec, INSERT throughput 0.00 ops/sec, READ throughput 1897.80 ops/sec, SCAN throughput 0.00 ops/sec, READ_MODIFY_WRITE throughput 0.00 ops/sec, total throughput 2004.79 ops/sec
Zipfian (epoch 27, progress 0.17%): UPDATE throughput 85.99 ops/sec, INSERT throughput 0.00 ops/sec, READ throughput 1592.78 ops/sec, SCAN throughput 0.00 ops/sec, READ_MODIFY_WRITE throughput 0.00 ops/sec, total throughput 1678.76 ops/sec
Zipfian (epoch 28, progress 0.17%): UPDATE throughput 86.99 ops/sec, INSERT throughput 0.00 ops/sec, READ throughput 1647.77 ops/sec, SCAN throughput 0.00 ops/sec, READ_MODIFY_WRITE throughput 0.00 ops/sec, total throughput 1734.76 ops/sec
Zipfian (epoch 29, progress 0.17%): UPDATE throughput 91.99 ops/sec, INSERT throughput 0.00 ops/sec, READ throughput 1573.84 ops/sec, SCAN throughput 0.00 ops/sec, READ_MODIFY_WRITE throughput 0.00 ops/sec, total throughput 1665.84 ops/sec
Zipfian (epoch 30, progress 0.18%): UPDATE throughput 56.99 ops/sec, INSERT throughput 0.00 ops/sec, READ throughput 1201.83 ops/sec, SCAN throughput 0.00 ops/sec, READ_MODIFY_WRITE throughput 0.00 ops/sec, total throughput 1258.82 ops/sec
Zipfian (epoch 31, progress 0.18%): UPDATE throughput 48.99 ops/sec, INSERT throughput 0.00 ops/sec, READ throughput 857.91 ops/sec, SCAN throughput 0.00 ops/sec, READ_MODIFY_WRITE throughput 0.00 ops/sec, total throughput 906.91 ops/sec
Zipfian (epoch 32, progress 0.18%): UPDATE throughput 77.99 ops/sec, INSERT throughput 0.00 ops/sec, READ throughput 1414.83 ops/sec, SCAN throughput 0.00 ops/sec, READ_MODIFY_WRITE throughput 0.00 ops/sec, total throughput 1492.82 ops/sec
Zipfian (epoch 33, progress 0.19%): UPDATE throughput 92.99 ops/sec, INSERT throughput 0.00 ops/sec, READ throughput 1493.86 ops/sec, SCAN throughput 0.00 ops/sec, READ_MODIFY_WRITE throughput 0.00 ops/sec, total throughput 1586.85 ops/sec
Zipfian (epoch 34, progress 0.19%): UPDATE throughput 78.99 ops/sec, INSERT throughput 0.00 ops/sec, READ throughput 1535.86 ops/sec, SCAN throughput 0.00 ops/sec, READ_MODIFY_WRITE throughput 0.00 ops/sec, total throughput 1614.85 ops/sec
Zipfian (epoch 35, progress 0.19%): UPDATE throughput 82.99 ops/sec, INSERT throughput 0.00 ops/sec, READ throughput 1590.84 ops/sec, SCAN throughput 0.00 ops/sec, READ_MODIFY_WRITE throughput 0.00 ops/sec, total throughput 1673.83 ops/sec
Zipfian (epoch 36, progress 0.20%): UPDATE throughput 69.99 ops/sec, INSERT throughput 0.00 ops/sec, READ throughput 1441.85 ops/sec, SCAN throughput 0.00 ops/sec, READ_MODIFY_WRITE throughput 0.00 ops/sec, total throughput 1511.84 ops/sec
Zipfian (epoch 37, progress 0.20%): UPDATE throughput 68.99 ops/sec, INSERT throughput 0.00 ops/sec, READ throughput 1429.80 ops/sec, SCAN throughput 0.00 ops/sec, READ_MODIFY_WRITE throughput 0.00 ops/sec, total throughput 1498.79 ops/sec
Zipfian (epoch 38, progress 0.21%): UPDATE throughput 77.99 ops/sec, INSERT throughput 0.00 ops/sec, READ throughput 1466.79 ops/sec, SCAN throughput 0.00 ops/sec, READ_MODIFY_WRITE throughput 0.00 ops/sec, total throughput 1544.78 ops/sec
Zipfian (epoch 39, progress 0.21%): UPDATE throughput 85.99 ops/sec, INSERT throughput 0.00 ops/sec, READ throughput 1638.84 ops/sec, SCAN throughput 0.00 ops/sec, READ_MODIFY_WRITE throughput 0.00 ops/sec, total throughput 1724.83 ops/sec
Zipfian (epoch 40, progress 0.21%): UPDATE throughput 74.99 ops/sec, INSERT throughput 0.00 ops/sec, READ throughput 1451.80 ops/sec, SCAN throughput 0.00 ops/sec, READ_MODIFY_WRITE throughput 0.00 ops/sec, total throughput 1526.79 ops/sec
Zipfian (epoch 41, progress 0.22%): UPDATE throughput 69.99 ops/sec, INSERT throughput 0.00 ops/sec, READ throughput 1222.88 ops/sec, SCAN throughput 0.00 ops/sec, READ_MODIFY_WRITE throughput 0.00 ops/sec, total throughput 1292.87 ops/sec
Zipfian (epoch 42, progress 0.22%): UPDATE throughput 80.99 ops/sec, INSERT throughput 0.00 ops/sec, READ throughput 1434.81 ops/sec, SCAN throughput 0.00 ops/sec, READ_MODIFY_WRITE throughput 0.00 ops/sec, total throughput 1515.80 ops/sec
Zipfian (epoch 43, progress 0.23%): UPDATE throughput 95.99 ops/sec, INSERT throughput 0.00 ops/sec, READ throughput 1897.80 ops/sec, SCAN throughput 0.00 ops/sec, READ_MODIFY_WRITE throughput 0.00 ops/sec, total throughput 1993.79 ops/sec
Zipfian (epoch 44, progress 0.23%): UPDATE throughput 90.99 ops/sec, INSERT throughput 0.00 ops/sec, READ throughput 1539.82 ops/sec, SCAN throughput 0.00 ops/sec, READ_MODIFY_WRITE throughput 0.00 ops/sec, total throughput 1630.81 ops/sec
Zipfian (epoch 45, progress 0.23%): UPDATE throughput 85.99 ops/sec, INSERT throughput 0.00 ops/sec, READ throughput 1541.85 ops/sec, SCAN throughput 0.00 ops/sec, READ_MODIFY_WRITE throughput 0.00 ops/sec, total throughput 1627.84 ops/sec
Zipfian (epoch 46, progress 0.24%): UPDATE throughput 60.99 ops/sec, INSERT throughput 0.00 ops/sec, READ throughput 1301.87 ops/sec, SCAN throughput 0.00 ops/sec, READ_MODIFY_WRITE throughput 0.00 ops/sec, total throughput 1362.87 ops/sec
Zipfian (epoch 47, progress 0.24%): UPDATE throughput 69.99 ops/sec, INSERT throughput 0.00 ops/sec, READ throughput 1294.87 ops/sec, SCAN throughput 0.00 ops/sec, READ_MODIFY_WRITE throughput 0.00 ops/sec, total throughput 1364.86 ops/sec
Zipfian (epoch 48, progress 0.25%): UPDATE throughput 70.99 ops/sec, INSERT throughput 0.00 ops/sec, READ throughput 1542.86 ops/sec, SCAN throughput 0.00 ops/sec, READ_MODIFY_WRITE throughput 0.00 ops/sec, total throughput 1613.85 ops/sec
Zipfian (epoch 49, progress 0.25%): UPDATE throughput 56.99 ops/sec, INSERT throughput 0.00 ops/sec, READ throughput 1259.87 ops/sec, SCAN throughput 0.00 ops/sec, READ_MODIFY_WRITE throughput 0.00 ops/sec, total throughput 1316.87 ops/sec
Zipfian (epoch 50, progress 0.25%): UPDATE throughput 80.99 ops/sec, INSERT throughput 0.00 ops/sec, READ throughput 1500.80 ops/sec, SCAN throughput 0.00 ops/sec, READ_MODIFY_WRITE throughput 0.00 ops/sec, total throughput 1581.79 ops/sec
Zipfian (epoch 51, progress 0.26%): UPDATE throughput 65.99 ops/sec, INSERT throughput 0.00 ops/sec, READ throughput 1279.88 ops/sec, SCAN throughput 0.00 ops/sec, READ_MODIFY_WRITE throughput 0.00 ops/sec, total throughput 1345.87 ops/sec
Zipfian (epoch 52, progress 0.26%): UPDATE throughput 70.99 ops/sec, INSERT throughput 0.00 ops/sec, READ throughput 1430.87 ops/sec, SCAN throughput 0.00 ops/sec, READ_MODIFY_WRITE throughput 0.00 ops/sec, total throughput 1501.86 ops/sec
Zipfian (epoch 53, progress 0.26%): UPDATE throughput 73.99 ops/sec, INSERT throughput 0.00 ops/sec, READ throughput 1406.86 ops/sec, SCAN throughput 0.00 ops/sec, READ_MODIFY_WRITE throughput 0.00 ops/sec, total throughput 1480.85 ops/sec
Zipfian (epoch 54, progress 0.27%): UPDATE throughput 82.99 ops/sec, INSERT throughput 0.00 ops/sec, READ throughput 1524.85 ops/sec, SCAN throughput 0.00 ops/sec, READ_MODIFY_WRITE throughput 0.00 ops/sec, total throughput 1607.85 ops/sec
Zipfian (epoch 55, progress 0.27%): UPDATE throughput 72.99 ops/sec, INSERT throughput 0.00 ops/sec, READ throughput 1321.87 ops/sec, SCAN throughput 0.00 ops/sec, READ_MODIFY_WRITE throughput 0.00 ops/sec, total throughput 1394.86 ops/sec
Zipfian (epoch 56, progress 0.27%): UPDATE throughput 70.99 ops/sec, INSERT throughput 0.00 ops/sec, READ throughput 1378.86 ops/sec, SCAN throughput 0.00 ops/sec, READ_MODIFY_WRITE throughput 0.00 ops/sec, total throughput 1449.86 ops/sec
Zipfian (epoch 57, progress 0.28%): UPDATE throughput 66.99 ops/sec, INSERT throughput 0.00 ops/sec, READ throughput 1382.81 ops/sec, SCAN throughput 0.00 ops/sec, READ_MODIFY_WRITE throughput 0.00 ops/sec, total throughput 1449.80 ops/sec
Zipfian (epoch 58, progress 0.28%): UPDATE throughput 74.99 ops/sec, INSERT throughput 0.00 ops/sec, READ throughput 1511.79 ops/sec, SCAN throughput 0.00 ops/sec, READ_MODIFY_WRITE throughput 0.00 ops/sec, total throughput 1586.78 ops/sec
Zipfian (epoch 59, progress 0.29%): UPDATE throughput 75.99 ops/sec, INSERT throughput 0.00 ops/sec, READ throughput 1378.85 ops/sec, SCAN throughput 0.00 ops/sec, READ_MODIFY_WRITE throughput 0.00 ops/sec, total throughput 1454.84 ops/sec
Zipfian (epoch 60, progress 0.29%): UPDATE throughput 65.99 ops/sec, INSERT throughput 0.00 ops/sec, READ throughput 1448.84 ops/sec, SCAN throughput 0.00 ops/sec, READ_MODIFY_WRITE throughput 0.00 ops/sec, total throughput 1514.83 ops/sec
Zipfian (epoch 61, progress 0.29%): UPDATE throughput 68.99 ops/sec, INSERT throughput 0.00 ops/sec, READ throughput 1332.82 ops/sec, SCAN throughput 0.00 ops/sec, READ_MODIFY_WRITE throughput 0.00 ops/sec, total throughput 1401.81 ops/sec
Zipfian (epoch 62, progress 0.30%): UPDATE throughput 63.99 ops/sec, INSERT throughput 0.00 ops/sec, READ throughput 1416.81 ops/sec, SCAN throughput 0.00 ops/sec, READ_MODIFY_WRITE throughput 0.00 ops/sec, total throughput 1480.80 ops/sec
Zipfian (epoch 63, progress 0.30%): UPDATE throughput 76.99 ops/sec, INSERT throughput 0.00 ops/sec, READ throughput 1515.85 ops/sec, SCAN throughput 0.00 ops/sec, READ_MODIFY_WRITE throughput 0.00 ops/sec, total throughput 1592.84 ops/sec
Zipfian (epoch 64, progress 0.30%): UPDATE throughput 79.99 ops/sec, INSERT throughput 0.00 ops/sec, READ throughput 1527.78 ops/sec, SCAN throughput 0.00 ops/sec, READ_MODIFY_WRITE throughput 0.00 ops/sec, total throughput 1607.76 ops/sec
Zipfian (epoch 65, progress 0.31%): UPDATE throughput 76.99 ops/sec, INSERT throughput 0.00 ops/sec, READ throughput 1304.85 ops/sec, SCAN throughput 0.00 ops/sec, READ_MODIFY_WRITE throughput 0.00 ops/sec, total throughput 1381.84 ops/sec
Zipfian (epoch 66, progress 0.31%): UPDATE throughput 71.99 ops/sec, INSERT throughput 0.00 ops/sec, READ throughput 1538.79 ops/sec, SCAN throughput 0.00 ops/sec, READ_MODIFY_WRITE throughput 0.00 ops/sec, total throughput 1610.78 ops/sec
Zipfian (epoch 67, progress 0.32%): UPDATE throughput 62.99 ops/sec, INSERT throughput 0.00 ops/sec, READ throughput 1420.80 ops/sec, SCAN throughput 0.00 ops/sec, READ_MODIFY_WRITE throughput 0.00 ops/sec, total throughput 1483.79 ops/sec
Zipfian (epoch 68, progress 0.32%): UPDATE throughput 89.99 ops/sec, INSERT throughput 0.00 ops/sec, READ throughput 1497.79 ops/sec, SCAN throughput 0.00 ops/sec, READ_MODIFY_WRITE throughput 0.00 ops/sec, total throughput 1587.78 ops/sec
Zipfian (epoch 69, progress 0.32%): UPDATE throughput 61.99 ops/sec, INSERT throughput 0.00 ops/sec, READ throughput 1324.82 ops/sec, SCAN throughput 0.00 ops/sec, READ_MODIFY_WRITE throughput 0.00 ops/sec, total throughput 1386.81 ops/sec
Zipfian (epoch 70, progress 0.33%): UPDATE throughput 56.99 ops/sec, INSERT throughput 0.00 ops/sec, READ throughput 1395.81 ops/sec, SCAN throughput 0.00 ops/sec, READ_MODIFY_WRITE throughput 0.00 ops/sec, total throughput 1452.80 ops/sec
Zipfian (epoch 71, progress 0.33%): UPDATE throughput 54.99 ops/sec, INSERT throughput 0.00 ops/sec, READ throughput 1311.80 ops/sec, SCAN throughput 0.00 ops/sec, READ_MODIFY_WRITE throughput 0.00 ops/sec, total throughput 1366.79 ops/sec
Zipfian (epoch 72, progress 0.33%): UPDATE throughput 12.00 ops/sec, INSERT throughput 0.00 ops/sec, READ throughput 608.90 ops/sec, SCAN throughput 0.00 ops/sec, READ_MODIFY_WRITE throughput 0.00 ops/sec, total throughput 620.90 ops/sec
Zipfian (epoch 73, progress 0.33%): UPDATE throughput 0.00 ops/sec, INSERT throughput 0.00 ops/sec, READ throughput 0.00 ops/sec, SCAN throughput 0.00 ops/sec, READ_MODIFY_WRITE throughput 0.00 ops/sec, total throughput 0.00 ops/sec
Zipfian (epoch 74, progress 0.34%): UPDATE throughput 58.99 ops/sec, INSERT throughput 0.00 ops/sec, READ throughput 1152.84 ops/sec, SCAN throughput 0.00 ops/sec, READ_MODIFY_WRITE throughput 0.00 ops/sec, total throughput 1211.84 ops/sec
Zipfian (epoch 75, progress 0.34%): UPDATE throughput 57.99 ops/sec, INSERT throughput 0.00 ops/sec, READ throughput 1175.84 ops/sec, SCAN throughput 0.00 ops/sec, READ_MODIFY_WRITE throughput 0.00 ops/sec, total throughput 1233.84 ops/sec
Zipfian (epoch 76, progress 0.34%): UPDATE throughput 49.99 ops/sec, INSERT throughput 0.00 ops/sec, READ throughput 1353.82 ops/sec, SCAN throughput 0.00 ops/sec, READ_MODIFY_WRITE throughput 0.00 ops/sec, total throughput 1403.81 ops/sec
Zipfian (epoch 77, progress 0.34%): UPDATE throughput 62.99 ops/sec, INSERT throughput 0.00 ops/sec, READ throughput 1128.89 ops/sec, SCAN throughput 0.00 ops/sec, READ_MODIFY_WRITE throughput 0.00 ops/sec, total throughput 1191.88 ops/sec
Zipfian (epoch 78, progress 0.35%): UPDATE throughput 64.99 ops/sec, INSERT throughput 0.00 ops/sec, READ throughput 1114.85 ops/sec, SCAN throughput 0.00 ops/sec, READ_MODIFY_WRITE throughput 0.00 ops/sec, total throughput 1179.84 ops/sec
Zipfian (epoch 79, progress 0.35%): UPDATE throughput 42.99 ops/sec, INSERT throughput 0.00 ops/sec, READ throughput 1108.85 ops/sec, SCAN throughput 0.00 ops/sec, READ_MODIFY_WRITE throughput 0.00 ops/sec, total throughput 1151.84 ops/sec
Zipfian (epoch 80, progress 0.35%): UPDATE throughput 67.99 ops/sec, INSERT throughput 0.00 ops/sec, READ throughput 1270.83 ops/sec, SCAN throughput 0.00 ops/sec, READ_MODIFY_WRITE throughput 0.00 ops/sec, total throughput 1338.82 ops/sec
Zipfian (epoch 81, progress 0.36%): UPDATE throughput 73.99 ops/sec, INSERT throughput 0.00 ops/sec, READ throughput 1306.82 ops/sec, SCAN throughput 0.00 ops/sec, READ_MODIFY_WRITE throughput 0.00 ops/sec, total throughput 1380.81 ops/sec
Zipfian (epoch 82, progress 0.36%): UPDATE throughput 83.99 ops/sec, INSERT throughput 0.00 ops/sec, READ throughput 1377.81 ops/sec, SCAN throughput 0.00 ops/sec, READ_MODIFY_WRITE throughput 0.00 ops/sec, total throughput 1461.80 ops/sec
Zipfian (epoch 83, progress 0.36%): UPDATE throughput 63.99 ops/sec, INSERT throughput 0.00 ops/sec, READ throughput 1342.82 ops/sec, SCAN throughput 0.00 ops/sec, READ_MODIFY_WRITE throughput 0.00 ops/sec, total throughput 1406.81 ops/sec
Zipfian (epoch 84, progress 0.37%): UPDATE throughput 71.99 ops/sec, INSERT throughput 0.00 ops/sec, READ throughput 1480.79 ops/sec, SCAN throughput 0.00 ops/sec, READ_MODIFY_WRITE throughput 0.00 ops/sec, total throughput 1552.78 ops/sec
Zipfian (epoch 85, progress 0.37%): UPDATE throughput 90.99 ops/sec, INSERT throughput 0.00 ops/sec, READ throughput 1576.78 ops/sec, SCAN throughput 0.00 ops/sec, READ_MODIFY_WRITE throughput 0.00 ops/sec, total throughput 1667.77 ops/sec
Zipfian (epoch 86, progress 0.38%): UPDATE throughput 69.99 ops/sec, INSERT throughput 0.00 ops/sec, READ throughput 1384.85 ops/sec, SCAN throughput 0.00 ops/sec, READ_MODIFY_WRITE throughput 0.00 ops/sec, total throughput 1454.84 ops/sec
Zipfian (epoch 87, progress 0.38%): UPDATE throughput 86.99 ops/sec, INSERT throughput 0.00 ops/sec, READ throughput 1555.78 ops/sec, SCAN throughput 0.00 ops/sec, READ_MODIFY_WRITE throughput 0.00 ops/sec, total throughput 1642.77 ops/sec
Zipfian (epoch 88, progress 0.38%): UPDATE throughput 89.99 ops/sec, INSERT throughput 0.00 ops/sec, READ throughput 1504.80 ops/sec, SCAN throughput 0.00 ops/sec, READ_MODIFY_WRITE throughput 0.00 ops/sec, total throughput 1594.78 ops/sec
Zipfian (epoch 89, progress 0.39%): UPDATE throughput 72.99 ops/sec, INSERT throughput 0.00 ops/sec, READ throughput 1161.84 ops/sec, SCAN throughput 0.00 ops/sec, READ_MODIFY_WRITE throughput 0.00 ops/sec, total throughput 1234.83 ops/sec
Zipfian (epoch 90, progress 0.39%): UPDATE throughput 58.99 ops/sec, INSERT throughput 0.00 ops/sec, READ throughput 1005.86 ops/sec, SCAN throughput 0.00 ops/sec, READ_MODIFY_WRITE throughput 0.00 ops/sec, total throughput 1064.86 ops/sec
Zipfian (epoch 91, progress 0.39%): UPDATE throughput 52.99 ops/sec, INSERT throughput 0.00 ops/sec, READ throughput 1037.86 ops/sec, SCAN throughput 0.00 ops/sec, READ_MODIFY_WRITE throughput 0.00 ops/sec, total throughput 1090.85 ops/sec
Zipfian (epoch 92, progress 0.40%): UPDATE throughput 51.99 ops/sec, INSERT throughput 0.00 ops/sec, READ throughput 1150.84 ops/sec, SCAN throughput 0.00 ops/sec, READ_MODIFY_WRITE throughput 0.00 ops/sec, total throughput 1202.83 ops/sec
Zipfian (epoch 93, progress 0.40%): UPDATE throughput 50.99 ops/sec, INSERT throughput 0.00 ops/sec, READ throughput 1067.85 ops/sec, SCAN throughput 0.00 ops/sec, READ_MODIFY_WRITE throughput 0.00 ops/sec, total throughput 1118.84 ops/sec
Zipfian (epoch 94, progress 0.40%): UPDATE throughput 51.99 ops/sec, INSERT throughput 0.00 ops/sec, READ throughput 1089.85 ops/sec, SCAN throughput 0.00 ops/sec, READ_MODIFY_WRITE throughput 0.00 ops/sec, total throughput 1141.85 ops/sec
Zipfian (epoch 95, progress 0.40%): UPDATE throughput 53.99 ops/sec, INSERT throughput 0.00 ops/sec, READ throughput 1067.89 ops/sec, SCAN throughput 0.00 ops/sec, READ_MODIFY_WRITE throughput 0.00 ops/sec, total throughput 1121.88 ops/sec
Zipfian (epoch 96, progress 0.41%): UPDATE throughput 58.99 ops/sec, INSERT throughput 0.00 ops/sec, READ throughput 1239.83 ops/sec, SCAN throughput 0.00 ops/sec, READ_MODIFY_WRITE throughput 0.00 ops/sec, total throughput 1298.82 ops/sec
Zipfian (epoch 97, progress 0.41%): UPDATE throughput 41.99 ops/sec, INSERT throughput 0.00 ops/sec, READ throughput 1275.83 ops/sec, SCAN throughput 0.00 ops/sec, READ_MODIFY_WRITE throughput 0.00 ops/sec, total throughput 1317.82 ops/sec
Zipfian (epoch 98, progress 0.41%): UPDATE throughput 58.99 ops/sec, INSERT throughput 0.00 ops/sec, READ throughput 1181.84 ops/sec, SCAN throughput 0.00 ops/sec, READ_MODIFY_WRITE throughput 0.00 ops/sec, total throughput 1240.83 ops/sec
Zipfian (epoch 99, progress 0.42%): UPDATE throughput 50.99 ops/sec, INSERT throughput 0.00 ops/sec, READ throughput 1058.85 ops/sec, SCAN throughput 0.00 ops/sec, READ_MODIFY_WRITE throughput 0.00 ops/sec, total throughput 1109.84 ops/sec
Zipfian (epoch 100, progress 0.42%): UPDATE throughput 48.99 ops/sec, INSERT throughput 0.00 ops/sec, READ throughput 1121.84 ops/sec, SCAN throughput 0.00 ops/sec, READ_MODIFY_WRITE throughput 0.00 ops/sec, total throughput 1170.84 ops/sec
Zipfian (epoch 101, progress 0.42%): UPDATE throughput 70.99 ops/sec, INSERT throughput 0.00 ops/sec, READ throughput 1505.80 ops/sec, SCAN throughput 0.00 ops/sec, READ_MODIFY_WRITE throughput 0.00 ops/sec, total throughput 1576.79 ops/sec
Zipfian (epoch 102, progress 0.43%): UPDATE throughput 59.99 ops/sec, INSERT throughput 0.00 ops/sec, READ throughput 1466.78 ops/sec, SCAN throughput 0.00 ops/sec, READ_MODIFY_WRITE throughput 0.00 ops/sec, total throughput 1526.77 ops/sec
Zipfian (epoch 103, progress 0.43%): UPDATE throughput 60.99 ops/sec, INSERT throughput 0.00 ops/sec, READ throughput 1067.85 ops/sec, SCAN throughput 0.00 ops/sec, READ_MODIFY_WRITE throughput 0.00 ops/sec, total throughput 1128.85 ops/sec
Zipfian (epoch 104, progress 0.43%): UPDATE throughput 70.99 ops/sec, INSERT throughput 0.00 ops/sec, READ throughput 1321.82 ops/sec, SCAN throughput 0.00 ops/sec, READ_MODIFY_WRITE throughput 0.00 ops/sec, total throughput 1392.81 ops/sec
Zipfian (epoch 105, progress 0.44%): UPDATE throughput 78.99 ops/sec, INSERT throughput 0.00 ops/sec, READ throughput 1632.78 ops/sec, SCAN throughput 0.00 ops/sec, READ_MODIFY_WRITE throughput 0.00 ops/sec, total throughput 1711.77 ops/sec
Zipfian (epoch 106, progress 0.44%): UPDATE throughput 65.99 ops/sec, INSERT throughput 0.00 ops/sec, READ throughput 1267.83 ops/sec, SCAN throughput 0.00 ops/sec, READ_MODIFY_WRITE throughput 0.00 ops/sec, total throughput 1333.82 ops/sec
Zipfian (epoch 107, progress 0.44%): UPDATE throughput 70.99 ops/sec, INSERT throughput 0.00 ops/sec, READ throughput 1389.81 ops/sec, SCAN throughput 0.00 ops/sec, READ_MODIFY_WRITE throughput 0.00 ops/sec, total throughput 1460.80 ops/sec
Zipfian (epoch 108, progress 0.45%): UPDATE throughput 76.99 ops/sec, INSERT throughput 0.00 ops/sec, READ throughput 1261.83 ops/sec, SCAN throughput 0.00 ops/sec, READ_MODIFY_WRITE throughput 0.00 ops/sec, total throughput 1338.82 ops/sec
Zipfian (epoch 109, progress 0.45%): UPDATE throughput 67.99 ops/sec, INSERT throughput 0.00 ops/sec, READ throughput 1315.82 ops/sec, SCAN throughput 0.00 ops/sec, READ_MODIFY_WRITE throughput 0.00 ops/sec, total throughput 1383.81 ops/sec
Zipfian (epoch 110, progress 0.46%): UPDATE throughput 72.99 ops/sec, INSERT throughput 0.00 ops/sec, READ throughput 1357.82 ops/sec, SCAN throughput 0.00 ops/sec, READ_MODIFY_WRITE throughput 0.00 ops/sec, total throughput 1430.81 ops/sec
Zipfian (epoch 111, progress 0.46%): UPDATE throughput 92.99 ops/sec, INSERT throughput 0.00 ops/sec, READ throughput 1325.82 ops/sec, SCAN throughput 0.00 ops/sec, READ_MODIFY_WRITE throughput 0.00 ops/sec, total throughput 1418.81 ops/sec
Zipfian (epoch 112, progress 0.46%): UPDATE throughput 79.99 ops/sec, INSERT throughput 0.00 ops/sec, READ throughput 1588.85 ops/sec, SCAN throughput 0.00 ops/sec, READ_MODIFY_WRITE throughput 0.00 ops/sec, total throughput 1668.84 ops/sec
Zipfian (epoch 113, progress 0.47%): UPDATE throughput 74.99 ops/sec, INSERT throughput 0.00 ops/sec, READ throughput 1398.81 ops/sec, SCAN throughput 0.00 ops/sec, READ_MODIFY_WRITE throughput 0.00 ops/sec, total throughput 1473.80 ops/sec
Zipfian (epoch 114, progress 0.47%): UPDATE throughput 70.99 ops/sec, INSERT throughput 0.00 ops/sec, READ throughput 1361.82 ops/sec, SCAN throughput 0.00 ops/sec, READ_MODIFY_WRITE throughput 0.00 ops/sec, total throughput 1432.81 ops/sec
Zipfian (epoch 115, progress 0.47%): UPDATE throughput 89.99 ops/sec, INSERT throughput 0.00 ops/sec, READ throughput 1410.81 ops/sec, SCAN throughput 0.00 ops/sec, READ_MODIFY_WRITE throughput 0.00 ops/sec, total throughput 1500.80 ops/sec
Zipfian (epoch 116, progress 0.48%): UPDATE throughput 74.99 ops/sec, INSERT throughput 0.00 ops/sec, READ throughput 1389.86 ops/sec, SCAN throughput 0.00 ops/sec, READ_MODIFY_WRITE throughput 0.00 ops/sec, total throughput 1464.85 ops/sec
Zipfian (epoch 117, progress 0.48%): UPDATE throughput 65.99 ops/sec, INSERT throughput 0.00 ops/sec, READ throughput 1386.87 ops/sec, SCAN throughput 0.00 ops/sec, READ_MODIFY_WRITE throughput 0.00 ops/sec, total throughput 1452.86 ops/sec
Zipfian (epoch 118, progress 0.49%): UPDATE throughput 74.99 ops/sec, INSERT throughput 0.00 ops/sec, READ throughput 1562.84 ops/sec, SCAN throughput 0.00 ops/sec, READ_MODIFY_WRITE throughput 0.00 ops/sec, total throughput 1637.83 ops/sec
Zipfian (epoch 119, progress 0.49%): UPDATE throughput 79.99 ops/sec, INSERT throughput 0.00 ops/sec, READ throughput 1335.87 ops/sec, SCAN throughput 0.00 ops/sec, READ_MODIFY_WRITE throughput 0.00 ops/sec, total throughput 1415.86 ops/sec
Zipfian (epoch 120, progress 0.49%): UPDATE throughput 68.99 ops/sec, INSERT throughput 0.00 ops/sec, READ throughput 1188.85 ops/sec, SCAN throughput 0.00 ops/sec, READ_MODIFY_WRITE throughput 0.00 ops/sec, total throughput 1257.84 ops/sec
time's up!
Zipfian: calculating overall performance metrics... (might take a while)
Zipfian overall: UPDATE throughput 81.20 ops/sec, INSERT throughput 0.00 ops/sec, READ throughput 1559.06 ops/sec, SCAN throughput 0.00 ops/sec, READ_MODIFY_WRITE throughput 0.00 ops/sec, total throughput 1640.26 ops/sec
Zipfian overall: UPDATE average latency 1656823.65 ns, UPDATE p99 latency 1377712.94 ns, INSERT average latency 0.00 ns, INSERT p99 latency 0.00 ns, READ average latency 2472234.78 ns, READ p99 latency 37978365.22 ns, SCAN average latency 0.00 ns, SCAN p99 latency 0.00 ns, READ_MODIFY_WRITE average latency 0.00 ns, READ_MODIFY_WRITE p99 latency 0.00 ns

--- wan_writer ---
ZipfianWorkload: start initializing zipfian variables, might take a while
Zipfian (Warm-Up) (epoch 0, progress 0.00%): UPDATE throughput 0.00 ops/sec, INSERT throughput 0.00 ops/sec, READ throughput 0.00 ops/sec, SCAN throughput 0.00 ops/sec, READ_MODIFY_WRITE throughput 0.00 ops/sec, total throughput 0.00 ops/sec
Zipfian (Warm-Up) (epoch 1, progress 0.00%): UPDATE throughput 0.00 ops/sec, INSERT throughput 0.00 ops/sec, READ throughput 234.98 ops/sec, SCAN throughput 0.00 ops/sec, READ_MODIFY_WRITE throughput 248.98 ops/sec, total throughput 483.96 ops/sec
Zipfian (Warm-Up) (epoch 2, progress 0.00%): UPDATE throughput 0.00 ops/sec, INSERT throughput 0.00 ops/sec, READ throughput 250.97 ops/sec, SCAN throughput 0.00 ops/sec, READ_MODIFY_WRITE throughput 292.96 ops/sec, total throughput 543.92 ops/sec
Zipfian (Warm-Up) (epoch 3, progress 0.00%): UPDATE throughput 0.00 ops/sec, INSERT throughput 0.00 ops/sec, READ throughput 324.95 ops/sec, SCAN throughput 0.00 ops/sec, READ_MODIFY_WRITE throughput 318.96 ops/sec, total throughput 643.91 ops/sec
Zipfian (Warm-Up) (epoch 4, progress 0.01%): UPDATE throughput 0.00 ops/sec, INSERT throughput 0.00 ops/sec, READ throughput 335.95 ops/sec, SCAN throughput 0.00 ops/sec, READ_MODIFY_WRITE throughput 330.95 ops/sec, total throughput 666.90 ops/sec
Zipfian (Warm-Up) (epoch 5, progress 0.01%): UPDATE throughput 0.00 ops/sec, INSERT throughput 0.00 ops/sec, READ throughput 335.95 ops/sec, SCAN throughput 0.00 ops/sec, READ_MODIFY_WRITE throughput 311.95 ops/sec, total throughput 647.90 ops/sec
Zipfian (Warm-Up) (epoch 6, progress 0.01%): UPDATE throughput 0.00 ops/sec, INSERT throughput 0.00 ops/sec, READ throughput 359.94 ops/sec, SCAN throughput 0.00 ops/sec, READ_MODIFY_WRITE throughput 375.94 ops/sec, total throughput 735.88 ops/sec
Zipfian (Warm-Up) (epoch 7, progress 0.01%): UPDATE throughput 0.00 ops/sec, INSERT throughput 0.00 ops/sec, READ throughput 345.95 ops/sec, SCAN throughput 0.00 ops/sec, READ_MODIFY_WRITE throughput 347.95 ops/sec, total throughput 693.90 ops/sec
Zipfian (Warm-Up) (epoch 8, progress 0.01%): UPDATE throughput 0.00 ops/sec, INSERT throughput 0.00 ops/sec, READ throughput 369.94 ops/sec, SCAN throughput 0.00 ops/sec, READ_MODIFY_WRITE throughput 358.95 ops/sec, total throughput 728.89 ops/sec
Zipfian (Warm-Up) (epoch 9, progress 0.01%): UPDATE throughput 0.00 ops/sec, INSERT throughput 0.00 ops/sec, READ throughput 323.95 ops/sec, SCAN throughput 0.00 ops/sec, READ_MODIFY_WRITE throughput 361.95 ops/sec, total throughput 685.90 ops/sec
Zipfian (Warm-Up) (epoch 10, progress 0.02%): UPDATE throughput 0.00 ops/sec, INSERT throughput 0.00 ops/sec, READ throughput 451.93 ops/sec, SCAN throughput 0.00 ops/sec, READ_MODIFY_WRITE throughput 460.93 ops/sec, total throughput 912.86 ops/sec
Zipfian (Warm-Up) (epoch 11, progress 0.02%): UPDATE throughput 0.00 ops/sec, INSERT throughput 0.00 ops/sec, READ throughput 371.94 ops/sec, SCAN throughput 0.00 ops/sec, READ_MODIFY_WRITE throughput 342.95 ops/sec, total throughput 714.89 ops/sec
Zipfian (Warm-Up) (epoch 12, progress 0.02%): UPDATE throughput 0.00 ops/sec, INSERT throughput 0.00 ops/sec, READ throughput 470.93 ops/sec, SCAN throughput 0.00 ops/sec, READ_MODIFY_WRITE throughput 437.94 ops/sec, total throughput 908.87 ops/sec
Zipfian (Warm-Up) (epoch 13, progress 0.02%): UPDATE throughput 0.00 ops/sec, INSERT throughput 0.00 ops/sec, READ throughput 530.92 ops/sec, SCAN throughput 0.00 ops/sec, READ_MODIFY_WRITE throughput 537.92 ops/sec, total throughput 1068.85 ops/sec
Zipfian (Warm-Up) (epoch 14, progress 0.03%): UPDATE throughput 0.00 ops/sec, INSERT throughput 0.00 ops/sec, READ throughput 471.93 ops/sec, SCAN throughput 0.00 ops/sec, READ_MODIFY_WRITE throughput 452.93 ops/sec, total throughput 924.86 ops/sec
Zipfian (Warm-Up) (epoch 15, progress 0.03%): UPDATE throughput 0.00 ops/sec, INSERT throughput 0.00 ops/sec, READ throughput 554.92 ops/sec, SCAN throughput 0.00 ops/sec, READ_MODIFY_WRITE throughput 560.92 ops/sec, total throughput 1115.84 ops/sec
Zipfian (Warm-Up) (epoch 16, progress 0.03%): UPDATE throughput 0.00 ops/sec, INSERT throughput 0.00 ops/sec, READ throughput 455.93 ops/sec, SCAN throughput 0.00 ops/sec, READ_MODIFY_WRITE throughput 445.93 ops/sec, total throughput 901.86 ops/sec
Zipfian (Warm-Up) (epoch 17, progress 0.03%): UPDATE throughput 0.00 ops/sec, INSERT throughput 0.00 ops/sec, READ throughput 537.92 ops/sec, SCAN throughput 0.00 ops/sec, READ_MODIFY_WRITE throughput 442.94 ops/sec, total throughput 980.86 ops/sec
Zipfian (Warm-Up) (epoch 18, progress 0.04%): UPDATE throughput 0.00 ops/sec, INSERT throughput 0.00 ops/sec, READ throughput 504.92 ops/sec, SCAN throughput 0.00 ops/sec, READ_MODIFY_WRITE throughput 476.93 ops/sec, total throughput 981.85 ops/sec
Zipfian (Warm-Up) (epoch 19, progress 0.04%): UPDATE throughput 0.00 ops/sec, INSERT throughput 0.00 ops/sec, READ throughput 598.92 ops/sec, SCAN throughput 0.00 ops/sec, READ_MODIFY_WRITE throughput 521.93 ops/sec, total throughput 1120.84 ops/sec
Zipfian (Warm-Up) (epoch 20, progress 0.04%): UPDATE throughput 0.00 ops/sec, INSERT throughput 0.00 ops/sec, READ throughput 633.90 ops/sec, SCAN throughput 0.00 ops/sec, READ_MODIFY_WRITE throughput 597.91 ops/sec, total throughput 1231.82 ops/sec
Zipfian (Warm-Up) (epoch 21, progress 0.04%): UPDATE throughput 0.00 ops/sec, INSERT throughput 0.00 ops/sec, READ throughput 567.92 ops/sec, SCAN throughput 0.00 ops/sec, READ_MODIFY_WRITE throughput 575.92 ops/sec, total throughput 1143.84 ops/sec
Zipfian (Warm-Up) (epoch 22, progress 0.05%): UPDATE throughput 0.00 ops/sec, INSERT throughput 0.00 ops/sec, READ throughput 653.91 ops/sec, SCAN throughput 0.00 ops/sec, READ_MODIFY_WRITE throughput 676.90 ops/sec, total throughput 1330.81 ops/sec
Zipfian (Warm-Up) (epoch 23, progress 0.05%): UPDATE throughput 0.00 ops/sec, INSERT throughput 0.00 ops/sec, READ throughput 625.91 ops/sec, SCAN throughput 0.00 ops/sec, READ_MODIFY_WRITE throughput 604.92 ops/sec, total throughput 1230.83 ops/sec
Zipfian (Warm-Up) (epoch 24, progress 0.05%): UPDATE throughput 0.00 ops/sec, INSERT throughput 0.00 ops/sec, READ throughput 615.91 ops/sec, SCAN throughput 0.00 ops/sec, READ_MODIFY_WRITE throughput 627.91 ops/sec, total throughput 1243.81 ops/sec
Zipfian (Warm-Up) (epoch 25, progress 0.06%): UPDATE throughput 0.00 ops/sec, INSERT throughput 0.00 ops/sec, READ throughput 700.90 ops/sec, SCAN throughput 0.00 ops/sec, READ_MODIFY_WRITE throughput 697.90 ops/sec, total throughput 1398.80 ops/sec
Zipfian (Warm-Up) (epoch 26, progress 0.06%): UPDATE throughput 0.00 ops/sec, INSERT throughput 0.00 ops/sec, READ throughput 715.89 ops/sec, SCAN throughput 0.00 ops/sec, READ_MODIFY_WRITE throughput 738.89 ops/sec, total throughput 1454.78 ops/sec
Zipfian (Warm-Up) (epoch 27, progress 0.06%): UPDATE throughput 0.00 ops/sec, INSERT throughput 0.00 ops/sec, READ throughput 673.91 ops/sec, SCAN throughput 0.00 ops/sec, READ_MODIFY_WRITE throughput 662.91 ops/sec, total throughput 1336.82 ops/sec
Zipfian (Warm-Up) (epoch 28, progress 0.07%): UPDATE throughput 0.00 ops/sec, INSERT throughput 0.00 ops/sec, READ throughput 792.89 ops/sec, SCAN throughput 0.00 ops/sec, READ_MODIFY_WRITE throughput 804.89 ops/sec, total throughput 1597.77 ops/sec
Zipfian (Warm-Up) (epoch 29, progress 0.07%): UPDATE throughput 0.00 ops/sec, INSERT throughput 0.00 ops/sec, READ throughput 765.89 ops/sec, SCAN throughput 0.00 ops/sec, READ_MODIFY_WRITE throughput 769.89 ops/sec, total throughput 1535.78 ops/sec
Zipfian (Warm-Up) (epoch 30, progress 0.08%): UPDATE throughput 0.00 ops/sec, INSERT throughput 0.00 ops/sec, READ throughput 858.87 ops/sec, SCAN throughput 0.00 ops/sec, READ_MODIFY_WRITE throughput 879.87 ops/sec, total throughput 1738.74 ops/sec
time's up!
Zipfian (Warm-Up): calculating overall performance metrics... (might take a while)
Zipfian (Warm-Up) overall: UPDATE throughput 0.00 ops/sec, INSERT throughput 0.00 ops/sec, READ throughput 514.62 ops/sec, SCAN throughput 0.00 ops/sec, READ_MODIFY_WRITE throughput 508.96 ops/sec, total throughput 1023.58 ops/sec
Zipfian (Warm-Up) overall: UPDATE average latency 0.00 ns, UPDATE p99 latency 0.00 ns, INSERT average latency 0.00 ns, INSERT p99 latency 0.00 ns, READ average latency 5830202.51 ns, READ p99 latency 54750650.93 ns, SCAN average latency 0.00 ns, SCAN p99 latency 0.00 ns, READ_MODIFY_WRITE average latency 1932116.97 ns, READ_MODIFY_WRITE p99 latency 38824034.89 ns
ZipfianWorkload: start initializing zipfian variables, might take a while
Zipfian (epoch 0, progress 0.00%): UPDATE throughput 0.00 ops/sec, INSERT throughput 0.00 ops/sec, READ throughput 0.00 ops/sec, SCAN throughput 0.00 ops/sec, READ_MODIFY_WRITE throughput 0.00 ops/sec, total throughput 0.00 ops/sec
Zipfian (epoch 1, progress 0.06%): UPDATE throughput 0.00 ops/sec, INSERT throughput 0.00 ops/sec, READ throughput 12740.15 ops/sec, SCAN throughput 0.00 ops/sec, READ_MODIFY_WRITE throughput 12565.18 ops/sec, total throughput 25305.33 ops/sec
Zipfian (epoch 2, progress 0.08%): UPDATE throughput 0.00 ops/sec, INSERT throughput 0.00 ops/sec, READ throughput 3510.54 ops/sec, SCAN throughput 0.00 ops/sec, READ_MODIFY_WRITE throughput 3597.53 ops/sec, total throughput 7108.08 ops/sec
Zipfian (epoch 3, progress 0.09%): UPDATE throughput 0.00 ops/sec, INSERT throughput 0.00 ops/sec, READ throughput 1245.83 ops/sec, SCAN throughput 0.00 ops/sec, READ_MODIFY_WRITE throughput 1223.83 ops/sec, total throughput 2469.65 ops/sec
Zipfian (epoch 4, progress 0.09%): UPDATE throughput 0.00 ops/sec, INSERT throughput 0.00 ops/sec, READ throughput 1353.81 ops/sec, SCAN throughput 0.00 ops/sec, READ_MODIFY_WRITE throughput 1311.81 ops/sec, total throughput 2665.62 ops/sec
Zipfian (epoch 5, progress 0.10%): UPDATE throughput 0.00 ops/sec, INSERT throughput 0.00 ops/sec, READ throughput 1343.81 ops/sec, SCAN throughput 0.00 ops/sec, READ_MODIFY_WRITE throughput 1389.80 ops/sec, total throughput 2733.60 ops/sec
Zipfian (epoch 6, progress 0.11%): UPDATE throughput 0.00 ops/sec, INSERT throughput 0.00 ops/sec, READ throughput 1384.80 ops/sec, SCAN throughput 0.00 ops/sec, READ_MODIFY_WRITE throughput 1335.81 ops/sec, total throughput 2720.61 ops/sec
Zipfian (epoch 7, progress 0.11%): UPDATE throughput 0.00 ops/sec, INSERT throughput 0.00 ops/sec, READ throughput 1429.79 ops/sec, SCAN throughput 0.00 ops/sec, READ_MODIFY_WRITE throughput 1468.79 ops/sec, total throughput 2898.58 ops/sec
Zipfian (epoch 8, progress 0.12%): UPDATE throughput 0.00 ops/sec, INSERT throughput 0.00 ops/sec, READ throughput 1250.82 ops/sec, SCAN throughput 0.00 ops/sec, READ_MODIFY_WRITE throughput 1125.84 ops/sec, total throughput 2376.66 ops/sec
Zipfian (epoch 9, progress 0.13%): UPDATE throughput 0.00 ops/sec, INSERT throughput 0.00 ops/sec, READ throughput 1303.81 ops/sec, SCAN throughput 0.00 ops/sec, READ_MODIFY_WRITE throughput 1294.81 ops/sec, total throughput 2598.63 ops/sec
Zipfian (epoch 10, progress 0.13%): UPDATE throughput 0.00 ops/sec, INSERT throughput 0.00 ops/sec, READ throughput 1455.79 ops/sec, SCAN throughput 0.00 ops/sec, READ_MODIFY_WRITE throughput 1404.80 ops/sec, total throughput 2860.59 ops/sec
Zipfian (epoch 11, progress 0.14%): UPDATE throughput 0.00 ops/sec, INSERT throughput 0.00 ops/sec, READ throughput 1130.84 ops/sec, SCAN throughput 0.00 ops/sec, READ_MODIFY_WRITE throughput 1284.81 ops/sec, total throughput 2415.65 ops/sec
Zipfian (epoch 12, progress 0.15%): UPDATE throughput 0.00 ops/sec, INSERT throughput 0.00 ops/sec, READ throughput 1265.82 ops/sec, SCAN throughput 0.00 ops/sec, READ_MODIFY_WRITE throughput 1225.83 ops/sec, total throughput 2491.65 ops/sec
Zipfian (epoch 13, progress 0.15%): UPDATE throughput 0.00 ops/sec, INSERT throughput 0.00 ops/sec, READ throughput 1238.82 ops/sec, SCAN throughput 0.00 ops/sec, READ_MODIFY_WRITE throughput 1262.82 ops/sec, total throughput 2501.64 ops/sec
Zipfian (epoch 14, progress 0.16%): UPDATE throughput 0.00 ops/sec, INSERT throughput 0.00 ops/sec, READ throughput 1028.85 ops/sec, SCAN throughput 0.00 ops/sec, READ_MODIFY_WRITE throughput 1005.86 ops/sec, total throughput 2034.71 ops/sec
Zipfian (epoch 15, progress 0.16%): UPDATE throughput 0.00 ops/sec, INSERT throughput 0.00 ops/sec, READ throughput 899.87 ops/sec, SCAN throughput 0.00 ops/sec, READ_MODIFY_WRITE throughput 884.88 ops/sec, total throughput 1784.75 ops/sec
Zipfian (epoch 16, progress 0.17%): UPDATE throughput 0.00 ops/sec, INSERT throughput 0.00 ops/sec, READ throughput 1018.86 ops/sec, SCAN throughput 0.00 ops/sec, READ_MODIFY_WRITE throughput 1101.85 ops/sec, total throughput 2120.70 ops/sec
Zipfian (epoch 17, progress 0.17%): UPDATE throughput 0.00 ops/sec, INSERT throughput 0.00 ops/sec, READ throughput 907.87 ops/sec, SCAN throughput 0.00 ops/sec, READ_MODIFY_WRITE throughput 892.87 ops/sec, total throughput 1800.75 ops/sec
Zipfian (epoch 18, progress 0.18%): UPDATE throughput 0.00 ops/sec, INSERT throughput 0.00 ops/sec, READ throughput 907.87 ops/sec, SCAN throughput 0.00 ops/sec, READ_MODIFY_WRITE throughput 867.88 ops/sec, total throughput 1775.75 ops/sec
Zipfian (epoch 19, progress 0.18%): UPDATE throughput 0.00 ops/sec, INSERT throughput 0.00 ops/sec, READ throughput 889.88 ops/sec, SCAN throughput 0.00 ops/sec, READ_MODIFY_WRITE throughput 896.87 ops/sec, total throughput 1786.75 ops/sec
Zipfian (epoch 20, progress 0.19%): UPDATE throughput 0.00 ops/sec, INSERT throughput 0.00 ops/sec, READ throughput 995.86 ops/sec, SCAN throughput 0.00 ops/sec, READ_MODIFY_WRITE throughput 902.87 ops/sec, total throughput 1898.73 ops/sec
Zipfian (epoch 21, progress 0.19%): UPDATE throughput 0.00 ops/sec, INSERT throughput 0.00 ops/sec, READ throughput 896.87 ops/sec, SCAN throughput 0.00 ops/sec, READ_MODIFY_WRITE throughput 921.87 ops/sec, total throughput 1818.74 ops/sec
Zipfian (epoch 22, progress 0.19%): UPDATE throughput 0.00 ops/sec, INSERT throughput 0.00 ops/sec, READ throughput 872.88 ops/sec, SCAN throughput 0.00 ops/sec, READ_MODIFY_WRITE throughput 940.87 ops/sec, total throughput 1813.75 ops/sec
Zipfian (epoch 23, progress 0.20%): UPDATE throughput 0.00 ops/sec, INSERT throughput 0.00 ops/sec, READ throughput 924.87 ops/sec, SCAN throughput 0.00 ops/sec, READ_MODIFY_WRITE throughput 885.88 ops/sec, total throughput 1810.75 ops/sec
Zipfian (epoch 24, progress 0.20%): UPDATE throughput 0.00 ops/sec, INSERT throughput 0.00 ops/sec, READ throughput 878.88 ops/sec, SCAN throughput 0.00 ops/sec, READ_MODIFY_WRITE throughput 859.88 ops/sec, total throughput 1738.76 ops/sec
Zipfian (epoch 25, progress 0.21%): UPDATE throughput 0.00 ops/sec, INSERT throughput 0.00 ops/sec, READ throughput 982.86 ops/sec, SCAN throughput 0.00 ops/sec, READ_MODIFY_WRITE throughput 968.87 ops/sec, total throughput 1951.73 ops/sec
Zipfian (epoch 26, progress 0.21%): UPDATE throughput 0.00 ops/sec, INSERT throughput 0.00 ops/sec, READ throughput 983.86 ops/sec, SCAN throughput 0.00 ops/sec, READ_MODIFY_WRITE throughput 987.86 ops/sec, total throughput 1971.72 ops/sec
Zipfian (epoch 27, progress 0.22%): UPDATE throughput 0.00 ops/sec, INSERT throughput 0.00 ops/sec, READ throughput 869.88 ops/sec, SCAN throughput 0.00 ops/sec, READ_MODIFY_WRITE throughput 917.87 ops/sec, total throughput 1787.74 ops/sec
Zipfian (epoch 28, progress 0.22%): UPDATE throughput 0.00 ops/sec, INSERT throughput 0.00 ops/sec, READ throughput 950.86 ops/sec, SCAN throughput 0.00 ops/sec, READ_MODIFY_WRITE throughput 890.87 ops/sec, total throughput 1841.73 ops/sec
Zipfian (epoch 29, progress 0.23%): UPDATE throughput 0.00 ops/sec, INSERT throughput 0.00 ops/sec, READ throughput 872.85 ops/sec, SCAN throughput 0.00 ops/sec, READ_MODIFY_WRITE throughput 950.84 ops/sec, total throughput 1823.69 ops/sec
Zipfian (epoch 30, progress 0.23%): UPDATE throughput 0.00 ops/sec, INSERT throughput 0.00 ops/sec, READ throughput 489.93 ops/sec, SCAN throughput 0.00 ops/sec, READ_MODIFY_WRITE throughput 524.92 ops/sec, total throughput 1014.85 ops/sec
Zipfian (epoch 31, progress 0.23%): UPDATE throughput 0.00 ops/sec, INSERT throughput 0.00 ops/sec, READ throughput 697.90 ops/sec, SCAN throughput 0.00 ops/sec, READ_MODIFY_WRITE throughput 683.90 ops/sec, total throughput 1381.80 ops/sec
Zipfian (epoch 32, progress 0.24%): UPDATE throughput 0.00 ops/sec, INSERT throughput 0.00 ops/sec, READ throughput 1127.84 ops/sec, SCAN throughput 0.00 ops/sec, READ_MODIFY_WRITE throughput 1142.84 ops/sec, total throughput 2270.68 ops/sec
Zipfian (epoch 33, progress 0.24%): UPDATE throughput 0.00 ops/sec, INSERT throughput 0.00 ops/sec, READ throughput 1180.83 ops/sec, SCAN throughput 0.00 ops/sec, READ_MODIFY_WRITE throughput 1177.83 ops/sec, total throughput 2358.66 ops/sec
Zipfian (epoch 34, progress 0.25%): UPDATE throughput 0.00 ops/sec, INSERT throughput 0.00 ops/sec, READ throughput 1173.83 ops/sec, SCAN throughput 0.00 ops/sec, READ_MODIFY_WRITE throughput 1216.83 ops/sec, total throughput 2390.66 ops/sec
Zipfian (epoch 35, progress 0.26%): UPDATE throughput 0.00 ops/sec, INSERT throughput 0.00 ops/sec, READ throughput 1319.82 ops/sec, SCAN throughput 0.00 ops/sec, READ_MODIFY_WRITE throughput 1342.81 ops/sec, total throughput 2662.63 ops/sec
Zipfian (epoch 36, progress 0.26%): UPDATE throughput 0.00 ops/sec, INSERT throughput 0.00 ops/sec, READ throughput 1240.82 ops/sec, SCAN throughput 0.00 ops/sec, READ_MODIFY_WRITE throughput 1186.83 ops/sec, total throughput 2427.66 ops/sec
Zipfian (epoch 37, progress 0.27%): UPDATE throughput 0.00 ops/sec, INSERT throughput 0.00 ops/sec, READ throughput 1001.86 ops/sec, SCAN throughput 0.00 ops/sec, READ_MODIFY_WRITE throughput 1004.86 ops/sec, total throughput 2006.72 ops/sec
Zipfian (epoch 38, progress 0.27%): UPDATE throughput 0.00 ops/sec, INSERT throughput 0.00 ops/sec, READ throughput 1088.85 ops/sec, SCAN throughput 0.00 ops/sec, READ_MODIFY_WRITE throughput 1017.86 ops/sec, total throughput 2106.70 ops/sec
Zipfian (epoch 39, progress 0.28%): UPDATE throughput 0.00 ops/sec, INSERT throughput 0.00 ops/sec, READ throughput 1061.85 ops/sec, SCAN throughput 0.00 ops/sec, READ_MODIFY_WRITE throughput 1144.84 ops/sec, total throughput 2206.69 ops/sec
Zipfian (epoch 40, progress 0.29%): UPDATE throughput 0.00 ops/sec, INSERT throughput 0.00 ops/sec, READ throughput 1227.83 ops/sec, SCAN throughput 0.00 ops/sec, READ_MODIFY_WRITE throughput 1264.82 ops/sec, total throughput 2492.65 ops/sec
Zipfian (epoch 41, progress 0.29%): UPDATE throughput 0.00 ops/sec, INSERT throughput 0.00 ops/sec, READ throughput 1115.84 ops/sec, SCAN throughput 0.00 ops/sec, READ_MODIFY_WRITE throughput 1098.85 ops/sec, total throughput 2214.69 ops/sec
Zipfian (epoch 42, progress 0.30%): UPDATE throughput 0.00 ops/sec, INSERT throughput 0.00 ops/sec, READ throughput 1108.85 ops/sec, SCAN throughput 0.00 ops/sec, READ_MODIFY_WRITE throughput 1099.85 ops/sec, total throughput 2208.69 ops/sec
Zipfian (epoch 43, progress 0.30%): UPDATE throughput 0.00 ops/sec, INSERT throughput 0.00 ops/sec, READ throughput 1064.85 ops/sec, SCAN throughput 0.00 ops/sec, READ_MODIFY_WRITE throughput 1080.85 ops/sec, total throughput 2145.70 ops/sec
Zipfian (epoch 44, progress 0.31%): UPDATE throughput 0.00 ops/sec, INSERT throughput 0.00 ops/sec, READ throughput 954.87 ops/sec, SCAN throughput 0.00 ops/sec, READ_MODIFY_WRITE throughput 898.87 ops/sec, total throughput 1853.74 ops/sec
Zipfian (epoch 45, progress 0.31%): UPDATE throughput 0.00 ops/sec, INSERT throughput 0.00 ops/sec, READ throughput 1179.84 ops/sec, SCAN throughput 0.00 ops/sec, READ_MODIFY_WRITE throughput 1167.84 ops/sec, total throughput 2347.68 ops/sec
Zipfian (epoch 46, progress 0.32%): UPDATE throughput 0.00 ops/sec, INSERT throughput 0.00 ops/sec, READ throughput 1024.83 ops/sec, SCAN throughput 0.00 ops/sec, READ_MODIFY_WRITE throughput 1139.82 ops/sec, total throughput 2164.65 ops/sec
Zipfian (epoch 47, progress 0.32%): UPDATE throughput 0.00 ops/sec, INSERT throughput 0.00 ops/sec, READ throughput 1010.85 ops/sec, SCAN throughput 0.00 ops/sec, READ_MODIFY_WRITE throughput 1015.85 ops/sec, total throughput 2026.70 ops/sec
Zipfian (epoch 48, progress 0.33%): UPDATE throughput 0.00 ops/sec, INSERT throughput 0.00 ops/sec, READ throughput 1002.85 ops/sec, SCAN throughput 0.00 ops/sec, READ_MODIFY_WRITE throughput 1039.85 ops/sec, total throughput 2042.70 ops/sec
Zipfian (epoch 49, progress 0.33%): UPDATE throughput 0.00 ops/sec, INSERT throughput 0.00 ops/sec, READ throughput 1034.85 ops/sec, SCAN throughput 0.00 ops/sec, READ_MODIFY_WRITE throughput 997.85 ops/sec, total throughput 2032.70 ops/sec
Zipfian (epoch 50, progress 0.34%): UPDATE throughput 0.00 ops/sec, INSERT throughput 0.00 ops/sec, READ throughput 947.86 ops/sec, SCAN throughput 0.00 ops/sec, READ_MODIFY_WRITE throughput 884.87 ops/sec, total throughput 1832.74 ops/sec
Zipfian (epoch 51, progress 0.34%): UPDATE throughput 0.00 ops/sec, INSERT throughput 0.00 ops/sec, READ throughput 987.86 ops/sec, SCAN throughput 0.00 ops/sec, READ_MODIFY_WRITE throughput 996.86 ops/sec, total throughput 1984.71 ops/sec
Zipfian (epoch 52, progress 0.35%): UPDATE throughput 0.00 ops/sec, INSERT throughput 0.00 ops/sec, READ throughput 805.88 ops/sec, SCAN throughput 0.00 ops/sec, READ_MODIFY_WRITE throughput 797.88 ops/sec, total throughput 1603.77 ops/sec
Zipfian (epoch 53, progress 0.35%): UPDATE throughput 0.00 ops/sec, INSERT throughput 0.00 ops/sec, READ throughput 827.88 ops/sec, SCAN throughput 0.00 ops/sec, READ_MODIFY_WRITE throughput 786.89 ops/sec, total throughput 1614.77 ops/sec
Zipfian (epoch 54, progress 0.35%): UPDATE throughput 0.00 ops/sec, INSERT throughput 0.00 ops/sec, READ throughput 776.89 ops/sec, SCAN throughput 0.00 ops/sec, READ_MODIFY_WRITE throughput 811.88 ops/sec, total throughput 1588.77 ops/sec
Zipfian (epoch 55, progress 0.36%): UPDATE throughput 0.00 ops/sec, INSERT throughput 0.00 ops/sec, READ throughput 680.90 ops/sec, SCAN throughput 0.00 ops/sec, READ_MODIFY_WRITE throughput 655.91 ops/sec, total throughput 1336.81 ops/sec
Zipfian (epoch 56, progress 0.36%): UPDATE throughput 0.00 ops/sec, INSERT throughput 0.00 ops/sec, READ throughput 801.89 ops/sec, SCAN throughput 0.00 ops/sec, READ_MODIFY_WRITE throughput 829.88 ops/sec, total throughput 1631.77 ops/sec
Zipfian (epoch 57, progress 0.37%): UPDATE throughput 0.00 ops/sec, INSERT throughput 0.00 ops/sec, READ throughput 782.89 ops/sec, SCAN throughput 0.00 ops/sec, READ_MODIFY_WRITE throughput 745.90 ops/sec, total throughput 1528.79 ops/sec
Zipfian (epoch 58, progress 0.37%): UPDATE throughput 0.00 ops/sec, INSERT throughput 0.00 ops/sec, READ throughput 725.90 ops/sec, SCAN throughput 0.00 ops/sec, READ_MODIFY_WRITE throughput 732.90 ops/sec, total throughput 1458.80 ops/sec
Zipfian (epoch 59, progress 0.37%): UPDATE throughput 0.00 ops/sec, INSERT throughput 0.00 ops/sec, READ throughput 753.89 ops/sec, SCAN throughput 0.00 ops/sec, READ_MODIFY_WRITE throughput 704.90 ops/sec, total throughput 1458.79 ops/sec
Zipfian (epoch 60, progress 0.38%): UPDATE throughput 0.00 ops/sec, INSERT throughput 0.00 ops/sec, READ throughput 820.89 ops/sec, SCAN throughput 0.00 ops/sec, READ_MODIFY_WRITE throughput 808.89 ops/sec, total throughput 1629.78 ops/sec
Zipfian (epoch 61, progress 0.38%): UPDATE throughput 0.00 ops/sec, INSERT throughput 0.00 ops/sec, READ throughput 850.88 ops/sec, SCAN throughput 0.00 ops/sec, READ_MODIFY_WRITE throughput 773.89 ops/sec, total throughput 1624.77 ops/sec
Zipfian (epoch 62, progress 0.39%): UPDATE throughput 0.00 ops/sec, INSERT throughput 0.00 ops/sec, READ throughput 875.88 ops/sec, SCAN throughput 0.00 ops/sec, READ_MODIFY_WRITE throughput 795.89 ops/sec, total throughput 1671.77 ops/sec
Zipfian (epoch 63, progress 0.39%): UPDATE throughput 0.00 ops/sec, INSERT throughput 0.00 ops/sec, READ throughput 802.89 ops/sec, SCAN throughput 0.00 ops/sec, READ_MODIFY_WRITE throughput 770.89 ops/sec, total throughput 1573.78 ops/sec
Zipfian (epoch 64, progress 0.39%): UPDATE throughput 0.00 ops/sec, INSERT throughput 0.00 ops/sec, READ throughput 789.88 ops/sec, SCAN throughput 0.00 ops/sec, READ_MODIFY_WRITE throughput 827.88 ops/sec, total throughput 1617.76 ops/sec
Zipfian (epoch 65, progress 0.40%): UPDATE throughput 0.00 ops/sec, INSERT throughput 0.00 ops/sec, READ throughput 736.90 ops/sec, SCAN throughput 0.00 ops/sec, READ_MODIFY_WRITE throughput 746.90 ops/sec, total throughput 1483.80 ops/sec
Zipfian (epoch 66, progress 0.40%): UPDATE throughput 0.00 ops/sec, INSERT throughput 0.00 ops/sec, READ throughput 889.88 ops/sec, SCAN throughput 0.00 ops/sec, READ_MODIFY_WRITE throughput 875.88 ops/sec, total throughput 1765.76 ops/sec
Zipfian (epoch 67, progress 0.41%): UPDATE throughput 0.00 ops/sec, INSERT throughput 0.00 ops/sec, READ throughput 819.89 ops/sec, SCAN throughput 0.00 ops/sec, READ_MODIFY_WRITE throughput 738.90 ops/sec, total throughput 1558.79 ops/sec
Zipfian (epoch 68, progress 0.41%): UPDATE throughput 0.00 ops/sec, INSERT throughput 0.00 ops/sec, READ throughput 815.89 ops/sec, SCAN throughput 0.00 ops/sec, READ_MODIFY_WRITE throughput 860.88 ops/sec, total throughput 1676.77 ops/sec
Zipfian (epoch 69, progress 0.41%): UPDATE throughput 0.00 ops/sec, INSERT throughput 0.00 ops/sec, READ throughput 815.88 ops/sec, SCAN throughput 0.00 ops/sec, READ_MODIFY_WRITE throughput 800.89 ops/sec, total throughput 1616.77 ops/sec
Zipfian (epoch 70, progress 0.42%): UPDATE throughput 0.00 ops/sec, INSERT throughput 0.00 ops/sec, READ throughput 714.90 ops/sec, SCAN throughput 0.00 ops/sec, READ_MODIFY_WRITE throughput 766.89 ops/sec, total throughput 1481.79 ops/sec
Zipfian (epoch 71, progress 0.42%): UPDATE throughput 0.00 ops/sec, INSERT throughput 0.00 ops/sec, READ throughput 675.90 ops/sec, SCAN throughput 0.00 ops/sec, READ_MODIFY_WRITE throughput 709.90 ops/sec, total throughput 1385.80 ops/sec
Zipfian (epoch 72, progress 0.42%): UPDATE throughput 0.00 ops/sec, INSERT throughput 0.00 ops/sec, READ throughput 50.99 ops/sec, SCAN throughput 0.00 ops/sec, READ_MODIFY_WRITE throughput 40.99 ops/sec, total throughput 91.99 ops/sec
Zipfian (epoch 73, progress 0.42%): UPDATE throughput 0.00 ops/sec, INSERT throughput 0.00 ops/sec, READ throughput 59.99 ops/sec, SCAN throughput 0.00 ops/sec, READ_MODIFY_WRITE throughput 56.99 ops/sec, total throughput 116.98 ops/sec
Zipfian (epoch 74, progress 0.43%): UPDATE throughput 0.00 ops/sec, INSERT throughput 0.00 ops/sec, READ throughput 705.90 ops/sec, SCAN throughput 0.00 ops/sec, READ_MODIFY_WRITE throughput 715.90 ops/sec, total throughput 1421.80 ops/sec
Zipfian (epoch 75, progress 0.43%): UPDATE throughput 0.00 ops/sec, INSERT throughput 0.00 ops/sec, READ throughput 713.90 ops/sec, SCAN throughput 0.00 ops/sec, READ_MODIFY_WRITE throughput 685.90 ops/sec, total throughput 1399.80 ops/sec
Zipfian (epoch 76, progress 0.43%): UPDATE throughput 0.00 ops/sec, INSERT throughput 0.00 ops/sec, READ throughput 865.88 ops/sec, SCAN throughput 0.00 ops/sec, READ_MODIFY_WRITE throughput 814.88 ops/sec, total throughput 1680.76 ops/sec
Zipfian (epoch 77, progress 0.44%): UPDATE throughput 0.00 ops/sec, INSERT throughput 0.00 ops/sec, READ throughput 876.88 ops/sec, SCAN throughput 0.00 ops/sec, READ_MODIFY_WRITE throughput 815.89 ops/sec, total throughput 1692.76 ops/sec
Zipfian (epoch 78, progress 0.44%): UPDATE throughput 0.00 ops/sec, INSERT throughput 0.00 ops/sec, READ throughput 695.90 ops/sec, SCAN throughput 0.00 ops/sec, READ_MODIFY_WRITE throughput 710.90 ops/sec, total throughput 1406.80 ops/sec
Zipfian (epoch 79, progress 0.44%): UPDATE throughput 0.00 ops/sec, INSERT throughput 0.00 ops/sec, READ throughput 866.88 ops/sec, SCAN throughput 0.00 ops/sec, READ_MODIFY_WRITE throughput 847.88 ops/sec, total throughput 1714.76 ops/sec
Zipfian (epoch 80, progress 0.45%): UPDATE throughput 0.00 ops/sec, INSERT throughput 0.00 ops/sec, READ throughput 751.89 ops/sec, SCAN throughput 0.00 ops/sec, READ_MODIFY_WRITE throughput 769.89 ops/sec, total throughput 1521.78 ops/sec
Zipfian (epoch 81, progress 0.45%): UPDATE throughput 0.00 ops/sec, INSERT throughput 0.00 ops/sec, READ throughput 864.88 ops/sec, SCAN throughput 0.00 ops/sec, READ_MODIFY_WRITE throughput 858.88 ops/sec, total throughput 1723.76 ops/sec
Zipfian (epoch 82, progress 0.46%): UPDATE throughput 0.00 ops/sec, INSERT throughput 0.00 ops/sec, READ throughput 1039.85 ops/sec, SCAN throughput 0.00 ops/sec, READ_MODIFY_WRITE throughput 989.86 ops/sec, total throughput 2029.71 ops/sec
Zipfian (epoch 83, progress 0.46%): UPDATE throughput 0.00 ops/sec, INSERT throughput 0.00 ops/sec, READ throughput 885.88 ops/sec, SCAN throughput 0.00 ops/sec, READ_MODIFY_WRITE throughput 870.88 ops/sec, total throughput 1756.75 ops/sec
Zipfian (epoch 84, progress 0.47%): UPDATE throughput 0.00 ops/sec, INSERT throughput 0.00 ops/sec, READ throughput 915.87 ops/sec, SCAN throughput 0.00 ops/sec, READ_MODIFY_WRITE throughput 978.86 ops/sec, total throughput 1894.73 ops/sec
Zipfian (epoch 85, progress 0.47%): UPDATE throughput 0.00 ops/sec, INSERT throughput 0.00 ops/sec, READ throughput 823.89 ops/sec, SCAN throughput 0.00 ops/sec, READ_MODIFY_WRITE throughput 817.89 ops/sec, total throughput 1641.77 ops/sec
Zipfian (epoch 86, progress 0.48%): UPDATE throughput 0.00 ops/sec, INSERT throughput 0.00 ops/sec, READ throughput 810.89 ops/sec, SCAN throughput 0.00 ops/sec, READ_MODIFY_WRITE throughput 818.89 ops/sec, total throughput 1629.78 ops/sec
Zipfian (epoch 87, progress 0.48%): UPDATE throughput 0.00 ops/sec, INSERT throughput 0.00 ops/sec, READ throughput 728.90 ops/sec, SCAN throughput 0.00 ops/sec, READ_MODIFY_WRITE throughput 749.90 ops/sec, total throughput 1478.80 ops/sec
Zipfian (epoch 88, progress 0.48%): UPDATE throughput 0.00 ops/sec, INSERT throughput 0.00 ops/sec, READ throughput 762.90 ops/sec, SCAN throughput 0.00 ops/sec, READ_MODIFY_WRITE throughput 767.89 ops/sec, total throughput 1530.79 ops/sec
Zipfian (epoch 89, progress 0.49%): UPDATE throughput 0.00 ops/sec, INSERT throughput 0.00 ops/sec, READ throughput 685.91 ops/sec, SCAN throughput 0.00 ops/sec, READ_MODIFY_WRITE throughput 689.91 ops/sec, total throughput 1375.81 ops/sec
Zipfian (epoch 90, progress 0.49%): UPDATE throughput 0.00 ops/sec, INSERT throughput 0.00 ops/sec, READ throughput 690.90 ops/sec, SCAN throughput 0.00 ops/sec, READ_MODIFY_WRITE throughput 683.90 ops/sec, total throughput 1374.80 ops/sec
Zipfian (epoch 91, progress 0.49%): UPDATE throughput 0.00 ops/sec, INSERT throughput 0.00 ops/sec, READ throughput 626.91 ops/sec, SCAN throughput 0.00 ops/sec, READ_MODIFY_WRITE throughput 681.90 ops/sec, total throughput 1308.81 ops/sec
Zipfian (epoch 92, progress 0.50%): UPDATE throughput 0.00 ops/sec, INSERT throughput 0.00 ops/sec, READ throughput 627.91 ops/sec, SCAN throughput 0.00 ops/sec, READ_MODIFY_WRITE throughput 582.92 ops/sec, total throughput 1210.83 ops/sec
Zipfian (epoch 93, progress 0.50%): UPDATE throughput 0.00 ops/sec, INSERT throughput 0.00 ops/sec, READ throughput 522.93 ops/sec, SCAN throughput 0.00 ops/sec, READ_MODIFY_WRITE throughput 547.92 ops/sec, total throughput 1070.85 ops/sec
Zipfian (epoch 94, progress 0.50%): UPDATE throughput 0.00 ops/sec, INSERT throughput 0.00 ops/sec, READ throughput 628.91 ops/sec, SCAN throughput 0.00 ops/sec, READ_MODIFY_WRITE throughput 590.91 ops/sec, total throughput 1219.82 ops/sec
Zipfian (epoch 95, progress 0.51%): UPDATE throughput 0.00 ops/sec, INSERT throughput 0.00 ops/sec, READ throughput 747.89 ops/sec, SCAN throughput 0.00 ops/sec, READ_MODIFY_WRITE throughput 808.89 ops/sec, total throughput 1556.78 ops/sec
Zipfian (epoch 96, progress 0.51%): UPDATE throughput 0.00 ops/sec, INSERT throughput 0.00 ops/sec, READ throughput 703.90 ops/sec, SCAN throughput 0.00 ops/sec, READ_MODIFY_WRITE throughput 680.90 ops/sec, total throughput 1384.80 ops/sec
Zipfian (epoch 97, progress 0.51%): UPDATE throughput 0.00 ops/sec, INSERT throughput 0.00 ops/sec, READ throughput 858.88 ops/sec, SCAN throughput 0.00 ops/sec, READ_MODIFY_WRITE throughput 855.88 ops/sec, total throughput 1714.76 ops/sec
Zipfian (epoch 98, progress 0.52%): UPDATE throughput 0.00 ops/sec, INSERT throughput 0.00 ops/sec, READ throughput 888.87 ops/sec, SCAN throughput 0.00 ops/sec, READ_MODIFY_WRITE throughput 869.88 ops/sec, total throughput 1758.75 ops/sec
Zipfian (epoch 99, progress 0.52%): UPDATE throughput 0.00 ops/sec, INSERT throughput 0.00 ops/sec, READ throughput 820.89 ops/sec, SCAN throughput 0.00 ops/sec, READ_MODIFY_WRITE throughput 840.88 ops/sec, total throughput 1661.77 ops/sec
Zipfian (epoch 100, progress 0.53%): UPDATE throughput 0.00 ops/sec, INSERT throughput 0.00 ops/sec, READ throughput 825.88 ops/sec, SCAN throughput 0.00 ops/sec, READ_MODIFY_WRITE throughput 839.88 ops/sec, total throughput 1665.76 ops/sec
Zipfian (epoch 101, progress 0.53%): UPDATE throughput 0.00 ops/sec, INSERT throughput 0.00 ops/sec, READ throughput 809.89 ops/sec, SCAN throughput 0.00 ops/sec, READ_MODIFY_WRITE throughput 767.89 ops/sec, total throughput 1577.78 ops/sec
Zipfian (epoch 102, progress 0.53%): UPDATE throughput 0.00 ops/sec, INSERT throughput 0.00 ops/sec, READ throughput 749.89 ops/sec, SCAN throughput 0.00 ops/sec, READ_MODIFY_WRITE throughput 702.90 ops/sec, total throughput 1452.79 ops/sec
Zipfian (epoch 103, progress 0.54%): UPDATE throughput 0.00 ops/sec, INSERT throughput 0.00 ops/sec, READ throughput 839.88 ops/sec, SCAN throughput 0.00 ops/sec, READ_MODIFY_WRITE throughput 792.88 ops/sec, total throughput 1632.76 ops/sec
Zipfian (epoch 104, progress 0.54%): UPDATE throughput 0.00 ops/sec, INSERT throughput 0.00 ops/sec, READ throughput 905.87 ops/sec, SCAN throughput 0.00 ops/sec, READ_MODIFY_WRITE throughput 874.87 ops/sec, total throughput 1780.75 ops/sec
Zipfian (epoch 105, progress 0.55%): UPDATE throughput 0.00 ops/sec, INSERT throughput 0.00 ops/sec, READ throughput 909.87 ops/sec, SCAN throughput 0.00 ops/sec, READ_MODIFY_WRITE throughput 865.88 ops/sec, total throughput 1775.75 ops/sec
Zipfian (epoch 106, progress 0.55%): UPDATE throughput 0.00 ops/sec, INSERT throughput 0.00 ops/sec, READ throughput 866.88 ops/sec, SCAN throughput 0.00 ops/sec, READ_MODIFY_WRITE throughput 822.89 ops/sec, total throughput 1689.77 ops/sec
Zipfian (epoch 107, progress 0.55%): UPDATE throughput 0.00 ops/sec, INSERT throughput 0.00 ops/sec, READ throughput 794.88 ops/sec, SCAN throughput 0.00 ops/sec, READ_MODIFY_WRITE throughput 820.88 ops/sec, total throughput 1615.76 ops/sec
Zipfian (epoch 108, progress 0.56%): UPDATE throughput 0.00 ops/sec, INSERT throughput 0.00 ops/sec, READ throughput 772.89 ops/sec, SCAN throughput 0.00 ops/sec, READ_MODIFY_WRITE throughput 723.90 ops/sec, total throughput 1496.79 ops/sec
Zipfian (epoch 109, progress 0.56%): UPDATE throughput 0.00 ops/sec, INSERT throughput 0.00 ops/sec, READ throughput 733.90 ops/sec, SCAN throughput 0.00 ops/sec, READ_MODIFY_WRITE throughput 767.89 ops/sec, total throughput 1501.79 ops/sec
Zipfian (epoch 110, progress 0.57%): UPDATE throughput 0.00 ops/sec, INSERT throughput 0.00 ops/sec, READ throughput 930.87 ops/sec, SCAN throughput 0.00 ops/sec, READ_MODIFY_WRITE throughput 917.88 ops/sec, total throughput 1848.75 ops/sec
Zipfian (epoch 111, progress 0.57%): UPDATE throughput 0.00 ops/sec, INSERT throughput 0.00 ops/sec, READ throughput 728.90 ops/sec, SCAN throughput 0.00 ops/sec, READ_MODIFY_WRITE throughput 697.90 ops/sec, total throughput 1426.80 ops/sec
Zipfian (epoch 112, progress 0.57%): UPDATE throughput 0.00 ops/sec, INSERT throughput 0.00 ops/sec, READ throughput 757.89 ops/sec, SCAN throughput 0.00 ops/sec, READ_MODIFY_WRITE throughput 762.89 ops/sec, total throughput 1520.79 ops/sec
Zipfian (epoch 113, progress 0.58%): UPDATE throughput 0.00 ops/sec, INSERT throughput 0.00 ops/sec, READ throughput 683.90 ops/sec, SCAN throughput 0.00 ops/sec, READ_MODIFY_WRITE throughput 595.91 ops/sec, total throughput 1279.82 ops/sec
Zipfian (epoch 114, progress 0.58%): UPDATE throughput 0.00 ops/sec, INSERT throughput 0.00 ops/sec, READ throughput 742.90 ops/sec, SCAN throughput 0.00 ops/sec, READ_MODIFY_WRITE throughput 743.90 ops/sec, total throughput 1486.79 ops/sec
Zipfian (epoch 115, progress 0.58%): UPDATE throughput 0.00 ops/sec, INSERT throughput 0.00 ops/sec, READ throughput 667.90 ops/sec, SCAN throughput 0.00 ops/sec, READ_MODIFY_WRITE throughput 777.89 ops/sec, total throughput 1445.79 ops/sec
Zipfian (epoch 116, progress 0.59%): UPDATE throughput 0.00 ops/sec, INSERT throughput 0.00 ops/sec, READ throughput 662.90 ops/sec, SCAN throughput 0.00 ops/sec, READ_MODIFY_WRITE throughput 632.91 ops/sec, total throughput 1295.81 ops/sec
Zipfian (epoch 117, progress 0.59%): UPDATE throughput 0.00 ops/sec, INSERT throughput 0.00 ops/sec, READ throughput 668.90 ops/sec, SCAN throughput 0.00 ops/sec, READ_MODIFY_WRITE throughput 577.92 ops/sec, total throughput 1246.82 ops/sec
Zipfian (epoch 118, progress 0.60%): UPDATE throughput 0.00 ops/sec, INSERT throughput 0.00 ops/sec, READ throughput 754.89 ops/sec, SCAN throughput 0.00 ops/sec, READ_MODIFY_WRITE throughput 747.89 ops/sec, total throughput 1502.79 ops/sec
Zipfian (epoch 119, progress 0.60%): UPDATE throughput 0.00 ops/sec, INSERT throughput 0.00 ops/sec, READ throughput 662.90 ops/sec, SCAN throughput 0.00 ops/sec, READ_MODIFY_WRITE throughput 698.90 ops/sec, total throughput 1361.80 ops/sec
Zipfian (epoch 120, progress 0.60%): UPDATE throughput 0.00 ops/sec, INSERT throughput 0.00 ops/sec, READ throughput 711.90 ops/sec, SCAN throughput 0.00 ops/sec, READ_MODIFY_WRITE throughput 720.90 ops/sec, total throughput 1432.79 ops/sec
time's up!
Zipfian: calculating overall performance metrics... (might take a while)
Zipfian overall: UPDATE throughput 0.00 ops/sec, INSERT throughput 0.00 ops/sec, READ throughput 1006.30 ops/sec, SCAN throughput 0.00 ops/sec, READ_MODIFY_WRITE throughput 1000.37 ops/sec, total throughput 2006.68 ops/sec
Zipfian overall: UPDATE average latency 0.00 ns, UPDATE p99 latency 0.00 ns, INSERT average latency 0.00 ns, INSERT p99 latency 0.00 ns, READ average latency 2464736.78 ns, READ p99 latency 38171414.03 ns, SCAN average latency 0.00 ns, SCAN p99 latency 0.00 ns, READ_MODIFY_WRITE average latency 1488313.18 ns, READ_MODIFY_WRITE p99 latency 25926224.19 ns

total_throughput 3646.94
read_p99_ns 38171414.03
wan_reader_throughput 1640.26
wan_writer_throughput 2006.68
