2026-03-24 01:45:43,653 INFO Waiting for evaluation lock /tmp/cache_ext_evaluate_0.lock ...
2026-03-24 02:13:39,767 INFO Acquired evaluation lock.
2026-03-24 02:13:39,808 INFO === Step 0: Drop page cache ===
2026-03-24 02:13:39,808 INFO Database already exists at /mydata/leveldb_temp (CURRENT file found), skipping copy
2026-03-24 02:13:39,808 INFO CMD: sudo sync
2026-03-24 02:13:39,976 INFO CMD: sudo sh -c echo 3 > /proc/sys/vm/drop_caches
2026-03-24 02:13:40,213 INFO Page cache dropped.
2026-03-24 02:13:40,213 INFO === Step 1: Compile evolved policy ===
2026-03-24 02:13:40,227 INFO CMD: sudo chown -R root: /mydata/cache_ext/eviction_evo/build
2026-03-24 02:13:40,537 INFO CMD: clang-14 -O2 -target bpf -D__TARGET_ARCH_x86 -c -g -Wall -idirafter /usr/lib/llvm-14/lib/clang/14.0.0/include -idirafter /usr/local/include -idirafter /usr/include/x86_64-linux-gnu -idirafter /usr/include /mydata/cache_ext/eviction_evo/build/cache_ext_evolved.bpf.c -o /mydata/cache_ext/eviction_evo/build/cache_ext_evolved.bpf.o
2026-03-24 02:13:43,242 INFO CMD: /usr/local/sbin/bpftool gen skeleton /mydata/cache_ext/eviction_evo/build/cache_ext_evolved.bpf.o name cache_ext_evolved_bpf
2026-03-24 02:13:43,415 INFO CMD: clang-14 -O2 -g -Wall -I/mydata/cache_ext/eviction_evo/build -I/mydata/cache_ext/policies /mydata/cache_ext/eviction_evo/cache_ext_evolved.c -o /mydata/cache_ext/eviction_evo/build/cache_ext_evolved.out -L/usr/local/lib64 -lbpf
2026-03-24 02:13:44,255 INFO Compilation successful: /mydata/cache_ext/eviction_evo/build/cache_ext_evolved.out
2026-03-24 02:13:44,256 INFO === Step 2: Disable MGLRU ===
2026-03-24 02:13:44,257 INFO MGLRU watchdog started (PID 363677, will restore in 7800 s)
2026-03-24 02:13:44,257 INFO MGLRU current state: 0x0007 - disabling
2026-03-24 02:13:44,257 INFO CMD: sudo sh -c echo 0 > /sys/kernel/mm/lru_gen/enabled
2026-03-24 02:13:44,300 INFO MGLRU disabled.
2026-03-24 02:13:44,300 INFO === Step 3: Create cgroup ===
2026-03-24 02:13:44,373 INFO CMD: sudo cgcreate -g memory:cache_ext_test
2026-03-24 02:13:44,486 INFO CMD: sudo sh -c echo 536870912 > /sys/fs/cgroup/cache_ext_test/memory.max
2026-03-24 02:13:44,501 INFO Created cgroup cache_ext_test with limit 536870912 bytes
2026-03-24 02:13:44,501 INFO === Step 4: Load BPF policy ===
2026-03-24 02:13:44,501 INFO Loading policy: sudo /mydata/cache_ext/eviction_evo/build/cache_ext_evolved.out --watch_dir /mydata/leveldb_temp --cgroup_path /sys/fs/cgroup/cache_ext_test
2026-03-24 02:13:54,512 INFO Policy loaded (PID 363698)
2026-03-24 02:13:54,513 INFO === Step 5: Start server ===
2026-03-24 02:13:54,513 INFO Starting server: sudo cgexec -g memory:cache_ext_test /mydata/cache_ext/net_leveldb_server 9100 /mydata/leveldb_temp
2026-03-24 02:13:54,514 INFO Waiting for server on port 9100 ...
2026-03-24 02:13:55,569 INFO Server ready (PID 363701) on port 9100
2026-03-24 02:13:55,569 INFO === Step 6: Run 2 traces x 5 runs = 10 total benchmarks ===
2026-03-24 02:13:55,624 INFO --- Trace 1/2 (dual_small_vs_large) run 1/5  [1/10 overall] ---
2026-03-24 02:13:55,624 INFO CMD: sudo sync
2026-03-24 02:13:55,792 INFO CMD: sudo sh -c echo 3 > /proc/sys/vm/drop_caches
2026-03-24 02:13:56,047 INFO Page cache dropped.
2026-03-24 02:13:58,826 INFO Starting remote client reader_fast on krisub@node1: ssh -o StrictHostKeyChecking=no -o BatchMode=yes -i /users/krisub/.ssh/id_ed25519 krisub@node1 sh -lc 'exec /mydata/cache_ext/My-YCSB/build/run_net_leveldb /tmp/dual_reader_fast_s3r8a7d6.yaml'
2026-03-24 02:13:59,085 INFO Starting remote client writer_slow on krisub@node1: ssh -o StrictHostKeyChecking=no -o BatchMode=yes -i /users/krisub/.ssh/id_ed25519 krisub@node1 sh -lc 'exec /mydata/cache_ext/My-YCSB/build/run_net_leveldb /tmp/dual_writer_slow_78qef991.yaml'
2026-03-24 02:16:57,088 INFO Client reader_fast: throughput=1049.49
2026-03-24 02:16:57,090 INFO Client writer_slow: throughput=577.66
2026-03-24 02:16:57,090 INFO Dual-client combined throughput: 1627.15 ops/sec
2026-03-24 02:16:57,546 INFO Trace dual_small_vs_large run 1: throughput=1627.15 ops/sec
2026-03-24 02:16:57,546 INFO --- Trace 1/2 (dual_small_vs_large) run 2/5  [2/10 overall] ---
2026-03-24 02:16:57,546 INFO CMD: sudo sync
2026-03-24 02:16:57,746 INFO CMD: sudo sh -c echo 3 > /proc/sys/vm/drop_caches
2026-03-24 02:16:58,031 INFO Page cache dropped.
2026-03-24 02:17:00,794 INFO Starting remote client reader_fast on krisub@node1: ssh -o StrictHostKeyChecking=no -o BatchMode=yes -i /users/krisub/.ssh/id_ed25519 krisub@node1 sh -lc 'exec /mydata/cache_ext/My-YCSB/build/run_net_leveldb /tmp/dual_reader_fast_gfhsb648.yaml'
2026-03-24 02:17:01,046 INFO Starting remote client writer_slow on krisub@node1: ssh -o StrictHostKeyChecking=no -o BatchMode=yes -i /users/krisub/.ssh/id_ed25519 krisub@node1 sh -lc 'exec /mydata/cache_ext/My-YCSB/build/run_net_leveldb /tmp/dual_writer_slow_b9_jr3r9.yaml'
