2026-03-26 01:16:09,853 INFO Waiting for evaluation lock /tmp/cache_ext_evaluate_0.lock ...
2026-03-26 01:51:48,914 INFO Acquired evaluation lock.
2026-03-26 01:51:48,959 INFO === Step 0: Drop page cache ===
2026-03-26 01:51:48,959 INFO Database already exists at /mydata/leveldb_temp (CURRENT file found), skipping copy
2026-03-26 01:51:48,959 INFO CMD: sudo sync
2026-03-26 01:51:49,129 INFO CMD: sudo sh -c echo 3 > /proc/sys/vm/drop_caches
2026-03-26 01:51:49,340 INFO Page cache dropped.
2026-03-26 01:51:49,340 INFO === Step 1: Compile evolved policy ===
2026-03-26 01:51:49,351 INFO CMD: sudo chown -R root: /mydata/cache_ext/eviction_evo/build
2026-03-26 01:51:49,672 INFO CMD: clang-14 -O2 -target bpf -D__TARGET_ARCH_x86 -c -g -Wall -idirafter /usr/lib/llvm-14/lib/clang/14.0.0/include -idirafter /usr/local/include -idirafter /usr/include/x86_64-linux-gnu -idirafter /usr/include /mydata/cache_ext/eviction_evo/build/cache_ext_evolved.bpf.c -o /mydata/cache_ext/eviction_evo/build/cache_ext_evolved.bpf.o
2026-03-26 01:51:52,498 INFO CMD: /usr/local/sbin/bpftool gen skeleton /mydata/cache_ext/eviction_evo/build/cache_ext_evolved.bpf.o name cache_ext_evolved_bpf
2026-03-26 01:51:52,675 INFO CMD: clang-14 -O2 -g -Wall -I/mydata/cache_ext/eviction_evo/build -I/mydata/cache_ext/policies /mydata/cache_ext/eviction_evo/cache_ext_evolved.c -o /mydata/cache_ext/eviction_evo/build/cache_ext_evolved.out -L/usr/local/lib64 -lbpf
2026-03-26 01:51:53,531 INFO Compilation successful: /mydata/cache_ext/eviction_evo/build/cache_ext_evolved.out
2026-03-26 01:51:53,531 INFO === Step 2: Disable MGLRU ===
2026-03-26 01:51:53,532 INFO MGLRU watchdog started (PID 466958, will restore in 7800 s)
2026-03-26 01:51:53,532 INFO MGLRU current state: 0x0007 - disabling
2026-03-26 01:51:53,532 INFO CMD: sudo sh -c echo 0 > /sys/kernel/mm/lru_gen/enabled
2026-03-26 01:51:53,580 INFO MGLRU disabled.
2026-03-26 01:51:53,580 INFO === Step 3: Create cgroup ===
2026-03-26 01:51:53,655 INFO CMD: sudo cgcreate -g memory:cache_ext_test
2026-03-26 01:51:53,764 INFO CMD: sudo sh -c echo 536870912 > /sys/fs/cgroup/cache_ext_test/memory.max
2026-03-26 01:51:53,779 INFO Created cgroup cache_ext_test with limit 536870912 bytes
2026-03-26 01:51:53,780 INFO === Step 4: Load BPF policy ===
2026-03-26 01:51:53,780 INFO Loading policy: sudo /mydata/cache_ext/eviction_evo/build/cache_ext_evolved.out --watch_dir /mydata/leveldb_temp --cgroup_path /sys/fs/cgroup/cache_ext_test
2026-03-26 01:52:03,791 INFO Policy loaded (PID 466979)
2026-03-26 01:52:03,791 INFO === Step 5: Start server ===
2026-03-26 01:52:03,791 INFO Starting server: sudo cgexec -g memory:cache_ext_test /mydata/cache_ext/net_leveldb_server 9100 /mydata/leveldb_temp
2026-03-26 01:52:03,792 INFO Waiting for server on port 9100 ...
2026-03-26 01:52:04,838 INFO Server ready (PID 466984) on port 9100
2026-03-26 01:52:04,838 INFO === Step 6: Run 7 traces x 3 runs = 21 total benchmarks ===
2026-03-26 01:52:04,872 INFO --- Trace 1/7 (ycsb_c_a) run 1/3  [1/21 overall] ---
2026-03-26 01:52:04,872 INFO CMD: sudo sync
2026-03-26 01:52:04,995 INFO CMD: sudo sh -c echo 3 > /proc/sys/vm/drop_caches
2026-03-26 01:52:05,225 INFO Page cache dropped.
2026-03-26 01:52:07,993 INFO Starting remote client client_ycsb_c on krisub@node1: ssh -o StrictHostKeyChecking=no -o BatchMode=yes -i /users/krisub/.ssh/id_ed25519 krisub@node1 sh -lc 'exec /mydata/cache_ext/My-YCSB/build/run_net_leveldb /tmp/dual_client_ycsb_c_u8ulnc6j.yaml'
2026-03-26 01:52:08,236 INFO Starting remote client client_ycsb_a on krisub@node1: ssh -o StrictHostKeyChecking=no -o BatchMode=yes -i /users/krisub/.ssh/id_ed25519 krisub@node1 sh -lc 'exec /mydata/cache_ext/My-YCSB/build/run_net_leveldb /tmp/dual_client_ycsb_a_61t54pld.yaml'
2026-03-26 01:53:46,334 INFO Client client_ycsb_c: throughput=1105.02
2026-03-26 01:53:46,650 INFO Client client_ycsb_a: throughput=2189.15
2026-03-26 01:53:46,650 INFO Dual-client combined throughput: 3294.17 ops/sec
2026-03-26 01:53:47,118 INFO Trace ycsb_c_a run 1: throughput=3294.17 ops/sec
2026-03-26 01:53:47,118 INFO --- Trace 1/7 (ycsb_c_a) run 2/3  [2/21 overall] ---
2026-03-26 01:53:47,118 INFO CMD: sudo sync
2026-03-26 01:53:47,341 INFO CMD: sudo sh -c echo 3 > /proc/sys/vm/drop_caches
2026-03-26 01:53:47,594 INFO Page cache dropped.
2026-03-26 01:53:50,333 INFO Starting remote client client_ycsb_c on krisub@node1: ssh -o StrictHostKeyChecking=no -o BatchMode=yes -i /users/krisub/.ssh/id_ed25519 krisub@node1 sh -lc 'exec /mydata/cache_ext/My-YCSB/build/run_net_leveldb /tmp/dual_client_ycsb_c_ewuorlwl.yaml'
2026-03-26 01:53:50,584 INFO Starting remote client client_ycsb_a on krisub@node1: ssh -o StrictHostKeyChecking=no -o BatchMode=yes -i /users/krisub/.ssh/id_ed25519 krisub@node1 sh -lc 'exec /mydata/cache_ext/My-YCSB/build/run_net_leveldb /tmp/dual_client_ycsb_a_bgj7nl7f.yaml'
2026-03-26 01:55:28,482 INFO Client client_ycsb_c: throughput=1202.60
2026-03-26 01:55:28,898 INFO Client client_ycsb_a: throughput=2337.51
2026-03-26 01:55:28,898 INFO Dual-client combined throughput: 3540.11 ops/sec
2026-03-26 01:55:29,377 INFO Trace ycsb_c_a run 2: throughput=3540.11 ops/sec
2026-03-26 01:55:29,377 INFO --- Trace 1/7 (ycsb_c_a) run 3/3  [3/21 overall] ---
2026-03-26 01:55:29,377 INFO CMD: sudo sync
2026-03-26 01:55:29,556 INFO CMD: sudo sh -c echo 3 > /proc/sys/vm/drop_caches
2026-03-26 01:55:29,832 INFO Page cache dropped.
2026-03-26 01:55:32,573 INFO Starting remote client client_ycsb_c on krisub@node1: ssh -o StrictHostKeyChecking=no -o BatchMode=yes -i /users/krisub/.ssh/id_ed25519 krisub@node1 sh -lc 'exec /mydata/cache_ext/My-YCSB/build/run_net_leveldb /tmp/dual_client_ycsb_c_hrobx27m.yaml'
2026-03-26 01:55:32,832 INFO Starting remote client client_ycsb_a on krisub@node1: ssh -o StrictHostKeyChecking=no -o BatchMode=yes -i /users/krisub/.ssh/id_ed25519 krisub@node1 sh -lc 'exec /mydata/cache_ext/My-YCSB/build/run_net_leveldb /tmp/dual_client_ycsb_a_3zvitwy6.yaml'
2026-03-26 01:57:10,729 INFO Client client_ycsb_c: throughput=1190.96
2026-03-26 01:57:11,095 INFO Client client_ycsb_a: throughput=2349.23
2026-03-26 01:57:11,095 INFO Dual-client combined throughput: 3540.19 ops/sec
2026-03-26 01:57:11,561 INFO Trace ycsb_c_a run 3: throughput=3540.19 ops/sec
2026-03-26 01:57:11,562 INFO Trace ycsb_c_a summary: mean=3458.16 std=142.02 min=3294.17 max=3540.19 (CV=4.1%)
2026-03-26 01:57:11,599 INFO --- Trace 2/7 (ycsb_c_e) run 1/3  [4/21 overall] ---
2026-03-26 01:57:11,599 INFO CMD: sudo sync
2026-03-26 01:57:11,806 INFO CMD: sudo sh -c echo 3 > /proc/sys/vm/drop_caches
2026-03-26 01:57:12,109 INFO Page cache dropped.
2026-03-26 01:57:14,869 INFO Starting remote client client_ycsb_c on krisub@node1: ssh -o StrictHostKeyChecking=no -o BatchMode=yes -i /users/krisub/.ssh/id_ed25519 krisub@node1 sh -lc 'exec /mydata/cache_ext/My-YCSB/build/run_net_leveldb /tmp/dual_client_ycsb_c_tif3no9a.yaml'
2026-03-26 01:57:15,121 INFO Starting remote client client_ycsb_e on krisub@node1: ssh -o StrictHostKeyChecking=no -o BatchMode=yes -i /users/krisub/.ssh/id_ed25519 krisub@node1 sh -lc 'exec /mydata/cache_ext/My-YCSB/build/run_net_leveldb /tmp/dual_client_ycsb_e_8xhsryag.yaml'
2026-03-26 01:58:53,010 INFO Client client_ycsb_c: throughput=1712.64
2026-03-26 01:58:54,579 INFO Client client_ycsb_e: throughput=76228.33
2026-03-26 01:58:54,579 INFO Dual-client combined throughput: 77940.97 ops/sec
2026-03-26 01:58:55,025 INFO Trace ycsb_c_e run 1: throughput=77940.97 ops/sec
2026-03-26 01:58:55,025 INFO --- Trace 2/7 (ycsb_c_e) run 2/3  [5/21 overall] ---
2026-03-26 01:58:55,025 INFO CMD: sudo sync
2026-03-26 01:58:55,270 INFO CMD: sudo sh -c echo 3 > /proc/sys/vm/drop_caches
2026-03-26 01:58:55,553 INFO Page cache dropped.
2026-03-26 01:58:58,301 INFO Starting remote client client_ycsb_c on krisub@node1: ssh -o StrictHostKeyChecking=no -o BatchMode=yes -i /users/krisub/.ssh/id_ed25519 krisub@node1 sh -lc 'exec /mydata/cache_ext/My-YCSB/build/run_net_leveldb /tmp/dual_client_ycsb_c_i1z1oo7g.yaml'
2026-03-26 01:58:58,541 INFO Starting remote client client_ycsb_e on krisub@node1: ssh -o StrictHostKeyChecking=no -o BatchMode=yes -i /users/krisub/.ssh/id_ed25519 krisub@node1 sh -lc 'exec /mydata/cache_ext/My-YCSB/build/run_net_leveldb /tmp/dual_client_ycsb_e_n6dn6m6d.yaml'
2026-03-26 02:00:36,680 INFO Client client_ycsb_c: throughput=1588.68
2026-03-26 02:00:37,999 INFO Client client_ycsb_e: throughput=77598.01
2026-03-26 02:00:37,999 INFO Dual-client combined throughput: 79186.69 ops/sec
2026-03-26 02:00:38,453 INFO Trace ycsb_c_e run 2: throughput=79186.69 ops/sec
2026-03-26 02:00:38,453 INFO --- Trace 2/7 (ycsb_c_e) run 3/3  [6/21 overall] ---
2026-03-26 02:00:38,453 INFO CMD: sudo sync
2026-03-26 02:00:38,696 INFO CMD: sudo sh -c echo 3 > /proc/sys/vm/drop_caches
2026-03-26 02:00:38,962 INFO Page cache dropped.
2026-03-26 02:00:41,697 INFO Starting remote client client_ycsb_c on krisub@node1: ssh -o StrictHostKeyChecking=no -o BatchMode=yes -i /users/krisub/.ssh/id_ed25519 krisub@node1 sh -lc 'exec /mydata/cache_ext/My-YCSB/build/run_net_leveldb /tmp/dual_client_ycsb_c_oe0ekf9h.yaml'
2026-03-26 02:00:41,952 INFO Starting remote client client_ycsb_e on krisub@node1: ssh -o StrictHostKeyChecking=no -o BatchMode=yes -i /users/krisub/.ssh/id_ed25519 krisub@node1 sh -lc 'exec /mydata/cache_ext/My-YCSB/build/run_net_leveldb /tmp/dual_client_ycsb_e_z8fk3e2q.yaml'
2026-03-26 02:02:20,096 INFO Client client_ycsb_c: throughput=1751.36
2026-03-26 02:02:37,258 INFO Client client_ycsb_e: throughput=78819.22
2026-03-26 02:02:37,259 INFO Dual-client combined throughput: 80570.58 ops/sec
2026-03-26 02:02:37,721 INFO Trace ycsb_c_e run 3: throughput=80570.58 ops/sec
2026-03-26 02:02:37,721 INFO Trace ycsb_c_e summary: mean=79232.75 std=1315.41 min=77940.97 max=80570.58 (CV=1.7%)
2026-03-26 02:02:37,757 INFO --- Trace 3/7 (ycsb_c_f) run 1/3  [7/21 overall] ---
2026-03-26 02:02:37,757 INFO CMD: sudo sync
2026-03-26 02:02:37,993 INFO CMD: sudo sh -c echo 3 > /proc/sys/vm/drop_caches
2026-03-26 02:02:38,244 INFO Page cache dropped.
2026-03-26 02:02:40,921 INFO Starting remote client client_ycsb_c on krisub@node1: ssh -o StrictHostKeyChecking=no -o BatchMode=yes -i /users/krisub/.ssh/id_ed25519 krisub@node1 sh -lc 'exec /mydata/cache_ext/My-YCSB/build/run_net_leveldb /tmp/dual_client_ycsb_c_rmqminlf.yaml'
2026-03-26 02:02:41,177 INFO Starting remote client client_ycsb_f on krisub@node1: ssh -o StrictHostKeyChecking=no -o BatchMode=yes -i /users/krisub/.ssh/id_ed25519 krisub@node1 sh -lc 'exec /mydata/cache_ext/My-YCSB/build/run_net_leveldb /tmp/dual_client_ycsb_f_ihn3sfrt.yaml'
2026-03-26 02:04:19,175 INFO Client client_ycsb_c: throughput=1314.04
2026-03-26 02:04:19,591 INFO Client client_ycsb_f: throughput=156.80
2026-03-26 02:04:19,591 INFO Dual-client combined throughput: 1470.84 ops/sec
2026-03-26 02:04:20,053 INFO Trace ycsb_c_f run 1: throughput=1470.84 ops/sec
2026-03-26 02:04:20,053 INFO --- Trace 3/7 (ycsb_c_f) run 2/3  [8/21 overall] ---
2026-03-26 02:04:20,053 INFO CMD: sudo sync
2026-03-26 02:04:20,274 INFO CMD: sudo sh -c echo 3 > /proc/sys/vm/drop_caches
2026-03-26 02:04:20,562 INFO Page cache dropped.
2026-03-26 02:04:23,289 INFO Starting remote client client_ycsb_c on krisub@node1: ssh -o StrictHostKeyChecking=no -o BatchMode=yes -i /users/krisub/.ssh/id_ed25519 krisub@node1 sh -lc 'exec /mydata/cache_ext/My-YCSB/build/run_net_leveldb /tmp/dual_client_ycsb_c_2ee3yt1u.yaml'
2026-03-26 02:04:23,544 INFO Starting remote client client_ycsb_f on krisub@node1: ssh -o StrictHostKeyChecking=no -o BatchMode=yes -i /users/krisub/.ssh/id_ed25519 krisub@node1 sh -lc 'exec /mydata/cache_ext/My-YCSB/build/run_net_leveldb /tmp/dual_client_ycsb_f_5q1qonis.yaml'
2026-03-26 02:06:01,643 INFO Client client_ycsb_c: throughput=1245.52
2026-03-26 02:06:01,808 INFO Client client_ycsb_f: throughput=157.36
2026-03-26 02:06:01,809 INFO Dual-client combined throughput: 1402.88 ops/sec
2026-03-26 02:06:02,277 INFO Trace ycsb_c_f run 2: throughput=1402.88 ops/sec
2026-03-26 02:06:02,277 INFO --- Trace 3/7 (ycsb_c_f) run 3/3  [9/21 overall] ---
2026-03-26 02:06:02,277 INFO CMD: sudo sync
2026-03-26 02:06:02,487 INFO CMD: sudo sh -c echo 3 > /proc/sys/vm/drop_caches
2026-03-26 02:06:02,811 INFO Page cache dropped.
2026-03-26 02:06:05,565 INFO Starting remote client client_ycsb_c on krisub@node1: ssh -o StrictHostKeyChecking=no -o BatchMode=yes -i /users/krisub/.ssh/id_ed25519 krisub@node1 sh -lc 'exec /mydata/cache_ext/My-YCSB/build/run_net_leveldb /tmp/dual_client_ycsb_c_goph8l3k.yaml'
2026-03-26 02:06:05,813 INFO Starting remote client client_ycsb_f on krisub@node1: ssh -o StrictHostKeyChecking=no -o BatchMode=yes -i /users/krisub/.ssh/id_ed25519 krisub@node1 sh -lc 'exec /mydata/cache_ext/My-YCSB/build/run_net_leveldb /tmp/dual_client_ycsb_f_ojnk6ik0.yaml'
2026-03-26 02:07:43,812 INFO Client client_ycsb_c: throughput=1250.33
2026-03-26 02:07:44,027 INFO Client client_ycsb_f: throughput=157.74
2026-03-26 02:07:44,027 INFO Dual-client combined throughput: 1408.07 ops/sec
2026-03-26 02:07:44,501 INFO Trace ycsb_c_f run 3: throughput=1408.07 ops/sec
2026-03-26 02:07:44,502 INFO Trace ycsb_c_f summary: mean=1427.26 std=37.83 min=1402.88 max=1470.84 (CV=2.7%)
2026-03-26 02:07:44,539 INFO --- Trace 4/7 (ycsb_b_a) run 1/3  [10/21 overall] ---
2026-03-26 02:07:44,539 INFO CMD: sudo sync
2026-03-26 02:07:44,732 INFO CMD: sudo sh -c echo 3 > /proc/sys/vm/drop_caches
2026-03-26 02:07:45,066 INFO Page cache dropped.
2026-03-26 02:07:47,821 INFO Starting remote client client_ycsb_b on krisub@node1: ssh -o StrictHostKeyChecking=no -o BatchMode=yes -i /users/krisub/.ssh/id_ed25519 krisub@node1 sh -lc 'exec /mydata/cache_ext/My-YCSB/build/run_net_leveldb /tmp/dual_client_ycsb_b_btfgx4e1.yaml'
2026-03-26 02:07:48,073 INFO Starting remote client client_ycsb_a on krisub@node1: ssh -o StrictHostKeyChecking=no -o BatchMode=yes -i /users/krisub/.ssh/id_ed25519 krisub@node1 sh -lc 'exec /mydata/cache_ext/My-YCSB/build/run_net_leveldb /tmp/dual_client_ycsb_a_9oawmnxu.yaml'
2026-03-26 02:09:26,069 INFO Client client_ycsb_b: throughput=1383.26
2026-03-26 02:09:26,485 INFO Client client_ycsb_a: throughput=2598.16
2026-03-26 02:09:26,486 INFO Dual-client combined throughput: 3981.42 ops/sec
2026-03-26 02:09:26,977 INFO Trace ycsb_b_a run 1: throughput=3981.42 ops/sec
2026-03-26 02:09:26,977 INFO --- Trace 4/7 (ycsb_b_a) run 2/3  [11/21 overall] ---
2026-03-26 02:09:26,977 INFO CMD: sudo sync
2026-03-26 02:09:27,184 INFO CMD: sudo sh -c echo 3 > /proc/sys/vm/drop_caches
2026-03-26 02:09:27,458 INFO Page cache dropped.
2026-03-26 02:09:30,073 INFO Starting remote client client_ycsb_b on krisub@node1: ssh -o StrictHostKeyChecking=no -o BatchMode=yes -i /users/krisub/.ssh/id_ed25519 krisub@node1 sh -lc 'exec /mydata/cache_ext/My-YCSB/build/run_net_leveldb /tmp/dual_client_ycsb_b_l6335w7y.yaml'
2026-03-26 02:09:30,333 INFO Starting remote client client_ycsb_a on krisub@node1: ssh -o StrictHostKeyChecking=no -o BatchMode=yes -i /users/krisub/.ssh/id_ed25519 krisub@node1 sh -lc 'exec /mydata/cache_ext/My-YCSB/build/run_net_leveldb /tmp/dual_client_ycsb_a_x95roj46.yaml'
2026-03-26 02:11:08,480 INFO Client client_ycsb_b: throughput=1327.65
2026-03-26 02:11:08,646 INFO Client client_ycsb_a: throughput=2461.53
2026-03-26 02:11:08,646 INFO Dual-client combined throughput: 3789.18 ops/sec
2026-03-26 02:11:09,122 INFO Trace ycsb_b_a run 2: throughput=3789.18 ops/sec
2026-03-26 02:11:09,122 INFO --- Trace 4/7 (ycsb_b_a) run 3/3  [12/21 overall] ---
2026-03-26 02:11:09,122 INFO CMD: sudo sync
2026-03-26 02:11:09,291 INFO CMD: sudo sh -c echo 3 > /proc/sys/vm/drop_caches
2026-03-26 02:11:09,598 INFO Page cache dropped.
2026-03-26 02:11:12,341 INFO Starting remote client client_ycsb_b on krisub@node1: ssh -o StrictHostKeyChecking=no -o BatchMode=yes -i /users/krisub/.ssh/id_ed25519 krisub@node1 sh -lc 'exec /mydata/cache_ext/My-YCSB/build/run_net_leveldb /tmp/dual_client_ycsb_b_b6c3acyx.yaml'
2026-03-26 02:11:12,585 INFO Starting remote client client_ycsb_a on krisub@node1: ssh -o StrictHostKeyChecking=no -o BatchMode=yes -i /users/krisub/.ssh/id_ed25519 krisub@node1 sh -lc 'exec /mydata/cache_ext/My-YCSB/build/run_net_leveldb /tmp/dual_client_ycsb_a_w6pk3heo.yaml'
2026-03-26 02:12:50,632 INFO Client client_ycsb_b: throughput=1315.22
2026-03-26 02:12:50,797 INFO Client client_ycsb_a: throughput=2463.62
2026-03-26 02:12:50,797 INFO Dual-client combined throughput: 3778.84 ops/sec
2026-03-26 02:12:51,262 INFO Trace ycsb_b_a run 3: throughput=3778.84 ops/sec
2026-03-26 02:12:51,262 INFO Trace ycsb_b_a summary: mean=3849.81 std=114.09 min=3778.84 max=3981.42 (CV=3.0%)
2026-03-26 02:12:51,296 INFO --- Trace 5/7 (ycsb_a_d) run 1/3  [13/21 overall] ---
2026-03-26 02:12:51,296 INFO CMD: sudo sync
2026-03-26 02:12:51,464 INFO CMD: sudo sh -c echo 3 > /proc/sys/vm/drop_caches
2026-03-26 02:12:51,767 INFO Page cache dropped.
2026-03-26 02:12:54,520 INFO Starting remote client client_ycsb_a on krisub@node1: ssh -o StrictHostKeyChecking=no -o BatchMode=yes -i /users/krisub/.ssh/id_ed25519 krisub@node1 sh -lc 'exec /mydata/cache_ext/My-YCSB/build/run_net_leveldb /tmp/dual_client_ycsb_a_hv3tzvz7.yaml'
2026-03-26 02:12:54,765 INFO Starting remote client client_ycsb_d on krisub@node1: ssh -o StrictHostKeyChecking=no -o BatchMode=yes -i /users/krisub/.ssh/id_ed25519 krisub@node1 sh -lc 'exec /mydata/cache_ext/My-YCSB/build/run_net_leveldb /tmp/dual_client_ycsb_d_ex01ragy.yaml'
2026-03-26 02:14:32,912 INFO Client client_ycsb_a: throughput=2423.92
2026-03-26 02:14:32,913 INFO Client client_ycsb_d: throughput=1943.57
2026-03-26 02:14:32,914 INFO Dual-client combined throughput: 4367.49 ops/sec
2026-03-26 02:14:33,381 INFO Trace ycsb_a_d run 1: throughput=4367.49 ops/sec
2026-03-26 02:14:33,381 INFO --- Trace 5/7 (ycsb_a_d) run 2/3  [14/21 overall] ---
2026-03-26 02:14:33,382 INFO CMD: sudo sync
2026-03-26 02:14:33,611 INFO CMD: sudo sh -c echo 3 > /proc/sys/vm/drop_caches
2026-03-26 02:14:33,919 INFO Page cache dropped.
2026-03-26 02:14:36,529 INFO Starting remote client client_ycsb_a on krisub@node1: ssh -o StrictHostKeyChecking=no -o BatchMode=yes -i /users/krisub/.ssh/id_ed25519 krisub@node1 sh -lc 'exec /mydata/cache_ext/My-YCSB/build/run_net_leveldb /tmp/dual_client_ycsb_a_svg5qkfh.yaml'
2026-03-26 02:14:36,764 INFO Starting remote client client_ycsb_d on krisub@node1: ssh -o StrictHostKeyChecking=no -o BatchMode=yes -i /users/krisub/.ssh/id_ed25519 krisub@node1 sh -lc 'exec /mydata/cache_ext/My-YCSB/build/run_net_leveldb /tmp/dual_client_ycsb_d_d06_rw4z.yaml'
2026-03-26 02:16:14,911 INFO Client client_ycsb_a: throughput=2372.88
2026-03-26 02:16:15,126 INFO Client client_ycsb_d: throughput=2309.96
2026-03-26 02:16:15,127 INFO Dual-client combined throughput: 4682.84 ops/sec
2026-03-26 02:16:15,598 INFO Trace ycsb_a_d run 2: throughput=4682.84 ops/sec
2026-03-26 02:16:15,598 INFO --- Trace 5/7 (ycsb_a_d) run 3/3  [15/21 overall] ---
2026-03-26 02:16:15,598 INFO CMD: sudo sync
2026-03-26 02:16:15,774 INFO CMD: sudo sh -c echo 3 > /proc/sys/vm/drop_caches
2026-03-26 02:16:16,054 INFO Page cache dropped.
2026-03-26 02:16:18,846 INFO Starting remote client client_ycsb_a on krisub@node1: ssh -o StrictHostKeyChecking=no -o BatchMode=yes -i /users/krisub/.ssh/id_ed25519 krisub@node1 sh -lc 'exec /mydata/cache_ext/My-YCSB/build/run_net_leveldb /tmp/dual_client_ycsb_a_96lvkq70.yaml'
2026-03-26 02:16:19,092 INFO Starting remote client client_ycsb_d on krisub@node1: ssh -o StrictHostKeyChecking=no -o BatchMode=yes -i /users/krisub/.ssh/id_ed25519 krisub@node1 sh -lc 'exec /mydata/cache_ext/My-YCSB/build/run_net_leveldb /tmp/dual_client_ycsb_d_6tme7fez.yaml'
2026-03-26 02:17:57,088 INFO Client client_ycsb_a: throughput=2551.79
2026-03-26 02:17:57,454 INFO Client client_ycsb_d: throughput=2466.72
2026-03-26 02:17:57,455 INFO Dual-client combined throughput: 5018.51 ops/sec
2026-03-26 02:17:57,925 INFO Trace ycsb_a_d run 3: throughput=5018.51 ops/sec
2026-03-26 02:17:57,926 INFO Trace ycsb_a_d summary: mean=4689.61 std=325.56 min=4367.49 max=5018.51 (CV=6.9%)
2026-03-26 02:17:57,985 INFO --- Trace 6/7 (ycsb_e_a) run 1/3  [16/21 overall] ---
2026-03-26 02:17:57,985 INFO CMD: sudo sync
2026-03-26 02:17:58,186 INFO CMD: sudo sh -c echo 3 > /proc/sys/vm/drop_caches
2026-03-26 02:17:58,446 INFO Page cache dropped.
2026-03-26 02:18:01,269 INFO Starting remote client client_ycsb_e on krisub@node1: ssh -o StrictHostKeyChecking=no -o BatchMode=yes -i /users/krisub/.ssh/id_ed25519 krisub@node1 sh -lc 'exec /mydata/cache_ext/My-YCSB/build/run_net_leveldb /tmp/dual_client_ycsb_e_ijttlb16.yaml'
2026-03-26 02:18:01,525 INFO Starting remote client client_ycsb_a on krisub@node1: ssh -o StrictHostKeyChecking=no -o BatchMode=yes -i /users/krisub/.ssh/id_ed25519 krisub@node1 sh -lc 'exec /mydata/cache_ext/My-YCSB/build/run_net_leveldb /tmp/dual_client_ycsb_a_2kpnz0o4.yaml'
2026-03-26 02:19:40,466 INFO Client client_ycsb_e: throughput=72956.20
2026-03-26 02:19:40,468 INFO Client client_ycsb_a: throughput=3634.79
2026-03-26 02:19:40,468 INFO Dual-client combined throughput: 76590.99 ops/sec
2026-03-26 02:19:40,921 INFO Trace ycsb_e_a run 1: throughput=76590.99 ops/sec
2026-03-26 02:19:40,921 INFO --- Trace 6/7 (ycsb_e_a) run 2/3  [17/21 overall] ---
2026-03-26 02:19:40,921 INFO CMD: sudo sync
2026-03-26 02:19:41,110 INFO CMD: sudo sh -c echo 3 > /proc/sys/vm/drop_caches
2026-03-26 02:19:41,375 INFO Page cache dropped.
2026-03-26 02:19:44,121 INFO Starting remote client client_ycsb_e on krisub@node1: ssh -o StrictHostKeyChecking=no -o BatchMode=yes -i /users/krisub/.ssh/id_ed25519 krisub@node1 sh -lc 'exec /mydata/cache_ext/My-YCSB/build/run_net_leveldb /tmp/dual_client_ycsb_e_x_msdbel.yaml'
2026-03-26 02:19:44,372 INFO Starting remote client client_ycsb_a on krisub@node1: ssh -o StrictHostKeyChecking=no -o BatchMode=yes -i /users/krisub/.ssh/id_ed25519 krisub@node1 sh -lc 'exec /mydata/cache_ext/My-YCSB/build/run_net_leveldb /tmp/dual_client_ycsb_a_s4x8whan.yaml'
2026-03-26 02:21:23,415 INFO Client client_ycsb_e: throughput=72358.60
2026-03-26 02:21:23,416 INFO Client client_ycsb_a: throughput=3674.58
2026-03-26 02:21:23,416 INFO Dual-client combined throughput: 76033.18 ops/sec
2026-03-26 02:21:23,893 INFO Trace ycsb_e_a run 2: throughput=76033.18 ops/sec
2026-03-26 02:21:23,893 INFO --- Trace 6/7 (ycsb_e_a) run 3/3  [18/21 overall] ---
2026-03-26 02:21:23,893 INFO CMD: sudo sync
2026-03-26 02:21:24,130 INFO CMD: sudo sh -c echo 3 > /proc/sys/vm/drop_caches
2026-03-26 02:21:24,441 INFO Page cache dropped.
2026-03-26 02:21:27,197 INFO Starting remote client client_ycsb_e on krisub@node1: ssh -o StrictHostKeyChecking=no -o BatchMode=yes -i /users/krisub/.ssh/id_ed25519 krisub@node1 sh -lc 'exec /mydata/cache_ext/My-YCSB/build/run_net_leveldb /tmp/dual_client_ycsb_e_xodttxum.yaml'
2026-03-26 02:21:27,461 INFO Starting remote client client_ycsb_a on krisub@node1: ssh -o StrictHostKeyChecking=no -o BatchMode=yes -i /users/krisub/.ssh/id_ed25519 krisub@node1 sh -lc 'exec /mydata/cache_ext/My-YCSB/build/run_net_leveldb /tmp/dual_client_ycsb_a_emn_7edu.yaml'
2026-03-26 02:23:07,004 INFO Client client_ycsb_e: throughput=75828.05
2026-03-26 02:23:16,546 INFO Client client_ycsb_a: throughput=3761.80
2026-03-26 02:23:16,547 INFO Dual-client combined throughput: 79589.85 ops/sec
2026-03-26 02:23:17,005 INFO Trace ycsb_e_a run 3: throughput=79589.85 ops/sec
2026-03-26 02:23:17,006 INFO Trace ycsb_e_a summary: mean=77404.67 std=1912.86 min=76033.18 max=79589.85 (CV=2.5%)
2026-03-26 02:23:17,048 INFO --- Trace 7/7 (ycsb_e_f) run 1/3  [19/21 overall] ---
2026-03-26 02:23:17,048 INFO CMD: sudo sync
2026-03-26 02:23:17,308 INFO CMD: sudo sh -c echo 3 > /proc/sys/vm/drop_caches
2026-03-26 02:23:17,593 INFO Page cache dropped.
2026-03-26 02:23:20,325 INFO Starting remote client client_ycsb_e on krisub@node1: ssh -o StrictHostKeyChecking=no -o BatchMode=yes -i /users/krisub/.ssh/id_ed25519 krisub@node1 sh -lc 'exec /mydata/cache_ext/My-YCSB/build/run_net_leveldb /tmp/dual_client_ycsb_e_8_xhbwxm.yaml'
2026-03-26 02:23:20,576 INFO Starting remote client client_ycsb_f on krisub@node1: ssh -o StrictHostKeyChecking=no -o BatchMode=yes -i /users/krisub/.ssh/id_ed25519 krisub@node1 sh -lc 'exec /mydata/cache_ext/My-YCSB/build/run_net_leveldb /tmp/dual_client_ycsb_f_izgfadgf.yaml'
2026-03-26 02:24:59,618 INFO Client client_ycsb_e: throughput=73250.00
2026-03-26 02:24:59,620 INFO Client client_ycsb_f: throughput=217.40
2026-03-26 02:24:59,620 INFO Dual-client combined throughput: 73467.40 ops/sec
2026-03-26 02:25:00,097 INFO Trace ycsb_e_f run 1: throughput=73467.40 ops/sec
2026-03-26 02:25:00,097 INFO --- Trace 7/7 (ycsb_e_f) run 2/3  [20/21 overall] ---
2026-03-26 02:25:00,097 INFO CMD: sudo sync
2026-03-26 02:25:00,288 INFO CMD: sudo sh -c echo 3 > /proc/sys/vm/drop_caches
2026-03-26 02:25:00,578 INFO Page cache dropped.
2026-03-26 02:25:03,329 INFO Starting remote client client_ycsb_e on krisub@node1: ssh -o StrictHostKeyChecking=no -o BatchMode=yes -i /users/krisub/.ssh/id_ed25519 krisub@node1 sh -lc 'exec /mydata/cache_ext/My-YCSB/build/run_net_leveldb /tmp/dual_client_ycsb_e_z_6xz1re.yaml'
2026-03-26 02:25:03,576 INFO Starting remote client client_ycsb_f on krisub@node1: ssh -o StrictHostKeyChecking=no -o BatchMode=yes -i /users/krisub/.ssh/id_ed25519 krisub@node1 sh -lc 'exec /mydata/cache_ext/My-YCSB/build/run_net_leveldb /tmp/dual_client_ycsb_f_jf3yyk9k.yaml'
2026-03-26 02:26:42,519 INFO Client client_ycsb_e: throughput=75973.08
2026-03-26 02:26:42,520 INFO Client client_ycsb_f: throughput=218.67
2026-03-26 02:26:42,520 INFO Dual-client combined throughput: 76191.75 ops/sec
2026-03-26 02:26:42,997 INFO Trace ycsb_e_f run 2: throughput=76191.75 ops/sec
2026-03-26 02:26:42,997 INFO --- Trace 7/7 (ycsb_e_f) run 3/3  [21/21 overall] ---
2026-03-26 02:26:42,997 INFO CMD: sudo sync
2026-03-26 02:26:43,173 INFO CMD: sudo sh -c echo 3 > /proc/sys/vm/drop_caches
2026-03-26 02:26:43,439 INFO Page cache dropped.
2026-03-26 02:26:46,153 INFO Starting remote client client_ycsb_e on krisub@node1: ssh -o StrictHostKeyChecking=no -o BatchMode=yes -i /users/krisub/.ssh/id_ed25519 krisub@node1 sh -lc 'exec /mydata/cache_ext/My-YCSB/build/run_net_leveldb /tmp/dual_client_ycsb_e_wztfais_.yaml'
2026-03-26 02:26:46,397 INFO Starting remote client client_ycsb_f on krisub@node1: ssh -o StrictHostKeyChecking=no -o BatchMode=yes -i /users/krisub/.ssh/id_ed25519 krisub@node1 sh -lc 'exec /mydata/cache_ext/My-YCSB/build/run_net_leveldb /tmp/dual_client_ycsb_f_4xmu3mh8.yaml'
2026-03-26 02:28:25,639 INFO Client client_ycsb_e: throughput=76825.89
2026-03-26 02:28:25,640 INFO Client client_ycsb_f: throughput=222.43
2026-03-26 02:28:25,640 INFO Dual-client combined throughput: 77048.32 ops/sec
2026-03-26 02:28:26,105 INFO Trace ycsb_e_f run 3: throughput=77048.32 ops/sec
2026-03-26 02:28:26,105 INFO Trace ycsb_e_f summary: mean=75569.16 std=1869.88 min=73467.40 max=77048.32 (CV=2.5%)
2026-03-26 02:28:26,122 INFO === Evaluation complete (3 runs per trace) ===
2026-03-26 02:28:26,122 INFO Combined score (harmonic mean of means): 4661.77  (7/7 traces passed)
2026-03-26 02:28:26,122 INFO   ycsb_c_a: mean=3458.16 std=142.02 [3294.17 .. 3540.19]
2026-03-26 02:28:26,122 INFO   ycsb_c_e: mean=79232.75 std=1315.41 [77940.97 .. 80570.58]
2026-03-26 02:28:26,122 INFO   ycsb_c_f: mean=1427.26 std=37.83 [1402.88 .. 1470.84]
2026-03-26 02:28:26,122 INFO   ycsb_b_a: mean=3849.81 std=114.09 [3778.84 .. 3981.42]
2026-03-26 02:28:26,122 INFO   ycsb_a_d: mean=4689.61 std=325.56 [4367.49 .. 5018.51]
2026-03-26 02:28:26,123 INFO   ycsb_e_a: mean=77404.67 std=1912.86 [76033.18 .. 79589.85]
2026-03-26 02:28:26,123 INFO   ycsb_e_f: mean=75569.16 std=1869.88 [73467.40 .. 77048.32]
2026-03-26 02:28:26,123 INFO Stopping net_leveldb_server (PID 466984)
2026-03-26 02:28:26,123 INFO CMD: sudo kill 466984
2026-03-26 02:28:26,303 INFO Unloading BPF policy (PID 466979)
2026-03-26 02:28:26,303 INFO CMD: sudo kill -2 466979
2026-03-26 02:28:26,634 INFO CMD: sudo rm -f /sys/fs/bpf/cache_ext/scan_pids
2026-03-26 02:28:26,728 INFO CMD: sudo sh -c echo 0x0007 > /sys/kernel/mm/lru_gen/enabled
2026-03-26 02:28:26,806 INFO MGLRU re-enabled (restored to 0x0007).
2026-03-26 02:28:26,806 INFO MGLRU watchdog stopped (PID 466958)
