2026-03-15 20:54:16,966 INFO Waiting for evaluation lock /tmp/cache_ext_evaluate.lock ...
2026-03-15 20:54:16,966 INFO Acquired evaluation lock.
2026-03-15 20:54:16,966 INFO === Step 0: Drop page cache ===
2026-03-15 20:54:16,966 INFO Database already exists at /mydata/leveldb_temp (CURRENT file found), skipping rsync
2026-03-15 20:54:16,966 INFO CMD: sudo sync
2026-03-15 20:54:17,090 INFO CMD: sudo sh -c echo 3 > /proc/sys/vm/drop_caches
2026-03-15 20:54:17,562 INFO Page cache dropped.
2026-03-15 20:54:17,562 INFO === Step 1: Compile evolved policy ===
2026-03-15 20:54:17,573 INFO CMD: sudo chown -R root: /mydata/cache_ext/eviction_evo/build
2026-03-15 20:54:18,007 INFO CMD: clang-14 -O2 -target bpf -D__TARGET_ARCH_x86 -c -g -Wall -idirafter /usr/lib/llvm-14/lib/clang/14.0.0/include -idirafter /usr/local/include -idirafter /usr/include/x86_64-linux-gnu -idirafter /usr/include /mydata/cache_ext/eviction_evo/build/cache_ext_evolved.bpf.c -o /mydata/cache_ext/eviction_evo/build/cache_ext_evolved.bpf.o
2026-03-15 20:54:21,098 INFO CMD: /usr/local/sbin/bpftool gen skeleton /mydata/cache_ext/eviction_evo/build/cache_ext_evolved.bpf.o name cache_ext_evolved_bpf
2026-03-15 20:54:21,290 INFO CMD: clang-14 -O2 -g -Wall -I/mydata/cache_ext/eviction_evo/build -I/mydata/cache_ext/policies /mydata/cache_ext/eviction_evo/cache_ext_evolved.c -o /mydata/cache_ext/eviction_evo/build/cache_ext_evolved.out -L/usr/local/lib64 -lbpf
2026-03-15 20:54:22,362 INFO Compilation successful: /mydata/cache_ext/eviction_evo/build/cache_ext_evolved.out
2026-03-15 20:54:22,362 INFO === Step 2: Disable MGLRU ===
2026-03-15 20:54:22,363 INFO MGLRU current state: 0x0007 — disabling
2026-03-15 20:54:22,363 INFO CMD: sudo sh -c echo 0 > /sys/kernel/mm/lru_gen/enabled
2026-03-15 20:54:22,436 INFO MGLRU disabled.
2026-03-15 20:54:22,436 INFO === Step 3: Create cgroup ===
2026-03-15 20:54:22,436 INFO CMD: sudo cgdelete memory:cache_ext_test
2026-03-15 20:54:22,470 INFO CMD: sudo cgcreate -g memory:cache_ext_test
2026-03-15 20:54:22,575 INFO CMD: sudo sh -c echo 536870912 > /sys/fs/cgroup/cache_ext_test/memory.max
2026-03-15 20:54:22,591 INFO Created cgroup cache_ext_test with limit 536870912 bytes
2026-03-15 20:54:22,591 INFO === Step 4: Load BPF policy ===
2026-03-15 20:54:22,591 INFO Loading policy: sudo /mydata/cache_ext/eviction_evo/build/cache_ext_evolved.out --watch_dir /mydata/leveldb_temp --cgroup_path /sys/fs/cgroup/cache_ext_test
2026-03-15 20:54:32,602 INFO Policy loaded (PID 150681)
2026-03-15 20:54:32,602 INFO === Step 5: Start server ===
2026-03-15 20:54:32,602 INFO Starting server: sudo cgexec -g memory:cache_ext_test /mydata/cache_ext/net_leveldb_server 9100 /mydata/leveldb_temp
2026-03-15 20:54:32,604 INFO Waiting for server on port 9100 ...
2026-03-15 20:54:33,682 INFO Server ready (PID 150803) on port 9100
2026-03-15 20:54:33,682 INFO === Step 6: Run 2 trace benchmarks ===
2026-03-15 20:54:33,682 INFO --- Trace 1/2: dual_small_vs_large ---
2026-03-15 20:54:34,511 INFO Starting remote client reader_fast on krisub@node1: ssh -o StrictHostKeyChecking=no -o BatchMode=yes -i /users/krisub/.ssh/id_ed25519 krisub@node1 sh -lc 'if command -v cgexec >/dev/null 2>&1; then cgexec -g memory:cache_ext_remote_clients /mydata/cache_ext/My-YCSB/build/run_net_leveldb /tmp/dual_reader_fast_ajz2zvmh.yaml && exit 0; fi; exec /mydata/cache_ext/My-YCSB/build/run_net_leveldb /tmp/dual_reader_fast_ajz2zvmh.yaml'
2026-03-15 20:54:34,770 INFO Starting remote client writer_slow on krisub@node1: ssh -o StrictHostKeyChecking=no -o BatchMode=yes -i /users/krisub/.ssh/id_ed25519 krisub@node1 sh -lc 'if command -v cgexec >/dev/null 2>&1; then cgexec -g memory:cache_ext_remote_clients /mydata/cache_ext/My-YCSB/build/run_net_leveldb /tmp/dual_writer_slow__1kgdup3.yaml && exit 0; fi; exec /mydata/cache_ext/My-YCSB/build/run_net_leveldb /tmp/dual_writer_slow__1kgdup3.yaml'
2026-03-15 20:57:32,750 INFO Client reader_fast: throughput=1184.42
2026-03-15 20:57:32,751 INFO Client writer_slow: throughput=504.77
2026-03-15 20:57:32,751 INFO Dual-client combined throughput: 1689.19 ops/sec
2026-03-15 20:57:33,215 INFO Trace dual_small_vs_large: throughput=1689.19 ops/sec
2026-03-15 20:57:33,215 INFO --- Trace 2/2: dual_congested ---
2026-03-15 20:57:33,215 INFO CMD: sudo sync
2026-03-15 20:57:33,376 INFO CMD: sudo sh -c echo 3 > /proc/sys/vm/drop_caches
2026-03-15 20:57:33,930 INFO Page cache dropped.
2026-03-15 20:57:36,671 INFO Starting remote client wan_reader on krisub@node1: ssh -o StrictHostKeyChecking=no -o BatchMode=yes -i /users/krisub/.ssh/id_ed25519 krisub@node1 sh -lc 'if command -v cgexec >/dev/null 2>&1; then cgexec -g memory:cache_ext_remote_clients /mydata/cache_ext/My-YCSB/build/run_net_leveldb /tmp/dual_wan_reader_by45er5f.yaml && exit 0; fi; exec /mydata/cache_ext/My-YCSB/build/run_net_leveldb /tmp/dual_wan_reader_by45er5f.yaml'
2026-03-15 20:57:36,926 INFO Starting remote client wan_writer on krisub@node1: ssh -o StrictHostKeyChecking=no -o BatchMode=yes -i /users/krisub/.ssh/id_ed25519 krisub@node1 sh -lc 'if command -v cgexec >/dev/null 2>&1; then cgexec -g memory:cache_ext_remote_clients /mydata/cache_ext/My-YCSB/build/run_net_leveldb /tmp/dual_wan_writer_ejvyyse_.yaml && exit 0; fi; exec /mydata/cache_ext/My-YCSB/build/run_net_leveldb /tmp/dual_wan_writer_ejvyyse_.yaml'
2026-03-15 21:00:35,052 INFO Client wan_reader: throughput=1204.62
2026-03-15 21:00:35,174 INFO Client wan_writer: throughput=1473.51
2026-03-15 21:00:35,174 INFO Dual-client combined throughput: 2678.13 ops/sec
2026-03-15 21:00:35,639 INFO Trace dual_congested: throughput=2678.13 ops/sec
2026-03-15 21:00:35,688 INFO === Evaluation complete ===
2026-03-15 21:00:35,688 INFO Combined score (harmonic mean): 2071.69  (2/2 traces passed)
2026-03-15 21:00:35,688 INFO   dual_small_vs_large: 1689.19 ops/sec
2026-03-15 21:00:35,688 INFO   dual_congested: 2678.13 ops/sec
2026-03-15 21:00:35,688 INFO Stopping net_leveldb_server (PID 150803)
2026-03-15 21:00:35,688 INFO CMD: sudo kill 150803
2026-03-15 21:00:35,834 INFO Unloading BPF policy (PID 150681)
2026-03-15 21:00:35,835 INFO CMD: sudo kill -2 150681
2026-03-15 21:00:36,168 INFO CMD: sudo rm -f /sys/fs/bpf/cache_ext/scan_pids
2026-03-15 21:00:36,190 INFO CMD: sudo cgdelete memory:cache_ext_test
2026-03-15 21:00:36,219 INFO CMD: sudo sh -c echo 0x0007 > /sys/kernel/mm/lru_gen/enabled
2026-03-15 21:00:36,312 INFO MGLRU re-enabled (restored to 0x0007).
