2026-03-09 23:03:04,383 INFO Waiting for evaluation lock /tmp/cache_ext_evaluate.lock ...
2026-03-09 23:03:04,383 INFO Acquired evaluation lock.
2026-03-09 23:03:04,383 INFO === Step 0: Drop page cache ===
2026-03-09 23:03:04,400 INFO Database already exists at /mydata/leveldb_temp (CURRENT file found), skipping rsync
2026-03-09 23:03:04,400 INFO CMD: sudo sync
2026-03-09 23:03:04,581 INFO CMD: sudo sh -c echo 3 > /proc/sys/vm/drop_caches
2026-03-09 23:03:04,697 INFO Page cache dropped.
2026-03-09 23:03:04,698 INFO === Step 1: Compile evolved policy ===
2026-03-09 23:03:04,709 INFO CMD: sudo chown -R root: /mydata/cache_ext/eviction_evo/build
2026-03-09 23:03:05,037 INFO CMD: clang-14 -O2 -target bpf -D__TARGET_ARCH_x86 -c -g -Wall -idirafter /usr/lib/llvm-14/lib/clang/14.0.0/include -idirafter /usr/local/include -idirafter /usr/include/x86_64-linux-gnu -idirafter /usr/include /mydata/cache_ext/eviction_evo/build/cache_ext_evolved.bpf.c -o /mydata/cache_ext/eviction_evo/build/cache_ext_evolved.bpf.o
2026-03-09 23:03:09,032 INFO CMD: /usr/local/sbin/bpftool gen skeleton /mydata/cache_ext/eviction_evo/build/cache_ext_evolved.bpf.o name cache_ext_evolved_bpf
2026-03-09 23:03:09,219 INFO CMD: clang-14 -O2 -g -Wall -I/mydata/cache_ext/eviction_evo/build -I/mydata/cache_ext/policies /mydata/cache_ext/eviction_evo/cache_ext_evolved.c -o /mydata/cache_ext/eviction_evo/build/cache_ext_evolved.out -L/usr/local/lib64 -lbpf
2026-03-09 23:03:10,237 INFO Compilation successful: /mydata/cache_ext/eviction_evo/build/cache_ext_evolved.out
2026-03-09 23:03:10,237 INFO === Step 2: Disable MGLRU ===
2026-03-09 23:03:10,238 INFO MGLRU current state: 0x0000 — disabling
2026-03-09 23:03:10,238 INFO CMD: sudo sh -c echo 0 > /sys/kernel/mm/lru_gen/enabled
2026-03-09 23:03:10,256 INFO MGLRU disabled.
2026-03-09 23:03:10,257 INFO === Step 3: Create cgroup ===
2026-03-09 23:03:10,257 INFO CMD: sudo cgdelete memory:cache_ext_test
2026-03-09 23:03:10,295 INFO CMD: sudo cgcreate -g memory:cache_ext_test
2026-03-09 23:03:10,404 INFO CMD: sudo sh -c echo 536870912 > /sys/fs/cgroup/cache_ext_test/memory.max
2026-03-09 23:03:10,419 INFO Created cgroup cache_ext_test with limit 536870912 bytes
2026-03-09 23:03:10,419 INFO === Step 4: Load BPF policy ===
2026-03-09 23:03:10,419 INFO Loading policy: sudo /mydata/cache_ext/eviction_evo/build/cache_ext_evolved.out --watch_dir /mydata/leveldb_temp --cgroup_path /sys/fs/cgroup/cache_ext_test
2026-03-09 23:03:20,429 INFO Policy loaded (PID 257092)
2026-03-09 23:03:20,429 INFO === Step 5: Start server ===
2026-03-09 23:03:20,429 INFO Starting server: sudo cgexec -g memory:cache_ext_test /mydata/cache_ext/net_leveldb_server 9100 /mydata/leveldb_temp
2026-03-09 23:03:20,430 INFO Waiting for server on port 9100 ...
2026-03-09 23:03:25,425 INFO Server ready (PID 257610) on port 9100
2026-03-09 23:03:25,425 INFO === Step 6: Run 2 trace benchmarks ===
2026-03-09 23:03:25,425 INFO --- Trace 1/2: dual_small_vs_large ---
2026-03-09 23:03:25,448 INFO Starting proxy: /usr/bin/python /mydata/cache_ext/eviction_evo/tcp_delay_proxy.py --listen-port 9101 --target-port 9100 --delay-ms 1 --bandwidth-kbps 500000
2026-03-09 23:03:29,454 INFO Proxy ready on port 9101
2026-03-09 23:03:29,458 INFO Starting client reader_fast: /mydata/cache_ext/My-YCSB/build/run_net_leveldb /tmp/dual_reader_fast_4h2t2k2p.yaml
2026-03-09 23:03:29,518 INFO Starting client writer_slow: /mydata/cache_ext/My-YCSB/build/run_net_leveldb /tmp/dual_writer_slow_6krwqbl2.yaml
2026-03-09 23:06:27,127 INFO Client reader_fast: throughput=168.39
2026-03-09 23:06:27,128 INFO Client writer_slow: throughput=127.48
2026-03-09 23:06:27,128 INFO Dual-client combined throughput: 295.87 ops/sec
2026-03-09 23:06:27,132 INFO Trace dual_small_vs_large: throughput=295.87 ops/sec
2026-03-09 23:06:27,132 INFO --- Trace 2/2: dual_congested ---
2026-03-09 23:06:27,132 INFO CMD: sudo sync
2026-03-09 23:06:27,269 INFO CMD: sudo sh -c echo 3 > /proc/sys/vm/drop_caches
2026-03-09 23:06:28,887 INFO Page cache dropped.
2026-03-09 23:06:30,925 INFO Starting proxy: /usr/bin/python /mydata/cache_ext/eviction_evo/tcp_delay_proxy.py --listen-port 9101 --target-port 9100 --delay-ms 2 --bandwidth-kbps 100000
2026-03-09 23:06:31,958 INFO Proxy ready on port 9101
2026-03-09 23:06:31,958 INFO Starting proxy: /usr/bin/python /mydata/cache_ext/eviction_evo/tcp_delay_proxy.py --listen-port 9102 --target-port 9100 --delay-ms 5 --bandwidth-kbps 50000
2026-03-09 23:06:32,961 INFO Proxy ready on port 9102
2026-03-09 23:06:32,976 INFO Starting client wan_reader: /mydata/cache_ext/My-YCSB/build/run_net_leveldb /tmp/dual_wan_reader_f16dh20d.yaml
2026-03-09 23:06:33,000 INFO Starting client wan_writer: /mydata/cache_ext/My-YCSB/build/run_net_leveldb /tmp/dual_wan_writer_06lkgccd.yaml
2026-03-09 23:09:30,026 INFO Client wan_reader: throughput=157.75
2026-03-09 23:09:30,056 INFO Client wan_writer: throughput=168.75
2026-03-09 23:09:30,056 INFO Dual-client combined throughput: 326.50 ops/sec
2026-03-09 23:09:30,064 INFO Trace dual_congested: throughput=326.50 ops/sec
2026-03-09 23:09:30,144 INFO === Evaluation complete ===
2026-03-09 23:09:30,144 INFO Combined score (harmonic mean): 310.43  (2/2 traces passed)
2026-03-09 23:09:30,144 INFO   dual_small_vs_large: 295.87 ops/sec
2026-03-09 23:09:30,144 INFO   dual_congested: 326.50 ops/sec
2026-03-09 23:09:30,144 INFO Stopping net_leveldb_server (PID 257610)
2026-03-09 23:09:30,144 INFO CMD: sudo kill 257610
2026-03-09 23:09:30,333 INFO Unloading BPF policy (PID 257092)
2026-03-09 23:09:30,333 INFO CMD: sudo kill -2 257092
2026-03-09 23:09:30,566 INFO CMD: sudo rm -f /sys/fs/bpf/cache_ext/scan_pids
2026-03-09 23:09:30,611 INFO CMD: sudo cgdelete memory:cache_ext_test
2026-03-09 23:09:30,646 INFO CMD: sudo sh -c echo 0x0000 > /sys/kernel/mm/lru_gen/enabled
2026-03-09 23:09:30,665 INFO MGLRU re-enabled (restored to 0x0000).
