Uniform (Warm-Up) (epoch 0, progress 0.00%): UPDATE throughput 0.00 ops/sec, INSERT throughput 0.00 ops/sec, READ throughput 0.00 ops/sec, SCAN throughput 0.00 ops/sec, READ_MODIFY_WRITE throughput 0.00 ops/sec, total throughput 0.00 ops/sec
Uniform (Warm-Up) (epoch 1, progress 0.00%): UPDATE throughput 0.00 ops/sec, INSERT throughput 51.99 ops/sec, READ throughput 50.99 ops/sec, SCAN throughput 0.00 ops/sec, READ_MODIFY_WRITE throughput 0.00 ops/sec, total throughput 102.97 ops/sec
Uniform (Warm-Up) (epoch 2, progress 0.00%): UPDATE throughput 0.00 ops/sec, INSERT throughput 62.99 ops/sec, READ throughput 73.99 ops/sec, SCAN throughput 0.00 ops/sec, READ_MODIFY_WRITE throughput 0.00 ops/sec, total throughput 136.98 ops/sec
Uniform (Warm-Up) (epoch 3, progress 0.00%): UPDATE throughput 0.00 ops/sec, INSERT throughput 48.99 ops/sec, READ throughput 60.99 ops/sec, SCAN throughput 0.00 ops/sec, READ_MODIFY_WRITE throughput 0.00 ops/sec, total throughput 109.98 ops/sec
Uniform (Warm-Up) (epoch 4, progress 0.00%): UPDATE throughput 0.00 ops/sec, INSERT throughput 94.99 ops/sec, READ throughput 71.99 ops/sec, SCAN throughput 0.00 ops/sec, READ_MODIFY_WRITE throughput 0.00 ops/sec, total throughput 166.98 ops/sec
Uniform (Warm-Up) (epoch 5, progress 0.00%): UPDATE throughput 0.00 ops/sec, INSERT throughput 65.99 ops/sec, READ throughput 82.99 ops/sec, SCAN throughput 0.00 ops/sec, READ_MODIFY_WRITE throughput 0.00 ops/sec, total throughput 148.98 ops/sec
Uniform (Warm-Up) (epoch 6, progress 0.00%): UPDATE throughput 0.00 ops/sec, INSERT throughput 81.99 ops/sec, READ throughput 83.99 ops/sec, SCAN throughput 0.00 ops/sec, READ_MODIFY_WRITE throughput 0.00 ops/sec, total throughput 165.98 ops/sec
Uniform (Warm-Up) (epoch 7, progress 0.00%): UPDATE throughput 0.00 ops/sec, INSERT throughput 65.99 ops/sec, READ throughput 80.99 ops/sec, SCAN throughput 0.00 ops/sec, READ_MODIFY_WRITE throughput 0.00 ops/sec, total throughput 146.98 ops/sec
Uniform (Warm-Up) (epoch 8, progress 0.00%): UPDATE throughput 0.00 ops/sec, INSERT throughput 88.99 ops/sec, READ throughput 82.99 ops/sec, SCAN throughput 0.00 ops/sec, READ_MODIFY_WRITE throughput 0.00 ops/sec, total throughput 171.98 ops/sec
Uniform (Warm-Up) (epoch 9, progress 0.00%): UPDATE throughput 0.00 ops/sec, INSERT throughput 93.99 ops/sec, READ throughput 84.99 ops/sec, SCAN throughput 0.00 ops/sec, READ_MODIFY_WRITE throughput 0.00 ops/sec, total throughput 178.98 ops/sec
Uniform (Warm-Up) (epoch 10, progress 0.00%): UPDATE throughput 0.00 ops/sec, INSERT throughput 84.99 ops/sec, READ throughput 86.99 ops/sec, SCAN throughput 0.00 ops/sec, READ_MODIFY_WRITE throughput 0.00 ops/sec, total throughput 171.98 ops/sec
Uniform (Warm-Up) (epoch 11, progress 0.00%): UPDATE throughput 0.00 ops/sec, INSERT throughput 90.99 ops/sec, READ throughput 87.99 ops/sec, SCAN throughput 0.00 ops/sec, READ_MODIFY_WRITE throughput 0.00 ops/sec, total throughput 178.98 ops/sec
Uniform (Warm-Up) (epoch 12, progress 0.00%): UPDATE throughput 0.00 ops/sec, INSERT throughput 107.99 ops/sec, READ throughput 79.99 ops/sec, SCAN throughput 0.00 ops/sec, READ_MODIFY_WRITE throughput 0.00 ops/sec, total throughput 187.98 ops/sec
Uniform (Warm-Up) (epoch 13, progress 0.00%): UPDATE throughput 0.00 ops/sec, INSERT throughput 87.99 ops/sec, READ throughput 84.99 ops/sec, SCAN throughput 0.00 ops/sec, READ_MODIFY_WRITE throughput 0.00 ops/sec, total throughput 172.98 ops/sec
Uniform (Warm-Up) (epoch 14, progress 0.00%): UPDATE throughput 0.00 ops/sec, INSERT throughput 113.98 ops/sec, READ throughput 104.99 ops/sec, SCAN throughput 0.00 ops/sec, READ_MODIFY_WRITE throughput 0.00 ops/sec, total throughput 218.97 ops/sec
Uniform (Warm-Up) (epoch 15, progress 0.00%): UPDATE throughput 0.00 ops/sec, INSERT throughput 80.99 ops/sec, READ throughput 83.99 ops/sec, SCAN throughput 0.00 ops/sec, READ_MODIFY_WRITE throughput 0.00 ops/sec, total throughput 164.98 ops/sec
Uniform (Warm-Up) (epoch 16, progress 0.00%): UPDATE throughput 0.00 ops/sec, INSERT throughput 91.99 ops/sec, READ throughput 93.99 ops/sec, SCAN throughput 0.00 ops/sec, READ_MODIFY_WRITE throughput 0.00 ops/sec, total throughput 185.98 ops/sec
Uniform (Warm-Up) (epoch 17, progress 0.00%): UPDATE throughput 0.00 ops/sec, INSERT throughput 83.99 ops/sec, READ throughput 82.99 ops/sec, SCAN throughput 0.00 ops/sec, READ_MODIFY_WRITE throughput 0.00 ops/sec, total throughput 166.98 ops/sec
Uniform (Warm-Up) (epoch 18, progress 0.00%): UPDATE throughput 0.00 ops/sec, INSERT throughput 83.99 ops/sec, READ throughput 92.99 ops/sec, SCAN throughput 0.00 ops/sec, READ_MODIFY_WRITE throughput 0.00 ops/sec, total throughput 176.98 ops/sec
Uniform (Warm-Up) (epoch 19, progress 0.00%): UPDATE throughput 0.00 ops/sec, INSERT throughput 83.99 ops/sec, READ throughput 89.99 ops/sec, SCAN throughput 0.00 ops/sec, READ_MODIFY_WRITE throughput 0.00 ops/sec, total throughput 173.98 ops/sec
Uniform (Warm-Up) (epoch 20, progress 0.00%): UPDATE throughput 0.00 ops/sec, INSERT throughput 83.99 ops/sec, READ throughput 98.99 ops/sec, SCAN throughput 0.00 ops/sec, READ_MODIFY_WRITE throughput 0.00 ops/sec, total throughput 182.98 ops/sec
Uniform (Warm-Up) (epoch 21, progress 0.00%): UPDATE throughput 0.00 ops/sec, INSERT throughput 116.98 ops/sec, READ throughput 97.99 ops/sec, SCAN throughput 0.00 ops/sec, READ_MODIFY_WRITE throughput 0.00 ops/sec, total throughput 214.97 ops/sec
Uniform (Warm-Up) (epoch 22, progress 0.00%): UPDATE throughput 0.00 ops/sec, INSERT throughput 65.99 ops/sec, READ throughput 88.99 ops/sec, SCAN throughput 0.00 ops/sec, READ_MODIFY_WRITE throughput 0.00 ops/sec, total throughput 154.98 ops/sec
Uniform (Warm-Up) (epoch 23, progress 0.00%): UPDATE throughput 0.00 ops/sec, INSERT throughput 57.99 ops/sec, READ throughput 75.99 ops/sec, SCAN throughput 0.00 ops/sec, READ_MODIFY_WRITE throughput 0.00 ops/sec, total throughput 133.98 ops/sec
Uniform (Warm-Up) (epoch 24, progress 0.00%): UPDATE throughput 0.00 ops/sec, INSERT throughput 80.99 ops/sec, READ throughput 92.99 ops/sec, SCAN throughput 0.00 ops/sec, READ_MODIFY_WRITE throughput 0.00 ops/sec, total throughput 173.98 ops/sec
Uniform (Warm-Up) (epoch 25, progress 0.01%): UPDATE throughput 0.00 ops/sec, INSERT throughput 102.99 ops/sec, READ throughput 87.99 ops/sec, SCAN throughput 0.00 ops/sec, READ_MODIFY_WRITE throughput 0.00 ops/sec, total throughput 190.98 ops/sec
Uniform (Warm-Up) (epoch 26, progress 0.01%): UPDATE throughput 0.00 ops/sec, INSERT throughput 94.99 ops/sec, READ throughput 86.99 ops/sec, SCAN throughput 0.00 ops/sec, READ_MODIFY_WRITE throughput 0.00 ops/sec, total throughput 181.98 ops/sec
Uniform (Warm-Up) (epoch 27, progress 0.01%): UPDATE throughput 0.00 ops/sec, INSERT throughput 101.99 ops/sec, READ throughput 96.99 ops/sec, SCAN throughput 0.00 ops/sec, READ_MODIFY_WRITE throughput 0.00 ops/sec, total throughput 198.97 ops/sec
Uniform (Warm-Up) (epoch 28, progress 0.01%): UPDATE throughput 0.00 ops/sec, INSERT throughput 94.99 ops/sec, READ throughput 93.99 ops/sec, SCAN throughput 0.00 ops/sec, READ_MODIFY_WRITE throughput 0.00 ops/sec, total throughput 188.97 ops/sec
Uniform (Warm-Up) (epoch 29, progress 0.01%): UPDATE throughput 0.00 ops/sec, INSERT throughput 97.99 ops/sec, READ throughput 101.99 ops/sec, SCAN throughput 0.00 ops/sec, READ_MODIFY_WRITE throughput 0.00 ops/sec, total throughput 199.97 ops/sec
Uniform (Warm-Up) (epoch 30, progress 0.01%): UPDATE throughput 0.00 ops/sec, INSERT throughput 91.99 ops/sec, READ throughput 83.99 ops/sec, SCAN throughput 0.00 ops/sec, READ_MODIFY_WRITE throughput 0.00 ops/sec, total throughput 175.98 ops/sec
time's up!
Uniform (Warm-Up): calculating overall performance metrics... (might take a while)
Uniform (Warm-Up) overall: UPDATE throughput 0.00 ops/sec, INSERT throughput 85.22 ops/sec, READ throughput 85.65 ops/sec, SCAN throughput 0.00 ops/sec, READ_MODIFY_WRITE throughput 0.00 ops/sec, total throughput 170.87 ops/sec
Uniform (Warm-Up) overall: UPDATE average latency 0.00 ns, UPDATE p99 latency 0.00 ns, INSERT average latency 222453.08 ns, INSERT p99 latency 214000.81 ns, READ average latency 93011856.01 ns, READ p99 latency 301316574.22 ns, SCAN average latency 0.00 ns, SCAN p99 latency 0.00 ns, READ_MODIFY_WRITE average latency 0.00 ns, READ_MODIFY_WRITE p99 latency 0.00 ns
Uniform (epoch 0, progress 0.00%): UPDATE throughput 0.00 ops/sec, INSERT throughput 16129.03 ops/sec, READ throughput 0.00 ops/sec, SCAN throughput 0.00 ops/sec, READ_MODIFY_WRITE throughput 0.00 ops/sec, total throughput 16129.03 ops/sec
Uniform (epoch 1, progress 0.01%): UPDATE throughput 0.00 ops/sec, INSERT throughput 2655.63 ops/sec, READ throughput 2660.62 ops/sec, SCAN throughput 0.00 ops/sec, READ_MODIFY_WRITE throughput 0.00 ops/sec, total throughput 5316.25 ops/sec
Uniform (epoch 2, progress 0.01%): UPDATE throughput 0.00 ops/sec, INSERT throughput 87.99 ops/sec, READ throughput 93.99 ops/sec, SCAN throughput 0.00 ops/sec, READ_MODIFY_WRITE throughput 0.00 ops/sec, total throughput 181.97 ops/sec
Uniform (epoch 3, progress 0.01%): UPDATE throughput 0.00 ops/sec, INSERT throughput 72.99 ops/sec, READ throughput 101.99 ops/sec, SCAN throughput 0.00 ops/sec, READ_MODIFY_WRITE throughput 0.00 ops/sec, total throughput 174.98 ops/sec
Uniform (epoch 4, progress 0.01%): UPDATE throughput 0.00 ops/sec, INSERT throughput 96.99 ops/sec, READ throughput 104.99 ops/sec, SCAN throughput 0.00 ops/sec, READ_MODIFY_WRITE throughput 0.00 ops/sec, total throughput 201.97 ops/sec
Uniform (epoch 5, progress 0.01%): UPDATE throughput 0.00 ops/sec, INSERT throughput 100.99 ops/sec, READ throughput 104.98 ops/sec, SCAN throughput 0.00 ops/sec, READ_MODIFY_WRITE throughput 0.00 ops/sec, total throughput 205.97 ops/sec
Uniform (epoch 6, progress 0.01%): UPDATE throughput 0.00 ops/sec, INSERT throughput 95.99 ops/sec, READ throughput 103.99 ops/sec, SCAN throughput 0.00 ops/sec, READ_MODIFY_WRITE throughput 0.00 ops/sec, total throughput 199.97 ops/sec
Uniform (epoch 7, progress 0.01%): UPDATE throughput 0.00 ops/sec, INSERT throughput 124.98 ops/sec, READ throughput 94.99 ops/sec, SCAN throughput 0.00 ops/sec, READ_MODIFY_WRITE throughput 0.00 ops/sec, total throughput 219.97 ops/sec
Uniform (epoch 8, progress 0.01%): UPDATE throughput 0.00 ops/sec, INSERT throughput 79.99 ops/sec, READ throughput 97.99 ops/sec, SCAN throughput 0.00 ops/sec, READ_MODIFY_WRITE throughput 0.00 ops/sec, total throughput 177.98 ops/sec
Uniform (epoch 9, progress 0.01%): UPDATE throughput 0.00 ops/sec, INSERT throughput 109.98 ops/sec, READ throughput 95.99 ops/sec, SCAN throughput 0.00 ops/sec, READ_MODIFY_WRITE throughput 0.00 ops/sec, total throughput 205.97 ops/sec
Uniform (epoch 10, progress 0.01%): UPDATE throughput 0.00 ops/sec, INSERT throughput 104.99 ops/sec, READ throughput 96.99 ops/sec, SCAN throughput 0.00 ops/sec, READ_MODIFY_WRITE throughput 0.00 ops/sec, total throughput 201.97 ops/sec
Uniform (epoch 11, progress 0.01%): UPDATE throughput 0.00 ops/sec, INSERT throughput 102.98 ops/sec, READ throughput 103.98 ops/sec, SCAN throughput 0.00 ops/sec, READ_MODIFY_WRITE throughput 0.00 ops/sec, total throughput 206.97 ops/sec
Uniform (epoch 12, progress 0.01%): UPDATE throughput 0.00 ops/sec, INSERT throughput 103.99 ops/sec, READ throughput 101.99 ops/sec, SCAN throughput 0.00 ops/sec, READ_MODIFY_WRITE throughput 0.00 ops/sec, total throughput 205.97 ops/sec
Uniform (epoch 13, progress 0.01%): UPDATE throughput 0.00 ops/sec, INSERT throughput 132.98 ops/sec, READ throughput 106.98 ops/sec, SCAN throughput 0.00 ops/sec, READ_MODIFY_WRITE throughput 0.00 ops/sec, total throughput 239.97 ops/sec
Uniform (epoch 14, progress 0.01%): UPDATE throughput 0.00 ops/sec, INSERT throughput 82.99 ops/sec, READ throughput 88.99 ops/sec, SCAN throughput 0.00 ops/sec, READ_MODIFY_WRITE throughput 0.00 ops/sec, total throughput 171.97 ops/sec
Uniform (epoch 15, progress 0.01%): UPDATE throughput 0.00 ops/sec, INSERT throughput 91.99 ops/sec, READ throughput 99.98 ops/sec, SCAN throughput 0.00 ops/sec, READ_MODIFY_WRITE throughput 0.00 ops/sec, total throughput 191.97 ops/sec
Uniform (epoch 16, progress 0.01%): UPDATE throughput 0.00 ops/sec, INSERT throughput 85.99 ops/sec, READ throughput 86.99 ops/sec, SCAN throughput 0.00 ops/sec, READ_MODIFY_WRITE throughput 0.00 ops/sec, total throughput 172.97 ops/sec
Uniform (epoch 17, progress 0.01%): UPDATE throughput 0.00 ops/sec, INSERT throughput 97.99 ops/sec, READ throughput 81.99 ops/sec, SCAN throughput 0.00 ops/sec, READ_MODIFY_WRITE throughput 0.00 ops/sec, total throughput 179.98 ops/sec
Uniform (epoch 18, progress 0.01%): UPDATE throughput 0.00 ops/sec, INSERT throughput 8.00 ops/sec, READ throughput 8.00 ops/sec, SCAN throughput 0.00 ops/sec, READ_MODIFY_WRITE throughput 0.00 ops/sec, total throughput 16.00 ops/sec
Uniform (epoch 19, progress 0.01%): UPDATE throughput 0.00 ops/sec, INSERT throughput 80.99 ops/sec, READ throughput 78.99 ops/sec, SCAN throughput 0.00 ops/sec, READ_MODIFY_WRITE throughput 0.00 ops/sec, total throughput 159.98 ops/sec
Uniform (epoch 20, progress 0.01%): UPDATE throughput 0.00 ops/sec, INSERT throughput 72.99 ops/sec, READ throughput 78.99 ops/sec, SCAN throughput 0.00 ops/sec, READ_MODIFY_WRITE throughput 0.00 ops/sec, total throughput 151.98 ops/sec
Uniform (epoch 21, progress 0.01%): UPDATE throughput 0.00 ops/sec, INSERT throughput 91.99 ops/sec, READ throughput 93.99 ops/sec, SCAN throughput 0.00 ops/sec, READ_MODIFY_WRITE throughput 0.00 ops/sec, total throughput 185.98 ops/sec
Uniform (epoch 22, progress 0.01%): UPDATE throughput 0.00 ops/sec, INSERT throughput 85.99 ops/sec, READ throughput 91.99 ops/sec, SCAN throughput 0.00 ops/sec, READ_MODIFY_WRITE throughput 0.00 ops/sec, total throughput 177.98 ops/sec
Uniform (epoch 23, progress 0.01%): UPDATE throughput 0.00 ops/sec, INSERT throughput 105.98 ops/sec, READ throughput 85.99 ops/sec, SCAN throughput 0.00 ops/sec, READ_MODIFY_WRITE throughput 0.00 ops/sec, total throughput 191.97 ops/sec
Uniform (epoch 24, progress 0.01%): UPDATE throughput 0.00 ops/sec, INSERT throughput 7.00 ops/sec, READ throughput 6.00 ops/sec, SCAN throughput 0.00 ops/sec, READ_MODIFY_WRITE throughput 0.00 ops/sec, total throughput 13.00 ops/sec
Uniform (epoch 25, progress 0.01%): UPDATE throughput 0.00 ops/sec, INSERT throughput 119.98 ops/sec, READ throughput 97.99 ops/sec, SCAN throughput 0.00 ops/sec, READ_MODIFY_WRITE throughput 0.00 ops/sec, total throughput 217.97 ops/sec
Uniform (epoch 26, progress 0.01%): UPDATE throughput 0.00 ops/sec, INSERT throughput 140.98 ops/sec, READ throughput 106.98 ops/sec, SCAN throughput 0.00 ops/sec, READ_MODIFY_WRITE throughput 0.00 ops/sec, total throughput 247.96 ops/sec
Uniform (epoch 27, progress 0.01%): UPDATE throughput 0.00 ops/sec, INSERT throughput 110.98 ops/sec, READ throughput 111.98 ops/sec, SCAN throughput 0.00 ops/sec, READ_MODIFY_WRITE throughput 0.00 ops/sec, total throughput 222.97 ops/sec
Uniform (epoch 28, progress 0.01%): UPDATE throughput 0.00 ops/sec, INSERT throughput 107.99 ops/sec, READ throughput 95.99 ops/sec, SCAN throughput 0.00 ops/sec, READ_MODIFY_WRITE throughput 0.00 ops/sec, total throughput 203.97 ops/sec
Uniform (epoch 29, progress 0.01%): UPDATE throughput 0.00 ops/sec, INSERT throughput 93.99 ops/sec, READ throughput 107.99 ops/sec, SCAN throughput 0.00 ops/sec, READ_MODIFY_WRITE throughput 0.00 ops/sec, total throughput 201.97 ops/sec
Uniform (epoch 30, progress 0.01%): UPDATE throughput 0.00 ops/sec, INSERT throughput 114.98 ops/sec, READ throughput 110.98 ops/sec, SCAN throughput 0.00 ops/sec, READ_MODIFY_WRITE throughput 0.00 ops/sec, total throughput 225.97 ops/sec
Uniform (epoch 31, progress 0.01%): UPDATE throughput 0.00 ops/sec, INSERT throughput 113.98 ops/sec, READ throughput 110.99 ops/sec, SCAN throughput 0.00 ops/sec, READ_MODIFY_WRITE throughput 0.00 ops/sec, total throughput 224.97 ops/sec
Uniform (epoch 32, progress 0.01%): UPDATE throughput 0.00 ops/sec, INSERT throughput 133.98 ops/sec, READ throughput 106.99 ops/sec, SCAN throughput 0.00 ops/sec, READ_MODIFY_WRITE throughput 0.00 ops/sec, total throughput 240.97 ops/sec
Uniform (epoch 33, progress 0.01%): UPDATE throughput 0.00 ops/sec, INSERT throughput 90.99 ops/sec, READ throughput 104.99 ops/sec, SCAN throughput 0.00 ops/sec, READ_MODIFY_WRITE throughput 0.00 ops/sec, total throughput 195.97 ops/sec
Uniform (epoch 34, progress 0.01%): UPDATE throughput 0.00 ops/sec, INSERT throughput 90.99 ops/sec, READ throughput 113.98 ops/sec, SCAN throughput 0.00 ops/sec, READ_MODIFY_WRITE throughput 0.00 ops/sec, total throughput 204.97 ops/sec
Uniform (epoch 35, progress 0.01%): UPDATE throughput 0.00 ops/sec, INSERT throughput 104.98 ops/sec, READ throughput 98.99 ops/sec, SCAN throughput 0.00 ops/sec, READ_MODIFY_WRITE throughput 0.00 ops/sec, total throughput 203.97 ops/sec
Uniform (epoch 36, progress 0.01%): UPDATE throughput 0.00 ops/sec, INSERT throughput 94.99 ops/sec, READ throughput 102.99 ops/sec, SCAN throughput 0.00 ops/sec, READ_MODIFY_WRITE throughput 0.00 ops/sec, total throughput 197.97 ops/sec
Uniform (epoch 37, progress 0.02%): UPDATE throughput 0.00 ops/sec, INSERT throughput 128.98 ops/sec, READ throughput 116.98 ops/sec, SCAN throughput 0.00 ops/sec, READ_MODIFY_WRITE throughput 0.00 ops/sec, total throughput 245.97 ops/sec
Uniform (epoch 38, progress 0.02%): UPDATE throughput 0.00 ops/sec, INSERT throughput 100.99 ops/sec, READ throughput 116.98 ops/sec, SCAN throughput 0.00 ops/sec, READ_MODIFY_WRITE throughput 0.00 ops/sec, total throughput 217.97 ops/sec
Uniform (epoch 39, progress 0.02%): UPDATE throughput 0.00 ops/sec, INSERT throughput 90.99 ops/sec, READ throughput 95.99 ops/sec, SCAN throughput 0.00 ops/sec, READ_MODIFY_WRITE throughput 0.00 ops/sec, total throughput 186.97 ops/sec
Uniform (epoch 40, progress 0.02%): UPDATE throughput 0.00 ops/sec, INSERT throughput 103.99 ops/sec, READ throughput 106.98 ops/sec, SCAN throughput 0.00 ops/sec, READ_MODIFY_WRITE throughput 0.00 ops/sec, total throughput 210.97 ops/sec
Uniform (epoch 41, progress 0.02%): UPDATE throughput 0.00 ops/sec, INSERT throughput 111.98 ops/sec, READ throughput 104.99 ops/sec, SCAN throughput 0.00 ops/sec, READ_MODIFY_WRITE throughput 0.00 ops/sec, total throughput 216.97 ops/sec
Uniform (epoch 42, progress 0.02%): UPDATE throughput 0.00 ops/sec, INSERT throughput 98.99 ops/sec, READ throughput 117.98 ops/sec, SCAN throughput 0.00 ops/sec, READ_MODIFY_WRITE throughput 0.00 ops/sec, total throughput 216.97 ops/sec
Uniform (epoch 43, progress 0.02%): UPDATE throughput 0.00 ops/sec, INSERT throughput 162.98 ops/sec, READ throughput 116.99 ops/sec, SCAN throughput 0.00 ops/sec, READ_MODIFY_WRITE throughput 0.00 ops/sec, total throughput 279.97 ops/sec
Uniform (epoch 44, progress 0.02%): UPDATE throughput 0.00 ops/sec, INSERT throughput 114.98 ops/sec, READ throughput 116.98 ops/sec, SCAN throughput 0.00 ops/sec, READ_MODIFY_WRITE throughput 0.00 ops/sec, total throughput 231.97 ops/sec
Uniform (epoch 45, progress 0.02%): UPDATE throughput 0.00 ops/sec, INSERT throughput 97.99 ops/sec, READ throughput 106.98 ops/sec, SCAN throughput 0.00 ops/sec, READ_MODIFY_WRITE throughput 0.00 ops/sec, total throughput 204.97 ops/sec
Uniform (epoch 46, progress 0.02%): UPDATE throughput 0.00 ops/sec, INSERT throughput 111.98 ops/sec, READ throughput 115.98 ops/sec, SCAN throughput 0.00 ops/sec, READ_MODIFY_WRITE throughput 0.00 ops/sec, total throughput 227.97 ops/sec
Uniform (epoch 47, progress 0.02%): UPDATE throughput 0.00 ops/sec, INSERT throughput 96.99 ops/sec, READ throughput 99.99 ops/sec, SCAN throughput 0.00 ops/sec, READ_MODIFY_WRITE throughput 0.00 ops/sec, total throughput 196.97 ops/sec
Uniform (epoch 48, progress 0.02%): UPDATE throughput 0.00 ops/sec, INSERT throughput 122.98 ops/sec, READ throughput 119.98 ops/sec, SCAN throughput 0.00 ops/sec, READ_MODIFY_WRITE throughput 0.00 ops/sec, total throughput 242.97 ops/sec
Uniform (epoch 49, progress 0.02%): UPDATE throughput 0.00 ops/sec, INSERT throughput 139.98 ops/sec, READ throughput 114.98 ops/sec, SCAN throughput 0.00 ops/sec, READ_MODIFY_WRITE throughput 0.00 ops/sec, total throughput 254.96 ops/sec
Uniform (epoch 50, progress 0.02%): UPDATE throughput 0.00 ops/sec, INSERT throughput 101.99 ops/sec, READ throughput 105.99 ops/sec, SCAN throughput 0.00 ops/sec, READ_MODIFY_WRITE throughput 0.00 ops/sec, total throughput 207.97 ops/sec
Uniform (epoch 51, progress 0.02%): UPDATE throughput 0.00 ops/sec, INSERT throughput 96.99 ops/sec, READ throughput 117.98 ops/sec, SCAN throughput 0.00 ops/sec, READ_MODIFY_WRITE throughput 0.00 ops/sec, total throughput 214.97 ops/sec
Uniform (epoch 52, progress 0.02%): UPDATE throughput 0.00 ops/sec, INSERT throughput 131.98 ops/sec, READ throughput 102.99 ops/sec, SCAN throughput 0.00 ops/sec, READ_MODIFY_WRITE throughput 0.00 ops/sec, total throughput 234.97 ops/sec
Uniform (epoch 53, progress 0.02%): UPDATE throughput 0.00 ops/sec, INSERT throughput 102.99 ops/sec, READ throughput 114.98 ops/sec, SCAN throughput 0.00 ops/sec, READ_MODIFY_WRITE throughput 0.00 ops/sec, total throughput 217.97 ops/sec
Uniform (epoch 54, progress 0.02%): UPDATE throughput 0.00 ops/sec, INSERT throughput 82.99 ops/sec, READ throughput 107.99 ops/sec, SCAN throughput 0.00 ops/sec, READ_MODIFY_WRITE throughput 0.00 ops/sec, total throughput 190.97 ops/sec
Uniform (epoch 55, progress 0.02%): UPDATE throughput 0.00 ops/sec, INSERT throughput 115.98 ops/sec, READ throughput 117.98 ops/sec, SCAN throughput 0.00 ops/sec, READ_MODIFY_WRITE throughput 0.00 ops/sec, total throughput 233.97 ops/sec
Uniform (epoch 56, progress 0.02%): UPDATE throughput 0.00 ops/sec, INSERT throughput 120.98 ops/sec, READ throughput 110.98 ops/sec, SCAN throughput 0.00 ops/sec, READ_MODIFY_WRITE throughput 0.00 ops/sec, total throughput 231.97 ops/sec
Uniform (epoch 57, progress 0.02%): UPDATE throughput 0.00 ops/sec, INSERT throughput 84.99 ops/sec, READ throughput 108.98 ops/sec, SCAN throughput 0.00 ops/sec, READ_MODIFY_WRITE throughput 0.00 ops/sec, total throughput 193.97 ops/sec
Uniform (epoch 58, progress 0.02%): UPDATE throughput 0.00 ops/sec, INSERT throughput 102.98 ops/sec, READ throughput 120.98 ops/sec, SCAN throughput 0.00 ops/sec, READ_MODIFY_WRITE throughput 0.00 ops/sec, total throughput 223.97 ops/sec
Uniform (epoch 59, progress 0.02%): UPDATE throughput 0.00 ops/sec, INSERT throughput 126.99 ops/sec, READ throughput 108.99 ops/sec, SCAN throughput 0.00 ops/sec, READ_MODIFY_WRITE throughput 0.00 ops/sec, total throughput 235.98 ops/sec
Uniform (epoch 60, progress 0.02%): UPDATE throughput 0.00 ops/sec, INSERT throughput 122.99 ops/sec, READ throughput 111.99 ops/sec, SCAN throughput 0.00 ops/sec, READ_MODIFY_WRITE throughput 0.00 ops/sec, total throughput 234.97 ops/sec
Uniform (epoch 61, progress 0.02%): UPDATE throughput 0.00 ops/sec, INSERT throughput 94.99 ops/sec, READ throughput 104.98 ops/sec, SCAN throughput 0.00 ops/sec, READ_MODIFY_WRITE throughput 0.00 ops/sec, total throughput 199.97 ops/sec
Uniform (epoch 62, progress 0.02%): UPDATE throughput 0.00 ops/sec, INSERT throughput 83.99 ops/sec, READ throughput 108.98 ops/sec, SCAN throughput 0.00 ops/sec, READ_MODIFY_WRITE throughput 0.00 ops/sec, total throughput 192.97 ops/sec
Uniform (epoch 63, progress 0.02%): UPDATE throughput 0.00 ops/sec, INSERT throughput 151.98 ops/sec, READ throughput 111.98 ops/sec, SCAN throughput 0.00 ops/sec, READ_MODIFY_WRITE throughput 0.00 ops/sec, total throughput 263.96 ops/sec
Uniform (epoch 64, progress 0.02%): UPDATE throughput 0.00 ops/sec, INSERT throughput 126.98 ops/sec, READ throughput 103.98 ops/sec, SCAN throughput 0.00 ops/sec, READ_MODIFY_WRITE throughput 0.00 ops/sec, total throughput 230.96 ops/sec
Uniform (epoch 65, progress 0.02%): UPDATE throughput 0.00 ops/sec, INSERT throughput 138.98 ops/sec, READ throughput 112.98 ops/sec, SCAN throughput 0.00 ops/sec, READ_MODIFY_WRITE throughput 0.00 ops/sec, total throughput 251.96 ops/sec
Uniform (epoch 66, progress 0.02%): UPDATE throughput 0.00 ops/sec, INSERT throughput 116.98 ops/sec, READ throughput 112.98 ops/sec, SCAN throughput 0.00 ops/sec, READ_MODIFY_WRITE throughput 0.00 ops/sec, total throughput 229.97 ops/sec
Uniform (epoch 67, progress 0.02%): UPDATE throughput 0.00 ops/sec, INSERT throughput 116.98 ops/sec, READ throughput 100.99 ops/sec, SCAN throughput 0.00 ops/sec, READ_MODIFY_WRITE throughput 0.00 ops/sec, total throughput 217.97 ops/sec
Uniform (epoch 68, progress 0.02%): UPDATE throughput 0.00 ops/sec, INSERT throughput 102.98 ops/sec, READ throughput 112.98 ops/sec, SCAN throughput 0.00 ops/sec, READ_MODIFY_WRITE throughput 0.00 ops/sec, total throughput 215.97 ops/sec
Uniform (epoch 69, progress 0.02%): UPDATE throughput 0.00 ops/sec, INSERT throughput 118.99 ops/sec, READ throughput 126.99 ops/sec, SCAN throughput 0.00 ops/sec, READ_MODIFY_WRITE throughput 0.00 ops/sec, total throughput 245.97 ops/sec
Uniform (epoch 70, progress 0.02%): UPDATE throughput 0.00 ops/sec, INSERT throughput 147.98 ops/sec, READ throughput 118.98 ops/sec, SCAN throughput 0.00 ops/sec, READ_MODIFY_WRITE throughput 0.00 ops/sec, total throughput 266.96 ops/sec
Uniform (epoch 71, progress 0.02%): UPDATE throughput 0.00 ops/sec, INSERT throughput 90.99 ops/sec, READ throughput 110.98 ops/sec, SCAN throughput 0.00 ops/sec, READ_MODIFY_WRITE throughput 0.00 ops/sec, total throughput 201.97 ops/sec
Uniform (epoch 72, progress 0.03%): UPDATE throughput 0.00 ops/sec, INSERT throughput 103.98 ops/sec, READ throughput 110.98 ops/sec, SCAN throughput 0.00 ops/sec, READ_MODIFY_WRITE throughput 0.00 ops/sec, total throughput 214.97 ops/sec
Uniform (epoch 73, progress 0.03%): UPDATE throughput 0.00 ops/sec, INSERT throughput 118.98 ops/sec, READ throughput 110.98 ops/sec, SCAN throughput 0.00 ops/sec, READ_MODIFY_WRITE throughput 0.00 ops/sec, total throughput 229.97 ops/sec
Uniform (epoch 74, progress 0.03%): UPDATE throughput 0.00 ops/sec, INSERT throughput 75.99 ops/sec, READ throughput 85.99 ops/sec, SCAN throughput 0.00 ops/sec, READ_MODIFY_WRITE throughput 0.00 ops/sec, total throughput 161.98 ops/sec
Uniform (epoch 75, progress 0.03%): UPDATE throughput 0.00 ops/sec, INSERT throughput 97.99 ops/sec, READ throughput 111.99 ops/sec, SCAN throughput 0.00 ops/sec, READ_MODIFY_WRITE throughput 0.00 ops/sec, total throughput 209.98 ops/sec
Uniform (epoch 76, progress 0.03%): UPDATE throughput 0.00 ops/sec, INSERT throughput 108.99 ops/sec, READ throughput 107.99 ops/sec, SCAN throughput 0.00 ops/sec, READ_MODIFY_WRITE throughput 0.00 ops/sec, total throughput 216.97 ops/sec
Uniform (epoch 77, progress 0.03%): UPDATE throughput 0.00 ops/sec, INSERT throughput 123.98 ops/sec, READ throughput 126.98 ops/sec, SCAN throughput 0.00 ops/sec, READ_MODIFY_WRITE throughput 0.00 ops/sec, total throughput 250.96 ops/sec
Uniform (epoch 78, progress 0.03%): UPDATE throughput 0.00 ops/sec, INSERT throughput 89.99 ops/sec, READ throughput 100.99 ops/sec, SCAN throughput 0.00 ops/sec, READ_MODIFY_WRITE throughput 0.00 ops/sec, total throughput 190.97 ops/sec
Uniform (epoch 79, progress 0.03%): UPDATE throughput 0.00 ops/sec, INSERT throughput 87.99 ops/sec, READ throughput 104.98 ops/sec, SCAN throughput 0.00 ops/sec, READ_MODIFY_WRITE throughput 0.00 ops/sec, total throughput 192.97 ops/sec
Uniform (epoch 80, progress 0.03%): UPDATE throughput 0.00 ops/sec, INSERT throughput 103.99 ops/sec, READ throughput 112.98 ops/sec, SCAN throughput 0.00 ops/sec, READ_MODIFY_WRITE throughput 0.00 ops/sec, total throughput 216.97 ops/sec
Uniform (epoch 81, progress 0.03%): UPDATE throughput 0.00 ops/sec, INSERT throughput 91.99 ops/sec, READ throughput 110.99 ops/sec, SCAN throughput 0.00 ops/sec, READ_MODIFY_WRITE throughput 0.00 ops/sec, total throughput 202.97 ops/sec
Uniform (epoch 82, progress 0.03%): UPDATE throughput 0.00 ops/sec, INSERT throughput 107.98 ops/sec, READ throughput 109.98 ops/sec, SCAN throughput 0.00 ops/sec, READ_MODIFY_WRITE throughput 0.00 ops/sec, total throughput 217.97 ops/sec
Uniform (epoch 83, progress 0.03%): UPDATE throughput 0.00 ops/sec, INSERT throughput 131.98 ops/sec, READ throughput 119.98 ops/sec, SCAN throughput 0.00 ops/sec, READ_MODIFY_WRITE throughput 0.00 ops/sec, total throughput 251.96 ops/sec
Uniform (epoch 84, progress 0.03%): UPDATE throughput 0.00 ops/sec, INSERT throughput 112.98 ops/sec, READ throughput 108.98 ops/sec, SCAN throughput 0.00 ops/sec, READ_MODIFY_WRITE throughput 0.00 ops/sec, total throughput 221.97 ops/sec
Uniform (epoch 85, progress 0.03%): UPDATE throughput 0.00 ops/sec, INSERT throughput 99.99 ops/sec, READ throughput 106.99 ops/sec, SCAN throughput 0.00 ops/sec, READ_MODIFY_WRITE throughput 0.00 ops/sec, total throughput 206.98 ops/sec
Uniform (epoch 86, progress 0.03%): UPDATE throughput 0.00 ops/sec, INSERT throughput 119.98 ops/sec, READ throughput 114.98 ops/sec, SCAN throughput 0.00 ops/sec, READ_MODIFY_WRITE throughput 0.00 ops/sec, total throughput 234.97 ops/sec
Uniform (epoch 87, progress 0.03%): UPDATE throughput 0.00 ops/sec, INSERT throughput 125.98 ops/sec, READ throughput 108.98 ops/sec, SCAN throughput 0.00 ops/sec, READ_MODIFY_WRITE throughput 0.00 ops/sec, total throughput 234.97 ops/sec
Uniform (epoch 88, progress 0.03%): UPDATE throughput 0.00 ops/sec, INSERT throughput 116.98 ops/sec, READ throughput 111.98 ops/sec, SCAN throughput 0.00 ops/sec, READ_MODIFY_WRITE throughput 0.00 ops/sec, total throughput 228.97 ops/sec
Uniform (epoch 89, progress 0.03%): UPDATE throughput 0.00 ops/sec, INSERT throughput 93.99 ops/sec, READ throughput 118.98 ops/sec, SCAN throughput 0.00 ops/sec, READ_MODIFY_WRITE throughput 0.00 ops/sec, total throughput 212.97 ops/sec
Uniform (epoch 90, progress 0.03%): UPDATE throughput 0.00 ops/sec, INSERT throughput 125.98 ops/sec, READ throughput 116.98 ops/sec, SCAN throughput 0.00 ops/sec, READ_MODIFY_WRITE throughput 0.00 ops/sec, total throughput 242.97 ops/sec
Uniform (epoch 91, progress 0.03%): UPDATE throughput 0.00 ops/sec, INSERT throughput 110.99 ops/sec, READ throughput 116.99 ops/sec, SCAN throughput 0.00 ops/sec, READ_MODIFY_WRITE throughput 0.00 ops/sec, total throughput 227.98 ops/sec
Uniform (epoch 92, progress 0.03%): UPDATE throughput 0.00 ops/sec, INSERT throughput 89.99 ops/sec, READ throughput 108.99 ops/sec, SCAN throughput 0.00 ops/sec, READ_MODIFY_WRITE throughput 0.00 ops/sec, total throughput 198.97 ops/sec
Uniform (epoch 93, progress 0.03%): UPDATE throughput 0.00 ops/sec, INSERT throughput 115.98 ops/sec, READ throughput 114.98 ops/sec, SCAN throughput 0.00 ops/sec, READ_MODIFY_WRITE throughput 0.00 ops/sec, total throughput 230.97 ops/sec
Uniform (epoch 94, progress 0.03%): UPDATE throughput 0.00 ops/sec, INSERT throughput 121.98 ops/sec, READ throughput 117.98 ops/sec, SCAN throughput 0.00 ops/sec, READ_MODIFY_WRITE throughput 0.00 ops/sec, total throughput 239.97 ops/sec
Uniform (epoch 95, progress 0.03%): UPDATE throughput 0.00 ops/sec, INSERT throughput 106.98 ops/sec, READ throughput 113.98 ops/sec, SCAN throughput 0.00 ops/sec, READ_MODIFY_WRITE throughput 0.00 ops/sec, total throughput 220.97 ops/sec
Uniform (epoch 96, progress 0.03%): UPDATE throughput 0.00 ops/sec, INSERT throughput 110.98 ops/sec, READ throughput 105.99 ops/sec, SCAN throughput 0.00 ops/sec, READ_MODIFY_WRITE throughput 0.00 ops/sec, total throughput 216.97 ops/sec
Uniform (epoch 97, progress 0.03%): UPDATE throughput 0.00 ops/sec, INSERT throughput 116.98 ops/sec, READ throughput 119.98 ops/sec, SCAN throughput 0.00 ops/sec, READ_MODIFY_WRITE throughput 0.00 ops/sec, total throughput 236.97 ops/sec
Uniform (epoch 98, progress 0.03%): UPDATE throughput 0.00 ops/sec, INSERT throughput 126.99 ops/sec, READ throughput 121.99 ops/sec, SCAN throughput 0.00 ops/sec, READ_MODIFY_WRITE throughput 0.00 ops/sec, total throughput 248.97 ops/sec
Uniform (epoch 99, progress 0.03%): UPDATE throughput 0.00 ops/sec, INSERT throughput 107.99 ops/sec, READ throughput 110.99 ops/sec, SCAN throughput 0.00 ops/sec, READ_MODIFY_WRITE throughput 0.00 ops/sec, total throughput 218.98 ops/sec
Uniform (epoch 100, progress 0.03%): UPDATE throughput 0.00 ops/sec, INSERT throughput 137.99 ops/sec, READ throughput 124.99 ops/sec, SCAN throughput 0.00 ops/sec, READ_MODIFY_WRITE throughput 0.00 ops/sec, total throughput 262.97 ops/sec
Uniform (epoch 101, progress 0.03%): UPDATE throughput 0.00 ops/sec, INSERT throughput 95.99 ops/sec, READ throughput 115.99 ops/sec, SCAN throughput 0.00 ops/sec, READ_MODIFY_WRITE throughput 0.00 ops/sec, total throughput 211.98 ops/sec
Uniform (epoch 102, progress 0.03%): UPDATE throughput 0.00 ops/sec, INSERT throughput 89.99 ops/sec, READ throughput 109.99 ops/sec, SCAN throughput 0.00 ops/sec, READ_MODIFY_WRITE throughput 0.00 ops/sec, total throughput 199.98 ops/sec
Uniform (epoch 103, progress 0.03%): UPDATE throughput 0.00 ops/sec, INSERT throughput 122.99 ops/sec, READ throughput 119.99 ops/sec, SCAN throughput 0.00 ops/sec, READ_MODIFY_WRITE throughput 0.00 ops/sec, total throughput 242.97 ops/sec
Uniform (epoch 104, progress 0.03%): UPDATE throughput 0.00 ops/sec, INSERT throughput 125.98 ops/sec, READ throughput 124.98 ops/sec, SCAN throughput 0.00 ops/sec, READ_MODIFY_WRITE throughput 0.00 ops/sec, total throughput 250.96 ops/sec
Uniform (epoch 105, progress 0.03%): UPDATE throughput 0.00 ops/sec, INSERT throughput 118.98 ops/sec, READ throughput 129.98 ops/sec, SCAN throughput 0.00 ops/sec, READ_MODIFY_WRITE throughput 0.00 ops/sec, total throughput 248.97 ops/sec
Uniform (epoch 106, progress 0.03%): UPDATE throughput 0.00 ops/sec, INSERT throughput 107.99 ops/sec, READ throughput 111.99 ops/sec, SCAN throughput 0.00 ops/sec, READ_MODIFY_WRITE throughput 0.00 ops/sec, total throughput 219.98 ops/sec
Uniform (epoch 107, progress 0.03%): UPDATE throughput 0.00 ops/sec, INSERT throughput 152.98 ops/sec, READ throughput 120.99 ops/sec, SCAN throughput 0.00 ops/sec, READ_MODIFY_WRITE throughput 0.00 ops/sec, total throughput 273.97 ops/sec
Uniform (epoch 108, progress 0.04%): UPDATE throughput 0.00 ops/sec, INSERT throughput 131.98 ops/sec, READ throughput 121.98 ops/sec, SCAN throughput 0.00 ops/sec, READ_MODIFY_WRITE throughput 0.00 ops/sec, total throughput 253.96 ops/sec
Uniform (epoch 109, progress 0.04%): UPDATE throughput 0.00 ops/sec, INSERT throughput 125.98 ops/sec, READ throughput 124.98 ops/sec, SCAN throughput 0.00 ops/sec, READ_MODIFY_WRITE throughput 0.00 ops/sec, total throughput 250.97 ops/sec
Uniform (epoch 110, progress 0.04%): UPDATE throughput 0.00 ops/sec, INSERT throughput 140.98 ops/sec, READ throughput 122.98 ops/sec, SCAN throughput 0.00 ops/sec, READ_MODIFY_WRITE throughput 0.00 ops/sec, total throughput 263.96 ops/sec
Uniform (epoch 111, progress 0.04%): UPDATE throughput 0.00 ops/sec, INSERT throughput 114.98 ops/sec, READ throughput 115.98 ops/sec, SCAN throughput 0.00 ops/sec, READ_MODIFY_WRITE throughput 0.00 ops/sec, total throughput 230.97 ops/sec
Uniform (epoch 112, progress 0.04%): UPDATE throughput 0.00 ops/sec, INSERT throughput 109.98 ops/sec, READ throughput 115.98 ops/sec, SCAN throughput 0.00 ops/sec, READ_MODIFY_WRITE throughput 0.00 ops/sec, total throughput 225.97 ops/sec
Uniform (epoch 113, progress 0.04%): UPDATE throughput 0.00 ops/sec, INSERT throughput 111.99 ops/sec, READ throughput 111.99 ops/sec, SCAN throughput 0.00 ops/sec, READ_MODIFY_WRITE throughput 0.00 ops/sec, total throughput 223.97 ops/sec
Uniform (epoch 114, progress 0.04%): UPDATE throughput 0.00 ops/sec, INSERT throughput 127.98 ops/sec, READ throughput 114.98 ops/sec, SCAN throughput 0.00 ops/sec, READ_MODIFY_WRITE throughput 0.00 ops/sec, total throughput 242.97 ops/sec
Uniform (epoch 115, progress 0.04%): UPDATE throughput 0.00 ops/sec, INSERT throughput 129.98 ops/sec, READ throughput 117.98 ops/sec, SCAN throughput 0.00 ops/sec, READ_MODIFY_WRITE throughput 0.00 ops/sec, total throughput 247.97 ops/sec
Uniform (epoch 116, progress 0.04%): UPDATE throughput 0.00 ops/sec, INSERT throughput 143.98 ops/sec, READ throughput 118.98 ops/sec, SCAN throughput 0.00 ops/sec, READ_MODIFY_WRITE throughput 0.00 ops/sec, total throughput 262.96 ops/sec
Uniform (epoch 117, progress 0.04%): UPDATE throughput 0.00 ops/sec, INSERT throughput 110.99 ops/sec, READ throughput 119.99 ops/sec, SCAN throughput 0.00 ops/sec, READ_MODIFY_WRITE throughput 0.00 ops/sec, total throughput 230.98 ops/sec
Uniform (epoch 118, progress 0.04%): UPDATE throughput 0.00 ops/sec, INSERT throughput 112.98 ops/sec, READ throughput 121.98 ops/sec, SCAN throughput 0.00 ops/sec, READ_MODIFY_WRITE throughput 0.00 ops/sec, total throughput 234.97 ops/sec
Uniform (epoch 119, progress 0.04%): UPDATE throughput 0.00 ops/sec, INSERT throughput 159.98 ops/sec, READ throughput 122.98 ops/sec, SCAN throughput 0.00 ops/sec, READ_MODIFY_WRITE throughput 0.00 ops/sec, total throughput 282.96 ops/sec
Uniform (epoch 120, progress 0.04%): UPDATE throughput 0.00 ops/sec, INSERT throughput 127.98 ops/sec, READ throughput 118.98 ops/sec, SCAN throughput 0.00 ops/sec, READ_MODIFY_WRITE throughput 0.00 ops/sec, total throughput 246.97 ops/sec
time's up!
Uniform: calculating overall performance metrics... (might take a while)
Uniform overall: UPDATE throughput 0.00 ops/sec, INSERT throughput 130.17 ops/sec, READ throughput 129.12 ops/sec, SCAN throughput 0.00 ops/sec, READ_MODIFY_WRITE throughput 0.00 ops/sec, total throughput 259.30 ops/sec
Uniform overall: UPDATE average latency 0.00 ns, UPDATE p99 latency 0.00 ns, INSERT average latency 105423.90 ns, INSERT p99 latency 219887.40 ns, READ average latency 61816348.91 ns, READ p99 latency 296219721.53 ns, SCAN average latency 0.00 ns, SCAN p99 latency 0.00 ns, READ_MODIFY_WRITE average latency 0.00 ns, READ_MODIFY_WRITE p99 latency 0.00 ns
