ZipfianWorkload: start initializing zipfian variables, might take a while
Zipfian (Warm-Up) (epoch 0, progress 0.00%): UPDATE throughput 0.00 ops/sec, INSERT throughput 0.00 ops/sec, READ throughput 0.00 ops/sec, SCAN throughput 0.00 ops/sec, READ_MODIFY_WRITE throughput 0.00 ops/sec, total throughput 0.00 ops/sec
Zipfian (Warm-Up) (epoch 1, progress 0.00%): UPDATE throughput 0.00 ops/sec, INSERT throughput 2.00 ops/sec, READ throughput 0.00 ops/sec, SCAN throughput 44.99 ops/sec, READ_MODIFY_WRITE throughput 0.00 ops/sec, total throughput 46.99 ops/sec
Zipfian (Warm-Up) (epoch 2, progress 0.00%): UPDATE throughput 0.00 ops/sec, INSERT throughput 3.00 ops/sec, READ throughput 0.00 ops/sec, SCAN throughput 65.99 ops/sec, READ_MODIFY_WRITE throughput 0.00 ops/sec, total throughput 68.99 ops/sec
Zipfian (Warm-Up) (epoch 3, progress 0.00%): UPDATE throughput 0.00 ops/sec, INSERT throughput 4.00 ops/sec, READ throughput 0.00 ops/sec, SCAN throughput 58.99 ops/sec, READ_MODIFY_WRITE throughput 0.00 ops/sec, total throughput 62.99 ops/sec
Zipfian (Warm-Up) (epoch 4, progress 0.00%): UPDATE throughput 0.00 ops/sec, INSERT throughput 2.00 ops/sec, READ throughput 0.00 ops/sec, SCAN throughput 67.99 ops/sec, READ_MODIFY_WRITE throughput 0.00 ops/sec, total throughput 69.99 ops/sec
Zipfian (Warm-Up) (epoch 5, progress 0.00%): UPDATE throughput 0.00 ops/sec, INSERT throughput 6.00 ops/sec, READ throughput 0.00 ops/sec, SCAN throughput 68.99 ops/sec, READ_MODIFY_WRITE throughput 0.00 ops/sec, total throughput 74.99 ops/sec
Zipfian (Warm-Up) (epoch 6, progress 0.00%): UPDATE throughput 0.00 ops/sec, INSERT throughput 3.00 ops/sec, READ throughput 0.00 ops/sec, SCAN throughput 69.99 ops/sec, READ_MODIFY_WRITE throughput 0.00 ops/sec, total throughput 72.99 ops/sec
Zipfian (Warm-Up) (epoch 7, progress 0.00%): UPDATE throughput 0.00 ops/sec, INSERT throughput 2.00 ops/sec, READ throughput 0.00 ops/sec, SCAN throughput 66.99 ops/sec, READ_MODIFY_WRITE throughput 0.00 ops/sec, total throughput 68.99 ops/sec
Zipfian (Warm-Up) (epoch 8, progress 0.00%): UPDATE throughput 0.00 ops/sec, INSERT throughput 3.00 ops/sec, READ throughput 0.00 ops/sec, SCAN throughput 72.99 ops/sec, READ_MODIFY_WRITE throughput 0.00 ops/sec, total throughput 75.99 ops/sec
Zipfian (Warm-Up) (epoch 9, progress 0.00%): UPDATE throughput 0.00 ops/sec, INSERT throughput 1.00 ops/sec, READ throughput 0.00 ops/sec, SCAN throughput 54.99 ops/sec, READ_MODIFY_WRITE throughput 0.00 ops/sec, total throughput 55.99 ops/sec
Zipfian (Warm-Up) (epoch 10, progress 0.00%): UPDATE throughput 0.00 ops/sec, INSERT throughput 4.00 ops/sec, READ throughput 0.00 ops/sec, SCAN throughput 70.99 ops/sec, READ_MODIFY_WRITE throughput 0.00 ops/sec, total throughput 74.99 ops/sec
Zipfian (Warm-Up) (epoch 11, progress 0.00%): UPDATE throughput 0.00 ops/sec, INSERT throughput 1.00 ops/sec, READ throughput 0.00 ops/sec, SCAN throughput 67.99 ops/sec, READ_MODIFY_WRITE throughput 0.00 ops/sec, total throughput 68.99 ops/sec
Zipfian (Warm-Up) (epoch 12, progress 0.00%): UPDATE throughput 0.00 ops/sec, INSERT throughput 5.00 ops/sec, READ throughput 0.00 ops/sec, SCAN throughput 80.99 ops/sec, READ_MODIFY_WRITE throughput 0.00 ops/sec, total throughput 85.99 ops/sec
Zipfian (Warm-Up) (epoch 13, progress 0.00%): UPDATE throughput 0.00 ops/sec, INSERT throughput 1.00 ops/sec, READ throughput 0.00 ops/sec, SCAN throughput 79.99 ops/sec, READ_MODIFY_WRITE throughput 0.00 ops/sec, total throughput 80.99 ops/sec
Zipfian (Warm-Up) (epoch 14, progress 0.00%): UPDATE throughput 0.00 ops/sec, INSERT throughput 3.00 ops/sec, READ throughput 0.00 ops/sec, SCAN throughput 75.99 ops/sec, READ_MODIFY_WRITE throughput 0.00 ops/sec, total throughput 78.99 ops/sec
Zipfian (Warm-Up) (epoch 15, progress 0.00%): UPDATE throughput 0.00 ops/sec, INSERT throughput 5.00 ops/sec, READ throughput 0.00 ops/sec, SCAN throughput 77.99 ops/sec, READ_MODIFY_WRITE throughput 0.00 ops/sec, total throughput 82.99 ops/sec
Zipfian (Warm-Up) (epoch 16, progress 0.00%): UPDATE throughput 0.00 ops/sec, INSERT throughput 10.00 ops/sec, READ throughput 0.00 ops/sec, SCAN throughput 77.99 ops/sec, READ_MODIFY_WRITE throughput 0.00 ops/sec, total throughput 87.99 ops/sec
Zipfian (Warm-Up) (epoch 17, progress 0.00%): UPDATE throughput 0.00 ops/sec, INSERT throughput 4.00 ops/sec, READ throughput 0.00 ops/sec, SCAN throughput 69.99 ops/sec, READ_MODIFY_WRITE throughput 0.00 ops/sec, total throughput 73.99 ops/sec
Zipfian (Warm-Up) (epoch 18, progress 0.00%): UPDATE throughput 0.00 ops/sec, INSERT throughput 6.00 ops/sec, READ throughput 0.00 ops/sec, SCAN throughput 71.99 ops/sec, READ_MODIFY_WRITE throughput 0.00 ops/sec, total throughput 77.99 ops/sec
Zipfian (Warm-Up) (epoch 19, progress 0.00%): UPDATE throughput 0.00 ops/sec, INSERT throughput 3.00 ops/sec, READ throughput 0.00 ops/sec, SCAN throughput 76.99 ops/sec, READ_MODIFY_WRITE throughput 0.00 ops/sec, total throughput 79.99 ops/sec
Zipfian (Warm-Up) (epoch 20, progress 0.00%): UPDATE throughput 0.00 ops/sec, INSERT throughput 7.00 ops/sec, READ throughput 0.00 ops/sec, SCAN throughput 70.99 ops/sec, READ_MODIFY_WRITE throughput 0.00 ops/sec, total throughput 77.99 ops/sec
Zipfian (Warm-Up) (epoch 21, progress 0.00%): UPDATE throughput 0.00 ops/sec, INSERT throughput 6.00 ops/sec, READ throughput 0.00 ops/sec, SCAN throughput 86.99 ops/sec, READ_MODIFY_WRITE throughput 0.00 ops/sec, total throughput 92.99 ops/sec
Zipfian (Warm-Up) (epoch 22, progress 0.00%): UPDATE throughput 0.00 ops/sec, INSERT throughput 2.00 ops/sec, READ throughput 0.00 ops/sec, SCAN throughput 88.99 ops/sec, READ_MODIFY_WRITE throughput 0.00 ops/sec, total throughput 90.99 ops/sec
Zipfian (Warm-Up) (epoch 23, progress 0.00%): UPDATE throughput 0.00 ops/sec, INSERT throughput 4.00 ops/sec, READ throughput 0.00 ops/sec, SCAN throughput 91.99 ops/sec, READ_MODIFY_WRITE throughput 0.00 ops/sec, total throughput 95.99 ops/sec
Zipfian (Warm-Up) (epoch 24, progress 0.00%): UPDATE throughput 0.00 ops/sec, INSERT throughput 4.00 ops/sec, READ throughput 0.00 ops/sec, SCAN throughput 99.99 ops/sec, READ_MODIFY_WRITE throughput 0.00 ops/sec, total throughput 103.99 ops/sec
Zipfian (Warm-Up) (epoch 25, progress 0.00%): UPDATE throughput 0.00 ops/sec, INSERT throughput 3.00 ops/sec, READ throughput 0.00 ops/sec, SCAN throughput 83.99 ops/sec, READ_MODIFY_WRITE throughput 0.00 ops/sec, total throughput 86.99 ops/sec
Zipfian (Warm-Up) (epoch 26, progress 0.00%): UPDATE throughput 0.00 ops/sec, INSERT throughput 4.00 ops/sec, READ throughput 0.00 ops/sec, SCAN throughput 78.99 ops/sec, READ_MODIFY_WRITE throughput 0.00 ops/sec, total throughput 82.99 ops/sec
Zipfian (Warm-Up) (epoch 27, progress 0.00%): UPDATE throughput 0.00 ops/sec, INSERT throughput 7.00 ops/sec, READ throughput 0.00 ops/sec, SCAN throughput 88.99 ops/sec, READ_MODIFY_WRITE throughput 0.00 ops/sec, total throughput 95.99 ops/sec
Zipfian (Warm-Up) (epoch 28, progress 0.00%): UPDATE throughput 0.00 ops/sec, INSERT throughput 2.00 ops/sec, READ throughput 0.00 ops/sec, SCAN throughput 97.99 ops/sec, READ_MODIFY_WRITE throughput 0.00 ops/sec, total throughput 99.99 ops/sec
Zipfian (Warm-Up) (epoch 29, progress 0.00%): UPDATE throughput 0.00 ops/sec, INSERT throughput 6.00 ops/sec, READ throughput 0.00 ops/sec, SCAN throughput 77.99 ops/sec, READ_MODIFY_WRITE throughput 0.00 ops/sec, total throughput 83.99 ops/sec
Zipfian (Warm-Up) (epoch 30, progress 0.00%): UPDATE throughput 0.00 ops/sec, INSERT throughput 3.00 ops/sec, READ throughput 0.00 ops/sec, SCAN throughput 75.99 ops/sec, READ_MODIFY_WRITE throughput 0.00 ops/sec, total throughput 78.99 ops/sec
time's up!
Zipfian (Warm-Up): calculating overall performance metrics... (might take a while)
Zipfian (Warm-Up) overall: UPDATE throughput 0.00 ops/sec, INSERT throughput 3.86 ops/sec, READ throughput 0.00 ops/sec, SCAN throughput 75.53 ops/sec, READ_MODIFY_WRITE throughput 0.00 ops/sec, total throughput 79.39 ops/sec
Zipfian (Warm-Up) overall: UPDATE average latency 0.00 ns, UPDATE p99 latency 0.00 ns, INSERT average latency 120870.73 ns, INSERT p99 latency 204000.32 ns, READ average latency 0.00 ns, READ p99 latency 0.00 ns, SCAN average latency 105383929.09 ns, SCAN p99 latency 476362916.84 ns, READ_MODIFY_WRITE average latency 0.00 ns, READ_MODIFY_WRITE p99 latency 0.00 ns
ZipfianWorkload: start initializing zipfian variables, might take a while
Zipfian (epoch 0, progress 0.00%): UPDATE throughput 0.00 ops/sec, INSERT throughput 0.00 ops/sec, READ throughput 0.00 ops/sec, SCAN throughput 0.00 ops/sec, READ_MODIFY_WRITE throughput 0.00 ops/sec, total throughput 0.00 ops/sec
Zipfian (epoch 1, progress 0.00%): UPDATE throughput 0.00 ops/sec, INSERT throughput 119.98 ops/sec, READ throughput 0.00 ops/sec, SCAN throughput 2338.63 ops/sec, READ_MODIFY_WRITE throughput 0.00 ops/sec, total throughput 2458.61 ops/sec
Zipfian (epoch 2, progress 0.00%): UPDATE throughput 0.00 ops/sec, INSERT throughput 2.00 ops/sec, READ throughput 0.00 ops/sec, SCAN throughput 80.99 ops/sec, READ_MODIFY_WRITE throughput 0.00 ops/sec, total throughput 82.99 ops/sec
Zipfian (epoch 3, progress 0.00%): UPDATE throughput 0.00 ops/sec, INSERT throughput 6.00 ops/sec, READ throughput 0.00 ops/sec, SCAN throughput 83.99 ops/sec, READ_MODIFY_WRITE throughput 0.00 ops/sec, total throughput 89.98 ops/sec
Zipfian (epoch 4, progress 0.00%): UPDATE throughput 0.00 ops/sec, INSERT throughput 4.00 ops/sec, READ throughput 0.00 ops/sec, SCAN throughput 90.99 ops/sec, READ_MODIFY_WRITE throughput 0.00 ops/sec, total throughput 94.98 ops/sec
Zipfian (epoch 5, progress 0.00%): UPDATE throughput 0.00 ops/sec, INSERT throughput 3.00 ops/sec, READ throughput 0.00 ops/sec, SCAN throughput 82.99 ops/sec, READ_MODIFY_WRITE throughput 0.00 ops/sec, total throughput 85.99 ops/sec
Zipfian (epoch 6, progress 0.00%): UPDATE throughput 0.00 ops/sec, INSERT throughput 3.00 ops/sec, READ throughput 0.00 ops/sec, SCAN throughput 104.98 ops/sec, READ_MODIFY_WRITE throughput 0.00 ops/sec, total throughput 107.98 ops/sec
Zipfian (epoch 7, progress 0.00%): UPDATE throughput 0.00 ops/sec, INSERT throughput 2.00 ops/sec, READ throughput 0.00 ops/sec, SCAN throughput 85.99 ops/sec, READ_MODIFY_WRITE throughput 0.00 ops/sec, total throughput 87.99 ops/sec
Zipfian (epoch 8, progress 0.00%): UPDATE throughput 0.00 ops/sec, INSERT throughput 2.00 ops/sec, READ throughput 0.00 ops/sec, SCAN throughput 83.99 ops/sec, READ_MODIFY_WRITE throughput 0.00 ops/sec, total throughput 85.99 ops/sec
Zipfian (epoch 9, progress 0.00%): UPDATE throughput 0.00 ops/sec, INSERT throughput 8.00 ops/sec, READ throughput 0.00 ops/sec, SCAN throughput 97.98 ops/sec, READ_MODIFY_WRITE throughput 0.00 ops/sec, total throughput 105.98 ops/sec
Zipfian (epoch 10, progress 0.00%): UPDATE throughput 0.00 ops/sec, INSERT throughput 4.00 ops/sec, READ throughput 0.00 ops/sec, SCAN throughput 88.99 ops/sec, READ_MODIFY_WRITE throughput 0.00 ops/sec, total throughput 92.99 ops/sec
Zipfian (epoch 11, progress 0.00%): UPDATE throughput 0.00 ops/sec, INSERT throughput 9.00 ops/sec, READ throughput 0.00 ops/sec, SCAN throughput 101.98 ops/sec, READ_MODIFY_WRITE throughput 0.00 ops/sec, total throughput 110.98 ops/sec
Zipfian (epoch 12, progress 0.00%): UPDATE throughput 0.00 ops/sec, INSERT throughput 0.00 ops/sec, READ throughput 0.00 ops/sec, SCAN throughput 85.99 ops/sec, READ_MODIFY_WRITE throughput 0.00 ops/sec, total throughput 85.99 ops/sec
Zipfian (epoch 13, progress 0.00%): UPDATE throughput 0.00 ops/sec, INSERT throughput 3.00 ops/sec, READ throughput 0.00 ops/sec, SCAN throughput 71.99 ops/sec, READ_MODIFY_WRITE throughput 0.00 ops/sec, total throughput 74.99 ops/sec
Zipfian (epoch 14, progress 0.00%): UPDATE throughput 0.00 ops/sec, INSERT throughput 4.00 ops/sec, READ throughput 0.00 ops/sec, SCAN throughput 76.99 ops/sec, READ_MODIFY_WRITE throughput 0.00 ops/sec, total throughput 80.99 ops/sec
Zipfian (epoch 15, progress 0.00%): UPDATE throughput 0.00 ops/sec, INSERT throughput 6.00 ops/sec, READ throughput 0.00 ops/sec, SCAN throughput 83.99 ops/sec, READ_MODIFY_WRITE throughput 0.00 ops/sec, total throughput 89.99 ops/sec
Zipfian (epoch 16, progress 0.00%): UPDATE throughput 0.00 ops/sec, INSERT throughput 4.00 ops/sec, READ throughput 0.00 ops/sec, SCAN throughput 98.98 ops/sec, READ_MODIFY_WRITE throughput 0.00 ops/sec, total throughput 102.98 ops/sec
Zipfian (epoch 17, progress 0.00%): UPDATE throughput 0.00 ops/sec, INSERT throughput 3.00 ops/sec, READ throughput 0.00 ops/sec, SCAN throughput 81.99 ops/sec, READ_MODIFY_WRITE throughput 0.00 ops/sec, total throughput 84.99 ops/sec
Zipfian (epoch 18, progress 0.01%): UPDATE throughput 0.00 ops/sec, INSERT throughput 3.00 ops/sec, READ throughput 0.00 ops/sec, SCAN throughput 91.99 ops/sec, READ_MODIFY_WRITE throughput 0.00 ops/sec, total throughput 94.99 ops/sec
Zipfian (epoch 19, progress 0.01%): UPDATE throughput 0.00 ops/sec, INSERT throughput 9.00 ops/sec, READ throughput 0.00 ops/sec, SCAN throughput 92.98 ops/sec, READ_MODIFY_WRITE throughput 0.00 ops/sec, total throughput 101.98 ops/sec
Zipfian (epoch 20, progress 0.01%): UPDATE throughput 0.00 ops/sec, INSERT throughput 4.00 ops/sec, READ throughput 0.00 ops/sec, SCAN throughput 86.99 ops/sec, READ_MODIFY_WRITE throughput 0.00 ops/sec, total throughput 90.99 ops/sec
Zipfian (epoch 21, progress 0.01%): UPDATE throughput 0.00 ops/sec, INSERT throughput 5.00 ops/sec, READ throughput 0.00 ops/sec, SCAN throughput 80.99 ops/sec, READ_MODIFY_WRITE throughput 0.00 ops/sec, total throughput 85.99 ops/sec
Zipfian (epoch 22, progress 0.01%): UPDATE throughput 0.00 ops/sec, INSERT throughput 4.00 ops/sec, READ throughput 0.00 ops/sec, SCAN throughput 74.99 ops/sec, READ_MODIFY_WRITE throughput 0.00 ops/sec, total throughput 78.99 ops/sec
Zipfian (epoch 23, progress 0.01%): UPDATE throughput 0.00 ops/sec, INSERT throughput 3.00 ops/sec, READ throughput 0.00 ops/sec, SCAN throughput 99.98 ops/sec, READ_MODIFY_WRITE throughput 0.00 ops/sec, total throughput 102.98 ops/sec
Zipfian (epoch 24, progress 0.01%): UPDATE throughput 0.00 ops/sec, INSERT throughput 5.00 ops/sec, READ throughput 0.00 ops/sec, SCAN throughput 96.98 ops/sec, READ_MODIFY_WRITE throughput 0.00 ops/sec, total throughput 101.98 ops/sec
Zipfian (epoch 25, progress 0.01%): UPDATE throughput 0.00 ops/sec, INSERT throughput 4.00 ops/sec, READ throughput 0.00 ops/sec, SCAN throughput 103.98 ops/sec, READ_MODIFY_WRITE throughput 0.00 ops/sec, total throughput 107.98 ops/sec
Zipfian (epoch 26, progress 0.01%): UPDATE throughput 0.00 ops/sec, INSERT throughput 3.00 ops/sec, READ throughput 0.00 ops/sec, SCAN throughput 72.99 ops/sec, READ_MODIFY_WRITE throughput 0.00 ops/sec, total throughput 75.99 ops/sec
Zipfian (epoch 27, progress 0.01%): UPDATE throughput 0.00 ops/sec, INSERT throughput 2.00 ops/sec, READ throughput 0.00 ops/sec, SCAN throughput 83.99 ops/sec, READ_MODIFY_WRITE throughput 0.00 ops/sec, total throughput 85.99 ops/sec
Zipfian (epoch 28, progress 0.01%): UPDATE throughput 0.00 ops/sec, INSERT throughput 1.00 ops/sec, READ throughput 0.00 ops/sec, SCAN throughput 16.00 ops/sec, READ_MODIFY_WRITE throughput 0.00 ops/sec, total throughput 17.00 ops/sec
Zipfian (epoch 29, progress 0.01%): UPDATE throughput 0.00 ops/sec, INSERT throughput 0.00 ops/sec, READ throughput 0.00 ops/sec, SCAN throughput 77.99 ops/sec, READ_MODIFY_WRITE throughput 0.00 ops/sec, total throughput 77.99 ops/sec
Zipfian (epoch 30, progress 0.01%): UPDATE throughput 0.00 ops/sec, INSERT throughput 5.00 ops/sec, READ throughput 0.00 ops/sec, SCAN throughput 79.99 ops/sec, READ_MODIFY_WRITE throughput 0.00 ops/sec, total throughput 84.99 ops/sec
Zipfian (epoch 31, progress 0.01%): UPDATE throughput 0.00 ops/sec, INSERT throughput 7.00 ops/sec, READ throughput 0.00 ops/sec, SCAN throughput 91.98 ops/sec, READ_MODIFY_WRITE throughput 0.00 ops/sec, total throughput 98.98 ops/sec
Zipfian (epoch 32, progress 0.01%): UPDATE throughput 0.00 ops/sec, INSERT throughput 5.00 ops/sec, READ throughput 0.00 ops/sec, SCAN throughput 100.98 ops/sec, READ_MODIFY_WRITE throughput 0.00 ops/sec, total throughput 105.98 ops/sec
Zipfian (epoch 33, progress 0.01%): UPDATE throughput 0.00 ops/sec, INSERT throughput 6.00 ops/sec, READ throughput 0.00 ops/sec, SCAN throughput 92.98 ops/sec, READ_MODIFY_WRITE throughput 0.00 ops/sec, total throughput 98.98 ops/sec
Zipfian (epoch 34, progress 0.01%): UPDATE throughput 0.00 ops/sec, INSERT throughput 3.00 ops/sec, READ throughput 0.00 ops/sec, SCAN throughput 86.99 ops/sec, READ_MODIFY_WRITE throughput 0.00 ops/sec, total throughput 89.99 ops/sec
Zipfian (epoch 35, progress 0.01%): UPDATE throughput 0.00 ops/sec, INSERT throughput 5.00 ops/sec, READ throughput 0.00 ops/sec, SCAN throughput 86.99 ops/sec, READ_MODIFY_WRITE throughput 0.00 ops/sec, total throughput 91.99 ops/sec
Zipfian (epoch 36, progress 0.01%): UPDATE throughput 0.00 ops/sec, INSERT throughput 8.00 ops/sec, READ throughput 0.00 ops/sec, SCAN throughput 97.98 ops/sec, READ_MODIFY_WRITE throughput 0.00 ops/sec, total throughput 105.98 ops/sec
Zipfian (epoch 37, progress 0.01%): UPDATE throughput 0.00 ops/sec, INSERT throughput 10.00 ops/sec, READ throughput 0.00 ops/sec, SCAN throughput 110.98 ops/sec, READ_MODIFY_WRITE throughput 0.00 ops/sec, total throughput 120.98 ops/sec
Zipfian (epoch 38, progress 0.01%): UPDATE throughput 0.00 ops/sec, INSERT throughput 3.00 ops/sec, READ throughput 0.00 ops/sec, SCAN throughput 101.98 ops/sec, READ_MODIFY_WRITE throughput 0.00 ops/sec, total throughput 104.98 ops/sec
Zipfian (epoch 39, progress 0.01%): UPDATE throughput 0.00 ops/sec, INSERT throughput 5.00 ops/sec, READ throughput 0.00 ops/sec, SCAN throughput 92.98 ops/sec, READ_MODIFY_WRITE throughput 0.00 ops/sec, total throughput 97.98 ops/sec
Zipfian (epoch 40, progress 0.01%): UPDATE throughput 0.00 ops/sec, INSERT throughput 3.00 ops/sec, READ throughput 0.00 ops/sec, SCAN throughput 86.99 ops/sec, READ_MODIFY_WRITE throughput 0.00 ops/sec, total throughput 89.99 ops/sec
Zipfian (epoch 41, progress 0.01%): UPDATE throughput 0.00 ops/sec, INSERT throughput 2.00 ops/sec, READ throughput 0.00 ops/sec, SCAN throughput 81.99 ops/sec, READ_MODIFY_WRITE throughput 0.00 ops/sec, total throughput 83.99 ops/sec
Zipfian (epoch 42, progress 0.01%): UPDATE throughput 0.00 ops/sec, INSERT throughput 5.00 ops/sec, READ throughput 0.00 ops/sec, SCAN throughput 103.98 ops/sec, READ_MODIFY_WRITE throughput 0.00 ops/sec, total throughput 108.98 ops/sec
Zipfian (epoch 43, progress 0.01%): UPDATE throughput 0.00 ops/sec, INSERT throughput 5.00 ops/sec, READ throughput 0.00 ops/sec, SCAN throughput 86.99 ops/sec, READ_MODIFY_WRITE throughput 0.00 ops/sec, total throughput 91.99 ops/sec
Zipfian (epoch 44, progress 0.01%): UPDATE throughput 0.00 ops/sec, INSERT throughput 2.00 ops/sec, READ throughput 0.00 ops/sec, SCAN throughput 103.98 ops/sec, READ_MODIFY_WRITE throughput 0.00 ops/sec, total throughput 105.98 ops/sec
Zipfian (epoch 45, progress 0.01%): UPDATE throughput 0.00 ops/sec, INSERT throughput 4.00 ops/sec, READ throughput 0.00 ops/sec, SCAN throughput 101.98 ops/sec, READ_MODIFY_WRITE throughput 0.00 ops/sec, total throughput 105.98 ops/sec
Zipfian (epoch 46, progress 0.01%): UPDATE throughput 0.00 ops/sec, INSERT throughput 7.00 ops/sec, READ throughput 0.00 ops/sec, SCAN throughput 90.99 ops/sec, READ_MODIFY_WRITE throughput 0.00 ops/sec, total throughput 97.99 ops/sec
Zipfian (epoch 47, progress 0.01%): UPDATE throughput 0.00 ops/sec, INSERT throughput 6.00 ops/sec, READ throughput 0.00 ops/sec, SCAN throughput 80.99 ops/sec, READ_MODIFY_WRITE throughput 0.00 ops/sec, total throughput 86.99 ops/sec
Zipfian (epoch 48, progress 0.01%): UPDATE throughput 0.00 ops/sec, INSERT throughput 5.00 ops/sec, READ throughput 0.00 ops/sec, SCAN throughput 89.99 ops/sec, READ_MODIFY_WRITE throughput 0.00 ops/sec, total throughput 94.98 ops/sec
Zipfian (epoch 49, progress 0.01%): UPDATE throughput 0.00 ops/sec, INSERT throughput 2.00 ops/sec, READ throughput 0.00 ops/sec, SCAN throughput 92.98 ops/sec, READ_MODIFY_WRITE throughput 0.00 ops/sec, total throughput 94.98 ops/sec
Zipfian (epoch 50, progress 0.01%): UPDATE throughput 0.00 ops/sec, INSERT throughput 3.00 ops/sec, READ throughput 0.00 ops/sec, SCAN throughput 90.99 ops/sec, READ_MODIFY_WRITE throughput 0.00 ops/sec, total throughput 93.99 ops/sec
Zipfian (epoch 51, progress 0.01%): UPDATE throughput 0.00 ops/sec, INSERT throughput 5.00 ops/sec, READ throughput 0.00 ops/sec, SCAN throughput 89.99 ops/sec, READ_MODIFY_WRITE throughput 0.00 ops/sec, total throughput 94.98 ops/sec
Zipfian (epoch 52, progress 0.01%): UPDATE throughput 0.00 ops/sec, INSERT throughput 5.00 ops/sec, READ throughput 0.00 ops/sec, SCAN throughput 109.98 ops/sec, READ_MODIFY_WRITE throughput 0.00 ops/sec, total throughput 114.98 ops/sec
Zipfian (epoch 53, progress 0.01%): UPDATE throughput 0.00 ops/sec, INSERT throughput 4.00 ops/sec, READ throughput 0.00 ops/sec, SCAN throughput 89.99 ops/sec, READ_MODIFY_WRITE throughput 0.00 ops/sec, total throughput 93.99 ops/sec
Zipfian (epoch 54, progress 0.01%): UPDATE throughput 0.00 ops/sec, INSERT throughput 9.00 ops/sec, READ throughput 0.00 ops/sec, SCAN throughput 108.98 ops/sec, READ_MODIFY_WRITE throughput 0.00 ops/sec, total throughput 117.98 ops/sec
Zipfian (epoch 55, progress 0.01%): UPDATE throughput 0.00 ops/sec, INSERT throughput 7.00 ops/sec, READ throughput 0.00 ops/sec, SCAN throughput 85.99 ops/sec, READ_MODIFY_WRITE throughput 0.00 ops/sec, total throughput 92.98 ops/sec
Zipfian (epoch 56, progress 0.01%): UPDATE throughput 0.00 ops/sec, INSERT throughput 3.00 ops/sec, READ throughput 0.00 ops/sec, SCAN throughput 88.99 ops/sec, READ_MODIFY_WRITE throughput 0.00 ops/sec, total throughput 91.99 ops/sec
Zipfian (epoch 57, progress 0.01%): UPDATE throughput 0.00 ops/sec, INSERT throughput 11.00 ops/sec, READ throughput 0.00 ops/sec, SCAN throughput 88.99 ops/sec, READ_MODIFY_WRITE throughput 0.00 ops/sec, total throughput 99.98 ops/sec
Zipfian (epoch 58, progress 0.01%): UPDATE throughput 0.00 ops/sec, INSERT throughput 1.00 ops/sec, READ throughput 0.00 ops/sec, SCAN throughput 95.99 ops/sec, READ_MODIFY_WRITE throughput 0.00 ops/sec, total throughput 96.99 ops/sec
Zipfian (epoch 59, progress 0.01%): UPDATE throughput 0.00 ops/sec, INSERT throughput 2.00 ops/sec, READ throughput 0.00 ops/sec, SCAN throughput 105.98 ops/sec, READ_MODIFY_WRITE throughput 0.00 ops/sec, total throughput 107.98 ops/sec
Zipfian (epoch 60, progress 0.01%): UPDATE throughput 0.00 ops/sec, INSERT throughput 6.00 ops/sec, READ throughput 0.00 ops/sec, SCAN throughput 100.98 ops/sec, READ_MODIFY_WRITE throughput 0.00 ops/sec, total throughput 106.98 ops/sec
Zipfian (epoch 61, progress 0.01%): UPDATE throughput 0.00 ops/sec, INSERT throughput 4.00 ops/sec, READ throughput 0.00 ops/sec, SCAN throughput 78.99 ops/sec, READ_MODIFY_WRITE throughput 0.00 ops/sec, total throughput 82.99 ops/sec
Zipfian (epoch 62, progress 0.01%): UPDATE throughput 0.00 ops/sec, INSERT throughput 4.00 ops/sec, READ throughput 0.00 ops/sec, SCAN throughput 84.99 ops/sec, READ_MODIFY_WRITE throughput 0.00 ops/sec, total throughput 88.99 ops/sec
Zipfian (epoch 63, progress 0.01%): UPDATE throughput 0.00 ops/sec, INSERT throughput 3.00 ops/sec, READ throughput 0.00 ops/sec, SCAN throughput 99.98 ops/sec, READ_MODIFY_WRITE throughput 0.00 ops/sec, total throughput 102.98 ops/sec
Zipfian (epoch 64, progress 0.01%): UPDATE throughput 0.00 ops/sec, INSERT throughput 5.00 ops/sec, READ throughput 0.00 ops/sec, SCAN throughput 93.99 ops/sec, READ_MODIFY_WRITE throughput 0.00 ops/sec, total throughput 98.98 ops/sec
Zipfian (epoch 65, progress 0.01%): UPDATE throughput 0.00 ops/sec, INSERT throughput 5.00 ops/sec, READ throughput 0.00 ops/sec, SCAN throughput 90.98 ops/sec, READ_MODIFY_WRITE throughput 0.00 ops/sec, total throughput 95.98 ops/sec
Zipfian (epoch 66, progress 0.01%): UPDATE throughput 0.00 ops/sec, INSERT throughput 4.00 ops/sec, READ throughput 0.00 ops/sec, SCAN throughput 81.99 ops/sec, READ_MODIFY_WRITE throughput 0.00 ops/sec, total throughput 85.99 ops/sec
Zipfian (epoch 67, progress 0.01%): UPDATE throughput 0.00 ops/sec, INSERT throughput 6.00 ops/sec, READ throughput 0.00 ops/sec, SCAN throughput 83.99 ops/sec, READ_MODIFY_WRITE throughput 0.00 ops/sec, total throughput 89.99 ops/sec
Zipfian (epoch 68, progress 0.01%): UPDATE throughput 0.00 ops/sec, INSERT throughput 7.00 ops/sec, READ throughput 0.00 ops/sec, SCAN throughput 87.99 ops/sec, READ_MODIFY_WRITE throughput 0.00 ops/sec, total throughput 94.99 ops/sec
Zipfian (epoch 69, progress 0.01%): UPDATE throughput 0.00 ops/sec, INSERT throughput 1.00 ops/sec, READ throughput 0.00 ops/sec, SCAN throughput 90.98 ops/sec, READ_MODIFY_WRITE throughput 0.00 ops/sec, total throughput 91.98 ops/sec
Zipfian (epoch 70, progress 0.01%): UPDATE throughput 0.00 ops/sec, INSERT throughput 6.00 ops/sec, READ throughput 0.00 ops/sec, SCAN throughput 99.99 ops/sec, READ_MODIFY_WRITE throughput 0.00 ops/sec, total throughput 105.98 ops/sec
Zipfian (epoch 71, progress 0.01%): UPDATE throughput 0.00 ops/sec, INSERT throughput 4.00 ops/sec, READ throughput 0.00 ops/sec, SCAN throughput 83.99 ops/sec, READ_MODIFY_WRITE throughput 0.00 ops/sec, total throughput 87.99 ops/sec
Zipfian (epoch 72, progress 0.01%): UPDATE throughput 0.00 ops/sec, INSERT throughput 3.00 ops/sec, READ throughput 0.00 ops/sec, SCAN throughput 100.98 ops/sec, READ_MODIFY_WRITE throughput 0.00 ops/sec, total throughput 103.98 ops/sec
Zipfian (epoch 73, progress 0.01%): UPDATE throughput 0.00 ops/sec, INSERT throughput 6.00 ops/sec, READ throughput 0.00 ops/sec, SCAN throughput 94.98 ops/sec, READ_MODIFY_WRITE throughput 0.00 ops/sec, total throughput 100.98 ops/sec
Zipfian (epoch 74, progress 0.01%): UPDATE throughput 0.00 ops/sec, INSERT throughput 3.00 ops/sec, READ throughput 0.00 ops/sec, SCAN throughput 103.98 ops/sec, READ_MODIFY_WRITE throughput 0.00 ops/sec, total throughput 106.98 ops/sec
Zipfian (epoch 75, progress 0.01%): UPDATE throughput 0.00 ops/sec, INSERT throughput 6.00 ops/sec, READ throughput 0.00 ops/sec, SCAN throughput 83.99 ops/sec, READ_MODIFY_WRITE throughput 0.00 ops/sec, total throughput 89.98 ops/sec
Zipfian (epoch 76, progress 0.01%): UPDATE throughput 0.00 ops/sec, INSERT throughput 4.00 ops/sec, READ throughput 0.00 ops/sec, SCAN throughput 90.99 ops/sec, READ_MODIFY_WRITE throughput 0.00 ops/sec, total throughput 94.98 ops/sec
Zipfian (epoch 77, progress 0.01%): UPDATE throughput 0.00 ops/sec, INSERT throughput 7.00 ops/sec, READ throughput 0.00 ops/sec, SCAN throughput 89.98 ops/sec, READ_MODIFY_WRITE throughput 0.00 ops/sec, total throughput 96.98 ops/sec
Zipfian (epoch 78, progress 0.01%): UPDATE throughput 0.00 ops/sec, INSERT throughput 4.00 ops/sec, READ throughput 0.00 ops/sec, SCAN throughput 86.99 ops/sec, READ_MODIFY_WRITE throughput 0.00 ops/sec, total throughput 90.99 ops/sec
Zipfian (epoch 79, progress 0.01%): UPDATE throughput 0.00 ops/sec, INSERT throughput 5.00 ops/sec, READ throughput 0.00 ops/sec, SCAN throughput 93.99 ops/sec, READ_MODIFY_WRITE throughput 0.00 ops/sec, total throughput 98.99 ops/sec
Zipfian (epoch 80, progress 0.01%): UPDATE throughput 0.00 ops/sec, INSERT throughput 6.00 ops/sec, READ throughput 0.00 ops/sec, SCAN throughput 102.98 ops/sec, READ_MODIFY_WRITE throughput 0.00 ops/sec, total throughput 108.98 ops/sec
Zipfian (epoch 81, progress 0.01%): UPDATE throughput 0.00 ops/sec, INSERT throughput 5.00 ops/sec, READ throughput 0.00 ops/sec, SCAN throughput 89.99 ops/sec, READ_MODIFY_WRITE throughput 0.00 ops/sec, total throughput 94.98 ops/sec
Zipfian (epoch 82, progress 0.01%): UPDATE throughput 0.00 ops/sec, INSERT throughput 2.00 ops/sec, READ throughput 0.00 ops/sec, SCAN throughput 103.99 ops/sec, READ_MODIFY_WRITE throughput 0.00 ops/sec, total throughput 105.99 ops/sec
Zipfian (epoch 83, progress 0.01%): UPDATE throughput 0.00 ops/sec, INSERT throughput 7.00 ops/sec, READ throughput 0.00 ops/sec, SCAN throughput 97.98 ops/sec, READ_MODIFY_WRITE throughput 0.00 ops/sec, total throughput 104.98 ops/sec
Zipfian (epoch 84, progress 0.01%): UPDATE throughput 0.00 ops/sec, INSERT throughput 3.00 ops/sec, READ throughput 0.00 ops/sec, SCAN throughput 106.98 ops/sec, READ_MODIFY_WRITE throughput 0.00 ops/sec, total throughput 109.98 ops/sec
Zipfian (epoch 85, progress 0.01%): UPDATE throughput 0.00 ops/sec, INSERT throughput 5.00 ops/sec, READ throughput 0.00 ops/sec, SCAN throughput 97.99 ops/sec, READ_MODIFY_WRITE throughput 0.00 ops/sec, total throughput 102.98 ops/sec
Zipfian (epoch 86, progress 0.01%): UPDATE throughput 0.00 ops/sec, INSERT throughput 2.00 ops/sec, READ throughput 0.00 ops/sec, SCAN throughput 89.99 ops/sec, READ_MODIFY_WRITE throughput 0.00 ops/sec, total throughput 91.99 ops/sec
Zipfian (epoch 87, progress 0.01%): UPDATE throughput 0.00 ops/sec, INSERT throughput 4.00 ops/sec, READ throughput 0.00 ops/sec, SCAN throughput 88.99 ops/sec, READ_MODIFY_WRITE throughput 0.00 ops/sec, total throughput 92.99 ops/sec
Zipfian (epoch 88, progress 0.01%): UPDATE throughput 0.00 ops/sec, INSERT throughput 5.00 ops/sec, READ throughput 0.00 ops/sec, SCAN throughput 93.98 ops/sec, READ_MODIFY_WRITE throughput 0.00 ops/sec, total throughput 98.98 ops/sec
Zipfian (epoch 89, progress 0.01%): UPDATE throughput 0.00 ops/sec, INSERT throughput 5.00 ops/sec, READ throughput 0.00 ops/sec, SCAN throughput 99.98 ops/sec, READ_MODIFY_WRITE throughput 0.00 ops/sec, total throughput 104.98 ops/sec
Zipfian (epoch 90, progress 0.01%): UPDATE throughput 0.00 ops/sec, INSERT throughput 5.00 ops/sec, READ throughput 0.00 ops/sec, SCAN throughput 98.99 ops/sec, READ_MODIFY_WRITE throughput 0.00 ops/sec, total throughput 103.99 ops/sec
Zipfian (epoch 91, progress 0.01%): UPDATE throughput 0.00 ops/sec, INSERT throughput 8.00 ops/sec, READ throughput 0.00 ops/sec, SCAN throughput 96.98 ops/sec, READ_MODIFY_WRITE throughput 0.00 ops/sec, total throughput 104.98 ops/sec
Zipfian (epoch 92, progress 0.01%): UPDATE throughput 0.00 ops/sec, INSERT throughput 2.00 ops/sec, READ throughput 0.00 ops/sec, SCAN throughput 96.99 ops/sec, READ_MODIFY_WRITE throughput 0.00 ops/sec, total throughput 98.98 ops/sec
Zipfian (epoch 93, progress 0.01%): UPDATE throughput 0.00 ops/sec, INSERT throughput 9.00 ops/sec, READ throughput 0.00 ops/sec, SCAN throughput 95.98 ops/sec, READ_MODIFY_WRITE throughput 0.00 ops/sec, total throughput 104.98 ops/sec
Zipfian (epoch 94, progress 0.01%): UPDATE throughput 0.00 ops/sec, INSERT throughput 5.00 ops/sec, READ throughput 0.00 ops/sec, SCAN throughput 101.99 ops/sec, READ_MODIFY_WRITE throughput 0.00 ops/sec, total throughput 106.99 ops/sec
Zipfian (epoch 95, progress 0.01%): UPDATE throughput 0.00 ops/sec, INSERT throughput 8.00 ops/sec, READ throughput 0.00 ops/sec, SCAN throughput 99.98 ops/sec, READ_MODIFY_WRITE throughput 0.00 ops/sec, total throughput 107.98 ops/sec
Zipfian (epoch 96, progress 0.01%): UPDATE throughput 0.00 ops/sec, INSERT throughput 5.00 ops/sec, READ throughput 0.00 ops/sec, SCAN throughput 109.98 ops/sec, READ_MODIFY_WRITE throughput 0.00 ops/sec, total throughput 114.98 ops/sec
Zipfian (epoch 97, progress 0.01%): UPDATE throughput 0.00 ops/sec, INSERT throughput 5.00 ops/sec, READ throughput 0.00 ops/sec, SCAN throughput 105.98 ops/sec, READ_MODIFY_WRITE throughput 0.00 ops/sec, total throughput 110.98 ops/sec
Zipfian (epoch 98, progress 0.01%): UPDATE throughput 0.00 ops/sec, INSERT throughput 3.00 ops/sec, READ throughput 0.00 ops/sec, SCAN throughput 92.99 ops/sec, READ_MODIFY_WRITE throughput 0.00 ops/sec, total throughput 95.99 ops/sec
Zipfian (epoch 99, progress 0.01%): UPDATE throughput 0.00 ops/sec, INSERT throughput 4.00 ops/sec, READ throughput 0.00 ops/sec, SCAN throughput 84.99 ops/sec, READ_MODIFY_WRITE throughput 0.00 ops/sec, total throughput 88.99 ops/sec
Zipfian (epoch 100, progress 0.01%): UPDATE throughput 0.00 ops/sec, INSERT throughput 6.00 ops/sec, READ throughput 0.00 ops/sec, SCAN throughput 97.98 ops/sec, READ_MODIFY_WRITE throughput 0.00 ops/sec, total throughput 103.98 ops/sec
Zipfian (epoch 101, progress 0.02%): UPDATE throughput 0.00 ops/sec, INSERT throughput 7.00 ops/sec, READ throughput 0.00 ops/sec, SCAN throughput 88.99 ops/sec, READ_MODIFY_WRITE throughput 0.00 ops/sec, total throughput 95.99 ops/sec
Zipfian (epoch 102, progress 0.02%): UPDATE throughput 0.00 ops/sec, INSERT throughput 3.00 ops/sec, READ throughput 0.00 ops/sec, SCAN throughput 105.98 ops/sec, READ_MODIFY_WRITE throughput 0.00 ops/sec, total throughput 108.98 ops/sec
Zipfian (epoch 103, progress 0.02%): UPDATE throughput 0.00 ops/sec, INSERT throughput 2.00 ops/sec, READ throughput 0.00 ops/sec, SCAN throughput 105.98 ops/sec, READ_MODIFY_WRITE throughput 0.00 ops/sec, total throughput 107.98 ops/sec
Zipfian (epoch 104, progress 0.02%): UPDATE throughput 0.00 ops/sec, INSERT throughput 5.00 ops/sec, READ throughput 0.00 ops/sec, SCAN throughput 115.98 ops/sec, READ_MODIFY_WRITE throughput 0.00 ops/sec, total throughput 120.98 ops/sec
Zipfian (epoch 105, progress 0.02%): UPDATE throughput 0.00 ops/sec, INSERT throughput 2.00 ops/sec, READ throughput 0.00 ops/sec, SCAN throughput 83.99 ops/sec, READ_MODIFY_WRITE throughput 0.00 ops/sec, total throughput 85.99 ops/sec
Zipfian (epoch 106, progress 0.02%): UPDATE throughput 0.00 ops/sec, INSERT throughput 9.00 ops/sec, READ throughput 0.00 ops/sec, SCAN throughput 87.99 ops/sec, READ_MODIFY_WRITE throughput 0.00 ops/sec, total throughput 96.99 ops/sec
Zipfian (epoch 107, progress 0.02%): UPDATE throughput 0.00 ops/sec, INSERT throughput 1.00 ops/sec, READ throughput 0.00 ops/sec, SCAN throughput 78.99 ops/sec, READ_MODIFY_WRITE throughput 0.00 ops/sec, total throughput 79.99 ops/sec
Zipfian (epoch 108, progress 0.02%): UPDATE throughput 0.00 ops/sec, INSERT throughput 5.00 ops/sec, READ throughput 0.00 ops/sec, SCAN throughput 120.98 ops/sec, READ_MODIFY_WRITE throughput 0.00 ops/sec, total throughput 125.98 ops/sec
Zipfian (epoch 109, progress 0.02%): UPDATE throughput 0.00 ops/sec, INSERT throughput 5.00 ops/sec, READ throughput 0.00 ops/sec, SCAN throughput 110.98 ops/sec, READ_MODIFY_WRITE throughput 0.00 ops/sec, total throughput 115.98 ops/sec
Zipfian (epoch 110, progress 0.02%): UPDATE throughput 0.00 ops/sec, INSERT throughput 7.00 ops/sec, READ throughput 0.00 ops/sec, SCAN throughput 96.99 ops/sec, READ_MODIFY_WRITE throughput 0.00 ops/sec, total throughput 103.99 ops/sec
Zipfian (epoch 111, progress 0.02%): UPDATE throughput 0.00 ops/sec, INSERT throughput 4.00 ops/sec, READ throughput 0.00 ops/sec, SCAN throughput 91.99 ops/sec, READ_MODIFY_WRITE throughput 0.00 ops/sec, total throughput 95.99 ops/sec
Zipfian (epoch 112, progress 0.02%): UPDATE throughput 0.00 ops/sec, INSERT throughput 3.00 ops/sec, READ throughput 0.00 ops/sec, SCAN throughput 95.99 ops/sec, READ_MODIFY_WRITE throughput 0.00 ops/sec, total throughput 98.98 ops/sec
Zipfian (epoch 113, progress 0.02%): UPDATE throughput 0.00 ops/sec, INSERT throughput 5.00 ops/sec, READ throughput 0.00 ops/sec, SCAN throughput 89.99 ops/sec, READ_MODIFY_WRITE throughput 0.00 ops/sec, total throughput 94.98 ops/sec
Zipfian (epoch 114, progress 0.02%): UPDATE throughput 0.00 ops/sec, INSERT throughput 5.00 ops/sec, READ throughput 0.00 ops/sec, SCAN throughput 86.99 ops/sec, READ_MODIFY_WRITE throughput 0.00 ops/sec, total throughput 91.99 ops/sec
Zipfian (epoch 115, progress 0.02%): UPDATE throughput 0.00 ops/sec, INSERT throughput 8.00 ops/sec, READ throughput 0.00 ops/sec, SCAN throughput 98.98 ops/sec, READ_MODIFY_WRITE throughput 0.00 ops/sec, total throughput 106.98 ops/sec
Zipfian (epoch 116, progress 0.02%): UPDATE throughput 0.00 ops/sec, INSERT throughput 7.00 ops/sec, READ throughput 0.00 ops/sec, SCAN throughput 92.99 ops/sec, READ_MODIFY_WRITE throughput 0.00 ops/sec, total throughput 99.98 ops/sec
Zipfian (epoch 117, progress 0.02%): UPDATE throughput 0.00 ops/sec, INSERT throughput 9.00 ops/sec, READ throughput 0.00 ops/sec, SCAN throughput 105.98 ops/sec, READ_MODIFY_WRITE throughput 0.00 ops/sec, total throughput 114.98 ops/sec
Zipfian (epoch 118, progress 0.02%): UPDATE throughput 0.00 ops/sec, INSERT throughput 5.00 ops/sec, READ throughput 0.00 ops/sec, SCAN throughput 91.99 ops/sec, READ_MODIFY_WRITE throughput 0.00 ops/sec, total throughput 96.99 ops/sec
Zipfian (epoch 119, progress 0.02%): UPDATE throughput 0.00 ops/sec, INSERT throughput 8.00 ops/sec, READ throughput 0.00 ops/sec, SCAN throughput 105.98 ops/sec, READ_MODIFY_WRITE throughput 0.00 ops/sec, total throughput 113.98 ops/sec
Zipfian (epoch 120, progress 0.02%): UPDATE throughput 0.00 ops/sec, INSERT throughput 6.00 ops/sec, READ throughput 0.00 ops/sec, SCAN throughput 100.98 ops/sec, READ_MODIFY_WRITE throughput 0.00 ops/sec, total throughput 106.98 ops/sec
time's up!
Zipfian: calculating overall performance metrics... (might take a while)
Zipfian overall: UPDATE throughput 0.00 ops/sec, INSERT throughput 5.64 ops/sec, READ throughput 0.00 ops/sec, SCAN throughput 111.52 ops/sec, READ_MODIFY_WRITE throughput 0.00 ops/sec, total throughput 117.16 ops/sec
Zipfian overall: UPDATE average latency 0.00 ns, UPDATE p99 latency 0.00 ns, INSERT average latency 111322.68 ns, INSERT p99 latency 230408.12 ns, READ average latency 0.00 ns, READ p99 latency 0.00 ns, SCAN average latency 71685821.72 ns, SCAN p99 latency 417288489.69 ns, READ_MODIFY_WRITE average latency 0.00 ns, READ_MODIFY_WRITE p99 latency 0.00 ns
