2026-03-27 04:20:44,876 INFO Waiting for evaluation lock /tmp/cache_ext_evaluate_0.lock ...
2026-03-27 04:56:49,204 INFO Acquired evaluation lock.
2026-03-27 04:56:49,247 INFO === Step 0: Drop page cache ===
2026-03-27 04:56:49,247 INFO Database already exists at /mydata/leveldb_temp (CURRENT file found), skipping copy
2026-03-27 04:56:49,247 INFO CMD: sudo sync
2026-03-27 04:56:49,497 INFO CMD: sudo sh -c echo 3 > /proc/sys/vm/drop_caches
2026-03-27 04:56:49,732 INFO Page cache dropped.
2026-03-27 04:56:49,732 INFO === Step 1: Compile evolved policy ===
2026-03-27 04:56:49,743 INFO CMD: sudo chown -R root: /mydata/cache_ext/eviction_evo/build
2026-03-27 04:56:50,073 INFO CMD: clang-14 -O2 -target bpf -D__TARGET_ARCH_x86 -c -g -Wall -idirafter /usr/lib/llvm-14/lib/clang/14.0.0/include -idirafter /usr/local/include -idirafter /usr/include/x86_64-linux-gnu -idirafter /usr/include /mydata/cache_ext/eviction_evo/build/cache_ext_evolved.bpf.c -o /mydata/cache_ext/eviction_evo/build/cache_ext_evolved.bpf.o
2026-03-27 04:56:53,188 INFO CMD: /usr/local/sbin/bpftool gen skeleton /mydata/cache_ext/eviction_evo/build/cache_ext_evolved.bpf.o name cache_ext_evolved_bpf
2026-03-27 04:56:53,359 INFO CMD: clang-14 -O2 -g -Wall -I/mydata/cache_ext/eviction_evo/build -I/mydata/cache_ext/policies /mydata/cache_ext/eviction_evo/cache_ext_evolved.c -o /mydata/cache_ext/eviction_evo/build/cache_ext_evolved.out -L/usr/local/lib64 -lbpf
2026-03-27 04:56:54,221 INFO Compilation successful: /mydata/cache_ext/eviction_evo/build/cache_ext_evolved.out
2026-03-27 04:56:54,221 INFO === Step 2: Disable MGLRU ===
2026-03-27 04:56:54,222 INFO MGLRU watchdog started (PID 596858, will restore in 7800 s)
2026-03-27 04:56:54,223 INFO MGLRU current state: 0x0007 - disabling
2026-03-27 04:56:54,223 INFO CMD: sudo sh -c echo 0 > /sys/kernel/mm/lru_gen/enabled
2026-03-27 04:56:54,337 INFO MGLRU disabled.
2026-03-27 04:56:54,337 INFO === Step 3: Create cgroup ===
2026-03-27 04:56:54,400 INFO CMD: sudo cgcreate -g memory:cache_ext_test
2026-03-27 04:56:54,497 INFO CMD: sudo sh -c echo 536870912 > /sys/fs/cgroup/cache_ext_test/memory.max
2026-03-27 04:56:54,513 INFO Created cgroup cache_ext_test with limit 536870912 bytes
2026-03-27 04:56:54,513 INFO === Step 4: Load BPF policy ===
2026-03-27 04:56:54,513 INFO Loading policy: sudo /mydata/cache_ext/eviction_evo/build/cache_ext_evolved.out --watch_dir /mydata/leveldb_temp --cgroup_path /sys/fs/cgroup/cache_ext_test
2026-03-27 04:57:04,524 INFO Policy loaded (PID 596883)
2026-03-27 04:57:04,524 INFO === Step 5: Start server ===
2026-03-27 04:57:04,524 INFO Starting server: sudo cgexec -g memory:cache_ext_test /mydata/cache_ext/net_leveldb_server 9100 /mydata/leveldb_temp
2026-03-27 04:57:04,526 INFO Waiting for server on port 9100 ...
2026-03-27 04:57:05,573 INFO Server ready (PID 596927) on port 9100
2026-03-27 04:57:05,573 INFO === Step 6: Run 7 traces x 3 runs = 21 total benchmarks ===
2026-03-27 04:57:05,606 INFO --- Trace 1/7 (ycsb_c_a) run 1/3  [1/21 overall] ---
2026-03-27 04:57:05,606 INFO CMD: sudo sync
2026-03-27 04:57:05,775 INFO CMD: sudo sh -c echo 3 > /proc/sys/vm/drop_caches
2026-03-27 04:57:06,034 INFO Page cache dropped.
2026-03-27 04:57:08,677 INFO Starting remote client client_ycsb_c on krisub@node1: ssh -o StrictHostKeyChecking=no -o BatchMode=yes -i /users/krisub/.ssh/id_ed25519 krisub@node1 sh -lc 'exec /mydata/cache_ext/My-YCSB/build/run_net_leveldb /tmp/dual_client_ycsb_c_zgem5jin.yaml'
2026-03-27 04:57:08,920 INFO Starting remote client client_ycsb_a on krisub@node1: ssh -o StrictHostKeyChecking=no -o BatchMode=yes -i /users/krisub/.ssh/id_ed25519 krisub@node1 sh -lc 'exec /mydata/cache_ext/My-YCSB/build/run_net_leveldb /tmp/dual_client_ycsb_a_fue_5f0r.yaml'
2026-03-27 04:58:46,948 INFO Client client_ycsb_c: throughput=959.47
2026-03-27 04:58:47,264 INFO Client client_ycsb_a: throughput=1953.22
2026-03-27 04:58:47,264 INFO Dual-client combined throughput: 2912.69 ops/sec
2026-03-27 04:58:47,737 INFO Trace ycsb_c_a run 1: throughput=2912.69 ops/sec
2026-03-27 04:58:47,737 INFO --- Trace 1/7 (ycsb_c_a) run 2/3  [2/21 overall] ---
2026-03-27 04:58:47,737 INFO CMD: sudo sync
2026-03-27 04:58:47,995 INFO CMD: sudo sh -c echo 3 > /proc/sys/vm/drop_caches
2026-03-27 04:58:48,260 INFO Page cache dropped.
2026-03-27 04:58:51,037 INFO Starting remote client client_ycsb_c on krisub@node1: ssh -o StrictHostKeyChecking=no -o BatchMode=yes -i /users/krisub/.ssh/id_ed25519 krisub@node1 sh -lc 'exec /mydata/cache_ext/My-YCSB/build/run_net_leveldb /tmp/dual_client_ycsb_c_52ni1_xb.yaml'
2026-03-27 04:58:51,308 INFO Starting remote client client_ycsb_a on krisub@node1: ssh -o StrictHostKeyChecking=no -o BatchMode=yes -i /users/krisub/.ssh/id_ed25519 krisub@node1 sh -lc 'exec /mydata/cache_ext/My-YCSB/build/run_net_leveldb /tmp/dual_client_ycsb_a_fkb_hd9m.yaml'
2026-03-27 05:00:29,289 INFO Client client_ycsb_c: throughput=1028.90
2026-03-27 05:00:29,555 INFO Client client_ycsb_a: throughput=2027.88
2026-03-27 05:00:29,555 INFO Dual-client combined throughput: 3056.78 ops/sec
2026-03-27 05:00:30,025 INFO Trace ycsb_c_a run 2: throughput=3056.78 ops/sec
2026-03-27 05:00:30,025 INFO --- Trace 1/7 (ycsb_c_a) run 3/3  [3/21 overall] ---
2026-03-27 05:00:30,025 INFO CMD: sudo sync
2026-03-27 05:00:30,258 INFO CMD: sudo sh -c echo 3 > /proc/sys/vm/drop_caches
2026-03-27 05:00:30,521 INFO Page cache dropped.
2026-03-27 05:00:33,229 INFO Starting remote client client_ycsb_c on krisub@node1: ssh -o StrictHostKeyChecking=no -o BatchMode=yes -i /users/krisub/.ssh/id_ed25519 krisub@node1 sh -lc 'exec /mydata/cache_ext/My-YCSB/build/run_net_leveldb /tmp/dual_client_ycsb_c_rbm7cpfk.yaml'
2026-03-27 05:00:33,484 INFO Starting remote client client_ycsb_a on krisub@node1: ssh -o StrictHostKeyChecking=no -o BatchMode=yes -i /users/krisub/.ssh/id_ed25519 krisub@node1 sh -lc 'exec /mydata/cache_ext/My-YCSB/build/run_net_leveldb /tmp/dual_client_ycsb_a_cjywts2v.yaml'
2026-03-27 05:02:11,462 INFO Client client_ycsb_c: throughput=1065.36
2026-03-27 05:02:11,928 INFO Client client_ycsb_a: throughput=2161.09
2026-03-27 05:02:11,929 INFO Dual-client combined throughput: 3226.45 ops/sec
2026-03-27 05:02:12,397 INFO Trace ycsb_c_a run 3: throughput=3226.45 ops/sec
2026-03-27 05:02:12,398 INFO Trace ycsb_c_a summary: mean=3065.31 std=157.05 min=2912.69 max=3226.45 (CV=5.1%)
2026-03-27 05:02:12,437 INFO --- Trace 2/7 (ycsb_c_e) run 1/3  [4/21 overall] ---
2026-03-27 05:02:12,437 INFO CMD: sudo sync
2026-03-27 05:02:12,701 INFO CMD: sudo sh -c echo 3 > /proc/sys/vm/drop_caches
2026-03-27 05:02:12,930 INFO Page cache dropped.
2026-03-27 05:02:15,572 INFO Starting remote client client_ycsb_c on krisub@node1: ssh -o StrictHostKeyChecking=no -o BatchMode=yes -i /users/krisub/.ssh/id_ed25519 krisub@node1 sh -lc 'exec /mydata/cache_ext/My-YCSB/build/run_net_leveldb /tmp/dual_client_ycsb_c_rjz76n1x.yaml'
2026-03-27 05:02:15,821 INFO Starting remote client client_ycsb_e on krisub@node1: ssh -o StrictHostKeyChecking=no -o BatchMode=yes -i /users/krisub/.ssh/id_ed25519 krisub@node1 sh -lc 'exec /mydata/cache_ext/My-YCSB/build/run_net_leveldb /tmp/dual_client_ycsb_e_xtapjtxc.yaml'
2026-03-27 05:03:53,828 INFO Client client_ycsb_c: throughput=1327.24
2026-03-27 05:03:55,297 INFO Client client_ycsb_e: throughput=75477.92
2026-03-27 05:03:55,298 INFO Dual-client combined throughput: 76805.16 ops/sec
2026-03-27 05:03:55,765 INFO Trace ycsb_c_e run 1: throughput=76805.16 ops/sec
2026-03-27 05:03:55,766 INFO --- Trace 2/7 (ycsb_c_e) run 2/3  [5/21 overall] ---
2026-03-27 05:03:55,766 INFO CMD: sudo sync
2026-03-27 05:03:56,048 INFO CMD: sudo sh -c echo 3 > /proc/sys/vm/drop_caches
2026-03-27 05:03:56,287 INFO Page cache dropped.
2026-03-27 05:03:58,997 INFO Starting remote client client_ycsb_c on krisub@node1: ssh -o StrictHostKeyChecking=no -o BatchMode=yes -i /users/krisub/.ssh/id_ed25519 krisub@node1 sh -lc 'exec /mydata/cache_ext/My-YCSB/build/run_net_leveldb /tmp/dual_client_ycsb_c_5hq2gyss.yaml'
2026-03-27 05:03:59,256 INFO Starting remote client client_ycsb_e on krisub@node1: ssh -o StrictHostKeyChecking=no -o BatchMode=yes -i /users/krisub/.ssh/id_ed25519 krisub@node1 sh -lc 'exec /mydata/cache_ext/My-YCSB/build/run_net_leveldb /tmp/dual_client_ycsb_e_kh8hzl2w.yaml'
2026-03-27 05:05:37,617 INFO Client client_ycsb_c: throughput=1525.08
2026-03-27 05:05:51,162 INFO Client client_ycsb_e: throughput=76779.77
2026-03-27 05:05:51,163 INFO Dual-client combined throughput: 78304.85 ops/sec
2026-03-27 05:05:51,637 INFO Trace ycsb_c_e run 2: throughput=78304.85 ops/sec
2026-03-27 05:05:51,637 INFO --- Trace 2/7 (ycsb_c_e) run 3/3  [6/21 overall] ---
2026-03-27 05:05:51,637 INFO CMD: sudo sync
2026-03-27 05:05:51,853 INFO CMD: sudo sh -c echo 3 > /proc/sys/vm/drop_caches
2026-03-27 05:05:52,125 INFO Page cache dropped.
2026-03-27 05:05:54,857 INFO Starting remote client client_ycsb_c on krisub@node1: ssh -o StrictHostKeyChecking=no -o BatchMode=yes -i /users/krisub/.ssh/id_ed25519 krisub@node1 sh -lc 'exec /mydata/cache_ext/My-YCSB/build/run_net_leveldb /tmp/dual_client_ycsb_c_49gpjix2.yaml'
2026-03-27 05:05:55,125 INFO Starting remote client client_ycsb_e on krisub@node1: ssh -o StrictHostKeyChecking=no -o BatchMode=yes -i /users/krisub/.ssh/id_ed25519 krisub@node1 sh -lc 'exec /mydata/cache_ext/My-YCSB/build/run_net_leveldb /tmp/dual_client_ycsb_e_w0kvd582.yaml'
2026-03-27 05:07:33,231 INFO Client client_ycsb_c: throughput=1361.67
2026-03-27 05:07:34,650 INFO Client client_ycsb_e: throughput=76662.06
2026-03-27 05:07:34,650 INFO Dual-client combined throughput: 78023.73 ops/sec
2026-03-27 05:07:35,117 INFO Trace ycsb_c_e run 3: throughput=78023.73 ops/sec
2026-03-27 05:07:35,118 INFO Trace ycsb_c_e summary: mean=77711.25 std=797.18 min=76805.16 max=78304.85 (CV=1.0%)
2026-03-27 05:07:35,165 INFO --- Trace 3/7 (ycsb_c_f) run 1/3  [7/21 overall] ---
2026-03-27 05:07:35,165 INFO CMD: sudo sync
2026-03-27 05:07:35,396 INFO CMD: sudo sh -c echo 3 > /proc/sys/vm/drop_caches
2026-03-27 05:07:35,585 INFO Page cache dropped.
2026-03-27 05:07:38,261 INFO Starting remote client client_ycsb_c on krisub@node1: ssh -o StrictHostKeyChecking=no -o BatchMode=yes -i /users/krisub/.ssh/id_ed25519 krisub@node1 sh -lc 'exec /mydata/cache_ext/My-YCSB/build/run_net_leveldb /tmp/dual_client_ycsb_c_907zsmy0.yaml'
2026-03-27 05:07:38,512 INFO Starting remote client client_ycsb_f on krisub@node1: ssh -o StrictHostKeyChecking=no -o BatchMode=yes -i /users/krisub/.ssh/id_ed25519 krisub@node1 sh -lc 'exec /mydata/cache_ext/My-YCSB/build/run_net_leveldb /tmp/dual_client_ycsb_f_4j4biymc.yaml'
2026-03-27 05:09:16,645 INFO Client client_ycsb_c: throughput=1076.30
2026-03-27 05:09:16,911 INFO Client client_ycsb_f: throughput=215.65
2026-03-27 05:09:16,911 INFO Dual-client combined throughput: 1291.95 ops/sec
2026-03-27 05:09:17,397 INFO Trace ycsb_c_f run 1: throughput=1291.95 ops/sec
2026-03-27 05:09:17,397 INFO --- Trace 3/7 (ycsb_c_f) run 2/3  [8/21 overall] ---
2026-03-27 05:09:17,397 INFO CMD: sudo sync
2026-03-27 05:09:17,696 INFO CMD: sudo sh -c echo 3 > /proc/sys/vm/drop_caches
2026-03-27 05:09:17,977 INFO Page cache dropped.
2026-03-27 05:09:20,692 INFO Starting remote client client_ycsb_c on krisub@node1: ssh -o StrictHostKeyChecking=no -o BatchMode=yes -i /users/krisub/.ssh/id_ed25519 krisub@node1 sh -lc 'exec /mydata/cache_ext/My-YCSB/build/run_net_leveldb /tmp/dual_client_ycsb_c_2e7pgx9a.yaml'
2026-03-27 05:09:20,949 INFO Starting remote client client_ycsb_f on krisub@node1: ssh -o StrictHostKeyChecking=no -o BatchMode=yes -i /users/krisub/.ssh/id_ed25519 krisub@node1 sh -lc 'exec /mydata/cache_ext/My-YCSB/build/run_net_leveldb /tmp/dual_client_ycsb_f_w517zpft.yaml'
2026-03-27 05:10:58,982 INFO Client client_ycsb_c: throughput=1118.72
2026-03-27 05:10:59,198 INFO Client client_ycsb_f: throughput=221.09
2026-03-27 05:10:59,198 INFO Dual-client combined throughput: 1339.81 ops/sec
2026-03-27 05:10:59,681 INFO Trace ycsb_c_f run 2: throughput=1339.81 ops/sec
2026-03-27 05:10:59,681 INFO --- Trace 3/7 (ycsb_c_f) run 3/3  [9/21 overall] ---
2026-03-27 05:10:59,681 INFO CMD: sudo sync
2026-03-27 05:10:59,921 INFO CMD: sudo sh -c echo 3 > /proc/sys/vm/drop_caches
2026-03-27 05:11:00,215 INFO Page cache dropped.
2026-03-27 05:11:02,904 INFO Starting remote client client_ycsb_c on krisub@node1: ssh -o StrictHostKeyChecking=no -o BatchMode=yes -i /users/krisub/.ssh/id_ed25519 krisub@node1 sh -lc 'exec /mydata/cache_ext/My-YCSB/build/run_net_leveldb /tmp/dual_client_ycsb_c_2yole2tk.yaml'
2026-03-27 05:11:03,169 INFO Starting remote client client_ycsb_f on krisub@node1: ssh -o StrictHostKeyChecking=no -o BatchMode=yes -i /users/krisub/.ssh/id_ed25519 krisub@node1 sh -lc 'exec /mydata/cache_ext/My-YCSB/build/run_net_leveldb /tmp/dual_client_ycsb_f__nza98c_.yaml'
2026-03-27 05:12:41,301 INFO Client client_ycsb_c: throughput=1138.21
2026-03-27 05:12:41,467 INFO Client client_ycsb_f: throughput=215.93
2026-03-27 05:12:41,467 INFO Dual-client combined throughput: 1354.14 ops/sec
2026-03-27 05:12:41,909 INFO Trace ycsb_c_f run 3: throughput=1354.14 ops/sec
2026-03-27 05:12:41,910 INFO Trace ycsb_c_f summary: mean=1328.63 std=32.57 min=1291.95 max=1354.14 (CV=2.5%)
2026-03-27 05:12:41,937 INFO --- Trace 4/7 (ycsb_b_a) run 1/3  [10/21 overall] ---
2026-03-27 05:12:41,937 INFO CMD: sudo sync
2026-03-27 05:12:42,162 INFO CMD: sudo sh -c echo 3 > /proc/sys/vm/drop_caches
2026-03-27 05:12:42,447 INFO Page cache dropped.
2026-03-27 05:12:45,201 INFO Starting remote client client_ycsb_b on krisub@node1: ssh -o StrictHostKeyChecking=no -o BatchMode=yes -i /users/krisub/.ssh/id_ed25519 krisub@node1 sh -lc 'exec /mydata/cache_ext/My-YCSB/build/run_net_leveldb /tmp/dual_client_ycsb_b_i7qxtdga.yaml'
2026-03-27 05:12:45,441 INFO Starting remote client client_ycsb_a on krisub@node1: ssh -o StrictHostKeyChecking=no -o BatchMode=yes -i /users/krisub/.ssh/id_ed25519 krisub@node1 sh -lc 'exec /mydata/cache_ext/My-YCSB/build/run_net_leveldb /tmp/dual_client_ycsb_a_y4j3i3o2.yaml'
2026-03-27 05:14:23,570 INFO Client client_ycsb_b: throughput=1125.93
2026-03-27 05:14:23,735 INFO Client client_ycsb_a: throughput=2092.64
2026-03-27 05:14:23,735 INFO Dual-client combined throughput: 3218.57 ops/sec
2026-03-27 05:14:24,196 INFO Trace ycsb_b_a run 1: throughput=3218.57 ops/sec
2026-03-27 05:14:24,197 INFO --- Trace 4/7 (ycsb_b_a) run 2/3  [11/21 overall] ---
2026-03-27 05:14:24,197 INFO CMD: sudo sync
2026-03-27 05:14:24,377 INFO CMD: sudo sh -c echo 3 > /proc/sys/vm/drop_caches
2026-03-27 05:14:24,735 INFO Page cache dropped.
2026-03-27 05:14:27,478 INFO Starting remote client client_ycsb_b on krisub@node1: ssh -o StrictHostKeyChecking=no -o BatchMode=yes -i /users/krisub/.ssh/id_ed25519 krisub@node1 sh -lc 'exec /mydata/cache_ext/My-YCSB/build/run_net_leveldb /tmp/dual_client_ycsb_b_kguhm3vp.yaml'
2026-03-27 05:14:27,729 INFO Starting remote client client_ycsb_a on krisub@node1: ssh -o StrictHostKeyChecking=no -o BatchMode=yes -i /users/krisub/.ssh/id_ed25519 krisub@node1 sh -lc 'exec /mydata/cache_ext/My-YCSB/build/run_net_leveldb /tmp/dual_client_ycsb_a_wy6ll7dt.yaml'
2026-03-27 05:16:05,704 INFO Client client_ycsb_b: throughput=1108.81
2026-03-27 05:16:06,070 INFO Client client_ycsb_a: throughput=2112.98
2026-03-27 05:16:06,070 INFO Dual-client combined throughput: 3221.79 ops/sec
2026-03-27 05:16:06,545 INFO Trace ycsb_b_a run 2: throughput=3221.79 ops/sec
2026-03-27 05:16:06,545 INFO --- Trace 4/7 (ycsb_b_a) run 3/3  [12/21 overall] ---
2026-03-27 05:16:06,545 INFO CMD: sudo sync
2026-03-27 05:16:06,728 INFO CMD: sudo sh -c echo 3 > /proc/sys/vm/drop_caches
2026-03-27 05:16:07,013 INFO Page cache dropped.
2026-03-27 05:16:09,729 INFO Starting remote client client_ycsb_b on krisub@node1: ssh -o StrictHostKeyChecking=no -o BatchMode=yes -i /users/krisub/.ssh/id_ed25519 krisub@node1 sh -lc 'exec /mydata/cache_ext/My-YCSB/build/run_net_leveldb /tmp/dual_client_ycsb_b_o70ocv0e.yaml'
2026-03-27 05:16:09,981 INFO Starting remote client client_ycsb_a on krisub@node1: ssh -o StrictHostKeyChecking=no -o BatchMode=yes -i /users/krisub/.ssh/id_ed25519 krisub@node1 sh -lc 'exec /mydata/cache_ext/My-YCSB/build/run_net_leveldb /tmp/dual_client_ycsb_a_5m3qp4ks.yaml'
2026-03-27 05:17:47,856 INFO Client client_ycsb_b: throughput=1085.07
2026-03-27 05:17:48,322 INFO Client client_ycsb_a: throughput=2076.39
2026-03-27 05:17:48,322 INFO Dual-client combined throughput: 3161.46 ops/sec
2026-03-27 05:17:48,785 INFO Trace ycsb_b_a run 3: throughput=3161.46 ops/sec
2026-03-27 05:17:48,786 INFO Trace ycsb_b_a summary: mean=3200.61 std=33.94 min=3161.46 max=3221.79 (CV=1.1%)
2026-03-27 05:17:48,813 INFO --- Trace 5/7 (ycsb_a_d) run 1/3  [13/21 overall] ---
2026-03-27 05:17:48,813 INFO CMD: sudo sync
2026-03-27 05:17:48,987 INFO CMD: sudo sh -c echo 3 > /proc/sys/vm/drop_caches
2026-03-27 05:17:49,291 INFO Page cache dropped.
2026-03-27 05:17:51,916 INFO Starting remote client client_ycsb_a on krisub@node1: ssh -o StrictHostKeyChecking=no -o BatchMode=yes -i /users/krisub/.ssh/id_ed25519 krisub@node1 sh -lc 'exec /mydata/cache_ext/My-YCSB/build/run_net_leveldb /tmp/dual_client_ycsb_a_yqgfriqj.yaml'
2026-03-27 05:17:52,172 INFO Starting remote client client_ycsb_d on krisub@node1: ssh -o StrictHostKeyChecking=no -o BatchMode=yes -i /users/krisub/.ssh/id_ed25519 krisub@node1 sh -lc 'exec /mydata/cache_ext/My-YCSB/build/run_net_leveldb /tmp/dual_client_ycsb_d_ru5pfbih.yaml'
2026-03-27 05:19:30,159 INFO Client client_ycsb_a: throughput=1864.57
2026-03-27 05:19:30,526 INFO Client client_ycsb_d: throughput=1615.08
2026-03-27 05:19:30,526 INFO Dual-client combined throughput: 3479.65 ops/sec
2026-03-27 05:19:30,977 INFO Trace ycsb_a_d run 1: throughput=3479.65 ops/sec
2026-03-27 05:19:30,978 INFO --- Trace 5/7 (ycsb_a_d) run 2/3  [14/21 overall] ---
2026-03-27 05:19:30,978 INFO CMD: sudo sync
2026-03-27 05:19:31,171 INFO CMD: sudo sh -c echo 3 > /proc/sys/vm/drop_caches
2026-03-27 05:19:31,477 INFO Page cache dropped.
2026-03-27 05:19:34,209 INFO Starting remote client client_ycsb_a on krisub@node1: ssh -o StrictHostKeyChecking=no -o BatchMode=yes -i /users/krisub/.ssh/id_ed25519 krisub@node1 sh -lc 'exec /mydata/cache_ext/My-YCSB/build/run_net_leveldb /tmp/dual_client_ycsb_a_v7804cs0.yaml'
2026-03-27 05:19:34,452 INFO Starting remote client client_ycsb_d on krisub@node1: ssh -o StrictHostKeyChecking=no -o BatchMode=yes -i /users/krisub/.ssh/id_ed25519 krisub@node1 sh -lc 'exec /mydata/cache_ext/My-YCSB/build/run_net_leveldb /tmp/dual_client_ycsb_d_b2vx_73e.yaml'
2026-03-27 05:21:12,496 INFO Client client_ycsb_a: throughput=1985.89
2026-03-27 05:21:12,762 INFO Client client_ycsb_d: throughput=1888.35
2026-03-27 05:21:12,762 INFO Dual-client combined throughput: 3874.24 ops/sec
2026-03-27 05:21:13,213 INFO Trace ycsb_a_d run 2: throughput=3874.24 ops/sec
2026-03-27 05:21:13,213 INFO --- Trace 5/7 (ycsb_a_d) run 3/3  [15/21 overall] ---
2026-03-27 05:21:13,213 INFO CMD: sudo sync
2026-03-27 05:21:13,417 INFO CMD: sudo sh -c echo 3 > /proc/sys/vm/drop_caches
2026-03-27 05:21:13,715 INFO Page cache dropped.
2026-03-27 05:21:16,401 INFO Starting remote client client_ycsb_a on krisub@node1: ssh -o StrictHostKeyChecking=no -o BatchMode=yes -i /users/krisub/.ssh/id_ed25519 krisub@node1 sh -lc 'exec /mydata/cache_ext/My-YCSB/build/run_net_leveldb /tmp/dual_client_ycsb_a_14qemjdh.yaml'
2026-03-27 05:21:16,652 INFO Starting remote client client_ycsb_d on krisub@node1: ssh -o StrictHostKeyChecking=no -o BatchMode=yes -i /users/krisub/.ssh/id_ed25519 krisub@node1 sh -lc 'exec /mydata/cache_ext/My-YCSB/build/run_net_leveldb /tmp/dual_client_ycsb_d_t7lxail2.yaml'
2026-03-27 05:22:54,797 INFO Client client_ycsb_a: throughput=1976.89
2026-03-27 05:22:54,913 INFO Client client_ycsb_d: throughput=1958.15
2026-03-27 05:22:54,913 INFO Dual-client combined throughput: 3935.04 ops/sec
2026-03-27 05:22:55,377 INFO Trace ycsb_a_d run 3: throughput=3935.04 ops/sec
2026-03-27 05:22:55,378 INFO Trace ycsb_a_d summary: mean=3762.98 std=247.24 min=3479.65 max=3935.04 (CV=6.6%)
2026-03-27 05:22:55,411 INFO --- Trace 6/7 (ycsb_e_a) run 1/3  [16/21 overall] ---
2026-03-27 05:22:55,412 INFO CMD: sudo sync
2026-03-27 05:22:55,679 INFO CMD: sudo sh -c echo 3 > /proc/sys/vm/drop_caches
2026-03-27 05:22:56,004 INFO Page cache dropped.
2026-03-27 05:22:58,717 INFO Starting remote client client_ycsb_e on krisub@node1: ssh -o StrictHostKeyChecking=no -o BatchMode=yes -i /users/krisub/.ssh/id_ed25519 krisub@node1 sh -lc 'exec /mydata/cache_ext/My-YCSB/build/run_net_leveldb /tmp/dual_client_ycsb_e_krjdvmnh.yaml'
2026-03-27 05:22:58,976 INFO Starting remote client client_ycsb_a on krisub@node1: ssh -o StrictHostKeyChecking=no -o BatchMode=yes -i /users/krisub/.ssh/id_ed25519 krisub@node1 sh -lc 'exec /mydata/cache_ext/My-YCSB/build/run_net_leveldb /tmp/dual_client_ycsb_a_b9fechca.yaml'
2026-03-27 05:24:50,599 INFO Client client_ycsb_e: throughput=75398.70
2026-03-27 05:24:50,601 INFO Client client_ycsb_a: throughput=3095.78
2026-03-27 05:24:50,601 INFO Dual-client combined throughput: 78494.48 ops/sec
2026-03-27 05:24:51,089 INFO Trace ycsb_e_a run 1: throughput=78494.48 ops/sec
2026-03-27 05:24:51,089 INFO --- Trace 6/7 (ycsb_e_a) run 2/3  [17/21 overall] ---
2026-03-27 05:24:51,089 INFO CMD: sudo sync
2026-03-27 05:24:51,274 INFO CMD: sudo sh -c echo 3 > /proc/sys/vm/drop_caches
2026-03-27 05:24:51,521 INFO Page cache dropped.
2026-03-27 05:24:54,245 INFO Starting remote client client_ycsb_e on krisub@node1: ssh -o StrictHostKeyChecking=no -o BatchMode=yes -i /users/krisub/.ssh/id_ed25519 krisub@node1 sh -lc 'exec /mydata/cache_ext/My-YCSB/build/run_net_leveldb /tmp/dual_client_ycsb_e_kfx8mzc2.yaml'
2026-03-27 05:24:54,493 INFO Starting remote client client_ycsb_a on krisub@node1: ssh -o StrictHostKeyChecking=no -o BatchMode=yes -i /users/krisub/.ssh/id_ed25519 krisub@node1 sh -lc 'exec /mydata/cache_ext/My-YCSB/build/run_net_leveldb /tmp/dual_client_ycsb_a_37plv7ib.yaml'
2026-03-27 05:26:33,423 INFO Client client_ycsb_e: throughput=75102.30
2026-03-27 05:26:33,425 INFO Client client_ycsb_a: throughput=3230.99
2026-03-27 05:26:33,425 INFO Dual-client combined throughput: 78333.29 ops/sec
2026-03-27 05:26:33,898 INFO Trace ycsb_e_a run 2: throughput=78333.29 ops/sec
2026-03-27 05:26:33,898 INFO --- Trace 6/7 (ycsb_e_a) run 3/3  [18/21 overall] ---
2026-03-27 05:26:33,898 INFO CMD: sudo sync
2026-03-27 05:26:34,128 INFO CMD: sudo sh -c echo 3 > /proc/sys/vm/drop_caches
2026-03-27 05:26:34,381 INFO Page cache dropped.
2026-03-27 05:26:37,101 INFO Starting remote client client_ycsb_e on krisub@node1: ssh -o StrictHostKeyChecking=no -o BatchMode=yes -i /users/krisub/.ssh/id_ed25519 krisub@node1 sh -lc 'exec /mydata/cache_ext/My-YCSB/build/run_net_leveldb /tmp/dual_client_ycsb_e_lsal2351.yaml'
2026-03-27 05:26:37,348 INFO Starting remote client client_ycsb_a on krisub@node1: ssh -o StrictHostKeyChecking=no -o BatchMode=yes -i /users/krisub/.ssh/id_ed25519 krisub@node1 sh -lc 'exec /mydata/cache_ext/My-YCSB/build/run_net_leveldb /tmp/dual_client_ycsb_a_gei10bvs.yaml'
2026-03-27 05:28:16,286 INFO Client client_ycsb_e: throughput=75391.51
2026-03-27 05:28:16,287 INFO Client client_ycsb_a: throughput=3027.20
2026-03-27 05:28:16,287 INFO Dual-client combined throughput: 78418.71 ops/sec
2026-03-27 05:28:16,757 INFO Trace ycsb_e_a run 3: throughput=78418.71 ops/sec
2026-03-27 05:28:16,757 INFO Trace ycsb_e_a summary: mean=78415.49 std=80.64 min=78333.29 max=78494.48 (CV=0.1%)
2026-03-27 05:28:16,788 INFO --- Trace 7/7 (ycsb_e_f) run 1/3  [19/21 overall] ---
2026-03-27 05:28:16,788 INFO CMD: sudo sync
2026-03-27 05:28:17,049 INFO CMD: sudo sh -c echo 3 > /proc/sys/vm/drop_caches
2026-03-27 05:28:17,304 INFO Page cache dropped.
2026-03-27 05:28:20,076 INFO Starting remote client client_ycsb_e on krisub@node1: ssh -o StrictHostKeyChecking=no -o BatchMode=yes -i /users/krisub/.ssh/id_ed25519 krisub@node1 sh -lc 'exec /mydata/cache_ext/My-YCSB/build/run_net_leveldb /tmp/dual_client_ycsb_e_gn7uv741.yaml'
2026-03-27 05:28:20,328 INFO Starting remote client client_ycsb_f on krisub@node1: ssh -o StrictHostKeyChecking=no -o BatchMode=yes -i /users/krisub/.ssh/id_ed25519 krisub@node1 sh -lc 'exec /mydata/cache_ext/My-YCSB/build/run_net_leveldb /tmp/dual_client_ycsb_f_x4wcls_y.yaml'
2026-03-27 05:29:59,263 INFO Client client_ycsb_e: throughput=76099.02
2026-03-27 05:29:59,265 INFO Client client_ycsb_f: throughput=264.07
2026-03-27 05:29:59,265 INFO Dual-client combined throughput: 76363.09 ops/sec
2026-03-27 05:29:59,725 INFO Trace ycsb_e_f run 1: throughput=76363.09 ops/sec
2026-03-27 05:29:59,725 INFO --- Trace 7/7 (ycsb_e_f) run 2/3  [20/21 overall] ---
2026-03-27 05:29:59,725 INFO CMD: sudo sync
2026-03-27 05:30:00,021 INFO CMD: sudo sh -c echo 3 > /proc/sys/vm/drop_caches
2026-03-27 05:30:00,319 INFO Page cache dropped.
2026-03-27 05:30:02,990 INFO Starting remote client client_ycsb_e on krisub@node1: ssh -o StrictHostKeyChecking=no -o BatchMode=yes -i /users/krisub/.ssh/id_ed25519 krisub@node1 sh -lc 'exec /mydata/cache_ext/My-YCSB/build/run_net_leveldb /tmp/dual_client_ycsb_e_2hq328eb.yaml'
2026-03-27 05:30:03,241 INFO Starting remote client client_ycsb_f on krisub@node1: ssh -o StrictHostKeyChecking=no -o BatchMode=yes -i /users/krisub/.ssh/id_ed25519 krisub@node1 sh -lc 'exec /mydata/cache_ext/My-YCSB/build/run_net_leveldb /tmp/dual_client_ycsb_f_b7bkcnaz.yaml'
2026-03-27 05:31:42,427 INFO Client client_ycsb_e: throughput=76833.85
2026-03-27 05:31:42,429 INFO Client client_ycsb_f: throughput=263.96
2026-03-27 05:31:42,429 INFO Dual-client combined throughput: 77097.81 ops/sec
2026-03-27 05:31:42,897 INFO Trace ycsb_e_f run 2: throughput=77097.81 ops/sec
2026-03-27 05:31:42,897 INFO --- Trace 7/7 (ycsb_e_f) run 3/3  [21/21 overall] ---
2026-03-27 05:31:42,897 INFO CMD: sudo sync
2026-03-27 05:31:43,072 INFO CMD: sudo sh -c echo 3 > /proc/sys/vm/drop_caches
2026-03-27 05:31:43,368 INFO Page cache dropped.
2026-03-27 05:31:45,969 INFO Starting remote client client_ycsb_e on krisub@node1: ssh -o StrictHostKeyChecking=no -o BatchMode=yes -i /users/krisub/.ssh/id_ed25519 krisub@node1 sh -lc 'exec /mydata/cache_ext/My-YCSB/build/run_net_leveldb /tmp/dual_client_ycsb_e_zmkq1qon.yaml'
2026-03-27 05:31:46,220 INFO Starting remote client client_ycsb_f on krisub@node1: ssh -o StrictHostKeyChecking=no -o BatchMode=yes -i /users/krisub/.ssh/id_ed25519 krisub@node1 sh -lc 'exec /mydata/cache_ext/My-YCSB/build/run_net_leveldb /tmp/dual_client_ycsb_f_h5wxed61.yaml'
2026-03-27 05:33:25,309 INFO Client client_ycsb_e: throughput=77095.31
2026-03-27 05:33:25,310 INFO Client client_ycsb_f: throughput=262.34
2026-03-27 05:33:25,311 INFO Dual-client combined throughput: 77357.65 ops/sec
2026-03-27 05:33:25,770 INFO Trace ycsb_e_f run 3: throughput=77357.65 ops/sec
2026-03-27 05:33:25,771 INFO Trace ycsb_e_f summary: mean=76939.52 std=515.83 min=76363.09 max=77357.65 (CV=0.7%)
2026-03-27 05:33:25,817 INFO === Evaluation complete (3 runs per trace) ===
2026-03-27 05:33:25,818 INFO Combined score (harmonic mean of means): 4128.11  (7/7 traces passed)
2026-03-27 05:33:25,818 INFO   ycsb_c_a: mean=3065.31 std=157.05 [2912.69 .. 3226.45]
2026-03-27 05:33:25,818 INFO   ycsb_c_e: mean=77711.25 std=797.18 [76805.16 .. 78304.85]
2026-03-27 05:33:25,818 INFO   ycsb_c_f: mean=1328.63 std=32.57 [1291.95 .. 1354.14]
2026-03-27 05:33:25,818 INFO   ycsb_b_a: mean=3200.61 std=33.94 [3161.46 .. 3221.79]
2026-03-27 05:33:25,818 INFO   ycsb_a_d: mean=3762.98 std=247.24 [3479.65 .. 3935.04]
2026-03-27 05:33:25,818 INFO   ycsb_e_a: mean=78415.49 std=80.64 [78333.29 .. 78494.48]
2026-03-27 05:33:25,818 INFO   ycsb_e_f: mean=76939.52 std=515.83 [76363.09 .. 77357.65]
2026-03-27 05:33:25,818 INFO Stopping net_leveldb_server (PID 596927)
2026-03-27 05:33:25,818 INFO CMD: sudo kill 596927
2026-03-27 05:33:25,938 INFO Unloading BPF policy (PID 596883)
2026-03-27 05:33:25,938 INFO CMD: sudo kill -2 596883
2026-03-27 05:33:26,270 INFO CMD: sudo rm -f /sys/fs/bpf/cache_ext/scan_pids
2026-03-27 05:33:26,357 INFO CMD: sudo sh -c echo 0x0007 > /sys/kernel/mm/lru_gen/enabled
2026-03-27 05:33:26,486 INFO MGLRU re-enabled (restored to 0x0007).
2026-03-27 05:33:26,486 INFO MGLRU watchdog stopped (PID 596858)
