2026-03-09 22:31:11,709 INFO Waiting for evaluation lock /tmp/cache_ext_evaluate.lock ...
2026-03-09 22:35:47,690 INFO Acquired evaluation lock.
2026-03-09 22:35:47,690 INFO === Step 0: Drop page cache ===
2026-03-09 22:35:47,690 INFO Database already exists at /mydata/leveldb_temp (CURRENT file found), skipping rsync
2026-03-09 22:35:47,690 INFO CMD: sudo sync
2026-03-09 22:35:47,903 INFO CMD: sudo sh -c echo 3 > /proc/sys/vm/drop_caches
2026-03-09 22:35:48,238 INFO Page cache dropped.
2026-03-09 22:35:48,238 INFO === Step 1: Compile evolved policy ===
2026-03-09 22:35:48,250 INFO CMD: sudo chown -R root: /mydata/cache_ext/eviction_evo/build
2026-03-09 22:35:48,556 INFO CMD: clang-14 -O2 -target bpf -D__TARGET_ARCH_x86 -c -g -Wall -idirafter /usr/lib/llvm-14/lib/clang/14.0.0/include -idirafter /usr/local/include -idirafter /usr/include/x86_64-linux-gnu -idirafter /usr/include /mydata/cache_ext/eviction_evo/build/cache_ext_evolved.bpf.c -o /mydata/cache_ext/eviction_evo/build/cache_ext_evolved.bpf.o
2026-03-09 22:35:52,059 INFO CMD: /usr/local/sbin/bpftool gen skeleton /mydata/cache_ext/eviction_evo/build/cache_ext_evolved.bpf.o name cache_ext_evolved_bpf
2026-03-09 22:35:52,246 INFO CMD: clang-14 -O2 -g -Wall -I/mydata/cache_ext/eviction_evo/build -I/mydata/cache_ext/policies /mydata/cache_ext/eviction_evo/cache_ext_evolved.c -o /mydata/cache_ext/eviction_evo/build/cache_ext_evolved.out -L/usr/local/lib64 -lbpf
2026-03-09 22:35:53,266 INFO Compilation successful: /mydata/cache_ext/eviction_evo/build/cache_ext_evolved.out
2026-03-09 22:35:53,266 INFO === Step 2: Disable MGLRU ===
2026-03-09 22:35:53,266 INFO MGLRU current state: 0x0000 — disabling
2026-03-09 22:35:53,266 INFO CMD: sudo sh -c echo 0 > /sys/kernel/mm/lru_gen/enabled
2026-03-09 22:35:53,285 INFO MGLRU disabled.
2026-03-09 22:35:53,285 INFO === Step 3: Create cgroup ===
2026-03-09 22:35:53,285 INFO CMD: sudo cgdelete memory:cache_ext_test
2026-03-09 22:35:53,321 INFO CMD: sudo cgcreate -g memory:cache_ext_test
2026-03-09 22:35:53,429 INFO CMD: sudo sh -c echo 536870912 > /sys/fs/cgroup/cache_ext_test/memory.max
2026-03-09 22:35:53,444 INFO Created cgroup cache_ext_test with limit 536870912 bytes
2026-03-09 22:35:53,444 INFO === Step 4: Load BPF policy ===
2026-03-09 22:35:53,444 INFO Loading policy: sudo /mydata/cache_ext/eviction_evo/build/cache_ext_evolved.out --watch_dir /mydata/leveldb_temp --cgroup_path /sys/fs/cgroup/cache_ext_test
2026-03-09 22:36:03,455 INFO Policy loaded (PID 256153)
2026-03-09 22:36:03,455 INFO === Step 5: Start server ===
2026-03-09 22:36:03,455 INFO Starting server: sudo cgexec -g memory:cache_ext_test /mydata/cache_ext/net_leveldb_server 9100 /mydata/leveldb_temp
2026-03-09 22:36:03,457 INFO Waiting for server on port 9100 ...
2026-03-09 22:36:04,585 INFO Server ready (PID 256156) on port 9100
2026-03-09 22:36:04,585 INFO === Step 6: Run 2 trace benchmarks ===
2026-03-09 22:36:04,585 INFO --- Trace 1/2: dual_small_vs_large ---
2026-03-09 22:36:04,612 INFO Starting proxy: /usr/bin/python /mydata/cache_ext/eviction_evo/tcp_delay_proxy.py --listen-port 9101 --target-port 9100 --delay-ms 1 --bandwidth-kbps 500000
2026-03-09 22:36:05,621 INFO Proxy ready on port 9101
2026-03-09 22:36:05,630 INFO Starting client reader_fast: /mydata/cache_ext/My-YCSB/build/run_net_leveldb /tmp/dual_reader_fast_0le65ozl.yaml
2026-03-09 22:36:05,654 INFO Starting client writer_slow: /mydata/cache_ext/My-YCSB/build/run_net_leveldb /tmp/dual_writer_slow_vwz0s_uw.yaml
2026-03-09 22:39:03,122 INFO Client reader_fast: throughput=172.45
2026-03-09 22:39:03,123 INFO Client writer_slow: throughput=134.29
2026-03-09 22:39:03,123 INFO Dual-client combined throughput: 306.74 ops/sec
2026-03-09 22:39:03,127 INFO Trace dual_small_vs_large: throughput=306.74 ops/sec
2026-03-09 22:39:03,127 INFO --- Trace 2/2: dual_congested ---
2026-03-09 22:39:03,127 INFO CMD: sudo sync
2026-03-09 22:39:03,313 INFO CMD: sudo sh -c echo 3 > /proc/sys/vm/drop_caches
2026-03-09 22:39:03,834 INFO Page cache dropped.
2026-03-09 22:39:05,872 INFO Starting proxy: /usr/bin/python /mydata/cache_ext/eviction_evo/tcp_delay_proxy.py --listen-port 9101 --target-port 9100 --delay-ms 2 --bandwidth-kbps 100000
2026-03-09 22:39:06,911 INFO Proxy ready on port 9101
2026-03-09 22:39:06,911 INFO Starting proxy: /usr/bin/python /mydata/cache_ext/eviction_evo/tcp_delay_proxy.py --listen-port 9102 --target-port 9100 --delay-ms 5 --bandwidth-kbps 50000
2026-03-09 22:39:07,913 INFO Proxy ready on port 9102
2026-03-09 22:39:07,946 INFO Starting client wan_reader: /mydata/cache_ext/My-YCSB/build/run_net_leveldb /tmp/dual_wan_reader_5pjw0xkt.yaml
2026-03-09 22:39:07,970 INFO Starting client wan_writer: /mydata/cache_ext/My-YCSB/build/run_net_leveldb /tmp/dual_wan_writer_o_u86j37.yaml
2026-03-09 22:42:05,004 INFO Client wan_reader: throughput=157.70
2026-03-09 22:42:05,005 INFO Client wan_writer: throughput=168.33
2026-03-09 22:42:05,006 INFO Dual-client combined throughput: 326.03 ops/sec
2026-03-09 22:42:05,013 INFO Trace dual_congested: throughput=326.03 ops/sec
2026-03-09 22:42:05,032 INFO === Evaluation complete ===
2026-03-09 22:42:05,033 INFO Combined score (harmonic mean): 316.09  (2/2 traces passed)
2026-03-09 22:42:05,033 INFO   dual_small_vs_large: 306.74 ops/sec
2026-03-09 22:42:05,033 INFO   dual_congested: 326.03 ops/sec
2026-03-09 22:42:05,033 INFO Stopping net_leveldb_server (PID 256156)
2026-03-09 22:42:05,033 INFO CMD: sudo kill 256156
2026-03-09 22:42:05,187 INFO Unloading BPF policy (PID 256153)
2026-03-09 22:42:05,187 INFO CMD: sudo kill -2 256153
2026-03-09 22:42:05,418 INFO CMD: sudo rm -f /sys/fs/bpf/cache_ext/scan_pids
2026-03-09 22:42:05,461 INFO CMD: sudo cgdelete memory:cache_ext_test
2026-03-09 22:42:05,496 INFO CMD: sudo sh -c echo 0x0000 > /sys/kernel/mm/lru_gen/enabled
2026-03-09 22:42:05,515 INFO MGLRU re-enabled (restored to 0x0000).
