2026-03-27 06:10:44,619 INFO Waiting for evaluation lock /tmp/cache_ext_evaluate_0.lock ...
2026-03-27 06:46:21,775 INFO Acquired evaluation lock.
2026-03-27 06:46:21,818 INFO === Step 0: Drop page cache ===
2026-03-27 06:46:21,821 INFO Database already exists at /mydata/leveldb_temp (CURRENT file found), skipping copy
2026-03-27 06:46:21,822 INFO CMD: sudo sync
2026-03-27 06:46:22,034 INFO CMD: sudo sh -c echo 3 > /proc/sys/vm/drop_caches
2026-03-27 06:46:22,267 INFO Page cache dropped.
2026-03-27 06:46:22,267 INFO === Step 1: Compile evolved policy ===
2026-03-27 06:46:22,275 INFO CMD: sudo chown -R root: /mydata/cache_ext/eviction_evo/build
2026-03-27 06:46:22,577 INFO CMD: clang-14 -O2 -target bpf -D__TARGET_ARCH_x86 -c -g -Wall -idirafter /usr/lib/llvm-14/lib/clang/14.0.0/include -idirafter /usr/local/include -idirafter /usr/include/x86_64-linux-gnu -idirafter /usr/include /mydata/cache_ext/eviction_evo/build/cache_ext_evolved.bpf.c -o /mydata/cache_ext/eviction_evo/build/cache_ext_evolved.bpf.o
2026-03-27 06:46:25,246 ERROR Evaluation failed: RuntimeError: BPF compilation failed:
STDOUT: 
STDERR: /mydata/cache_ext/eviction_evo/build/cache_ext_evolved.bpf.c:405:9: error: redefinition of 'cwnd_ewma'
    s64 cwnd_ewma = vulcan_get_ewma(GF_SND_CWND);
        ^
/mydata/cache_ext/eviction_evo/build/cache_ext_evolved.bpf.c:365:9: note: previous definition is here
    s64 cwnd_ewma = vulcan_get_ewma(GF_SND_CWND);
        ^
1 error generated.

Traceback (most recent call last):
  File "/mydata/cache_ext/eviction_evo/evaluate.py", line 904, in evaluate
    loader_path = compile_bpf_policy(program_path, BUILD_DIR)
  File "/mydata/cache_ext/eviction_evo/evaluate.py", line 250, in compile_bpf_policy
    raise RuntimeError(f"BPF compilation failed:\nSTDOUT: {result.stdout}\nSTDERR: {result.stderr}")
RuntimeError: BPF compilation failed:
STDOUT: 
STDERR: /mydata/cache_ext/eviction_evo/build/cache_ext_evolved.bpf.c:405:9: error: redefinition of 'cwnd_ewma'
    s64 cwnd_ewma = vulcan_get_ewma(GF_SND_CWND);
        ^
/mydata/cache_ext/eviction_evo/build/cache_ext_evolved.bpf.c:365:9: note: previous definition is here
    s64 cwnd_ewma = vulcan_get_ewma(GF_SND_CWND);
        ^
1 error generated.


