2026-03-11 13:09:51,217 INFO Waiting for evaluation lock /tmp/cache_ext_evaluate.lock ...
2026-03-11 13:15:23,670 INFO Acquired evaluation lock.
2026-03-11 13:15:23,670 INFO === Step 0: Drop page cache ===
2026-03-11 13:15:23,670 INFO Database already exists at /mydata/leveldb_temp (CURRENT file found), skipping rsync
2026-03-11 13:15:23,670 INFO CMD: sudo sync
2026-03-11 13:15:23,803 INFO CMD: sudo sh -c echo 3 > /proc/sys/vm/drop_caches
2026-03-11 13:15:24,058 INFO Page cache dropped.
2026-03-11 13:15:24,059 INFO === Step 1: Compile evolved policy ===
2026-03-11 13:15:24,094 INFO CMD: sudo chown -R root: /mydata/cache_ext/eviction_evo/build
2026-03-11 13:15:24,407 INFO CMD: clang-14 -O2 -target bpf -D__TARGET_ARCH_x86 -c -g -Wall -idirafter /usr/lib/llvm-14/lib/clang/14.0.0/include -idirafter /usr/local/include -idirafter /usr/include/x86_64-linux-gnu -idirafter /usr/include /mydata/cache_ext/eviction_evo/build/cache_ext_evolved.bpf.c -o /mydata/cache_ext/eviction_evo/build/cache_ext_evolved.bpf.o
2026-03-11 13:15:27,377 INFO CMD: /usr/local/sbin/bpftool gen skeleton /mydata/cache_ext/eviction_evo/build/cache_ext_evolved.bpf.o name cache_ext_evolved_bpf
2026-03-11 13:15:27,572 INFO CMD: clang-14 -O2 -g -Wall -I/mydata/cache_ext/eviction_evo/build -I/mydata/cache_ext/policies /mydata/cache_ext/eviction_evo/cache_ext_evolved.c -o /mydata/cache_ext/eviction_evo/build/cache_ext_evolved.out -L/usr/local/lib64 -lbpf
2026-03-11 13:15:28,475 INFO Compilation successful: /mydata/cache_ext/eviction_evo/build/cache_ext_evolved.out
2026-03-11 13:15:28,476 INFO === Step 2: Disable MGLRU ===
2026-03-11 13:15:28,476 INFO MGLRU current state: 0x0007 — disabling
2026-03-11 13:15:28,476 INFO CMD: sudo sh -c echo 0 > /sys/kernel/mm/lru_gen/enabled
2026-03-11 13:15:28,557 INFO MGLRU disabled.
2026-03-11 13:15:28,557 INFO === Step 3: Create cgroup ===
2026-03-11 13:15:28,558 INFO CMD: sudo cgdelete memory:cache_ext_test
2026-03-11 13:15:28,584 INFO CMD: sudo cgcreate -g memory:cache_ext_test
2026-03-11 13:15:28,687 INFO CMD: sudo sh -c echo 536870912 > /sys/fs/cgroup/cache_ext_test/memory.max
2026-03-11 13:15:28,699 INFO Created cgroup cache_ext_test with limit 536870912 bytes
2026-03-11 13:15:28,699 INFO === Step 4: Load BPF policy ===
2026-03-11 13:15:28,699 INFO Loading policy: sudo /mydata/cache_ext/eviction_evo/build/cache_ext_evolved.out --watch_dir /mydata/leveldb_temp --cgroup_path /sys/fs/cgroup/cache_ext_test
2026-03-11 13:15:38,710 INFO Policy loaded (PID 35647)
2026-03-11 13:15:38,711 INFO === Step 5: Start server ===
2026-03-11 13:15:38,711 INFO Starting server: sudo cgexec -g memory:cache_ext_test /mydata/cache_ext/net_leveldb_server 9100 /mydata/leveldb_temp
2026-03-11 13:15:38,712 INFO Waiting for server on port 9100 ...
2026-03-11 13:15:39,772 INFO Server ready (PID 35668) on port 9100
2026-03-11 13:15:39,773 INFO === Step 6: Run 2 trace benchmarks ===
2026-03-11 13:15:39,773 INFO --- Trace 1/2: dual_small_vs_large ---
2026-03-11 13:15:40,403 INFO Starting remote client reader_fast on krisub@node1: ssh -o StrictHostKeyChecking=no -o BatchMode=yes -i /users/krisub/.ssh/id_ed25519 krisub@node1 sh -lc 'if command -v cgexec >/dev/null 2>&1; then cgexec -g memory:cache_ext_remote_clients /mydata/cache_ext/My-YCSB/build/run_net_leveldb /tmp/dual_reader_fast_078uhm3u.yaml && exit 0; fi; exec /mydata/cache_ext/My-YCSB/build/run_net_leveldb /tmp/dual_reader_fast_078uhm3u.yaml'
2026-03-11 13:15:40,666 INFO Starting remote client writer_slow on krisub@node1: ssh -o StrictHostKeyChecking=no -o BatchMode=yes -i /users/krisub/.ssh/id_ed25519 krisub@node1 sh -lc 'if command -v cgexec >/dev/null 2>&1; then cgexec -g memory:cache_ext_remote_clients /mydata/cache_ext/My-YCSB/build/run_net_leveldb /tmp/dual_writer_slow_13tazqz6.yaml && exit 0; fi; exec /mydata/cache_ext/My-YCSB/build/run_net_leveldb /tmp/dual_writer_slow_13tazqz6.yaml'
2026-03-11 13:18:38,674 INFO Client reader_fast: throughput=1110.34
2026-03-11 13:18:43,137 INFO Client writer_slow: throughput=420.79
2026-03-11 13:18:43,137 INFO Dual-client combined throughput: 1531.13 ops/sec
2026-03-11 13:18:43,631 INFO Trace dual_small_vs_large: throughput=1531.13 ops/sec
2026-03-11 13:18:43,631 INFO --- Trace 2/2: dual_congested ---
2026-03-11 13:18:43,631 INFO CMD: sudo sync
2026-03-11 13:18:43,733 INFO CMD: sudo sh -c echo 3 > /proc/sys/vm/drop_caches
2026-03-11 13:18:44,038 INFO Page cache dropped.
2026-03-11 13:18:46,731 INFO Starting remote client wan_reader on krisub@node1: ssh -o StrictHostKeyChecking=no -o BatchMode=yes -i /users/krisub/.ssh/id_ed25519 krisub@node1 sh -lc 'if command -v cgexec >/dev/null 2>&1; then cgexec -g memory:cache_ext_remote_clients /mydata/cache_ext/My-YCSB/build/run_net_leveldb /tmp/dual_wan_reader_65n953n7.yaml && exit 0; fi; exec /mydata/cache_ext/My-YCSB/build/run_net_leveldb /tmp/dual_wan_reader_65n953n7.yaml'
2026-03-11 13:18:46,983 INFO Starting remote client wan_writer on krisub@node1: ssh -o StrictHostKeyChecking=no -o BatchMode=yes -i /users/krisub/.ssh/id_ed25519 krisub@node1 sh -lc 'if command -v cgexec >/dev/null 2>&1; then cgexec -g memory:cache_ext_remote_clients /mydata/cache_ext/My-YCSB/build/run_net_leveldb /tmp/dual_wan_writer_4myfztxx.yaml && exit 0; fi; exec /mydata/cache_ext/My-YCSB/build/run_net_leveldb /tmp/dual_wan_writer_4myfztxx.yaml'
2026-03-11 13:21:44,940 INFO Client wan_reader: throughput=1398.78
2026-03-11 13:21:45,200 INFO Client wan_writer: throughput=1693.57
2026-03-11 13:21:45,201 INFO Dual-client combined throughput: 3092.35 ops/sec
2026-03-11 13:21:45,675 INFO Trace dual_congested: throughput=3092.35 ops/sec
2026-03-11 13:21:45,693 INFO === Evaluation complete ===
2026-03-11 13:21:45,693 INFO Combined score (harmonic mean): 2048.15  (2/2 traces passed)
2026-03-11 13:21:45,693 INFO   dual_small_vs_large: 1531.13 ops/sec
2026-03-11 13:21:45,693 INFO   dual_congested: 3092.35 ops/sec
2026-03-11 13:21:45,693 INFO Stopping net_leveldb_server (PID 35668)
2026-03-11 13:21:45,693 INFO CMD: sudo kill 35668
2026-03-11 13:21:45,886 INFO Unloading BPF policy (PID 35647)
2026-03-11 13:21:45,886 INFO CMD: sudo kill -2 35647
2026-03-11 13:21:46,167 INFO CMD: sudo rm -f /sys/fs/bpf/cache_ext/scan_pids
2026-03-11 13:21:46,270 INFO CMD: sudo cgdelete memory:cache_ext_test
2026-03-11 13:21:46,298 INFO CMD: sudo sh -c echo 0x0007 > /sys/kernel/mm/lru_gen/enabled
2026-03-11 13:21:46,400 INFO MGLRU re-enabled (restored to 0x0007).
