2026-03-09 14:58:40,997 INFO Waiting for evaluation lock /tmp/cache_ext_evaluate.lock ...
2026-03-09 14:58:40,997 INFO Acquired evaluation lock.
2026-03-09 14:58:40,997 INFO === Step 0: Drop page cache ===
2026-03-09 14:58:40,997 INFO Database already exists at /mydata/leveldb_temp (CURRENT file found), skipping rsync
2026-03-09 14:58:40,997 INFO CMD: sudo sync
2026-03-09 14:58:41,107 INFO CMD: sudo sh -c echo 3 > /proc/sys/vm/drop_caches
2026-03-09 14:58:41,700 INFO Page cache dropped.
2026-03-09 14:58:41,700 INFO === Step 1: Compile evolved policy ===
2026-03-09 14:58:41,710 INFO CMD: sudo chown -R root: /mydata/cache_ext/eviction_evo/build
2026-03-09 14:58:42,107 INFO CMD: clang-14 -O2 -target bpf -D__TARGET_ARCH_x86 -c -g -Wall -idirafter /usr/lib/llvm-14/lib/clang/14.0.0/include -idirafter /usr/local/include -idirafter /usr/include/x86_64-linux-gnu -idirafter /usr/include /mydata/cache_ext/eviction_evo/build/cache_ext_evolved.bpf.c -o /mydata/cache_ext/eviction_evo/build/cache_ext_evolved.bpf.o
2026-03-09 14:58:47,531 INFO CMD: /usr/local/sbin/bpftool gen skeleton /mydata/cache_ext/eviction_evo/build/cache_ext_evolved.bpf.o name cache_ext_evolved_bpf
2026-03-09 14:58:47,714 INFO CMD: clang-14 -O2 -g -Wall -I/mydata/cache_ext/eviction_evo/build -I/mydata/cache_ext/policies /mydata/cache_ext/eviction_evo/cache_ext_evolved.c -o /mydata/cache_ext/eviction_evo/build/cache_ext_evolved.out -L/usr/local/lib64 -lbpf
2026-03-09 14:58:48,655 INFO Compilation successful: /mydata/cache_ext/eviction_evo/build/cache_ext_evolved.out
2026-03-09 14:58:48,655 INFO === Step 2: Disable MGLRU ===
2026-03-09 14:58:48,656 INFO MGLRU current state: 0x0000 — disabling
2026-03-09 14:58:48,656 INFO CMD: sudo sh -c echo 0 > /sys/kernel/mm/lru_gen/enabled
2026-03-09 14:58:48,674 INFO MGLRU disabled.
2026-03-09 14:58:48,674 INFO === Step 3: Create cgroup ===
2026-03-09 14:58:48,674 INFO CMD: sudo cgdelete memory:cache_ext_test
2026-03-09 14:58:48,713 INFO CMD: sudo cgcreate -g memory:cache_ext_test
2026-03-09 14:58:48,828 INFO CMD: sudo sh -c echo 536870912 > /sys/fs/cgroup/cache_ext_test/memory.max
2026-03-09 14:58:48,843 INFO Created cgroup cache_ext_test with limit 536870912 bytes
2026-03-09 14:58:48,844 INFO === Step 4: Load BPF policy ===
2026-03-09 14:58:48,844 INFO Loading policy: sudo /mydata/cache_ext/eviction_evo/build/cache_ext_evolved.out --watch_dir /mydata/leveldb_temp --cgroup_path /sys/fs/cgroup/cache_ext_test
2026-03-09 14:58:58,855 INFO Policy loaded (PID 203804)
2026-03-09 14:58:58,855 INFO === Step 5: Start server ===
2026-03-09 14:58:58,855 INFO Starting server: sudo cgexec -g memory:cache_ext_test /mydata/cache_ext/net_leveldb_server 9100 /mydata/leveldb_temp
2026-03-09 14:58:58,856 INFO Waiting for server on port 9100 ...
2026-03-09 14:58:59,919 INFO Server ready (PID 203809) on port 9100
2026-03-09 14:58:59,920 INFO === Step 6: Run 8 trace benchmarks ===
2026-03-09 14:58:59,920 INFO --- Trace 1/8: ycsb_a ---
2026-03-09 14:58:59,935 INFO Running benchmark: /mydata/cache_ext/My-YCSB/build/run_net_leveldb /mydata/cache_ext/eviction_evo/traces/ycsb_a.yaml
2026-03-09 14:59:00,358 INFO CMD: /mydata/cache_ext/My-YCSB/build/run_net_leveldb /mydata/cache_ext/eviction_evo/traces/ycsb_a.yaml
2026-03-09 15:01:57,270 INFO Benchmark stdout:
ZipfianWorkload: start initializing zipfian variables, might take a while
Zipfian (Warm-Up) (epoch 0, progress 0.00%): UPDATE throughput 0.00 ops/sec, INSERT throughput 0.00 ops/sec, READ throughput 0.00 ops/sec, SCAN throughput 0.00 ops/sec, READ_MODIFY_WRITE throughput 0.00 ops/sec, total throughput 0.00 ops/sec
Zipfian (Warm-Up) (epoch 1, progress 0.00%): UPDATE throughput 166.98 ops/sec, INSERT throughput 0.00 ops/sec, READ throughput 142.98 ops/sec, SCAN throughput 0.00 ops/sec, READ_MODIFY_WRITE throughput 0.00 ops/sec, total throughput 309.96 ops/sec
Zipfian (Warm-Up) (epoch 2, progress 0.00%): UPDATE throughput 207.97 ops/sec, INSERT throughput 0.00 ops/sec, READ throughput 197.97 ops/sec, SCAN throughput 0.00 ops/sec, READ_MODIFY_WRITE throughput 0.00 ops/sec, total throughput 405.94 ops/sec
Zipfian (Warm-Up) (epoch 3, progress 0.00%): UPDATE throughput 229.97 ops/sec, INSERT throughput 0.00 ops/sec, READ throughput 218.97 ops/sec, SCAN throughput 0.00 ops/sec, READ_MODIFY_WRITE throughput 0.00 ops/sec, total throughput 448.93 ops/sec
Zipfian (Warm-Up) (epoch 4, progress 0.00%): UPDATE throughput 180.97 ops/sec, INSERT throughput 0.00 ops/sec, READ throughput 196.97 ops/sec, SCAN throughput 0.00 ops/sec, READ_MODIFY_WRITE throughput 0.00 ops/sec, total throughput 377.94 ops/sec
Zipfian (Warm-Up) (epoch 5, progress 0.00%): UPDATE throughput 181.97 ops/sec, INSERT throughput 0.00 ops/sec, READ throughput 195.97 ops/sec, SCAN throughput 0.00 ops/sec, READ_MODIFY_WRITE throughput 0.00 ops/sec, total throughput 377.95 ops/sec
Zipfian (Warm-Up) (epoch 6, progress 0.00%): UPDATE throughput 192.97 ops/sec, INSERT throughput 0.00 ops/sec, READ throughput 176.98 ops/sec, SCAN throughput 0.00 ops/sec, READ_MODIFY_WRITE throughput 0.00 ops/sec, total throughput 369.95 ops/sec
Zipfian (Warm-Up) (epoch 7, progress 0.00%): UPDATE throughput 186.97 ops/sec, INSERT throughput 0.00 ops/sec, READ throughput 176.98 ops/sec, SCAN throughput 0.00 ops/sec, READ_MODIFY_WRITE throu
2026-03-09 15:01:57,272 INFO Trace ycsb_a: throughput=622.53 ops/sec
2026-03-09 15:01:57,272 INFO --- Trace 2/8: ycsb_b ---
2026-03-09 15:01:57,272 INFO CMD: sudo sync
2026-03-09 15:01:58,879 INFO CMD: sudo sh -c echo 3 > /proc/sys/vm/drop_caches
2026-03-09 15:01:59,878 INFO Page cache dropped.
2026-03-09 15:02:01,899 INFO Running benchmark: /mydata/cache_ext/My-YCSB/build/run_net_leveldb /mydata/cache_ext/eviction_evo/traces/ycsb_b.yaml
2026-03-09 15:02:01,914 INFO CMD: /mydata/cache_ext/My-YCSB/build/run_net_leveldb /mydata/cache_ext/eviction_evo/traces/ycsb_b.yaml
2026-03-09 15:05:15,398 INFO Benchmark stdout:
ZipfianWorkload: start initializing zipfian variables, might take a while
Zipfian (Warm-Up) (epoch 0, progress 0.00%): UPDATE throughput 0.00 ops/sec, INSERT throughput 0.00 ops/sec, READ throughput 0.00 ops/sec, SCAN throughput 0.00 ops/sec, READ_MODIFY_WRITE throughput 0.00 ops/sec, total throughput 0.00 ops/sec
Zipfian (Warm-Up) (epoch 1, progress 0.00%): UPDATE throughput 5.00 ops/sec, INSERT throughput 0.00 ops/sec, READ throughput 122.98 ops/sec, SCAN throughput 0.00 ops/sec, READ_MODIFY_WRITE throughput 0.00 ops/sec, total throughput 127.98 ops/sec
Zipfian (Warm-Up) (epoch 2, progress 0.00%): UPDATE throughput 9.00 ops/sec, INSERT throughput 0.00 ops/sec, READ throughput 147.98 ops/sec, SCAN throughput 0.00 ops/sec, READ_MODIFY_WRITE throughput 0.00 ops/sec, total throughput 156.98 ops/sec
Zipfian (Warm-Up) (epoch 3, progress 0.00%): UPDATE throughput 7.00 ops/sec, INSERT throughput 0.00 ops/sec, READ throughput 147.98 ops/sec, SCAN throughput 0.00 ops/sec, READ_MODIFY_WRITE throughput 0.00 ops/sec, total throughput 154.98 ops/sec
Zipfian (Warm-Up) (epoch 4, progress 0.00%): UPDATE throughput 9.00 ops/sec, INSERT throughput 0.00 ops/sec, READ throughput 197.98 ops/sec, SCAN throughput 0.00 ops/sec, READ_MODIFY_WRITE throughput 0.00 ops/sec, total throughput 206.98 ops/sec
Zipfian (Warm-Up) (epoch 5, progress 0.00%): UPDATE throughput 8.00 ops/sec, INSERT throughput 0.00 ops/sec, READ throughput 226.97 ops/sec, SCAN throughput 0.00 ops/sec, READ_MODIFY_WRITE throughput 0.00 ops/sec, total throughput 234.97 ops/sec
Zipfian (Warm-Up) (epoch 6, progress 0.00%): UPDATE throughput 7.00 ops/sec, INSERT throughput 0.00 ops/sec, READ throughput 180.98 ops/sec, SCAN throughput 0.00 ops/sec, READ_MODIFY_WRITE throughput 0.00 ops/sec, total throughput 187.98 ops/sec
Zipfian (Warm-Up) (epoch 7, progress 0.00%): UPDATE throughput 18.00 ops/sec, INSERT throughput 0.00 ops/sec, READ throughput 205.97 ops/sec, SCAN throughput 0.00 ops/sec, READ_MODIFY_WRITE throughput 0.00 op
2026-03-09 15:05:15,399 INFO Trace ycsb_b: throughput=324.83 ops/sec
2026-03-09 15:05:15,399 INFO --- Trace 3/8: ycsb_c ---
2026-03-09 15:05:15,399 INFO CMD: sudo sync
2026-03-09 15:05:15,923 INFO CMD: sudo sh -c echo 3 > /proc/sys/vm/drop_caches
2026-03-09 15:05:16,514 INFO Page cache dropped.
2026-03-09 15:05:18,529 INFO Running benchmark: /mydata/cache_ext/My-YCSB/build/run_net_leveldb /mydata/cache_ext/eviction_evo/traces/ycsb_c.yaml
2026-03-09 15:05:18,551 INFO CMD: /mydata/cache_ext/My-YCSB/build/run_net_leveldb /mydata/cache_ext/eviction_evo/traces/ycsb_c.yaml
2026-03-09 15:08:15,657 INFO Benchmark stdout:
ZipfianWorkload: start initializing zipfian variables, might take a while
Zipfian (Warm-Up) (epoch 0, progress 0.00%): UPDATE throughput 0.00 ops/sec, INSERT throughput 0.00 ops/sec, READ throughput 0.00 ops/sec, SCAN throughput 0.00 ops/sec, READ_MODIFY_WRITE throughput 0.00 ops/sec, total throughput 0.00 ops/sec
Zipfian (Warm-Up) (epoch 1, progress 0.00%): UPDATE throughput 0.00 ops/sec, INSERT throughput 0.00 ops/sec, READ throughput 129.99 ops/sec, SCAN throughput 0.00 ops/sec, READ_MODIFY_WRITE throughput 0.00 ops/sec, total throughput 129.99 ops/sec
Zipfian (Warm-Up) (epoch 2, progress 0.00%): UPDATE throughput 0.00 ops/sec, INSERT throughput 0.00 ops/sec, READ throughput 138.98 ops/sec, SCAN throughput 0.00 ops/sec, READ_MODIFY_WRITE throughput 0.00 ops/sec, total throughput 138.98 ops/sec
Zipfian (Warm-Up) (epoch 3, progress 0.00%): UPDATE throughput 0.00 ops/sec, INSERT throughput 0.00 ops/sec, READ throughput 167.98 ops/sec, SCAN throughput 0.00 ops/sec, READ_MODIFY_WRITE throughput 0.00 ops/sec, total throughput 167.98 ops/sec
Zipfian (Warm-Up) (epoch 4, progress 0.00%): UPDATE throughput 0.00 ops/sec, INSERT throughput 0.00 ops/sec, READ throughput 177.98 ops/sec, SCAN throughput 0.00 ops/sec, READ_MODIFY_WRITE throughput 0.00 ops/sec, total throughput 177.98 ops/sec
Zipfian (Warm-Up) (epoch 5, progress 0.00%): UPDATE throughput 0.00 ops/sec, INSERT throughput 0.00 ops/sec, READ throughput 197.97 ops/sec, SCAN throughput 0.00 ops/sec, READ_MODIFY_WRITE throughput 0.00 ops/sec, total throughput 197.97 ops/sec
Zipfian (Warm-Up) (epoch 6, progress 0.00%): UPDATE throughput 0.00 ops/sec, INSERT throughput 0.00 ops/sec, READ throughput 196.98 ops/sec, SCAN throughput 0.00 ops/sec, READ_MODIFY_WRITE throughput 0.00 ops/sec, total throughput 196.98 ops/sec
Zipfian (Warm-Up) (epoch 7, progress 0.00%): UPDATE throughput 0.00 ops/sec, INSERT throughput 0.00 ops/sec, READ throughput 193.97 ops/sec, SCAN throughput 0.00 ops/sec, READ_MODIFY_WRITE throughput 0.00 ops
2026-03-09 15:08:15,657 INFO Trace ycsb_c: throughput=313.97 ops/sec
2026-03-09 15:08:15,657 INFO --- Trace 4/8: ycsb_d ---
2026-03-09 15:08:15,658 INFO CMD: sudo sync
2026-03-09 15:08:15,946 INFO CMD: sudo sh -c echo 3 > /proc/sys/vm/drop_caches
2026-03-09 15:08:16,618 INFO Page cache dropped.
2026-03-09 15:08:18,633 INFO Running benchmark: /mydata/cache_ext/My-YCSB/build/run_net_leveldb /mydata/cache_ext/eviction_evo/traces/ycsb_d.yaml
2026-03-09 15:08:18,655 INFO CMD: /mydata/cache_ext/My-YCSB/build/run_net_leveldb /mydata/cache_ext/eviction_evo/traces/ycsb_d.yaml
2026-03-09 15:11:16,375 INFO Benchmark stdout:
LatestWorkload: start initializing zipfian variables, might take a while
Latest (Warm-Up) (epoch 0, progress 0.00%): UPDATE throughput 0.00 ops/sec, INSERT throughput 0.00 ops/sec, READ throughput 0.00 ops/sec, SCAN throughput 0.00 ops/sec, READ_MODIFY_WRITE throughput 0.00 ops/sec, total throughput 0.00 ops/sec
Latest (Warm-Up) (epoch 1, progress 0.20%): UPDATE throughput 0.00 ops/sec, INSERT throughput 7910.37 ops/sec, READ throughput 149673.03 ops/sec, SCAN throughput 0.00 ops/sec, READ_MODIFY_WRITE throughput 0.00 ops/sec, total throughput 157583.39 ops/sec
Latest (Warm-Up) (epoch 2, progress 0.46%): UPDATE throughput 0.00 ops/sec, INSERT throughput 10688.04 ops/sec, READ throughput 199564.04 ops/sec, SCAN throughput 0.00 ops/sec, READ_MODIFY_WRITE throughput 0.00 ops/sec, total throughput 210252.08 ops/sec
Latest (Warm-Up) (epoch 3, progress 0.67%): UPDATE throughput 0.00 ops/sec, INSERT throughput 8439.27 ops/sec, READ throughput 159214.15 ops/sec, SCAN throughput 0.00 ops/sec, READ_MODIFY_WRITE throughput 0.00 ops/sec, total throughput 167653.41 ops/sec
Latest (Warm-Up) (epoch 4, progress 0.91%): UPDATE throughput 0.00 ops/sec, INSERT throughput 9767.14 ops/sec, READ throughput 184224.79 ops/sec, SCAN throughput 0.00 ops/sec, READ_MODIFY_WRITE throughput 0.00 ops/sec, total throughput 193991.93 ops/sec
Latest (Warm-Up) (epoch 5, progress 1.13%): UPDATE throughput 0.00 ops/sec, INSERT throughput 8884.12 ops/sec, READ throughput 167549.41 ops/sec, SCAN throughput 0.00 ops/sec, READ_MODIFY_WRITE throughput 0.00 ops/sec, total throughput 176433.53 ops/sec
Latest (Warm-Up) (epoch 6, progress 1.34%): UPDATE throughput 0.00 ops/sec, INSERT throughput 8391.09 ops/sec, READ throughput 159102.82 ops/sec, SCAN throughput 0.00 ops/sec, READ_MODIFY_WRITE throughput 0.00 ops/sec, total throughput 167493.91 ops/sec
Latest (Warm-Up) (epoch 7, progress 1.58%): UPDATE throughput 0.00 ops/sec, INSERT throughput 9575.14 ops/sec, READ throughput 182392.58 ops/sec, SCAN throughput
2026-03-09 15:11:16,376 INFO Trace ycsb_d: throughput=149031.81 ops/sec
2026-03-09 15:11:16,376 INFO --- Trace 5/8: ycsb_e ---
2026-03-09 15:11:16,376 INFO CMD: sudo sync
2026-03-09 15:11:16,677 INFO CMD: sudo sh -c echo 3 > /proc/sys/vm/drop_caches
2026-03-09 15:11:17,077 INFO Page cache dropped.
2026-03-09 15:11:19,092 INFO Running benchmark: /mydata/cache_ext/My-YCSB/build/run_net_leveldb /mydata/cache_ext/eviction_evo/traces/ycsb_e.yaml
2026-03-09 15:11:19,112 INFO CMD: /mydata/cache_ext/My-YCSB/build/run_net_leveldb /mydata/cache_ext/eviction_evo/traces/ycsb_e.yaml
2026-03-09 15:14:16,134 INFO Benchmark stdout:
ZipfianWorkload: start initializing zipfian variables, might take a while
Zipfian (Warm-Up) (epoch 0, progress 0.00%): UPDATE throughput 0.00 ops/sec, INSERT throughput 0.00 ops/sec, READ throughput 0.00 ops/sec, SCAN throughput 0.00 ops/sec, READ_MODIFY_WRITE throughput 0.00 ops/sec, total throughput 0.00 ops/sec
Zipfian (Warm-Up) (epoch 1, progress 0.00%): UPDATE throughput 0.00 ops/sec, INSERT throughput 2.00 ops/sec, READ throughput 0.00 ops/sec, SCAN throughput 47.99 ops/sec, READ_MODIFY_WRITE throughput 0.00 ops/sec, total throughput 49.99 ops/sec
Zipfian (Warm-Up) (epoch 2, progress 0.00%): UPDATE throughput 0.00 ops/sec, INSERT throughput 3.00 ops/sec, READ throughput 0.00 ops/sec, SCAN throughput 66.99 ops/sec, READ_MODIFY_WRITE throughput 0.00 ops/sec, total throughput 69.99 ops/sec
Zipfian (Warm-Up) (epoch 3, progress 0.00%): UPDATE throughput 0.00 ops/sec, INSERT throughput 2.00 ops/sec, READ throughput 0.00 ops/sec, SCAN throughput 65.99 ops/sec, READ_MODIFY_WRITE throughput 0.00 ops/sec, total throughput 67.99 ops/sec
Zipfian (Warm-Up) (epoch 4, progress 0.00%): UPDATE throughput 0.00 ops/sec, INSERT throughput 4.00 ops/sec, READ throughput 0.00 ops/sec, SCAN throughput 67.99 ops/sec, READ_MODIFY_WRITE throughput 0.00 ops/sec, total throughput 71.99 ops/sec
Zipfian (Warm-Up) (epoch 5, progress 0.00%): UPDATE throughput 0.00 ops/sec, INSERT throughput 5.00 ops/sec, READ throughput 0.00 ops/sec, SCAN throughput 63.99 ops/sec, READ_MODIFY_WRITE throughput 0.00 ops/sec, total throughput 68.99 ops/sec
Zipfian (Warm-Up) (epoch 6, progress 0.00%): UPDATE throughput 0.00 ops/sec, INSERT throughput 3.00 ops/sec, READ throughput 0.00 ops/sec, SCAN throughput 66.99 ops/sec, READ_MODIFY_WRITE throughput 0.00 ops/sec, total throughput 69.99 ops/sec
Zipfian (Warm-Up) (epoch 7, progress 0.00%): UPDATE throughput 0.00 ops/sec, INSERT throughput 2.00 ops/sec, READ throughput 0.00 ops/sec, SCAN throughput 74.99 ops/sec, READ_MODIFY_WRITE throughput 0.00 ops/sec, total t
2026-03-09 15:14:16,134 INFO Trace ycsb_e: throughput=118.08 ops/sec
2026-03-09 15:14:16,135 INFO --- Trace 6/8: ycsb_f ---
2026-03-09 15:14:16,135 INFO CMD: sudo sync
2026-03-09 15:14:16,334 INFO CMD: sudo sh -c echo 3 > /proc/sys/vm/drop_caches
2026-03-09 15:14:16,901 INFO Page cache dropped.
2026-03-09 15:14:18,916 INFO Running benchmark: /mydata/cache_ext/My-YCSB/build/run_net_leveldb /mydata/cache_ext/eviction_evo/traces/ycsb_f.yaml
2026-03-09 15:14:18,938 INFO CMD: /mydata/cache_ext/My-YCSB/build/run_net_leveldb /mydata/cache_ext/eviction_evo/traces/ycsb_f.yaml
2026-03-09 15:17:15,906 INFO Benchmark stdout:
ZipfianWorkload: start initializing zipfian variables, might take a while
Zipfian (Warm-Up) (epoch 0, progress 0.00%): UPDATE throughput 0.00 ops/sec, INSERT throughput 0.00 ops/sec, READ throughput 0.00 ops/sec, SCAN throughput 0.00 ops/sec, READ_MODIFY_WRITE throughput 0.00 ops/sec, total throughput 0.00 ops/sec
Zipfian (Warm-Up) (epoch 1, progress 0.00%): UPDATE throughput 0.00 ops/sec, INSERT throughput 0.00 ops/sec, READ throughput 123.98 ops/sec, SCAN throughput 0.00 ops/sec, READ_MODIFY_WRITE throughput 147.98 ops/sec, total throughput 271.97 ops/sec
Zipfian (Warm-Up) (epoch 2, progress 0.00%): UPDATE throughput 0.00 ops/sec, INSERT throughput 0.00 ops/sec, READ throughput 118.98 ops/sec, SCAN throughput 0.00 ops/sec, READ_MODIFY_WRITE throughput 133.98 ops/sec, total throughput 252.97 ops/sec
Zipfian (Warm-Up) (epoch 3, progress 0.00%): UPDATE throughput 0.00 ops/sec, INSERT throughput 0.00 ops/sec, READ throughput 138.98 ops/sec, SCAN throughput 0.00 ops/sec, READ_MODIFY_WRITE throughput 128.98 ops/sec, total throughput 267.96 ops/sec
Zipfian (Warm-Up) (epoch 4, progress 0.00%): UPDATE throughput 0.00 ops/sec, INSERT throughput 0.00 ops/sec, READ throughput 155.98 ops/sec, SCAN throughput 0.00 ops/sec, READ_MODIFY_WRITE throughput 149.98 ops/sec, total throughput 305.96 ops/sec
Zipfian (Warm-Up) (epoch 5, progress 0.00%): UPDATE throughput 0.00 ops/sec, INSERT throughput 0.00 ops/sec, READ throughput 166.98 ops/sec, SCAN throughput 0.00 ops/sec, READ_MODIFY_WRITE throughput 169.98 ops/sec, total throughput 336.96 ops/sec
Zipfian (Warm-Up) (epoch 6, progress 0.00%): UPDATE throughput 0.00 ops/sec, INSERT throughput 0.00 ops/sec, READ throughput 159.98 ops/sec, SCAN throughput 0.00 ops/sec, READ_MODIFY_WRITE throughput 151.98 ops/sec, total throughput 311.96 ops/sec
Zipfian (Warm-Up) (epoch 7, progress 0.00%): UPDATE throughput 0.00 ops/sec, INSERT throughput 0.00 ops/sec, READ throughput 200.97 ops/sec, SCAN throughput 0.00 ops/sec, READ_MODIFY_WRITE through
2026-03-09 15:17:15,907 INFO Trace ycsb_f: throughput=507.91 ops/sec
2026-03-09 15:17:15,907 INFO --- Trace 7/8: uniform ---
2026-03-09 15:17:15,907 INFO CMD: sudo sync
2026-03-09 15:17:16,221 INFO CMD: sudo sh -c echo 3 > /proc/sys/vm/drop_caches
2026-03-09 15:17:17,194 INFO Page cache dropped.
2026-03-09 15:17:19,226 INFO Running benchmark: /mydata/cache_ext/My-YCSB/build/run_net_leveldb /mydata/cache_ext/eviction_evo/traces/uniform.yaml
2026-03-09 15:17:19,251 INFO CMD: /mydata/cache_ext/My-YCSB/build/run_net_leveldb /mydata/cache_ext/eviction_evo/traces/uniform.yaml
2026-03-09 15:19:51,532 INFO Benchmark stdout:
Uniform (Warm-Up) (epoch 0, progress 0.00%): UPDATE throughput 0.00 ops/sec, INSERT throughput 0.00 ops/sec, READ throughput 0.00 ops/sec, SCAN throughput 0.00 ops/sec, READ_MODIFY_WRITE throughput 0.00 ops/sec, total throughput 0.00 ops/sec
Uniform (Warm-Up) (epoch 1, progress 0.00%): UPDATE throughput 0.00 ops/sec, INSERT throughput 0.00 ops/sec, READ throughput 52.99 ops/sec, SCAN throughput 0.00 ops/sec, READ_MODIFY_WRITE throughput 0.00 ops/sec, total throughput 52.99 ops/sec
Uniform (Warm-Up) (epoch 2, progress 0.00%): UPDATE throughput 0.00 ops/sec, INSERT throughput 0.00 ops/sec, READ throughput 61.99 ops/sec, SCAN throughput 0.00 ops/sec, READ_MODIFY_WRITE throughput 0.00 ops/sec, total throughput 61.99 ops/sec
Uniform (Warm-Up) (epoch 3, progress 0.00%): UPDATE throughput 0.00 ops/sec, INSERT throughput 0.00 ops/sec, READ throughput 64.99 ops/sec, SCAN throughput 0.00 ops/sec, READ_MODIFY_WRITE throughput 0.00 ops/sec, total throughput 64.99 ops/sec
Uniform (Warm-Up) (epoch 4, progress 0.00%): UPDATE throughput 0.00 ops/sec, INSERT throughput 0.00 ops/sec, READ throughput 73.99 ops/sec, SCAN throughput 0.00 ops/sec, READ_MODIFY_WRITE throughput 0.00 ops/sec, total throughput 73.99 ops/sec
Uniform (Warm-Up) (epoch 5, progress 0.00%): UPDATE throughput 0.00 ops/sec, INSERT throughput 0.00 ops/sec, READ throughput 71.99 ops/sec, SCAN throughput 0.00 ops/sec, READ_MODIFY_WRITE throughput 0.00 ops/sec, total throughput 71.99 ops/sec
Uniform (Warm-Up) (epoch 6, progress 0.00%): UPDATE throughput 0.00 ops/sec, INSERT throughput 0.00 ops/sec, READ throughput 80.99 ops/sec, SCAN throughput 0.00 ops/sec, READ_MODIFY_WRITE throughput 0.00 ops/sec, total throughput 80.99 ops/sec
Uniform (Warm-Up) (epoch 7, progress 0.00%): UPDATE throughput 0.00 ops/sec, INSERT throughput 0.00 ops/sec, READ throughput 79.99 ops/sec, SCAN throughput 0.00 ops/sec, READ_MODIFY_WRITE throughput 0.00 ops/sec, total throughput 79.99 ops/sec
Uniform (Warm-Up) (epoch 8, progress 0.00%): UPDAT
2026-03-09 15:19:51,532 INFO Trace uniform: throughput=131.02 ops/sec
2026-03-09 15:19:51,533 INFO --- Trace 8/8: uniform_rw ---
2026-03-09 15:19:51,533 INFO CMD: sudo sync
2026-03-09 15:19:52,506 INFO CMD: sudo sh -c echo 3 > /proc/sys/vm/drop_caches
2026-03-09 15:19:53,819 INFO Page cache dropped.
2026-03-09 15:19:55,829 INFO Running benchmark: /mydata/cache_ext/My-YCSB/build/run_net_leveldb /mydata/cache_ext/eviction_evo/traces/uniform_read_write.yaml
2026-03-09 15:19:55,883 INFO CMD: /mydata/cache_ext/My-YCSB/build/run_net_leveldb /mydata/cache_ext/eviction_evo/traces/uniform_read_write.yaml
2026-03-09 15:22:28,142 INFO Benchmark stdout:
Uniform (Warm-Up) (epoch 0, progress 0.00%): UPDATE throughput 0.00 ops/sec, INSERT throughput 0.00 ops/sec, READ throughput 0.00 ops/sec, SCAN throughput 0.00 ops/sec, READ_MODIFY_WRITE throughput 0.00 ops/sec, total throughput 0.00 ops/sec
Uniform (Warm-Up) (epoch 1, progress 0.00%): UPDATE throughput 0.00 ops/sec, INSERT throughput 59.98 ops/sec, READ throughput 60.98 ops/sec, SCAN throughput 0.00 ops/sec, READ_MODIFY_WRITE throughput 0.00 ops/sec, total throughput 120.97 ops/sec
Uniform (Warm-Up) (epoch 2, progress 0.00%): UPDATE throughput 0.00 ops/sec, INSERT throughput 51.99 ops/sec, READ throughput 66.99 ops/sec, SCAN throughput 0.00 ops/sec, READ_MODIFY_WRITE throughput 0.00 ops/sec, total throughput 118.99 ops/sec
Uniform (Warm-Up) (epoch 3, progress 0.00%): UPDATE throughput 0.00 ops/sec, INSERT throughput 69.99 ops/sec, READ throughput 76.99 ops/sec, SCAN throughput 0.00 ops/sec, READ_MODIFY_WRITE throughput 0.00 ops/sec, total throughput 146.98 ops/sec
Uniform (Warm-Up) (epoch 4, progress 0.00%): UPDATE throughput 0.00 ops/sec, INSERT throughput 88.99 ops/sec, READ throughput 75.99 ops/sec, SCAN throughput 0.00 ops/sec, READ_MODIFY_WRITE throughput 0.00 ops/sec, total throughput 164.98 ops/sec
Uniform (Warm-Up) (epoch 5, progress 0.00%): UPDATE throughput 0.00 ops/sec, INSERT throughput 77.99 ops/sec, READ throughput 82.99 ops/sec, SCAN throughput 0.00 ops/sec, READ_MODIFY_WRITE throughput 0.00 ops/sec, total throughput 160.98 ops/sec
Uniform (Warm-Up) (epoch 6, progress 0.00%): UPDATE throughput 0.00 ops/sec, INSERT throughput 68.99 ops/sec, READ throughput 77.99 ops/sec, SCAN throughput 0.00 ops/sec, READ_MODIFY_WRITE throughput 0.00 ops/sec, total throughput 146.98 ops/sec
Uniform (Warm-Up) (epoch 7, progress 0.00%): UPDATE throughput 0.00 ops/sec, INSERT throughput 71.99 ops/sec, READ throughput 75.99 ops/sec, SCAN throughput 0.00 ops/sec, READ_MODIFY_WRITE throughput 0.00 ops/sec, total throughput 147.98 ops/sec
Uniform (Warm-Up) (epoch 8, progress
2026-03-09 15:22:28,143 INFO Trace uniform_rw: throughput=261.77 ops/sec
2026-03-09 15:22:28,150 INFO === Evaluation complete ===
2026-03-09 15:22:28,150 INFO Combined score (harmonic mean): 268.76  (8/8 traces passed)
2026-03-09 15:22:28,150 INFO   ycsb_a: 622.53 ops/sec
2026-03-09 15:22:28,150 INFO   ycsb_b: 324.83 ops/sec
2026-03-09 15:22:28,150 INFO   ycsb_c: 313.97 ops/sec
2026-03-09 15:22:28,150 INFO   ycsb_d: 149031.81 ops/sec
2026-03-09 15:22:28,150 INFO   ycsb_e: 118.08 ops/sec
2026-03-09 15:22:28,150 INFO   ycsb_f: 507.91 ops/sec
2026-03-09 15:22:28,150 INFO   uniform: 131.02 ops/sec
2026-03-09 15:22:28,150 INFO   uniform_rw: 261.77 ops/sec
2026-03-09 15:22:28,150 INFO Stopping net_leveldb_server (PID 203809)
2026-03-09 15:22:28,150 INFO CMD: sudo kill 203809
2026-03-09 15:22:28,491 INFO Unloading BPF policy (PID 203804)
2026-03-09 15:22:28,492 INFO CMD: sudo kill -2 203804
2026-03-09 15:22:28,725 INFO CMD: sudo rm -f /sys/fs/bpf/cache_ext/scan_pids
2026-03-09 15:22:28,759 INFO CMD: sudo cgdelete memory:cache_ext_test
2026-03-09 15:22:28,800 INFO CMD: sudo sh -c echo 0x0000 > /sys/kernel/mm/lru_gen/enabled
2026-03-09 15:22:28,820 INFO MGLRU re-enabled (restored to 0x0000).
