2026-03-26 09:51:25,935 INFO Waiting for evaluation lock /tmp/cache_ext_evaluate_0.lock ...
2026-03-26 09:51:25,935 INFO Acquired evaluation lock.
2026-03-26 09:51:25,981 INFO === Step 0: Drop page cache ===
2026-03-26 09:51:26,139 INFO Database already exists at /mydata/leveldb_temp (CURRENT file found), skipping copy
2026-03-26 09:51:26,139 INFO CMD: sudo sync
2026-03-26 09:51:26,372 INFO CMD: sudo sh -c echo 3 > /proc/sys/vm/drop_caches
2026-03-26 09:51:26,640 INFO Page cache dropped.
2026-03-26 09:51:26,640 INFO === Step 1: Compile evolved policy ===
2026-03-26 09:51:26,649 INFO CMD: sudo chown -R root: /mydata/cache_ext/eviction_evo/build
2026-03-26 09:51:27,087 INFO CMD: clang-14 -O2 -target bpf -D__TARGET_ARCH_x86 -c -g -Wall -idirafter /usr/lib/llvm-14/lib/clang/14.0.0/include -idirafter /usr/local/include -idirafter /usr/include/x86_64-linux-gnu -idirafter /usr/include /mydata/cache_ext/eviction_evo/build/cache_ext_evolved.bpf.c -o /mydata/cache_ext/eviction_evo/build/cache_ext_evolved.bpf.o
2026-03-26 09:51:30,103 INFO CMD: /usr/local/sbin/bpftool gen skeleton /mydata/cache_ext/eviction_evo/build/cache_ext_evolved.bpf.o name cache_ext_evolved_bpf
2026-03-26 09:51:30,283 INFO CMD: clang-14 -O2 -g -Wall -I/mydata/cache_ext/eviction_evo/build -I/mydata/cache_ext/policies /mydata/cache_ext/eviction_evo/cache_ext_evolved.c -o /mydata/cache_ext/eviction_evo/build/cache_ext_evolved.out -L/usr/local/lib64 -lbpf
2026-03-26 09:51:31,170 INFO Compilation successful: /mydata/cache_ext/eviction_evo/build/cache_ext_evolved.out
2026-03-26 09:51:31,171 INFO === Step 2: Disable MGLRU ===
2026-03-26 09:51:31,172 INFO MGLRU watchdog started (PID 487291, will restore in 7800 s)
2026-03-26 09:51:31,172 INFO MGLRU current state: 0x0007 - disabling
2026-03-26 09:51:31,172 INFO CMD: sudo sh -c echo 0 > /sys/kernel/mm/lru_gen/enabled
2026-03-26 09:51:31,250 INFO MGLRU disabled.
2026-03-26 09:51:31,250 INFO === Step 3: Create cgroup ===
2026-03-26 09:51:31,314 INFO CMD: sudo cgcreate -g memory:cache_ext_test
2026-03-26 09:51:31,412 INFO CMD: sudo sh -c echo 536870912 > /sys/fs/cgroup/cache_ext_test/memory.max
2026-03-26 09:51:31,425 INFO Created cgroup cache_ext_test with limit 536870912 bytes
2026-03-26 09:51:31,425 INFO === Step 4: Load BPF policy ===
2026-03-26 09:51:31,425 INFO Loading policy: sudo /mydata/cache_ext/eviction_evo/build/cache_ext_evolved.out --watch_dir /mydata/leveldb_temp --cgroup_path /sys/fs/cgroup/cache_ext_test
2026-03-26 09:51:41,436 INFO Policy loaded (PID 487318)
2026-03-26 09:51:41,436 INFO === Step 5: Start server ===
2026-03-26 09:51:41,437 INFO Starting server: sudo cgexec -g memory:cache_ext_test /mydata/cache_ext/net_leveldb_server 9100 /mydata/leveldb_temp
2026-03-26 09:51:41,438 INFO Waiting for server on port 9100 ...
2026-03-26 09:51:42,483 INFO Server ready (PID 487334) on port 9100
2026-03-26 09:51:42,483 INFO === Step 6: Run 7 traces x 3 runs = 21 total benchmarks ===
2026-03-26 09:51:42,541 INFO --- Trace 1/7 (ycsb_c_a) run 1/3  [1/21 overall] ---
2026-03-26 09:51:42,541 INFO CMD: sudo sync
2026-03-26 09:51:42,783 INFO CMD: sudo sh -c echo 3 > /proc/sys/vm/drop_caches
2026-03-26 09:51:43,103 INFO Page cache dropped.
2026-03-26 09:51:45,773 INFO Starting remote client client_ycsb_c on krisub@node1: ssh -o StrictHostKeyChecking=no -o BatchMode=yes -i /users/krisub/.ssh/id_ed25519 krisub@node1 sh -lc 'exec /mydata/cache_ext/My-YCSB/build/run_net_leveldb /tmp/dual_client_ycsb_c__4m_qi1r.yaml'
2026-03-26 09:51:46,049 INFO Starting remote client client_ycsb_a on krisub@node1: ssh -o StrictHostKeyChecking=no -o BatchMode=yes -i /users/krisub/.ssh/id_ed25519 krisub@node1 sh -lc 'exec /mydata/cache_ext/My-YCSB/build/run_net_leveldb /tmp/dual_client_ycsb_a_ld93bmej.yaml'
2026-03-26 09:53:24,026 INFO Client client_ycsb_c: throughput=823.40
2026-03-26 09:53:24,392 INFO Client client_ycsb_a: throughput=1637.19
2026-03-26 09:53:24,392 INFO Dual-client combined throughput: 2460.59 ops/sec
2026-03-26 09:53:24,850 INFO Trace ycsb_c_a run 1: throughput=2460.59 ops/sec
2026-03-26 09:53:24,850 INFO --- Trace 1/7 (ycsb_c_a) run 2/3  [2/21 overall] ---
2026-03-26 09:53:24,850 INFO CMD: sudo sync
2026-03-26 09:53:25,196 INFO CMD: sudo sh -c echo 3 > /proc/sys/vm/drop_caches
2026-03-26 09:53:25,586 INFO Page cache dropped.
2026-03-26 09:53:28,238 INFO Starting remote client client_ycsb_c on krisub@node1: ssh -o StrictHostKeyChecking=no -o BatchMode=yes -i /users/krisub/.ssh/id_ed25519 krisub@node1 sh -lc 'exec /mydata/cache_ext/My-YCSB/build/run_net_leveldb /tmp/dual_client_ycsb_c_tn6r34r9.yaml'
2026-03-26 09:53:28,509 INFO Starting remote client client_ycsb_a on krisub@node1: ssh -o StrictHostKeyChecking=no -o BatchMode=yes -i /users/krisub/.ssh/id_ed25519 krisub@node1 sh -lc 'exec /mydata/cache_ext/My-YCSB/build/run_net_leveldb /tmp/dual_client_ycsb_a_f50ni2jd.yaml'
2026-03-26 09:55:06,587 INFO Client client_ycsb_c: throughput=891.58
2026-03-26 09:55:06,752 INFO Client client_ycsb_a: throughput=1751.20
2026-03-26 09:55:06,753 INFO Dual-client combined throughput: 2642.78 ops/sec
2026-03-26 09:55:07,221 INFO Trace ycsb_c_a run 2: throughput=2642.78 ops/sec
2026-03-26 09:55:07,221 INFO --- Trace 1/7 (ycsb_c_a) run 3/3  [3/21 overall] ---
2026-03-26 09:55:07,221 INFO CMD: sudo sync
2026-03-26 09:55:07,608 INFO CMD: sudo sh -c echo 3 > /proc/sys/vm/drop_caches
2026-03-26 09:55:07,978 INFO Page cache dropped.
2026-03-26 09:55:10,689 INFO Starting remote client client_ycsb_c on krisub@node1: ssh -o StrictHostKeyChecking=no -o BatchMode=yes -i /users/krisub/.ssh/id_ed25519 krisub@node1 sh -lc 'exec /mydata/cache_ext/My-YCSB/build/run_net_leveldb /tmp/dual_client_ycsb_c_kqx68m8r.yaml'
2026-03-26 09:55:10,925 INFO Starting remote client client_ycsb_a on krisub@node1: ssh -o StrictHostKeyChecking=no -o BatchMode=yes -i /users/krisub/.ssh/id_ed25519 krisub@node1 sh -lc 'exec /mydata/cache_ext/My-YCSB/build/run_net_leveldb /tmp/dual_client_ycsb_a___cfaz37.yaml'
2026-03-26 09:56:49,051 INFO Client client_ycsb_c: throughput=922.78
2026-03-26 09:56:49,217 INFO Client client_ycsb_a: throughput=1813.67
2026-03-26 09:56:49,217 INFO Dual-client combined throughput: 2736.45 ops/sec
2026-03-26 09:56:49,686 INFO Trace ycsb_c_a run 3: throughput=2736.45 ops/sec
2026-03-26 09:56:49,686 INFO Trace ycsb_c_a summary: mean=2613.27 std=140.28 min=2460.59 max=2736.45 (CV=5.4%)
2026-03-26 09:56:49,721 INFO --- Trace 2/7 (ycsb_c_e) run 1/3  [4/21 overall] ---
2026-03-26 09:56:49,721 INFO CMD: sudo sync
2026-03-26 09:56:50,165 INFO CMD: sudo sh -c echo 3 > /proc/sys/vm/drop_caches
2026-03-26 09:56:50,764 INFO Page cache dropped.
2026-03-26 09:56:53,421 INFO Starting remote client client_ycsb_c on krisub@node1: ssh -o StrictHostKeyChecking=no -o BatchMode=yes -i /users/krisub/.ssh/id_ed25519 krisub@node1 sh -lc 'exec /mydata/cache_ext/My-YCSB/build/run_net_leveldb /tmp/dual_client_ycsb_c_9k3mdv0w.yaml'
2026-03-26 09:56:53,680 INFO Starting remote client client_ycsb_e on krisub@node1: ssh -o StrictHostKeyChecking=no -o BatchMode=yes -i /users/krisub/.ssh/id_ed25519 krisub@node1 sh -lc 'exec /mydata/cache_ext/My-YCSB/build/run_net_leveldb /tmp/dual_client_ycsb_e_e0wwp5qt.yaml'
2026-03-26 09:58:31,691 INFO Client client_ycsb_c: throughput=976.92
2026-03-26 09:58:32,859 INFO Client client_ycsb_e: throughput=76642.74
2026-03-26 09:58:32,860 INFO Dual-client combined throughput: 77619.66 ops/sec
2026-03-26 09:58:33,329 INFO Trace ycsb_c_e run 1: throughput=77619.66 ops/sec
2026-03-26 09:58:33,330 INFO --- Trace 2/7 (ycsb_c_e) run 2/3  [5/21 overall] ---
2026-03-26 09:58:33,330 INFO CMD: sudo sync
2026-03-26 09:58:33,625 INFO CMD: sudo sh -c echo 3 > /proc/sys/vm/drop_caches
2026-03-26 09:58:33,996 INFO Page cache dropped.
2026-03-26 09:58:36,681 INFO Starting remote client client_ycsb_c on krisub@node1: ssh -o StrictHostKeyChecking=no -o BatchMode=yes -i /users/krisub/.ssh/id_ed25519 krisub@node1 sh -lc 'exec /mydata/cache_ext/My-YCSB/build/run_net_leveldb /tmp/dual_client_ycsb_c_ysq6uuze.yaml'
2026-03-26 09:58:36,953 INFO Starting remote client client_ycsb_e on krisub@node1: ssh -o StrictHostKeyChecking=no -o BatchMode=yes -i /users/krisub/.ssh/id_ed25519 krisub@node1 sh -lc 'exec /mydata/cache_ext/My-YCSB/build/run_net_leveldb /tmp/dual_client_ycsb_e_rcvpx3ev.yaml'
2026-03-26 10:00:14,966 INFO Client client_ycsb_c: throughput=1135.91
2026-03-26 10:00:16,335 INFO Client client_ycsb_e: throughput=78141.09
2026-03-26 10:00:16,336 INFO Dual-client combined throughput: 79277.00 ops/sec
2026-03-26 10:00:16,790 INFO Trace ycsb_c_e run 2: throughput=79277.00 ops/sec
2026-03-26 10:00:16,790 INFO --- Trace 2/7 (ycsb_c_e) run 3/3  [6/21 overall] ---
2026-03-26 10:00:16,790 INFO CMD: sudo sync
2026-03-26 10:00:17,150 INFO CMD: sudo sh -c echo 3 > /proc/sys/vm/drop_caches
2026-03-26 10:00:17,651 INFO Page cache dropped.
2026-03-26 10:00:20,425 INFO Starting remote client client_ycsb_c on krisub@node1: ssh -o StrictHostKeyChecking=no -o BatchMode=yes -i /users/krisub/.ssh/id_ed25519 krisub@node1 sh -lc 'exec /mydata/cache_ext/My-YCSB/build/run_net_leveldb /tmp/dual_client_ycsb_c_r07g83_2.yaml'
2026-03-26 10:00:20,689 INFO Starting remote client client_ycsb_e on krisub@node1: ssh -o StrictHostKeyChecking=no -o BatchMode=yes -i /users/krisub/.ssh/id_ed25519 krisub@node1 sh -lc 'exec /mydata/cache_ext/My-YCSB/build/run_net_leveldb /tmp/dual_client_ycsb_e_rbzsdxxf.yaml'
2026-03-26 10:01:58,718 INFO Client client_ycsb_c: throughput=1065.80
2026-03-26 10:01:59,886 INFO Client client_ycsb_e: throughput=77162.85
2026-03-26 10:01:59,887 INFO Dual-client combined throughput: 78228.65 ops/sec
2026-03-26 10:02:00,353 INFO Trace ycsb_c_e run 3: throughput=78228.65 ops/sec
2026-03-26 10:02:00,354 INFO Trace ycsb_c_e summary: mean=78375.10 std=838.32 min=77619.66 max=79277.00 (CV=1.1%)
2026-03-26 10:02:00,369 INFO --- Trace 3/7 (ycsb_c_f) run 1/3  [7/21 overall] ---
2026-03-26 10:02:00,370 INFO CMD: sudo sync
2026-03-26 10:02:00,997 INFO CMD: sudo sh -c echo 3 > /proc/sys/vm/drop_caches
2026-03-26 10:02:01,357 INFO Page cache dropped.
2026-03-26 10:02:04,118 INFO Starting remote client client_ycsb_c on krisub@node1: ssh -o StrictHostKeyChecking=no -o BatchMode=yes -i /users/krisub/.ssh/id_ed25519 krisub@node1 sh -lc 'exec /mydata/cache_ext/My-YCSB/build/run_net_leveldb /tmp/dual_client_ycsb_c_nkxcfa7e.yaml'
2026-03-26 10:02:04,389 INFO Starting remote client client_ycsb_f on krisub@node1: ssh -o StrictHostKeyChecking=no -o BatchMode=yes -i /users/krisub/.ssh/id_ed25519 krisub@node1 sh -lc 'exec /mydata/cache_ext/My-YCSB/build/run_net_leveldb /tmp/dual_client_ycsb_f_9zvxnkan.yaml'
2026-03-26 10:03:42,379 INFO Client client_ycsb_c: throughput=1075.18
2026-03-26 10:03:42,795 INFO Client client_ycsb_f: throughput=162.39
2026-03-26 10:03:42,796 INFO Dual-client combined throughput: 1237.57 ops/sec
2026-03-26 10:03:43,246 INFO Trace ycsb_c_f run 1: throughput=1237.57 ops/sec
2026-03-26 10:03:43,246 INFO --- Trace 3/7 (ycsb_c_f) run 2/3  [8/21 overall] ---
2026-03-26 10:03:43,246 INFO CMD: sudo sync
2026-03-26 10:03:43,597 INFO CMD: sudo sh -c echo 3 > /proc/sys/vm/drop_caches
2026-03-26 10:03:44,000 INFO Page cache dropped.
2026-03-26 10:03:46,698 INFO Starting remote client client_ycsb_c on krisub@node1: ssh -o StrictHostKeyChecking=no -o BatchMode=yes -i /users/krisub/.ssh/id_ed25519 krisub@node1 sh -lc 'exec /mydata/cache_ext/My-YCSB/build/run_net_leveldb /tmp/dual_client_ycsb_c_n41cyd_3.yaml'
2026-03-26 10:03:46,957 INFO Starting remote client client_ycsb_f on krisub@node1: ssh -o StrictHostKeyChecking=no -o BatchMode=yes -i /users/krisub/.ssh/id_ed25519 krisub@node1 sh -lc 'exec /mydata/cache_ext/My-YCSB/build/run_net_leveldb /tmp/dual_client_ycsb_f_t7vtz2nz.yaml'
2026-03-26 10:05:25,000 INFO Client client_ycsb_c: throughput=1077.01
2026-03-26 10:05:25,215 INFO Client client_ycsb_f: throughput=167.69
2026-03-26 10:05:25,215 INFO Dual-client combined throughput: 1244.70 ops/sec
2026-03-26 10:05:25,693 INFO Trace ycsb_c_f run 2: throughput=1244.70 ops/sec
2026-03-26 10:05:25,694 INFO --- Trace 3/7 (ycsb_c_f) run 3/3  [9/21 overall] ---
2026-03-26 10:05:25,694 INFO CMD: sudo sync
2026-03-26 10:05:25,889 INFO CMD: sudo sh -c echo 3 > /proc/sys/vm/drop_caches
2026-03-26 10:05:26,398 INFO Page cache dropped.
2026-03-26 10:05:29,214 INFO Starting remote client client_ycsb_c on krisub@node1: ssh -o StrictHostKeyChecking=no -o BatchMode=yes -i /users/krisub/.ssh/id_ed25519 krisub@node1 sh -lc 'exec /mydata/cache_ext/My-YCSB/build/run_net_leveldb /tmp/dual_client_ycsb_c_1uv275e0.yaml'
2026-03-26 10:05:29,468 INFO Starting remote client client_ycsb_f on krisub@node1: ssh -o StrictHostKeyChecking=no -o BatchMode=yes -i /users/krisub/.ssh/id_ed25519 krisub@node1 sh -lc 'exec /mydata/cache_ext/My-YCSB/build/run_net_leveldb /tmp/dual_client_ycsb_f_4sjvi9ox.yaml'
2026-03-26 10:07:07,516 INFO Client client_ycsb_c: throughput=1088.30
2026-03-26 10:07:07,932 INFO Client client_ycsb_f: throughput=168.61
2026-03-26 10:07:07,932 INFO Dual-client combined throughput: 1256.91 ops/sec
2026-03-26 10:07:08,401 INFO Trace ycsb_c_f run 3: throughput=1256.91 ops/sec
2026-03-26 10:07:08,402 INFO Trace ycsb_c_f summary: mean=1246.39 std=9.78 min=1237.57 max=1256.91 (CV=0.8%)
2026-03-26 10:07:08,426 INFO --- Trace 4/7 (ycsb_b_a) run 1/3  [10/21 overall] ---
2026-03-26 10:07:08,426 INFO CMD: sudo sync
2026-03-26 10:07:08,620 INFO CMD: sudo sh -c echo 3 > /proc/sys/vm/drop_caches
2026-03-26 10:07:08,875 INFO Page cache dropped.
2026-03-26 10:07:11,605 INFO Starting remote client client_ycsb_b on krisub@node1: ssh -o StrictHostKeyChecking=no -o BatchMode=yes -i /users/krisub/.ssh/id_ed25519 krisub@node1 sh -lc 'exec /mydata/cache_ext/My-YCSB/build/run_net_leveldb /tmp/dual_client_ycsb_b_figarnfu.yaml'
2026-03-26 10:07:11,845 INFO Starting remote client client_ycsb_a on krisub@node1: ssh -o StrictHostKeyChecking=no -o BatchMode=yes -i /users/krisub/.ssh/id_ed25519 krisub@node1 sh -lc 'exec /mydata/cache_ext/My-YCSB/build/run_net_leveldb /tmp/dual_client_ycsb_a_ufhil2us.yaml'
2026-03-26 10:08:49,940 INFO Client client_ycsb_b: throughput=1123.11
2026-03-26 10:08:50,256 INFO Client client_ycsb_a: throughput=2154.25
2026-03-26 10:08:50,256 INFO Dual-client combined throughput: 3277.36 ops/sec
2026-03-26 10:08:50,730 INFO Trace ycsb_b_a run 1: throughput=3277.36 ops/sec
2026-03-26 10:08:50,730 INFO --- Trace 4/7 (ycsb_b_a) run 2/3  [11/21 overall] ---
2026-03-26 10:08:50,730 INFO CMD: sudo sync
2026-03-26 10:08:50,932 INFO CMD: sudo sh -c echo 3 > /proc/sys/vm/drop_caches
2026-03-26 10:08:51,210 INFO Page cache dropped.
2026-03-26 10:08:53,989 INFO Starting remote client client_ycsb_b on krisub@node1: ssh -o StrictHostKeyChecking=no -o BatchMode=yes -i /users/krisub/.ssh/id_ed25519 krisub@node1 sh -lc 'exec /mydata/cache_ext/My-YCSB/build/run_net_leveldb /tmp/dual_client_ycsb_b_nnth6aju.yaml'
2026-03-26 10:08:54,232 INFO Starting remote client client_ycsb_a on krisub@node1: ssh -o StrictHostKeyChecking=no -o BatchMode=yes -i /users/krisub/.ssh/id_ed25519 krisub@node1 sh -lc 'exec /mydata/cache_ext/My-YCSB/build/run_net_leveldb /tmp/dual_client_ycsb_a_oxsk57hh.yaml'
2026-03-26 10:10:32,372 INFO Client client_ycsb_b: throughput=11254.62
2026-03-26 10:10:32,537 INFO Client client_ycsb_a: throughput=14993.53
2026-03-26 10:10:32,537 INFO Dual-client combined throughput: 26248.15 ops/sec
2026-03-26 10:10:33,006 INFO Trace ycsb_b_a run 2: throughput=26248.15 ops/sec
2026-03-26 10:10:33,006 INFO --- Trace 4/7 (ycsb_b_a) run 3/3  [12/21 overall] ---
2026-03-26 10:10:33,006 INFO CMD: sudo sync
2026-03-26 10:10:33,191 INFO CMD: sudo sh -c echo 3 > /proc/sys/vm/drop_caches
2026-03-26 10:10:33,436 INFO Page cache dropped.
2026-03-26 10:10:36,159 INFO Starting remote client client_ycsb_b on krisub@node1: ssh -o StrictHostKeyChecking=no -o BatchMode=yes -i /users/krisub/.ssh/id_ed25519 krisub@node1 sh -lc 'exec /mydata/cache_ext/My-YCSB/build/run_net_leveldb /tmp/dual_client_ycsb_b_uidjo0jn.yaml'
2026-03-26 10:10:36,430 INFO Starting remote client client_ycsb_a on krisub@node1: ssh -o StrictHostKeyChecking=no -o BatchMode=yes -i /users/krisub/.ssh/id_ed25519 krisub@node1 sh -lc 'exec /mydata/cache_ext/My-YCSB/build/run_net_leveldb /tmp/dual_client_ycsb_a_7ribahoq.yaml'
2026-03-26 10:12:14,374 INFO Client client_ycsb_b: throughput=981.69
2026-03-26 10:12:14,790 INFO Client client_ycsb_a: throughput=1910.94
2026-03-26 10:12:14,790 INFO Dual-client combined throughput: 2892.63 ops/sec
2026-03-26 10:12:15,257 INFO Trace ycsb_b_a run 3: throughput=2892.63 ops/sec
2026-03-26 10:12:15,258 INFO Trace ycsb_b_a summary: mean=10806.05 std=13374.64 min=2892.63 max=26248.15 (CV=123.8%)
2026-03-26 10:12:15,286 INFO --- Trace 5/7 (ycsb_a_d) run 1/3  [13/21 overall] ---
2026-03-26 10:12:15,286 INFO CMD: sudo sync
2026-03-26 10:12:15,466 INFO CMD: sudo sh -c echo 3 > /proc/sys/vm/drop_caches
2026-03-26 10:12:15,702 INFO Page cache dropped.
2026-03-26 10:12:18,381 INFO Starting remote client client_ycsb_a on krisub@node1: ssh -o StrictHostKeyChecking=no -o BatchMode=yes -i /users/krisub/.ssh/id_ed25519 krisub@node1 sh -lc 'exec /mydata/cache_ext/My-YCSB/build/run_net_leveldb /tmp/dual_client_ycsb_a_m2mzj_qf.yaml'
2026-03-26 10:12:18,628 INFO Starting remote client client_ycsb_d on krisub@node1: ssh -o StrictHostKeyChecking=no -o BatchMode=yes -i /users/krisub/.ssh/id_ed25519 krisub@node1 sh -lc 'exec /mydata/cache_ext/My-YCSB/build/run_net_leveldb /tmp/dual_client_ycsb_d_3ty3g1gx.yaml'
2026-03-26 10:14:09,807 INFO Client client_ycsb_a: throughput=2638.65
2026-03-26 10:14:09,808 INFO Client client_ycsb_d: throughput=1632.50
2026-03-26 10:14:09,809 INFO Dual-client combined throughput: 4271.15 ops/sec
2026-03-26 10:14:10,289 INFO Trace ycsb_a_d run 1: throughput=4271.15 ops/sec
2026-03-26 10:14:10,289 INFO --- Trace 5/7 (ycsb_a_d) run 2/3  [14/21 overall] ---
2026-03-26 10:14:10,289 INFO CMD: sudo sync
2026-03-26 10:14:10,540 INFO CMD: sudo sh -c echo 3 > /proc/sys/vm/drop_caches
2026-03-26 10:14:10,797 INFO Page cache dropped.
2026-03-26 10:14:13,489 INFO Starting remote client client_ycsb_a on krisub@node1: ssh -o StrictHostKeyChecking=no -o BatchMode=yes -i /users/krisub/.ssh/id_ed25519 krisub@node1 sh -lc 'exec /mydata/cache_ext/My-YCSB/build/run_net_leveldb /tmp/dual_client_ycsb_a_5a872gsd.yaml'
2026-03-26 10:14:13,721 INFO Starting remote client client_ycsb_d on krisub@node1: ssh -o StrictHostKeyChecking=no -o BatchMode=yes -i /users/krisub/.ssh/id_ed25519 krisub@node1 sh -lc 'exec /mydata/cache_ext/My-YCSB/build/run_net_leveldb /tmp/dual_client_ycsb_d_jruejeyh.yaml'
2026-03-26 10:15:51,761 INFO Client client_ycsb_a: throughput=1782.69
2026-03-26 10:15:52,077 INFO Client client_ycsb_d: throughput=1773.65
2026-03-26 10:15:52,077 INFO Dual-client combined throughput: 3556.34 ops/sec
2026-03-26 10:15:52,546 INFO Trace ycsb_a_d run 2: throughput=3556.34 ops/sec
2026-03-26 10:15:52,546 INFO --- Trace 5/7 (ycsb_a_d) run 3/3  [15/21 overall] ---
2026-03-26 10:15:52,546 INFO CMD: sudo sync
2026-03-26 10:15:52,723 INFO CMD: sudo sh -c echo 3 > /proc/sys/vm/drop_caches
2026-03-26 10:15:52,983 INFO Page cache dropped.
2026-03-26 10:15:55,725 INFO Starting remote client client_ycsb_a on krisub@node1: ssh -o StrictHostKeyChecking=no -o BatchMode=yes -i /users/krisub/.ssh/id_ed25519 krisub@node1 sh -lc 'exec /mydata/cache_ext/My-YCSB/build/run_net_leveldb /tmp/dual_client_ycsb_a_72vs8j41.yaml'
2026-03-26 10:15:55,980 INFO Starting remote client client_ycsb_d on krisub@node1: ssh -o StrictHostKeyChecking=no -o BatchMode=yes -i /users/krisub/.ssh/id_ed25519 krisub@node1 sh -lc 'exec /mydata/cache_ext/My-YCSB/build/run_net_leveldb /tmp/dual_client_ycsb_d_q1pscb9g.yaml'
2026-03-26 10:17:34,071 INFO Client client_ycsb_a: throughput=1719.41
2026-03-26 10:17:34,287 INFO Client client_ycsb_d: throughput=1762.85
2026-03-26 10:17:34,288 INFO Dual-client combined throughput: 3482.26 ops/sec
2026-03-26 10:17:34,769 INFO Trace ycsb_a_d run 3: throughput=3482.26 ops/sec
2026-03-26 10:17:34,770 INFO Trace ycsb_a_d summary: mean=3769.92 std=435.66 min=3482.26 max=4271.15 (CV=11.6%)
2026-03-26 10:17:34,803 INFO --- Trace 6/7 (ycsb_e_a) run 1/3  [16/21 overall] ---
2026-03-26 10:17:34,804 INFO CMD: sudo sync
2026-03-26 10:17:35,029 INFO CMD: sudo sh -c echo 3 > /proc/sys/vm/drop_caches
2026-03-26 10:17:35,255 INFO Page cache dropped.
2026-03-26 10:17:37,941 INFO Starting remote client client_ycsb_e on krisub@node1: ssh -o StrictHostKeyChecking=no -o BatchMode=yes -i /users/krisub/.ssh/id_ed25519 krisub@node1 sh -lc 'exec /mydata/cache_ext/My-YCSB/build/run_net_leveldb /tmp/dual_client_ycsb_e_7w1a53po.yaml'
2026-03-26 10:17:38,188 INFO Starting remote client client_ycsb_a on krisub@node1: ssh -o StrictHostKeyChecking=no -o BatchMode=yes -i /users/krisub/.ssh/id_ed25519 krisub@node1 sh -lc 'exec /mydata/cache_ext/My-YCSB/build/run_net_leveldb /tmp/dual_client_ycsb_a_np3yuigy.yaml'
2026-03-26 10:19:17,123 INFO Client client_ycsb_e: throughput=75405.06
2026-03-26 10:19:17,125 INFO Client client_ycsb_a: throughput=2316.92
2026-03-26 10:19:17,125 INFO Dual-client combined throughput: 77721.98 ops/sec
2026-03-26 10:19:17,593 INFO Trace ycsb_e_a run 1: throughput=77721.98 ops/sec
2026-03-26 10:19:17,594 INFO --- Trace 6/7 (ycsb_e_a) run 2/3  [17/21 overall] ---
2026-03-26 10:19:17,594 INFO CMD: sudo sync
2026-03-26 10:19:17,874 INFO CMD: sudo sh -c echo 3 > /proc/sys/vm/drop_caches
2026-03-26 10:19:18,104 INFO Page cache dropped.
2026-03-26 10:19:20,841 INFO Starting remote client client_ycsb_e on krisub@node1: ssh -o StrictHostKeyChecking=no -o BatchMode=yes -i /users/krisub/.ssh/id_ed25519 krisub@node1 sh -lc 'exec /mydata/cache_ext/My-YCSB/build/run_net_leveldb /tmp/dual_client_ycsb_e_i3_5nwz9.yaml'
2026-03-26 10:19:21,096 INFO Starting remote client client_ycsb_a on krisub@node1: ssh -o StrictHostKeyChecking=no -o BatchMode=yes -i /users/krisub/.ssh/id_ed25519 krisub@node1 sh -lc 'exec /mydata/cache_ext/My-YCSB/build/run_net_leveldb /tmp/dual_client_ycsb_a_xqr4zgwj.yaml'
2026-03-26 10:21:00,380 INFO Client client_ycsb_e: throughput=76479.44
2026-03-26 10:21:00,382 INFO Client client_ycsb_a: throughput=2827.56
2026-03-26 10:21:00,382 INFO Dual-client combined throughput: 79307.00 ops/sec
2026-03-26 10:21:00,869 INFO Trace ycsb_e_a run 2: throughput=79307.00 ops/sec
2026-03-26 10:21:00,869 INFO --- Trace 6/7 (ycsb_e_a) run 3/3  [18/21 overall] ---
2026-03-26 10:21:00,869 INFO CMD: sudo sync
2026-03-26 10:21:01,072 INFO CMD: sudo sh -c echo 3 > /proc/sys/vm/drop_caches
2026-03-26 10:21:01,302 INFO Page cache dropped.
2026-03-26 10:21:03,969 INFO Starting remote client client_ycsb_e on krisub@node1: ssh -o StrictHostKeyChecking=no -o BatchMode=yes -i /users/krisub/.ssh/id_ed25519 krisub@node1 sh -lc 'exec /mydata/cache_ext/My-YCSB/build/run_net_leveldb /tmp/dual_client_ycsb_e_jo5lqtxz.yaml'
2026-03-26 10:21:04,221 INFO Starting remote client client_ycsb_a on krisub@node1: ssh -o StrictHostKeyChecking=no -o BatchMode=yes -i /users/krisub/.ssh/id_ed25519 krisub@node1 sh -lc 'exec /mydata/cache_ext/My-YCSB/build/run_net_leveldb /tmp/dual_client_ycsb_a_hx7_ajbz.yaml'
2026-03-26 10:22:43,313 INFO Client client_ycsb_e: throughput=76616.27
2026-03-26 10:22:43,314 INFO Client client_ycsb_a: throughput=2388.97
2026-03-26 10:22:43,314 INFO Dual-client combined throughput: 79005.24 ops/sec
2026-03-26 10:22:43,797 INFO Trace ycsb_e_a run 3: throughput=79005.24 ops/sec
2026-03-26 10:22:43,798 INFO Trace ycsb_e_a summary: mean=78678.07 std=841.64 min=77721.98 max=79307.00 (CV=1.1%)
2026-03-26 10:22:43,832 INFO --- Trace 7/7 (ycsb_e_f) run 1/3  [19/21 overall] ---
2026-03-26 10:22:43,832 INFO CMD: sudo sync
2026-03-26 10:22:44,025 INFO CMD: sudo sh -c echo 3 > /proc/sys/vm/drop_caches
2026-03-26 10:22:44,276 INFO Page cache dropped.
2026-03-26 10:22:46,981 INFO Starting remote client client_ycsb_e on krisub@node1: ssh -o StrictHostKeyChecking=no -o BatchMode=yes -i /users/krisub/.ssh/id_ed25519 krisub@node1 sh -lc 'exec /mydata/cache_ext/My-YCSB/build/run_net_leveldb /tmp/dual_client_ycsb_e_egzb_rvy.yaml'
2026-03-26 10:22:47,224 INFO Starting remote client client_ycsb_f on krisub@node1: ssh -o StrictHostKeyChecking=no -o BatchMode=yes -i /users/krisub/.ssh/id_ed25519 krisub@node1 sh -lc 'exec /mydata/cache_ext/My-YCSB/build/run_net_leveldb /tmp/dual_client_ycsb_f_00upmxv9.yaml'
2026-03-26 10:24:26,320 INFO Client client_ycsb_e: throughput=75833.24
2026-03-26 10:24:26,321 INFO Client client_ycsb_f: throughput=219.37
2026-03-26 10:24:26,321 INFO Dual-client combined throughput: 76052.61 ops/sec
2026-03-26 10:24:26,789 INFO Trace ycsb_e_f run 1: throughput=76052.61 ops/sec
2026-03-26 10:24:26,789 INFO --- Trace 7/7 (ycsb_e_f) run 2/3  [20/21 overall] ---
2026-03-26 10:24:26,789 INFO CMD: sudo sync
2026-03-26 10:24:26,995 INFO CMD: sudo sh -c echo 3 > /proc/sys/vm/drop_caches
2026-03-26 10:24:27,285 INFO Page cache dropped.
2026-03-26 10:24:30,037 INFO Starting remote client client_ycsb_e on krisub@node1: ssh -o StrictHostKeyChecking=no -o BatchMode=yes -i /users/krisub/.ssh/id_ed25519 krisub@node1 sh -lc 'exec /mydata/cache_ext/My-YCSB/build/run_net_leveldb /tmp/dual_client_ycsb_e_0qwmecrq.yaml'
2026-03-26 10:24:30,284 INFO Starting remote client client_ycsb_f on krisub@node1: ssh -o StrictHostKeyChecking=no -o BatchMode=yes -i /users/krisub/.ssh/id_ed25519 krisub@node1 sh -lc 'exec /mydata/cache_ext/My-YCSB/build/run_net_leveldb /tmp/dual_client_ycsb_f__cyc_ogh.yaml'
2026-03-26 10:26:09,480 INFO Client client_ycsb_e: throughput=79181.23
2026-03-26 10:26:09,481 INFO Client client_ycsb_f: throughput=234.37
2026-03-26 10:26:09,481 INFO Dual-client combined throughput: 79415.60 ops/sec
2026-03-26 10:26:09,953 INFO Trace ycsb_e_f run 2: throughput=79415.60 ops/sec
2026-03-26 10:26:09,953 INFO --- Trace 7/7 (ycsb_e_f) run 3/3  [21/21 overall] ---
2026-03-26 10:26:09,953 INFO CMD: sudo sync
2026-03-26 10:26:10,166 INFO CMD: sudo sh -c echo 3 > /proc/sys/vm/drop_caches
2026-03-26 10:26:10,460 INFO Page cache dropped.
2026-03-26 10:26:13,207 INFO Starting remote client client_ycsb_e on krisub@node1: ssh -o StrictHostKeyChecking=no -o BatchMode=yes -i /users/krisub/.ssh/id_ed25519 krisub@node1 sh -lc 'exec /mydata/cache_ext/My-YCSB/build/run_net_leveldb /tmp/dual_client_ycsb_e_0p3p5to4.yaml'
2026-03-26 10:26:13,448 INFO Starting remote client client_ycsb_f on krisub@node1: ssh -o StrictHostKeyChecking=no -o BatchMode=yes -i /users/krisub/.ssh/id_ed25519 krisub@node1 sh -lc 'exec /mydata/cache_ext/My-YCSB/build/run_net_leveldb /tmp/dual_client_ycsb_f_ovj8_xht.yaml'
2026-03-26 10:27:52,641 INFO Client client_ycsb_e: throughput=80282.59
2026-03-26 10:27:52,642 INFO Client client_ycsb_f: throughput=222.44
2026-03-26 10:27:52,643 INFO Dual-client combined throughput: 80505.03 ops/sec
2026-03-26 10:27:53,101 INFO Trace ycsb_e_f run 3: throughput=80505.03 ops/sec
2026-03-26 10:27:53,101 INFO Trace ycsb_e_f summary: mean=78657.75 std=2320.94 min=76052.61 max=80505.03 (CV=3.0%)
2026-03-26 10:27:53,118 INFO === Evaluation complete (3 runs per trace) ===
2026-03-26 10:27:53,118 INFO Combined score (harmonic mean of means): 4427.70  (7/7 traces passed)
2026-03-26 10:27:53,118 INFO   ycsb_c_a: mean=2613.27 std=140.28 [2460.59 .. 2736.45]
2026-03-26 10:27:53,118 INFO   ycsb_c_e: mean=78375.10 std=838.32 [77619.66 .. 79277.00]
2026-03-26 10:27:53,118 INFO   ycsb_c_f: mean=1246.39 std=9.78 [1237.57 .. 1256.91]
2026-03-26 10:27:53,118 INFO   ycsb_b_a: mean=10806.05 std=13374.64 [2892.63 .. 26248.15]
2026-03-26 10:27:53,118 INFO   ycsb_a_d: mean=3769.92 std=435.66 [3482.26 .. 4271.15]
2026-03-26 10:27:53,118 INFO   ycsb_e_a: mean=78678.07 std=841.64 [77721.98 .. 79307.00]
2026-03-26 10:27:53,119 INFO   ycsb_e_f: mean=78657.75 std=2320.94 [76052.61 .. 80505.03]
2026-03-26 10:27:53,119 INFO Stopping net_leveldb_server (PID 487334)
2026-03-26 10:27:53,119 INFO CMD: sudo kill 487334
2026-03-26 10:27:53,238 INFO Unloading BPF policy (PID 487318)
2026-03-26 10:27:53,238 INFO CMD: sudo kill -2 487318
2026-03-26 10:27:53,571 INFO CMD: sudo rm -f /sys/fs/bpf/cache_ext/scan_pids
2026-03-26 10:27:53,664 INFO CMD: sudo sh -c echo 0x0007 > /sys/kernel/mm/lru_gen/enabled
2026-03-26 10:27:53,741 INFO MGLRU re-enabled (restored to 0x0007).
2026-03-26 10:27:53,741 INFO MGLRU watchdog stopped (PID 487291)
