2026-03-23 13:43:21,559 INFO Waiting for evaluation lock /tmp/cache_ext_evaluate_0.lock ...
2026-03-23 13:43:21,559 INFO Acquired evaluation lock.
2026-03-23 13:43:21,602 INFO === Step 0: Drop page cache ===
2026-03-23 13:43:21,602 INFO Database already exists at /mydata/leveldb_temp (CURRENT file found), skipping copy
2026-03-23 13:43:21,602 INFO CMD: sudo sync
2026-03-23 13:43:21,711 INFO CMD: sudo sh -c echo 3 > /proc/sys/vm/drop_caches
2026-03-23 13:43:22,516 INFO Page cache dropped.
2026-03-23 13:43:22,516 INFO === Step 1: Compile evolved policy ===
2026-03-23 13:43:22,521 INFO CMD: sudo chown -R root: /mydata/cache_ext/eviction_evo/build
2026-03-23 13:43:22,869 INFO CMD: clang-14 -O2 -target bpf -D__TARGET_ARCH_x86 -c -g -Wall -idirafter /usr/lib/llvm-14/lib/clang/14.0.0/include -idirafter /usr/local/include -idirafter /usr/include/x86_64-linux-gnu -idirafter /usr/include /mydata/cache_ext/eviction_evo/build/cache_ext_evolved.bpf.c -o /mydata/cache_ext/eviction_evo/build/cache_ext_evolved.bpf.o
2026-03-23 13:43:25,921 ERROR Evaluation failed: RuntimeError: BPF compilation failed:
STDOUT: 
STDERR: /mydata/cache_ext/eviction_evo/build/cache_ext_evolved.bpf.c:298:1: error: expected identifier or '('
>>>>>>> REPLACE
^
/mydata/cache_ext/eviction_evo/build/cache_ext_evolved.bpf.c:397:1: error: expected identifier or '('
=======
^
/mydata/cache_ext/eviction_evo/build/cache_ext_evolved.bpf.c:572:37: error: use of undeclared identifier 'interval_stats_map'
    } *stats = bpf_map_lookup_elem(&interval_stats_map, &stats_key);
                                    ^
3 errors generated.

Traceback (most recent call last):
  File "/mydata/cache_ext/eviction_evo/evaluate.py", line 892, in evaluate
    loader_path = compile_bpf_policy(program_path, BUILD_DIR)
  File "/mydata/cache_ext/eviction_evo/evaluate.py", line 238, in compile_bpf_policy
    raise RuntimeError(f"BPF compilation failed:\nSTDOUT: {result.stdout}\nSTDERR: {result.stderr}")
RuntimeError: BPF compilation failed:
STDOUT: 
STDERR: /mydata/cache_ext/eviction_evo/build/cache_ext_evolved.bpf.c:298:1: error: expected identifier or '('
>>>>>>> REPLACE
^
/mydata/cache_ext/eviction_evo/build/cache_ext_evolved.bpf.c:397:1: error: expected identifier or '('
=======
^
/mydata/cache_ext/eviction_evo/build/cache_ext_evolved.bpf.c:572:37: error: use of undeclared identifier 'interval_stats_map'
    } *stats = bpf_map_lookup_elem(&interval_stats_map, &stats_key);
                                    ^
3 errors generated.


