2026-03-11 13:47:27,476 INFO Waiting for evaluation lock /tmp/cache_ext_evaluate.lock ...
2026-03-11 13:53:29,243 INFO Acquired evaluation lock.
2026-03-11 13:53:29,244 INFO === Step 0: Drop page cache ===
2026-03-11 13:53:29,244 INFO Database already exists at /mydata/leveldb_temp (CURRENT file found), skipping rsync
2026-03-11 13:53:29,244 INFO CMD: sudo sync
2026-03-11 13:53:29,423 INFO CMD: sudo sh -c echo 3 > /proc/sys/vm/drop_caches
2026-03-11 13:53:29,881 INFO Page cache dropped.
2026-03-11 13:53:29,881 INFO === Step 1: Compile evolved policy ===
2026-03-11 13:53:29,897 INFO CMD: sudo chown -R root: /mydata/cache_ext/eviction_evo/build
2026-03-11 13:53:30,326 INFO CMD: clang-14 -O2 -target bpf -D__TARGET_ARCH_x86 -c -g -Wall -idirafter /usr/lib/llvm-14/lib/clang/14.0.0/include -idirafter /usr/local/include -idirafter /usr/include/x86_64-linux-gnu -idirafter /usr/include /mydata/cache_ext/eviction_evo/build/cache_ext_evolved.bpf.c -o /mydata/cache_ext/eviction_evo/build/cache_ext_evolved.bpf.o
2026-03-11 13:53:33,366 INFO CMD: /usr/local/sbin/bpftool gen skeleton /mydata/cache_ext/eviction_evo/build/cache_ext_evolved.bpf.o name cache_ext_evolved_bpf
2026-03-11 13:53:33,561 INFO CMD: clang-14 -O2 -g -Wall -I/mydata/cache_ext/eviction_evo/build -I/mydata/cache_ext/policies /mydata/cache_ext/eviction_evo/cache_ext_evolved.c -o /mydata/cache_ext/eviction_evo/build/cache_ext_evolved.out -L/usr/local/lib64 -lbpf
2026-03-11 13:53:34,744 INFO Compilation successful: /mydata/cache_ext/eviction_evo/build/cache_ext_evolved.out
2026-03-11 13:53:34,745 INFO === Step 2: Disable MGLRU ===
2026-03-11 13:53:34,745 INFO MGLRU current state: 0x0007 — disabling
2026-03-11 13:53:34,745 INFO CMD: sudo sh -c echo 0 > /sys/kernel/mm/lru_gen/enabled
2026-03-11 13:53:34,823 INFO MGLRU disabled.
2026-03-11 13:53:34,823 INFO === Step 3: Create cgroup ===
2026-03-11 13:53:34,823 INFO CMD: sudo cgdelete memory:cache_ext_test
2026-03-11 13:53:34,852 INFO CMD: sudo cgcreate -g memory:cache_ext_test
2026-03-11 13:53:34,956 INFO CMD: sudo sh -c echo 536870912 > /sys/fs/cgroup/cache_ext_test/memory.max
2026-03-11 13:53:34,970 INFO Created cgroup cache_ext_test with limit 536870912 bytes
2026-03-11 13:53:34,970 INFO === Step 4: Load BPF policy ===
2026-03-11 13:53:34,970 INFO Loading policy: sudo /mydata/cache_ext/eviction_evo/build/cache_ext_evolved.out --watch_dir /mydata/leveldb_temp --cgroup_path /sys/fs/cgroup/cache_ext_test
2026-03-11 13:53:44,981 INFO Policy loaded (PID 38838)
2026-03-11 13:53:44,981 INFO === Step 5: Start server ===
2026-03-11 13:53:44,981 INFO Starting server: sudo cgexec -g memory:cache_ext_test /mydata/cache_ext/net_leveldb_server 9100 /mydata/leveldb_temp
2026-03-11 13:53:44,983 INFO Waiting for server on port 9100 ...
2026-03-11 13:53:46,047 INFO Server ready (PID 38862) on port 9100
2026-03-11 13:53:46,047 INFO === Step 6: Run 2 trace benchmarks ===
2026-03-11 13:53:46,047 INFO --- Trace 1/2: dual_small_vs_large ---
2026-03-11 13:53:46,766 INFO Starting remote client reader_fast on krisub@node1: ssh -o StrictHostKeyChecking=no -o BatchMode=yes -i /users/krisub/.ssh/id_ed25519 krisub@node1 sh -lc 'if command -v cgexec >/dev/null 2>&1; then cgexec -g memory:cache_ext_remote_clients /mydata/cache_ext/My-YCSB/build/run_net_leveldb /tmp/dual_reader_fast_i048q_s_.yaml && exit 0; fi; exec /mydata/cache_ext/My-YCSB/build/run_net_leveldb /tmp/dual_reader_fast_i048q_s_.yaml'
2026-03-11 13:53:47,014 INFO Starting remote client writer_slow on krisub@node1: ssh -o StrictHostKeyChecking=no -o BatchMode=yes -i /users/krisub/.ssh/id_ed25519 krisub@node1 sh -lc 'if command -v cgexec >/dev/null 2>&1; then cgexec -g memory:cache_ext_remote_clients /mydata/cache_ext/My-YCSB/build/run_net_leveldb /tmp/dual_writer_slow_e8tb2qqt.yaml && exit 0; fi; exec /mydata/cache_ext/My-YCSB/build/run_net_leveldb /tmp/dual_writer_slow_e8tb2qqt.yaml'
2026-03-11 13:56:44,993 INFO Client reader_fast: throughput=795.65
2026-03-11 13:57:01,479 INFO Client writer_slow: throughput=231.91
2026-03-11 13:57:01,479 INFO Dual-client combined throughput: 1027.56 ops/sec
2026-03-11 13:57:01,950 INFO Trace dual_small_vs_large: throughput=1027.56 ops/sec
2026-03-11 13:57:01,951 INFO --- Trace 2/2: dual_congested ---
2026-03-11 13:57:01,951 INFO CMD: sudo sync
2026-03-11 13:57:02,192 INFO CMD: sudo sh -c echo 3 > /proc/sys/vm/drop_caches
2026-03-11 13:57:02,747 INFO Page cache dropped.
2026-03-11 13:57:05,503 INFO Starting remote client wan_reader on krisub@node1: ssh -o StrictHostKeyChecking=no -o BatchMode=yes -i /users/krisub/.ssh/id_ed25519 krisub@node1 sh -lc 'if command -v cgexec >/dev/null 2>&1; then cgexec -g memory:cache_ext_remote_clients /mydata/cache_ext/My-YCSB/build/run_net_leveldb /tmp/dual_wan_reader_alr7d0ks.yaml && exit 0; fi; exec /mydata/cache_ext/My-YCSB/build/run_net_leveldb /tmp/dual_wan_reader_alr7d0ks.yaml'
2026-03-11 13:57:05,753 INFO Starting remote client wan_writer on krisub@node1: ssh -o StrictHostKeyChecking=no -o BatchMode=yes -i /users/krisub/.ssh/id_ed25519 krisub@node1 sh -lc 'if command -v cgexec >/dev/null 2>&1; then cgexec -g memory:cache_ext_remote_clients /mydata/cache_ext/My-YCSB/build/run_net_leveldb /tmp/dual_wan_writer_mpb0_1o8.yaml && exit 0; fi; exec /mydata/cache_ext/My-YCSB/build/run_net_leveldb /tmp/dual_wan_writer_mpb0_1o8.yaml'
2026-03-11 14:00:03,726 INFO Client wan_reader: throughput=841.34
2026-03-11 14:00:04,065 INFO Client wan_writer: throughput=1198.37
2026-03-11 14:00:04,065 INFO Dual-client combined throughput: 2039.71 ops/sec
2026-03-11 14:00:04,522 INFO Trace dual_congested: throughput=2039.71 ops/sec
2026-03-11 14:00:04,673 INFO === Evaluation complete ===
2026-03-11 14:00:04,673 INFO Combined score (harmonic mean): 1366.64  (2/2 traces passed)
2026-03-11 14:00:04,673 INFO   dual_small_vs_large: 1027.56 ops/sec
2026-03-11 14:00:04,673 INFO   dual_congested: 2039.71 ops/sec
2026-03-11 14:00:04,673 INFO Stopping net_leveldb_server (PID 38862)
2026-03-11 14:00:04,673 INFO CMD: sudo kill 38862
2026-03-11 14:00:04,966 INFO Unloading BPF policy (PID 38838)
2026-03-11 14:00:04,966 INFO CMD: sudo kill -2 38838
2026-03-11 14:00:05,249 INFO CMD: sudo rm -f /sys/fs/bpf/cache_ext/scan_pids
2026-03-11 14:00:05,269 INFO CMD: sudo cgdelete memory:cache_ext_test
2026-03-11 14:00:05,298 INFO CMD: sudo sh -c echo 0x0007 > /sys/kernel/mm/lru_gen/enabled
2026-03-11 14:00:05,436 INFO MGLRU re-enabled (restored to 0x0007).
