2026-03-09 15:47:58,878 INFO Waiting for evaluation lock /tmp/cache_ext_evaluate.lock ...
2026-03-09 16:10:44,232 INFO Acquired evaluation lock.
2026-03-09 16:10:44,233 INFO === Step 0: Drop page cache ===
2026-03-09 16:10:44,233 INFO Database already exists at /mydata/leveldb_temp (CURRENT file found), skipping rsync
2026-03-09 16:10:44,233 INFO CMD: sudo sync
2026-03-09 16:10:44,453 INFO CMD: sudo sh -c echo 3 > /proc/sys/vm/drop_caches
2026-03-09 16:10:44,988 INFO Page cache dropped.
2026-03-09 16:10:44,988 INFO === Step 1: Compile evolved policy ===
2026-03-09 16:10:44,989 INFO CMD: sudo chown -R root: /mydata/cache_ext/eviction_evo/build
2026-03-09 16:10:45,349 INFO CMD: clang-14 -O2 -target bpf -D__TARGET_ARCH_x86 -c -g -Wall -idirafter /usr/lib/llvm-14/lib/clang/14.0.0/include -idirafter /usr/local/include -idirafter /usr/include/x86_64-linux-gnu -idirafter /usr/include /mydata/cache_ext/eviction_evo/build/cache_ext_evolved.bpf.c -o /mydata/cache_ext/eviction_evo/build/cache_ext_evolved.bpf.o
2026-03-09 16:10:47,814 ERROR Evaluation failed: RuntimeError: BPF compilation failed:
STDOUT: 
STDERR: /mydata/cache_ext/eviction_evo/build/cache_ext_evolved.bpf.c:298:15: error: no member named 'tier' in 'struct net_folio_metadata'
        meta->tier = 0;
        ~~~~  ^
/mydata/cache_ext/eviction_evo/build/cache_ext_evolved.bpf.c:323:15: error: no member named 'tier' in 'struct net_folio_metadata'
        meta->tier = 1;
        ~~~~  ^
/mydata/cache_ext/eviction_evo/build/cache_ext_evolved.bpf.c:389:10: error: field designator 'tier' does not refer to any field in type 'struct net_folio_metadata'
        .tier          = 0,  // cold
         ^
/mydata/cache_ext/eviction_evo/build/cache_ext_evolved.bpf.c:419:14: error: field designator 'tier' does not refer to any field in type 'struct net_folio_metadata'
            .tier          = 0,
             ^
/mydata/cache_ext/eviction_evo/build/cache_ext_evolved.bpf.c:431:26: error: no member named 'tier' in 'struct net_folio_metadata'
    u32 old_tier = meta->tier;
                   ~~~~  ^
/mydata/cache_ext/eviction_evo/build/cache_ext_evolved.bpf.c:454:11: error: no member named 'tier' in 'struct net_folio_metadata'
    meta->tier = new_tier;
    ~~~~  ^
6 errors generated.

Traceback (most recent call last):
  File "/mydata/cache_ext/eviction_evo/evaluate.py", line 462, in evaluate
    loader_path = compile_bpf_policy(program_path, BUILD_DIR)
  File "/mydata/cache_ext/eviction_evo/evaluate.py", line 163, in compile_bpf_policy
    raise RuntimeError(f"BPF compilation failed:\nSTDOUT: {result.stdout}\nSTDERR: {result.stderr}")
RuntimeError: BPF compilation failed:
STDOUT: 
STDERR: /mydata/cache_ext/eviction_evo/build/cache_ext_evolved.bpf.c:298:15: error: no member named 'tier' in 'struct net_folio_metadata'
        meta->tier = 0;
        ~~~~  ^
/mydata/cache_ext/eviction_evo/build/cache_ext_evolved.bpf.c:323:15: error: no member named 'tier' in 'struct net_folio_metadata'
        meta->tier = 1;
        ~~~~  ^
/mydata/cache_ext/eviction_evo/build/cache_ext_evolved.bpf.c:389:10: error: field designator 'tier' does not refer to any field in type 'struct net_folio_metadata'
        .tier          = 0,  // cold
         ^
/mydata/cache_ext/eviction_evo/build/cache_ext_evolved.bpf.c:419:14: error: field designator 'tier' does not refer to any field in type 'struct net_folio_metadata'
            .tier          = 0,
             ^
/mydata/cache_ext/eviction_evo/build/cache_ext_evolved.bpf.c:431:26: error: no member named 'tier' in 'struct net_folio_metadata'
    u32 old_tier = meta->tier;
                   ~~~~  ^
/mydata/cache_ext/eviction_evo/build/cache_ext_evolved.bpf.c:454:11: error: no member named 'tier' in 'struct net_folio_metadata'
    meta->tier = new_tier;
    ~~~~  ^
6 errors generated.


2026-03-09 16:10:47,817 INFO CMD: sudo cgdelete memory:cache_ext_test
