2026-03-09 15:23:46,030 INFO Waiting for evaluation lock /tmp/cache_ext_evaluate.lock ...
2026-03-09 15:23:46,030 INFO Acquired evaluation lock.
2026-03-09 15:23:46,030 INFO === Step 0: Drop page cache ===
2026-03-09 15:23:46,045 INFO Database already exists at /mydata/leveldb_temp (CURRENT file found), skipping rsync
2026-03-09 15:23:46,045 INFO CMD: sudo sync
2026-03-09 15:23:46,145 INFO CMD: sudo sh -c echo 3 > /proc/sys/vm/drop_caches
2026-03-09 15:23:46,477 INFO Page cache dropped.
2026-03-09 15:23:46,477 INFO === Step 1: Compile evolved policy ===
2026-03-09 15:23:46,486 INFO CMD: sudo chown -R root: /mydata/cache_ext/eviction_evo/build
2026-03-09 15:23:46,855 INFO CMD: clang-14 -O2 -target bpf -D__TARGET_ARCH_x86 -c -g -Wall -idirafter /usr/lib/llvm-14/lib/clang/14.0.0/include -idirafter /usr/local/include -idirafter /usr/include/x86_64-linux-gnu -idirafter /usr/include /mydata/cache_ext/eviction_evo/build/cache_ext_evolved.bpf.c -o /mydata/cache_ext/eviction_evo/build/cache_ext_evolved.bpf.o
2026-03-09 15:23:49,839 INFO CMD: /usr/local/sbin/bpftool gen skeleton /mydata/cache_ext/eviction_evo/build/cache_ext_evolved.bpf.o name cache_ext_evolved_bpf
2026-03-09 15:23:50,037 INFO CMD: clang-14 -O2 -g -Wall -I/mydata/cache_ext/eviction_evo/build -I/mydata/cache_ext/policies /mydata/cache_ext/eviction_evo/cache_ext_evolved.c -o /mydata/cache_ext/eviction_evo/build/cache_ext_evolved.out -L/usr/local/lib64 -lbpf
2026-03-09 15:23:50,929 INFO Compilation successful: /mydata/cache_ext/eviction_evo/build/cache_ext_evolved.out
2026-03-09 15:23:50,929 INFO === Step 2: Disable MGLRU ===
2026-03-09 15:23:50,930 INFO MGLRU current state: 0x0000 — disabling
2026-03-09 15:23:50,930 INFO CMD: sudo sh -c echo 0 > /sys/kernel/mm/lru_gen/enabled
2026-03-09 15:23:50,948 INFO MGLRU disabled.
2026-03-09 15:23:50,948 INFO === Step 3: Create cgroup ===
2026-03-09 15:23:50,948 INFO CMD: sudo cgdelete memory:cache_ext_test
2026-03-09 15:23:50,987 INFO CMD: sudo cgcreate -g memory:cache_ext_test
2026-03-09 15:23:51,102 INFO CMD: sudo sh -c echo 536870912 > /sys/fs/cgroup/cache_ext_test/memory.max
2026-03-09 15:23:51,118 INFO Created cgroup cache_ext_test with limit 536870912 bytes
2026-03-09 15:23:51,118 INFO === Step 4: Load BPF policy ===
2026-03-09 15:23:51,118 INFO Loading policy: sudo /mydata/cache_ext/eviction_evo/build/cache_ext_evolved.out --watch_dir /mydata/leveldb_temp --cgroup_path /sys/fs/cgroup/cache_ext_test
2026-03-09 15:24:01,129 INFO Policy loaded (PID 206589)
2026-03-09 15:24:01,129 INFO === Step 5: Start server ===
2026-03-09 15:24:01,129 INFO Starting server: sudo cgexec -g memory:cache_ext_test /mydata/cache_ext/net_leveldb_server 9100 /mydata/leveldb_temp
2026-03-09 15:24:01,130 INFO Waiting for server on port 9100 ...
2026-03-09 15:24:02,227 INFO Server ready (PID 206596) on port 9100
2026-03-09 15:24:02,228 INFO === Step 6: Run 8 trace benchmarks ===
2026-03-09 15:24:02,228 INFO --- Trace 1/8: ycsb_a ---
2026-03-09 15:24:02,249 INFO Running benchmark: /mydata/cache_ext/My-YCSB/build/run_net_leveldb /mydata/cache_ext/eviction_evo/traces/ycsb_a.yaml
2026-03-09 15:24:02,643 INFO CMD: /mydata/cache_ext/My-YCSB/build/run_net_leveldb /mydata/cache_ext/eviction_evo/traces/ycsb_a.yaml
2026-03-09 15:26:59,771 INFO Benchmark stdout:
ZipfianWorkload: start initializing zipfian variables, might take a while
Zipfian (Warm-Up) (epoch 0, progress 0.00%): UPDATE throughput 0.00 ops/sec, INSERT throughput 0.00 ops/sec, READ throughput 0.00 ops/sec, SCAN throughput 0.00 ops/sec, READ_MODIFY_WRITE throughput 0.00 ops/sec, total throughput 0.00 ops/sec
Zipfian (Warm-Up) (epoch 1, progress 0.00%): UPDATE throughput 155.99 ops/sec, INSERT throughput 0.00 ops/sec, READ throughput 134.99 ops/sec, SCAN throughput 0.00 ops/sec, READ_MODIFY_WRITE throughput 0.00 ops/sec, total throughput 290.98 ops/sec
Zipfian (Warm-Up) (epoch 2, progress 0.00%): UPDATE throughput 205.97 ops/sec, INSERT throughput 0.00 ops/sec, READ throughput 190.97 ops/sec, SCAN throughput 0.00 ops/sec, READ_MODIFY_WRITE throughput 0.00 ops/sec, total throughput 396.94 ops/sec
Zipfian (Warm-Up) (epoch 3, progress 0.00%): UPDATE throughput 207.98 ops/sec, INSERT throughput 0.00 ops/sec, READ throughput 210.98 ops/sec, SCAN throughput 0.00 ops/sec, READ_MODIFY_WRITE throughput 0.00 ops/sec, total throughput 418.96 ops/sec
Zipfian (Warm-Up) (epoch 4, progress 0.00%): UPDATE throughput 174.98 ops/sec, INSERT throughput 0.00 ops/sec, READ throughput 197.98 ops/sec, SCAN throughput 0.00 ops/sec, READ_MODIFY_WRITE throughput 0.00 ops/sec, total throughput 372.96 ops/sec
Zipfian (Warm-Up) (epoch 5, progress 0.00%): UPDATE throughput 203.97 ops/sec, INSERT throughput 0.00 ops/sec, READ throughput 212.97 ops/sec, SCAN throughput 0.00 ops/sec, READ_MODIFY_WRITE throughput 0.00 ops/sec, total throughput 416.94 ops/sec
Zipfian (Warm-Up) (epoch 6, progress 0.00%): UPDATE throughput 211.97 ops/sec, INSERT throughput 0.00 ops/sec, READ throughput 183.97 ops/sec, SCAN throughput 0.00 ops/sec, READ_MODIFY_WRITE throughput 0.00 ops/sec, total throughput 395.94 ops/sec
Zipfian (Warm-Up) (epoch 7, progress 0.00%): UPDATE throughput 193.97 ops/sec, INSERT throughput 0.00 ops/sec, READ throughput 196.97 ops/sec, SCAN throughput 0.00 ops/sec, READ_MODIFY_WRITE throu
2026-03-09 15:26:59,773 INFO Trace ycsb_a: throughput=600.43 ops/sec
2026-03-09 15:26:59,773 INFO --- Trace 2/8: ycsb_b ---
2026-03-09 15:26:59,773 INFO CMD: sudo sync
2026-03-09 15:26:59,955 INFO CMD: sudo sh -c echo 3 > /proc/sys/vm/drop_caches
2026-03-09 15:27:00,615 INFO Page cache dropped.
2026-03-09 15:27:02,624 INFO Running benchmark: /mydata/cache_ext/My-YCSB/build/run_net_leveldb /mydata/cache_ext/eviction_evo/traces/ycsb_b.yaml
2026-03-09 15:27:02,645 INFO CMD: /mydata/cache_ext/My-YCSB/build/run_net_leveldb /mydata/cache_ext/eviction_evo/traces/ycsb_b.yaml
2026-03-09 15:29:59,569 INFO Benchmark stdout:
ZipfianWorkload: start initializing zipfian variables, might take a while
Zipfian (Warm-Up) (epoch 0, progress 0.00%): UPDATE throughput 0.00 ops/sec, INSERT throughput 0.00 ops/sec, READ throughput 0.00 ops/sec, SCAN throughput 0.00 ops/sec, READ_MODIFY_WRITE throughput 0.00 ops/sec, total throughput 0.00 ops/sec
Zipfian (Warm-Up) (epoch 1, progress 0.00%): UPDATE throughput 0.00 ops/sec, INSERT throughput 0.00 ops/sec, READ throughput 6.00 ops/sec, SCAN throughput 0.00 ops/sec, READ_MODIFY_WRITE throughput 0.00 ops/sec, total throughput 6.00 ops/sec
Zipfian (Warm-Up) (epoch 2, progress 0.00%): UPDATE throughput 4.00 ops/sec, INSERT throughput 0.00 ops/sec, READ throughput 81.99 ops/sec, SCAN throughput 0.00 ops/sec, READ_MODIFY_WRITE throughput 0.00 ops/sec, total throughput 85.99 ops/sec
Zipfian (Warm-Up) (epoch 3, progress 0.00%): UPDATE throughput 7.00 ops/sec, INSERT throughput 0.00 ops/sec, READ throughput 117.98 ops/sec, SCAN throughput 0.00 ops/sec, READ_MODIFY_WRITE throughput 0.00 ops/sec, total throughput 124.98 ops/sec
Zipfian (Warm-Up) (epoch 4, progress 0.00%): UPDATE throughput 9.00 ops/sec, INSERT throughput 0.00 ops/sec, READ throughput 156.98 ops/sec, SCAN throughput 0.00 ops/sec, READ_MODIFY_WRITE throughput 0.00 ops/sec, total throughput 165.98 ops/sec
Zipfian (Warm-Up) (epoch 5, progress 0.00%): UPDATE throughput 5.00 ops/sec, INSERT throughput 0.00 ops/sec, READ throughput 156.98 ops/sec, SCAN throughput 0.00 ops/sec, READ_MODIFY_WRITE throughput 0.00 ops/sec, total throughput 161.98 ops/sec
Zipfian (Warm-Up) (epoch 6, progress 0.00%): UPDATE throughput 6.00 ops/sec, INSERT throughput 0.00 ops/sec, READ throughput 190.97 ops/sec, SCAN throughput 0.00 ops/sec, READ_MODIFY_WRITE throughput 0.00 ops/sec, total throughput 196.97 ops/sec
Zipfian (Warm-Up) (epoch 7, progress 0.00%): UPDATE throughput 7.00 ops/sec, INSERT throughput 0.00 ops/sec, READ throughput 212.97 ops/sec, SCAN throughput 0.00 ops/sec, READ_MODIFY_WRITE throughput 0.00 ops/sec, 
2026-03-09 15:29:59,570 INFO Trace ycsb_b: throughput=328.68 ops/sec
2026-03-09 15:29:59,570 INFO --- Trace 3/8: ycsb_c ---
2026-03-09 15:29:59,570 INFO CMD: sudo sync
2026-03-09 15:30:00,124 INFO CMD: sudo sh -c echo 3 > /proc/sys/vm/drop_caches
2026-03-09 15:30:00,994 INFO Page cache dropped.
2026-03-09 15:30:03,026 INFO Running benchmark: /mydata/cache_ext/My-YCSB/build/run_net_leveldb /mydata/cache_ext/eviction_evo/traces/ycsb_c.yaml
2026-03-09 15:30:03,088 INFO CMD: /mydata/cache_ext/My-YCSB/build/run_net_leveldb /mydata/cache_ext/eviction_evo/traces/ycsb_c.yaml
2026-03-09 15:33:00,885 INFO Benchmark stdout:
ZipfianWorkload: start initializing zipfian variables, might take a while
Zipfian (Warm-Up) (epoch 0, progress 0.00%): UPDATE throughput 0.00 ops/sec, INSERT throughput 0.00 ops/sec, READ throughput 0.00 ops/sec, SCAN throughput 0.00 ops/sec, READ_MODIFY_WRITE throughput 0.00 ops/sec, total throughput 0.00 ops/sec
Zipfian (Warm-Up) (epoch 1, progress 0.00%): UPDATE throughput 0.00 ops/sec, INSERT throughput 0.00 ops/sec, READ throughput 134.98 ops/sec, SCAN throughput 0.00 ops/sec, READ_MODIFY_WRITE throughput 0.00 ops/sec, total throughput 134.98 ops/sec
Zipfian (Warm-Up) (epoch 2, progress 0.00%): UPDATE throughput 0.00 ops/sec, INSERT throughput 0.00 ops/sec, READ throughput 148.98 ops/sec, SCAN throughput 0.00 ops/sec, READ_MODIFY_WRITE throughput 0.00 ops/sec, total throughput 148.98 ops/sec
Zipfian (Warm-Up) (epoch 3, progress 0.00%): UPDATE throughput 0.00 ops/sec, INSERT throughput 0.00 ops/sec, READ throughput 138.98 ops/sec, SCAN throughput 0.00 ops/sec, READ_MODIFY_WRITE throughput 0.00 ops/sec, total throughput 138.98 ops/sec
Zipfian (Warm-Up) (epoch 4, progress 0.00%): UPDATE throughput 0.00 ops/sec, INSERT throughput 0.00 ops/sec, READ throughput 167.98 ops/sec, SCAN throughput 0.00 ops/sec, READ_MODIFY_WRITE throughput 0.00 ops/sec, total throughput 167.98 ops/sec
Zipfian (Warm-Up) (epoch 5, progress 0.00%): UPDATE throughput 0.00 ops/sec, INSERT throughput 0.00 ops/sec, READ throughput 205.97 ops/sec, SCAN throughput 0.00 ops/sec, READ_MODIFY_WRITE throughput 0.00 ops/sec, total throughput 205.97 ops/sec
Zipfian (Warm-Up) (epoch 6, progress 0.00%): UPDATE throughput 0.00 ops/sec, INSERT throughput 0.00 ops/sec, READ throughput 187.98 ops/sec, SCAN throughput 0.00 ops/sec, READ_MODIFY_WRITE throughput 0.00 ops/sec, total throughput 187.98 ops/sec
Zipfian (Warm-Up) (epoch 7, progress 0.00%): UPDATE throughput 0.00 ops/sec, INSERT throughput 0.00 ops/sec, READ throughput 195.98 ops/sec, SCAN throughput 0.00 ops/sec, READ_MODIFY_WRITE throughput 0.00 ops
2026-03-09 15:33:00,886 INFO Trace ycsb_c: throughput=305.08 ops/sec
2026-03-09 15:33:00,886 INFO --- Trace 4/8: ycsb_d ---
2026-03-09 15:33:00,886 INFO CMD: sudo sync
2026-03-09 15:33:01,105 INFO CMD: sudo sh -c echo 3 > /proc/sys/vm/drop_caches
2026-03-09 15:33:02,504 INFO Page cache dropped.
2026-03-09 15:33:04,525 INFO Running benchmark: /mydata/cache_ext/My-YCSB/build/run_net_leveldb /mydata/cache_ext/eviction_evo/traces/ycsb_d.yaml
2026-03-09 15:33:04,546 INFO CMD: /mydata/cache_ext/My-YCSB/build/run_net_leveldb /mydata/cache_ext/eviction_evo/traces/ycsb_d.yaml
2026-03-09 15:36:02,134 INFO Benchmark stdout:
LatestWorkload: start initializing zipfian variables, might take a while
Latest (Warm-Up) (epoch 0, progress 0.00%): UPDATE throughput 0.00 ops/sec, INSERT throughput 0.00 ops/sec, READ throughput 0.00 ops/sec, SCAN throughput 0.00 ops/sec, READ_MODIFY_WRITE throughput 0.00 ops/sec, total throughput 0.00 ops/sec
Latest (Warm-Up) (epoch 1, progress 0.19%): UPDATE throughput 0.00 ops/sec, INSERT throughput 7462.40 ops/sec, READ throughput 141708.66 ops/sec, SCAN throughput 0.00 ops/sec, READ_MODIFY_WRITE throughput 0.00 ops/sec, total throughput 149171.07 ops/sec
Latest (Warm-Up) (epoch 2, progress 0.42%): UPDATE throughput 0.00 ops/sec, INSERT throughput 9509.05 ops/sec, READ throughput 175876.41 ops/sec, SCAN throughput 0.00 ops/sec, READ_MODIFY_WRITE throughput 0.00 ops/sec, total throughput 185385.46 ops/sec
Latest (Warm-Up) (epoch 3, progress 0.61%): UPDATE throughput 0.00 ops/sec, INSERT throughput 7731.27 ops/sec, READ throughput 146341.10 ops/sec, SCAN throughput 0.00 ops/sec, READ_MODIFY_WRITE throughput 0.00 ops/sec, total throughput 154072.36 ops/sec
Latest (Warm-Up) (epoch 4, progress 0.83%): UPDATE throughput 0.00 ops/sec, INSERT throughput 8934.21 ops/sec, READ throughput 167350.27 ops/sec, SCAN throughput 0.00 ops/sec, READ_MODIFY_WRITE throughput 0.00 ops/sec, total throughput 176284.49 ops/sec
Latest (Warm-Up) (epoch 5, progress 1.02%): UPDATE throughput 0.00 ops/sec, INSERT throughput 7517.17 ops/sec, READ throughput 143307.09 ops/sec, SCAN throughput 0.00 ops/sec, READ_MODIFY_WRITE throughput 0.00 ops/sec, total throughput 150824.26 ops/sec
Latest (Warm-Up) (epoch 6, progress 1.25%): UPDATE throughput 0.00 ops/sec, INSERT throughput 9385.01 ops/sec, READ throughput 176817.26 ops/sec, SCAN throughput 0.00 ops/sec, READ_MODIFY_WRITE throughput 0.00 ops/sec, total throughput 186202.26 ops/sec
Latest (Warm-Up) (epoch 7, progress 1.41%): UPDATE throughput 0.00 ops/sec, INSERT throughput 6333.44 ops/sec, READ throughput 120772.37 ops/sec, SCAN throughput 
2026-03-09 15:36:02,134 INFO Trace ycsb_d: throughput=145409.81 ops/sec
2026-03-09 15:36:02,134 INFO --- Trace 5/8: ycsb_e ---
2026-03-09 15:36:02,135 INFO CMD: sudo sync
2026-03-09 15:36:02,411 INFO CMD: sudo sh -c echo 3 > /proc/sys/vm/drop_caches
2026-03-09 15:36:03,111 INFO Page cache dropped.
2026-03-09 15:36:05,126 INFO Running benchmark: /mydata/cache_ext/My-YCSB/build/run_net_leveldb /mydata/cache_ext/eviction_evo/traces/ycsb_e.yaml
2026-03-09 15:36:05,146 INFO CMD: /mydata/cache_ext/My-YCSB/build/run_net_leveldb /mydata/cache_ext/eviction_evo/traces/ycsb_e.yaml
2026-03-09 15:39:02,111 INFO Benchmark stdout:
ZipfianWorkload: start initializing zipfian variables, might take a while
Zipfian (Warm-Up) (epoch 0, progress 0.00%): UPDATE throughput 0.00 ops/sec, INSERT throughput 0.00 ops/sec, READ throughput 0.00 ops/sec, SCAN throughput 0.00 ops/sec, READ_MODIFY_WRITE throughput 0.00 ops/sec, total throughput 0.00 ops/sec
Zipfian (Warm-Up) (epoch 1, progress 0.00%): UPDATE throughput 0.00 ops/sec, INSERT throughput 3.00 ops/sec, READ throughput 0.00 ops/sec, SCAN throughput 48.99 ops/sec, READ_MODIFY_WRITE throughput 0.00 ops/sec, total throughput 51.99 ops/sec
Zipfian (Warm-Up) (epoch 2, progress 0.00%): UPDATE throughput 0.00 ops/sec, INSERT throughput 2.00 ops/sec, READ throughput 0.00 ops/sec, SCAN throughput 63.99 ops/sec, READ_MODIFY_WRITE throughput 0.00 ops/sec, total throughput 65.99 ops/sec
Zipfian (Warm-Up) (epoch 3, progress 0.00%): UPDATE throughput 0.00 ops/sec, INSERT throughput 4.00 ops/sec, READ throughput 0.00 ops/sec, SCAN throughput 59.99 ops/sec, READ_MODIFY_WRITE throughput 0.00 ops/sec, total throughput 63.99 ops/sec
Zipfian (Warm-Up) (epoch 4, progress 0.00%): UPDATE throughput 0.00 ops/sec, INSERT throughput 2.00 ops/sec, READ throughput 0.00 ops/sec, SCAN throughput 66.99 ops/sec, READ_MODIFY_WRITE throughput 0.00 ops/sec, total throughput 68.99 ops/sec
Zipfian (Warm-Up) (epoch 5, progress 0.00%): UPDATE throughput 0.00 ops/sec, INSERT throughput 6.00 ops/sec, READ throughput 0.00 ops/sec, SCAN throughput 62.99 ops/sec, READ_MODIFY_WRITE throughput 0.00 ops/sec, total throughput 68.99 ops/sec
Zipfian (Warm-Up) (epoch 6, progress 0.00%): UPDATE throughput 0.00 ops/sec, INSERT throughput 2.00 ops/sec, READ throughput 0.00 ops/sec, SCAN throughput 64.99 ops/sec, READ_MODIFY_WRITE throughput 0.00 ops/sec, total throughput 66.99 ops/sec
Zipfian (Warm-Up) (epoch 7, progress 0.00%): UPDATE throughput 0.00 ops/sec, INSERT throughput 3.00 ops/sec, READ throughput 0.00 ops/sec, SCAN throughput 69.99 ops/sec, READ_MODIFY_WRITE throughput 0.00 ops/sec, total t
2026-03-09 15:39:02,111 INFO Trace ycsb_e: throughput=116.12 ops/sec
2026-03-09 15:39:02,112 INFO --- Trace 6/8: ycsb_f ---
2026-03-09 15:39:02,112 INFO CMD: sudo sync
2026-03-09 15:39:02,382 INFO CMD: sudo sh -c echo 3 > /proc/sys/vm/drop_caches
2026-03-09 15:39:03,221 INFO Page cache dropped.
2026-03-09 15:39:05,228 INFO Running benchmark: /mydata/cache_ext/My-YCSB/build/run_net_leveldb /mydata/cache_ext/eviction_evo/traces/ycsb_f.yaml
2026-03-09 15:39:05,361 INFO CMD: /mydata/cache_ext/My-YCSB/build/run_net_leveldb /mydata/cache_ext/eviction_evo/traces/ycsb_f.yaml
2026-03-09 15:42:03,587 INFO Benchmark stdout:
ZipfianWorkload: start initializing zipfian variables, might take a while
Zipfian (Warm-Up) (epoch 0, progress 0.00%): UPDATE throughput 0.00 ops/sec, INSERT throughput 0.00 ops/sec, READ throughput 0.00 ops/sec, SCAN throughput 0.00 ops/sec, READ_MODIFY_WRITE throughput 0.00 ops/sec, total throughput 0.00 ops/sec
Zipfian (Warm-Up) (epoch 1, progress 0.00%): UPDATE throughput 0.00 ops/sec, INSERT throughput 0.00 ops/sec, READ throughput 117.99 ops/sec, SCAN throughput 0.00 ops/sec, READ_MODIFY_WRITE throughput 129.99 ops/sec, total throughput 247.98 ops/sec
Zipfian (Warm-Up) (epoch 2, progress 0.00%): UPDATE throughput 0.00 ops/sec, INSERT throughput 0.00 ops/sec, READ throughput 114.99 ops/sec, SCAN throughput 0.00 ops/sec, READ_MODIFY_WRITE throughput 148.99 ops/sec, total throughput 263.97 ops/sec
Zipfian (Warm-Up) (epoch 3, progress 0.00%): UPDATE throughput 0.00 ops/sec, INSERT throughput 0.00 ops/sec, READ throughput 139.99 ops/sec, SCAN throughput 0.00 ops/sec, READ_MODIFY_WRITE throughput 129.99 ops/sec, total throughput 269.97 ops/sec
Zipfian (Warm-Up) (epoch 4, progress 0.00%): UPDATE throughput 0.00 ops/sec, INSERT throughput 0.00 ops/sec, READ throughput 165.98 ops/sec, SCAN throughput 0.00 ops/sec, READ_MODIFY_WRITE throughput 175.98 ops/sec, total throughput 341.97 ops/sec
Zipfian (Warm-Up) (epoch 5, progress 0.00%): UPDATE throughput 0.00 ops/sec, INSERT throughput 0.00 ops/sec, READ throughput 156.99 ops/sec, SCAN throughput 0.00 ops/sec, READ_MODIFY_WRITE throughput 135.99 ops/sec, total throughput 292.97 ops/sec
Zipfian (Warm-Up) (epoch 6, progress 0.00%): UPDATE throughput 0.00 ops/sec, INSERT throughput 0.00 ops/sec, READ throughput 147.99 ops/sec, SCAN throughput 0.00 ops/sec, READ_MODIFY_WRITE throughput 139.99 ops/sec, total throughput 287.97 ops/sec
Zipfian (Warm-Up) (epoch 7, progress 0.00%): UPDATE throughput 0.00 ops/sec, INSERT throughput 0.00 ops/sec, READ throughput 209.98 ops/sec, SCAN throughput 0.00 ops/sec, READ_MODIFY_WRITE through
2026-03-09 15:42:03,587 INFO Trace ycsb_f: throughput=552.60 ops/sec
2026-03-09 15:42:03,587 INFO --- Trace 7/8: uniform ---
2026-03-09 15:42:03,587 INFO CMD: sudo sync
2026-03-09 15:42:03,935 INFO CMD: sudo sh -c echo 3 > /proc/sys/vm/drop_caches
2026-03-09 15:42:04,794 INFO Page cache dropped.
2026-03-09 15:42:06,829 INFO Running benchmark: /mydata/cache_ext/My-YCSB/build/run_net_leveldb /mydata/cache_ext/eviction_evo/traces/uniform.yaml
2026-03-09 15:42:08,297 INFO CMD: /mydata/cache_ext/My-YCSB/build/run_net_leveldb /mydata/cache_ext/eviction_evo/traces/uniform.yaml
2026-03-09 15:44:40,743 INFO Benchmark stdout:
Uniform (Warm-Up) (epoch 0, progress 0.00%): UPDATE throughput 0.00 ops/sec, INSERT throughput 0.00 ops/sec, READ throughput 0.00 ops/sec, SCAN throughput 0.00 ops/sec, READ_MODIFY_WRITE throughput 0.00 ops/sec, total throughput 0.00 ops/sec
Uniform (Warm-Up) (epoch 1, progress 0.00%): UPDATE throughput 0.00 ops/sec, INSERT throughput 0.00 ops/sec, READ throughput 38.99 ops/sec, SCAN throughput 0.00 ops/sec, READ_MODIFY_WRITE throughput 0.00 ops/sec, total throughput 38.99 ops/sec
Uniform (Warm-Up) (epoch 2, progress 0.00%): UPDATE throughput 0.00 ops/sec, INSERT throughput 0.00 ops/sec, READ throughput 63.99 ops/sec, SCAN throughput 0.00 ops/sec, READ_MODIFY_WRITE throughput 0.00 ops/sec, total throughput 63.99 ops/sec
Uniform (Warm-Up) (epoch 3, progress 0.00%): UPDATE throughput 0.00 ops/sec, INSERT throughput 0.00 ops/sec, READ throughput 55.99 ops/sec, SCAN throughput 0.00 ops/sec, READ_MODIFY_WRITE throughput 0.00 ops/sec, total throughput 55.99 ops/sec
Uniform (Warm-Up) (epoch 4, progress 0.00%): UPDATE throughput 0.00 ops/sec, INSERT throughput 0.00 ops/sec, READ throughput 69.99 ops/sec, SCAN throughput 0.00 ops/sec, READ_MODIFY_WRITE throughput 0.00 ops/sec, total throughput 69.99 ops/sec
Uniform (Warm-Up) (epoch 5, progress 0.00%): UPDATE throughput 0.00 ops/sec, INSERT throughput 0.00 ops/sec, READ throughput 72.99 ops/sec, SCAN throughput 0.00 ops/sec, READ_MODIFY_WRITE throughput 0.00 ops/sec, total throughput 72.99 ops/sec
Uniform (Warm-Up) (epoch 6, progress 0.00%): UPDATE throughput 0.00 ops/sec, INSERT throughput 0.00 ops/sec, READ throughput 57.99 ops/sec, SCAN throughput 0.00 ops/sec, READ_MODIFY_WRITE throughput 0.00 ops/sec, total throughput 57.99 ops/sec
Uniform (Warm-Up) (epoch 7, progress 0.00%): UPDATE throughput 0.00 ops/sec, INSERT throughput 0.00 ops/sec, READ throughput 74.99 ops/sec, SCAN throughput 0.00 ops/sec, READ_MODIFY_WRITE throughput 0.00 ops/sec, total throughput 74.99 ops/sec
Uniform (Warm-Up) (epoch 8, progress 0.00%): UPDAT
2026-03-09 15:44:40,743 INFO Trace uniform: throughput=136.19 ops/sec
2026-03-09 15:44:40,744 INFO --- Trace 8/8: uniform_rw ---
2026-03-09 15:44:40,744 INFO CMD: sudo sync
2026-03-09 15:44:41,086 INFO CMD: sudo sh -c echo 3 > /proc/sys/vm/drop_caches
2026-03-09 15:44:41,767 INFO Page cache dropped.
2026-03-09 15:44:43,777 INFO Running benchmark: /mydata/cache_ext/My-YCSB/build/run_net_leveldb /mydata/cache_ext/eviction_evo/traces/uniform_read_write.yaml
2026-03-09 15:44:43,791 INFO CMD: /mydata/cache_ext/My-YCSB/build/run_net_leveldb /mydata/cache_ext/eviction_evo/traces/uniform_read_write.yaml
2026-03-09 15:47:15,985 INFO Benchmark stdout:
Uniform (Warm-Up) (epoch 0, progress 0.00%): UPDATE throughput 0.00 ops/sec, INSERT throughput 0.00 ops/sec, READ throughput 0.00 ops/sec, SCAN throughput 0.00 ops/sec, READ_MODIFY_WRITE throughput 0.00 ops/sec, total throughput 0.00 ops/sec
Uniform (Warm-Up) (epoch 1, progress 0.00%): UPDATE throughput 0.00 ops/sec, INSERT throughput 54.99 ops/sec, READ throughput 55.99 ops/sec, SCAN throughput 0.00 ops/sec, READ_MODIFY_WRITE throughput 0.00 ops/sec, total throughput 110.98 ops/sec
Uniform (Warm-Up) (epoch 2, progress 0.00%): UPDATE throughput 0.00 ops/sec, INSERT throughput 64.99 ops/sec, READ throughput 81.99 ops/sec, SCAN throughput 0.00 ops/sec, READ_MODIFY_WRITE throughput 0.00 ops/sec, total throughput 146.98 ops/sec
Uniform (Warm-Up) (epoch 3, progress 0.00%): UPDATE throughput 0.00 ops/sec, INSERT throughput 63.99 ops/sec, READ throughput 66.99 ops/sec, SCAN throughput 0.00 ops/sec, READ_MODIFY_WRITE throughput 0.00 ops/sec, total throughput 130.99 ops/sec
Uniform (Warm-Up) (epoch 4, progress 0.00%): UPDATE throughput 0.00 ops/sec, INSERT throughput 99.99 ops/sec, READ throughput 84.99 ops/sec, SCAN throughput 0.00 ops/sec, READ_MODIFY_WRITE throughput 0.00 ops/sec, total throughput 184.97 ops/sec
Uniform (Warm-Up) (epoch 5, progress 0.00%): UPDATE throughput 0.00 ops/sec, INSERT throughput 79.99 ops/sec, READ throughput 88.99 ops/sec, SCAN throughput 0.00 ops/sec, READ_MODIFY_WRITE throughput 0.00 ops/sec, total throughput 168.98 ops/sec
Uniform (Warm-Up) (epoch 6, progress 0.00%): UPDATE throughput 0.00 ops/sec, INSERT throughput 77.99 ops/sec, READ throughput 85.99 ops/sec, SCAN throughput 0.00 ops/sec, READ_MODIFY_WRITE throughput 0.00 ops/sec, total throughput 163.98 ops/sec
Uniform (Warm-Up) (epoch 7, progress 0.00%): UPDATE throughput 0.00 ops/sec, INSERT throughput 89.99 ops/sec, READ throughput 79.99 ops/sec, SCAN throughput 0.00 ops/sec, READ_MODIFY_WRITE throughput 0.00 ops/sec, total throughput 169.98 ops/sec
Uniform (Warm-Up) (epoch 8, progress
2026-03-09 15:47:15,986 INFO Trace uniform_rw: throughput=265.57 ops/sec
2026-03-09 15:47:16,001 INFO === Evaluation complete ===
2026-03-09 15:47:16,001 INFO Combined score (harmonic mean): 270.98  (8/8 traces passed)
2026-03-09 15:47:16,001 INFO   ycsb_a: 600.43 ops/sec
2026-03-09 15:47:16,001 INFO   ycsb_b: 328.68 ops/sec
2026-03-09 15:47:16,001 INFO   ycsb_c: 305.08 ops/sec
2026-03-09 15:47:16,001 INFO   ycsb_d: 145409.81 ops/sec
2026-03-09 15:47:16,001 INFO   ycsb_e: 116.12 ops/sec
2026-03-09 15:47:16,001 INFO   ycsb_f: 552.60 ops/sec
2026-03-09 15:47:16,001 INFO   uniform: 136.19 ops/sec
2026-03-09 15:47:16,001 INFO   uniform_rw: 265.57 ops/sec
2026-03-09 15:47:16,001 INFO Stopping net_leveldb_server (PID 206596)
2026-03-09 15:47:16,002 INFO CMD: sudo kill 206596
2026-03-09 15:47:16,401 INFO Unloading BPF policy (PID 206589)
2026-03-09 15:47:16,401 INFO CMD: sudo kill -2 206589
2026-03-09 15:47:16,634 INFO CMD: sudo rm -f /sys/fs/bpf/cache_ext/scan_pids
2026-03-09 15:47:16,679 INFO CMD: sudo cgdelete memory:cache_ext_test
2026-03-09 15:47:16,760 INFO CMD: sudo sh -c echo 0x0000 > /sys/kernel/mm/lru_gen/enabled
2026-03-09 15:47:16,779 INFO MGLRU re-enabled (restored to 0x0000).
