2026-03-27 10:27:50,118 INFO Waiting for evaluation lock /tmp/cache_ext_evaluate_0.lock ...
2026-03-27 11:01:13,912 INFO Acquired evaluation lock.
2026-03-27 11:01:13,954 INFO === Step 0: Drop page cache ===
2026-03-27 11:01:13,954 INFO Database already exists at /mydata/leveldb_temp (CURRENT file found), skipping copy
2026-03-27 11:01:13,954 INFO CMD: sudo sync
2026-03-27 11:01:14,151 INFO CMD: sudo sh -c echo 3 > /proc/sys/vm/drop_caches
2026-03-27 11:01:14,382 INFO Page cache dropped.
2026-03-27 11:01:14,382 INFO === Step 1: Compile evolved policy ===
2026-03-27 11:01:14,398 INFO CMD: sudo chown -R root: /mydata/cache_ext/eviction_evo/build
2026-03-27 11:01:14,720 INFO CMD: clang-14 -O2 -target bpf -D__TARGET_ARCH_x86 -c -g -Wall -idirafter /usr/lib/llvm-14/lib/clang/14.0.0/include -idirafter /usr/local/include -idirafter /usr/include/x86_64-linux-gnu -idirafter /usr/include /mydata/cache_ext/eviction_evo/build/cache_ext_evolved.bpf.c -o /mydata/cache_ext/eviction_evo/build/cache_ext_evolved.bpf.o
2026-03-27 11:01:17,119 ERROR Evaluation failed: RuntimeError: BPF compilation failed:
STDOUT: 
STDERR: /mydata/cache_ext/eviction_evo/build/cache_ext_evolved.bpf.c:390:1: error: expected expression
=======
^
/mydata/cache_ext/eviction_evo/build/cache_ext_evolved.bpf.c:390:3: error: expected expression
=======
  ^
/mydata/cache_ext/eviction_evo/build/cache_ext_evolved.bpf.c:390:5: error: expected expression
=======
    ^
/mydata/cache_ext/eviction_evo/build/cache_ext_evolved.bpf.c:390:7: error: expected expression
=======
      ^
/mydata/cache_ext/eviction_evo/build/cache_ext_evolved.bpf.c:396:5: error: unexpected type name 'u64': expected expression
    u64 now = bpf_ktime_get_ns();
    ^
/mydata/cache_ext/eviction_evo/build/cache_ext_evolved.bpf.c:397:21: error: use of undeclared identifier 'now'
    s64 age = (s64)(now - meta->last_access_ts);
                    ^
6 errors generated.

Traceback (most recent call last):
  File "/mydata/cache_ext/eviction_evo/evaluate.py", line 904, in evaluate
    loader_path = compile_bpf_policy(program_path, BUILD_DIR)
  File "/mydata/cache_ext/eviction_evo/evaluate.py", line 250, in compile_bpf_policy
    raise RuntimeError(f"BPF compilation failed:\nSTDOUT: {result.stdout}\nSTDERR: {result.stderr}")
RuntimeError: BPF compilation failed:
STDOUT: 
STDERR: /mydata/cache_ext/eviction_evo/build/cache_ext_evolved.bpf.c:390:1: error: expected expression
=======
^
/mydata/cache_ext/eviction_evo/build/cache_ext_evolved.bpf.c:390:3: error: expected expression
=======
  ^
/mydata/cache_ext/eviction_evo/build/cache_ext_evolved.bpf.c:390:5: error: expected expression
=======
    ^
/mydata/cache_ext/eviction_evo/build/cache_ext_evolved.bpf.c:390:7: error: expected expression
=======
      ^
/mydata/cache_ext/eviction_evo/build/cache_ext_evolved.bpf.c:396:5: error: unexpected type name 'u64': expected expression
    u64 now = bpf_ktime_get_ns();
    ^
/mydata/cache_ext/eviction_evo/build/cache_ext_evolved.bpf.c:397:21: error: use of undeclared identifier 'now'
    s64 age = (s64)(now - meta->last_access_ts);
                    ^
6 errors generated.


