2026-03-11 12:50:28,220 INFO Waiting for evaluation lock /tmp/cache_ext_evaluate.lock ...
2026-03-11 12:56:21,674 INFO Acquired evaluation lock.
2026-03-11 12:56:21,674 INFO === Step 0: Drop page cache ===
2026-03-11 12:56:21,675 INFO Database already exists at /mydata/leveldb_temp (CURRENT file found), skipping rsync
2026-03-11 12:56:21,675 INFO CMD: sudo sync
2026-03-11 12:56:21,793 INFO CMD: sudo sh -c echo 3 > /proc/sys/vm/drop_caches
2026-03-11 12:56:22,047 INFO Page cache dropped.
2026-03-11 12:56:22,047 INFO === Step 1: Compile evolved policy ===
2026-03-11 12:56:22,098 INFO CMD: sudo chown -R root: /mydata/cache_ext/eviction_evo/build
2026-03-11 12:56:22,424 INFO CMD: clang-14 -O2 -target bpf -D__TARGET_ARCH_x86 -c -g -Wall -idirafter /usr/lib/llvm-14/lib/clang/14.0.0/include -idirafter /usr/local/include -idirafter /usr/include/x86_64-linux-gnu -idirafter /usr/include /mydata/cache_ext/eviction_evo/build/cache_ext_evolved.bpf.c -o /mydata/cache_ext/eviction_evo/build/cache_ext_evolved.bpf.o
2026-03-11 12:56:25,424 INFO CMD: /usr/local/sbin/bpftool gen skeleton /mydata/cache_ext/eviction_evo/build/cache_ext_evolved.bpf.o name cache_ext_evolved_bpf
2026-03-11 12:56:25,627 INFO CMD: clang-14 -O2 -g -Wall -I/mydata/cache_ext/eviction_evo/build -I/mydata/cache_ext/policies /mydata/cache_ext/eviction_evo/cache_ext_evolved.c -o /mydata/cache_ext/eviction_evo/build/cache_ext_evolved.out -L/usr/local/lib64 -lbpf
2026-03-11 12:56:26,538 INFO Compilation successful: /mydata/cache_ext/eviction_evo/build/cache_ext_evolved.out
2026-03-11 12:56:26,538 INFO === Step 2: Disable MGLRU ===
2026-03-11 12:56:26,538 INFO MGLRU current state: 0x0007 — disabling
2026-03-11 12:56:26,538 INFO CMD: sudo sh -c echo 0 > /sys/kernel/mm/lru_gen/enabled
2026-03-11 12:56:26,619 INFO MGLRU disabled.
2026-03-11 12:56:26,619 INFO === Step 3: Create cgroup ===
2026-03-11 12:56:26,619 INFO CMD: sudo cgdelete memory:cache_ext_test
2026-03-11 12:56:26,652 INFO CMD: sudo cgcreate -g memory:cache_ext_test
2026-03-11 12:56:26,750 INFO CMD: sudo sh -c echo 536870912 > /sys/fs/cgroup/cache_ext_test/memory.max
2026-03-11 12:56:26,764 INFO Created cgroup cache_ext_test with limit 536870912 bytes
2026-03-11 12:56:26,765 INFO === Step 4: Load BPF policy ===
2026-03-11 12:56:26,765 INFO Loading policy: sudo /mydata/cache_ext/eviction_evo/build/cache_ext_evolved.out --watch_dir /mydata/leveldb_temp --cgroup_path /sys/fs/cgroup/cache_ext_test
2026-03-11 12:56:36,775 INFO Policy loaded (PID 33143)
2026-03-11 12:56:36,776 INFO === Step 5: Start server ===
2026-03-11 12:56:36,776 INFO Starting server: sudo cgexec -g memory:cache_ext_test /mydata/cache_ext/net_leveldb_server 9100 /mydata/leveldb_temp
2026-03-11 12:56:36,777 INFO Waiting for server on port 9100 ...
2026-03-11 12:56:37,836 INFO Server ready (PID 33163) on port 9100
2026-03-11 12:56:37,836 INFO === Step 6: Run 2 trace benchmarks ===
2026-03-11 12:56:37,836 INFO --- Trace 1/2: dual_small_vs_large ---
2026-03-11 12:56:38,467 INFO Starting remote client reader_fast on krisub@node1: ssh -o StrictHostKeyChecking=no -o BatchMode=yes -i /users/krisub/.ssh/id_ed25519 krisub@node1 sh -lc 'if command -v cgexec >/dev/null 2>&1; then cgexec -g memory:cache_ext_remote_clients /mydata/cache_ext/My-YCSB/build/run_net_leveldb /tmp/dual_reader_fast_ed61x74k.yaml && exit 0; fi; exec /mydata/cache_ext/My-YCSB/build/run_net_leveldb /tmp/dual_reader_fast_ed61x74k.yaml'
2026-03-11 12:56:38,718 INFO Starting remote client writer_slow on krisub@node1: ssh -o StrictHostKeyChecking=no -o BatchMode=yes -i /users/krisub/.ssh/id_ed25519 krisub@node1 sh -lc 'if command -v cgexec >/dev/null 2>&1; then cgexec -g memory:cache_ext_remote_clients /mydata/cache_ext/My-YCSB/build/run_net_leveldb /tmp/dual_writer_slow_s_08mo62.yaml && exit 0; fi; exec /mydata/cache_ext/My-YCSB/build/run_net_leveldb /tmp/dual_writer_slow_s_08mo62.yaml'
2026-03-11 12:59:37,155 INFO Client reader_fast: throughput=1170.00
2026-03-11 12:59:37,156 INFO Client writer_slow: throughput=511.15
2026-03-11 12:59:37,156 INFO Dual-client combined throughput: 1681.15 ops/sec
2026-03-11 12:59:37,638 INFO Trace dual_small_vs_large: throughput=1681.15 ops/sec
2026-03-11 12:59:37,639 INFO --- Trace 2/2: dual_congested ---
2026-03-11 12:59:37,639 INFO CMD: sudo sync
2026-03-11 12:59:37,812 INFO CMD: sudo sh -c echo 3 > /proc/sys/vm/drop_caches
2026-03-11 12:59:38,101 INFO Page cache dropped.
2026-03-11 12:59:40,923 INFO Starting remote client wan_reader on krisub@node1: ssh -o StrictHostKeyChecking=no -o BatchMode=yes -i /users/krisub/.ssh/id_ed25519 krisub@node1 sh -lc 'if command -v cgexec >/dev/null 2>&1; then cgexec -g memory:cache_ext_remote_clients /mydata/cache_ext/My-YCSB/build/run_net_leveldb /tmp/dual_wan_reader_ecsh0w9o.yaml && exit 0; fi; exec /mydata/cache_ext/My-YCSB/build/run_net_leveldb /tmp/dual_wan_reader_ecsh0w9o.yaml'
2026-03-11 12:59:41,171 INFO Starting remote client wan_writer on krisub@node1: ssh -o StrictHostKeyChecking=no -o BatchMode=yes -i /users/krisub/.ssh/id_ed25519 krisub@node1 sh -lc 'if command -v cgexec >/dev/null 2>&1; then cgexec -g memory:cache_ext_remote_clients /mydata/cache_ext/My-YCSB/build/run_net_leveldb /tmp/dual_wan_writer_u1gjjv1v.yaml && exit 0; fi; exec /mydata/cache_ext/My-YCSB/build/run_net_leveldb /tmp/dual_wan_writer_u1gjjv1v.yaml'
2026-03-11 13:02:39,317 INFO Client wan_reader: throughput=1413.08
2026-03-11 13:02:39,318 INFO Client wan_writer: throughput=1695.92
2026-03-11 13:02:39,318 INFO Dual-client combined throughput: 3109.00 ops/sec
2026-03-11 13:02:39,770 INFO Trace dual_congested: throughput=3109.00 ops/sec
2026-03-11 13:02:39,788 INFO === Evaluation complete ===
2026-03-11 13:02:39,788 INFO Combined score (harmonic mean): 2182.27  (2/2 traces passed)
2026-03-11 13:02:39,788 INFO   dual_small_vs_large: 1681.15 ops/sec
2026-03-11 13:02:39,788 INFO   dual_congested: 3109.00 ops/sec
2026-03-11 13:02:39,788 INFO Stopping net_leveldb_server (PID 33163)
2026-03-11 13:02:39,789 INFO CMD: sudo kill 33163
2026-03-11 13:02:39,890 INFO Unloading BPF policy (PID 33143)
2026-03-11 13:02:39,890 INFO CMD: sudo kill -2 33143
2026-03-11 13:02:40,171 INFO CMD: sudo rm -f /sys/fs/bpf/cache_ext/scan_pids
2026-03-11 13:02:40,190 INFO CMD: sudo cgdelete memory:cache_ext_test
2026-03-11 13:02:40,219 INFO CMD: sudo sh -c echo 0x0007 > /sys/kernel/mm/lru_gen/enabled
2026-03-11 13:02:40,317 INFO MGLRU re-enabled (restored to 0x0007).
