2026-03-11 13:04:11,578 INFO Waiting for evaluation lock /tmp/cache_ext_evaluate.lock ...
2026-03-11 13:09:03,719 INFO Acquired evaluation lock.
2026-03-11 13:09:03,719 INFO === Step 0: Drop page cache ===
2026-03-11 13:09:03,719 INFO Database already exists at /mydata/leveldb_temp (CURRENT file found), skipping rsync
2026-03-11 13:09:03,719 INFO CMD: sudo sync
2026-03-11 13:09:03,842 INFO CMD: sudo sh -c echo 3 > /proc/sys/vm/drop_caches
2026-03-11 13:09:04,071 INFO Page cache dropped.
2026-03-11 13:09:04,071 INFO === Step 1: Compile evolved policy ===
2026-03-11 13:09:04,078 INFO CMD: sudo chown -R root: /mydata/cache_ext/eviction_evo/build
2026-03-11 13:09:04,402 INFO CMD: clang-14 -O2 -target bpf -D__TARGET_ARCH_x86 -c -g -Wall -idirafter /usr/lib/llvm-14/lib/clang/14.0.0/include -idirafter /usr/local/include -idirafter /usr/include/x86_64-linux-gnu -idirafter /usr/include /mydata/cache_ext/eviction_evo/build/cache_ext_evolved.bpf.c -o /mydata/cache_ext/eviction_evo/build/cache_ext_evolved.bpf.o
2026-03-11 13:09:07,537 INFO CMD: /usr/local/sbin/bpftool gen skeleton /mydata/cache_ext/eviction_evo/build/cache_ext_evolved.bpf.o name cache_ext_evolved_bpf
2026-03-11 13:09:07,732 INFO CMD: clang-14 -O2 -g -Wall -I/mydata/cache_ext/eviction_evo/build -I/mydata/cache_ext/policies /mydata/cache_ext/eviction_evo/cache_ext_evolved.c -o /mydata/cache_ext/eviction_evo/build/cache_ext_evolved.out -L/usr/local/lib64 -lbpf
2026-03-11 13:09:08,646 INFO Compilation successful: /mydata/cache_ext/eviction_evo/build/cache_ext_evolved.out
2026-03-11 13:09:08,647 INFO === Step 2: Disable MGLRU ===
2026-03-11 13:09:08,647 INFO MGLRU current state: 0x0007 — disabling
2026-03-11 13:09:08,647 INFO CMD: sudo sh -c echo 0 > /sys/kernel/mm/lru_gen/enabled
2026-03-11 13:09:08,728 INFO MGLRU disabled.
2026-03-11 13:09:08,728 INFO === Step 3: Create cgroup ===
2026-03-11 13:09:08,728 INFO CMD: sudo cgdelete memory:cache_ext_test
2026-03-11 13:09:08,779 INFO CMD: sudo cgcreate -g memory:cache_ext_test
2026-03-11 13:09:08,885 INFO CMD: sudo sh -c echo 536870912 > /sys/fs/cgroup/cache_ext_test/memory.max
2026-03-11 13:09:08,899 INFO Created cgroup cache_ext_test with limit 536870912 bytes
2026-03-11 13:09:08,899 INFO === Step 4: Load BPF policy ===
2026-03-11 13:09:08,900 INFO Loading policy: sudo /mydata/cache_ext/eviction_evo/build/cache_ext_evolved.out --watch_dir /mydata/leveldb_temp --cgroup_path /sys/fs/cgroup/cache_ext_test
2026-03-11 13:09:18,911 INFO Policy loaded (PID 34815)
2026-03-11 13:09:18,911 INFO === Step 5: Start server ===
2026-03-11 13:09:18,911 INFO Starting server: sudo cgexec -g memory:cache_ext_test /mydata/cache_ext/net_leveldb_server 9100 /mydata/leveldb_temp
2026-03-11 13:09:18,912 INFO Waiting for server on port 9100 ...
2026-03-11 13:09:19,973 INFO Server ready (PID 34839) on port 9100
2026-03-11 13:09:19,973 INFO === Step 6: Run 2 trace benchmarks ===
2026-03-11 13:09:19,973 INFO --- Trace 1/2: dual_small_vs_large ---
2026-03-11 13:09:20,639 INFO Starting remote client reader_fast on krisub@node1: ssh -o StrictHostKeyChecking=no -o BatchMode=yes -i /users/krisub/.ssh/id_ed25519 krisub@node1 sh -lc 'if command -v cgexec >/dev/null 2>&1; then cgexec -g memory:cache_ext_remote_clients /mydata/cache_ext/My-YCSB/build/run_net_leveldb /tmp/dual_reader_fast_j3kso0xd.yaml && exit 0; fi; exec /mydata/cache_ext/My-YCSB/build/run_net_leveldb /tmp/dual_reader_fast_j3kso0xd.yaml'
2026-03-11 13:09:20,890 INFO Starting remote client writer_slow on krisub@node1: ssh -o StrictHostKeyChecking=no -o BatchMode=yes -i /users/krisub/.ssh/id_ed25519 krisub@node1 sh -lc 'if command -v cgexec >/dev/null 2>&1; then cgexec -g memory:cache_ext_remote_clients /mydata/cache_ext/My-YCSB/build/run_net_leveldb /tmp/dual_writer_slow_6adyz6jh.yaml && exit 0; fi; exec /mydata/cache_ext/My-YCSB/build/run_net_leveldb /tmp/dual_writer_slow_6adyz6jh.yaml'
2026-03-11 13:12:18,977 INFO Client reader_fast: throughput=1198.25
2026-03-11 13:12:20,265 INFO Client writer_slow: throughput=390.14
2026-03-11 13:12:20,266 INFO Dual-client combined throughput: 1588.39 ops/sec
2026-03-11 13:12:20,731 INFO Trace dual_small_vs_large: throughput=1588.39 ops/sec
2026-03-11 13:12:20,731 INFO --- Trace 2/2: dual_congested ---
2026-03-11 13:12:20,731 INFO CMD: sudo sync
2026-03-11 13:12:20,853 INFO CMD: sudo sh -c echo 3 > /proc/sys/vm/drop_caches
2026-03-11 13:12:21,171 INFO Page cache dropped.
2026-03-11 13:12:23,911 INFO Starting remote client wan_reader on krisub@node1: ssh -o StrictHostKeyChecking=no -o BatchMode=yes -i /users/krisub/.ssh/id_ed25519 krisub@node1 sh -lc 'if command -v cgexec >/dev/null 2>&1; then cgexec -g memory:cache_ext_remote_clients /mydata/cache_ext/My-YCSB/build/run_net_leveldb /tmp/dual_wan_reader_652omsaj.yaml && exit 0; fi; exec /mydata/cache_ext/My-YCSB/build/run_net_leveldb /tmp/dual_wan_reader_652omsaj.yaml'
2026-03-11 13:12:24,166 INFO Starting remote client wan_writer on krisub@node1: ssh -o StrictHostKeyChecking=no -o BatchMode=yes -i /users/krisub/.ssh/id_ed25519 krisub@node1 sh -lc 'if command -v cgexec >/dev/null 2>&1; then cgexec -g memory:cache_ext_remote_clients /mydata/cache_ext/My-YCSB/build/run_net_leveldb /tmp/dual_wan_writer_pc5nv7vi.yaml && exit 0; fi; exec /mydata/cache_ext/My-YCSB/build/run_net_leveldb /tmp/dual_wan_writer_pc5nv7vi.yaml'
2026-03-11 13:15:22,198 INFO Client wan_reader: throughput=1376.79
2026-03-11 13:15:22,509 INFO Client wan_writer: throughput=1666.45
2026-03-11 13:15:22,509 INFO Dual-client combined throughput: 3043.24 ops/sec
2026-03-11 13:15:22,974 INFO Trace dual_congested: throughput=3043.24 ops/sec
2026-03-11 13:15:23,012 INFO === Evaluation complete ===
2026-03-11 13:15:23,012 INFO Combined score (harmonic mean): 2087.32  (2/2 traces passed)
2026-03-11 13:15:23,012 INFO   dual_small_vs_large: 1588.39 ops/sec
2026-03-11 13:15:23,012 INFO   dual_congested: 3043.24 ops/sec
2026-03-11 13:15:23,012 INFO Stopping net_leveldb_server (PID 34839)
2026-03-11 13:15:23,012 INFO CMD: sudo kill 34839
2026-03-11 13:15:23,132 INFO Unloading BPF policy (PID 34815)
2026-03-11 13:15:23,132 INFO CMD: sudo kill -2 34815
2026-03-11 13:15:23,514 INFO CMD: sudo rm -f /sys/fs/bpf/cache_ext/scan_pids
2026-03-11 13:15:23,538 INFO CMD: sudo cgdelete memory:cache_ext_test
2026-03-11 13:15:23,567 INFO CMD: sudo sh -c echo 0x0007 > /sys/kernel/mm/lru_gen/enabled
2026-03-11 13:15:23,669 INFO MGLRU re-enabled (restored to 0x0007).
