2026-03-04 15:22:39,412 INFO Waiting for evaluation lock /tmp/cache_ext_evaluate.lock ...
2026-03-04 15:24:56,553 INFO Acquired evaluation lock.
2026-03-04 15:24:56,554 INFO === Step 0: Drop page cache ===
2026-03-04 15:24:56,554 INFO Database already exists at /mydata/leveldb_temp (CURRENT file found), skipping rsync
2026-03-04 15:24:56,554 INFO CMD: sudo sync
2026-03-04 15:24:56,799 INFO CMD: sudo sh -c echo 3 > /proc/sys/vm/drop_caches
2026-03-04 15:24:57,258 INFO Page cache dropped.
2026-03-04 15:24:57,258 INFO === Step 1: Compile evolved policy ===
2026-03-04 15:24:57,269 INFO CMD: sudo chown -R krisub: /mydata/cache_ext/eviction_evo/build
2026-03-04 15:24:57,690 INFO CMD: clang-14 -O2 -target bpf -D__TARGET_ARCH_x86 -c -g -Wall -idirafter /usr/lib/llvm-14/lib/clang/14.0.0/include -idirafter /usr/local/include -idirafter /usr/include/x86_64-linux-gnu -idirafter /usr/include /mydata/cache_ext/eviction_evo/build/cache_ext_evolved.bpf.c -o /mydata/cache_ext/eviction_evo/build/cache_ext_evolved.bpf.o
2026-03-04 15:25:00,516 ERROR Evaluation failed: RuntimeError: BPF compilation failed:
STDOUT: 
STDERR: /mydata/cache_ext/eviction_evo/build/cache_ext_evolved.bpf.c:160:5: error: use of undeclared identifier 'main_list'; did you mean 'warm_list'?
    main_list = bpf_cache_ext_ds_registry_new_list(memcg);
    ^~~~~~~~~
    warm_list
/mydata/cache_ext/eviction_evo/build/cache_ext_evolved.bpf.c:96:12: note: 'warm_list' declared here
static u64 warm_list;  // Recently accessed once, mid-priority
           ^
/mydata/cache_ext/eviction_evo/build/cache_ext_evolved.bpf.c:161:10: error: use of undeclared identifier 'main_list'; did you mean 'warm_list'?
    if (!main_list)
         ^~~~~~~~~
         warm_list
/mydata/cache_ext/eviction_evo/build/cache_ext_evolved.bpf.c:96:12: note: 'warm_list' declared here
static u64 warm_list;  // Recently accessed once, mid-priority
           ^
/mydata/cache_ext/eviction_evo/build/cache_ext_evolved.bpf.c:172:39: error: use of undeclared identifier 'main_list'; did you mean 'warm_list'?
    bpf_cache_ext_list_iterate(memcg, main_list, bpf_evict_cb, eviction_ctx);
                                      ^~~~~~~~~
                                      warm_list
/mydata/cache_ext/eviction_evo/build/cache_ext_evolved.bpf.c:96:12: note: 'warm_list' declared here
static u64 warm_list;  // Recently accessed once, mid-priority
           ^
/mydata/cache_ext/eviction_evo/build/cache_ext_evolved.bpf.c:182:43: error: use of undeclared identifier 'main_list'; did you mean 'warm_list'?
    int ret = bpf_cache_ext_list_add_tail(main_list, folio);
                                          ^~~~~~~~~
                                          warm_list
/mydata/cache_ext/eviction_evo/build/cache_ext_evolved.bpf.c:96:12: note: 'warm_list' declared here
static u64 warm_list;  // Recently accessed once, mid-priority
           ^
/mydata/cache_ext/eviction_evo/build/cache_ext_evolved.bpf.c:212:42: error: use of undeclared identifier 'main_list'; did you mean 'warm_list'?
        int ret = bpf_cache_ext_list_add(main_list, folio);
                                         ^~~~~~~~~
                                         warm_list
/mydata/cache_ext/eviction_evo/build/cache_ext_evolved.bpf.c:96:12: note: 'warm_list' declared here
static u64 warm_list;  // Recently accessed once, mid-priority
           ^
/mydata/cache_ext/eviction_evo/build/cache_ext_evolved.bpf.c:215:37: error: use of undeclared identifier 'main_list'; did you mean 'warm_list'?
            bpf_cache_ext_list_move(main_list, folio, false);
                                    ^~~~~~~~~
                                    warm_list
/mydata/cache_ext/eviction_evo/build/cache_ext_evolved.bpf.c:96:12: note: 'warm_list' declared here
static u64 warm_list;  // Recently accessed once, mid-priority
           ^
/mydata/cache_ext/eviction_evo/build/cache_ext_evolved.bpf.c:241:29: error: use of undeclared identifier 'main_list'; did you mean 'warm_list'?
    bpf_cache_ext_list_move(main_list, folio, false);
                            ^~~~~~~~~
                            warm_list
/mydata/cache_ext/eviction_evo/build/cache_ext_evolved.bpf.c:96:12: note: 'warm_list' declared here
static u64 warm_list;  // Recently accessed once, mid-priority
           ^
7 errors generated.

Traceback (most recent call last):
  File "/mydata/cache_ext/eviction_evo/evaluate.py", line 459, in evaluate
    loader_path = compile_bpf_policy(program_path, BUILD_DIR)
                  ^^^^^^^^^^^^^^^^^^^^^^^^^^^^^^^^^^^^^^^^^^^
  File "/mydata/cache_ext/eviction_evo/evaluate.py", line 153, in compile_bpf_policy
    raise RuntimeError(f"BPF compilation failed:\nSTDOUT: {result.stdout}\nSTDERR: {result.stderr}")
RuntimeError: BPF compilation failed:
STDOUT: 
STDERR: /mydata/cache_ext/eviction_evo/build/cache_ext_evolved.bpf.c:160:5: error: use of undeclared identifier 'main_list'; did you mean 'warm_list'?
    main_list = bpf_cache_ext_ds_registry_new_list(memcg);
    ^~~~~~~~~
    warm_list
/mydata/cache_ext/eviction_evo/build/cache_ext_evolved.bpf.c:96:12: note: 'warm_list' declared here
static u64 warm_list;  // Recently accessed once, mid-priority
           ^
/mydata/cache_ext/eviction_evo/build/cache_ext_evolved.bpf.c:161:10: error: use of undeclared identifier 'main_list'; did you mean 'warm_list'?
    if (!main_list)
         ^~~~~~~~~
         warm_list
/mydata/cache_ext/eviction_evo/build/cache_ext_evolved.bpf.c:96:12: note: 'warm_list' declared here
static u64 warm_list;  // Recently accessed once, mid-priority
           ^
/mydata/cache_ext/eviction_evo/build/cache_ext_evolved.bpf.c:172:39: error: use of undeclared identifier 'main_list'; did you mean 'warm_list'?
    bpf_cache_ext_list_iterate(memcg, main_list, bpf_evict_cb, eviction_ctx);
                                      ^~~~~~~~~
                                      warm_list
/mydata/cache_ext/eviction_evo/build/cache_ext_evolved.bpf.c:96:12: note: 'warm_list' declared here
static u64 warm_list;  // Recently accessed once, mid-priority
           ^
/mydata/cache_ext/eviction_evo/build/cache_ext_evolved.bpf.c:182:43: error: use of undeclared identifier 'main_list'; did you mean 'warm_list'?
    int ret = bpf_cache_ext_list_add_tail(main_list, folio);
                                          ^~~~~~~~~
                                          warm_list
/mydata/cache_ext/eviction_evo/build/cache_ext_evolved.bpf.c:96:12: note: 'warm_list' declared here
static u64 warm_list;  // Recently accessed once, mid-priority
           ^
/mydata/cache_ext/eviction_evo/build/cache_ext_evolved.bpf.c:212:42: error: use of undeclared identifier 'main_list'; did you mean 'warm_list'?
        int ret = bpf_cache_ext_list_add(main_list, folio);
                                         ^~~~~~~~~
                                         warm_list
/mydata/cache_ext/eviction_evo/build/cache_ext_evolved.bpf.c:96:12: note: 'warm_list' declared here
static u64 warm_list;  // Recently accessed once, mid-priority
           ^
/mydata/cache_ext/eviction_evo/build/cache_ext_evolved.bpf.c:215:37: error: use of undeclared identifier 'main_list'; did you mean 'warm_list'?
            bpf_cache_ext_list_move(main_list, folio, false);
                                    ^~~~~~~~~
                                    warm_list
/mydata/cache_ext/eviction_evo/build/cache_ext_evolved.bpf.c:96:12: note: 'warm_list' declared here
static u64 warm_list;  // Recently accessed once, mid-priority
           ^
/mydata/cache_ext/eviction_evo/build/cache_ext_evolved.bpf.c:241:29: error: use of undeclared identifier 'main_list'; did you mean 'warm_list'?
    bpf_cache_ext_list_move(main_list, folio, false);
                            ^~~~~~~~~
                            warm_list
/mydata/cache_ext/eviction_evo/build/cache_ext_evolved.bpf.c:96:12: note: 'warm_list' declared here
static u64 warm_list;  // Recently accessed once, mid-priority
           ^
7 errors generated.


2026-03-04 15:25:00,524 INFO CMD: sudo cgdelete memory:cache_ext_test
