2026-03-21 23:33:43,843 INFO Waiting for evaluation lock /tmp/cache_ext_evaluate_0.lock ...
2026-03-22 00:03:02,224 INFO Acquired evaluation lock.
2026-03-22 00:03:02,266 INFO === Step 0: Drop page cache ===
2026-03-22 00:03:02,266 INFO Database already exists at /mydata/leveldb_temp (CURRENT file found), skipping copy
2026-03-22 00:03:02,266 INFO CMD: sudo sync
2026-03-22 00:03:02,407 INFO CMD: sudo sh -c echo 3 > /proc/sys/vm/drop_caches
2026-03-22 00:03:02,640 INFO Page cache dropped.
2026-03-22 00:03:02,641 INFO === Step 1: Compile evolved policy ===
2026-03-22 00:03:02,662 INFO CMD: sudo chown -R root: /mydata/cache_ext/eviction_evo/build
2026-03-22 00:03:02,969 INFO CMD: clang-14 -O2 -target bpf -D__TARGET_ARCH_x86 -c -g -Wall -idirafter /usr/lib/llvm-14/lib/clang/14.0.0/include -idirafter /usr/local/include -idirafter /usr/include/x86_64-linux-gnu -idirafter /usr/include /mydata/cache_ext/eviction_evo/build/cache_ext_evolved.bpf.c -o /mydata/cache_ext/eviction_evo/build/cache_ext_evolved.bpf.o
2026-03-22 00:03:05,768 INFO CMD: /usr/local/sbin/bpftool gen skeleton /mydata/cache_ext/eviction_evo/build/cache_ext_evolved.bpf.o name cache_ext_evolved_bpf
2026-03-22 00:03:05,948 INFO CMD: clang-14 -O2 -g -Wall -I/mydata/cache_ext/eviction_evo/build -I/mydata/cache_ext/policies /mydata/cache_ext/eviction_evo/cache_ext_evolved.c -o /mydata/cache_ext/eviction_evo/build/cache_ext_evolved.out -L/usr/local/lib64 -lbpf
2026-03-22 00:03:06,776 INFO Compilation successful: /mydata/cache_ext/eviction_evo/build/cache_ext_evolved.out
2026-03-22 00:03:06,776 INFO === Step 2: Disable MGLRU ===
2026-03-22 00:03:06,778 INFO MGLRU watchdog started (PID 52534, will restore in 7800 s)
2026-03-22 00:03:06,778 INFO MGLRU current state: 0x0007 — disabling
2026-03-22 00:03:06,778 INFO CMD: sudo sh -c echo 0 > /sys/kernel/mm/lru_gen/enabled
2026-03-22 00:03:06,816 INFO MGLRU disabled.
2026-03-22 00:03:06,816 INFO === Step 3: Create cgroup ===
2026-03-22 00:03:06,891 INFO CMD: sudo cgcreate -g memory:cache_ext_test
2026-03-22 00:03:06,994 INFO CMD: sudo sh -c echo 536870912 > /sys/fs/cgroup/cache_ext_test/memory.max
2026-03-22 00:03:07,008 INFO Created cgroup cache_ext_test with limit 536870912 bytes
2026-03-22 00:03:07,008 INFO === Step 4: Load BPF policy ===
2026-03-22 00:03:07,008 INFO Loading policy: sudo /mydata/cache_ext/eviction_evo/build/cache_ext_evolved.out --watch_dir /mydata/leveldb_temp --cgroup_path /sys/fs/cgroup/cache_ext_test
2026-03-22 00:03:17,020 INFO Policy loaded (PID 52555)
2026-03-22 00:03:17,020 INFO === Step 5: Start server ===
2026-03-22 00:03:17,020 INFO Starting server: sudo cgexec -g memory:cache_ext_test /mydata/cache_ext/net_leveldb_server 9100 /mydata/leveldb_temp
2026-03-22 00:03:17,021 INFO Waiting for server on port 9100 ...
2026-03-22 00:03:18,071 INFO Server ready (PID 52558) on port 9100
2026-03-22 00:03:18,071 INFO === Step 6: Run 2 traces x 5 runs = 10 total benchmarks ===
2026-03-22 00:03:18,116 INFO --- Trace 1/2 (dual_small_vs_large) run 1/5  [1/10 overall] ---
2026-03-22 00:03:18,116 INFO CMD: sudo sync
2026-03-22 00:03:18,342 INFO CMD: sudo sh -c echo 3 > /proc/sys/vm/drop_caches
2026-03-22 00:03:18,589 INFO Page cache dropped.
2026-03-22 00:03:21,333 INFO Starting remote client reader_fast on krisub@node1: ssh -o StrictHostKeyChecking=no -o BatchMode=yes -i /users/krisub/.ssh/id_ed25519 krisub@node1 sh -lc 'exec /mydata/cache_ext/My-YCSB/build/run_net_leveldb /tmp/dual_reader_fast_3bbathyr.yaml'
2026-03-22 00:03:21,590 INFO Starting remote client writer_slow on krisub@node1: ssh -o StrictHostKeyChecking=no -o BatchMode=yes -i /users/krisub/.ssh/id_ed25519 krisub@node1 sh -lc 'exec /mydata/cache_ext/My-YCSB/build/run_net_leveldb /tmp/dual_writer_slow_0igsrc0o.yaml'
2026-03-22 00:06:20,166 INFO Client reader_fast: throughput=1593.21
2026-03-22 00:06:20,168 INFO Client writer_slow: throughput=246.80
2026-03-22 00:06:20,168 INFO Dual-client combined throughput: 1840.01 ops/sec
2026-03-22 00:06:20,649 INFO Trace dual_small_vs_large run 1: throughput=1840.01 ops/sec
2026-03-22 00:06:20,650 INFO --- Trace 1/2 (dual_small_vs_large) run 2/5  [2/10 overall] ---
2026-03-22 00:06:20,650 INFO CMD: sudo sync
2026-03-22 00:06:20,835 INFO CMD: sudo sh -c echo 3 > /proc/sys/vm/drop_caches
2026-03-22 00:06:21,127 INFO Page cache dropped.
2026-03-22 00:06:23,889 INFO Starting remote client reader_fast on krisub@node1: ssh -o StrictHostKeyChecking=no -o BatchMode=yes -i /users/krisub/.ssh/id_ed25519 krisub@node1 sh -lc 'exec /mydata/cache_ext/My-YCSB/build/run_net_leveldb /tmp/dual_reader_fast_3i23tpqw.yaml'
2026-03-22 00:06:24,140 INFO Starting remote client writer_slow on krisub@node1: ssh -o StrictHostKeyChecking=no -o BatchMode=yes -i /users/krisub/.ssh/id_ed25519 krisub@node1 sh -lc 'exec /mydata/cache_ext/My-YCSB/build/run_net_leveldb /tmp/dual_writer_slow_y0nj_s8a.yaml'
2026-03-22 00:09:22,769 INFO Client reader_fast: throughput=1367.56
2026-03-22 00:09:22,771 INFO Client writer_slow: throughput=238.74
2026-03-22 00:09:22,771 INFO Dual-client combined throughput: 1606.30 ops/sec
2026-03-22 00:09:23,237 INFO Trace dual_small_vs_large run 2: throughput=1606.30 ops/sec
2026-03-22 00:09:23,237 INFO --- Trace 1/2 (dual_small_vs_large) run 3/5  [3/10 overall] ---
2026-03-22 00:09:23,237 INFO CMD: sudo sync
2026-03-22 00:09:23,515 INFO CMD: sudo sh -c echo 3 > /proc/sys/vm/drop_caches
2026-03-22 00:09:23,809 INFO Page cache dropped.
2026-03-22 00:09:26,550 INFO Starting remote client reader_fast on krisub@node1: ssh -o StrictHostKeyChecking=no -o BatchMode=yes -i /users/krisub/.ssh/id_ed25519 krisub@node1 sh -lc 'exec /mydata/cache_ext/My-YCSB/build/run_net_leveldb /tmp/dual_reader_fast_o1o6mbz3.yaml'
2026-03-22 00:09:26,801 INFO Starting remote client writer_slow on krisub@node1: ssh -o StrictHostKeyChecking=no -o BatchMode=yes -i /users/krisub/.ssh/id_ed25519 krisub@node1 sh -lc 'exec /mydata/cache_ext/My-YCSB/build/run_net_leveldb /tmp/dual_writer_slow_dog9oiza.yaml'
2026-03-22 00:12:24,728 INFO Client reader_fast: throughput=1294.06
2026-03-22 00:12:24,730 INFO Client writer_slow: throughput=240.98
2026-03-22 00:12:24,730 INFO Dual-client combined throughput: 1535.04 ops/sec
2026-03-22 00:12:25,181 INFO Trace dual_small_vs_large run 3: throughput=1535.04 ops/sec
2026-03-22 00:12:25,182 INFO --- Trace 1/2 (dual_small_vs_large) run 4/5  [4/10 overall] ---
2026-03-22 00:12:25,182 INFO CMD: sudo sync
2026-03-22 00:12:25,423 INFO CMD: sudo sh -c echo 3 > /proc/sys/vm/drop_caches
2026-03-22 00:12:25,713 INFO Page cache dropped.
2026-03-22 00:12:28,489 INFO Starting remote client reader_fast on krisub@node1: ssh -o StrictHostKeyChecking=no -o BatchMode=yes -i /users/krisub/.ssh/id_ed25519 krisub@node1 sh -lc 'exec /mydata/cache_ext/My-YCSB/build/run_net_leveldb /tmp/dual_reader_fast_r60m21kq.yaml'
2026-03-22 00:12:28,725 INFO Starting remote client writer_slow on krisub@node1: ssh -o StrictHostKeyChecking=no -o BatchMode=yes -i /users/krisub/.ssh/id_ed25519 krisub@node1 sh -lc 'exec /mydata/cache_ext/My-YCSB/build/run_net_leveldb /tmp/dual_writer_slow_bn_jrjux.yaml'
2026-03-22 00:15:26,905 INFO Client reader_fast: throughput=1278.99
2026-03-22 00:15:26,907 INFO Client writer_slow: throughput=237.10
2026-03-22 00:15:26,907 INFO Dual-client combined throughput: 1516.09 ops/sec
2026-03-22 00:15:27,371 INFO Trace dual_small_vs_large run 4: throughput=1516.09 ops/sec
2026-03-22 00:15:27,371 INFO --- Trace 1/2 (dual_small_vs_large) run 5/5  [5/10 overall] ---
2026-03-22 00:15:27,371 INFO CMD: sudo sync
2026-03-22 00:15:27,572 INFO CMD: sudo sh -c echo 3 > /proc/sys/vm/drop_caches
2026-03-22 00:15:27,852 INFO Page cache dropped.
2026-03-22 00:15:30,610 INFO Starting remote client reader_fast on krisub@node1: ssh -o StrictHostKeyChecking=no -o BatchMode=yes -i /users/krisub/.ssh/id_ed25519 krisub@node1 sh -lc 'exec /mydata/cache_ext/My-YCSB/build/run_net_leveldb /tmp/dual_reader_fast_v42rikdw.yaml'
2026-03-22 00:15:30,869 INFO Starting remote client writer_slow on krisub@node1: ssh -o StrictHostKeyChecking=no -o BatchMode=yes -i /users/krisub/.ssh/id_ed25519 krisub@node1 sh -lc 'exec /mydata/cache_ext/My-YCSB/build/run_net_leveldb /tmp/dual_writer_slow_o27e6opf.yaml'
2026-03-22 00:18:28,746 INFO Client reader_fast: throughput=1263.21
2026-03-22 00:18:28,747 INFO Client writer_slow: throughput=248.51
2026-03-22 00:18:28,747 INFO Dual-client combined throughput: 1511.72 ops/sec
2026-03-22 00:18:29,221 INFO Trace dual_small_vs_large run 5: throughput=1511.72 ops/sec
2026-03-22 00:18:29,222 INFO Trace dual_small_vs_large summary: mean=1601.83 std=138.46 min=1511.72 max=1840.01 (CV=8.6%)
2026-03-22 00:18:29,269 INFO --- Trace 2/2 (dual_congested) run 1/5  [6/10 overall] ---
2026-03-22 00:18:29,269 INFO CMD: sudo sync
2026-03-22 00:18:29,522 INFO CMD: sudo sh -c echo 3 > /proc/sys/vm/drop_caches
2026-03-22 00:18:29,796 INFO Page cache dropped.
2026-03-22 00:18:32,442 INFO Starting remote client wan_reader on krisub@node1: ssh -o StrictHostKeyChecking=no -o BatchMode=yes -i /users/krisub/.ssh/id_ed25519 krisub@node1 sh -lc 'exec /mydata/cache_ext/My-YCSB/build/run_net_leveldb /tmp/dual_wan_reader__0wtp10b.yaml'
2026-03-22 00:18:32,701 INFO Starting remote client wan_writer on krisub@node1: ssh -o StrictHostKeyChecking=no -o BatchMode=yes -i /users/krisub/.ssh/id_ed25519 krisub@node1 sh -lc 'exec /mydata/cache_ext/My-YCSB/build/run_net_leveldb /tmp/dual_wan_writer_je281rlw.yaml'
2026-03-22 00:21:30,624 INFO Client wan_reader: throughput=1324.66
2026-03-22 00:21:30,890 INFO Client wan_writer: throughput=1604.80
2026-03-22 00:21:30,890 INFO Dual-client combined throughput: 2929.46 ops/sec
2026-03-22 00:21:31,377 INFO Trace dual_congested run 1: throughput=2929.46 ops/sec
2026-03-22 00:21:31,377 INFO --- Trace 2/2 (dual_congested) run 2/5  [7/10 overall] ---
2026-03-22 00:21:31,377 INFO CMD: sudo sync
2026-03-22 00:21:31,688 INFO CMD: sudo sh -c echo 3 > /proc/sys/vm/drop_caches
2026-03-22 00:21:31,980 INFO Page cache dropped.
2026-03-22 00:21:34,613 INFO Starting remote client wan_reader on krisub@node1: ssh -o StrictHostKeyChecking=no -o BatchMode=yes -i /users/krisub/.ssh/id_ed25519 krisub@node1 sh -lc 'exec /mydata/cache_ext/My-YCSB/build/run_net_leveldb /tmp/dual_wan_reader_el1nt3tq.yaml'
2026-03-22 00:21:34,864 INFO Starting remote client wan_writer on krisub@node1: ssh -o StrictHostKeyChecking=no -o BatchMode=yes -i /users/krisub/.ssh/id_ed25519 krisub@node1 sh -lc 'exec /mydata/cache_ext/My-YCSB/build/run_net_leveldb /tmp/dual_wan_writer_y6flt220.yaml'
2026-03-22 00:24:32,789 INFO Client wan_reader: throughput=1281.92
2026-03-22 00:24:33,205 INFO Client wan_writer: throughput=1729.24
2026-03-22 00:24:33,205 INFO Dual-client combined throughput: 3011.16 ops/sec
2026-03-22 00:24:33,665 INFO Trace dual_congested run 2: throughput=3011.16 ops/sec
2026-03-22 00:24:33,665 INFO --- Trace 2/2 (dual_congested) run 3/5  [8/10 overall] ---
2026-03-22 00:24:33,665 INFO CMD: sudo sync
2026-03-22 00:24:33,962 INFO CMD: sudo sh -c echo 3 > /proc/sys/vm/drop_caches
2026-03-22 00:24:34,256 INFO Page cache dropped.
2026-03-22 00:24:37,024 INFO Starting remote client wan_reader on krisub@node1: ssh -o StrictHostKeyChecking=no -o BatchMode=yes -i /users/krisub/.ssh/id_ed25519 krisub@node1 sh -lc 'exec /mydata/cache_ext/My-YCSB/build/run_net_leveldb /tmp/dual_wan_reader__bmcc1y0.yaml'
2026-03-22 00:24:37,273 INFO Starting remote client wan_writer on krisub@node1: ssh -o StrictHostKeyChecking=no -o BatchMode=yes -i /users/krisub/.ssh/id_ed25519 krisub@node1 sh -lc 'exec /mydata/cache_ext/My-YCSB/build/run_net_leveldb /tmp/dual_wan_writer_34dokgx7.yaml'
2026-03-22 00:27:35,395 INFO Client wan_reader: throughput=1307.05
2026-03-22 00:27:35,611 INFO Client wan_writer: throughput=1820.09
2026-03-22 00:27:35,611 INFO Dual-client combined throughput: 3127.14 ops/sec
2026-03-22 00:27:36,069 INFO Trace dual_congested run 3: throughput=3127.14 ops/sec
2026-03-22 00:27:36,069 INFO --- Trace 2/2 (dual_congested) run 4/5  [9/10 overall] ---
2026-03-22 00:27:36,069 INFO CMD: sudo sync
2026-03-22 00:27:36,323 INFO CMD: sudo sh -c echo 3 > /proc/sys/vm/drop_caches
2026-03-22 00:27:36,623 INFO Page cache dropped.
2026-03-22 00:27:39,257 INFO Starting remote client wan_reader on krisub@node1: ssh -o StrictHostKeyChecking=no -o BatchMode=yes -i /users/krisub/.ssh/id_ed25519 krisub@node1 sh -lc 'exec /mydata/cache_ext/My-YCSB/build/run_net_leveldb /tmp/dual_wan_reader_6p1husj8.yaml'
2026-03-22 00:27:39,505 INFO Starting remote client wan_writer on krisub@node1: ssh -o StrictHostKeyChecking=no -o BatchMode=yes -i /users/krisub/.ssh/id_ed25519 krisub@node1 sh -lc 'exec /mydata/cache_ext/My-YCSB/build/run_net_leveldb /tmp/dual_wan_writer_182s143g.yaml'
2026-03-22 00:30:37,426 INFO Client wan_reader: throughput=1282.94
2026-03-22 00:30:37,642 INFO Client wan_writer: throughput=1726.29
2026-03-22 00:30:37,642 INFO Dual-client combined throughput: 3009.23 ops/sec
2026-03-22 00:30:38,113 INFO Trace dual_congested run 4: throughput=3009.23 ops/sec
2026-03-22 00:30:38,114 INFO --- Trace 2/2 (dual_congested) run 5/5  [10/10 overall] ---
2026-03-22 00:30:38,114 INFO CMD: sudo sync
2026-03-22 00:30:38,394 INFO CMD: sudo sh -c echo 3 > /proc/sys/vm/drop_caches
2026-03-22 00:30:38,670 INFO Page cache dropped.
2026-03-22 00:30:41,289 INFO Starting remote client wan_reader on krisub@node1: ssh -o StrictHostKeyChecking=no -o BatchMode=yes -i /users/krisub/.ssh/id_ed25519 krisub@node1 sh -lc 'exec /mydata/cache_ext/My-YCSB/build/run_net_leveldb /tmp/dual_wan_reader_idddwsqm.yaml'
2026-03-22 00:30:41,545 INFO Starting remote client wan_writer on krisub@node1: ssh -o StrictHostKeyChecking=no -o BatchMode=yes -i /users/krisub/.ssh/id_ed25519 krisub@node1 sh -lc 'exec /mydata/cache_ext/My-YCSB/build/run_net_leveldb /tmp/dual_wan_writer_9qulcy1g.yaml'
2026-03-22 00:33:39,569 INFO Client wan_reader: throughput=1223.29
2026-03-22 00:33:39,884 INFO Client wan_writer: throughput=1740.62
2026-03-22 00:33:39,885 INFO Dual-client combined throughput: 2963.91 ops/sec
2026-03-22 00:33:40,349 INFO Trace dual_congested run 5: throughput=2963.91 ops/sec
2026-03-22 00:33:40,350 INFO Trace dual_congested summary: mean=3008.18 std=74.70 min=2929.46 max=3127.14 (CV=2.5%)
2026-03-22 00:33:40,367 INFO === Evaluation complete (5 runs per trace) ===
2026-03-22 00:33:40,367 INFO Combined score (harmonic mean of means): 2090.49  (2/2 traces passed)
2026-03-22 00:33:40,367 INFO   dual_small_vs_large: mean=1601.83 std=138.46 [1511.72 .. 1840.01]
2026-03-22 00:33:40,367 INFO   dual_congested: mean=3008.18 std=74.70 [2929.46 .. 3127.14]
2026-03-22 00:33:40,367 INFO Stopping net_leveldb_server (PID 52558)
2026-03-22 00:33:40,367 INFO CMD: sudo kill 52558
2026-03-22 00:33:40,557 INFO Unloading BPF policy (PID 52555)
2026-03-22 00:33:40,557 INFO CMD: sudo kill -2 52555
2026-03-22 00:33:40,887 INFO CMD: sudo rm -f /sys/fs/bpf/cache_ext/scan_pids
2026-03-22 00:33:40,983 INFO CMD: sudo sh -c echo 0x0007 > /sys/kernel/mm/lru_gen/enabled
2026-03-22 00:33:41,058 INFO MGLRU re-enabled (restored to 0x0007).
2026-03-22 00:33:41,058 INFO MGLRU watchdog stopped (PID 52534)
