2026-03-11 13:29:04,063 INFO Waiting for evaluation lock /tmp/cache_ext_evaluate.lock ...
2026-03-11 13:34:27,215 INFO Acquired evaluation lock.
2026-03-11 13:34:27,216 INFO === Step 0: Drop page cache ===
2026-03-11 13:34:27,216 INFO Database already exists at /mydata/leveldb_temp (CURRENT file found), skipping rsync
2026-03-11 13:34:27,216 INFO CMD: sudo sync
2026-03-11 13:34:27,332 INFO CMD: sudo sh -c echo 3 > /proc/sys/vm/drop_caches
2026-03-11 13:34:27,595 INFO Page cache dropped.
2026-03-11 13:34:27,596 INFO === Step 1: Compile evolved policy ===
2026-03-11 13:34:27,650 INFO CMD: sudo chown -R root: /mydata/cache_ext/eviction_evo/build
2026-03-11 13:34:27,958 INFO CMD: clang-14 -O2 -target bpf -D__TARGET_ARCH_x86 -c -g -Wall -idirafter /usr/lib/llvm-14/lib/clang/14.0.0/include -idirafter /usr/local/include -idirafter /usr/include/x86_64-linux-gnu -idirafter /usr/include /mydata/cache_ext/eviction_evo/build/cache_ext_evolved.bpf.c -o /mydata/cache_ext/eviction_evo/build/cache_ext_evolved.bpf.o
2026-03-11 13:34:31,165 INFO CMD: /usr/local/sbin/bpftool gen skeleton /mydata/cache_ext/eviction_evo/build/cache_ext_evolved.bpf.o name cache_ext_evolved_bpf
2026-03-11 13:34:31,361 INFO CMD: clang-14 -O2 -g -Wall -I/mydata/cache_ext/eviction_evo/build -I/mydata/cache_ext/policies /mydata/cache_ext/eviction_evo/cache_ext_evolved.c -o /mydata/cache_ext/eviction_evo/build/cache_ext_evolved.out -L/usr/local/lib64 -lbpf
2026-03-11 13:34:32,247 INFO Compilation successful: /mydata/cache_ext/eviction_evo/build/cache_ext_evolved.out
2026-03-11 13:34:32,247 INFO === Step 2: Disable MGLRU ===
2026-03-11 13:34:32,248 INFO MGLRU current state: 0x0007 — disabling
2026-03-11 13:34:32,248 INFO CMD: sudo sh -c echo 0 > /sys/kernel/mm/lru_gen/enabled
2026-03-11 13:34:32,299 INFO MGLRU disabled.
2026-03-11 13:34:32,299 INFO === Step 3: Create cgroup ===
2026-03-11 13:34:32,300 INFO CMD: sudo cgdelete memory:cache_ext_test
2026-03-11 13:34:32,332 INFO CMD: sudo cgcreate -g memory:cache_ext_test
2026-03-11 13:34:32,450 INFO CMD: sudo sh -c echo 536870912 > /sys/fs/cgroup/cache_ext_test/memory.max
2026-03-11 13:34:32,465 INFO Created cgroup cache_ext_test with limit 536870912 bytes
2026-03-11 13:34:32,465 INFO === Step 4: Load BPF policy ===
2026-03-11 13:34:32,465 INFO Loading policy: sudo /mydata/cache_ext/eviction_evo/build/cache_ext_evolved.out --watch_dir /mydata/leveldb_temp --cgroup_path /sys/fs/cgroup/cache_ext_test
2026-03-11 13:34:42,476 INFO Policy loaded (PID 37193)
2026-03-11 13:34:42,477 INFO === Step 5: Start server ===
2026-03-11 13:34:42,477 INFO Starting server: sudo cgexec -g memory:cache_ext_test /mydata/cache_ext/net_leveldb_server 9100 /mydata/leveldb_temp
2026-03-11 13:34:42,478 INFO Waiting for server on port 9100 ...
2026-03-11 13:34:43,544 INFO Server ready (PID 37198) on port 9100
2026-03-11 13:34:43,545 INFO === Step 6: Run 2 trace benchmarks ===
2026-03-11 13:34:43,545 INFO --- Trace 1/2: dual_small_vs_large ---
2026-03-11 13:34:44,183 INFO Starting remote client reader_fast on krisub@node1: ssh -o StrictHostKeyChecking=no -o BatchMode=yes -i /users/krisub/.ssh/id_ed25519 krisub@node1 sh -lc 'if command -v cgexec >/dev/null 2>&1; then cgexec -g memory:cache_ext_remote_clients /mydata/cache_ext/My-YCSB/build/run_net_leveldb /tmp/dual_reader_fast_a8hiyfee.yaml && exit 0; fi; exec /mydata/cache_ext/My-YCSB/build/run_net_leveldb /tmp/dual_reader_fast_a8hiyfee.yaml'
2026-03-11 13:34:44,435 INFO Starting remote client writer_slow on krisub@node1: ssh -o StrictHostKeyChecking=no -o BatchMode=yes -i /users/krisub/.ssh/id_ed25519 krisub@node1 sh -lc 'if command -v cgexec >/dev/null 2>&1; then cgexec -g memory:cache_ext_remote_clients /mydata/cache_ext/My-YCSB/build/run_net_leveldb /tmp/dual_writer_slow_3f60zklm.yaml && exit 0; fi; exec /mydata/cache_ext/My-YCSB/build/run_net_leveldb /tmp/dual_writer_slow_3f60zklm.yaml'
2026-03-11 13:37:42,686 INFO Client reader_fast: throughput=1001.39
2026-03-11 13:37:46,770 INFO Client writer_slow: throughput=419.69
2026-03-11 13:37:46,770 INFO Dual-client combined throughput: 1421.08 ops/sec
2026-03-11 13:37:47,254 INFO Trace dual_small_vs_large: throughput=1421.08 ops/sec
2026-03-11 13:37:47,255 INFO --- Trace 2/2: dual_congested ---
2026-03-11 13:37:47,255 INFO CMD: sudo sync
2026-03-11 13:37:47,377 INFO CMD: sudo sh -c echo 3 > /proc/sys/vm/drop_caches
2026-03-11 13:37:47,649 INFO Page cache dropped.
2026-03-11 13:37:50,498 INFO Starting remote client wan_reader on krisub@node1: ssh -o StrictHostKeyChecking=no -o BatchMode=yes -i /users/krisub/.ssh/id_ed25519 krisub@node1 sh -lc 'if command -v cgexec >/dev/null 2>&1; then cgexec -g memory:cache_ext_remote_clients /mydata/cache_ext/My-YCSB/build/run_net_leveldb /tmp/dual_wan_reader_ac094n1_.yaml && exit 0; fi; exec /mydata/cache_ext/My-YCSB/build/run_net_leveldb /tmp/dual_wan_reader_ac094n1_.yaml'
2026-03-11 13:37:50,755 INFO Starting remote client wan_writer on krisub@node1: ssh -o StrictHostKeyChecking=no -o BatchMode=yes -i /users/krisub/.ssh/id_ed25519 krisub@node1 sh -lc 'if command -v cgexec >/dev/null 2>&1; then cgexec -g memory:cache_ext_remote_clients /mydata/cache_ext/My-YCSB/build/run_net_leveldb /tmp/dual_wan_writer_epcqnctm.yaml && exit 0; fi; exec /mydata/cache_ext/My-YCSB/build/run_net_leveldb /tmp/dual_wan_writer_epcqnctm.yaml'
2026-03-11 13:40:48,648 INFO Client wan_reader: throughput=1396.45
2026-03-11 13:40:49,087 INFO Client wan_writer: throughput=1690.41
2026-03-11 13:40:49,087 INFO Dual-client combined throughput: 3086.86 ops/sec
2026-03-11 13:40:49,551 INFO Trace dual_congested: throughput=3086.86 ops/sec
2026-03-11 13:40:49,574 INFO === Evaluation complete ===
2026-03-11 13:40:49,574 INFO Combined score (harmonic mean): 1946.20  (2/2 traces passed)
2026-03-11 13:40:49,574 INFO   dual_small_vs_large: 1421.08 ops/sec
2026-03-11 13:40:49,575 INFO   dual_congested: 3086.86 ops/sec
2026-03-11 13:40:49,575 INFO Stopping net_leveldb_server (PID 37198)
2026-03-11 13:40:49,575 INFO CMD: sudo kill 37198
2026-03-11 13:40:49,761 INFO Unloading BPF policy (PID 37193)
2026-03-11 13:40:49,761 INFO CMD: sudo kill -2 37193
2026-03-11 13:40:50,044 INFO CMD: sudo rm -f /sys/fs/bpf/cache_ext/scan_pids
2026-03-11 13:40:50,074 INFO CMD: sudo cgdelete memory:cache_ext_test
2026-03-11 13:40:50,104 INFO CMD: sudo sh -c echo 0x0007 > /sys/kernel/mm/lru_gen/enabled
2026-03-11 13:40:50,176 INFO MGLRU re-enabled (restored to 0x0007).
