2026-03-26 05:32:18,059 INFO Waiting for evaluation lock /tmp/cache_ext_evaluate_0.lock ...
2026-03-26 06:08:00,139 INFO Acquired evaluation lock.
2026-03-26 06:08:00,184 INFO === Step 0: Drop page cache ===
2026-03-26 06:08:00,184 INFO Database already exists at /mydata/leveldb_temp (CURRENT file found), skipping copy
2026-03-26 06:08:00,184 INFO CMD: sudo sync
2026-03-26 06:08:00,491 INFO CMD: sudo sh -c echo 3 > /proc/sys/vm/drop_caches
2026-03-26 06:08:00,709 INFO Page cache dropped.
2026-03-26 06:08:00,709 INFO === Step 1: Compile evolved policy ===
2026-03-26 06:08:00,718 INFO CMD: sudo chown -R root: /mydata/cache_ext/eviction_evo/build
2026-03-26 06:08:01,148 INFO CMD: clang-14 -O2 -target bpf -D__TARGET_ARCH_x86 -c -g -Wall -idirafter /usr/lib/llvm-14/lib/clang/14.0.0/include -idirafter /usr/local/include -idirafter /usr/include/x86_64-linux-gnu -idirafter /usr/include /mydata/cache_ext/eviction_evo/build/cache_ext_evolved.bpf.c -o /mydata/cache_ext/eviction_evo/build/cache_ext_evolved.bpf.o
2026-03-26 06:08:03,974 INFO CMD: /usr/local/sbin/bpftool gen skeleton /mydata/cache_ext/eviction_evo/build/cache_ext_evolved.bpf.o name cache_ext_evolved_bpf
2026-03-26 06:08:04,147 INFO CMD: clang-14 -O2 -g -Wall -I/mydata/cache_ext/eviction_evo/build -I/mydata/cache_ext/policies /mydata/cache_ext/eviction_evo/cache_ext_evolved.c -o /mydata/cache_ext/eviction_evo/build/cache_ext_evolved.out -L/usr/local/lib64 -lbpf
2026-03-26 06:08:04,969 INFO Compilation successful: /mydata/cache_ext/eviction_evo/build/cache_ext_evolved.out
2026-03-26 06:08:04,969 INFO === Step 2: Disable MGLRU ===
2026-03-26 06:08:04,970 INFO MGLRU watchdog started (PID 477063, will restore in 7800 s)
2026-03-26 06:08:04,970 INFO MGLRU current state: 0x0007 - disabling
2026-03-26 06:08:04,970 INFO CMD: sudo sh -c echo 0 > /sys/kernel/mm/lru_gen/enabled
2026-03-26 06:08:05,015 INFO MGLRU disabled.
2026-03-26 06:08:05,015 INFO === Step 3: Create cgroup ===
2026-03-26 06:08:05,092 INFO CMD: sudo cgcreate -g memory:cache_ext_test
2026-03-26 06:08:05,207 INFO CMD: sudo sh -c echo 536870912 > /sys/fs/cgroup/cache_ext_test/memory.max
2026-03-26 06:08:05,222 INFO Created cgroup cache_ext_test with limit 536870912 bytes
2026-03-26 06:08:05,222 INFO === Step 4: Load BPF policy ===
2026-03-26 06:08:05,222 INFO Loading policy: sudo /mydata/cache_ext/eviction_evo/build/cache_ext_evolved.out --watch_dir /mydata/leveldb_temp --cgroup_path /sys/fs/cgroup/cache_ext_test
2026-03-26 06:08:15,233 INFO Policy loaded (PID 477084)
2026-03-26 06:08:15,233 INFO === Step 5: Start server ===
2026-03-26 06:08:15,233 INFO Starting server: sudo cgexec -g memory:cache_ext_test /mydata/cache_ext/net_leveldb_server 9100 /mydata/leveldb_temp
2026-03-26 06:08:15,235 INFO Waiting for server on port 9100 ...
2026-03-26 06:08:16,283 INFO Server ready (PID 477089) on port 9100
2026-03-26 06:08:16,283 INFO === Step 6: Run 7 traces x 3 runs = 21 total benchmarks ===
2026-03-26 06:08:16,313 INFO --- Trace 1/7 (ycsb_c_a) run 1/3  [1/21 overall] ---
2026-03-26 06:08:16,313 INFO CMD: sudo sync
2026-03-26 06:08:16,446 INFO CMD: sudo sh -c echo 3 > /proc/sys/vm/drop_caches
2026-03-26 06:08:16,686 INFO Page cache dropped.
2026-03-26 06:08:19,465 INFO Starting remote client client_ycsb_c on krisub@node1: ssh -o StrictHostKeyChecking=no -o BatchMode=yes -i /users/krisub/.ssh/id_ed25519 krisub@node1 sh -lc 'exec /mydata/cache_ext/My-YCSB/build/run_net_leveldb /tmp/dual_client_ycsb_c_1d_nvgtf.yaml'
2026-03-26 06:08:19,712 INFO Starting remote client client_ycsb_a on krisub@node1: ssh -o StrictHostKeyChecking=no -o BatchMode=yes -i /users/krisub/.ssh/id_ed25519 krisub@node1 sh -lc 'exec /mydata/cache_ext/My-YCSB/build/run_net_leveldb /tmp/dual_client_ycsb_a_42o41cqr.yaml'
2026-03-26 06:09:57,838 INFO Client client_ycsb_c: throughput=1366.19
2026-03-26 06:09:58,004 INFO Client client_ycsb_a: throughput=2694.78
2026-03-26 06:09:58,004 INFO Dual-client combined throughput: 4060.97 ops/sec
2026-03-26 06:09:58,478 INFO Trace ycsb_c_a run 1: throughput=4060.97 ops/sec
2026-03-26 06:09:58,478 INFO --- Trace 1/7 (ycsb_c_a) run 2/3  [2/21 overall] ---
2026-03-26 06:09:58,478 INFO CMD: sudo sync
2026-03-26 06:09:58,725 INFO CMD: sudo sh -c echo 3 > /proc/sys/vm/drop_caches
2026-03-26 06:09:59,024 INFO Page cache dropped.
2026-03-26 06:10:01,789 INFO Starting remote client client_ycsb_c on krisub@node1: ssh -o StrictHostKeyChecking=no -o BatchMode=yes -i /users/krisub/.ssh/id_ed25519 krisub@node1 sh -lc 'exec /mydata/cache_ext/My-YCSB/build/run_net_leveldb /tmp/dual_client_ycsb_c_5dnsrc7o.yaml'
2026-03-26 06:10:02,033 INFO Starting remote client client_ycsb_a on krisub@node1: ssh -o StrictHostKeyChecking=no -o BatchMode=yes -i /users/krisub/.ssh/id_ed25519 krisub@node1 sh -lc 'exec /mydata/cache_ext/My-YCSB/build/run_net_leveldb /tmp/dual_client_ycsb_a_d3y7tw0t.yaml'
2026-03-26 06:11:40,159 INFO Client client_ycsb_c: throughput=1379.94
2026-03-26 06:11:40,425 INFO Client client_ycsb_a: throughput=2796.84
2026-03-26 06:11:40,425 INFO Dual-client combined throughput: 4176.78 ops/sec
2026-03-26 06:11:40,905 INFO Trace ycsb_c_a run 2: throughput=4176.78 ops/sec
2026-03-26 06:11:40,905 INFO --- Trace 1/7 (ycsb_c_a) run 3/3  [3/21 overall] ---
2026-03-26 06:11:40,905 INFO CMD: sudo sync
2026-03-26 06:11:41,127 INFO CMD: sudo sh -c echo 3 > /proc/sys/vm/drop_caches
2026-03-26 06:11:41,421 INFO Page cache dropped.
2026-03-26 06:11:44,215 INFO Starting remote client client_ycsb_c on krisub@node1: ssh -o StrictHostKeyChecking=no -o BatchMode=yes -i /users/krisub/.ssh/id_ed25519 krisub@node1 sh -lc 'exec /mydata/cache_ext/My-YCSB/build/run_net_leveldb /tmp/dual_client_ycsb_c_ap9qzezt.yaml'
2026-03-26 06:11:44,464 INFO Starting remote client client_ycsb_a on krisub@node1: ssh -o StrictHostKeyChecking=no -o BatchMode=yes -i /users/krisub/.ssh/id_ed25519 krisub@node1 sh -lc 'exec /mydata/cache_ext/My-YCSB/build/run_net_leveldb /tmp/dual_client_ycsb_a_9f4rodi5.yaml'
2026-03-26 06:13:22,439 INFO Client client_ycsb_c: throughput=1415.65
2026-03-26 06:13:23,055 INFO Client client_ycsb_a: throughput=2795.73
2026-03-26 06:13:23,056 INFO Dual-client combined throughput: 4211.38 ops/sec
2026-03-26 06:13:23,509 INFO Trace ycsb_c_a run 3: throughput=4211.38 ops/sec
2026-03-26 06:13:23,510 INFO Trace ycsb_c_a summary: mean=4149.71 std=78.77 min=4060.97 max=4211.38 (CV=1.9%)
2026-03-26 06:13:23,578 INFO --- Trace 2/7 (ycsb_c_e) run 1/3  [4/21 overall] ---
2026-03-26 06:13:23,578 INFO CMD: sudo sync
2026-03-26 06:13:23,816 INFO CMD: sudo sh -c echo 3 > /proc/sys/vm/drop_caches
2026-03-26 06:13:24,076 INFO Page cache dropped.
2026-03-26 06:13:26,849 INFO Starting remote client client_ycsb_c on krisub@node1: ssh -o StrictHostKeyChecking=no -o BatchMode=yes -i /users/krisub/.ssh/id_ed25519 krisub@node1 sh -lc 'exec /mydata/cache_ext/My-YCSB/build/run_net_leveldb /tmp/dual_client_ycsb_c_ehyyccsx.yaml'
2026-03-26 06:13:27,104 INFO Starting remote client client_ycsb_e on krisub@node1: ssh -o StrictHostKeyChecking=no -o BatchMode=yes -i /users/krisub/.ssh/id_ed25519 krisub@node1 sh -lc 'exec /mydata/cache_ext/My-YCSB/build/run_net_leveldb /tmp/dual_client_ycsb_e_wiz0tg9r.yaml'
2026-03-26 06:15:07,637 INFO Client client_ycsb_c: throughput=2034.36
2026-03-26 06:15:07,639 INFO Client client_ycsb_e: throughput=77604.60
2026-03-26 06:15:07,639 INFO Dual-client combined throughput: 79638.96 ops/sec
2026-03-26 06:15:08,105 INFO Trace ycsb_c_e run 1: throughput=79638.96 ops/sec
2026-03-26 06:15:08,105 INFO --- Trace 2/7 (ycsb_c_e) run 2/3  [5/21 overall] ---
2026-03-26 06:15:08,105 INFO CMD: sudo sync
2026-03-26 06:15:08,298 INFO CMD: sudo sh -c echo 3 > /proc/sys/vm/drop_caches
2026-03-26 06:15:08,582 INFO Page cache dropped.
2026-03-26 06:15:11,333 INFO Starting remote client client_ycsb_c on krisub@node1: ssh -o StrictHostKeyChecking=no -o BatchMode=yes -i /users/krisub/.ssh/id_ed25519 krisub@node1 sh -lc 'exec /mydata/cache_ext/My-YCSB/build/run_net_leveldb /tmp/dual_client_ycsb_c_0wci168i.yaml'
2026-03-26 06:15:11,593 INFO Starting remote client client_ycsb_e on krisub@node1: ssh -o StrictHostKeyChecking=no -o BatchMode=yes -i /users/krisub/.ssh/id_ed25519 krisub@node1 sh -lc 'exec /mydata/cache_ext/My-YCSB/build/run_net_leveldb /tmp/dual_client_ycsb_e_j3knsijk.yaml'
2026-03-26 06:16:49,760 INFO Client client_ycsb_c: throughput=2056.26
2026-03-26 06:17:04,212 INFO Client client_ycsb_e: throughput=77927.89
2026-03-26 06:17:04,213 INFO Dual-client combined throughput: 79984.15 ops/sec
2026-03-26 06:17:04,669 INFO Trace ycsb_c_e run 2: throughput=79984.15 ops/sec
2026-03-26 06:17:04,669 INFO --- Trace 2/7 (ycsb_c_e) run 3/3  [6/21 overall] ---
2026-03-26 06:17:04,670 INFO CMD: sudo sync
2026-03-26 06:17:04,875 INFO CMD: sudo sh -c echo 3 > /proc/sys/vm/drop_caches
2026-03-26 06:17:05,122 INFO Page cache dropped.
2026-03-26 06:17:07,881 INFO Starting remote client client_ycsb_c on krisub@node1: ssh -o StrictHostKeyChecking=no -o BatchMode=yes -i /users/krisub/.ssh/id_ed25519 krisub@node1 sh -lc 'exec /mydata/cache_ext/My-YCSB/build/run_net_leveldb /tmp/dual_client_ycsb_c_qhnwavuh.yaml'
2026-03-26 06:17:08,137 INFO Starting remote client client_ycsb_e on krisub@node1: ssh -o StrictHostKeyChecking=no -o BatchMode=yes -i /users/krisub/.ssh/id_ed25519 krisub@node1 sh -lc 'exec /mydata/cache_ext/My-YCSB/build/run_net_leveldb /tmp/dual_client_ycsb_e_cxfw5eav.yaml'
2026-03-26 06:18:46,276 INFO Client client_ycsb_c: throughput=2061.06
2026-03-26 06:18:47,545 INFO Client client_ycsb_e: throughput=77585.82
2026-03-26 06:18:47,545 INFO Dual-client combined throughput: 79646.88 ops/sec
2026-03-26 06:18:47,977 INFO Trace ycsb_c_e run 3: throughput=79646.88 ops/sec
2026-03-26 06:18:47,978 INFO Trace ycsb_c_e summary: mean=79756.66 std=197.05 min=79638.96 max=79984.15 (CV=0.2%)
2026-03-26 06:18:48,015 INFO --- Trace 3/7 (ycsb_c_f) run 1/3  [7/21 overall] ---
2026-03-26 06:18:48,015 INFO CMD: sudo sync
2026-03-26 06:18:48,237 INFO CMD: sudo sh -c echo 3 > /proc/sys/vm/drop_caches
2026-03-26 06:18:48,583 INFO Page cache dropped.
2026-03-26 06:18:51,353 INFO Starting remote client client_ycsb_c on krisub@node1: ssh -o StrictHostKeyChecking=no -o BatchMode=yes -i /users/krisub/.ssh/id_ed25519 krisub@node1 sh -lc 'exec /mydata/cache_ext/My-YCSB/build/run_net_leveldb /tmp/dual_client_ycsb_c_0q7_qq4z.yaml'
2026-03-26 06:18:51,612 INFO Starting remote client client_ycsb_f on krisub@node1: ssh -o StrictHostKeyChecking=no -o BatchMode=yes -i /users/krisub/.ssh/id_ed25519 krisub@node1 sh -lc 'exec /mydata/cache_ext/My-YCSB/build/run_net_leveldb /tmp/dual_client_ycsb_f_w96lwfwq.yaml'
2026-03-26 06:20:29,661 INFO Client client_ycsb_c: throughput=1555.25
2026-03-26 06:20:29,927 INFO Client client_ycsb_f: throughput=185.03
2026-03-26 06:20:29,927 INFO Dual-client combined throughput: 1740.28 ops/sec
2026-03-26 06:20:30,401 INFO Trace ycsb_c_f run 1: throughput=1740.28 ops/sec
2026-03-26 06:20:30,401 INFO --- Trace 3/7 (ycsb_c_f) run 2/3  [8/21 overall] ---
2026-03-26 06:20:30,401 INFO CMD: sudo sync
2026-03-26 06:20:30,619 INFO CMD: sudo sh -c echo 3 > /proc/sys/vm/drop_caches
2026-03-26 06:20:30,883 INFO Page cache dropped.
2026-03-26 06:20:33,633 INFO Starting remote client client_ycsb_c on krisub@node1: ssh -o StrictHostKeyChecking=no -o BatchMode=yes -i /users/krisub/.ssh/id_ed25519 krisub@node1 sh -lc 'exec /mydata/cache_ext/My-YCSB/build/run_net_leveldb /tmp/dual_client_ycsb_c_arotyp7f.yaml'
2026-03-26 06:20:33,880 INFO Starting remote client client_ycsb_f on krisub@node1: ssh -o StrictHostKeyChecking=no -o BatchMode=yes -i /users/krisub/.ssh/id_ed25519 krisub@node1 sh -lc 'exec /mydata/cache_ext/My-YCSB/build/run_net_leveldb /tmp/dual_client_ycsb_f_cesvzymp.yaml'
2026-03-26 06:22:12,030 INFO Client client_ycsb_c: throughput=1487.48
2026-03-26 06:22:12,145 INFO Client client_ycsb_f: throughput=182.30
2026-03-26 06:22:12,145 INFO Dual-client combined throughput: 1669.78 ops/sec
2026-03-26 06:22:12,633 INFO Trace ycsb_c_f run 2: throughput=1669.78 ops/sec
2026-03-26 06:22:12,633 INFO --- Trace 3/7 (ycsb_c_f) run 3/3  [9/21 overall] ---
2026-03-26 06:22:12,633 INFO CMD: sudo sync
2026-03-26 06:22:12,894 INFO CMD: sudo sh -c echo 3 > /proc/sys/vm/drop_caches
2026-03-26 06:22:13,149 INFO Page cache dropped.
2026-03-26 06:22:15,841 INFO Starting remote client client_ycsb_c on krisub@node1: ssh -o StrictHostKeyChecking=no -o BatchMode=yes -i /users/krisub/.ssh/id_ed25519 krisub@node1 sh -lc 'exec /mydata/cache_ext/My-YCSB/build/run_net_leveldb /tmp/dual_client_ycsb_c_3ws2nrqa.yaml'
2026-03-26 06:22:16,084 INFO Starting remote client client_ycsb_f on krisub@node1: ssh -o StrictHostKeyChecking=no -o BatchMode=yes -i /users/krisub/.ssh/id_ed25519 krisub@node1 sh -lc 'exec /mydata/cache_ext/My-YCSB/build/run_net_leveldb /tmp/dual_client_ycsb_f_lp1_6_6g.yaml'
2026-03-26 06:24:09,224 INFO Client client_ycsb_c: throughput=1852.99
2026-03-26 06:24:09,226 INFO Client client_ycsb_f: throughput=211.66
2026-03-26 06:24:09,226 INFO Dual-client combined throughput: 2064.65 ops/sec
2026-03-26 06:24:09,689 INFO Trace ycsb_c_f run 3: throughput=2064.65 ops/sec
2026-03-26 06:24:09,690 INFO Trace ycsb_c_f summary: mean=1824.90 std=210.60 min=1669.78 max=2064.65 (CV=11.5%)
2026-03-26 06:24:09,723 INFO --- Trace 4/7 (ycsb_b_a) run 1/3  [10/21 overall] ---
2026-03-26 06:24:09,723 INFO CMD: sudo sync
2026-03-26 06:24:09,953 INFO CMD: sudo sh -c echo 3 > /proc/sys/vm/drop_caches
2026-03-26 06:24:10,215 INFO Page cache dropped.
2026-03-26 06:24:12,808 INFO Starting remote client client_ycsb_b on krisub@node1: ssh -o StrictHostKeyChecking=no -o BatchMode=yes -i /users/krisub/.ssh/id_ed25519 krisub@node1 sh -lc 'exec /mydata/cache_ext/My-YCSB/build/run_net_leveldb /tmp/dual_client_ycsb_b_qlbzb_bn.yaml'
2026-03-26 06:24:13,093 INFO Starting remote client client_ycsb_a on krisub@node1: ssh -o StrictHostKeyChecking=no -o BatchMode=yes -i /users/krisub/.ssh/id_ed25519 krisub@node1 sh -lc 'exec /mydata/cache_ext/My-YCSB/build/run_net_leveldb /tmp/dual_client_ycsb_a_fbkvp8oq.yaml'
2026-03-26 06:25:51,040 INFO Client client_ycsb_b: throughput=1660.25
2026-03-26 06:25:51,556 INFO Client client_ycsb_a: throughput=3214.00
2026-03-26 06:25:51,556 INFO Dual-client combined throughput: 4874.25 ops/sec
2026-03-26 06:25:52,017 INFO Trace ycsb_b_a run 1: throughput=4874.25 ops/sec
2026-03-26 06:25:52,017 INFO --- Trace 4/7 (ycsb_b_a) run 2/3  [11/21 overall] ---
2026-03-26 06:25:52,017 INFO CMD: sudo sync
2026-03-26 06:25:52,179 INFO CMD: sudo sh -c echo 3 > /proc/sys/vm/drop_caches
2026-03-26 06:25:52,424 INFO Page cache dropped.
2026-03-26 06:25:55,182 INFO Starting remote client client_ycsb_b on krisub@node1: ssh -o StrictHostKeyChecking=no -o BatchMode=yes -i /users/krisub/.ssh/id_ed25519 krisub@node1 sh -lc 'exec /mydata/cache_ext/My-YCSB/build/run_net_leveldb /tmp/dual_client_ycsb_b_gcluq7dn.yaml'
2026-03-26 06:25:55,436 INFO Starting remote client client_ycsb_a on krisub@node1: ssh -o StrictHostKeyChecking=no -o BatchMode=yes -i /users/krisub/.ssh/id_ed25519 krisub@node1 sh -lc 'exec /mydata/cache_ext/My-YCSB/build/run_net_leveldb /tmp/dual_client_ycsb_a_noqpmuzh.yaml'
2026-03-26 06:27:33,483 INFO Client client_ycsb_b: throughput=1534.11
2026-03-26 06:27:33,699 INFO Client client_ycsb_a: throughput=2935.35
2026-03-26 06:27:33,699 INFO Dual-client combined throughput: 4469.46 ops/sec
2026-03-26 06:27:34,173 INFO Trace ycsb_b_a run 2: throughput=4469.46 ops/sec
2026-03-26 06:27:34,173 INFO --- Trace 4/7 (ycsb_b_a) run 3/3  [12/21 overall] ---
2026-03-26 06:27:34,173 INFO CMD: sudo sync
2026-03-26 06:27:34,349 INFO CMD: sudo sh -c echo 3 > /proc/sys/vm/drop_caches
2026-03-26 06:27:34,599 INFO Page cache dropped.
2026-03-26 06:27:37,321 INFO Starting remote client client_ycsb_b on krisub@node1: ssh -o StrictHostKeyChecking=no -o BatchMode=yes -i /users/krisub/.ssh/id_ed25519 krisub@node1 sh -lc 'exec /mydata/cache_ext/My-YCSB/build/run_net_leveldb /tmp/dual_client_ycsb_b_xentaxq8.yaml'
2026-03-26 06:27:37,557 INFO Starting remote client client_ycsb_a on krisub@node1: ssh -o StrictHostKeyChecking=no -o BatchMode=yes -i /users/krisub/.ssh/id_ed25519 krisub@node1 sh -lc 'exec /mydata/cache_ext/My-YCSB/build/run_net_leveldb /tmp/dual_client_ycsb_a_396b427a.yaml'
2026-03-26 06:29:15,605 INFO Client client_ycsb_b: throughput=1488.29
2026-03-26 06:29:15,670 INFO Client client_ycsb_a: throughput=2821.36
2026-03-26 06:29:15,671 INFO Dual-client combined throughput: 4309.65 ops/sec
2026-03-26 06:29:16,149 INFO Trace ycsb_b_a run 3: throughput=4309.65 ops/sec
2026-03-26 06:29:16,150 INFO Trace ycsb_b_a summary: mean=4551.12 std=291.02 min=4309.65 max=4874.25 (CV=6.4%)
2026-03-26 06:29:16,188 INFO --- Trace 5/7 (ycsb_a_d) run 1/3  [13/21 overall] ---
2026-03-26 06:29:16,188 INFO CMD: sudo sync
2026-03-26 06:29:16,479 INFO CMD: sudo sh -c echo 3 > /proc/sys/vm/drop_caches
2026-03-26 06:29:16,813 INFO Page cache dropped.
2026-03-26 06:29:19,553 INFO Starting remote client client_ycsb_a on krisub@node1: ssh -o StrictHostKeyChecking=no -o BatchMode=yes -i /users/krisub/.ssh/id_ed25519 krisub@node1 sh -lc 'exec /mydata/cache_ext/My-YCSB/build/run_net_leveldb /tmp/dual_client_ycsb_a_irq_gojh.yaml'
2026-03-26 06:29:19,800 INFO Starting remote client client_ycsb_d on krisub@node1: ssh -o StrictHostKeyChecking=no -o BatchMode=yes -i /users/krisub/.ssh/id_ed25519 krisub@node1 sh -lc 'exec /mydata/cache_ext/My-YCSB/build/run_net_leveldb /tmp/dual_client_ycsb_d_ney0qmcf.yaml'
2026-03-26 06:30:57,798 INFO Client client_ycsb_a: throughput=2775.89
2026-03-26 06:30:58,114 INFO Client client_ycsb_d: throughput=2138.93
2026-03-26 06:30:58,114 INFO Dual-client combined throughput: 4914.82 ops/sec
2026-03-26 06:30:58,569 INFO Trace ycsb_a_d run 1: throughput=4914.82 ops/sec
2026-03-26 06:30:58,570 INFO --- Trace 5/7 (ycsb_a_d) run 2/3  [14/21 overall] ---
2026-03-26 06:30:58,570 INFO CMD: sudo sync
2026-03-26 06:30:58,806 INFO CMD: sudo sh -c echo 3 > /proc/sys/vm/drop_caches
2026-03-26 06:30:59,068 INFO Page cache dropped.
2026-03-26 06:31:01,833 INFO Starting remote client client_ycsb_a on krisub@node1: ssh -o StrictHostKeyChecking=no -o BatchMode=yes -i /users/krisub/.ssh/id_ed25519 krisub@node1 sh -lc 'exec /mydata/cache_ext/My-YCSB/build/run_net_leveldb /tmp/dual_client_ycsb_a_i_wca3xp.yaml'
2026-03-26 06:31:02,093 INFO Starting remote client client_ycsb_d on krisub@node1: ssh -o StrictHostKeyChecking=no -o BatchMode=yes -i /users/krisub/.ssh/id_ed25519 krisub@node1 sh -lc 'exec /mydata/cache_ext/My-YCSB/build/run_net_leveldb /tmp/dual_client_ycsb_d_fthmeptk.yaml'
2026-03-26 06:32:40,090 INFO Client client_ycsb_a: throughput=2837.86
2026-03-26 06:32:40,456 INFO Client client_ycsb_d: throughput=2671.80
2026-03-26 06:32:40,456 INFO Dual-client combined throughput: 5509.66 ops/sec
2026-03-26 06:32:40,923 INFO Trace ycsb_a_d run 2: throughput=5509.66 ops/sec
2026-03-26 06:32:40,923 INFO --- Trace 5/7 (ycsb_a_d) run 3/3  [15/21 overall] ---
2026-03-26 06:32:40,923 INFO CMD: sudo sync
2026-03-26 06:32:41,142 INFO CMD: sudo sh -c echo 3 > /proc/sys/vm/drop_caches
2026-03-26 06:32:41,495 INFO Page cache dropped.
2026-03-26 06:32:44,141 INFO Starting remote client client_ycsb_a on krisub@node1: ssh -o StrictHostKeyChecking=no -o BatchMode=yes -i /users/krisub/.ssh/id_ed25519 krisub@node1 sh -lc 'exec /mydata/cache_ext/My-YCSB/build/run_net_leveldb /tmp/dual_client_ycsb_a_etrsd_az.yaml'
2026-03-26 06:32:44,416 INFO Starting remote client client_ycsb_d on krisub@node1: ssh -o StrictHostKeyChecking=no -o BatchMode=yes -i /users/krisub/.ssh/id_ed25519 krisub@node1 sh -lc 'exec /mydata/cache_ext/My-YCSB/build/run_net_leveldb /tmp/dual_client_ycsb_d_vvhnir_z.yaml'
2026-03-26 06:34:22,564 INFO Client client_ycsb_a: throughput=2793.49
2026-03-26 06:34:22,680 INFO Client client_ycsb_d: throughput=2746.74
2026-03-26 06:34:22,680 INFO Dual-client combined throughput: 5540.23 ops/sec
2026-03-26 06:34:23,157 INFO Trace ycsb_a_d run 3: throughput=5540.23 ops/sec
2026-03-26 06:34:23,157 INFO Trace ycsb_a_d summary: mean=5321.57 std=352.59 min=4914.82 max=5540.23 (CV=6.6%)
2026-03-26 06:34:23,197 INFO --- Trace 6/7 (ycsb_e_a) run 1/3  [16/21 overall] ---
2026-03-26 06:34:23,197 INFO CMD: sudo sync
2026-03-26 06:34:23,427 INFO CMD: sudo sh -c echo 3 > /proc/sys/vm/drop_caches
2026-03-26 06:34:23,715 INFO Page cache dropped.
2026-03-26 06:34:26,449 INFO Starting remote client client_ycsb_e on krisub@node1: ssh -o StrictHostKeyChecking=no -o BatchMode=yes -i /users/krisub/.ssh/id_ed25519 krisub@node1 sh -lc 'exec /mydata/cache_ext/My-YCSB/build/run_net_leveldb /tmp/dual_client_ycsb_e_dqzgd7ww.yaml'
2026-03-26 06:34:26,701 INFO Starting remote client client_ycsb_a on krisub@node1: ssh -o StrictHostKeyChecking=no -o BatchMode=yes -i /users/krisub/.ssh/id_ed25519 krisub@node1 sh -lc 'exec /mydata/cache_ext/My-YCSB/build/run_net_leveldb /tmp/dual_client_ycsb_a_zqo8f9v4.yaml'
2026-03-26 06:36:05,693 INFO Client client_ycsb_e: throughput=73459.71
2026-03-26 06:36:05,695 INFO Client client_ycsb_a: throughput=4315.43
2026-03-26 06:36:05,695 INFO Dual-client combined throughput: 77775.14 ops/sec
2026-03-26 06:36:06,165 INFO Trace ycsb_e_a run 1: throughput=77775.14 ops/sec
2026-03-26 06:36:06,165 INFO --- Trace 6/7 (ycsb_e_a) run 2/3  [17/21 overall] ---
2026-03-26 06:36:06,165 INFO CMD: sudo sync
2026-03-26 06:36:06,487 INFO CMD: sudo sh -c echo 3 > /proc/sys/vm/drop_caches
2026-03-26 06:36:06,758 INFO Page cache dropped.
2026-03-26 06:36:09,518 INFO Starting remote client client_ycsb_e on krisub@node1: ssh -o StrictHostKeyChecking=no -o BatchMode=yes -i /users/krisub/.ssh/id_ed25519 krisub@node1 sh -lc 'exec /mydata/cache_ext/My-YCSB/build/run_net_leveldb /tmp/dual_client_ycsb_e_2w46kkvq.yaml'
2026-03-26 06:36:09,764 INFO Starting remote client client_ycsb_a on krisub@node1: ssh -o StrictHostKeyChecking=no -o BatchMode=yes -i /users/krisub/.ssh/id_ed25519 krisub@node1 sh -lc 'exec /mydata/cache_ext/My-YCSB/build/run_net_leveldb /tmp/dual_client_ycsb_a_9s93wtqh.yaml'
2026-03-26 06:37:48,806 INFO Client client_ycsb_e: throughput=73189.77
2026-03-26 06:37:48,808 INFO Client client_ycsb_a: throughput=4326.74
2026-03-26 06:37:48,808 INFO Dual-client combined throughput: 77516.51 ops/sec
2026-03-26 06:37:49,285 INFO Trace ycsb_e_a run 2: throughput=77516.51 ops/sec
2026-03-26 06:37:49,285 INFO --- Trace 6/7 (ycsb_e_a) run 3/3  [18/21 overall] ---
2026-03-26 06:37:49,285 INFO CMD: sudo sync
2026-03-26 06:37:49,511 INFO CMD: sudo sh -c echo 3 > /proc/sys/vm/drop_caches
2026-03-26 06:37:49,784 INFO Page cache dropped.
2026-03-26 06:37:52,517 INFO Starting remote client client_ycsb_e on krisub@node1: ssh -o StrictHostKeyChecking=no -o BatchMode=yes -i /users/krisub/.ssh/id_ed25519 krisub@node1 sh -lc 'exec /mydata/cache_ext/My-YCSB/build/run_net_leveldb /tmp/dual_client_ycsb_e_40pxunpx.yaml'
2026-03-26 06:37:52,772 INFO Starting remote client client_ycsb_a on krisub@node1: ssh -o StrictHostKeyChecking=no -o BatchMode=yes -i /users/krisub/.ssh/id_ed25519 krisub@node1 sh -lc 'exec /mydata/cache_ext/My-YCSB/build/run_net_leveldb /tmp/dual_client_ycsb_a_v96b1py9.yaml'
2026-03-26 06:39:31,664 INFO Client client_ycsb_e: throughput=73438.94
2026-03-26 06:39:31,665 INFO Client client_ycsb_a: throughput=4263.57
2026-03-26 06:39:31,665 INFO Dual-client combined throughput: 77702.51 ops/sec
2026-03-26 06:39:32,125 INFO Trace ycsb_e_a run 3: throughput=77702.51 ops/sec
2026-03-26 06:39:32,125 INFO Trace ycsb_e_a summary: mean=77664.72 std=133.39 min=77516.51 max=77775.14 (CV=0.2%)
2026-03-26 06:39:32,169 INFO --- Trace 7/7 (ycsb_e_f) run 1/3  [19/21 overall] ---
2026-03-26 06:39:32,169 INFO CMD: sudo sync
2026-03-26 06:39:32,383 INFO CMD: sudo sh -c echo 3 > /proc/sys/vm/drop_caches
2026-03-26 06:39:32,633 INFO Page cache dropped.
2026-03-26 06:39:35,409 INFO Starting remote client client_ycsb_e on krisub@node1: ssh -o StrictHostKeyChecking=no -o BatchMode=yes -i /users/krisub/.ssh/id_ed25519 krisub@node1 sh -lc 'exec /mydata/cache_ext/My-YCSB/build/run_net_leveldb /tmp/dual_client_ycsb_e_s665npdq.yaml'
2026-03-26 06:39:35,656 INFO Starting remote client client_ycsb_f on krisub@node1: ssh -o StrictHostKeyChecking=no -o BatchMode=yes -i /users/krisub/.ssh/id_ed25519 krisub@node1 sh -lc 'exec /mydata/cache_ext/My-YCSB/build/run_net_leveldb /tmp/dual_client_ycsb_f_imy8sibv.yaml'
2026-03-26 06:41:14,747 INFO Client client_ycsb_e: throughput=76310.80
2026-03-26 06:41:14,749 INFO Client client_ycsb_f: throughput=249.81
2026-03-26 06:41:14,749 INFO Dual-client combined throughput: 76560.61 ops/sec
2026-03-26 06:41:15,221 INFO Trace ycsb_e_f run 1: throughput=76560.61 ops/sec
2026-03-26 06:41:15,222 INFO --- Trace 7/7 (ycsb_e_f) run 2/3  [20/21 overall] ---
2026-03-26 06:41:15,222 INFO CMD: sudo sync
2026-03-26 06:41:15,455 INFO CMD: sudo sh -c echo 3 > /proc/sys/vm/drop_caches
2026-03-26 06:41:15,699 INFO Page cache dropped.
2026-03-26 06:41:18,421 INFO Starting remote client client_ycsb_e on krisub@node1: ssh -o StrictHostKeyChecking=no -o BatchMode=yes -i /users/krisub/.ssh/id_ed25519 krisub@node1 sh -lc 'exec /mydata/cache_ext/My-YCSB/build/run_net_leveldb /tmp/dual_client_ycsb_e_jq40u59z.yaml'
2026-03-26 06:41:18,672 INFO Starting remote client client_ycsb_f on krisub@node1: ssh -o StrictHostKeyChecking=no -o BatchMode=yes -i /users/krisub/.ssh/id_ed25519 krisub@node1 sh -lc 'exec /mydata/cache_ext/My-YCSB/build/run_net_leveldb /tmp/dual_client_ycsb_f_69j5tnx4.yaml'
2026-03-26 06:42:57,764 INFO Client client_ycsb_e: throughput=75931.53
2026-03-26 06:42:57,766 INFO Client client_ycsb_f: throughput=247.89
2026-03-26 06:42:57,766 INFO Dual-client combined throughput: 76179.42 ops/sec
2026-03-26 06:42:58,225 INFO Trace ycsb_e_f run 2: throughput=76179.42 ops/sec
2026-03-26 06:42:58,225 INFO --- Trace 7/7 (ycsb_e_f) run 3/3  [21/21 overall] ---
2026-03-26 06:42:58,225 INFO CMD: sudo sync
2026-03-26 06:42:58,449 INFO CMD: sudo sh -c echo 3 > /proc/sys/vm/drop_caches
2026-03-26 06:42:58,703 INFO Page cache dropped.
2026-03-26 06:43:01,373 INFO Starting remote client client_ycsb_e on krisub@node1: ssh -o StrictHostKeyChecking=no -o BatchMode=yes -i /users/krisub/.ssh/id_ed25519 krisub@node1 sh -lc 'exec /mydata/cache_ext/My-YCSB/build/run_net_leveldb /tmp/dual_client_ycsb_e__aw3wrht.yaml'
2026-03-26 06:43:01,652 INFO Starting remote client client_ycsb_f on krisub@node1: ssh -o StrictHostKeyChecking=no -o BatchMode=yes -i /users/krisub/.ssh/id_ed25519 krisub@node1 sh -lc 'exec /mydata/cache_ext/My-YCSB/build/run_net_leveldb /tmp/dual_client_ycsb_f_pwcg595r.yaml'
2026-03-26 06:44:40,895 INFO Client client_ycsb_e: throughput=75998.22
2026-03-26 06:44:40,897 INFO Client client_ycsb_f: throughput=257.30
2026-03-26 06:44:40,897 INFO Dual-client combined throughput: 76255.52 ops/sec
2026-03-26 06:44:41,389 INFO Trace ycsb_e_f run 3: throughput=76255.52 ops/sec
2026-03-26 06:44:41,390 INFO Trace ycsb_e_f summary: mean=76331.85 std=201.73 min=76179.42 max=76560.61 (CV=0.3%)
2026-03-26 06:44:41,408 INFO === Evaluation complete (3 runs per trace) ===
2026-03-26 06:44:41,409 INFO Combined score (harmonic mean of means): 5667.51  (7/7 traces passed)
2026-03-26 06:44:41,409 INFO   ycsb_c_a: mean=4149.71 std=78.77 [4060.97 .. 4211.38]
2026-03-26 06:44:41,409 INFO   ycsb_c_e: mean=79756.66 std=197.05 [79638.96 .. 79984.15]
2026-03-26 06:44:41,409 INFO   ycsb_c_f: mean=1824.90 std=210.60 [1669.78 .. 2064.65]
2026-03-26 06:44:41,409 INFO   ycsb_b_a: mean=4551.12 std=291.02 [4309.65 .. 4874.25]
2026-03-26 06:44:41,409 INFO   ycsb_a_d: mean=5321.57 std=352.59 [4914.82 .. 5540.23]
2026-03-26 06:44:41,409 INFO   ycsb_e_a: mean=77664.72 std=133.39 [77516.51 .. 77775.14]
2026-03-26 06:44:41,409 INFO   ycsb_e_f: mean=76331.85 std=201.73 [76179.42 .. 76560.61]
2026-03-26 06:44:41,409 INFO Stopping net_leveldb_server (PID 477089)
2026-03-26 06:44:41,409 INFO CMD: sudo kill 477089
2026-03-26 06:44:41,540 INFO Unloading BPF policy (PID 477084)
2026-03-26 06:44:41,540 INFO CMD: sudo kill -2 477084
2026-03-26 06:44:41,873 INFO CMD: sudo rm -f /sys/fs/bpf/cache_ext/scan_pids
2026-03-26 06:44:41,967 INFO CMD: sudo sh -c echo 0x0007 > /sys/kernel/mm/lru_gen/enabled
2026-03-26 06:44:42,042 INFO MGLRU re-enabled (restored to 0x0007).
2026-03-26 06:44:42,042 INFO MGLRU watchdog stopped (PID 477063)
