2026-03-11 14:13:53,564 INFO Waiting for evaluation lock /tmp/cache_ext_evaluate.lock ...
2026-03-11 14:19:18,705 INFO Acquired evaluation lock.
2026-03-11 14:19:18,705 INFO === Step 0: Drop page cache ===
2026-03-11 14:19:18,705 INFO Database already exists at /mydata/leveldb_temp (CURRENT file found), skipping rsync
2026-03-11 14:19:18,705 INFO CMD: sudo sync
2026-03-11 14:19:18,857 INFO CMD: sudo sh -c echo 3 > /proc/sys/vm/drop_caches
2026-03-11 14:19:19,320 INFO Page cache dropped.
2026-03-11 14:19:19,320 INFO === Step 1: Compile evolved policy ===
2026-03-11 14:19:19,333 INFO CMD: sudo chown -R root: /mydata/cache_ext/eviction_evo/build
2026-03-11 14:19:19,693 INFO CMD: clang-14 -O2 -target bpf -D__TARGET_ARCH_x86 -c -g -Wall -idirafter /usr/lib/llvm-14/lib/clang/14.0.0/include -idirafter /usr/local/include -idirafter /usr/include/x86_64-linux-gnu -idirafter /usr/include /mydata/cache_ext/eviction_evo/build/cache_ext_evolved.bpf.c -o /mydata/cache_ext/eviction_evo/build/cache_ext_evolved.bpf.o
2026-03-11 14:19:23,402 INFO CMD: /usr/local/sbin/bpftool gen skeleton /mydata/cache_ext/eviction_evo/build/cache_ext_evolved.bpf.o name cache_ext_evolved_bpf
2026-03-11 14:19:23,593 INFO CMD: clang-14 -O2 -g -Wall -I/mydata/cache_ext/eviction_evo/build -I/mydata/cache_ext/policies /mydata/cache_ext/eviction_evo/cache_ext_evolved.c -o /mydata/cache_ext/eviction_evo/build/cache_ext_evolved.out -L/usr/local/lib64 -lbpf
2026-03-11 14:19:24,595 INFO Compilation successful: /mydata/cache_ext/eviction_evo/build/cache_ext_evolved.out
2026-03-11 14:19:24,595 INFO === Step 2: Disable MGLRU ===
2026-03-11 14:19:24,595 INFO MGLRU current state: 0x0007 — disabling
2026-03-11 14:19:24,596 INFO CMD: sudo sh -c echo 0 > /sys/kernel/mm/lru_gen/enabled
2026-03-11 14:19:24,687 INFO MGLRU disabled.
2026-03-11 14:19:24,688 INFO === Step 3: Create cgroup ===
2026-03-11 14:19:24,688 INFO CMD: sudo cgdelete memory:cache_ext_test
2026-03-11 14:19:24,714 INFO CMD: sudo cgcreate -g memory:cache_ext_test
2026-03-11 14:19:24,810 INFO CMD: sudo sh -c echo 536870912 > /sys/fs/cgroup/cache_ext_test/memory.max
2026-03-11 14:19:24,825 INFO Created cgroup cache_ext_test with limit 536870912 bytes
2026-03-11 14:19:24,825 INFO === Step 4: Load BPF policy ===
2026-03-11 14:19:24,825 INFO Loading policy: sudo /mydata/cache_ext/eviction_evo/build/cache_ext_evolved.out --watch_dir /mydata/leveldb_temp --cgroup_path /sys/fs/cgroup/cache_ext_test
2026-03-11 14:19:34,836 INFO Policy loaded (PID 42659)
2026-03-11 14:19:34,836 INFO === Step 5: Start server ===
2026-03-11 14:19:34,836 INFO Starting server: sudo cgexec -g memory:cache_ext_test /mydata/cache_ext/net_leveldb_server 9100 /mydata/leveldb_temp
2026-03-11 14:19:34,837 INFO Waiting for server on port 9100 ...
2026-03-11 14:19:35,966 INFO Server ready (PID 42710) on port 9100
2026-03-11 14:19:35,967 INFO === Step 6: Run 2 trace benchmarks ===
2026-03-11 14:19:35,967 INFO --- Trace 1/2: dual_small_vs_large ---
2026-03-11 14:19:36,611 INFO Starting remote client reader_fast on krisub@node1: ssh -o StrictHostKeyChecking=no -o BatchMode=yes -i /users/krisub/.ssh/id_ed25519 krisub@node1 sh -lc 'if command -v cgexec >/dev/null 2>&1; then cgexec -g memory:cache_ext_remote_clients /mydata/cache_ext/My-YCSB/build/run_net_leveldb /tmp/dual_reader_fast_0sfgf9k1.yaml && exit 0; fi; exec /mydata/cache_ext/My-YCSB/build/run_net_leveldb /tmp/dual_reader_fast_0sfgf9k1.yaml'
2026-03-11 14:19:36,874 INFO Starting remote client writer_slow on krisub@node1: ssh -o StrictHostKeyChecking=no -o BatchMode=yes -i /users/krisub/.ssh/id_ed25519 krisub@node1 sh -lc 'if command -v cgexec >/dev/null 2>&1; then cgexec -g memory:cache_ext_remote_clients /mydata/cache_ext/My-YCSB/build/run_net_leveldb /tmp/dual_writer_slow_7bqd1xd8.yaml && exit 0; fi; exec /mydata/cache_ext/My-YCSB/build/run_net_leveldb /tmp/dual_writer_slow_7bqd1xd8.yaml'
2026-03-11 14:22:35,009 INFO Client reader_fast: throughput=1131.63
2026-03-11 14:22:35,010 INFO Client writer_slow: throughput=338.74
2026-03-11 14:22:35,011 INFO Dual-client combined throughput: 1470.37 ops/sec
2026-03-11 14:22:35,459 INFO Trace dual_small_vs_large: throughput=1470.37 ops/sec
2026-03-11 14:22:35,459 INFO --- Trace 2/2: dual_congested ---
2026-03-11 14:22:35,459 INFO CMD: sudo sync
2026-03-11 14:22:35,623 INFO CMD: sudo sh -c echo 3 > /proc/sys/vm/drop_caches
2026-03-11 14:22:36,386 INFO Page cache dropped.
2026-03-11 14:22:39,159 INFO Starting remote client wan_reader on krisub@node1: ssh -o StrictHostKeyChecking=no -o BatchMode=yes -i /users/krisub/.ssh/id_ed25519 krisub@node1 sh -lc 'if command -v cgexec >/dev/null 2>&1; then cgexec -g memory:cache_ext_remote_clients /mydata/cache_ext/My-YCSB/build/run_net_leveldb /tmp/dual_wan_reader_xboqw93e.yaml && exit 0; fi; exec /mydata/cache_ext/My-YCSB/build/run_net_leveldb /tmp/dual_wan_reader_xboqw93e.yaml'
2026-03-11 14:22:39,414 INFO Starting remote client wan_writer on krisub@node1: ssh -o StrictHostKeyChecking=no -o BatchMode=yes -i /users/krisub/.ssh/id_ed25519 krisub@node1 sh -lc 'if command -v cgexec >/dev/null 2>&1; then cgexec -g memory:cache_ext_remote_clients /mydata/cache_ext/My-YCSB/build/run_net_leveldb /tmp/dual_wan_writer_42hbkhu9.yaml && exit 0; fi; exec /mydata/cache_ext/My-YCSB/build/run_net_leveldb /tmp/dual_wan_writer_42hbkhu9.yaml'
2026-03-11 14:25:37,543 INFO Client wan_reader: throughput=1082.84
2026-03-11 14:25:37,657 INFO Client wan_writer: throughput=1394.52
2026-03-11 14:25:37,658 INFO Dual-client combined throughput: 2477.36 ops/sec
2026-03-11 14:25:38,123 INFO Trace dual_congested: throughput=2477.36 ops/sec
2026-03-11 14:25:38,123 INFO === Evaluation complete ===
2026-03-11 14:25:38,124 INFO Combined score (harmonic mean): 1845.43  (2/2 traces passed)
2026-03-11 14:25:38,124 INFO   dual_small_vs_large: 1470.37 ops/sec
2026-03-11 14:25:38,124 INFO   dual_congested: 2477.36 ops/sec
2026-03-11 14:25:38,124 INFO Stopping net_leveldb_server (PID 42710)
2026-03-11 14:25:38,124 INFO CMD: sudo kill 42710
2026-03-11 14:25:38,237 INFO Unloading BPF policy (PID 42659)
2026-03-11 14:25:38,237 INFO CMD: sudo kill -2 42659
2026-03-11 14:25:38,568 INFO CMD: sudo rm -f /sys/fs/bpf/cache_ext/scan_pids
2026-03-11 14:25:38,595 INFO CMD: sudo cgdelete memory:cache_ext_test
2026-03-11 14:25:38,623 INFO CMD: sudo sh -c echo 0x0007 > /sys/kernel/mm/lru_gen/enabled
2026-03-11 14:25:38,767 INFO MGLRU re-enabled (restored to 0x0007).
