2026-03-10 22:51:36,065 INFO Waiting for evaluation lock /tmp/cache_ext_file_evaluate.lock ...
2026-03-10 22:54:45,205 INFO Acquired evaluation lock.
2026-03-10 22:54:45,206 INFO === Step 0: Drop page cache ===
2026-03-10 22:54:45,206 INFO CMD: sudo sync
2026-03-10 22:54:45,350 INFO CMD: sudo sh -c echo 3 > /proc/sys/vm/drop_caches
2026-03-10 22:54:45,623 INFO Page cache dropped.
2026-03-10 22:54:45,623 INFO === Step 1: Compile evolved policy ===
2026-03-10 22:54:45,629 INFO CMD: sudo chown -R root: /mydata/cache_ext/eviction_evo/build
2026-03-10 22:54:45,954 INFO CMD: clang-14 -O2 -target bpf -D__TARGET_ARCH_x86 -c -g -Wall -idirafter /usr/lib/llvm-14/lib/clang/14.0.0/include -idirafter /usr/local/include -idirafter /usr/include/x86_64-linux-gnu -idirafter /usr/include /mydata/cache_ext/eviction_evo/build/cache_ext_evolved.bpf.c -o /mydata/cache_ext/eviction_evo/build/cache_ext_evolved.bpf.o
2026-03-10 22:54:48,981 INFO CMD: /usr/local/sbin/bpftool gen skeleton /mydata/cache_ext/eviction_evo/build/cache_ext_evolved.bpf.o name cache_ext_evolved_bpf
2026-03-10 22:54:49,155 INFO CMD: clang-14 -O2 -g -Wall -I/mydata/cache_ext/eviction_evo/build -I/mydata/cache_ext/policies /mydata/cache_ext/eviction_evo/cache_ext_evolved.c -o /mydata/cache_ext/eviction_evo/build/cache_ext_evolved.out -L/usr/local/lib64 -lbpf
2026-03-10 22:54:50,143 INFO Compilation successful: /mydata/cache_ext/eviction_evo/build/cache_ext_evolved.out
2026-03-10 22:54:50,143 INFO === Step 2: Disable MGLRU ===
2026-03-10 22:54:50,143 INFO MGLRU current state: 0x0007 — disabling
2026-03-10 22:54:50,143 INFO CMD: sudo sh -c echo 0 > /sys/kernel/mm/lru_gen/enabled
2026-03-10 22:54:50,238 INFO MGLRU disabled.
2026-03-10 22:54:50,238 INFO === Step 3: Create cgroup ===
2026-03-10 22:54:50,238 INFO CMD: sudo cgdelete memory:cache_ext_test
2026-03-10 22:54:50,274 INFO CMD: sudo cgcreate -g memory:cache_ext_test
2026-03-10 22:54:50,372 INFO CMD: sudo sh -c echo 134217728 > /sys/fs/cgroup/cache_ext_test/memory.max
2026-03-10 22:54:50,389 INFO CMD: sudo sh -c echo 268435456 > /sys/fs/cgroup/cache_ext_test/memory.swap.max
2026-03-10 22:54:50,403 INFO Created cgroup cache_ext_test with limit 134217728 bytes, swap limit 268435456 bytes
2026-03-10 22:54:50,403 INFO === Step 4: Load BPF policy ===
2026-03-10 22:54:50,403 INFO Loading policy: sudo /mydata/cache_ext/eviction_evo/build/cache_ext_evolved.out --watch_dir /mydata/file_workload_data --cgroup_path /sys/fs/cgroup/cache_ext_test
2026-03-10 22:55:00,414 INFO Policy loaded (PID 118928)
2026-03-10 22:55:00,414 INFO === Step 5: Run 2 file workload traces ===
2026-03-10 22:55:00,414 INFO --- Trace 1/2: file_priority ---
2026-03-10 22:55:00,432 INFO Starting process high_prio_reader: sudo cgexec -g memory:cache_ext_test sh -c echo $$ > "/tmp/file_workload_high_prio_reader_117694.pid" && exec "/mydata/cache_ext/eviction_evo/build/file_workload" "/tmp/file_high_prio_reader_uusmwnrf.yaml"
2026-03-10 22:55:00,435 INFO Starting process low_prio_reader: sudo cgexec -g memory:cache_ext_test sh -c echo $$ > "/tmp/file_workload_low_prio_reader_117694.pid" && exec "/mydata/cache_ext/eviction_evo/build/file_workload" "/tmp/file_low_prio_reader_wiq1lr99.yaml"
2026-03-10 22:55:03,439 INFO Process high_prio_reader actual PID: 118951 (wrapper PID: 118948)
2026-03-10 22:55:03,440 INFO Process low_prio_reader actual PID: 118953 (wrapper PID: 118949)
2026-03-10 22:57:10,579 INFO Process high_prio_reader: throughput=2698.78
2026-03-10 22:57:10,579 INFO Process low_prio_reader: throughput=243.03
2026-03-10 22:57:10,579 INFO File workload combined throughput: 2941.81 ops/sec
2026-03-10 22:57:10,580 INFO Trace file_priority: throughput=2941.81 ops/sec
2026-03-10 22:57:10,580 INFO --- Trace 2/2: file_niceness ---
2026-03-10 22:57:10,580 INFO CMD: sudo sync
2026-03-10 22:57:10,688 INFO CMD: sudo sh -c echo 3 > /proc/sys/vm/drop_caches
2026-03-10 22:57:10,958 INFO Page cache dropped.
2026-03-10 22:57:12,991 INFO Starting process reader_alpha: sudo cgexec -g memory:cache_ext_test sh -c echo $$ > "/tmp/file_workload_reader_alpha_117694.pid" && exec "/mydata/cache_ext/eviction_evo/build/file_workload" "/tmp/file_reader_alpha_if3nm5t2.yaml"
2026-03-10 22:57:13,010 INFO Starting process reader_beta: sudo cgexec -g memory:cache_ext_test sh -c echo $$ > "/tmp/file_workload_reader_beta_117694.pid" && exec "/mydata/cache_ext/eviction_evo/build/file_workload" "/tmp/file_reader_beta_en4461kr.yaml"
2026-03-10 22:57:16,012 INFO Process reader_alpha actual PID: 119190 (wrapper PID: 119186)
2026-03-10 22:57:16,013 INFO Process reader_beta actual PID: 119191 (wrapper PID: 119187)
2026-03-10 22:57:16,013 INFO CMD: sudo renice -15 -p 119190
2026-03-10 22:57:16,122 INFO CMD: sudo renice 15 -p 119191
2026-03-10 22:57:17,140 INFO CMD: sudo renice -15 -p 119190
2026-03-10 22:57:17,159 INFO CMD: sudo renice 15 -p 119191
2026-03-10 22:57:18,177 INFO CMD: sudo renice -15 -p 119190
2026-03-10 22:57:18,197 INFO CMD: sudo renice 15 -p 119191
2026-03-10 22:57:19,215 INFO CMD: sudo renice -15 -p 119190
2026-03-10 22:57:19,235 INFO CMD: sudo renice 15 -p 119191
2026-03-10 22:57:20,252 INFO CMD: sudo renice -15 -p 119190
2026-03-10 22:57:20,272 INFO CMD: sudo renice 15 -p 119191
2026-03-10 22:57:21,291 INFO CMD: sudo renice -15 -p 119190
2026-03-10 22:57:21,311 INFO CMD: sudo renice 15 -p 119191
2026-03-10 22:57:22,329 INFO CMD: sudo renice -15 -p 119190
2026-03-10 22:57:22,348 INFO CMD: sudo renice 15 -p 119191
2026-03-10 22:57:23,366 INFO CMD: sudo renice -15 -p 119190
2026-03-10 22:57:23,386 INFO CMD: sudo renice 15 -p 119191
2026-03-10 22:57:24,404 INFO CMD: sudo renice -15 -p 119190
2026-03-10 22:57:24,423 INFO CMD: sudo renice 15 -p 119191
2026-03-10 22:57:25,441 INFO CMD: sudo renice -15 -p 119190
2026-03-10 22:57:25,461 INFO CMD: sudo renice 15 -p 119191
2026-03-10 22:57:26,478 INFO CMD: sudo renice -15 -p 119190
2026-03-10 22:57:26,500 INFO CMD: sudo renice 15 -p 119191
2026-03-10 22:57:27,518 INFO CMD: sudo renice -15 -p 119190
2026-03-10 22:57:27,539 INFO CMD: sudo renice 15 -p 119191
2026-03-10 22:57:28,558 INFO CMD: sudo renice -15 -p 119190
2026-03-10 22:57:28,577 INFO CMD: sudo renice 15 -p 119191
2026-03-10 22:57:29,596 INFO CMD: sudo renice -15 -p 119190
2026-03-10 22:57:29,615 INFO CMD: sudo renice 15 -p 119191
2026-03-10 22:57:30,635 INFO CMD: sudo renice -15 -p 119190
2026-03-10 22:57:30,656 INFO CMD: sudo renice 15 -p 119191
2026-03-10 22:57:31,673 INFO CMD: sudo renice -15 -p 119190
2026-03-10 22:57:31,691 INFO CMD: sudo renice 15 -p 119191
2026-03-10 22:57:32,708 INFO CMD: sudo renice -15 -p 119190
2026-03-10 22:57:32,727 INFO CMD: sudo renice 15 -p 119191
2026-03-10 22:57:33,745 INFO CMD: sudo renice -15 -p 119190
2026-03-10 22:57:33,766 INFO CMD: sudo renice 15 -p 119191
2026-03-10 22:57:34,785 INFO CMD: sudo renice -15 -p 119190
2026-03-10 22:57:34,805 INFO CMD: sudo renice 15 -p 119191
2026-03-10 22:57:35,825 INFO CMD: sudo renice -15 -p 119190
2026-03-10 22:57:35,844 INFO CMD: sudo renice 15 -p 119191
2026-03-10 22:57:36,861 INFO CMD: sudo renice -15 -p 119190
2026-03-10 22:57:36,882 INFO CMD: sudo renice 15 -p 119191
2026-03-10 22:57:37,901 INFO CMD: sudo renice -15 -p 119190
2026-03-10 22:57:37,919 INFO CMD: sudo renice 15 -p 119191
2026-03-10 22:57:38,936 INFO CMD: sudo renice -15 -p 119190
2026-03-10 22:57:38,955 INFO CMD: sudo renice 15 -p 119191
2026-03-10 22:57:39,973 INFO CMD: sudo renice -15 -p 119190
2026-03-10 22:57:39,994 INFO CMD: sudo renice 15 -p 119191
2026-03-10 22:57:41,013 INFO CMD: sudo renice -15 -p 119190
2026-03-10 22:57:41,032 INFO CMD: sudo renice 15 -p 119191
2026-03-10 22:57:42,050 INFO CMD: sudo renice -15 -p 119190
2026-03-10 22:57:42,070 INFO CMD: sudo renice 15 -p 119191
2026-03-10 22:57:43,088 INFO CMD: sudo renice -15 -p 119190
2026-03-10 22:57:43,108 INFO CMD: sudo renice 15 -p 119191
2026-03-10 22:57:44,126 INFO CMD: sudo renice -15 -p 119190
2026-03-10 22:57:44,145 INFO CMD: sudo renice 15 -p 119191
2026-03-10 22:57:45,162 INFO CMD: sudo renice -15 -p 119190
2026-03-10 22:57:45,182 INFO CMD: sudo renice 15 -p 119191
2026-03-10 22:57:46,199 INFO CMD: sudo renice -15 -p 119190
2026-03-10 22:57:46,219 INFO CMD: sudo renice 15 -p 119191
2026-03-10 22:57:47,237 INFO CMD: sudo renice -15 -p 119190
2026-03-10 22:57:47,259 INFO CMD: sudo renice 15 -p 119191
2026-03-10 22:57:48,276 INFO CMD: sudo renice -15 -p 119190
2026-03-10 22:57:48,295 INFO CMD: sudo renice 15 -p 119191
2026-03-10 22:57:49,313 INFO CMD: sudo renice -15 -p 119190
2026-03-10 22:57:49,332 INFO CMD: sudo renice 15 -p 119191
2026-03-10 22:57:50,349 INFO CMD: sudo renice -15 -p 119190
2026-03-10 22:57:50,369 INFO CMD: sudo renice 15 -p 119191
2026-03-10 22:57:51,387 INFO CMD: sudo renice -15 -p 119190
2026-03-10 22:57:51,406 INFO CMD: sudo renice 15 -p 119191
2026-03-10 22:57:52,424 INFO CMD: sudo renice -15 -p 119190
2026-03-10 22:57:52,443 INFO CMD: sudo renice 15 -p 119191
2026-03-10 22:57:53,461 INFO CMD: sudo renice -15 -p 119190
2026-03-10 22:57:53,480 INFO CMD: sudo renice 15 -p 119191
2026-03-10 22:57:54,498 INFO CMD: sudo renice -15 -p 119190
2026-03-10 22:57:54,517 INFO CMD: sudo renice 15 -p 119191
2026-03-10 22:57:55,536 INFO CMD: sudo renice -15 -p 119190
2026-03-10 22:57:55,555 INFO CMD: sudo renice 15 -p 119191
2026-03-10 22:57:56,573 INFO CMD: sudo renice -15 -p 119190
2026-03-10 22:57:56,592 INFO CMD: sudo renice 15 -p 119191
2026-03-10 22:57:57,610 INFO CMD: sudo renice -15 -p 119190
2026-03-10 22:57:57,630 INFO CMD: sudo renice 15 -p 119191
2026-03-10 22:57:58,649 INFO CMD: sudo renice -15 -p 119190
2026-03-10 22:57:58,669 INFO CMD: sudo renice 15 -p 119191
2026-03-10 22:57:59,687 INFO CMD: sudo renice -15 -p 119190
2026-03-10 22:57:59,707 INFO CMD: sudo renice 15 -p 119191
2026-03-10 22:58:00,725 INFO CMD: sudo renice -15 -p 119190
2026-03-10 22:58:00,746 INFO CMD: sudo renice 15 -p 119191
2026-03-10 22:58:01,765 INFO CMD: sudo renice -15 -p 119190
2026-03-10 22:58:01,784 INFO CMD: sudo renice 15 -p 119191
2026-03-10 22:58:02,803 INFO CMD: sudo renice -15 -p 119190
2026-03-10 22:58:02,823 INFO CMD: sudo renice 15 -p 119191
2026-03-10 22:58:03,841 INFO CMD: sudo renice -15 -p 119190
2026-03-10 22:58:03,861 INFO CMD: sudo renice 15 -p 119191
2026-03-10 22:58:04,878 INFO CMD: sudo renice -15 -p 119190
2026-03-10 22:58:04,897 INFO CMD: sudo renice 15 -p 119191
2026-03-10 22:58:05,915 INFO CMD: sudo renice -15 -p 119190
2026-03-10 22:58:05,934 INFO CMD: sudo renice 15 -p 119191
2026-03-10 22:58:06,953 INFO CMD: sudo renice -15 -p 119190
2026-03-10 22:58:06,972 INFO CMD: sudo renice 15 -p 119191
2026-03-10 22:58:07,988 INFO CMD: sudo renice -15 -p 119190
2026-03-10 22:58:08,008 INFO CMD: sudo renice 15 -p 119191
2026-03-10 22:58:09,025 INFO CMD: sudo renice -15 -p 119190
2026-03-10 22:58:09,043 INFO CMD: sudo renice 15 -p 119191
2026-03-10 22:58:10,061 INFO CMD: sudo renice -15 -p 119190
2026-03-10 22:58:10,080 INFO CMD: sudo renice 15 -p 119191
2026-03-10 22:58:11,098 INFO CMD: sudo renice -15 -p 119190
2026-03-10 22:58:11,117 INFO CMD: sudo renice 15 -p 119191
2026-03-10 22:58:12,136 INFO CMD: sudo renice -15 -p 119190
2026-03-10 22:58:12,155 INFO CMD: sudo renice 15 -p 119191
2026-03-10 22:58:13,173 INFO CMD: sudo renice -15 -p 119190
2026-03-10 22:58:13,194 INFO CMD: sudo renice 15 -p 119191
2026-03-10 22:58:14,213 INFO CMD: sudo renice -15 -p 119190
2026-03-10 22:58:14,234 INFO CMD: sudo renice 15 -p 119191
2026-03-10 22:58:15,254 INFO CMD: sudo renice -15 -p 119190
2026-03-10 22:58:15,273 INFO CMD: sudo renice 15 -p 119191
2026-03-10 22:58:16,293 INFO CMD: sudo renice 15 -p 119190
2026-03-10 22:58:16,314 INFO CMD: sudo renice -15 -p 119191
2026-03-10 22:58:17,332 INFO CMD: sudo renice 15 -p 119190
2026-03-10 22:58:17,352 INFO CMD: sudo renice -15 -p 119191
2026-03-10 22:58:18,371 INFO CMD: sudo renice 15 -p 119190
2026-03-10 22:58:18,390 INFO CMD: sudo renice -15 -p 119191
2026-03-10 22:58:19,409 INFO CMD: sudo renice 15 -p 119190
2026-03-10 22:58:19,429 INFO CMD: sudo renice -15 -p 119191
2026-03-10 22:58:20,448 INFO CMD: sudo renice 15 -p 119190
2026-03-10 22:58:20,468 INFO CMD: sudo renice -15 -p 119191
2026-03-10 22:58:21,486 INFO CMD: sudo renice 15 -p 119190
2026-03-10 22:58:21,506 INFO CMD: sudo renice -15 -p 119191
2026-03-10 22:58:22,523 INFO CMD: sudo renice 15 -p 119190
2026-03-10 22:58:22,543 INFO CMD: sudo renice -15 -p 119191
2026-03-10 22:58:23,562 INFO CMD: sudo renice 15 -p 119190
2026-03-10 22:58:23,582 INFO CMD: sudo renice -15 -p 119191
2026-03-10 22:58:24,601 INFO CMD: sudo renice 15 -p 119190
2026-03-10 22:58:24,621 INFO CMD: sudo renice -15 -p 119191
2026-03-10 22:58:25,639 INFO CMD: sudo renice 15 -p 119190
2026-03-10 22:58:25,657 INFO CMD: sudo renice -15 -p 119191
2026-03-10 22:58:26,676 INFO CMD: sudo renice 15 -p 119190
2026-03-10 22:58:26,696 INFO CMD: sudo renice -15 -p 119191
2026-03-10 22:58:27,716 INFO CMD: sudo renice 15 -p 119190
2026-03-10 22:58:27,736 INFO CMD: sudo renice -15 -p 119191
2026-03-10 22:58:28,755 INFO CMD: sudo renice 15 -p 119190
2026-03-10 22:58:28,775 INFO CMD: sudo renice -15 -p 119191
2026-03-10 22:58:29,793 INFO CMD: sudo renice 15 -p 119190
2026-03-10 22:58:29,810 INFO CMD: sudo renice -15 -p 119191
2026-03-10 22:58:30,825 INFO CMD: sudo renice 15 -p 119190
2026-03-10 22:58:30,845 INFO CMD: sudo renice -15 -p 119191
2026-03-10 22:58:31,862 INFO CMD: sudo renice 15 -p 119190
2026-03-10 22:58:31,882 INFO CMD: sudo renice -15 -p 119191
2026-03-10 22:58:32,901 INFO CMD: sudo renice 15 -p 119190
2026-03-10 22:58:32,921 INFO CMD: sudo renice -15 -p 119191
2026-03-10 22:58:33,938 INFO CMD: sudo renice 15 -p 119190
2026-03-10 22:58:33,958 INFO CMD: sudo renice -15 -p 119191
2026-03-10 22:58:34,976 INFO CMD: sudo renice 15 -p 119190
2026-03-10 22:58:34,996 INFO CMD: sudo renice -15 -p 119191
2026-03-10 22:58:36,014 INFO CMD: sudo renice 15 -p 119190
2026-03-10 22:58:36,035 INFO CMD: sudo renice -15 -p 119191
2026-03-10 22:58:37,053 INFO CMD: sudo renice 15 -p 119190
2026-03-10 22:58:37,073 INFO CMD: sudo renice -15 -p 119191
2026-03-10 22:58:38,091 INFO CMD: sudo renice 15 -p 119190
2026-03-10 22:58:38,111 INFO CMD: sudo renice -15 -p 119191
2026-03-10 22:58:39,129 INFO CMD: sudo renice 15 -p 119190
2026-03-10 22:58:39,148 INFO CMD: sudo renice -15 -p 119191
2026-03-10 22:58:40,166 INFO CMD: sudo renice 15 -p 119190
2026-03-10 22:58:40,186 INFO CMD: sudo renice -15 -p 119191
2026-03-10 22:58:41,205 INFO CMD: sudo renice 15 -p 119190
2026-03-10 22:58:41,224 INFO CMD: sudo renice -15 -p 119191
2026-03-10 22:58:42,241 INFO CMD: sudo renice 15 -p 119190
2026-03-10 22:58:42,261 INFO CMD: sudo renice -15 -p 119191
2026-03-10 22:58:43,280 INFO CMD: sudo renice 15 -p 119190
2026-03-10 22:58:43,299 INFO CMD: sudo renice -15 -p 119191
2026-03-10 22:58:44,316 INFO CMD: sudo renice 15 -p 119190
2026-03-10 22:58:44,336 INFO CMD: sudo renice -15 -p 119191
2026-03-10 22:58:45,353 INFO CMD: sudo renice 15 -p 119190
2026-03-10 22:58:45,373 INFO CMD: sudo renice -15 -p 119191
2026-03-10 22:58:46,390 INFO CMD: sudo renice 15 -p 119190
2026-03-10 22:58:46,418 INFO CMD: sudo renice -15 -p 119191
2026-03-10 22:58:47,450 INFO CMD: sudo renice 15 -p 119190
2026-03-10 22:58:47,470 INFO CMD: sudo renice -15 -p 119191
2026-03-10 22:58:48,487 INFO CMD: sudo renice 15 -p 119190
2026-03-10 22:58:48,505 INFO CMD: sudo renice -15 -p 119191
2026-03-10 22:58:49,524 INFO CMD: sudo renice 15 -p 119190
2026-03-10 22:58:49,543 INFO CMD: sudo renice -15 -p 119191
2026-03-10 22:58:50,561 INFO CMD: sudo renice 15 -p 119190
2026-03-10 22:58:50,580 INFO CMD: sudo renice -15 -p 119191
2026-03-10 22:58:51,598 INFO CMD: sudo renice 15 -p 119190
2026-03-10 22:58:51,618 INFO CMD: sudo renice -15 -p 119191
2026-03-10 22:58:52,637 INFO CMD: sudo renice 15 -p 119190
2026-03-10 22:58:52,655 INFO CMD: sudo renice -15 -p 119191
2026-03-10 22:58:53,672 INFO CMD: sudo renice 15 -p 119190
2026-03-10 22:58:53,692 INFO CMD: sudo renice -15 -p 119191
2026-03-10 22:58:54,709 INFO CMD: sudo renice 15 -p 119190
2026-03-10 22:58:54,729 INFO CMD: sudo renice -15 -p 119191
2026-03-10 22:58:55,747 INFO CMD: sudo renice 15 -p 119190
2026-03-10 22:58:55,767 INFO CMD: sudo renice -15 -p 119191
2026-03-10 22:58:56,784 INFO CMD: sudo renice 15 -p 119190
2026-03-10 22:58:56,803 INFO CMD: sudo renice -15 -p 119191
2026-03-10 22:58:57,822 INFO CMD: sudo renice 15 -p 119190
2026-03-10 22:58:57,841 INFO CMD: sudo renice -15 -p 119191
2026-03-10 22:58:58,861 INFO CMD: sudo renice 15 -p 119190
2026-03-10 22:58:58,878 INFO CMD: sudo renice -15 -p 119191
2026-03-10 22:58:59,895 INFO CMD: sudo renice 15 -p 119190
2026-03-10 22:58:59,915 INFO CMD: sudo renice -15 -p 119191
2026-03-10 22:59:00,933 INFO CMD: sudo renice 15 -p 119190
2026-03-10 22:59:00,953 INFO CMD: sudo renice -15 -p 119191
2026-03-10 22:59:01,969 INFO CMD: sudo renice 15 -p 119190
2026-03-10 22:59:01,989 INFO CMD: sudo renice -15 -p 119191
2026-03-10 22:59:03,006 INFO CMD: sudo renice 15 -p 119190
2026-03-10 22:59:03,024 INFO CMD: sudo renice -15 -p 119191
2026-03-10 22:59:04,042 INFO CMD: sudo renice 15 -p 119190
2026-03-10 22:59:04,059 INFO CMD: sudo renice -15 -p 119191
2026-03-10 22:59:05,076 INFO CMD: sudo renice 15 -p 119190
2026-03-10 22:59:05,095 INFO CMD: sudo renice -15 -p 119191
2026-03-10 22:59:06,112 INFO CMD: sudo renice 15 -p 119190
2026-03-10 22:59:06,132 INFO CMD: sudo renice -15 -p 119191
2026-03-10 22:59:07,153 INFO CMD: sudo renice 15 -p 119190
2026-03-10 22:59:07,173 INFO CMD: sudo renice -15 -p 119191
2026-03-10 22:59:08,190 INFO CMD: sudo renice 15 -p 119190
2026-03-10 22:59:08,209 INFO CMD: sudo renice -15 -p 119191
2026-03-10 22:59:09,226 INFO CMD: sudo renice 15 -p 119190
2026-03-10 22:59:09,247 INFO CMD: sudo renice -15 -p 119191
2026-03-10 22:59:10,265 INFO CMD: sudo renice 15 -p 119190
2026-03-10 22:59:10,284 INFO CMD: sudo renice -15 -p 119191
2026-03-10 22:59:11,300 INFO CMD: sudo renice 15 -p 119190
2026-03-10 22:59:11,317 INFO CMD: sudo renice -15 -p 119191
2026-03-10 22:59:12,335 INFO CMD: sudo renice 15 -p 119190
2026-03-10 22:59:12,355 INFO CMD: sudo renice -15 -p 119191
2026-03-10 22:59:13,372 INFO CMD: sudo renice 15 -p 119190
2026-03-10 22:59:13,391 INFO CMD: sudo renice -15 -p 119191
2026-03-10 22:59:14,410 INFO CMD: sudo renice 15 -p 119190
2026-03-10 22:59:14,429 INFO CMD: sudo renice -15 -p 119191
2026-03-10 22:59:15,444 INFO CMD: sudo renice 15 -p 119190
2026-03-10 22:59:15,465 INFO CMD: sudo renice -15 -p 119191
2026-03-10 22:59:16,486 INFO CMD: sudo renice 15 -p 119190
2026-03-10 22:59:16,505 INFO CMD: sudo renice -15 -p 119191
2026-03-10 22:59:17,524 INFO CMD: sudo renice 15 -p 119190
2026-03-10 22:59:17,544 INFO CMD: sudo renice -15 -p 119191
2026-03-10 22:59:18,562 INFO CMD: sudo renice 15 -p 119190
2026-03-10 22:59:18,581 INFO CMD: sudo renice -15 -p 119191
2026-03-10 22:59:19,598 INFO CMD: sudo renice 15 -p 119190
2026-03-10 22:59:19,617 INFO CMD: sudo renice -15 -p 119191
2026-03-10 22:59:20,634 INFO CMD: sudo renice 15 -p 119190
2026-03-10 22:59:20,653 INFO CMD: sudo renice -15 -p 119191
2026-03-10 22:59:21,670 INFO CMD: sudo renice 15 -p 119190
2026-03-10 22:59:21,690 INFO CMD: sudo renice -15 -p 119191
2026-03-10 22:59:22,708 INFO CMD: sudo renice 15 -p 119190
2026-03-10 22:59:22,726 INFO CMD: sudo renice -15 -p 119191
2026-03-10 22:59:23,744 INFO CMD: sudo renice 15 -p 119190
2026-03-10 22:59:23,761 INFO CMD: sudo renice -15 -p 119191
2026-03-10 22:59:24,780 INFO Process reader_alpha: throughput=2025.10
2026-03-10 22:59:24,780 INFO Process reader_beta: throughput=243.50
2026-03-10 22:59:24,780 INFO File workload combined throughput: 2268.60 ops/sec
2026-03-10 22:59:24,785 INFO Trace file_niceness: throughput=2268.60 ops/sec
2026-03-10 22:59:24,814 INFO === Evaluation complete ===
2026-03-10 22:59:24,814 INFO Combined score (harmonic mean): 2561.71  (2/2 traces passed)
2026-03-10 22:59:24,814 INFO   file_priority: 2941.81 ops/sec
2026-03-10 22:59:24,814 INFO   file_niceness: 2268.60 ops/sec
2026-03-10 22:59:24,814 INFO Unloading BPF policy (PID 118928)
2026-03-10 22:59:24,814 INFO CMD: sudo kill -2 118928
2026-03-10 22:59:25,288 INFO CMD: sudo rm -f /sys/fs/bpf/cache_ext/scan_pids
2026-03-10 22:59:25,304 INFO CMD: sudo cgdelete memory:cache_ext_test
2026-03-10 22:59:25,337 INFO CMD: sudo sh -c echo 0x0007 > /sys/kernel/mm/lru_gen/enabled
2026-03-10 22:59:25,420 INFO MGLRU re-enabled (restored to 0x0007).
