2026-03-09 17:25:01,492 INFO Waiting for evaluation lock /tmp/cache_ext_evaluate.lock ...
2026-03-09 17:47:03,791 INFO Acquired evaluation lock.
2026-03-09 17:47:03,791 INFO === Step 0: Drop page cache ===
2026-03-09 17:47:03,791 INFO Database already exists at /mydata/leveldb_temp (CURRENT file found), skipping rsync
2026-03-09 17:47:03,791 INFO CMD: sudo sync
2026-03-09 17:47:04,037 INFO CMD: sudo sh -c echo 3 > /proc/sys/vm/drop_caches
2026-03-09 17:47:04,911 INFO Page cache dropped.
2026-03-09 17:47:04,912 INFO === Step 1: Compile evolved policy ===
2026-03-09 17:47:04,912 INFO CMD: sudo chown -R root: /mydata/cache_ext/eviction_evo/build
2026-03-09 17:47:05,227 INFO CMD: clang-14 -O2 -target bpf -D__TARGET_ARCH_x86 -c -g -Wall -idirafter /usr/lib/llvm-14/lib/clang/14.0.0/include -idirafter /usr/local/include -idirafter /usr/include/x86_64-linux-gnu -idirafter /usr/include /mydata/cache_ext/eviction_evo/build/cache_ext_evolved.bpf.c -o /mydata/cache_ext/eviction_evo/build/cache_ext_evolved.bpf.o
2026-03-09 17:47:08,251 INFO CMD: /usr/local/sbin/bpftool gen skeleton /mydata/cache_ext/eviction_evo/build/cache_ext_evolved.bpf.o name cache_ext_evolved_bpf
2026-03-09 17:47:08,434 INFO CMD: clang-14 -O2 -g -Wall -I/mydata/cache_ext/eviction_evo/build -I/mydata/cache_ext/policies /mydata/cache_ext/eviction_evo/cache_ext_evolved.c -o /mydata/cache_ext/eviction_evo/build/cache_ext_evolved.out -L/usr/local/lib64 -lbpf
2026-03-09 17:47:09,524 INFO Compilation successful: /mydata/cache_ext/eviction_evo/build/cache_ext_evolved.out
2026-03-09 17:47:09,524 INFO === Step 2: Disable MGLRU ===
2026-03-09 17:47:09,525 INFO MGLRU current state: 0x0000 — disabling
2026-03-09 17:47:09,525 INFO CMD: sudo sh -c echo 0 > /sys/kernel/mm/lru_gen/enabled
2026-03-09 17:47:09,543 INFO MGLRU disabled.
2026-03-09 17:47:09,543 INFO === Step 3: Create cgroup ===
2026-03-09 17:47:09,543 INFO CMD: sudo cgdelete memory:cache_ext_test
2026-03-09 17:47:09,581 INFO CMD: sudo cgcreate -g memory:cache_ext_test
2026-03-09 17:47:09,697 INFO CMD: sudo sh -c echo 536870912 > /sys/fs/cgroup/cache_ext_test/memory.max
2026-03-09 17:47:09,713 INFO Created cgroup cache_ext_test with limit 536870912 bytes
2026-03-09 17:47:09,713 INFO === Step 4: Load BPF policy ===
2026-03-09 17:47:09,713 INFO Loading policy: sudo /mydata/cache_ext/eviction_evo/build/cache_ext_evolved.out --watch_dir /mydata/leveldb_temp --cgroup_path /sys/fs/cgroup/cache_ext_test
2026-03-09 17:47:19,724 INFO Policy loaded (PID 218837)
2026-03-09 17:47:19,724 INFO === Step 5: Start server ===
2026-03-09 17:47:19,724 INFO Starting server: sudo cgexec -g memory:cache_ext_test /mydata/cache_ext/net_leveldb_server 9100 /mydata/leveldb_temp
2026-03-09 17:47:19,726 INFO Waiting for server on port 9100 ...
2026-03-09 17:47:20,753 INFO Server ready (PID 218851) on port 9100
2026-03-09 17:47:20,753 INFO === Step 6: Run 8 trace benchmarks ===
2026-03-09 17:47:20,754 INFO --- Trace 1/8: ycsb_a ---
2026-03-09 17:47:20,786 INFO Running benchmark: /mydata/cache_ext/My-YCSB/build/run_net_leveldb /mydata/cache_ext/eviction_evo/traces/ycsb_a.yaml
2026-03-09 17:47:21,112 INFO CMD: /mydata/cache_ext/My-YCSB/build/run_net_leveldb /mydata/cache_ext/eviction_evo/traces/ycsb_a.yaml
2026-03-09 17:50:18,059 INFO Benchmark stdout:
ZipfianWorkload: start initializing zipfian variables, might take a while
Zipfian (Warm-Up) (epoch 0, progress 0.00%): UPDATE throughput 0.00 ops/sec, INSERT throughput 0.00 ops/sec, READ throughput 0.00 ops/sec, SCAN throughput 0.00 ops/sec, READ_MODIFY_WRITE throughput 0.00 ops/sec, total throughput 0.00 ops/sec
Zipfian (Warm-Up) (epoch 1, progress 0.00%): UPDATE throughput 159.98 ops/sec, INSERT throughput 0.00 ops/sec, READ throughput 135.98 ops/sec, SCAN throughput 0.00 ops/sec, READ_MODIFY_WRITE throughput 0.00 ops/sec, total throughput 295.96 ops/sec
Zipfian (Warm-Up) (epoch 2, progress 0.00%): UPDATE throughput 183.98 ops/sec, INSERT throughput 0.00 ops/sec, READ throughput 178.98 ops/sec, SCAN throughput 0.00 ops/sec, READ_MODIFY_WRITE throughput 0.00 ops/sec, total throughput 362.96 ops/sec
Zipfian (Warm-Up) (epoch 3, progress 0.00%): UPDATE throughput 190.97 ops/sec, INSERT throughput 0.00 ops/sec, READ throughput 185.97 ops/sec, SCAN throughput 0.00 ops/sec, READ_MODIFY_WRITE throughput 0.00 ops/sec, total throughput 376.94 ops/sec
Zipfian (Warm-Up) (epoch 4, progress 0.00%): UPDATE throughput 219.97 ops/sec, INSERT throughput 0.00 ops/sec, READ throughput 229.97 ops/sec, SCAN throughput 0.00 ops/sec, READ_MODIFY_WRITE throughput 0.00 ops/sec, total throughput 449.93 ops/sec
Zipfian (Warm-Up) (epoch 5, progress 0.00%): UPDATE throughput 206.97 ops/sec, INSERT throughput 0.00 ops/sec, READ throughput 220.97 ops/sec, SCAN throughput 0.00 ops/sec, READ_MODIFY_WRITE throughput 0.00 ops/sec, total throughput 427.94 ops/sec
Zipfian (Warm-Up) (epoch 6, progress 0.00%): UPDATE throughput 208.97 ops/sec, INSERT throughput 0.00 ops/sec, READ throughput 182.97 ops/sec, SCAN throughput 0.00 ops/sec, READ_MODIFY_WRITE throughput 0.00 ops/sec, total throughput 391.94 ops/sec
Zipfian (Warm-Up) (epoch 7, progress 0.00%): UPDATE throughput 200.97 ops/sec, INSERT throughput 0.00 ops/sec, READ throughput 198.97 ops/sec, SCAN throughput 0.00 ops/sec, READ_MODIFY_WRITE throu
2026-03-09 17:50:18,061 INFO Trace ycsb_a: throughput=611.30 ops/sec
2026-03-09 17:50:18,061 INFO --- Trace 2/8: ycsb_b ---
2026-03-09 17:50:18,061 INFO CMD: sudo sync
2026-03-09 17:50:18,198 INFO CMD: sudo sh -c echo 3 > /proc/sys/vm/drop_caches
2026-03-09 17:50:19,090 INFO Page cache dropped.
2026-03-09 17:50:21,119 INFO Running benchmark: /mydata/cache_ext/My-YCSB/build/run_net_leveldb /mydata/cache_ext/eviction_evo/traces/ycsb_b.yaml
2026-03-09 17:50:22,394 INFO CMD: /mydata/cache_ext/My-YCSB/build/run_net_leveldb /mydata/cache_ext/eviction_evo/traces/ycsb_b.yaml
2026-03-09 17:53:20,010 INFO Benchmark stdout:
ZipfianWorkload: start initializing zipfian variables, might take a while
Zipfian (Warm-Up) (epoch 0, progress 0.00%): UPDATE throughput 0.00 ops/sec, INSERT throughput 0.00 ops/sec, READ throughput 0.00 ops/sec, SCAN throughput 0.00 ops/sec, READ_MODIFY_WRITE throughput 0.00 ops/sec, total throughput 0.00 ops/sec
Zipfian (Warm-Up) (epoch 1, progress 0.00%): UPDATE throughput 4.00 ops/sec, INSERT throughput 0.00 ops/sec, READ throughput 106.98 ops/sec, SCAN throughput 0.00 ops/sec, READ_MODIFY_WRITE throughput 0.00 ops/sec, total throughput 110.98 ops/sec
Zipfian (Warm-Up) (epoch 2, progress 0.00%): UPDATE throughput 9.00 ops/sec, INSERT throughput 0.00 ops/sec, READ throughput 140.98 ops/sec, SCAN throughput 0.00 ops/sec, READ_MODIFY_WRITE throughput 0.00 ops/sec, total throughput 149.98 ops/sec
Zipfian (Warm-Up) (epoch 3, progress 0.00%): UPDATE throughput 8.00 ops/sec, INSERT throughput 0.00 ops/sec, READ throughput 168.98 ops/sec, SCAN throughput 0.00 ops/sec, READ_MODIFY_WRITE throughput 0.00 ops/sec, total throughput 176.98 ops/sec
Zipfian (Warm-Up) (epoch 4, progress 0.00%): UPDATE throughput 8.00 ops/sec, INSERT throughput 0.00 ops/sec, READ throughput 176.97 ops/sec, SCAN throughput 0.00 ops/sec, READ_MODIFY_WRITE throughput 0.00 ops/sec, total throughput 184.97 ops/sec
Zipfian (Warm-Up) (epoch 5, progress 0.00%): UPDATE throughput 6.00 ops/sec, INSERT throughput 0.00 ops/sec, READ throughput 196.98 ops/sec, SCAN throughput 0.00 ops/sec, READ_MODIFY_WRITE throughput 0.00 ops/sec, total throughput 202.98 ops/sec
Zipfian (Warm-Up) (epoch 6, progress 0.00%): UPDATE throughput 8.00 ops/sec, INSERT throughput 0.00 ops/sec, READ throughput 226.97 ops/sec, SCAN throughput 0.00 ops/sec, READ_MODIFY_WRITE throughput 0.00 ops/sec, total throughput 234.97 ops/sec
Zipfian (Warm-Up) (epoch 7, progress 0.00%): UPDATE throughput 15.00 ops/sec, INSERT throughput 0.00 ops/sec, READ throughput 192.98 ops/sec, SCAN throughput 0.00 ops/sec, READ_MODIFY_WRITE throughput 0.00 op
2026-03-09 17:53:20,010 INFO Trace ycsb_b: throughput=330.58 ops/sec
2026-03-09 17:53:20,010 INFO --- Trace 3/8: ycsb_c ---
2026-03-09 17:53:20,011 INFO CMD: sudo sync
2026-03-09 17:53:20,710 INFO CMD: sudo sh -c echo 3 > /proc/sys/vm/drop_caches
2026-03-09 17:53:21,617 INFO Page cache dropped.
2026-03-09 17:53:23,655 INFO Running benchmark: /mydata/cache_ext/My-YCSB/build/run_net_leveldb /mydata/cache_ext/eviction_evo/traces/ycsb_c.yaml
2026-03-09 17:53:23,705 INFO CMD: /mydata/cache_ext/My-YCSB/build/run_net_leveldb /mydata/cache_ext/eviction_evo/traces/ycsb_c.yaml
2026-03-09 17:56:20,937 INFO Benchmark stdout:
ZipfianWorkload: start initializing zipfian variables, might take a while
Zipfian (Warm-Up) (epoch 0, progress 0.00%): UPDATE throughput 0.00 ops/sec, INSERT throughput 0.00 ops/sec, READ throughput 0.00 ops/sec, SCAN throughput 0.00 ops/sec, READ_MODIFY_WRITE throughput 0.00 ops/sec, total throughput 0.00 ops/sec
Zipfian (Warm-Up) (epoch 1, progress 0.00%): UPDATE throughput 0.00 ops/sec, INSERT throughput 0.00 ops/sec, READ throughput 131.00 ops/sec, SCAN throughput 0.00 ops/sec, READ_MODIFY_WRITE throughput 0.00 ops/sec, total throughput 131.00 ops/sec
Zipfian (Warm-Up) (epoch 2, progress 0.00%): UPDATE throughput 0.00 ops/sec, INSERT throughput 0.00 ops/sec, READ throughput 147.98 ops/sec, SCAN throughput 0.00 ops/sec, READ_MODIFY_WRITE throughput 0.00 ops/sec, total throughput 147.98 ops/sec
Zipfian (Warm-Up) (epoch 3, progress 0.00%): UPDATE throughput 0.00 ops/sec, INSERT throughput 0.00 ops/sec, READ throughput 143.99 ops/sec, SCAN throughput 0.00 ops/sec, READ_MODIFY_WRITE throughput 0.00 ops/sec, total throughput 143.99 ops/sec
Zipfian (Warm-Up) (epoch 4, progress 0.00%): UPDATE throughput 0.00 ops/sec, INSERT throughput 0.00 ops/sec, READ throughput 182.98 ops/sec, SCAN throughput 0.00 ops/sec, READ_MODIFY_WRITE throughput 0.00 ops/sec, total throughput 182.98 ops/sec
Zipfian (Warm-Up) (epoch 5, progress 0.00%): UPDATE throughput 0.00 ops/sec, INSERT throughput 0.00 ops/sec, READ throughput 200.98 ops/sec, SCAN throughput 0.00 ops/sec, READ_MODIFY_WRITE throughput 0.00 ops/sec, total throughput 200.98 ops/sec
Zipfian (Warm-Up) (epoch 6, progress 0.00%): UPDATE throughput 0.00 ops/sec, INSERT throughput 0.00 ops/sec, READ throughput 181.98 ops/sec, SCAN throughput 0.00 ops/sec, READ_MODIFY_WRITE throughput 0.00 ops/sec, total throughput 181.98 ops/sec
Zipfian (Warm-Up) (epoch 7, progress 0.00%): UPDATE throughput 0.00 ops/sec, INSERT throughput 0.00 ops/sec, READ throughput 190.97 ops/sec, SCAN throughput 0.00 ops/sec, READ_MODIFY_WRITE throughput 0.00 ops
2026-03-09 17:56:20,937 INFO Trace ycsb_c: throughput=311.44 ops/sec
2026-03-09 17:56:20,937 INFO --- Trace 4/8: ycsb_d ---
2026-03-09 17:56:20,937 INFO CMD: sudo sync
2026-03-09 17:56:21,209 INFO CMD: sudo sh -c echo 3 > /proc/sys/vm/drop_caches
2026-03-09 17:56:22,093 INFO Page cache dropped.
2026-03-09 17:56:24,134 INFO Running benchmark: /mydata/cache_ext/My-YCSB/build/run_net_leveldb /mydata/cache_ext/eviction_evo/traces/ycsb_d.yaml
2026-03-09 17:56:24,209 INFO CMD: /mydata/cache_ext/My-YCSB/build/run_net_leveldb /mydata/cache_ext/eviction_evo/traces/ycsb_d.yaml
2026-03-09 17:59:23,163 INFO Benchmark stdout:
LatestWorkload: start initializing zipfian variables, might take a while
Latest (Warm-Up) (epoch 0, progress 0.00%): UPDATE throughput 0.00 ops/sec, INSERT throughput 0.00 ops/sec, READ throughput 0.00 ops/sec, SCAN throughput 0.00 ops/sec, READ_MODIFY_WRITE throughput 0.00 ops/sec, total throughput 0.00 ops/sec
Latest (Warm-Up) (epoch 1, progress 0.18%): UPDATE throughput 0.00 ops/sec, INSERT throughput 7057.61 ops/sec, READ throughput 134849.58 ops/sec, SCAN throughput 0.00 ops/sec, READ_MODIFY_WRITE throughput 0.00 ops/sec, total throughput 141907.20 ops/sec
Latest (Warm-Up) (epoch 2, progress 0.44%): UPDATE throughput 0.00 ops/sec, INSERT throughput 10867.97 ops/sec, READ throughput 201087.90 ops/sec, SCAN throughput 0.00 ops/sec, READ_MODIFY_WRITE throughput 0.00 ops/sec, total throughput 211955.86 ops/sec
Latest (Warm-Up) (epoch 3, progress 0.65%): UPDATE throughput 0.00 ops/sec, INSERT throughput 8377.13 ops/sec, READ throughput 158184.55 ops/sec, SCAN throughput 0.00 ops/sec, READ_MODIFY_WRITE throughput 0.00 ops/sec, total throughput 166561.68 ops/sec
Latest (Warm-Up) (epoch 4, progress 0.92%): UPDATE throughput 0.00 ops/sec, INSERT throughput 10943.06 ops/sec, READ throughput 207090.19 ops/sec, SCAN throughput 0.00 ops/sec, READ_MODIFY_WRITE throughput 0.00 ops/sec, total throughput 218033.25 ops/sec
Latest (Warm-Up) (epoch 5, progress 1.12%): UPDATE throughput 0.00 ops/sec, INSERT throughput 7903.33 ops/sec, READ throughput 148297.39 ops/sec, SCAN throughput 0.00 ops/sec, READ_MODIFY_WRITE throughput 0.00 ops/sec, total throughput 156200.72 ops/sec
Latest (Warm-Up) (epoch 6, progress 1.35%): UPDATE throughput 0.00 ops/sec, INSERT throughput 9176.76 ops/sec, READ throughput 174125.49 ops/sec, SCAN throughput 0.00 ops/sec, READ_MODIFY_WRITE throughput 0.00 ops/sec, total throughput 183302.25 ops/sec
Latest (Warm-Up) (epoch 7, progress 1.57%): UPDATE throughput 0.00 ops/sec, INSERT throughput 8732.21 ops/sec, READ throughput 166066.89 ops/sec, SCAN throughpu
2026-03-09 17:59:23,164 INFO Trace ycsb_d: throughput=150224.55 ops/sec
2026-03-09 17:59:23,164 INFO --- Trace 5/8: ycsb_e ---
2026-03-09 17:59:23,164 INFO CMD: sudo sync
2026-03-09 17:59:23,465 INFO CMD: sudo sh -c echo 3 > /proc/sys/vm/drop_caches
2026-03-09 17:59:23,848 INFO Page cache dropped.
2026-03-09 17:59:25,864 INFO Running benchmark: /mydata/cache_ext/My-YCSB/build/run_net_leveldb /mydata/cache_ext/eviction_evo/traces/ycsb_e.yaml
2026-03-09 17:59:25,889 INFO CMD: /mydata/cache_ext/My-YCSB/build/run_net_leveldb /mydata/cache_ext/eviction_evo/traces/ycsb_e.yaml
2026-03-09 18:02:22,797 INFO Benchmark stdout:
ZipfianWorkload: start initializing zipfian variables, might take a while
Zipfian (Warm-Up) (epoch 0, progress 0.00%): UPDATE throughput 0.00 ops/sec, INSERT throughput 0.00 ops/sec, READ throughput 0.00 ops/sec, SCAN throughput 0.00 ops/sec, READ_MODIFY_WRITE throughput 0.00 ops/sec, total throughput 0.00 ops/sec
Zipfian (Warm-Up) (epoch 1, progress 0.00%): UPDATE throughput 0.00 ops/sec, INSERT throughput 2.00 ops/sec, READ throughput 0.00 ops/sec, SCAN throughput 40.99 ops/sec, READ_MODIFY_WRITE throughput 0.00 ops/sec, total throughput 42.99 ops/sec
Zipfian (Warm-Up) (epoch 2, progress 0.00%): UPDATE throughput 0.00 ops/sec, INSERT throughput 3.00 ops/sec, READ throughput 0.00 ops/sec, SCAN throughput 61.99 ops/sec, READ_MODIFY_WRITE throughput 0.00 ops/sec, total throughput 64.99 ops/sec
Zipfian (Warm-Up) (epoch 3, progress 0.00%): UPDATE throughput 0.00 ops/sec, INSERT throughput 4.00 ops/sec, READ throughput 0.00 ops/sec, SCAN throughput 70.99 ops/sec, READ_MODIFY_WRITE throughput 0.00 ops/sec, total throughput 74.99 ops/sec
Zipfian (Warm-Up) (epoch 4, progress 0.00%): UPDATE throughput 0.00 ops/sec, INSERT throughput 3.00 ops/sec, READ throughput 0.00 ops/sec, SCAN throughput 64.99 ops/sec, READ_MODIFY_WRITE throughput 0.00 ops/sec, total throughput 67.99 ops/sec
Zipfian (Warm-Up) (epoch 5, progress 0.00%): UPDATE throughput 0.00 ops/sec, INSERT throughput 5.00 ops/sec, READ throughput 0.00 ops/sec, SCAN throughput 72.99 ops/sec, READ_MODIFY_WRITE throughput 0.00 ops/sec, total throughput 77.99 ops/sec
Zipfian (Warm-Up) (epoch 6, progress 0.00%): UPDATE throughput 0.00 ops/sec, INSERT throughput 2.00 ops/sec, READ throughput 0.00 ops/sec, SCAN throughput 61.99 ops/sec, READ_MODIFY_WRITE throughput 0.00 ops/sec, total throughput 63.99 ops/sec
Zipfian (Warm-Up) (epoch 7, progress 0.00%): UPDATE throughput 0.00 ops/sec, INSERT throughput 1.00 ops/sec, READ throughput 0.00 ops/sec, SCAN throughput 72.99 ops/sec, READ_MODIFY_WRITE throughput 0.00 ops/sec, total t
2026-03-09 18:02:22,798 INFO Trace ycsb_e: throughput=114.78 ops/sec
2026-03-09 18:02:22,798 INFO --- Trace 6/8: ycsb_f ---
2026-03-09 18:02:22,798 INFO CMD: sudo sync
2026-03-09 18:02:23,084 INFO CMD: sudo sh -c echo 3 > /proc/sys/vm/drop_caches
2026-03-09 18:02:23,661 INFO Page cache dropped.
2026-03-09 18:02:25,677 INFO Running benchmark: /mydata/cache_ext/My-YCSB/build/run_net_leveldb /mydata/cache_ext/eviction_evo/traces/ycsb_f.yaml
2026-03-09 18:02:25,698 INFO CMD: /mydata/cache_ext/My-YCSB/build/run_net_leveldb /mydata/cache_ext/eviction_evo/traces/ycsb_f.yaml
2026-03-09 18:05:22,833 INFO Benchmark stdout:
ZipfianWorkload: start initializing zipfian variables, might take a while
Zipfian (Warm-Up) (epoch 0, progress 0.00%): UPDATE throughput 0.00 ops/sec, INSERT throughput 0.00 ops/sec, READ throughput 0.00 ops/sec, SCAN throughput 0.00 ops/sec, READ_MODIFY_WRITE throughput 0.00 ops/sec, total throughput 0.00 ops/sec
Zipfian (Warm-Up) (epoch 1, progress 0.00%): UPDATE throughput 0.00 ops/sec, INSERT throughput 0.00 ops/sec, READ throughput 76.99 ops/sec, SCAN throughput 0.00 ops/sec, READ_MODIFY_WRITE throughput 87.99 ops/sec, total throughput 164.98 ops/sec
Zipfian (Warm-Up) (epoch 2, progress 0.00%): UPDATE throughput 0.00 ops/sec, INSERT throughput 0.00 ops/sec, READ throughput 120.98 ops/sec, SCAN throughput 0.00 ops/sec, READ_MODIFY_WRITE throughput 150.98 ops/sec, total throughput 271.96 ops/sec
Zipfian (Warm-Up) (epoch 3, progress 0.00%): UPDATE throughput 0.00 ops/sec, INSERT throughput 0.00 ops/sec, READ throughput 107.99 ops/sec, SCAN throughput 0.00 ops/sec, READ_MODIFY_WRITE throughput 98.99 ops/sec, total throughput 206.98 ops/sec
Zipfian (Warm-Up) (epoch 4, progress 0.00%): UPDATE throughput 0.00 ops/sec, INSERT throughput 0.00 ops/sec, READ throughput 142.98 ops/sec, SCAN throughput 0.00 ops/sec, READ_MODIFY_WRITE throughput 125.98 ops/sec, total throughput 268.96 ops/sec
Zipfian (Warm-Up) (epoch 5, progress 0.00%): UPDATE throughput 0.00 ops/sec, INSERT throughput 0.00 ops/sec, READ throughput 143.98 ops/sec, SCAN throughput 0.00 ops/sec, READ_MODIFY_WRITE throughput 158.98 ops/sec, total throughput 302.95 ops/sec
Zipfian (Warm-Up) (epoch 6, progress 0.00%): UPDATE throughput 0.00 ops/sec, INSERT throughput 0.00 ops/sec, READ throughput 154.98 ops/sec, SCAN throughput 0.00 ops/sec, READ_MODIFY_WRITE throughput 147.98 ops/sec, total throughput 302.96 ops/sec
Zipfian (Warm-Up) (epoch 7, progress 0.00%): UPDATE throughput 0.00 ops/sec, INSERT throughput 0.00 ops/sec, READ throughput 207.97 ops/sec, SCAN throughput 0.00 ops/sec, READ_MODIFY_WRITE throughput
2026-03-09 18:05:22,834 INFO Trace ycsb_f: throughput=603.42 ops/sec
2026-03-09 18:05:22,834 INFO --- Trace 7/8: uniform ---
2026-03-09 18:05:22,834 INFO CMD: sudo sync
2026-03-09 18:05:23,188 INFO CMD: sudo sh -c echo 3 > /proc/sys/vm/drop_caches
2026-03-09 18:05:23,829 INFO Page cache dropped.
2026-03-09 18:05:25,855 INFO Running benchmark: /mydata/cache_ext/My-YCSB/build/run_net_leveldb /mydata/cache_ext/eviction_evo/traces/uniform.yaml
2026-03-09 18:05:25,881 INFO CMD: /mydata/cache_ext/My-YCSB/build/run_net_leveldb /mydata/cache_ext/eviction_evo/traces/uniform.yaml
2026-03-09 18:07:58,006 INFO Benchmark stdout:
Uniform (Warm-Up) (epoch 0, progress 0.00%): UPDATE throughput 0.00 ops/sec, INSERT throughput 0.00 ops/sec, READ throughput 0.00 ops/sec, SCAN throughput 0.00 ops/sec, READ_MODIFY_WRITE throughput 0.00 ops/sec, total throughput 0.00 ops/sec
Uniform (Warm-Up) (epoch 1, progress 0.00%): UPDATE throughput 0.00 ops/sec, INSERT throughput 0.00 ops/sec, READ throughput 52.99 ops/sec, SCAN throughput 0.00 ops/sec, READ_MODIFY_WRITE throughput 0.00 ops/sec, total throughput 52.99 ops/sec
Uniform (Warm-Up) (epoch 2, progress 0.00%): UPDATE throughput 0.00 ops/sec, INSERT throughput 0.00 ops/sec, READ throughput 81.99 ops/sec, SCAN throughput 0.00 ops/sec, READ_MODIFY_WRITE throughput 0.00 ops/sec, total throughput 81.99 ops/sec
Uniform (Warm-Up) (epoch 3, progress 0.00%): UPDATE throughput 0.00 ops/sec, INSERT throughput 0.00 ops/sec, READ throughput 63.99 ops/sec, SCAN throughput 0.00 ops/sec, READ_MODIFY_WRITE throughput 0.00 ops/sec, total throughput 63.99 ops/sec
Uniform (Warm-Up) (epoch 4, progress 0.00%): UPDATE throughput 0.00 ops/sec, INSERT throughput 0.00 ops/sec, READ throughput 74.99 ops/sec, SCAN throughput 0.00 ops/sec, READ_MODIFY_WRITE throughput 0.00 ops/sec, total throughput 74.99 ops/sec
Uniform (Warm-Up) (epoch 5, progress 0.00%): UPDATE throughput 0.00 ops/sec, INSERT throughput 0.00 ops/sec, READ throughput 81.99 ops/sec, SCAN throughput 0.00 ops/sec, READ_MODIFY_WRITE throughput 0.00 ops/sec, total throughput 81.99 ops/sec
Uniform (Warm-Up) (epoch 6, progress 0.00%): UPDATE throughput 0.00 ops/sec, INSERT throughput 0.00 ops/sec, READ throughput 72.99 ops/sec, SCAN throughput 0.00 ops/sec, READ_MODIFY_WRITE throughput 0.00 ops/sec, total throughput 72.99 ops/sec
Uniform (Warm-Up) (epoch 7, progress 0.00%): UPDATE throughput 0.00 ops/sec, INSERT throughput 0.00 ops/sec, READ throughput 76.99 ops/sec, SCAN throughput 0.00 ops/sec, READ_MODIFY_WRITE throughput 0.00 ops/sec, total throughput 76.99 ops/sec
Uniform (Warm-Up) (epoch 8, progress 0.00%): UPDAT
2026-03-09 18:07:58,007 INFO Trace uniform: throughput=135.24 ops/sec
2026-03-09 18:07:58,007 INFO --- Trace 8/8: uniform_rw ---
2026-03-09 18:07:58,007 INFO CMD: sudo sync
2026-03-09 18:07:58,297 INFO CMD: sudo sh -c echo 3 > /proc/sys/vm/drop_caches
2026-03-09 18:07:59,054 INFO Page cache dropped.
2026-03-09 18:08:01,069 INFO Running benchmark: /mydata/cache_ext/My-YCSB/build/run_net_leveldb /mydata/cache_ext/eviction_evo/traces/uniform_read_write.yaml
2026-03-09 18:08:01,089 INFO CMD: /mydata/cache_ext/My-YCSB/build/run_net_leveldb /mydata/cache_ext/eviction_evo/traces/uniform_read_write.yaml
2026-03-09 18:10:33,254 INFO Benchmark stdout:
Uniform (Warm-Up) (epoch 0, progress 0.00%): UPDATE throughput 0.00 ops/sec, INSERT throughput 0.00 ops/sec, READ throughput 0.00 ops/sec, SCAN throughput 0.00 ops/sec, READ_MODIFY_WRITE throughput 0.00 ops/sec, total throughput 0.00 ops/sec
Uniform (Warm-Up) (epoch 1, progress 0.00%): UPDATE throughput 0.00 ops/sec, INSERT throughput 51.99 ops/sec, READ throughput 49.99 ops/sec, SCAN throughput 0.00 ops/sec, READ_MODIFY_WRITE throughput 0.00 ops/sec, total throughput 101.97 ops/sec
Uniform (Warm-Up) (epoch 2, progress 0.00%): UPDATE throughput 0.00 ops/sec, INSERT throughput 51.99 ops/sec, READ throughput 68.99 ops/sec, SCAN throughput 0.00 ops/sec, READ_MODIFY_WRITE throughput 0.00 ops/sec, total throughput 120.98 ops/sec
Uniform (Warm-Up) (epoch 3, progress 0.00%): UPDATE throughput 0.00 ops/sec, INSERT throughput 66.99 ops/sec, READ throughput 72.99 ops/sec, SCAN throughput 0.00 ops/sec, READ_MODIFY_WRITE throughput 0.00 ops/sec, total throughput 139.98 ops/sec
Uniform (Warm-Up) (epoch 4, progress 0.00%): UPDATE throughput 0.00 ops/sec, INSERT throughput 97.99 ops/sec, READ throughput 79.99 ops/sec, SCAN throughput 0.00 ops/sec, READ_MODIFY_WRITE throughput 0.00 ops/sec, total throughput 177.97 ops/sec
Uniform (Warm-Up) (epoch 5, progress 0.00%): UPDATE throughput 0.00 ops/sec, INSERT throughput 74.99 ops/sec, READ throughput 83.99 ops/sec, SCAN throughput 0.00 ops/sec, READ_MODIFY_WRITE throughput 0.00 ops/sec, total throughput 158.98 ops/sec
Uniform (Warm-Up) (epoch 6, progress 0.00%): UPDATE throughput 0.00 ops/sec, INSERT throughput 81.99 ops/sec, READ throughput 84.99 ops/sec, SCAN throughput 0.00 ops/sec, READ_MODIFY_WRITE throughput 0.00 ops/sec, total throughput 166.98 ops/sec
Uniform (Warm-Up) (epoch 7, progress 0.00%): UPDATE throughput 0.00 ops/sec, INSERT throughput 81.99 ops/sec, READ throughput 83.99 ops/sec, SCAN throughput 0.00 ops/sec, READ_MODIFY_WRITE throughput 0.00 ops/sec, total throughput 165.98 ops/sec
Uniform (Warm-Up) (epoch 8, progress
2026-03-09 18:10:33,255 INFO Trace uniform_rw: throughput=269.06 ops/sec
2026-03-09 18:10:33,276 INFO === Evaluation complete ===
2026-03-09 18:10:33,276 INFO Combined score (harmonic mean): 272.49  (8/8 traces passed)
2026-03-09 18:10:33,276 INFO   ycsb_a: 611.30 ops/sec
2026-03-09 18:10:33,276 INFO   ycsb_b: 330.58 ops/sec
2026-03-09 18:10:33,276 INFO   ycsb_c: 311.44 ops/sec
2026-03-09 18:10:33,276 INFO   ycsb_d: 150224.55 ops/sec
2026-03-09 18:10:33,276 INFO   ycsb_e: 114.78 ops/sec
2026-03-09 18:10:33,276 INFO   ycsb_f: 603.42 ops/sec
2026-03-09 18:10:33,276 INFO   uniform: 135.24 ops/sec
2026-03-09 18:10:33,276 INFO   uniform_rw: 269.06 ops/sec
2026-03-09 18:10:33,276 INFO Stopping net_leveldb_server (PID 218851)
2026-03-09 18:10:33,276 INFO CMD: sudo kill 218851
2026-03-09 18:10:34,204 INFO Unloading BPF policy (PID 218837)
2026-03-09 18:10:34,205 INFO CMD: sudo kill -2 218837
2026-03-09 18:10:34,488 INFO CMD: sudo rm -f /sys/fs/bpf/cache_ext/scan_pids
2026-03-09 18:10:34,531 INFO CMD: sudo cgdelete memory:cache_ext_test
2026-03-09 18:10:34,566 INFO CMD: sudo sh -c echo 0x0000 > /sys/kernel/mm/lru_gen/enabled
2026-03-09 18:10:34,585 INFO MGLRU re-enabled (restored to 0x0000).
