2026-03-23 13:44:00,896 INFO Waiting for evaluation lock /tmp/cache_ext_evaluate_0.lock ...
2026-03-23 13:44:00,896 INFO Acquired evaluation lock.
2026-03-23 13:44:00,944 INFO === Step 0: Drop page cache ===
2026-03-23 13:44:00,964 INFO Database already exists at /mydata/leveldb_temp (CURRENT file found), skipping copy
2026-03-23 13:44:00,964 INFO CMD: sudo sync
2026-03-23 13:44:01,079 INFO CMD: sudo sh -c echo 3 > /proc/sys/vm/drop_caches
2026-03-23 13:44:01,669 INFO Page cache dropped.
2026-03-23 13:44:01,670 INFO === Step 1: Compile evolved policy ===
2026-03-23 13:44:01,670 INFO CMD: sudo chown -R root: /mydata/cache_ext/eviction_evo/build
2026-03-23 13:44:02,002 INFO CMD: clang-14 -O2 -target bpf -D__TARGET_ARCH_x86 -c -g -Wall -idirafter /usr/lib/llvm-14/lib/clang/14.0.0/include -idirafter /usr/local/include -idirafter /usr/include/x86_64-linux-gnu -idirafter /usr/include /mydata/cache_ext/eviction_evo/build/cache_ext_evolved.bpf.c -o /mydata/cache_ext/eviction_evo/build/cache_ext_evolved.bpf.o
2026-03-23 13:44:05,337 INFO CMD: /usr/local/sbin/bpftool gen skeleton /mydata/cache_ext/eviction_evo/build/cache_ext_evolved.bpf.o name cache_ext_evolved_bpf
2026-03-23 13:44:05,507 INFO CMD: clang-14 -O2 -g -Wall -I/mydata/cache_ext/eviction_evo/build -I/mydata/cache_ext/policies /mydata/cache_ext/eviction_evo/cache_ext_evolved.c -o /mydata/cache_ext/eviction_evo/build/cache_ext_evolved.out -L/usr/local/lib64 -lbpf
2026-03-23 13:44:06,352 INFO Compilation successful: /mydata/cache_ext/eviction_evo/build/cache_ext_evolved.out
2026-03-23 13:44:06,352 INFO === Step 2: Disable MGLRU ===
2026-03-23 13:44:06,353 INFO MGLRU watchdog started (PID 312438, will restore in 7800 s)
2026-03-23 13:44:06,353 INFO MGLRU current state: 0x0007 - disabling
2026-03-23 13:44:06,354 INFO CMD: sudo sh -c echo 0 > /sys/kernel/mm/lru_gen/enabled
2026-03-23 13:44:06,440 INFO MGLRU disabled.
2026-03-23 13:44:06,440 INFO === Step 3: Create cgroup ===
2026-03-23 13:44:06,509 INFO CMD: sudo cgcreate -g memory:cache_ext_test
2026-03-23 13:44:06,593 INFO CMD: sudo sh -c echo 536870912 > /sys/fs/cgroup/cache_ext_test/memory.max
2026-03-23 13:44:06,605 INFO Created cgroup cache_ext_test with limit 536870912 bytes
2026-03-23 13:44:06,605 INFO === Step 4: Load BPF policy ===
2026-03-23 13:44:06,605 INFO Loading policy: sudo /mydata/cache_ext/eviction_evo/build/cache_ext_evolved.out --watch_dir /mydata/leveldb_temp --cgroup_path /sys/fs/cgroup/cache_ext_test
2026-03-23 13:44:16,616 INFO Policy loaded (PID 312469)
2026-03-23 13:44:16,617 INFO === Step 5: Start server ===
2026-03-23 13:44:16,617 INFO Starting server: sudo cgexec -g memory:cache_ext_test /mydata/cache_ext/net_leveldb_server 9100 /mydata/leveldb_temp
2026-03-23 13:44:16,618 INFO Waiting for server on port 9100 ...
2026-03-23 13:44:17,683 INFO Server ready (PID 312523) on port 9100
2026-03-23 13:44:17,683 INFO === Step 6: Run 2 traces x 5 runs = 10 total benchmarks ===
2026-03-23 13:44:17,699 INFO --- Trace 1/2 (dual_small_vs_large) run 1/5  [1/10 overall] ---
2026-03-23 13:44:17,699 INFO CMD: sudo sync
2026-03-23 13:44:17,922 INFO CMD: sudo sh -c echo 3 > /proc/sys/vm/drop_caches
2026-03-23 13:44:18,509 INFO Page cache dropped.
2026-03-23 13:44:21,281 INFO Starting remote client reader_fast on krisub@node1: ssh -o StrictHostKeyChecking=no -o BatchMode=yes -i /users/krisub/.ssh/id_ed25519 krisub@node1 sh -lc 'exec /mydata/cache_ext/My-YCSB/build/run_net_leveldb /tmp/dual_reader_fast_6w3se2ab.yaml'
2026-03-23 13:44:21,532 INFO Starting remote client writer_slow on krisub@node1: ssh -o StrictHostKeyChecking=no -o BatchMode=yes -i /users/krisub/.ssh/id_ed25519 krisub@node1 sh -lc 'exec /mydata/cache_ext/My-YCSB/build/run_net_leveldb /tmp/dual_writer_slow_jcpsg_pf.yaml'
2026-03-23 13:47:20,160 INFO Client reader_fast: throughput=1190.95
2026-03-23 13:47:20,162 INFO Client writer_slow: throughput=158.30
2026-03-23 13:47:20,162 INFO Dual-client combined throughput: 1349.25 ops/sec
2026-03-23 13:47:20,621 INFO Trace dual_small_vs_large run 1: throughput=1349.25 ops/sec
2026-03-23 13:47:20,621 INFO --- Trace 1/2 (dual_small_vs_large) run 2/5  [2/10 overall] ---
2026-03-23 13:47:20,621 INFO CMD: sudo sync
2026-03-23 13:47:20,967 INFO CMD: sudo sh -c echo 3 > /proc/sys/vm/drop_caches
2026-03-23 13:47:21,339 INFO Page cache dropped.
2026-03-23 13:47:24,037 INFO Starting remote client reader_fast on krisub@node1: ssh -o StrictHostKeyChecking=no -o BatchMode=yes -i /users/krisub/.ssh/id_ed25519 krisub@node1 sh -lc 'exec /mydata/cache_ext/My-YCSB/build/run_net_leveldb /tmp/dual_reader_fast_vawmlroa.yaml'
2026-03-23 13:47:24,289 INFO Starting remote client writer_slow on krisub@node1: ssh -o StrictHostKeyChecking=no -o BatchMode=yes -i /users/krisub/.ssh/id_ed25519 krisub@node1 sh -lc 'exec /mydata/cache_ext/My-YCSB/build/run_net_leveldb /tmp/dual_writer_slow_x9v1x_ms.yaml'
2026-03-23 13:50:22,414 INFO Client reader_fast: throughput=1272.84
2026-03-23 13:50:22,416 INFO Client writer_slow: throughput=264.23
2026-03-23 13:50:22,416 INFO Dual-client combined throughput: 1537.07 ops/sec
2026-03-23 13:50:22,897 INFO Trace dual_small_vs_large run 2: throughput=1537.07 ops/sec
2026-03-23 13:50:22,897 INFO --- Trace 1/2 (dual_small_vs_large) run 3/5  [3/10 overall] ---
2026-03-23 13:50:22,898 INFO CMD: sudo sync
2026-03-23 13:50:23,163 INFO CMD: sudo sh -c echo 3 > /proc/sys/vm/drop_caches
2026-03-23 13:50:23,494 INFO Page cache dropped.
2026-03-23 13:50:26,101 INFO Starting remote client reader_fast on krisub@node1: ssh -o StrictHostKeyChecking=no -o BatchMode=yes -i /users/krisub/.ssh/id_ed25519 krisub@node1 sh -lc 'exec /mydata/cache_ext/My-YCSB/build/run_net_leveldb /tmp/dual_reader_fast_b7oray8j.yaml'
2026-03-23 13:50:26,341 INFO Starting remote client writer_slow on krisub@node1: ssh -o StrictHostKeyChecking=no -o BatchMode=yes -i /users/krisub/.ssh/id_ed25519 krisub@node1 sh -lc 'exec /mydata/cache_ext/My-YCSB/build/run_net_leveldb /tmp/dual_writer_slow_8yltlu1l.yaml'
2026-03-23 13:53:24,362 INFO Client reader_fast: throughput=1122.50
2026-03-23 13:53:26,282 INFO Client writer_slow: throughput=261.82
2026-03-23 13:53:26,282 INFO Dual-client combined throughput: 1384.32 ops/sec
2026-03-23 13:53:26,817 INFO Trace dual_small_vs_large run 3: throughput=1384.32 ops/sec
2026-03-23 13:53:26,817 INFO --- Trace 1/2 (dual_small_vs_large) run 4/5  [4/10 overall] ---
2026-03-23 13:53:26,817 INFO CMD: sudo sync
2026-03-23 13:53:27,054 INFO CMD: sudo sh -c echo 3 > /proc/sys/vm/drop_caches
2026-03-23 13:53:27,387 INFO Page cache dropped.
2026-03-23 13:53:30,085 INFO Starting remote client reader_fast on krisub@node1: ssh -o StrictHostKeyChecking=no -o BatchMode=yes -i /users/krisub/.ssh/id_ed25519 krisub@node1 sh -lc 'exec /mydata/cache_ext/My-YCSB/build/run_net_leveldb /tmp/dual_reader_fast_2zovp_x4.yaml'
2026-03-23 13:53:30,343 INFO Starting remote client writer_slow on krisub@node1: ssh -o StrictHostKeyChecking=no -o BatchMode=yes -i /users/krisub/.ssh/id_ed25519 krisub@node1 sh -lc 'exec /mydata/cache_ext/My-YCSB/build/run_net_leveldb /tmp/dual_writer_slow_vnxegzrj.yaml'
2026-03-23 13:56:28,296 INFO Client reader_fast: throughput=1671.29
2026-03-23 13:56:28,298 INFO Client writer_slow: throughput=225.79
2026-03-23 13:56:28,298 INFO Dual-client combined throughput: 1897.08 ops/sec
2026-03-23 13:56:28,750 INFO Trace dual_small_vs_large run 4: throughput=1897.08 ops/sec
2026-03-23 13:56:28,750 INFO --- Trace 1/2 (dual_small_vs_large) run 5/5  [5/10 overall] ---
2026-03-23 13:56:28,750 INFO CMD: sudo sync
2026-03-23 13:56:28,980 INFO CMD: sudo sh -c echo 3 > /proc/sys/vm/drop_caches
2026-03-23 13:56:29,326 INFO Page cache dropped.
2026-03-23 13:56:31,989 INFO Starting remote client reader_fast on krisub@node1: ssh -o StrictHostKeyChecking=no -o BatchMode=yes -i /users/krisub/.ssh/id_ed25519 krisub@node1 sh -lc 'exec /mydata/cache_ext/My-YCSB/build/run_net_leveldb /tmp/dual_reader_fast_63etpiwm.yaml'
2026-03-23 13:56:32,245 INFO Starting remote client writer_slow on krisub@node1: ssh -o StrictHostKeyChecking=no -o BatchMode=yes -i /users/krisub/.ssh/id_ed25519 krisub@node1 sh -lc 'exec /mydata/cache_ext/My-YCSB/build/run_net_leveldb /tmp/dual_writer_slow_r8piidmf.yaml'
2026-03-23 13:59:30,352 INFO Client reader_fast: throughput=1267.64
2026-03-23 13:59:30,353 INFO Client writer_slow: throughput=245.52
2026-03-23 13:59:30,353 INFO Dual-client combined throughput: 1513.16 ops/sec
2026-03-23 13:59:30,809 INFO Trace dual_small_vs_large run 5: throughput=1513.16 ops/sec
2026-03-23 13:59:30,810 INFO Trace dual_small_vs_large summary: mean=1536.18 std=217.25 min=1349.25 max=1897.08 (CV=14.1%)
2026-03-23 13:59:30,876 INFO --- Trace 2/2 (dual_congested) run 1/5  [6/10 overall] ---
2026-03-23 13:59:30,876 INFO CMD: sudo sync
2026-03-23 13:59:31,100 INFO CMD: sudo sh -c echo 3 > /proc/sys/vm/drop_caches
2026-03-23 13:59:31,384 INFO Page cache dropped.
2026-03-23 13:59:34,046 INFO Starting remote client wan_reader on krisub@node1: ssh -o StrictHostKeyChecking=no -o BatchMode=yes -i /users/krisub/.ssh/id_ed25519 krisub@node1 sh -lc 'exec /mydata/cache_ext/My-YCSB/build/run_net_leveldb /tmp/dual_wan_reader_u1xayln_.yaml'
2026-03-23 13:59:34,301 INFO Starting remote client wan_writer on krisub@node1: ssh -o StrictHostKeyChecking=no -o BatchMode=yes -i /users/krisub/.ssh/id_ed25519 krisub@node1 sh -lc 'exec /mydata/cache_ext/My-YCSB/build/run_net_leveldb /tmp/dual_wan_writer_gtmlei48.yaml'
2026-03-23 14:02:32,396 INFO Client wan_reader: throughput=1704.75
2026-03-23 14:02:32,512 INFO Client wan_writer: throughput=2063.16
2026-03-23 14:02:32,512 INFO Dual-client combined throughput: 3767.91 ops/sec
2026-03-23 14:02:32,977 INFO Trace dual_congested run 1: throughput=3767.91 ops/sec
2026-03-23 14:02:32,978 INFO --- Trace 2/2 (dual_congested) run 2/5  [7/10 overall] ---
2026-03-23 14:02:32,978 INFO CMD: sudo sync
2026-03-23 14:02:33,191 INFO CMD: sudo sh -c echo 3 > /proc/sys/vm/drop_caches
2026-03-23 14:02:33,499 INFO Page cache dropped.
2026-03-23 14:02:36,145 INFO Starting remote client wan_reader on krisub@node1: ssh -o StrictHostKeyChecking=no -o BatchMode=yes -i /users/krisub/.ssh/id_ed25519 krisub@node1 sh -lc 'exec /mydata/cache_ext/My-YCSB/build/run_net_leveldb /tmp/dual_wan_reader_dotaf7gm.yaml'
2026-03-23 14:02:36,413 INFO Starting remote client wan_writer on krisub@node1: ssh -o StrictHostKeyChecking=no -o BatchMode=yes -i /users/krisub/.ssh/id_ed25519 krisub@node1 sh -lc 'exec /mydata/cache_ext/My-YCSB/build/run_net_leveldb /tmp/dual_wan_writer_ymqsnpwn.yaml'
2026-03-23 14:05:34,704 INFO Client wan_reader: throughput=1585.86
2026-03-23 14:05:34,737 INFO Client wan_writer: throughput=2114.90
2026-03-23 14:05:34,737 INFO Dual-client combined throughput: 3700.76 ops/sec
2026-03-23 14:05:35,201 INFO Trace dual_congested run 2: throughput=3700.76 ops/sec
2026-03-23 14:05:35,202 INFO --- Trace 2/2 (dual_congested) run 3/5  [8/10 overall] ---
2026-03-23 14:05:35,202 INFO CMD: sudo sync
2026-03-23 14:05:35,382 INFO CMD: sudo sh -c echo 3 > /proc/sys/vm/drop_caches
2026-03-23 14:05:35,678 INFO Page cache dropped.
2026-03-23 14:05:38,418 INFO Starting remote client wan_reader on krisub@node1: ssh -o StrictHostKeyChecking=no -o BatchMode=yes -i /users/krisub/.ssh/id_ed25519 krisub@node1 sh -lc 'exec /mydata/cache_ext/My-YCSB/build/run_net_leveldb /tmp/dual_wan_reader_q64q808h.yaml'
2026-03-23 14:05:38,673 INFO Starting remote client wan_writer on krisub@node1: ssh -o StrictHostKeyChecking=no -o BatchMode=yes -i /users/krisub/.ssh/id_ed25519 krisub@node1 sh -lc 'exec /mydata/cache_ext/My-YCSB/build/run_net_leveldb /tmp/dual_wan_writer_57ua4vy2.yaml'
2026-03-23 14:08:36,758 INFO Client wan_reader: throughput=1591.72
2026-03-23 14:08:36,873 INFO Client wan_writer: throughput=2224.08
2026-03-23 14:08:36,873 INFO Dual-client combined throughput: 3815.80 ops/sec
2026-03-23 14:08:37,361 INFO Trace dual_congested run 3: throughput=3815.80 ops/sec
2026-03-23 14:08:37,361 INFO --- Trace 2/2 (dual_congested) run 4/5  [9/10 overall] ---
2026-03-23 14:08:37,362 INFO CMD: sudo sync
2026-03-23 14:08:37,711 INFO CMD: sudo sh -c echo 3 > /proc/sys/vm/drop_caches
2026-03-23 14:08:38,039 INFO Page cache dropped.
2026-03-23 14:08:40,762 INFO Starting remote client wan_reader on krisub@node1: ssh -o StrictHostKeyChecking=no -o BatchMode=yes -i /users/krisub/.ssh/id_ed25519 krisub@node1 sh -lc 'exec /mydata/cache_ext/My-YCSB/build/run_net_leveldb /tmp/dual_wan_reader_6dla5r0n.yaml'
2026-03-23 14:08:41,021 INFO Starting remote client wan_writer on krisub@node1: ssh -o StrictHostKeyChecking=no -o BatchMode=yes -i /users/krisub/.ssh/id_ed25519 krisub@node1 sh -lc 'exec /mydata/cache_ext/My-YCSB/build/run_net_leveldb /tmp/dual_wan_writer_d_mkpufg.yaml'
2026-03-23 14:11:39,168 INFO Client wan_reader: throughput=1564.37
2026-03-23 14:11:39,284 INFO Client wan_writer: throughput=2231.30
2026-03-23 14:11:39,284 INFO Dual-client combined throughput: 3795.67 ops/sec
2026-03-23 14:11:39,754 INFO Trace dual_congested run 4: throughput=3795.67 ops/sec
2026-03-23 14:11:39,754 INFO --- Trace 2/2 (dual_congested) run 5/5  [10/10 overall] ---
2026-03-23 14:11:39,754 INFO CMD: sudo sync
2026-03-23 14:11:39,962 INFO CMD: sudo sh -c echo 3 > /proc/sys/vm/drop_caches
2026-03-23 14:11:40,286 INFO Page cache dropped.
2026-03-23 14:11:42,994 INFO Starting remote client wan_reader on krisub@node1: ssh -o StrictHostKeyChecking=no -o BatchMode=yes -i /users/krisub/.ssh/id_ed25519 krisub@node1 sh -lc 'exec /mydata/cache_ext/My-YCSB/build/run_net_leveldb /tmp/dual_wan_reader_j1nj9aty.yaml'
2026-03-23 14:11:43,249 INFO Starting remote client wan_writer on krisub@node1: ssh -o StrictHostKeyChecking=no -o BatchMode=yes -i /users/krisub/.ssh/id_ed25519 krisub@node1 sh -lc 'exec /mydata/cache_ext/My-YCSB/build/run_net_leveldb /tmp/dual_wan_writer_ggqfd5pn.yaml'
2026-03-23 14:14:41,235 INFO Client wan_reader: throughput=1562.58
2026-03-23 14:14:41,451 INFO Client wan_writer: throughput=2263.33
2026-03-23 14:14:41,451 INFO Dual-client combined throughput: 3825.91 ops/sec
2026-03-23 14:14:41,889 INFO Trace dual_congested run 5: throughput=3825.91 ops/sec
2026-03-23 14:14:41,890 INFO Trace dual_congested summary: mean=3781.21 std=50.13 min=3700.76 max=3825.91 (CV=1.3%)
2026-03-23 14:14:41,900 INFO === Evaluation complete (5 runs per trace) ===
2026-03-23 14:14:41,900 INFO Combined score (harmonic mean of means): 2184.76  (2/2 traces passed)
2026-03-23 14:14:41,900 INFO   dual_small_vs_large: mean=1536.18 std=217.25 [1349.25 .. 1897.08]
2026-03-23 14:14:41,900 INFO   dual_congested: mean=3781.21 std=50.13 [3700.76 .. 3825.91]
2026-03-23 14:14:41,900 INFO Stopping net_leveldb_server (PID 312523)
2026-03-23 14:14:41,900 INFO CMD: sudo kill 312523
2026-03-23 14:14:42,041 INFO Unloading BPF policy (PID 312469)
2026-03-23 14:14:42,041 INFO CMD: sudo kill -2 312469
2026-03-23 14:14:42,325 INFO CMD: sudo rm -f /sys/fs/bpf/cache_ext/scan_pids
2026-03-23 14:14:42,408 INFO CMD: sudo sh -c echo 0x0007 > /sys/kernel/mm/lru_gen/enabled
2026-03-23 14:14:42,421 INFO MGLRU re-enabled (restored to 0x0007).
2026-03-23 14:14:42,421 INFO MGLRU watchdog stopped (PID 312438)
