2026-03-09 21:49:31,262 INFO Waiting for evaluation lock /tmp/cache_ext_evaluate.lock ...
2026-03-09 21:55:04,833 INFO Acquired evaluation lock.
2026-03-09 21:55:04,833 INFO === Step 0: Drop page cache ===
2026-03-09 21:55:04,833 INFO Database already exists at /mydata/leveldb_temp (CURRENT file found), skipping rsync
2026-03-09 21:55:04,833 INFO CMD: sudo sync
2026-03-09 21:55:05,107 INFO CMD: sudo sh -c echo 3 > /proc/sys/vm/drop_caches
2026-03-09 21:55:05,884 INFO Page cache dropped.
2026-03-09 21:55:05,884 INFO === Step 1: Compile evolved policy ===
2026-03-09 21:55:05,895 INFO CMD: sudo chown -R root: /mydata/cache_ext/eviction_evo/build
2026-03-09 21:55:06,169 INFO CMD: clang-14 -O2 -target bpf -D__TARGET_ARCH_x86 -c -g -Wall -idirafter /usr/lib/llvm-14/lib/clang/14.0.0/include -idirafter /usr/local/include -idirafter /usr/include/x86_64-linux-gnu -idirafter /usr/include /mydata/cache_ext/eviction_evo/build/cache_ext_evolved.bpf.c -o /mydata/cache_ext/eviction_evo/build/cache_ext_evolved.bpf.o
2026-03-09 21:55:11,870 INFO CMD: /usr/local/sbin/bpftool gen skeleton /mydata/cache_ext/eviction_evo/build/cache_ext_evolved.bpf.o name cache_ext_evolved_bpf
2026-03-09 21:55:12,092 INFO CMD: clang-14 -O2 -g -Wall -I/mydata/cache_ext/eviction_evo/build -I/mydata/cache_ext/policies /mydata/cache_ext/eviction_evo/cache_ext_evolved.c -o /mydata/cache_ext/eviction_evo/build/cache_ext_evolved.out -L/usr/local/lib64 -lbpf
2026-03-09 21:55:13,551 INFO Compilation successful: /mydata/cache_ext/eviction_evo/build/cache_ext_evolved.out
2026-03-09 21:55:13,551 INFO === Step 2: Disable MGLRU ===
2026-03-09 21:55:13,551 INFO MGLRU current state: 0x0000 — disabling
2026-03-09 21:55:13,551 INFO CMD: sudo sh -c echo 0 > /sys/kernel/mm/lru_gen/enabled
2026-03-09 21:55:13,570 INFO MGLRU disabled.
2026-03-09 21:55:13,570 INFO === Step 3: Create cgroup ===
2026-03-09 21:55:13,570 INFO CMD: sudo cgdelete memory:cache_ext_test
2026-03-09 21:55:13,612 INFO CMD: sudo cgcreate -g memory:cache_ext_test
2026-03-09 21:55:13,725 INFO CMD: sudo sh -c echo 536870912 > /sys/fs/cgroup/cache_ext_test/memory.max
2026-03-09 21:55:13,741 INFO Created cgroup cache_ext_test with limit 536870912 bytes
2026-03-09 21:55:13,741 INFO === Step 4: Load BPF policy ===
2026-03-09 21:55:13,742 INFO Loading policy: sudo /mydata/cache_ext/eviction_evo/build/cache_ext_evolved.out --watch_dir /mydata/leveldb_temp --cgroup_path /sys/fs/cgroup/cache_ext_test
2026-03-09 21:55:23,753 INFO Policy loaded (PID 254030)
2026-03-09 21:55:23,753 INFO === Step 5: Start server ===
2026-03-09 21:55:23,753 INFO Starting server: sudo cgexec -g memory:cache_ext_test /mydata/cache_ext/net_leveldb_server 9100 /mydata/leveldb_temp
2026-03-09 21:55:23,754 INFO Waiting for server on port 9100 ...
2026-03-09 21:55:24,876 INFO Server ready (PID 254067) on port 9100
2026-03-09 21:55:24,876 INFO === Step 6: Run 2 trace benchmarks ===
2026-03-09 21:55:24,877 INFO --- Trace 1/2: dual_small_vs_large ---
2026-03-09 21:55:24,897 INFO Starting proxy: /usr/bin/python /mydata/cache_ext/eviction_evo/tcp_delay_proxy.py --listen-port 9101 --target-port 9100 --delay-ms 1 --bandwidth-kbps 500000
2026-03-09 21:55:25,907 INFO Proxy ready on port 9101
2026-03-09 21:55:25,921 INFO Starting client reader_fast: /mydata/cache_ext/My-YCSB/build/run_net_leveldb /tmp/dual_reader_fast__l48kzib.yaml
2026-03-09 21:55:25,940 INFO Starting client writer_slow: /mydata/cache_ext/My-YCSB/build/run_net_leveldb /tmp/dual_writer_slow_ootmj3_o.yaml
2026-03-09 21:58:23,579 INFO Client reader_fast: throughput=167.19
2026-03-09 21:58:23,580 INFO Client writer_slow: throughput=129.24
2026-03-09 21:58:23,580 INFO Dual-client combined throughput: 296.43 ops/sec
2026-03-09 21:58:23,584 INFO Trace dual_small_vs_large: throughput=296.43 ops/sec
2026-03-09 21:58:23,584 INFO --- Trace 2/2: dual_congested ---
2026-03-09 21:58:23,584 INFO CMD: sudo sync
2026-03-09 21:58:23,675 INFO CMD: sudo sh -c echo 3 > /proc/sys/vm/drop_caches
2026-03-09 21:58:24,704 INFO Page cache dropped.
2026-03-09 21:58:26,734 INFO Starting proxy: /usr/bin/python /mydata/cache_ext/eviction_evo/tcp_delay_proxy.py --listen-port 9101 --target-port 9100 --delay-ms 2 --bandwidth-kbps 100000
2026-03-09 21:58:27,756 INFO Proxy ready on port 9101
2026-03-09 21:58:27,756 INFO Starting proxy: /usr/bin/python /mydata/cache_ext/eviction_evo/tcp_delay_proxy.py --listen-port 9102 --target-port 9100 --delay-ms 5 --bandwidth-kbps 50000
2026-03-09 21:58:28,759 INFO Proxy ready on port 9102
2026-03-09 21:58:28,772 INFO Starting client wan_reader: /mydata/cache_ext/My-YCSB/build/run_net_leveldb /tmp/dual_wan_reader_vf3pcyht.yaml
2026-03-09 21:58:28,792 INFO Starting client wan_writer: /mydata/cache_ext/My-YCSB/build/run_net_leveldb /tmp/dual_wan_writer_vb4mnh9l.yaml
2026-03-09 22:01:25,759 INFO Client wan_reader: throughput=148.02
2026-03-09 22:01:25,760 INFO Client wan_writer: throughput=159.97
2026-03-09 22:01:25,760 INFO Dual-client combined throughput: 307.99 ops/sec
2026-03-09 22:01:25,767 INFO Trace dual_congested: throughput=307.99 ops/sec
2026-03-09 22:01:25,776 INFO === Evaluation complete ===
2026-03-09 22:01:25,776 INFO Combined score (harmonic mean): 302.10  (2/2 traces passed)
2026-03-09 22:01:25,776 INFO   dual_small_vs_large: 296.43 ops/sec
2026-03-09 22:01:25,776 INFO   dual_congested: 307.99 ops/sec
2026-03-09 22:01:25,776 INFO Stopping net_leveldb_server (PID 254067)
2026-03-09 22:01:25,776 INFO CMD: sudo kill 254067
2026-03-09 22:01:25,923 INFO Unloading BPF policy (PID 254030)
2026-03-09 22:01:25,923 INFO CMD: sudo kill -2 254030
2026-03-09 22:01:26,154 INFO CMD: sudo rm -f /sys/fs/bpf/cache_ext/scan_pids
2026-03-09 22:01:26,192 INFO CMD: sudo cgdelete memory:cache_ext_test
2026-03-09 22:01:26,227 INFO CMD: sudo sh -c echo 0x0000 > /sys/kernel/mm/lru_gen/enabled
2026-03-09 22:01:26,246 INFO MGLRU re-enabled (restored to 0x0000).
