2026-03-25 23:23:59,066 INFO Waiting for evaluation lock /tmp/cache_ext_evaluate_0.lock ...
2026-03-25 23:23:59,066 INFO Acquired evaluation lock.
2026-03-25 23:23:59,112 INFO === Step 0: Drop page cache ===
2026-03-25 23:23:59,124 INFO Database already exists at /mydata/leveldb_temp (CURRENT file found), skipping copy
2026-03-25 23:23:59,125 INFO CMD: sudo sync
2026-03-25 23:23:59,252 INFO CMD: sudo sh -c echo 3 > /proc/sys/vm/drop_caches
2026-03-25 23:23:59,398 INFO Page cache dropped.
2026-03-25 23:23:59,398 INFO === Step 1: Compile evolved policy ===
2026-03-25 23:23:59,412 INFO CMD: sudo chown -R root: /mydata/cache_ext/eviction_evo/build
2026-03-25 23:23:59,750 INFO CMD: clang-14 -O2 -target bpf -D__TARGET_ARCH_x86 -c -g -Wall -idirafter /usr/lib/llvm-14/lib/clang/14.0.0/include -idirafter /usr/local/include -idirafter /usr/include/x86_64-linux-gnu -idirafter /usr/include /mydata/cache_ext/eviction_evo/build/cache_ext_evolved.bpf.c -o /mydata/cache_ext/eviction_evo/build/cache_ext_evolved.bpf.o
2026-03-25 23:24:03,005 ERROR Evaluation failed: RuntimeError: BPF compilation failed:
STDOUT: 
STDERR: Error at line 363: Unsupport signed division for DAG: 0xf00eb8: i64 = sdiv 0x1130c40, 0x199c228, build/cache_ext_evolved.bpf.c:363:48Please convert to unsigned div/mod.
fatal error: error in backend: Cannot select: 0xf00eb8: i64 = sdiv 0x1130c40, 0x199c228, build/cache_ext_evolved.bpf.c:363:48
  0x1130c40: i64,ch = CopyFromReg 0x761528, Register:i64 %7, build/cache_ext_evolved.bpf.c:363:48
    0xf01468: i64 = Register %7
  0x199c228: i64,ch = CopyFromReg 0x761528, Register:i64 %10, build/cache_ext_evolved.bpf.c:363:48
    0xf03558: i64 = Register %10
In function: bpf_score_fn
PLEASE submit a bug report to https://github.com/llvm/llvm-project/issues/ and include the crash backtrace, preprocessed source, and associated run script.
Stack dump:
0.	Program arguments: clang-14 -O2 -target bpf -D__TARGET_ARCH_x86 -c -g -Wall -idirafter /usr/lib/llvm-14/lib/clang/14.0.0/include -idirafter /usr/local/include -idirafter /usr/include/x86_64-linux-gnu -idirafter /usr/include /mydata/cache_ext/eviction_evo/build/cache_ext_evolved.bpf.c -o /mydata/cache_ext/eviction_evo/build/cache_ext_evolved.bpf.o
1.	<eof> parser at end of file
2.	Code generation
3.	Running pass 'Function Pass Manager' on module '/mydata/cache_ext/eviction_evo/build/cache_ext_evolved.bpf.c'.
4.	Running pass 'BPF DAG->DAG Pattern Instruction Selection' on function '@bpf_score_fn'
 #0 0x00007f38f503fd01 llvm::sys::PrintStackTrace(llvm::raw_ostream&, int) (/lib/x86_64-linux-gnu/libLLVM-14.so.1+0xe3fd01)
 #1 0x00007f38f503da3e llvm::sys::RunSignalHandlers() (/lib/x86_64-linux-gnu/libLLVM-14.so.1+0xe3da3e)
 #2 0x00007f38f503f0ab llvm::sys::CleanupOnSignal(unsigned long) (/lib/x86_64-linux-gnu/libLLVM-14.so.1+0xe3f0ab)
 #3 0x00007f38f4f6bbea (/lib/x86_64-linux-gnu/libLLVM-14.so.1+0xd6bbea)
 #4 0x00007f38f4f6bb8b (/lib/x86_64-linux-gnu/libLLVM-14.so.1+0xd6bb8b)
 #5 0x00007f38f503a007 llvm::sys::Process::Exit(int, bool) (/lib/x86_64-linux-gnu/libLLVM-14.so.1+0xe3a007)
 #6 0x00000000004136d2 (/usr/lib/llvm-14/bin/clang+0x4136d2)
 #7 0x00007f38f4f7a673 llvm::report_fatal_error(llvm::Twine const&, bool) (/lib/x86_64-linux-gnu/libLLVM-14.so.1+0xd7a673)
 #8 0x00007f38f5860e31 (/lib/x86_64-linux-gnu/libLLVM-14.so.1+0x1660e31)
 #9 0x00007f38f58602d8 llvm::SelectionDAGISel::SelectCodeCommon(llvm::SDNode*, unsigned char const*, unsigned int) (/lib/x86_64-linux-gnu/libLLVM-14.so.1+0x16602d8)
#10 0x00007f38f71650bd (/lib/x86_64-linux-gnu/libLLVM-14.so.1+0x2f650bd)
#11 0x00007f38f5858ecf llvm::SelectionDAGISel::DoInstructionSelection() (/lib/x86_64-linux-gnu/libLLVM-14.so.1+0x1658ecf)
#12 0x00007f38f5858594 llvm::SelectionDAGISel::CodeGenAndEmitDAG() (/lib/x86_64-linux-gnu/libLLVM-14.so.1+0x1658594)
#13 0x00007f38f58579c8 llvm::SelectionDAGISel::SelectAllBasicBlocks(llvm::Function const&) (/lib/x86_64-linux-gnu/libLLVM-14.so.1+0x16579c8)
#14 0x00007f38f5855557 llvm::SelectionDAGISel::runOnMachineFunction(llvm::MachineFunction&) (/lib/x86_64-linux-gnu/libLLVM-14.so.1+0x1655557)
#15 0x00007f38f53c628e llvm::MachineFunctionPass::runOnFunction(llvm::Function&) (/lib/x86_64-linux-gnu/libLLVM-14.so.1+0x11c628e)
#16 0x00007f38f517a390 llvm::FPPassManager::runOnFunction(llvm::Function&) (/lib/x86_64-linux-gnu/libLLVM-14.so.1+0xf7a390)
#17 0x00007f38f5181983 llvm::FPPassManager::runOnModule(llvm::Module&) (/lib/x86_64-linux-gnu/libLLVM-14.so.1+0xf81983)
#18 0x00007f38f517af36 llvm::legacy::PassManagerImpl::run(llvm::Module&) (/lib/x86_64-linux-gnu/libLLVM-14.so.1+0xf7af36)
#19 0x00007f38fc457201 clang::EmitBackendOutput(clang::DiagnosticsEngine&, clang::HeaderSearchOptions const&, clang::CodeGenOptions const&, clang::TargetOptions const&, clang::LangOptions const&, llvm::StringRef, llvm::Module*, clang::BackendAction, std::unique_ptr<llvm::raw_pwrite_stream, std::default_delete<llvm::raw_pwrite_stream> >) (/lib/x86_64-linux-gnu/libclang-cpp.so.14+0x1857201)
#20 0x00007f38fc77c855 (/lib/x86_64-linux-gnu/libclang-cpp.so.14+0x1b7c855)
#21 0x00007f38fb604824 clang::ParseAST(clang::Sema&, bool, bool) (/lib/x86_64-linux-gnu/libclang-cpp.so.14+0xa04824)
#22 0x00007f38fc778b71 clang::CodeGenAction::ExecuteAction() (/lib/x86_64-linux-gnu/libclang-cpp.so.14+0x1b78b71)
#23 0x00007f38fd114b57 clang::FrontendAction::Execute() (/lib/x86_64-linux-gnu/libclang-cpp.so.14+0x2514b57)
#24 0x00007f38fd06c3a6 clang::CompilerInstance::ExecuteAction(clang::FrontendAction&) (/lib/x86_64-linux-gnu/libclang-cpp.so.14+0x246c3a6)
#25 0x00007f38fd18e45b clang::ExecuteCompilerInvocation(clang::CompilerInstance*) (/lib/x86_64-linux-gnu/libclang-cpp.so.14+0x258e45b)
#26 0x000000000041328b cc1_main(llvm::ArrayRef<char const*>, char const*, void*) (/usr/lib/llvm-14/bin/clang+0x41328b)
#27 0x00000000004114bc (/usr/lib/llvm-14/bin/clang+0x4114bc)
#28 0x00007f38fcceaed2 (/lib/x86_64-linux-gnu/libclang-cpp.so.14+0x20eaed2)
#29 0x00007f38f4f6bb6d llvm::CrashRecoveryContext::RunSafely(llvm::function_ref<void ()>) (/lib/x86_64-linux-gnu/libLLVM-14.so.1+0xd6bb6d)
#30 0x00007f38fccea9c0 clang::driver::CC1Command::Execute(llvm::ArrayRef<llvm::Optional<llvm::StringRef> >, std::__cxx11::basic_string<char, std::char_traits<char>, std::allocator<char> >*, bool*) const (/lib/x86_64-linux-gnu/libclang-cpp.so.14+0x20ea9c0)
#31 0x00007f38fccb5183 clang::driver::Compilation::ExecuteCommand(clang::driver::Command const&, clang::driver::Command const*&) const (/lib/x86_64-linux-gnu/libclang-cpp.so.14+0x20b5183)
#32 0x00007f38fccb540a clang::driver::Compilation::ExecuteJobs(clang::driver::JobList const&, llvm::SmallVectorImpl<std::pair<int, clang::driver::Command const*> >&) const (/lib/x86_64-linux-gnu/libclang-cpp.so.14+0x20b540a)
#33 0x00007f38fcccf507 clang::driver::Driver::ExecuteCompilation(clang::driver::Compilation&, llvm::SmallVectorImpl<std::pair<int, clang::driver::Command const*> >&) (/lib/x86_64-linux-gnu/libclang-cpp.so.14+0x20cf507)
#34 0x0000000000410f26 main (/usr/lib/llvm-14/bin/clang+0x410f26)
#35 0x00007f38f3a29d90 __libc_start_call_main ./csu/../sysdeps/nptl/libc_start_call_main.h:58:16
#36 0x00007f38f3a29e40 call_init ./csu/../csu/libc-start.c:128:20
#37 0x00007f38f3a29e40 __libc_start_main ./csu/../csu/libc-start.c:379:5
#38 0x000000000040e3b5 _start (/usr/lib/llvm-14/bin/clang+0x40e3b5)
clang: error: clang frontend command failed with exit code 70 (use -v to see invocation)
Ubuntu clang version 14.0.0-1ubuntu1.1
Target: bpf
Thread model: posix
InstalledDir: /usr/bin
clang: note: diagnostic msg: 
********************

PLEASE ATTACH THE FOLLOWING FILES TO THE BUG REPORT:
Preprocessed source(s) and associated run script(s) are located at:
clang: note: diagnostic msg: /tmp/cache_ext_evolved-58e16d.c
clang: note: diagnostic msg: /tmp/cache_ext_evolved-58e16d.sh
clang: note: diagnostic msg: 

********************

Traceback (most recent call last):
  File "/mydata/cache_ext/eviction_evo/evaluate.py", line 904, in evaluate
    loader_path = compile_bpf_policy(program_path, BUILD_DIR)
  File "/mydata/cache_ext/eviction_evo/evaluate.py", line 250, in compile_bpf_policy
    raise RuntimeError(f"BPF compilation failed:\nSTDOUT: {result.stdout}\nSTDERR: {result.stderr}")
RuntimeError: BPF compilation failed:
STDOUT: 
STDERR: Error at line 363: Unsupport signed division for DAG: 0xf00eb8: i64 = sdiv 0x1130c40, 0x199c228, build/cache_ext_evolved.bpf.c:363:48Please convert to unsigned div/mod.
fatal error: error in backend: Cannot select: 0xf00eb8: i64 = sdiv 0x1130c40, 0x199c228, build/cache_ext_evolved.bpf.c:363:48
  0x1130c40: i64,ch = CopyFromReg 0x761528, Register:i64 %7, build/cache_ext_evolved.bpf.c:363:48
    0xf01468: i64 = Register %7
  0x199c228: i64,ch = CopyFromReg 0x761528, Register:i64 %10, build/cache_ext_evolved.bpf.c:363:48
    0xf03558: i64 = Register %10
In function: bpf_score_fn
PLEASE submit a bug report to https://github.com/llvm/llvm-project/issues/ and include the crash backtrace, preprocessed source, and associated run script.
Stack dump:
0.	Program arguments: clang-14 -O2 -target bpf -D__TARGET_ARCH_x86 -c -g -Wall -idirafter /usr/lib/llvm-14/lib/clang/14.0.0/include -idirafter /usr/local/include -idirafter /usr/include/x86_64-linux-gnu -idirafter /usr/include /mydata/cache_ext/eviction_evo/build/cache_ext_evolved.bpf.c -o /mydata/cache_ext/eviction_evo/build/cache_ext_evolved.bpf.o
1.	<eof> parser at end of file
2.	Code generation
3.	Running pass 'Function Pass Manager' on module '/mydata/cache_ext/eviction_evo/build/cache_ext_evolved.bpf.c'.
4.	Running pass 'BPF DAG->DAG Pattern Instruction Selection' on function '@bpf_score_fn'
 #0 0x00007f38f503fd01 llvm::sys::PrintStackTrace(llvm::raw_ostream&, int) (/lib/x86_64-linux-gnu/libLLVM-14.so.1+0xe3fd01)
 #1 0x00007f38f503da3e llvm::sys::RunSignalHandlers() (/lib/x86_64-linux-gnu/libLLVM-14.so.1+0xe3da3e)
 #2 0x00007f38f503f0ab llvm::sys::CleanupOnSignal(unsigned long) (/lib/x86_64-linux-gnu/libLLVM-14.so.1+0xe3f0ab)
 #3 0x00007f38f4f6bbea (/lib/x86_64-linux-gnu/libLLVM-14.so.1+0xd6bbea)
 #4 0x00007f38f4f6bb8b (/lib/x86_64-linux-gnu/libLLVM-14.so.1+0xd6bb8b)
 #5 0x00007f38f503a007 llvm::sys::Process::Exit(int, bool) (/lib/x86_64-linux-gnu/libLLVM-14.so.1+0xe3a007)
 #6 0x00000000004136d2 (/usr/lib/llvm-14/bin/clang+0x4136d2)
 #7 0x00007f38f4f7a673 llvm::report_fatal_error(llvm::Twine const&, bool) (/lib/x86_64-linux-gnu/libLLVM-14.so.1+0xd7a673)
 #8 0x00007f38f5860e31 (/lib/x86_64-linux-gnu/libLLVM-14.so.1+0x1660e31)
 #9 0x00007f38f58602d8 llvm::SelectionDAGISel::SelectCodeCommon(llvm::SDNode*, unsigned char const*, unsigned int) (/lib/x86_64-linux-gnu/libLLVM-14.so.1+0x16602d8)
#10 0x00007f38f71650bd (/lib/x86_64-linux-gnu/libLLVM-14.so.1+0x2f650bd)
#11 0x00007f38f5858ecf llvm::SelectionDAGISel::DoInstructionSelection() (/lib/x86_64-linux-gnu/libLLVM-14.so.1+0x1658ecf)
#12 0x00007f38f5858594 llvm::SelectionDAGISel::CodeGenAndEmitDAG() (/lib/x86_64-linux-gnu/libLLVM-14.so.1+0x1658594)
#13 0x00007f38f58579c8 llvm::SelectionDAGISel::SelectAllBasicBlocks(llvm::Function const&) (/lib/x86_64-linux-gnu/libLLVM-14.so.1+0x16579c8)
#14 0x00007f38f5855557 llvm::SelectionDAGISel::runOnMachineFunction(llvm::MachineFunction&) (/lib/x86_64-linux-gnu/libLLVM-14.so.1+0x1655557)
#15 0x00007f38f53c628e llvm::MachineFunctionPass::runOnFunction(llvm::Function&) (/lib/x86_64-linux-gnu/libLLVM-14.so.1+0x11c628e)
#16 0x00007f38f517a390 llvm::FPPassManager::runOnFunction(llvm::Function&) (/lib/x86_64-linux-gnu/libLLVM-14.so.1+0xf7a390)
#17 0x00007f38f5181983 llvm::FPPassManager::runOnModule(llvm::Module&) (/lib/x86_64-linux-gnu/libLLVM-14.so.1+0xf81983)
#18 0x00007f38f517af36 llvm::legacy::PassManagerImpl::run(llvm::Module&) (/lib/x86_64-linux-gnu/libLLVM-14.so.1+0xf7af36)
#19 0x00007f38fc457201 clang::EmitBackendOutput(clang::DiagnosticsEngine&, clang::HeaderSearchOptions const&, clang::CodeGenOptions const&, clang::TargetOptions const&, clang::LangOptions const&, llvm::StringRef, llvm::Module*, clang::BackendAction, std::unique_ptr<llvm::raw_pwrite_stream, std::default_delete<llvm::raw_pwrite_stream> >) (/lib/x86_64-linux-gnu/libclang-cpp.so.14+0x1857201)
#20 0x00007f38fc77c855 (/lib/x86_64-linux-gnu/libclang-cpp.so.14+0x1b7c855)
#21 0x00007f38fb604824 clang::ParseAST(clang::Sema&, bool, bool) (/lib/x86_64-linux-gnu/libclang-cpp.so.14+0xa04824)
#22 0x00007f38fc778b71 clang::CodeGenAction::ExecuteAction() (/lib/x86_64-linux-gnu/libclang-cpp.so.14+0x1b78b71)
#23 0x00007f38fd114b57 clang::FrontendAction::Execute() (/lib/x86_64-linux-gnu/libclang-cpp.so.14+0x2514b57)
#24 0x00007f38fd06c3a6 clang::CompilerInstance::ExecuteAction(clang::FrontendAction&) (/lib/x86_64-linux-gnu/libclang-cpp.so.14+0x246c3a6)
#25 0x00007f38fd18e45b clang::ExecuteCompilerInvocation(clang::CompilerInstance*) (/lib/x86_64-linux-gnu/libclang-cpp.so.14+0x258e45b)
#26 0x000000000041328b cc1_main(llvm::ArrayRef<char const*>, char const*, void*) (/usr/lib/llvm-14/bin/clang+0x41328b)
#27 0x00000000004114bc (/usr/lib/llvm-14/bin/clang+0x4114bc)
#28 0x00007f38fcceaed2 (/lib/x86_64-linux-gnu/libclang-cpp.so.14+0x20eaed2)
#29 0x00007f38f4f6bb6d llvm::CrashRecoveryContext::RunSafely(llvm::function_ref<void ()>) (/lib/x86_64-linux-gnu/libLLVM-14.so.1+0xd6bb6d)
#30 0x00007f38fccea9c0 clang::driver::CC1Command::Execute(llvm::ArrayRef<llvm::Optional<llvm::StringRef> >, std::__cxx11::basic_string<char, std::char_traits<char>, std::allocator<char> >*, bool*) const (/lib/x86_64-linux-gnu/libclang-cpp.so.14+0x20ea9c0)
#31 0x00007f38fccb5183 clang::driver::Compilation::ExecuteCommand(clang::driver::Command const&, clang::driver::Command const*&) const (/lib/x86_64-linux-gnu/libclang-cpp.so.14+0x20b5183)
#32 0x00007f38fccb540a clang::driver::Compilation::ExecuteJobs(clang::driver::JobList const&, llvm::SmallVectorImpl<std::pair<int, clang::driver::Command const*> >&) const (/lib/x86_64-linux-gnu/libclang-cpp.so.14+0x20b540a)
#33 0x00007f38fcccf507 clang::driver::Driver::ExecuteCompilation(clang::driver::Compilation&, llvm::SmallVectorImpl<std::pair<int, clang::driver::Command const*> >&) (/lib/x86_64-linux-gnu/libclang-cpp.so.14+0x20cf507)
#34 0x0000000000410f26 main (/usr/lib/llvm-14/bin/clang+0x410f26)
#35 0x00007f38f3a29d90 __libc_start_call_main ./csu/../sysdeps/nptl/libc_start_call_main.h:58:16
#36 0x00007f38f3a29e40 call_init ./csu/../csu/libc-start.c:128:20
#37 0x00007f38f3a29e40 __libc_start_main ./csu/../csu/libc-start.c:379:5
#38 0x000000000040e3b5 _start (/usr/lib/llvm-14/bin/clang+0x40e3b5)
clang: error: clang frontend command failed with exit code 70 (use -v to see invocation)
Ubuntu clang version 14.0.0-1ubuntu1.1
Target: bpf
Thread model: posix
InstalledDir: /usr/bin
clang: note: diagnostic msg: 
********************

PLEASE ATTACH THE FOLLOWING FILES TO THE BUG REPORT:
Preprocessed source(s) and associated run script(s) are located at:
clang: note: diagnostic msg: /tmp/cache_ext_evolved-58e16d.c
clang: note: diagnostic msg: /tmp/cache_ext_evolved-58e16d.sh
clang: note: diagnostic msg: 

********************


