2026-03-10 00:10:53,572 INFO Waiting for evaluation lock /tmp/cache_ext_evaluate.lock ...
2026-03-10 00:15:10,883 INFO Acquired evaluation lock.
2026-03-10 00:15:10,883 INFO === Step 0: Drop page cache ===
2026-03-10 00:15:10,883 INFO Database already exists at /mydata/leveldb_temp (CURRENT file found), skipping rsync
2026-03-10 00:15:10,883 INFO CMD: sudo sync
2026-03-10 00:15:11,166 INFO CMD: sudo sh -c echo 3 > /proc/sys/vm/drop_caches
2026-03-10 00:15:11,757 INFO Page cache dropped.
2026-03-10 00:15:11,757 INFO === Step 1: Compile evolved policy ===
2026-03-10 00:15:11,768 INFO CMD: sudo chown -R root: /mydata/cache_ext/eviction_evo/build
2026-03-10 00:15:12,069 INFO CMD: clang-14 -O2 -target bpf -D__TARGET_ARCH_x86 -c -g -Wall -idirafter /usr/lib/llvm-14/lib/clang/14.0.0/include -idirafter /usr/local/include -idirafter /usr/include/x86_64-linux-gnu -idirafter /usr/include /mydata/cache_ext/eviction_evo/build/cache_ext_evolved.bpf.c -o /mydata/cache_ext/eviction_evo/build/cache_ext_evolved.bpf.o
2026-03-10 00:15:16,344 INFO CMD: /usr/local/sbin/bpftool gen skeleton /mydata/cache_ext/eviction_evo/build/cache_ext_evolved.bpf.o name cache_ext_evolved_bpf
2026-03-10 00:15:16,541 INFO CMD: clang-14 -O2 -g -Wall -I/mydata/cache_ext/eviction_evo/build -I/mydata/cache_ext/policies /mydata/cache_ext/eviction_evo/cache_ext_evolved.c -o /mydata/cache_ext/eviction_evo/build/cache_ext_evolved.out -L/usr/local/lib64 -lbpf
2026-03-10 00:15:17,411 INFO Compilation successful: /mydata/cache_ext/eviction_evo/build/cache_ext_evolved.out
2026-03-10 00:15:17,411 INFO === Step 2: Disable MGLRU ===
2026-03-10 00:15:17,412 INFO MGLRU current state: 0x0000 — disabling
2026-03-10 00:15:17,412 INFO CMD: sudo sh -c echo 0 > /sys/kernel/mm/lru_gen/enabled
2026-03-10 00:15:17,429 INFO MGLRU disabled.
2026-03-10 00:15:17,429 INFO === Step 3: Create cgroup ===
2026-03-10 00:15:17,429 INFO CMD: sudo cgdelete memory:cache_ext_test
2026-03-10 00:15:17,474 INFO CMD: sudo cgcreate -g memory:cache_ext_test
2026-03-10 00:15:17,589 INFO CMD: sudo sh -c echo 536870912 > /sys/fs/cgroup/cache_ext_test/memory.max
2026-03-10 00:15:17,605 INFO Created cgroup cache_ext_test with limit 536870912 bytes
2026-03-10 00:15:17,605 INFO === Step 4: Load BPF policy ===
2026-03-10 00:15:17,605 INFO Loading policy: sudo /mydata/cache_ext/eviction_evo/build/cache_ext_evolved.out --watch_dir /mydata/leveldb_temp --cgroup_path /sys/fs/cgroup/cache_ext_test
2026-03-10 00:15:27,616 INFO Policy loaded (PID 263172)
2026-03-10 00:15:27,616 INFO === Step 5: Start server ===
2026-03-10 00:15:27,616 INFO Starting server: sudo cgexec -g memory:cache_ext_test /mydata/cache_ext/net_leveldb_server 9100 /mydata/leveldb_temp
2026-03-10 00:15:27,618 INFO Waiting for server on port 9100 ...
2026-03-10 00:15:28,721 INFO Server ready (PID 263175) on port 9100
2026-03-10 00:15:28,721 INFO === Step 6: Run 2 trace benchmarks ===
2026-03-10 00:15:28,722 INFO --- Trace 1/2: dual_small_vs_large ---
2026-03-10 00:15:28,754 INFO Starting proxy: /usr/bin/python /mydata/cache_ext/eviction_evo/tcp_delay_proxy.py --listen-port 9101 --target-port 9100 --delay-ms 1 --bandwidth-kbps 500000
2026-03-10 00:15:29,763 INFO Proxy ready on port 9101
2026-03-10 00:15:29,774 INFO Starting client reader_fast: /mydata/cache_ext/My-YCSB/build/run_net_leveldb /tmp/dual_reader_fast_ieko7jps.yaml
2026-03-10 00:15:29,788 INFO Starting client writer_slow: /mydata/cache_ext/My-YCSB/build/run_net_leveldb /tmp/dual_writer_slow_qs_ub4ur.yaml
2026-03-10 00:18:27,034 INFO Client reader_fast: throughput=172.81
2026-03-10 00:18:27,035 INFO Client writer_slow: throughput=130.43
2026-03-10 00:18:27,035 INFO Dual-client combined throughput: 303.24 ops/sec
2026-03-10 00:18:27,039 INFO Trace dual_small_vs_large: throughput=303.24 ops/sec
2026-03-10 00:18:27,039 INFO --- Trace 2/2: dual_congested ---
2026-03-10 00:18:27,039 INFO CMD: sudo sync
2026-03-10 00:18:27,197 INFO CMD: sudo sh -c echo 3 > /proc/sys/vm/drop_caches
2026-03-10 00:18:27,890 INFO Page cache dropped.
2026-03-10 00:18:29,922 INFO Starting proxy: /usr/bin/python /mydata/cache_ext/eviction_evo/tcp_delay_proxy.py --listen-port 9101 --target-port 9100 --delay-ms 2 --bandwidth-kbps 100000
2026-03-10 00:18:30,967 INFO Proxy ready on port 9101
2026-03-10 00:18:30,967 INFO Starting proxy: /usr/bin/python /mydata/cache_ext/eviction_evo/tcp_delay_proxy.py --listen-port 9102 --target-port 9100 --delay-ms 5 --bandwidth-kbps 50000
2026-03-10 00:18:31,969 INFO Proxy ready on port 9102
2026-03-10 00:18:31,986 INFO Starting client wan_reader: /mydata/cache_ext/My-YCSB/build/run_net_leveldb /tmp/dual_wan_reader_yufekj6j.yaml
2026-03-10 00:18:32,008 INFO Starting client wan_writer: /mydata/cache_ext/My-YCSB/build/run_net_leveldb /tmp/dual_wan_writer_4d9bb0pl.yaml
2026-03-10 00:21:43,604 INFO Client wan_reader: throughput=160.29
2026-03-10 00:21:43,605 INFO Client wan_writer: throughput=167.72
2026-03-10 00:21:43,605 INFO Dual-client combined throughput: 328.01 ops/sec
2026-03-10 00:21:43,612 INFO Trace dual_congested: throughput=328.01 ops/sec
2026-03-10 00:21:43,626 INFO === Evaluation complete ===
2026-03-10 00:21:43,626 INFO Combined score (harmonic mean): 315.14  (2/2 traces passed)
2026-03-10 00:21:43,626 INFO   dual_small_vs_large: 303.24 ops/sec
2026-03-10 00:21:43,626 INFO   dual_congested: 328.01 ops/sec
2026-03-10 00:21:43,626 INFO Stopping net_leveldb_server (PID 263175)
2026-03-10 00:21:43,626 INFO CMD: sudo kill 263175
2026-03-10 00:21:43,779 INFO Unloading BPF policy (PID 263172)
2026-03-10 00:21:43,779 INFO CMD: sudo kill -2 263172
2026-03-10 00:21:44,011 INFO CMD: sudo rm -f /sys/fs/bpf/cache_ext/scan_pids
2026-03-10 00:21:44,059 INFO CMD: sudo cgdelete memory:cache_ext_test
2026-03-10 00:21:44,100 INFO CMD: sudo sh -c echo 0x0000 > /sys/kernel/mm/lru_gen/enabled
2026-03-10 00:21:44,126 INFO MGLRU re-enabled (restored to 0x0000).
