2026-03-27 11:38:43,252 INFO Waiting for evaluation lock /tmp/cache_ext_evaluate_0.lock ...
2026-03-27 12:14:40,168 INFO Acquired evaluation lock.
2026-03-27 12:14:40,211 INFO === Step 0: Drop page cache ===
2026-03-27 12:14:40,211 INFO Database already exists at /mydata/leveldb_temp (CURRENT file found), skipping copy
2026-03-27 12:14:40,211 INFO CMD: sudo sync
2026-03-27 12:14:40,399 INFO CMD: sudo sh -c echo 3 > /proc/sys/vm/drop_caches
2026-03-27 12:14:40,624 INFO Page cache dropped.
2026-03-27 12:14:40,624 INFO === Step 1: Compile evolved policy ===
2026-03-27 12:14:40,640 INFO CMD: sudo chown -R root: /mydata/cache_ext/eviction_evo/build
2026-03-27 12:14:40,967 INFO CMD: clang-14 -O2 -target bpf -D__TARGET_ARCH_x86 -c -g -Wall -idirafter /usr/lib/llvm-14/lib/clang/14.0.0/include -idirafter /usr/local/include -idirafter /usr/include/x86_64-linux-gnu -idirafter /usr/include /mydata/cache_ext/eviction_evo/build/cache_ext_evolved.bpf.c -o /mydata/cache_ext/eviction_evo/build/cache_ext_evolved.bpf.o
2026-03-27 12:14:43,802 INFO CMD: /usr/local/sbin/bpftool gen skeleton /mydata/cache_ext/eviction_evo/build/cache_ext_evolved.bpf.o name cache_ext_evolved_bpf
2026-03-27 12:14:43,985 INFO CMD: clang-14 -O2 -g -Wall -I/mydata/cache_ext/eviction_evo/build -I/mydata/cache_ext/policies /mydata/cache_ext/eviction_evo/cache_ext_evolved.c -o /mydata/cache_ext/eviction_evo/build/cache_ext_evolved.out -L/usr/local/lib64 -lbpf
2026-03-27 12:14:44,843 INFO Compilation successful: /mydata/cache_ext/eviction_evo/build/cache_ext_evolved.out
2026-03-27 12:14:44,843 INFO === Step 2: Disable MGLRU ===
2026-03-27 12:14:44,844 INFO MGLRU watchdog started (PID 660973, will restore in 7800 s)
2026-03-27 12:14:44,844 INFO MGLRU current state: 0x0007 - disabling
2026-03-27 12:14:44,845 INFO CMD: sudo sh -c echo 0 > /sys/kernel/mm/lru_gen/enabled
2026-03-27 12:14:44,892 INFO MGLRU disabled.
2026-03-27 12:14:44,892 INFO === Step 3: Create cgroup ===
2026-03-27 12:14:44,968 INFO CMD: sudo cgcreate -g memory:cache_ext_test
2026-03-27 12:14:45,074 INFO CMD: sudo sh -c echo 536870912 > /sys/fs/cgroup/cache_ext_test/memory.max
2026-03-27 12:14:45,089 INFO Created cgroup cache_ext_test with limit 536870912 bytes
2026-03-27 12:14:45,089 INFO === Step 4: Load BPF policy ===
2026-03-27 12:14:45,089 INFO Loading policy: sudo /mydata/cache_ext/eviction_evo/build/cache_ext_evolved.out --watch_dir /mydata/leveldb_temp --cgroup_path /sys/fs/cgroup/cache_ext_test
2026-03-27 12:14:55,100 INFO Policy loaded (PID 660994)
2026-03-27 12:14:55,100 INFO === Step 5: Start server ===
2026-03-27 12:14:55,100 INFO Starting server: sudo cgexec -g memory:cache_ext_test /mydata/cache_ext/net_leveldb_server 9100 /mydata/leveldb_temp
2026-03-27 12:14:55,102 INFO Waiting for server on port 9100 ...
2026-03-27 12:14:56,151 INFO Server ready (PID 660997) on port 9100
2026-03-27 12:14:56,151 INFO === Step 6: Run 7 traces x 3 runs = 21 total benchmarks ===
2026-03-27 12:14:56,184 INFO --- Trace 1/7 (ycsb_c_a) run 1/3  [1/21 overall] ---
2026-03-27 12:14:56,184 INFO CMD: sudo sync
2026-03-27 12:14:56,313 INFO CMD: sudo sh -c echo 3 > /proc/sys/vm/drop_caches
2026-03-27 12:14:56,567 INFO Page cache dropped.
2026-03-27 12:14:59,389 INFO Starting remote client client_ycsb_c on krisub@node1: ssh -o StrictHostKeyChecking=no -o BatchMode=yes -i /users/krisub/.ssh/id_ed25519 krisub@node1 sh -lc 'exec /mydata/cache_ext/My-YCSB/build/run_net_leveldb /tmp/dual_client_ycsb_c_qvnm1z0e.yaml'
2026-03-27 12:14:59,653 INFO Starting remote client client_ycsb_a on krisub@node1: ssh -o StrictHostKeyChecking=no -o BatchMode=yes -i /users/krisub/.ssh/id_ed25519 krisub@node1 sh -lc 'exec /mydata/cache_ext/My-YCSB/build/run_net_leveldb /tmp/dual_client_ycsb_a_j385unzh.yaml'
2026-03-27 12:16:37,788 INFO Client client_ycsb_c: throughput=912.85
2026-03-27 12:16:38,004 INFO Client client_ycsb_a: throughput=1804.90
2026-03-27 12:16:38,004 INFO Dual-client combined throughput: 2717.75 ops/sec
2026-03-27 12:16:38,485 INFO Trace ycsb_c_a run 1: throughput=2717.75 ops/sec
2026-03-27 12:16:38,485 INFO --- Trace 1/7 (ycsb_c_a) run 2/3  [2/21 overall] ---
2026-03-27 12:16:38,485 INFO CMD: sudo sync
2026-03-27 12:16:38,705 INFO CMD: sudo sh -c echo 3 > /proc/sys/vm/drop_caches
2026-03-27 12:16:38,964 INFO Page cache dropped.
2026-03-27 12:16:41,709 INFO Starting remote client client_ycsb_c on krisub@node1: ssh -o StrictHostKeyChecking=no -o BatchMode=yes -i /users/krisub/.ssh/id_ed25519 krisub@node1 sh -lc 'exec /mydata/cache_ext/My-YCSB/build/run_net_leveldb /tmp/dual_client_ycsb_c_qof50hbz.yaml'
2026-03-27 12:16:41,944 INFO Starting remote client client_ycsb_a on krisub@node1: ssh -o StrictHostKeyChecking=no -o BatchMode=yes -i /users/krisub/.ssh/id_ed25519 krisub@node1 sh -lc 'exec /mydata/cache_ext/My-YCSB/build/run_net_leveldb /tmp/dual_client_ycsb_a_unfy1rpa.yaml'
2026-03-27 12:18:20,079 INFO Client client_ycsb_c: throughput=872.84
2026-03-27 12:18:20,194 INFO Client client_ycsb_a: throughput=1677.75
2026-03-27 12:18:20,194 INFO Dual-client combined throughput: 2550.59 ops/sec
2026-03-27 12:18:20,653 INFO Trace ycsb_c_a run 2: throughput=2550.59 ops/sec
2026-03-27 12:18:20,653 INFO --- Trace 1/7 (ycsb_c_a) run 3/3  [3/21 overall] ---
2026-03-27 12:18:20,653 INFO CMD: sudo sync
2026-03-27 12:18:20,864 INFO CMD: sudo sh -c echo 3 > /proc/sys/vm/drop_caches
2026-03-27 12:18:21,093 INFO Page cache dropped.
2026-03-27 12:18:23,873 INFO Starting remote client client_ycsb_c on krisub@node1: ssh -o StrictHostKeyChecking=no -o BatchMode=yes -i /users/krisub/.ssh/id_ed25519 krisub@node1 sh -lc 'exec /mydata/cache_ext/My-YCSB/build/run_net_leveldb /tmp/dual_client_ycsb_c_tkg1dkhy.yaml'
2026-03-27 12:18:24,120 INFO Starting remote client client_ycsb_a on krisub@node1: ssh -o StrictHostKeyChecking=no -o BatchMode=yes -i /users/krisub/.ssh/id_ed25519 krisub@node1 sh -lc 'exec /mydata/cache_ext/My-YCSB/build/run_net_leveldb /tmp/dual_client_ycsb_a_0d2dfui2.yaml'
2026-03-27 12:20:02,149 INFO Client client_ycsb_c: throughput=959.83
2026-03-27 12:20:02,515 INFO Client client_ycsb_a: throughput=1852.83
2026-03-27 12:20:02,515 INFO Dual-client combined throughput: 2812.66 ops/sec
2026-03-27 12:20:02,997 INFO Trace ycsb_c_a run 3: throughput=2812.66 ops/sec
2026-03-27 12:20:02,997 INFO Trace ycsb_c_a summary: mean=2693.67 std=132.68 min=2550.59 max=2812.66 (CV=4.9%)
2026-03-27 12:20:03,037 INFO --- Trace 2/7 (ycsb_c_e) run 1/3  [4/21 overall] ---
2026-03-27 12:20:03,037 INFO CMD: sudo sync
2026-03-27 12:20:03,266 INFO CMD: sudo sh -c echo 3 > /proc/sys/vm/drop_caches
2026-03-27 12:20:03,515 INFO Page cache dropped.
2026-03-27 12:20:06,285 INFO Starting remote client client_ycsb_c on krisub@node1: ssh -o StrictHostKeyChecking=no -o BatchMode=yes -i /users/krisub/.ssh/id_ed25519 krisub@node1 sh -lc 'exec /mydata/cache_ext/My-YCSB/build/run_net_leveldb /tmp/dual_client_ycsb_c_h3d0v369.yaml'
2026-03-27 12:20:06,541 INFO Starting remote client client_ycsb_e on krisub@node1: ssh -o StrictHostKeyChecking=no -o BatchMode=yes -i /users/krisub/.ssh/id_ed25519 krisub@node1 sh -lc 'exec /mydata/cache_ext/My-YCSB/build/run_net_leveldb /tmp/dual_client_ycsb_e_kn9zwwit.yaml'
2026-03-27 12:21:44,704 INFO Client client_ycsb_c: throughput=1060.53
2026-03-27 12:21:45,923 INFO Client client_ycsb_e: throughput=77106.33
2026-03-27 12:21:45,923 INFO Dual-client combined throughput: 78166.86 ops/sec
2026-03-27 12:21:46,389 INFO Trace ycsb_c_e run 1: throughput=78166.86 ops/sec
2026-03-27 12:21:46,389 INFO --- Trace 2/7 (ycsb_c_e) run 2/3  [5/21 overall] ---
2026-03-27 12:21:46,389 INFO CMD: sudo sync
2026-03-27 12:21:46,616 INFO CMD: sudo sh -c echo 3 > /proc/sys/vm/drop_caches
2026-03-27 12:21:46,820 INFO Page cache dropped.
2026-03-27 12:21:49,597 INFO Starting remote client client_ycsb_c on krisub@node1: ssh -o StrictHostKeyChecking=no -o BatchMode=yes -i /users/krisub/.ssh/id_ed25519 krisub@node1 sh -lc 'exec /mydata/cache_ext/My-YCSB/build/run_net_leveldb /tmp/dual_client_ycsb_c_v28izgmw.yaml'
2026-03-27 12:21:49,857 INFO Starting remote client client_ycsb_e on krisub@node1: ssh -o StrictHostKeyChecking=no -o BatchMode=yes -i /users/krisub/.ssh/id_ed25519 krisub@node1 sh -lc 'exec /mydata/cache_ext/My-YCSB/build/run_net_leveldb /tmp/dual_client_ycsb_e_rkdpr6w8.yaml'
2026-03-27 12:23:28,024 INFO Client client_ycsb_c: throughput=1023.98
2026-03-27 12:23:29,393 INFO Client client_ycsb_e: throughput=75894.50
2026-03-27 12:23:29,393 INFO Dual-client combined throughput: 76918.48 ops/sec
2026-03-27 12:23:29,861 INFO Trace ycsb_c_e run 2: throughput=76918.48 ops/sec
2026-03-27 12:23:29,861 INFO --- Trace 2/7 (ycsb_c_e) run 3/3  [6/21 overall] ---
2026-03-27 12:23:29,861 INFO CMD: sudo sync
2026-03-27 12:23:30,119 INFO CMD: sudo sh -c echo 3 > /proc/sys/vm/drop_caches
2026-03-27 12:23:30,475 INFO Page cache dropped.
2026-03-27 12:23:33,368 INFO Starting remote client client_ycsb_c on krisub@node1: ssh -o StrictHostKeyChecking=no -o BatchMode=yes -i /users/krisub/.ssh/id_ed25519 krisub@node1 sh -lc 'exec /mydata/cache_ext/My-YCSB/build/run_net_leveldb /tmp/dual_client_ycsb_c_cowd_p0q.yaml'
2026-03-27 12:23:33,641 INFO Starting remote client client_ycsb_e on krisub@node1: ssh -o StrictHostKeyChecking=no -o BatchMode=yes -i /users/krisub/.ssh/id_ed25519 krisub@node1 sh -lc 'exec /mydata/cache_ext/My-YCSB/build/run_net_leveldb /tmp/dual_client_ycsb_e_9kh75m2v.yaml'
2026-03-27 12:24:17,255 WARNING Received signal 2, initiating cleanup...
2026-03-27 12:24:17,777 INFO CMD: sudo sh -c echo 0x0007 > /sys/kernel/mm/lru_gen/enabled
2026-03-27 12:24:17,790 INFO MGLRU re-enabled (restored to 0x0007).
2026-03-27 12:24:17,790 INFO MGLRU watchdog stopped (PID 660973)
