--- wan_reader ---
ZipfianWorkload: start initializing zipfian variables, might take a while
Zipfian (Warm-Up) (epoch 0, progress 0.00%): UPDATE throughput 0.00 ops/sec, INSERT throughput 0.00 ops/sec, READ throughput 0.00 ops/sec, SCAN throughput 0.00 ops/sec, READ_MODIFY_WRITE throughput 0.00 ops/sec, total throughput 0.00 ops/sec
Zipfian (Warm-Up) (epoch 1, progress 0.00%): UPDATE throughput 13.00 ops/sec, INSERT throughput 0.00 ops/sec, READ throughput 433.97 ops/sec, SCAN throughput 0.00 ops/sec, READ_MODIFY_WRITE throughput 0.00 ops/sec, total throughput 446.97 ops/sec
Zipfian (Warm-Up) (epoch 2, progress 0.00%): UPDATE throughput 38.99 ops/sec, INSERT throughput 0.00 ops/sec, READ throughput 615.90 ops/sec, SCAN throughput 0.00 ops/sec, READ_MODIFY_WRITE throughput 0.00 ops/sec, total throughput 654.90 ops/sec
Zipfian (Warm-Up) (epoch 3, progress 0.00%): UPDATE throughput 21.00 ops/sec, INSERT throughput 0.00 ops/sec, READ throughput 549.92 ops/sec, SCAN throughput 0.00 ops/sec, READ_MODIFY_WRITE throughput 0.00 ops/sec, total throughput 570.91 ops/sec
Zipfian (Warm-Up) (epoch 4, progress 0.01%): UPDATE throughput 25.00 ops/sec, INSERT throughput 0.00 ops/sec, READ throughput 536.92 ops/sec, SCAN throughput 0.00 ops/sec, READ_MODIFY_WRITE throughput 0.00 ops/sec, total throughput 561.92 ops/sec
Zipfian (Warm-Up) (epoch 5, progress 0.01%): UPDATE throughput 18.00 ops/sec, INSERT throughput 0.00 ops/sec, READ throughput 574.91 ops/sec, SCAN throughput 0.00 ops/sec, READ_MODIFY_WRITE throughput 0.00 ops/sec, total throughput 592.91 ops/sec
Zipfian (Warm-Up) (epoch 6, progress 0.01%): UPDATE throughput 32.99 ops/sec, INSERT throughput 0.00 ops/sec, READ throughput 604.91 ops/sec, SCAN throughput 0.00 ops/sec, READ_MODIFY_WRITE throughput 0.00 ops/sec, total throughput 637.90 ops/sec
Zipfian (Warm-Up) (epoch 7, progress 0.01%): UPDATE throughput 37.99 ops/sec, INSERT throughput 0.00 ops/sec, READ throughput 599.91 ops/sec, SCAN throughput 0.00 ops/sec, READ_MODIFY_WRITE throughput 0.00 ops/sec, total throughput 637.90 ops/sec
Zipfian (Warm-Up) (epoch 8, progress 0.01%): UPDATE throughput 30.00 ops/sec, INSERT throughput 0.00 ops/sec, READ throughput 646.91 ops/sec, SCAN throughput 0.00 ops/sec, READ_MODIFY_WRITE throughput 0.00 ops/sec, total throughput 676.90 ops/sec
Zipfian (Warm-Up) (epoch 9, progress 0.01%): UPDATE throughput 27.00 ops/sec, INSERT throughput 0.00 ops/sec, READ throughput 637.90 ops/sec, SCAN throughput 0.00 ops/sec, READ_MODIFY_WRITE throughput 0.00 ops/sec, total throughput 664.90 ops/sec
Zipfian (Warm-Up) (epoch 10, progress 0.02%): UPDATE throughput 32.00 ops/sec, INSERT throughput 0.00 ops/sec, READ throughput 685.89 ops/sec, SCAN throughput 0.00 ops/sec, READ_MODIFY_WRITE throughput 0.00 ops/sec, total throughput 717.89 ops/sec
Zipfian (Warm-Up) (epoch 11, progress 0.02%): UPDATE throughput 24.00 ops/sec, INSERT throughput 0.00 ops/sec, READ throughput 619.91 ops/sec, SCAN throughput 0.00 ops/sec, READ_MODIFY_WRITE throughput 0.00 ops/sec, total throughput 643.90 ops/sec
Zipfian (Warm-Up) (epoch 12, progress 0.02%): UPDATE throughput 48.99 ops/sec, INSERT throughput 0.00 ops/sec, READ throughput 603.91 ops/sec, SCAN throughput 0.00 ops/sec, READ_MODIFY_WRITE throughput 0.00 ops/sec, total throughput 652.90 ops/sec
Zipfian (Warm-Up) (epoch 13, progress 0.02%): UPDATE throughput 33.99 ops/sec, INSERT throughput 0.00 ops/sec, READ throughput 771.88 ops/sec, SCAN throughput 0.00 ops/sec, READ_MODIFY_WRITE throughput 0.00 ops/sec, total throughput 805.88 ops/sec
Zipfian (Warm-Up) (epoch 14, progress 0.02%): UPDATE throughput 27.00 ops/sec, INSERT throughput 0.00 ops/sec, READ throughput 731.87 ops/sec, SCAN throughput 0.00 ops/sec, READ_MODIFY_WRITE throughput 0.00 ops/sec, total throughput 758.87 ops/sec
Zipfian (Warm-Up) (epoch 15, progress 0.02%): UPDATE throughput 45.99 ops/sec, INSERT throughput 0.00 ops/sec, READ throughput 739.89 ops/sec, SCAN throughput 0.00 ops/sec, READ_MODIFY_WRITE throughput 0.00 ops/sec, total throughput 785.88 ops/sec
Zipfian (Warm-Up) (epoch 16, progress 0.03%): UPDATE throughput 43.99 ops/sec, INSERT throughput 0.00 ops/sec, READ throughput 807.88 ops/sec, SCAN throughput 0.00 ops/sec, READ_MODIFY_WRITE throughput 0.00 ops/sec, total throughput 851.87 ops/sec
Zipfian (Warm-Up) (epoch 17, progress 0.03%): UPDATE throughput 42.99 ops/sec, INSERT throughput 0.00 ops/sec, READ throughput 762.88 ops/sec, SCAN throughput 0.00 ops/sec, READ_MODIFY_WRITE throughput 0.00 ops/sec, total throughput 805.88 ops/sec
Zipfian (Warm-Up) (epoch 18, progress 0.03%): UPDATE throughput 48.99 ops/sec, INSERT throughput 0.00 ops/sec, READ throughput 826.88 ops/sec, SCAN throughput 0.00 ops/sec, READ_MODIFY_WRITE throughput 0.00 ops/sec, total throughput 875.87 ops/sec
Zipfian (Warm-Up) (epoch 19, progress 0.03%): UPDATE throughput 37.99 ops/sec, INSERT throughput 0.00 ops/sec, READ throughput 882.87 ops/sec, SCAN throughput 0.00 ops/sec, READ_MODIFY_WRITE throughput 0.00 ops/sec, total throughput 920.86 ops/sec
Zipfian (Warm-Up) (epoch 20, progress 0.04%): UPDATE throughput 50.99 ops/sec, INSERT throughput 0.00 ops/sec, READ throughput 872.87 ops/sec, SCAN throughput 0.00 ops/sec, READ_MODIFY_WRITE throughput 0.00 ops/sec, total throughput 923.87 ops/sec
Zipfian (Warm-Up) (epoch 21, progress 0.04%): UPDATE throughput 56.99 ops/sec, INSERT throughput 0.00 ops/sec, READ throughput 859.87 ops/sec, SCAN throughput 0.00 ops/sec, READ_MODIFY_WRITE throughput 0.00 ops/sec, total throughput 916.86 ops/sec
Zipfian (Warm-Up) (epoch 22, progress 0.04%): UPDATE throughput 35.99 ops/sec, INSERT throughput 0.00 ops/sec, READ throughput 806.88 ops/sec, SCAN throughput 0.00 ops/sec, READ_MODIFY_WRITE throughput 0.00 ops/sec, total throughput 842.87 ops/sec
Zipfian (Warm-Up) (epoch 23, progress 0.04%): UPDATE throughput 51.99 ops/sec, INSERT throughput 0.00 ops/sec, READ throughput 890.87 ops/sec, SCAN throughput 0.00 ops/sec, READ_MODIFY_WRITE throughput 0.00 ops/sec, total throughput 942.86 ops/sec
Zipfian (Warm-Up) (epoch 24, progress 0.04%): UPDATE throughput 40.99 ops/sec, INSERT throughput 0.00 ops/sec, READ throughput 845.88 ops/sec, SCAN throughput 0.00 ops/sec, READ_MODIFY_WRITE throughput 0.00 ops/sec, total throughput 886.87 ops/sec
Zipfian (Warm-Up) (epoch 25, progress 0.05%): UPDATE throughput 47.99 ops/sec, INSERT throughput 0.00 ops/sec, READ throughput 947.85 ops/sec, SCAN throughput 0.00 ops/sec, READ_MODIFY_WRITE throughput 0.00 ops/sec, total throughput 995.85 ops/sec
Zipfian (Warm-Up) (epoch 26, progress 0.05%): UPDATE throughput 55.99 ops/sec, INSERT throughput 0.00 ops/sec, READ throughput 1051.84 ops/sec, SCAN throughput 0.00 ops/sec, READ_MODIFY_WRITE throughput 0.00 ops/sec, total throughput 1107.83 ops/sec
Zipfian (Warm-Up) (epoch 27, progress 0.05%): UPDATE throughput 58.99 ops/sec, INSERT throughput 0.00 ops/sec, READ throughput 1013.85 ops/sec, SCAN throughput 0.00 ops/sec, READ_MODIFY_WRITE throughput 0.00 ops/sec, total throughput 1072.84 ops/sec
Zipfian (Warm-Up) (epoch 28, progress 0.06%): UPDATE throughput 51.99 ops/sec, INSERT throughput 0.00 ops/sec, READ throughput 1056.85 ops/sec, SCAN throughput 0.00 ops/sec, READ_MODIFY_WRITE throughput 0.00 ops/sec, total throughput 1108.84 ops/sec
Zipfian (Warm-Up) (epoch 29, progress 0.06%): UPDATE throughput 43.99 ops/sec, INSERT throughput 0.00 ops/sec, READ throughput 953.85 ops/sec, SCAN throughput 0.00 ops/sec, READ_MODIFY_WRITE throughput 0.00 ops/sec, total throughput 997.85 ops/sec
Zipfian (Warm-Up) (epoch 30, progress 0.06%): UPDATE throughput 50.99 ops/sec, INSERT throughput 0.00 ops/sec, READ throughput 865.87 ops/sec, SCAN throughput 0.00 ops/sec, READ_MODIFY_WRITE throughput 0.00 ops/sec, total throughput 916.86 ops/sec
time's up!
Zipfian (Warm-Up): calculating overall performance metrics... (might take a while)
Zipfian (Warm-Up) overall: UPDATE throughput 39.23 ops/sec, INSERT throughput 0.00 ops/sec, READ throughput 760.05 ops/sec, SCAN throughput 0.00 ops/sec, READ_MODIFY_WRITE throughput 0.00 ops/sec, total throughput 799.28 ops/sec
Zipfian (Warm-Up) overall: UPDATE average latency 206532.80 ns, UPDATE p99 latency 308199.76 ns, INSERT average latency 0.00 ns, INSERT p99 latency 0.00 ns, READ average latency 5243022.50 ns, READ p99 latency 54089383.20 ns, SCAN average latency 0.00 ns, SCAN p99 latency 0.00 ns, READ_MODIFY_WRITE average latency 0.00 ns, READ_MODIFY_WRITE p99 latency 0.00 ns
ZipfianWorkload: start initializing zipfian variables, might take a while
Zipfian (epoch 0, progress 0.00%): UPDATE throughput 0.00 ops/sec, INSERT throughput 0.00 ops/sec, READ throughput 0.00 ops/sec, SCAN throughput 0.00 ops/sec, READ_MODIFY_WRITE throughput 0.00 ops/sec, total throughput 0.00 ops/sec
Zipfian (epoch 1, progress 0.06%): UPDATE throughput 1201.83 ops/sec, INSERT throughput 0.00 ops/sec, READ throughput 23218.63 ops/sec, SCAN throughput 0.00 ops/sec, READ_MODIFY_WRITE throughput 0.00 ops/sec, total throughput 24420.46 ops/sec
Zipfian (epoch 2, progress 0.06%): UPDATE throughput 83.99 ops/sec, INSERT throughput 0.00 ops/sec, READ throughput 1408.79 ops/sec, SCAN throughput 0.00 ops/sec, READ_MODIFY_WRITE throughput 0.00 ops/sec, total throughput 1492.78 ops/sec
Zipfian (epoch 3, progress 0.07%): UPDATE throughput 72.99 ops/sec, INSERT throughput 0.00 ops/sec, READ throughput 1403.79 ops/sec, SCAN throughput 0.00 ops/sec, READ_MODIFY_WRITE throughput 0.00 ops/sec, total throughput 1476.78 ops/sec
Zipfian (epoch 4, progress 0.07%): UPDATE throughput 80.99 ops/sec, INSERT throughput 0.00 ops/sec, READ throughput 1148.83 ops/sec, SCAN throughput 0.00 ops/sec, READ_MODIFY_WRITE throughput 0.00 ops/sec, total throughput 1229.82 ops/sec
Zipfian (epoch 5, progress 0.07%): UPDATE throughput 71.99 ops/sec, INSERT throughput 0.00 ops/sec, READ throughput 1256.82 ops/sec, SCAN throughput 0.00 ops/sec, READ_MODIFY_WRITE throughput 0.00 ops/sec, total throughput 1328.81 ops/sec
Zipfian (epoch 6, progress 0.08%): UPDATE throughput 71.99 ops/sec, INSERT throughput 0.00 ops/sec, READ throughput 1187.83 ops/sec, SCAN throughput 0.00 ops/sec, READ_MODIFY_WRITE throughput 0.00 ops/sec, total throughput 1259.82 ops/sec
Zipfian (epoch 7, progress 0.08%): UPDATE throughput 58.99 ops/sec, INSERT throughput 0.00 ops/sec, READ throughput 1177.83 ops/sec, SCAN throughput 0.00 ops/sec, READ_MODIFY_WRITE throughput 0.00 ops/sec, total throughput 1236.82 ops/sec
Zipfian (epoch 8, progress 0.08%): UPDATE throughput 47.99 ops/sec, INSERT throughput 0.00 ops/sec, READ throughput 1098.84 ops/sec, SCAN throughput 0.00 ops/sec, READ_MODIFY_WRITE throughput 0.00 ops/sec, total throughput 1146.83 ops/sec
Zipfian (epoch 9, progress 0.09%): UPDATE throughput 70.99 ops/sec, INSERT throughput 0.00 ops/sec, READ throughput 1292.81 ops/sec, SCAN throughput 0.00 ops/sec, READ_MODIFY_WRITE throughput 0.00 ops/sec, total throughput 1363.80 ops/sec
Zipfian (epoch 10, progress 0.09%): UPDATE throughput 57.99 ops/sec, INSERT throughput 0.00 ops/sec, READ throughput 1193.83 ops/sec, SCAN throughput 0.00 ops/sec, READ_MODIFY_WRITE throughput 0.00 ops/sec, total throughput 1251.82 ops/sec
Zipfian (epoch 11, progress 0.09%): UPDATE throughput 53.99 ops/sec, INSERT throughput 0.00 ops/sec, READ throughput 1270.81 ops/sec, SCAN throughput 0.00 ops/sec, READ_MODIFY_WRITE throughput 0.00 ops/sec, total throughput 1324.80 ops/sec
Zipfian (epoch 12, progress 0.10%): UPDATE throughput 59.99 ops/sec, INSERT throughput 0.00 ops/sec, READ throughput 1182.82 ops/sec, SCAN throughput 0.00 ops/sec, READ_MODIFY_WRITE throughput 0.00 ops/sec, total throughput 1242.82 ops/sec
Zipfian (epoch 13, progress 0.10%): UPDATE throughput 56.99 ops/sec, INSERT throughput 0.00 ops/sec, READ throughput 1263.82 ops/sec, SCAN throughput 0.00 ops/sec, READ_MODIFY_WRITE throughput 0.00 ops/sec, total throughput 1320.81 ops/sec
Zipfian (epoch 14, progress 0.10%): UPDATE throughput 64.99 ops/sec, INSERT throughput 0.00 ops/sec, READ throughput 1240.82 ops/sec, SCAN throughput 0.00 ops/sec, READ_MODIFY_WRITE throughput 0.00 ops/sec, total throughput 1305.81 ops/sec
Zipfian (epoch 15, progress 0.11%): UPDATE throughput 77.99 ops/sec, INSERT throughput 0.00 ops/sec, READ throughput 1360.80 ops/sec, SCAN throughput 0.00 ops/sec, READ_MODIFY_WRITE throughput 0.00 ops/sec, total throughput 1438.79 ops/sec
Zipfian (epoch 16, progress 0.11%): UPDATE throughput 62.99 ops/sec, INSERT throughput 0.00 ops/sec, READ throughput 1382.80 ops/sec, SCAN throughput 0.00 ops/sec, READ_MODIFY_WRITE throughput 0.00 ops/sec, total throughput 1445.79 ops/sec
Zipfian (epoch 17, progress 0.11%): UPDATE throughput 69.99 ops/sec, INSERT throughput 0.00 ops/sec, READ throughput 1378.80 ops/sec, SCAN throughput 0.00 ops/sec, READ_MODIFY_WRITE throughput 0.00 ops/sec, total throughput 1448.79 ops/sec
Zipfian (epoch 18, progress 0.12%): UPDATE throughput 75.99 ops/sec, INSERT throughput 0.00 ops/sec, READ throughput 1343.81 ops/sec, SCAN throughput 0.00 ops/sec, READ_MODIFY_WRITE throughput 0.00 ops/sec, total throughput 1419.79 ops/sec
Zipfian (epoch 19, progress 0.12%): UPDATE throughput 78.99 ops/sec, INSERT throughput 0.00 ops/sec, READ throughput 1383.80 ops/sec, SCAN throughput 0.00 ops/sec, READ_MODIFY_WRITE throughput 0.00 ops/sec, total throughput 1462.78 ops/sec
Zipfian (epoch 20, progress 0.13%): UPDATE throughput 68.99 ops/sec, INSERT throughput 0.00 ops/sec, READ throughput 1354.80 ops/sec, SCAN throughput 0.00 ops/sec, READ_MODIFY_WRITE throughput 0.00 ops/sec, total throughput 1423.79 ops/sec
Zipfian (epoch 21, progress 0.13%): UPDATE throughput 69.99 ops/sec, INSERT throughput 0.00 ops/sec, READ throughput 1240.82 ops/sec, SCAN throughput 0.00 ops/sec, READ_MODIFY_WRITE throughput 0.00 ops/sec, total throughput 1310.81 ops/sec
Zipfian (epoch 22, progress 0.13%): UPDATE throughput 77.99 ops/sec, INSERT throughput 0.00 ops/sec, READ throughput 1211.82 ops/sec, SCAN throughput 0.00 ops/sec, READ_MODIFY_WRITE throughput 0.00 ops/sec, total throughput 1289.81 ops/sec
Zipfian (epoch 23, progress 0.14%): UPDATE throughput 69.99 ops/sec, INSERT throughput 0.00 ops/sec, READ throughput 1404.79 ops/sec, SCAN throughput 0.00 ops/sec, READ_MODIFY_WRITE throughput 0.00 ops/sec, total throughput 1474.78 ops/sec
Zipfian (epoch 24, progress 0.14%): UPDATE throughput 66.99 ops/sec, INSERT throughput 0.00 ops/sec, READ throughput 1234.82 ops/sec, SCAN throughput 0.00 ops/sec, READ_MODIFY_WRITE throughput 0.00 ops/sec, total throughput 1301.81 ops/sec
Zipfian (epoch 25, progress 0.14%): UPDATE throughput 61.99 ops/sec, INSERT throughput 0.00 ops/sec, READ throughput 1205.82 ops/sec, SCAN throughput 0.00 ops/sec, READ_MODIFY_WRITE throughput 0.00 ops/sec, total throughput 1267.81 ops/sec
Zipfian (epoch 26, progress 0.15%): UPDATE throughput 64.99 ops/sec, INSERT throughput 0.00 ops/sec, READ throughput 1278.81 ops/sec, SCAN throughput 0.00 ops/sec, READ_MODIFY_WRITE throughput 0.00 ops/sec, total throughput 1343.80 ops/sec
Zipfian (epoch 27, progress 0.15%): UPDATE throughput 54.99 ops/sec, INSERT throughput 0.00 ops/sec, READ throughput 1140.83 ops/sec, SCAN throughput 0.00 ops/sec, READ_MODIFY_WRITE throughput 0.00 ops/sec, total throughput 1195.82 ops/sec
Zipfian (epoch 28, progress 0.15%): UPDATE throughput 62.99 ops/sec, INSERT throughput 0.00 ops/sec, READ throughput 1223.82 ops/sec, SCAN throughput 0.00 ops/sec, READ_MODIFY_WRITE throughput 0.00 ops/sec, total throughput 1286.81 ops/sec
Zipfian (epoch 29, progress 0.15%): UPDATE throughput 78.99 ops/sec, INSERT throughput 0.00 ops/sec, READ throughput 1260.82 ops/sec, SCAN throughput 0.00 ops/sec, READ_MODIFY_WRITE throughput 0.00 ops/sec, total throughput 1339.80 ops/sec
Zipfian (epoch 30, progress 0.16%): UPDATE throughput 51.99 ops/sec, INSERT throughput 0.00 ops/sec, READ throughput 1008.85 ops/sec, SCAN throughput 0.00 ops/sec, READ_MODIFY_WRITE throughput 0.00 ops/sec, total throughput 1060.84 ops/sec
Zipfian (epoch 31, progress 0.16%): UPDATE throughput 78.99 ops/sec, INSERT throughput 0.00 ops/sec, READ throughput 1186.83 ops/sec, SCAN throughput 0.00 ops/sec, READ_MODIFY_WRITE throughput 0.00 ops/sec, total throughput 1265.82 ops/sec
Zipfian (epoch 32, progress 0.16%): UPDATE throughput 64.99 ops/sec, INSERT throughput 0.00 ops/sec, READ throughput 1295.81 ops/sec, SCAN throughput 0.00 ops/sec, READ_MODIFY_WRITE throughput 0.00 ops/sec, total throughput 1360.80 ops/sec
Zipfian (epoch 33, progress 0.17%): UPDATE throughput 55.99 ops/sec, INSERT throughput 0.00 ops/sec, READ throughput 1037.85 ops/sec, SCAN throughput 0.00 ops/sec, READ_MODIFY_WRITE throughput 0.00 ops/sec, total throughput 1093.84 ops/sec
Zipfian (epoch 34, progress 0.17%): UPDATE throughput 62.99 ops/sec, INSERT throughput 0.00 ops/sec, READ throughput 1087.84 ops/sec, SCAN throughput 0.00 ops/sec, READ_MODIFY_WRITE throughput 0.00 ops/sec, total throughput 1150.83 ops/sec
Zipfian (epoch 35, progress 0.17%): UPDATE throughput 66.99 ops/sec, INSERT throughput 0.00 ops/sec, READ throughput 1202.82 ops/sec, SCAN throughput 0.00 ops/sec, READ_MODIFY_WRITE throughput 0.00 ops/sec, total throughput 1269.81 ops/sec
Zipfian (epoch 36, progress 0.17%): UPDATE throughput 37.99 ops/sec, INSERT throughput 0.00 ops/sec, READ throughput 556.92 ops/sec, SCAN throughput 0.00 ops/sec, READ_MODIFY_WRITE throughput 0.00 ops/sec, total throughput 594.91 ops/sec
Zipfian (epoch 37, progress 0.18%): UPDATE throughput 42.99 ops/sec, INSERT throughput 0.00 ops/sec, READ throughput 1007.85 ops/sec, SCAN throughput 0.00 ops/sec, READ_MODIFY_WRITE throughput 0.00 ops/sec, total throughput 1050.85 ops/sec
Zipfian (epoch 38, progress 0.18%): UPDATE throughput 59.99 ops/sec, INSERT throughput 0.00 ops/sec, READ throughput 1137.83 ops/sec, SCAN throughput 0.00 ops/sec, READ_MODIFY_WRITE throughput 0.00 ops/sec, total throughput 1197.82 ops/sec
Zipfian (epoch 39, progress 0.18%): UPDATE throughput 72.99 ops/sec, INSERT throughput 0.00 ops/sec, READ throughput 1205.83 ops/sec, SCAN throughput 0.00 ops/sec, READ_MODIFY_WRITE throughput 0.00 ops/sec, total throughput 1278.81 ops/sec
Zipfian (epoch 40, progress 0.19%): UPDATE throughput 63.99 ops/sec, INSERT throughput 0.00 ops/sec, READ throughput 1076.84 ops/sec, SCAN throughput 0.00 ops/sec, READ_MODIFY_WRITE throughput 0.00 ops/sec, total throughput 1140.83 ops/sec
Zipfian (epoch 41, progress 0.19%): UPDATE throughput 50.99 ops/sec, INSERT throughput 0.00 ops/sec, READ throughput 1075.84 ops/sec, SCAN throughput 0.00 ops/sec, READ_MODIFY_WRITE throughput 0.00 ops/sec, total throughput 1126.84 ops/sec
Zipfian (epoch 42, progress 0.19%): UPDATE throughput 48.99 ops/sec, INSERT throughput 0.00 ops/sec, READ throughput 941.86 ops/sec, SCAN throughput 0.00 ops/sec, READ_MODIFY_WRITE throughput 0.00 ops/sec, total throughput 990.85 ops/sec
Zipfian (epoch 43, progress 0.19%): UPDATE throughput 54.99 ops/sec, INSERT throughput 0.00 ops/sec, READ throughput 1196.83 ops/sec, SCAN throughput 0.00 ops/sec, READ_MODIFY_WRITE throughput 0.00 ops/sec, total throughput 1251.82 ops/sec
Zipfian (epoch 44, progress 0.20%): UPDATE throughput 59.99 ops/sec, INSERT throughput 0.00 ops/sec, READ throughput 1058.84 ops/sec, SCAN throughput 0.00 ops/sec, READ_MODIFY_WRITE throughput 0.00 ops/sec, total throughput 1118.84 ops/sec
Zipfian (epoch 45, progress 0.20%): UPDATE throughput 50.99 ops/sec, INSERT throughput 0.00 ops/sec, READ throughput 954.86 ops/sec, SCAN throughput 0.00 ops/sec, READ_MODIFY_WRITE throughput 0.00 ops/sec, total throughput 1005.85 ops/sec
Zipfian (epoch 46, progress 0.20%): UPDATE throughput 60.99 ops/sec, INSERT throughput 0.00 ops/sec, READ throughput 977.86 ops/sec, SCAN throughput 0.00 ops/sec, READ_MODIFY_WRITE throughput 0.00 ops/sec, total throughput 1038.85 ops/sec
Zipfian (epoch 47, progress 0.20%): UPDATE throughput 37.99 ops/sec, INSERT throughput 0.00 ops/sec, READ throughput 885.87 ops/sec, SCAN throughput 0.00 ops/sec, READ_MODIFY_WRITE throughput 0.00 ops/sec, total throughput 923.86 ops/sec
Zipfian (epoch 48, progress 0.21%): UPDATE throughput 47.99 ops/sec, INSERT throughput 0.00 ops/sec, READ throughput 1074.84 ops/sec, SCAN throughput 0.00 ops/sec, READ_MODIFY_WRITE throughput 0.00 ops/sec, total throughput 1122.83 ops/sec
Zipfian (epoch 49, progress 0.21%): UPDATE throughput 43.99 ops/sec, INSERT throughput 0.00 ops/sec, READ throughput 1000.85 ops/sec, SCAN throughput 0.00 ops/sec, READ_MODIFY_WRITE throughput 0.00 ops/sec, total throughput 1044.85 ops/sec
Zipfian (epoch 50, progress 0.21%): UPDATE throughput 58.99 ops/sec, INSERT throughput 0.00 ops/sec, READ throughput 1099.84 ops/sec, SCAN throughput 0.00 ops/sec, READ_MODIFY_WRITE throughput 0.00 ops/sec, total throughput 1158.83 ops/sec
Zipfian (epoch 51, progress 0.22%): UPDATE throughput 69.99 ops/sec, INSERT throughput 0.00 ops/sec, READ throughput 1154.83 ops/sec, SCAN throughput 0.00 ops/sec, READ_MODIFY_WRITE throughput 0.00 ops/sec, total throughput 1224.82 ops/sec
Zipfian (epoch 52, progress 0.22%): UPDATE throughput 61.99 ops/sec, INSERT throughput 0.00 ops/sec, READ throughput 1087.84 ops/sec, SCAN throughput 0.00 ops/sec, READ_MODIFY_WRITE throughput 0.00 ops/sec, total throughput 1149.83 ops/sec
Zipfian (epoch 53, progress 0.22%): UPDATE throughput 68.99 ops/sec, INSERT throughput 0.00 ops/sec, READ throughput 1273.81 ops/sec, SCAN throughput 0.00 ops/sec, READ_MODIFY_WRITE throughput 0.00 ops/sec, total throughput 1342.80 ops/sec
Zipfian (epoch 54, progress 0.22%): UPDATE throughput 54.99 ops/sec, INSERT throughput 0.00 ops/sec, READ throughput 1026.85 ops/sec, SCAN throughput 0.00 ops/sec, READ_MODIFY_WRITE throughput 0.00 ops/sec, total throughput 1081.84 ops/sec
Zipfian (epoch 55, progress 0.23%): UPDATE throughput 52.99 ops/sec, INSERT throughput 0.00 ops/sec, READ throughput 1135.83 ops/sec, SCAN throughput 0.00 ops/sec, READ_MODIFY_WRITE throughput 0.00 ops/sec, total throughput 1188.82 ops/sec
Zipfian (epoch 56, progress 0.23%): UPDATE throughput 74.99 ops/sec, INSERT throughput 0.00 ops/sec, READ throughput 1182.83 ops/sec, SCAN throughput 0.00 ops/sec, READ_MODIFY_WRITE throughput 0.00 ops/sec, total throughput 1257.82 ops/sec
Zipfian (epoch 57, progress 0.23%): UPDATE throughput 48.99 ops/sec, INSERT throughput 0.00 ops/sec, READ throughput 967.83 ops/sec, SCAN throughput 0.00 ops/sec, READ_MODIFY_WRITE throughput 0.00 ops/sec, total throughput 1016.83 ops/sec
Zipfian (epoch 58, progress 0.24%): UPDATE throughput 58.99 ops/sec, INSERT throughput 0.00 ops/sec, READ throughput 1182.83 ops/sec, SCAN throughput 0.00 ops/sec, READ_MODIFY_WRITE throughput 0.00 ops/sec, total throughput 1241.82 ops/sec
Zipfian (epoch 59, progress 0.24%): UPDATE throughput 60.99 ops/sec, INSERT throughput 0.00 ops/sec, READ throughput 1022.85 ops/sec, SCAN throughput 0.00 ops/sec, READ_MODIFY_WRITE throughput 0.00 ops/sec, total throughput 1083.85 ops/sec
Zipfian (epoch 60, progress 0.24%): UPDATE throughput 61.99 ops/sec, INSERT throughput 0.00 ops/sec, READ throughput 1082.84 ops/sec, SCAN throughput 0.00 ops/sec, READ_MODIFY_WRITE throughput 0.00 ops/sec, total throughput 1144.83 ops/sec
Zipfian (epoch 61, progress 0.25%): UPDATE throughput 46.99 ops/sec, INSERT throughput 0.00 ops/sec, READ throughput 1120.84 ops/sec, SCAN throughput 0.00 ops/sec, READ_MODIFY_WRITE throughput 0.00 ops/sec, total throughput 1167.83 ops/sec
Zipfian (epoch 62, progress 0.25%): UPDATE throughput 53.99 ops/sec, INSERT throughput 0.00 ops/sec, READ throughput 1174.82 ops/sec, SCAN throughput 0.00 ops/sec, READ_MODIFY_WRITE throughput 0.00 ops/sec, total throughput 1228.82 ops/sec
Zipfian (epoch 63, progress 0.25%): UPDATE throughput 47.99 ops/sec, INSERT throughput 0.00 ops/sec, READ throughput 968.85 ops/sec, SCAN throughput 0.00 ops/sec, READ_MODIFY_WRITE throughput 0.00 ops/sec, total throughput 1016.85 ops/sec
Zipfian (epoch 64, progress 0.25%): UPDATE throughput 53.99 ops/sec, INSERT throughput 0.00 ops/sec, READ throughput 1113.84 ops/sec, SCAN throughput 0.00 ops/sec, READ_MODIFY_WRITE throughput 0.00 ops/sec, total throughput 1167.83 ops/sec
Zipfian (epoch 65, progress 0.26%): UPDATE throughput 62.99 ops/sec, INSERT throughput 0.00 ops/sec, READ throughput 1240.82 ops/sec, SCAN throughput 0.00 ops/sec, READ_MODIFY_WRITE throughput 0.00 ops/sec, total throughput 1303.81 ops/sec
Zipfian (epoch 66, progress 0.26%): UPDATE throughput 61.99 ops/sec, INSERT throughput 0.00 ops/sec, READ throughput 1100.84 ops/sec, SCAN throughput 0.00 ops/sec, READ_MODIFY_WRITE throughput 0.00 ops/sec, total throughput 1162.83 ops/sec
Zipfian (epoch 67, progress 0.26%): UPDATE throughput 51.99 ops/sec, INSERT throughput 0.00 ops/sec, READ throughput 1149.83 ops/sec, SCAN throughput 0.00 ops/sec, READ_MODIFY_WRITE throughput 0.00 ops/sec, total throughput 1201.83 ops/sec
Zipfian (epoch 68, progress 0.27%): UPDATE throughput 66.99 ops/sec, INSERT throughput 0.00 ops/sec, READ throughput 1115.83 ops/sec, SCAN throughput 0.00 ops/sec, READ_MODIFY_WRITE throughput 0.00 ops/sec, total throughput 1182.82 ops/sec
Zipfian (epoch 69, progress 0.27%): UPDATE throughput 63.99 ops/sec, INSERT throughput 0.00 ops/sec, READ throughput 1149.82 ops/sec, SCAN throughput 0.00 ops/sec, READ_MODIFY_WRITE throughput 0.00 ops/sec, total throughput 1213.81 ops/sec
Zipfian (epoch 70, progress 0.27%): UPDATE throughput 45.99 ops/sec, INSERT throughput 0.00 ops/sec, READ throughput 1073.82 ops/sec, SCAN throughput 0.00 ops/sec, READ_MODIFY_WRITE throughput 0.00 ops/sec, total throughput 1119.81 ops/sec
Zipfian (epoch 71, progress 0.27%): UPDATE throughput 71.99 ops/sec, INSERT throughput 0.00 ops/sec, READ throughput 1218.82 ops/sec, SCAN throughput 0.00 ops/sec, READ_MODIFY_WRITE throughput 0.00 ops/sec, total throughput 1290.81 ops/sec
Zipfian (epoch 72, progress 0.28%): UPDATE throughput 70.99 ops/sec, INSERT throughput 0.00 ops/sec, READ throughput 1398.79 ops/sec, SCAN throughput 0.00 ops/sec, READ_MODIFY_WRITE throughput 0.00 ops/sec, total throughput 1469.78 ops/sec
Zipfian (epoch 73, progress 0.28%): UPDATE throughput 64.99 ops/sec, INSERT throughput 0.00 ops/sec, READ throughput 1133.83 ops/sec, SCAN throughput 0.00 ops/sec, READ_MODIFY_WRITE throughput 0.00 ops/sec, total throughput 1198.82 ops/sec
Zipfian (epoch 74, progress 0.28%): UPDATE throughput 51.99 ops/sec, INSERT throughput 0.00 ops/sec, READ throughput 1040.85 ops/sec, SCAN throughput 0.00 ops/sec, READ_MODIFY_WRITE throughput 0.00 ops/sec, total throughput 1092.84 ops/sec
Zipfian (epoch 75, progress 0.29%): UPDATE throughput 59.99 ops/sec, INSERT throughput 0.00 ops/sec, READ throughput 1194.82 ops/sec, SCAN throughput 0.00 ops/sec, READ_MODIFY_WRITE throughput 0.00 ops/sec, total throughput 1254.82 ops/sec
Zipfian (epoch 76, progress 0.29%): UPDATE throughput 54.99 ops/sec, INSERT throughput 0.00 ops/sec, READ throughput 1110.84 ops/sec, SCAN throughput 0.00 ops/sec, READ_MODIFY_WRITE throughput 0.00 ops/sec, total throughput 1165.83 ops/sec
Zipfian (epoch 77, progress 0.29%): UPDATE throughput 52.99 ops/sec, INSERT throughput 0.00 ops/sec, READ throughput 1222.82 ops/sec, SCAN throughput 0.00 ops/sec, READ_MODIFY_WRITE throughput 0.00 ops/sec, total throughput 1275.81 ops/sec
Zipfian (epoch 78, progress 0.30%): UPDATE throughput 61.99 ops/sec, INSERT throughput 0.00 ops/sec, READ throughput 1351.77 ops/sec, SCAN throughput 0.00 ops/sec, READ_MODIFY_WRITE throughput 0.00 ops/sec, total throughput 1413.76 ops/sec
Zipfian (epoch 79, progress 0.30%): UPDATE throughput 53.99 ops/sec, INSERT throughput 0.00 ops/sec, READ throughput 1106.84 ops/sec, SCAN throughput 0.00 ops/sec, READ_MODIFY_WRITE throughput 0.00 ops/sec, total throughput 1160.83 ops/sec
Zipfian (epoch 80, progress 0.30%): UPDATE throughput 77.99 ops/sec, INSERT throughput 0.00 ops/sec, READ throughput 1197.82 ops/sec, SCAN throughput 0.00 ops/sec, READ_MODIFY_WRITE throughput 0.00 ops/sec, total throughput 1275.81 ops/sec
Zipfian (epoch 81, progress 0.30%): UPDATE throughput 19.00 ops/sec, INSERT throughput 0.00 ops/sec, READ throughput 656.90 ops/sec, SCAN throughput 0.00 ops/sec, READ_MODIFY_WRITE throughput 0.00 ops/sec, total throughput 675.90 ops/sec
Zipfian (epoch 82, progress 0.31%): UPDATE throughput 12.00 ops/sec, INSERT throughput 0.00 ops/sec, READ throughput 131.98 ops/sec, SCAN throughput 0.00 ops/sec, READ_MODIFY_WRITE throughput 0.00 ops/sec, total throughput 143.98 ops/sec
Zipfian (epoch 83, progress 0.31%): UPDATE throughput 46.99 ops/sec, INSERT throughput 0.00 ops/sec, READ throughput 882.87 ops/sec, SCAN throughput 0.00 ops/sec, READ_MODIFY_WRITE throughput 0.00 ops/sec, total throughput 929.86 ops/sec
Zipfian (epoch 84, progress 0.31%): UPDATE throughput 47.99 ops/sec, INSERT throughput 0.00 ops/sec, READ throughput 909.86 ops/sec, SCAN throughput 0.00 ops/sec, READ_MODIFY_WRITE throughput 0.00 ops/sec, total throughput 957.86 ops/sec
Zipfian (epoch 85, progress 0.31%): UPDATE throughput 54.99 ops/sec, INSERT throughput 0.00 ops/sec, READ throughput 1085.84 ops/sec, SCAN throughput 0.00 ops/sec, READ_MODIFY_WRITE throughput 0.00 ops/sec, total throughput 1140.83 ops/sec
Zipfian (epoch 86, progress 0.32%): UPDATE throughput 54.99 ops/sec, INSERT throughput 0.00 ops/sec, READ throughput 1135.83 ops/sec, SCAN throughput 0.00 ops/sec, READ_MODIFY_WRITE throughput 0.00 ops/sec, total throughput 1190.82 ops/sec
Zipfian (epoch 87, progress 0.32%): UPDATE throughput 58.99 ops/sec, INSERT throughput 0.00 ops/sec, READ throughput 1089.84 ops/sec, SCAN throughput 0.00 ops/sec, READ_MODIFY_WRITE throughput 0.00 ops/sec, total throughput 1148.83 ops/sec
Zipfian (epoch 88, progress 0.32%): UPDATE throughput 35.99 ops/sec, INSERT throughput 0.00 ops/sec, READ throughput 1058.84 ops/sec, SCAN throughput 0.00 ops/sec, READ_MODIFY_WRITE throughput 0.00 ops/sec, total throughput 1094.83 ops/sec
Zipfian (epoch 89, progress 0.32%): UPDATE throughput 55.99 ops/sec, INSERT throughput 0.00 ops/sec, READ throughput 1207.82 ops/sec, SCAN throughput 0.00 ops/sec, READ_MODIFY_WRITE throughput 0.00 ops/sec, total throughput 1263.81 ops/sec
Zipfian (epoch 90, progress 0.33%): UPDATE throughput 52.99 ops/sec, INSERT throughput 0.00 ops/sec, READ throughput 1265.81 ops/sec, SCAN throughput 0.00 ops/sec, READ_MODIFY_WRITE throughput 0.00 ops/sec, total throughput 1318.80 ops/sec
Zipfian (epoch 91, progress 0.33%): UPDATE throughput 54.99 ops/sec, INSERT throughput 0.00 ops/sec, READ throughput 1187.83 ops/sec, SCAN throughput 0.00 ops/sec, READ_MODIFY_WRITE throughput 0.00 ops/sec, total throughput 1242.82 ops/sec
Zipfian (epoch 92, progress 0.33%): UPDATE throughput 60.99 ops/sec, INSERT throughput 0.00 ops/sec, READ throughput 1116.83 ops/sec, SCAN throughput 0.00 ops/sec, READ_MODIFY_WRITE throughput 0.00 ops/sec, total throughput 1177.82 ops/sec
Zipfian (epoch 93, progress 0.34%): UPDATE throughput 50.99 ops/sec, INSERT throughput 0.00 ops/sec, READ throughput 1200.82 ops/sec, SCAN throughput 0.00 ops/sec, READ_MODIFY_WRITE throughput 0.00 ops/sec, total throughput 1251.81 ops/sec
Zipfian (epoch 94, progress 0.34%): UPDATE throughput 56.99 ops/sec, INSERT throughput 0.00 ops/sec, READ throughput 1132.83 ops/sec, SCAN throughput 0.00 ops/sec, READ_MODIFY_WRITE throughput 0.00 ops/sec, total throughput 1189.82 ops/sec
Zipfian (epoch 95, progress 0.34%): UPDATE throughput 44.99 ops/sec, INSERT throughput 0.00 ops/sec, READ throughput 1144.83 ops/sec, SCAN throughput 0.00 ops/sec, READ_MODIFY_WRITE throughput 0.00 ops/sec, total throughput 1189.83 ops/sec
Zipfian (epoch 96, progress 0.35%): UPDATE throughput 54.99 ops/sec, INSERT throughput 0.00 ops/sec, READ throughput 1046.84 ops/sec, SCAN throughput 0.00 ops/sec, READ_MODIFY_WRITE throughput 0.00 ops/sec, total throughput 1101.83 ops/sec
Zipfian (epoch 97, progress 0.35%): UPDATE throughput 42.99 ops/sec, INSERT throughput 0.00 ops/sec, READ throughput 1029.85 ops/sec, SCAN throughput 0.00 ops/sec, READ_MODIFY_WRITE throughput 0.00 ops/sec, total throughput 1072.84 ops/sec
Zipfian (epoch 98, progress 0.35%): UPDATE throughput 58.99 ops/sec, INSERT throughput 0.00 ops/sec, READ throughput 1159.83 ops/sec, SCAN throughput 0.00 ops/sec, READ_MODIFY_WRITE throughput 0.00 ops/sec, total throughput 1218.82 ops/sec
Zipfian (epoch 99, progress 0.35%): UPDATE throughput 68.99 ops/sec, INSERT throughput 0.00 ops/sec, READ throughput 1115.83 ops/sec, SCAN throughput 0.00 ops/sec, READ_MODIFY_WRITE throughput 0.00 ops/sec, total throughput 1184.82 ops/sec
Zipfian (epoch 100, progress 0.36%): UPDATE throughput 59.99 ops/sec, INSERT throughput 0.00 ops/sec, READ throughput 1069.84 ops/sec, SCAN throughput 0.00 ops/sec, READ_MODIFY_WRITE throughput 0.00 ops/sec, total throughput 1129.83 ops/sec
Zipfian (epoch 101, progress 0.36%): UPDATE throughput 46.99 ops/sec, INSERT throughput 0.00 ops/sec, READ throughput 993.84 ops/sec, SCAN throughput 0.00 ops/sec, READ_MODIFY_WRITE throughput 0.00 ops/sec, total throughput 1040.83 ops/sec
Zipfian (epoch 102, progress 0.36%): UPDATE throughput 47.99 ops/sec, INSERT throughput 0.00 ops/sec, READ throughput 906.85 ops/sec, SCAN throughput 0.00 ops/sec, READ_MODIFY_WRITE throughput 0.00 ops/sec, total throughput 954.84 ops/sec
Zipfian (epoch 103, progress 0.36%): UPDATE throughput 40.99 ops/sec, INSERT throughput 0.00 ops/sec, READ throughput 744.89 ops/sec, SCAN throughput 0.00 ops/sec, READ_MODIFY_WRITE throughput 0.00 ops/sec, total throughput 785.88 ops/sec
Zipfian (epoch 104, progress 0.37%): UPDATE throughput 58.99 ops/sec, INSERT throughput 0.00 ops/sec, READ throughput 981.86 ops/sec, SCAN throughput 0.00 ops/sec, READ_MODIFY_WRITE throughput 0.00 ops/sec, total throughput 1040.85 ops/sec
Zipfian (epoch 105, progress 0.37%): UPDATE throughput 40.99 ops/sec, INSERT throughput 0.00 ops/sec, READ throughput 1006.85 ops/sec, SCAN throughput 0.00 ops/sec, READ_MODIFY_WRITE throughput 0.00 ops/sec, total throughput 1047.85 ops/sec
Zipfian (epoch 106, progress 0.37%): UPDATE throughput 48.99 ops/sec, INSERT throughput 0.00 ops/sec, READ throughput 909.86 ops/sec, SCAN throughput 0.00 ops/sec, READ_MODIFY_WRITE throughput 0.00 ops/sec, total throughput 958.86 ops/sec
Zipfian (epoch 107, progress 0.37%): UPDATE throughput 52.99 ops/sec, INSERT throughput 0.00 ops/sec, READ throughput 1116.83 ops/sec, SCAN throughput 0.00 ops/sec, READ_MODIFY_WRITE throughput 0.00 ops/sec, total throughput 1169.82 ops/sec
Zipfian (epoch 108, progress 0.38%): UPDATE throughput 69.99 ops/sec, INSERT throughput 0.00 ops/sec, READ throughput 1107.84 ops/sec, SCAN throughput 0.00 ops/sec, READ_MODIFY_WRITE throughput 0.00 ops/sec, total throughput 1177.83 ops/sec
Zipfian (epoch 109, progress 0.38%): UPDATE throughput 67.99 ops/sec, INSERT throughput 0.00 ops/sec, READ throughput 1053.84 ops/sec, SCAN throughput 0.00 ops/sec, READ_MODIFY_WRITE throughput 0.00 ops/sec, total throughput 1121.83 ops/sec
Zipfian (epoch 110, progress 0.38%): UPDATE throughput 61.99 ops/sec, INSERT throughput 0.00 ops/sec, READ throughput 1235.81 ops/sec, SCAN throughput 0.00 ops/sec, READ_MODIFY_WRITE throughput 0.00 ops/sec, total throughput 1297.80 ops/sec
Zipfian (epoch 111, progress 0.39%): UPDATE throughput 63.99 ops/sec, INSERT throughput 0.00 ops/sec, READ throughput 1181.82 ops/sec, SCAN throughput 0.00 ops/sec, READ_MODIFY_WRITE throughput 0.00 ops/sec, total throughput 1245.81 ops/sec
Zipfian (epoch 112, progress 0.39%): UPDATE throughput 71.99 ops/sec, INSERT throughput 0.00 ops/sec, READ throughput 1317.81 ops/sec, SCAN throughput 0.00 ops/sec, READ_MODIFY_WRITE throughput 0.00 ops/sec, total throughput 1389.80 ops/sec
Zipfian (epoch 113, progress 0.39%): UPDATE throughput 51.99 ops/sec, INSERT throughput 0.00 ops/sec, READ throughput 1061.84 ops/sec, SCAN throughput 0.00 ops/sec, READ_MODIFY_WRITE throughput 0.00 ops/sec, total throughput 1113.84 ops/sec
Zipfian (epoch 114, progress 0.40%): UPDATE throughput 40.99 ops/sec, INSERT throughput 0.00 ops/sec, READ throughput 1126.83 ops/sec, SCAN throughput 0.00 ops/sec, READ_MODIFY_WRITE throughput 0.00 ops/sec, total throughput 1167.82 ops/sec
Zipfian (epoch 115, progress 0.40%): UPDATE throughput 67.99 ops/sec, INSERT throughput 0.00 ops/sec, READ throughput 1277.81 ops/sec, SCAN throughput 0.00 ops/sec, READ_MODIFY_WRITE throughput 0.00 ops/sec, total throughput 1345.80 ops/sec
Zipfian (epoch 116, progress 0.40%): UPDATE throughput 57.99 ops/sec, INSERT throughput 0.00 ops/sec, READ throughput 987.85 ops/sec, SCAN throughput 0.00 ops/sec, READ_MODIFY_WRITE throughput 0.00 ops/sec, total throughput 1045.84 ops/sec
Zipfian (epoch 117, progress 0.40%): UPDATE throughput 56.99 ops/sec, INSERT throughput 0.00 ops/sec, READ throughput 1038.85 ops/sec, SCAN throughput 0.00 ops/sec, READ_MODIFY_WRITE throughput 0.00 ops/sec, total throughput 1095.84 ops/sec
Zipfian (epoch 118, progress 0.41%): UPDATE throughput 40.99 ops/sec, INSERT throughput 0.00 ops/sec, READ throughput 1146.83 ops/sec, SCAN throughput 0.00 ops/sec, READ_MODIFY_WRITE throughput 0.00 ops/sec, total throughput 1187.82 ops/sec
Zipfian (epoch 119, progress 0.41%): UPDATE throughput 50.99 ops/sec, INSERT throughput 0.00 ops/sec, READ throughput 1077.84 ops/sec, SCAN throughput 0.00 ops/sec, READ_MODIFY_WRITE throughput 0.00 ops/sec, total throughput 1128.83 ops/sec
Zipfian (epoch 120, progress 0.41%): UPDATE throughput 43.99 ops/sec, INSERT throughput 0.00 ops/sec, READ throughput 994.85 ops/sec, SCAN throughput 0.00 ops/sec, READ_MODIFY_WRITE throughput 0.00 ops/sec, total throughput 1038.85 ops/sec
time's up!
Zipfian: calculating overall performance metrics... (might take a while)
Zipfian overall: UPDATE throughput 67.91 ops/sec, INSERT throughput 0.00 ops/sec, READ throughput 1308.58 ops/sec, SCAN throughput 0.00 ops/sec, READ_MODIFY_WRITE throughput 0.00 ops/sec, total throughput 1376.49 ops/sec
Zipfian overall: UPDATE average latency 1395702.88 ns, UPDATE p99 latency 1390712.56 ns, INSERT average latency 0.00 ns, INSERT p99 latency 0.00 ns, READ average latency 2975891.95 ns, READ p99 latency 44997740.55 ns, SCAN average latency 0.00 ns, SCAN p99 latency 0.00 ns, READ_MODIFY_WRITE average latency 0.00 ns, READ_MODIFY_WRITE p99 latency 0.00 ns

--- wan_writer ---
ZipfianWorkload: start initializing zipfian variables, might take a while
Zipfian (Warm-Up) (epoch 0, progress 0.00%): UPDATE throughput 0.00 ops/sec, INSERT throughput 0.00 ops/sec, READ throughput 0.00 ops/sec, SCAN throughput 0.00 ops/sec, READ_MODIFY_WRITE throughput 0.00 ops/sec, total throughput 0.00 ops/sec
Zipfian (Warm-Up) (epoch 1, progress 0.00%): UPDATE throughput 0.00 ops/sec, INSERT throughput 0.00 ops/sec, READ throughput 386.94 ops/sec, SCAN throughput 0.00 ops/sec, READ_MODIFY_WRITE throughput 419.94 ops/sec, total throughput 806.88 ops/sec
Zipfian (Warm-Up) (epoch 2, progress 0.00%): UPDATE throughput 0.00 ops/sec, INSERT throughput 0.00 ops/sec, READ throughput 421.94 ops/sec, SCAN throughput 0.00 ops/sec, READ_MODIFY_WRITE throughput 438.93 ops/sec, total throughput 860.87 ops/sec
Zipfian (Warm-Up) (epoch 3, progress 0.01%): UPDATE throughput 0.00 ops/sec, INSERT throughput 0.00 ops/sec, READ throughput 469.93 ops/sec, SCAN throughput 0.00 ops/sec, READ_MODIFY_WRITE throughput 467.93 ops/sec, total throughput 937.86 ops/sec
Zipfian (Warm-Up) (epoch 4, progress 0.01%): UPDATE throughput 0.00 ops/sec, INSERT throughput 0.00 ops/sec, READ throughput 484.93 ops/sec, SCAN throughput 0.00 ops/sec, READ_MODIFY_WRITE throughput 451.93 ops/sec, total throughput 936.86 ops/sec
Zipfian (Warm-Up) (epoch 5, progress 0.01%): UPDATE throughput 0.00 ops/sec, INSERT throughput 0.00 ops/sec, READ throughput 538.92 ops/sec, SCAN throughput 0.00 ops/sec, READ_MODIFY_WRITE throughput 600.91 ops/sec, total throughput 1139.83 ops/sec
Zipfian (Warm-Up) (epoch 6, progress 0.01%): UPDATE throughput 0.00 ops/sec, INSERT throughput 0.00 ops/sec, READ throughput 475.93 ops/sec, SCAN throughput 0.00 ops/sec, READ_MODIFY_WRITE throughput 470.93 ops/sec, total throughput 946.86 ops/sec
Zipfian (Warm-Up) (epoch 7, progress 0.02%): UPDATE throughput 0.00 ops/sec, INSERT throughput 0.00 ops/sec, READ throughput 497.92 ops/sec, SCAN throughput 0.00 ops/sec, READ_MODIFY_WRITE throughput 493.92 ops/sec, total throughput 991.85 ops/sec
Zipfian (Warm-Up) (epoch 8, progress 0.02%): UPDATE throughput 0.00 ops/sec, INSERT throughput 0.00 ops/sec, READ throughput 518.92 ops/sec, SCAN throughput 0.00 ops/sec, READ_MODIFY_WRITE throughput 484.93 ops/sec, total throughput 1003.85 ops/sec
Zipfian (Warm-Up) (epoch 9, progress 0.02%): UPDATE throughput 0.00 ops/sec, INSERT throughput 0.00 ops/sec, READ throughput 509.92 ops/sec, SCAN throughput 0.00 ops/sec, READ_MODIFY_WRITE throughput 510.92 ops/sec, total throughput 1020.84 ops/sec
Zipfian (Warm-Up) (epoch 10, progress 0.02%): UPDATE throughput 0.00 ops/sec, INSERT throughput 0.00 ops/sec, READ throughput 525.92 ops/sec, SCAN throughput 0.00 ops/sec, READ_MODIFY_WRITE throughput 507.93 ops/sec, total throughput 1033.85 ops/sec
Zipfian (Warm-Up) (epoch 11, progress 0.03%): UPDATE throughput 0.00 ops/sec, INSERT throughput 0.00 ops/sec, READ throughput 626.90 ops/sec, SCAN throughput 0.00 ops/sec, READ_MODIFY_WRITE throughput 591.91 ops/sec, total throughput 1218.81 ops/sec
Zipfian (Warm-Up) (epoch 12, progress 0.03%): UPDATE throughput 0.00 ops/sec, INSERT throughput 0.00 ops/sec, READ throughput 609.91 ops/sec, SCAN throughput 0.00 ops/sec, READ_MODIFY_WRITE throughput 627.91 ops/sec, total throughput 1237.82 ops/sec
Zipfian (Warm-Up) (epoch 13, progress 0.03%): UPDATE throughput 0.00 ops/sec, INSERT throughput 0.00 ops/sec, READ throughput 687.90 ops/sec, SCAN throughput 0.00 ops/sec, READ_MODIFY_WRITE throughput 586.91 ops/sec, total throughput 1274.81 ops/sec
Zipfian (Warm-Up) (epoch 14, progress 0.04%): UPDATE throughput 0.00 ops/sec, INSERT throughput 0.00 ops/sec, READ throughput 604.91 ops/sec, SCAN throughput 0.00 ops/sec, READ_MODIFY_WRITE throughput 551.92 ops/sec, total throughput 1156.83 ops/sec
Zipfian (Warm-Up) (epoch 15, progress 0.04%): UPDATE throughput 0.00 ops/sec, INSERT throughput 0.00 ops/sec, READ throughput 666.90 ops/sec, SCAN throughput 0.00 ops/sec, READ_MODIFY_WRITE throughput 602.91 ops/sec, total throughput 1269.81 ops/sec
Zipfian (Warm-Up) (epoch 16, progress 0.04%): UPDATE throughput 0.00 ops/sec, INSERT throughput 0.00 ops/sec, READ throughput 667.90 ops/sec, SCAN throughput 0.00 ops/sec, READ_MODIFY_WRITE throughput 634.91 ops/sec, total throughput 1302.81 ops/sec
Zipfian (Warm-Up) (epoch 17, progress 0.05%): UPDATE throughput 0.00 ops/sec, INSERT throughput 0.00 ops/sec, READ throughput 807.88 ops/sec, SCAN throughput 0.00 ops/sec, READ_MODIFY_WRITE throughput 854.87 ops/sec, total throughput 1662.75 ops/sec
Zipfian (Warm-Up) (epoch 18, progress 0.05%): UPDATE throughput 0.00 ops/sec, INSERT throughput 0.00 ops/sec, READ throughput 684.90 ops/sec, SCAN throughput 0.00 ops/sec, READ_MODIFY_WRITE throughput 707.90 ops/sec, total throughput 1392.80 ops/sec
Zipfian (Warm-Up) (epoch 19, progress 0.05%): UPDATE throughput 0.00 ops/sec, INSERT throughput 0.00 ops/sec, READ throughput 767.88 ops/sec, SCAN throughput 0.00 ops/sec, READ_MODIFY_WRITE throughput 742.89 ops/sec, total throughput 1510.77 ops/sec
Zipfian (Warm-Up) (epoch 20, progress 0.06%): UPDATE throughput 0.00 ops/sec, INSERT throughput 0.00 ops/sec, READ throughput 828.88 ops/sec, SCAN throughput 0.00 ops/sec, READ_MODIFY_WRITE throughput 809.88 ops/sec, total throughput 1638.76 ops/sec
Zipfian (Warm-Up) (epoch 21, progress 0.06%): UPDATE throughput 0.00 ops/sec, INSERT throughput 0.00 ops/sec, READ throughput 890.87 ops/sec, SCAN throughput 0.00 ops/sec, READ_MODIFY_WRITE throughput 925.86 ops/sec, total throughput 1816.73 ops/sec
Zipfian (Warm-Up) (epoch 22, progress 0.07%): UPDATE throughput 0.00 ops/sec, INSERT throughput 0.00 ops/sec, READ throughput 836.88 ops/sec, SCAN throughput 0.00 ops/sec, READ_MODIFY_WRITE throughput 815.88 ops/sec, total throughput 1652.75 ops/sec
Zipfian (Warm-Up) (epoch 23, progress 0.07%): UPDATE throughput 0.00 ops/sec, INSERT throughput 0.00 ops/sec, READ throughput 949.86 ops/sec, SCAN throughput 0.00 ops/sec, READ_MODIFY_WRITE throughput 990.85 ops/sec, total throughput 1940.71 ops/sec
Zipfian (Warm-Up) (epoch 24, progress 0.08%): UPDATE throughput 0.00 ops/sec, INSERT throughput 0.00 ops/sec, READ throughput 892.87 ops/sec, SCAN throughput 0.00 ops/sec, READ_MODIFY_WRITE throughput 907.87 ops/sec, total throughput 1800.73 ops/sec
Zipfian (Warm-Up) (epoch 25, progress 0.08%): UPDATE throughput 0.00 ops/sec, INSERT throughput 0.00 ops/sec, READ throughput 728.89 ops/sec, SCAN throughput 0.00 ops/sec, READ_MODIFY_WRITE throughput 765.88 ops/sec, total throughput 1494.77 ops/sec
Zipfian (Warm-Up) (epoch 26, progress 0.08%): UPDATE throughput 0.00 ops/sec, INSERT throughput 0.00 ops/sec, READ throughput 971.86 ops/sec, SCAN throughput 0.00 ops/sec, READ_MODIFY_WRITE throughput 969.86 ops/sec, total throughput 1941.71 ops/sec
Zipfian (Warm-Up) (epoch 27, progress 0.09%): UPDATE throughput 0.00 ops/sec, INSERT throughput 0.00 ops/sec, READ throughput 871.87 ops/sec, SCAN throughput 0.00 ops/sec, READ_MODIFY_WRITE throughput 858.87 ops/sec, total throughput 1730.74 ops/sec
Zipfian (Warm-Up) (epoch 28, progress 0.09%): UPDATE throughput 0.00 ops/sec, INSERT throughput 0.00 ops/sec, READ throughput 1075.84 ops/sec, SCAN throughput 0.00 ops/sec, READ_MODIFY_WRITE throughput 1009.85 ops/sec, total throughput 2085.69 ops/sec
Zipfian (Warm-Up) (epoch 29, progress 0.10%): UPDATE throughput 0.00 ops/sec, INSERT throughput 0.00 ops/sec, READ throughput 1022.84 ops/sec, SCAN throughput 0.00 ops/sec, READ_MODIFY_WRITE throughput 1115.83 ops/sec, total throughput 2138.67 ops/sec
Zipfian (Warm-Up) (epoch 30, progress 0.11%): UPDATE throughput 0.00 ops/sec, INSERT throughput 0.00 ops/sec, READ throughput 1130.83 ops/sec, SCAN throughput 0.00 ops/sec, READ_MODIFY_WRITE throughput 1105.84 ops/sec, total throughput 2236.67 ops/sec
time's up!
Zipfian (Warm-Up): calculating overall performance metrics... (might take a while)
Zipfian (Warm-Up) overall: UPDATE throughput 0.00 ops/sec, INSERT throughput 0.00 ops/sec, READ throughput 705.27 ops/sec, SCAN throughput 0.00 ops/sec, READ_MODIFY_WRITE throughput 700.87 ops/sec, total throughput 1406.15 ops/sec
Zipfian (Warm-Up) overall: UPDATE average latency 0.00 ns, UPDATE p99 latency 0.00 ns, INSERT average latency 0.00 ns, INSERT p99 latency 0.00 ns, READ average latency 4988515.97 ns, READ p99 latency 53220944.59 ns, SCAN average latency 0.00 ns, SCAN p99 latency 0.00 ns, READ_MODIFY_WRITE average latency 656448.65 ns, READ_MODIFY_WRITE p99 latency 17437029.58 ns
ZipfianWorkload: start initializing zipfian variables, might take a while
Zipfian (epoch 0, progress 0.00%): UPDATE throughput 0.00 ops/sec, INSERT throughput 0.00 ops/sec, READ throughput 0.00 ops/sec, SCAN throughput 0.00 ops/sec, READ_MODIFY_WRITE throughput 0.00 ops/sec, total throughput 0.00 ops/sec
Zipfian (epoch 1, progress 0.06%): UPDATE throughput 0.00 ops/sec, INSERT throughput 0.00 ops/sec, READ throughput 11842.29 ops/sec, SCAN throughput 0.00 ops/sec, READ_MODIFY_WRITE throughput 11650.32 ops/sec, total throughput 23492.62 ops/sec
Zipfian (epoch 2, progress 0.10%): UPDATE throughput 0.00 ops/sec, INSERT throughput 0.00 ops/sec, READ throughput 7751.96 ops/sec, SCAN throughput 0.00 ops/sec, READ_MODIFY_WRITE throughput 7774.96 ops/sec, total throughput 15526.92 ops/sec
Zipfian (epoch 3, progress 0.11%): UPDATE throughput 0.00 ops/sec, INSERT throughput 0.00 ops/sec, READ throughput 2336.67 ops/sec, SCAN throughput 0.00 ops/sec, READ_MODIFY_WRITE throughput 2375.66 ops/sec, total throughput 4712.33 ops/sec
Zipfian (epoch 4, progress 0.11%): UPDATE throughput 0.00 ops/sec, INSERT throughput 0.00 ops/sec, READ throughput 1079.85 ops/sec, SCAN throughput 0.00 ops/sec, READ_MODIFY_WRITE throughput 1059.85 ops/sec, total throughput 2139.69 ops/sec
Zipfian (epoch 5, progress 0.12%): UPDATE throughput 0.00 ops/sec, INSERT throughput 0.00 ops/sec, READ throughput 981.86 ops/sec, SCAN throughput 0.00 ops/sec, READ_MODIFY_WRITE throughput 961.86 ops/sec, total throughput 1943.73 ops/sec
Zipfian (epoch 6, progress 0.12%): UPDATE throughput 0.00 ops/sec, INSERT throughput 0.00 ops/sec, READ throughput 1018.86 ops/sec, SCAN throughput 0.00 ops/sec, READ_MODIFY_WRITE throughput 903.87 ops/sec, total throughput 1922.73 ops/sec
Zipfian (epoch 7, progress 0.13%): UPDATE throughput 0.00 ops/sec, INSERT throughput 0.00 ops/sec, READ throughput 998.86 ops/sec, SCAN throughput 0.00 ops/sec, READ_MODIFY_WRITE throughput 960.87 ops/sec, total throughput 1959.73 ops/sec
Zipfian (epoch 8, progress 0.13%): UPDATE throughput 0.00 ops/sec, INSERT throughput 0.00 ops/sec, READ throughput 839.88 ops/sec, SCAN throughput 0.00 ops/sec, READ_MODIFY_WRITE throughput 858.88 ops/sec, total throughput 1698.77 ops/sec
Zipfian (epoch 9, progress 0.14%): UPDATE throughput 0.00 ops/sec, INSERT throughput 0.00 ops/sec, READ throughput 959.86 ops/sec, SCAN throughput 0.00 ops/sec, READ_MODIFY_WRITE throughput 1084.85 ops/sec, total throughput 2044.71 ops/sec
Zipfian (epoch 10, progress 0.14%): UPDATE throughput 0.00 ops/sec, INSERT throughput 0.00 ops/sec, READ throughput 922.87 ops/sec, SCAN throughput 0.00 ops/sec, READ_MODIFY_WRITE throughput 939.87 ops/sec, total throughput 1862.74 ops/sec
Zipfian (epoch 11, progress 0.15%): UPDATE throughput 0.00 ops/sec, INSERT throughput 0.00 ops/sec, READ throughput 929.87 ops/sec, SCAN throughput 0.00 ops/sec, READ_MODIFY_WRITE throughput 874.88 ops/sec, total throughput 1804.75 ops/sec
Zipfian (epoch 12, progress 0.15%): UPDATE throughput 0.00 ops/sec, INSERT throughput 0.00 ops/sec, READ throughput 743.90 ops/sec, SCAN throughput 0.00 ops/sec, READ_MODIFY_WRITE throughput 779.89 ops/sec, total throughput 1523.79 ops/sec
Zipfian (epoch 13, progress 0.16%): UPDATE throughput 0.00 ops/sec, INSERT throughput 0.00 ops/sec, READ throughput 724.90 ops/sec, SCAN throughput 0.00 ops/sec, READ_MODIFY_WRITE throughput 727.90 ops/sec, total throughput 1452.80 ops/sec
Zipfian (epoch 14, progress 0.16%): UPDATE throughput 0.00 ops/sec, INSERT throughput 0.00 ops/sec, READ throughput 685.90 ops/sec, SCAN throughput 0.00 ops/sec, READ_MODIFY_WRITE throughput 687.90 ops/sec, total throughput 1373.81 ops/sec
Zipfian (epoch 15, progress 0.16%): UPDATE throughput 0.00 ops/sec, INSERT throughput 0.00 ops/sec, READ throughput 670.91 ops/sec, SCAN throughput 0.00 ops/sec, READ_MODIFY_WRITE throughput 661.91 ops/sec, total throughput 1332.81 ops/sec
Zipfian (epoch 16, progress 0.17%): UPDATE throughput 0.00 ops/sec, INSERT throughput 0.00 ops/sec, READ throughput 741.90 ops/sec, SCAN throughput 0.00 ops/sec, READ_MODIFY_WRITE throughput 761.89 ops/sec, total throughput 1503.79 ops/sec
Zipfian (epoch 17, progress 0.17%): UPDATE throughput 0.00 ops/sec, INSERT throughput 0.00 ops/sec, READ throughput 840.88 ops/sec, SCAN throughput 0.00 ops/sec, READ_MODIFY_WRITE throughput 889.88 ops/sec, total throughput 1730.76 ops/sec
Zipfian (epoch 18, progress 0.17%): UPDATE throughput 0.00 ops/sec, INSERT throughput 0.00 ops/sec, READ throughput 840.88 ops/sec, SCAN throughput 0.00 ops/sec, READ_MODIFY_WRITE throughput 803.89 ops/sec, total throughput 1644.77 ops/sec
Zipfian (epoch 19, progress 0.18%): UPDATE throughput 0.00 ops/sec, INSERT throughput 0.00 ops/sec, READ throughput 778.89 ops/sec, SCAN throughput 0.00 ops/sec, READ_MODIFY_WRITE throughput 715.90 ops/sec, total throughput 1494.80 ops/sec
Zipfian (epoch 20, progress 0.18%): UPDATE throughput 0.00 ops/sec, INSERT throughput 0.00 ops/sec, READ throughput 696.90 ops/sec, SCAN throughput 0.00 ops/sec, READ_MODIFY_WRITE throughput 754.90 ops/sec, total throughput 1451.80 ops/sec
Zipfian (epoch 21, progress 0.19%): UPDATE throughput 0.00 ops/sec, INSERT throughput 0.00 ops/sec, READ throughput 787.89 ops/sec, SCAN throughput 0.00 ops/sec, READ_MODIFY_WRITE throughput 704.90 ops/sec, total throughput 1492.79 ops/sec
Zipfian (epoch 22, progress 0.19%): UPDATE throughput 0.00 ops/sec, INSERT throughput 0.00 ops/sec, READ throughput 793.89 ops/sec, SCAN throughput 0.00 ops/sec, READ_MODIFY_WRITE throughput 770.89 ops/sec, total throughput 1564.78 ops/sec
Zipfian (epoch 23, progress 0.19%): UPDATE throughput 0.00 ops/sec, INSERT throughput 0.00 ops/sec, READ throughput 714.90 ops/sec, SCAN throughput 0.00 ops/sec, READ_MODIFY_WRITE throughput 747.90 ops/sec, total throughput 1462.80 ops/sec
Zipfian (epoch 24, progress 0.20%): UPDATE throughput 0.00 ops/sec, INSERT throughput 0.00 ops/sec, READ throughput 724.90 ops/sec, SCAN throughput 0.00 ops/sec, READ_MODIFY_WRITE throughput 781.89 ops/sec, total throughput 1506.79 ops/sec
Zipfian (epoch 25, progress 0.20%): UPDATE throughput 0.00 ops/sec, INSERT throughput 0.00 ops/sec, READ throughput 706.90 ops/sec, SCAN throughput 0.00 ops/sec, READ_MODIFY_WRITE throughput 655.91 ops/sec, total throughput 1362.81 ops/sec
Zipfian (epoch 26, progress 0.20%): UPDATE throughput 0.00 ops/sec, INSERT throughput 0.00 ops/sec, READ throughput 729.90 ops/sec, SCAN throughput 0.00 ops/sec, READ_MODIFY_WRITE throughput 745.89 ops/sec, total throughput 1475.79 ops/sec
Zipfian (epoch 27, progress 0.21%): UPDATE throughput 0.00 ops/sec, INSERT throughput 0.00 ops/sec, READ throughput 757.90 ops/sec, SCAN throughput 0.00 ops/sec, READ_MODIFY_WRITE throughput 755.90 ops/sec, total throughput 1513.79 ops/sec
Zipfian (epoch 28, progress 0.21%): UPDATE throughput 0.00 ops/sec, INSERT throughput 0.00 ops/sec, READ throughput 691.90 ops/sec, SCAN throughput 0.00 ops/sec, READ_MODIFY_WRITE throughput 684.90 ops/sec, total throughput 1376.81 ops/sec
Zipfian (epoch 29, progress 0.21%): UPDATE throughput 0.00 ops/sec, INSERT throughput 0.00 ops/sec, READ throughput 743.90 ops/sec, SCAN throughput 0.00 ops/sec, READ_MODIFY_WRITE throughput 725.90 ops/sec, total throughput 1469.79 ops/sec
Zipfian (epoch 30, progress 0.22%): UPDATE throughput 0.00 ops/sec, INSERT throughput 0.00 ops/sec, READ throughput 557.92 ops/sec, SCAN throughput 0.00 ops/sec, READ_MODIFY_WRITE throughput 597.92 ops/sec, total throughput 1155.84 ops/sec
Zipfian (epoch 31, progress 0.22%): UPDATE throughput 0.00 ops/sec, INSERT throughput 0.00 ops/sec, READ throughput 631.89 ops/sec, SCAN throughput 0.00 ops/sec, READ_MODIFY_WRITE throughput 602.90 ops/sec, total throughput 1234.79 ops/sec
Zipfian (epoch 32, progress 0.22%): UPDATE throughput 0.00 ops/sec, INSERT throughput 0.00 ops/sec, READ throughput 591.89 ops/sec, SCAN throughput 0.00 ops/sec, READ_MODIFY_WRITE throughput 576.89 ops/sec, total throughput 1168.78 ops/sec
Zipfian (epoch 33, progress 0.23%): UPDATE throughput 0.00 ops/sec, INSERT throughput 0.00 ops/sec, READ throughput 518.93 ops/sec, SCAN throughput 0.00 ops/sec, READ_MODIFY_WRITE throughput 547.92 ops/sec, total throughput 1066.85 ops/sec
Zipfian (epoch 34, progress 0.23%): UPDATE throughput 0.00 ops/sec, INSERT throughput 0.00 ops/sec, READ throughput 526.93 ops/sec, SCAN throughput 0.00 ops/sec, READ_MODIFY_WRITE throughput 534.92 ops/sec, total throughput 1061.85 ops/sec
Zipfian (epoch 35, progress 0.23%): UPDATE throughput 0.00 ops/sec, INSERT throughput 0.00 ops/sec, READ throughput 437.94 ops/sec, SCAN throughput 0.00 ops/sec, READ_MODIFY_WRITE throughput 476.93 ops/sec, total throughput 914.87 ops/sec
Zipfian (epoch 36, progress 0.23%): UPDATE throughput 0.00 ops/sec, INSERT throughput 0.00 ops/sec, READ throughput 555.92 ops/sec, SCAN throughput 0.00 ops/sec, READ_MODIFY_WRITE throughput 606.92 ops/sec, total throughput 1162.84 ops/sec
Zipfian (epoch 37, progress 0.24%): UPDATE throughput 0.00 ops/sec, INSERT throughput 0.00 ops/sec, READ throughput 794.88 ops/sec, SCAN throughput 0.00 ops/sec, READ_MODIFY_WRITE throughput 784.88 ops/sec, total throughput 1579.75 ops/sec
Zipfian (epoch 38, progress 0.24%): UPDATE throughput 0.00 ops/sec, INSERT throughput 0.00 ops/sec, READ throughput 611.90 ops/sec, SCAN throughput 0.00 ops/sec, READ_MODIFY_WRITE throughput 612.90 ops/sec, total throughput 1224.81 ops/sec
Zipfian (epoch 39, progress 0.24%): UPDATE throughput 0.00 ops/sec, INSERT throughput 0.00 ops/sec, READ throughput 746.90 ops/sec, SCAN throughput 0.00 ops/sec, READ_MODIFY_WRITE throughput 756.90 ops/sec, total throughput 1503.80 ops/sec
Zipfian (epoch 40, progress 0.25%): UPDATE throughput 0.00 ops/sec, INSERT throughput 0.00 ops/sec, READ throughput 802.89 ops/sec, SCAN throughput 0.00 ops/sec, READ_MODIFY_WRITE throughput 821.89 ops/sec, total throughput 1624.77 ops/sec
Zipfian (epoch 41, progress 0.25%): UPDATE throughput 0.00 ops/sec, INSERT throughput 0.00 ops/sec, READ throughput 782.89 ops/sec, SCAN throughput 0.00 ops/sec, READ_MODIFY_WRITE throughput 798.89 ops/sec, total throughput 1581.78 ops/sec
Zipfian (epoch 42, progress 0.26%): UPDATE throughput 0.00 ops/sec, INSERT throughput 0.00 ops/sec, READ throughput 746.89 ops/sec, SCAN throughput 0.00 ops/sec, READ_MODIFY_WRITE throughput 744.89 ops/sec, total throughput 1491.79 ops/sec
Zipfian (epoch 43, progress 0.26%): UPDATE throughput 0.00 ops/sec, INSERT throughput 0.00 ops/sec, READ throughput 697.90 ops/sec, SCAN throughput 0.00 ops/sec, READ_MODIFY_WRITE throughput 677.91 ops/sec, total throughput 1375.81 ops/sec
Zipfian (epoch 44, progress 0.26%): UPDATE throughput 0.00 ops/sec, INSERT throughput 0.00 ops/sec, READ throughput 723.90 ops/sec, SCAN throughput 0.00 ops/sec, READ_MODIFY_WRITE throughput 705.90 ops/sec, total throughput 1429.80 ops/sec
Zipfian (epoch 45, progress 0.27%): UPDATE throughput 0.00 ops/sec, INSERT throughput 0.00 ops/sec, READ throughput 684.91 ops/sec, SCAN throughput 0.00 ops/sec, READ_MODIFY_WRITE throughput 694.90 ops/sec, total throughput 1379.81 ops/sec
Zipfian (epoch 46, progress 0.27%): UPDATE throughput 0.00 ops/sec, INSERT throughput 0.00 ops/sec, READ throughput 773.89 ops/sec, SCAN throughput 0.00 ops/sec, READ_MODIFY_WRITE throughput 724.90 ops/sec, total throughput 1498.79 ops/sec
Zipfian (epoch 47, progress 0.27%): UPDATE throughput 0.00 ops/sec, INSERT throughput 0.00 ops/sec, READ throughput 760.89 ops/sec, SCAN throughput 0.00 ops/sec, READ_MODIFY_WRITE throughput 737.90 ops/sec, total throughput 1498.79 ops/sec
Zipfian (epoch 48, progress 0.28%): UPDATE throughput 0.00 ops/sec, INSERT throughput 0.00 ops/sec, READ throughput 754.89 ops/sec, SCAN throughput 0.00 ops/sec, READ_MODIFY_WRITE throughput 804.89 ops/sec, total throughput 1559.78 ops/sec
Zipfian (epoch 49, progress 0.28%): UPDATE throughput 0.00 ops/sec, INSERT throughput 0.00 ops/sec, READ throughput 685.90 ops/sec, SCAN throughput 0.00 ops/sec, READ_MODIFY_WRITE throughput 691.90 ops/sec, total throughput 1377.80 ops/sec
Zipfian (epoch 50, progress 0.29%): UPDATE throughput 0.00 ops/sec, INSERT throughput 0.00 ops/sec, READ throughput 716.90 ops/sec, SCAN throughput 0.00 ops/sec, READ_MODIFY_WRITE throughput 758.89 ops/sec, total throughput 1475.79 ops/sec
Zipfian (epoch 51, progress 0.29%): UPDATE throughput 0.00 ops/sec, INSERT throughput 0.00 ops/sec, READ throughput 890.88 ops/sec, SCAN throughput 0.00 ops/sec, READ_MODIFY_WRITE throughput 838.88 ops/sec, total throughput 1729.76 ops/sec
Zipfian (epoch 52, progress 0.29%): UPDATE throughput 0.00 ops/sec, INSERT throughput 0.00 ops/sec, READ throughput 787.89 ops/sec, SCAN throughput 0.00 ops/sec, READ_MODIFY_WRITE throughput 780.89 ops/sec, total throughput 1568.78 ops/sec
Zipfian (epoch 53, progress 0.30%): UPDATE throughput 0.00 ops/sec, INSERT throughput 0.00 ops/sec, READ throughput 661.91 ops/sec, SCAN throughput 0.00 ops/sec, READ_MODIFY_WRITE throughput 723.90 ops/sec, total throughput 1385.81 ops/sec
Zipfian (epoch 54, progress 0.30%): UPDATE throughput 0.00 ops/sec, INSERT throughput 0.00 ops/sec, READ throughput 754.89 ops/sec, SCAN throughput 0.00 ops/sec, READ_MODIFY_WRITE throughput 714.90 ops/sec, total throughput 1469.79 ops/sec
Zipfian (epoch 55, progress 0.30%): UPDATE throughput 0.00 ops/sec, INSERT throughput 0.00 ops/sec, READ throughput 628.91 ops/sec, SCAN throughput 0.00 ops/sec, READ_MODIFY_WRITE throughput 635.91 ops/sec, total throughput 1264.83 ops/sec
Zipfian (epoch 56, progress 0.31%): UPDATE throughput 0.00 ops/sec, INSERT throughput 0.00 ops/sec, READ throughput 654.91 ops/sec, SCAN throughput 0.00 ops/sec, READ_MODIFY_WRITE throughput 631.91 ops/sec, total throughput 1286.82 ops/sec
Zipfian (epoch 57, progress 0.31%): UPDATE throughput 0.00 ops/sec, INSERT throughput 0.00 ops/sec, READ throughput 652.91 ops/sec, SCAN throughput 0.00 ops/sec, READ_MODIFY_WRITE throughput 684.90 ops/sec, total throughput 1337.81 ops/sec
Zipfian (epoch 58, progress 0.31%): UPDATE throughput 0.00 ops/sec, INSERT throughput 0.00 ops/sec, READ throughput 564.92 ops/sec, SCAN throughput 0.00 ops/sec, READ_MODIFY_WRITE throughput 617.91 ops/sec, total throughput 1182.84 ops/sec
Zipfian (epoch 59, progress 0.32%): UPDATE throughput 0.00 ops/sec, INSERT throughput 0.00 ops/sec, READ throughput 644.91 ops/sec, SCAN throughput 0.00 ops/sec, READ_MODIFY_WRITE throughput 631.91 ops/sec, total throughput 1276.82 ops/sec
Zipfian (epoch 60, progress 0.32%): UPDATE throughput 0.00 ops/sec, INSERT throughput 0.00 ops/sec, READ throughput 648.91 ops/sec, SCAN throughput 0.00 ops/sec, READ_MODIFY_WRITE throughput 625.91 ops/sec, total throughput 1274.83 ops/sec
Zipfian (epoch 61, progress 0.32%): UPDATE throughput 0.00 ops/sec, INSERT throughput 0.00 ops/sec, READ throughput 653.91 ops/sec, SCAN throughput 0.00 ops/sec, READ_MODIFY_WRITE throughput 684.90 ops/sec, total throughput 1338.81 ops/sec
Zipfian (epoch 62, progress 0.33%): UPDATE throughput 0.00 ops/sec, INSERT throughput 0.00 ops/sec, READ throughput 644.91 ops/sec, SCAN throughput 0.00 ops/sec, READ_MODIFY_WRITE throughput 704.90 ops/sec, total throughput 1349.81 ops/sec
Zipfian (epoch 63, progress 0.33%): UPDATE throughput 0.00 ops/sec, INSERT throughput 0.00 ops/sec, READ throughput 695.90 ops/sec, SCAN throughput 0.00 ops/sec, READ_MODIFY_WRITE throughput 683.90 ops/sec, total throughput 1379.81 ops/sec
Zipfian (epoch 64, progress 0.33%): UPDATE throughput 0.00 ops/sec, INSERT throughput 0.00 ops/sec, READ throughput 664.91 ops/sec, SCAN throughput 0.00 ops/sec, READ_MODIFY_WRITE throughput 625.91 ops/sec, total throughput 1290.82 ops/sec
Zipfian (epoch 65, progress 0.34%): UPDATE throughput 0.00 ops/sec, INSERT throughput 0.00 ops/sec, READ throughput 624.91 ops/sec, SCAN throughput 0.00 ops/sec, READ_MODIFY_WRITE throughput 591.92 ops/sec, total throughput 1216.83 ops/sec
Zipfian (epoch 66, progress 0.34%): UPDATE throughput 0.00 ops/sec, INSERT throughput 0.00 ops/sec, READ throughput 656.91 ops/sec, SCAN throughput 0.00 ops/sec, READ_MODIFY_WRITE throughput 684.90 ops/sec, total throughput 1341.81 ops/sec
Zipfian (epoch 67, progress 0.34%): UPDATE throughput 0.00 ops/sec, INSERT throughput 0.00 ops/sec, READ throughput 597.92 ops/sec, SCAN throughput 0.00 ops/sec, READ_MODIFY_WRITE throughput 625.91 ops/sec, total throughput 1223.83 ops/sec
Zipfian (epoch 68, progress 0.35%): UPDATE throughput 0.00 ops/sec, INSERT throughput 0.00 ops/sec, READ throughput 598.91 ops/sec, SCAN throughput 0.00 ops/sec, READ_MODIFY_WRITE throughput 557.92 ops/sec, total throughput 1156.83 ops/sec
Zipfian (epoch 69, progress 0.35%): UPDATE throughput 0.00 ops/sec, INSERT throughput 0.00 ops/sec, READ throughput 618.91 ops/sec, SCAN throughput 0.00 ops/sec, READ_MODIFY_WRITE throughput 586.92 ops/sec, total throughput 1205.83 ops/sec
Zipfian (epoch 70, progress 0.35%): UPDATE throughput 0.00 ops/sec, INSERT throughput 0.00 ops/sec, READ throughput 609.91 ops/sec, SCAN throughput 0.00 ops/sec, READ_MODIFY_WRITE throughput 612.91 ops/sec, total throughput 1222.83 ops/sec
Zipfian (epoch 71, progress 0.36%): UPDATE throughput 0.00 ops/sec, INSERT throughput 0.00 ops/sec, READ throughput 693.90 ops/sec, SCAN throughput 0.00 ops/sec, READ_MODIFY_WRITE throughput 686.91 ops/sec, total throughput 1380.81 ops/sec
Zipfian (epoch 72, progress 0.36%): UPDATE throughput 0.00 ops/sec, INSERT throughput 0.00 ops/sec, READ throughput 604.91 ops/sec, SCAN throughput 0.00 ops/sec, READ_MODIFY_WRITE throughput 578.92 ops/sec, total throughput 1183.83 ops/sec
Zipfian (epoch 73, progress 0.36%): UPDATE throughput 0.00 ops/sec, INSERT throughput 0.00 ops/sec, READ throughput 605.91 ops/sec, SCAN throughput 0.00 ops/sec, READ_MODIFY_WRITE throughput 639.91 ops/sec, total throughput 1245.82 ops/sec
Zipfian (epoch 74, progress 0.36%): UPDATE throughput 0.00 ops/sec, INSERT throughput 0.00 ops/sec, READ throughput 662.91 ops/sec, SCAN throughput 0.00 ops/sec, READ_MODIFY_WRITE throughput 614.91 ops/sec, total throughput 1277.82 ops/sec
Zipfian (epoch 75, progress 0.37%): UPDATE throughput 0.00 ops/sec, INSERT throughput 0.00 ops/sec, READ throughput 585.92 ops/sec, SCAN throughput 0.00 ops/sec, READ_MODIFY_WRITE throughput 590.92 ops/sec, total throughput 1176.84 ops/sec
Zipfian (epoch 76, progress 0.37%): UPDATE throughput 0.00 ops/sec, INSERT throughput 0.00 ops/sec, READ throughput 580.92 ops/sec, SCAN throughput 0.00 ops/sec, READ_MODIFY_WRITE throughput 600.91 ops/sec, total throughput 1181.83 ops/sec
Zipfian (epoch 77, progress 0.37%): UPDATE throughput 0.00 ops/sec, INSERT throughput 0.00 ops/sec, READ throughput 672.91 ops/sec, SCAN throughput 0.00 ops/sec, READ_MODIFY_WRITE throughput 607.91 ops/sec, total throughput 1280.82 ops/sec
Zipfian (epoch 78, progress 0.38%): UPDATE throughput 0.00 ops/sec, INSERT throughput 0.00 ops/sec, READ throughput 694.90 ops/sec, SCAN throughput 0.00 ops/sec, READ_MODIFY_WRITE throughput 682.90 ops/sec, total throughput 1377.80 ops/sec
Zipfian (epoch 79, progress 0.38%): UPDATE throughput 0.00 ops/sec, INSERT throughput 0.00 ops/sec, READ throughput 615.92 ops/sec, SCAN throughput 0.00 ops/sec, READ_MODIFY_WRITE throughput 609.92 ops/sec, total throughput 1225.83 ops/sec
Zipfian (epoch 80, progress 0.38%): UPDATE throughput 0.00 ops/sec, INSERT throughput 0.00 ops/sec, READ throughput 571.92 ops/sec, SCAN throughput 0.00 ops/sec, READ_MODIFY_WRITE throughput 544.92 ops/sec, total throughput 1116.84 ops/sec
Zipfian (epoch 81, progress 0.38%): UPDATE throughput 0.00 ops/sec, INSERT throughput 0.00 ops/sec, READ throughput 161.98 ops/sec, SCAN throughput 0.00 ops/sec, READ_MODIFY_WRITE throughput 174.97 ops/sec, total throughput 336.95 ops/sec
Zipfian (epoch 82, progress 0.39%): UPDATE throughput 0.00 ops/sec, INSERT throughput 0.00 ops/sec, READ throughput 228.97 ops/sec, SCAN throughput 0.00 ops/sec, READ_MODIFY_WRITE throughput 247.96 ops/sec, total throughput 476.93 ops/sec
Zipfian (epoch 83, progress 0.39%): UPDATE throughput 0.00 ops/sec, INSERT throughput 0.00 ops/sec, READ throughput 714.90 ops/sec, SCAN throughput 0.00 ops/sec, READ_MODIFY_WRITE throughput 679.91 ops/sec, total throughput 1394.81 ops/sec
Zipfian (epoch 84, progress 0.39%): UPDATE throughput 0.00 ops/sec, INSERT throughput 0.00 ops/sec, READ throughput 635.91 ops/sec, SCAN throughput 0.00 ops/sec, READ_MODIFY_WRITE throughput 609.91 ops/sec, total throughput 1245.83 ops/sec
Zipfian (epoch 85, progress 0.39%): UPDATE throughput 0.00 ops/sec, INSERT throughput 0.00 ops/sec, READ throughput 696.90 ops/sec, SCAN throughput 0.00 ops/sec, READ_MODIFY_WRITE throughput 656.91 ops/sec, total throughput 1353.81 ops/sec
Zipfian (epoch 86, progress 0.40%): UPDATE throughput 0.00 ops/sec, INSERT throughput 0.00 ops/sec, READ throughput 720.90 ops/sec, SCAN throughput 0.00 ops/sec, READ_MODIFY_WRITE throughput 607.91 ops/sec, total throughput 1328.81 ops/sec
Zipfian (epoch 87, progress 0.40%): UPDATE throughput 0.00 ops/sec, INSERT throughput 0.00 ops/sec, READ throughput 876.88 ops/sec, SCAN throughput 0.00 ops/sec, READ_MODIFY_WRITE throughput 840.88 ops/sec, total throughput 1717.76 ops/sec
Zipfian (epoch 88, progress 0.41%): UPDATE throughput 0.00 ops/sec, INSERT throughput 0.00 ops/sec, READ throughput 706.90 ops/sec, SCAN throughput 0.00 ops/sec, READ_MODIFY_WRITE throughput 702.90 ops/sec, total throughput 1409.80 ops/sec
Zipfian (epoch 89, progress 0.41%): UPDATE throughput 0.00 ops/sec, INSERT throughput 0.00 ops/sec, READ throughput 845.88 ops/sec, SCAN throughput 0.00 ops/sec, READ_MODIFY_WRITE throughput 878.88 ops/sec, total throughput 1724.76 ops/sec
Zipfian (epoch 90, progress 0.41%): UPDATE throughput 0.00 ops/sec, INSERT throughput 0.00 ops/sec, READ throughput 692.90 ops/sec, SCAN throughput 0.00 ops/sec, READ_MODIFY_WRITE throughput 715.90 ops/sec, total throughput 1408.80 ops/sec
Zipfian (epoch 91, progress 0.42%): UPDATE throughput 0.00 ops/sec, INSERT throughput 0.00 ops/sec, READ throughput 816.87 ops/sec, SCAN throughput 0.00 ops/sec, READ_MODIFY_WRITE throughput 862.86 ops/sec, total throughput 1679.73 ops/sec
Zipfian (epoch 92, progress 0.42%): UPDATE throughput 0.00 ops/sec, INSERT throughput 0.00 ops/sec, READ throughput 951.87 ops/sec, SCAN throughput 0.00 ops/sec, READ_MODIFY_WRITE throughput 941.87 ops/sec, total throughput 1893.73 ops/sec
Zipfian (epoch 93, progress 0.43%): UPDATE throughput 0.00 ops/sec, INSERT throughput 0.00 ops/sec, READ throughput 830.88 ops/sec, SCAN throughput 0.00 ops/sec, READ_MODIFY_WRITE throughput 807.89 ops/sec, total throughput 1638.77 ops/sec
Zipfian (epoch 94, progress 0.43%): UPDATE throughput 0.00 ops/sec, INSERT throughput 0.00 ops/sec, READ throughput 782.89 ops/sec, SCAN throughput 0.00 ops/sec, READ_MODIFY_WRITE throughput 736.89 ops/sec, total throughput 1519.78 ops/sec
Zipfian (epoch 95, progress 0.43%): UPDATE throughput 0.00 ops/sec, INSERT throughput 0.00 ops/sec, READ throughput 633.91 ops/sec, SCAN throughput 0.00 ops/sec, READ_MODIFY_WRITE throughput 625.91 ops/sec, total throughput 1259.82 ops/sec
Zipfian (epoch 96, progress 0.44%): UPDATE throughput 0.00 ops/sec, INSERT throughput 0.00 ops/sec, READ throughput 611.91 ops/sec, SCAN throughput 0.00 ops/sec, READ_MODIFY_WRITE throughput 619.91 ops/sec, total throughput 1231.83 ops/sec
Zipfian (epoch 97, progress 0.44%): UPDATE throughput 0.00 ops/sec, INSERT throughput 0.00 ops/sec, READ throughput 590.90 ops/sec, SCAN throughput 0.00 ops/sec, READ_MODIFY_WRITE throughput 640.90 ops/sec, total throughput 1231.80 ops/sec
Zipfian (epoch 98, progress 0.44%): UPDATE throughput 0.00 ops/sec, INSERT throughput 0.00 ops/sec, READ throughput 591.92 ops/sec, SCAN throughput 0.00 ops/sec, READ_MODIFY_WRITE throughput 525.93 ops/sec, total throughput 1117.84 ops/sec
Zipfian (epoch 99, progress 0.45%): UPDATE throughput 0.00 ops/sec, INSERT throughput 0.00 ops/sec, READ throughput 570.92 ops/sec, SCAN throughput 0.00 ops/sec, READ_MODIFY_WRITE throughput 611.91 ops/sec, total throughput 1182.83 ops/sec
Zipfian (epoch 100, progress 0.45%): UPDATE throughput 0.00 ops/sec, INSERT throughput 0.00 ops/sec, READ throughput 485.93 ops/sec, SCAN throughput 0.00 ops/sec, READ_MODIFY_WRITE throughput 481.93 ops/sec, total throughput 967.86 ops/sec
Zipfian (epoch 101, progress 0.45%): UPDATE throughput 0.00 ops/sec, INSERT throughput 0.00 ops/sec, READ throughput 474.93 ops/sec, SCAN throughput 0.00 ops/sec, READ_MODIFY_WRITE throughput 440.93 ops/sec, total throughput 915.86 ops/sec
Zipfian (epoch 102, progress 0.45%): UPDATE throughput 0.00 ops/sec, INSERT throughput 0.00 ops/sec, READ throughput 573.92 ops/sec, SCAN throughput 0.00 ops/sec, READ_MODIFY_WRITE throughput 572.92 ops/sec, total throughput 1146.84 ops/sec
Zipfian (epoch 103, progress 0.46%): UPDATE throughput 0.00 ops/sec, INSERT throughput 0.00 ops/sec, READ throughput 460.94 ops/sec, SCAN throughput 0.00 ops/sec, READ_MODIFY_WRITE throughput 457.94 ops/sec, total throughput 918.87 ops/sec
Zipfian (epoch 104, progress 0.46%): UPDATE throughput 0.00 ops/sec, INSERT throughput 0.00 ops/sec, READ throughput 450.94 ops/sec, SCAN throughput 0.00 ops/sec, READ_MODIFY_WRITE throughput 447.94 ops/sec, total throughput 898.87 ops/sec
Zipfian (epoch 105, progress 0.46%): UPDATE throughput 0.00 ops/sec, INSERT throughput 0.00 ops/sec, READ throughput 524.93 ops/sec, SCAN throughput 0.00 ops/sec, READ_MODIFY_WRITE throughput 500.93 ops/sec, total throughput 1025.86 ops/sec
Zipfian (epoch 106, progress 0.46%): UPDATE throughput 0.00 ops/sec, INSERT throughput 0.00 ops/sec, READ throughput 413.94 ops/sec, SCAN throughput 0.00 ops/sec, READ_MODIFY_WRITE throughput 394.94 ops/sec, total throughput 808.89 ops/sec
Zipfian (epoch 107, progress 0.47%): UPDATE throughput 0.00 ops/sec, INSERT throughput 0.00 ops/sec, READ throughput 526.93 ops/sec, SCAN throughput 0.00 ops/sec, READ_MODIFY_WRITE throughput 535.93 ops/sec, total throughput 1062.85 ops/sec
Zipfian (epoch 108, progress 0.47%): UPDATE throughput 0.00 ops/sec, INSERT throughput 0.00 ops/sec, READ throughput 476.93 ops/sec, SCAN throughput 0.00 ops/sec, READ_MODIFY_WRITE throughput 471.93 ops/sec, total throughput 948.86 ops/sec
Zipfian (epoch 109, progress 0.47%): UPDATE throughput 0.00 ops/sec, INSERT throughput 0.00 ops/sec, READ throughput 508.93 ops/sec, SCAN throughput 0.00 ops/sec, READ_MODIFY_WRITE throughput 537.92 ops/sec, total throughput 1046.85 ops/sec
Zipfian (epoch 110, progress 0.47%): UPDATE throughput 0.00 ops/sec, INSERT throughput 0.00 ops/sec, READ throughput 500.93 ops/sec, SCAN throughput 0.00 ops/sec, READ_MODIFY_WRITE throughput 533.92 ops/sec, total throughput 1034.85 ops/sec
Zipfian (epoch 111, progress 0.48%): UPDATE throughput 0.00 ops/sec, INSERT throughput 0.00 ops/sec, READ throughput 576.92 ops/sec, SCAN throughput 0.00 ops/sec, READ_MODIFY_WRITE throughput 530.93 ops/sec, total throughput 1107.85 ops/sec
Zipfian (epoch 112, progress 0.48%): UPDATE throughput 0.00 ops/sec, INSERT throughput 0.00 ops/sec, READ throughput 446.94 ops/sec, SCAN throughput 0.00 ops/sec, READ_MODIFY_WRITE throughput 470.93 ops/sec, total throughput 917.87 ops/sec
Zipfian (epoch 113, progress 0.48%): UPDATE throughput 0.00 ops/sec, INSERT throughput 0.00 ops/sec, READ throughput 545.92 ops/sec, SCAN throughput 0.00 ops/sec, READ_MODIFY_WRITE throughput 545.92 ops/sec, total throughput 1091.85 ops/sec
Zipfian (epoch 114, progress 0.48%): UPDATE throughput 0.00 ops/sec, INSERT throughput 0.00 ops/sec, READ throughput 499.93 ops/sec, SCAN throughput 0.00 ops/sec, READ_MODIFY_WRITE throughput 520.93 ops/sec, total throughput 1020.86 ops/sec
Zipfian (epoch 115, progress 0.49%): UPDATE throughput 0.00 ops/sec, INSERT throughput 0.00 ops/sec, READ throughput 499.93 ops/sec, SCAN throughput 0.00 ops/sec, READ_MODIFY_WRITE throughput 513.93 ops/sec, total throughput 1013.86 ops/sec
Zipfian (epoch 116, progress 0.49%): UPDATE throughput 0.00 ops/sec, INSERT throughput 0.00 ops/sec, READ throughput 457.93 ops/sec, SCAN throughput 0.00 ops/sec, READ_MODIFY_WRITE throughput 457.93 ops/sec, total throughput 915.87 ops/sec
Zipfian (epoch 117, progress 0.49%): UPDATE throughput 0.00 ops/sec, INSERT throughput 0.00 ops/sec, READ throughput 480.93 ops/sec, SCAN throughput 0.00 ops/sec, READ_MODIFY_WRITE throughput 465.93 ops/sec, total throughput 946.87 ops/sec
Zipfian (epoch 118, progress 0.49%): UPDATE throughput 0.00 ops/sec, INSERT throughput 0.00 ops/sec, READ throughput 505.92 ops/sec, SCAN throughput 0.00 ops/sec, READ_MODIFY_WRITE throughput 452.93 ops/sec, total throughput 958.85 ops/sec
Zipfian (epoch 119, progress 0.50%): UPDATE throughput 0.00 ops/sec, INSERT throughput 0.00 ops/sec, READ throughput 419.94 ops/sec, SCAN throughput 0.00 ops/sec, READ_MODIFY_WRITE throughput 502.93 ops/sec, total throughput 922.87 ops/sec
Zipfian (epoch 120, progress 0.50%): UPDATE throughput 0.00 ops/sec, INSERT throughput 0.00 ops/sec, READ throughput 536.93 ops/sec, SCAN throughput 0.00 ops/sec, READ_MODIFY_WRITE throughput 598.92 ops/sec, total throughput 1135.84 ops/sec
time's up!
Zipfian: calculating overall performance metrics... (might take a while)
Zipfian overall: UPDATE throughput 0.00 ops/sec, INSERT throughput 0.00 ops/sec, READ throughput 831.07 ops/sec, SCAN throughput 0.00 ops/sec, READ_MODIFY_WRITE throughput 828.32 ops/sec, total throughput 1659.39 ops/sec
Zipfian overall: UPDATE average latency 0.00 ns, UPDATE p99 latency 0.00 ns, INSERT average latency 0.00 ns, INSERT p99 latency 0.00 ns, READ average latency 2840137.25 ns, READ p99 latency 44032227.27 ns, SCAN average latency 0.00 ns, SCAN p99 latency 0.00 ns, READ_MODIFY_WRITE average latency 1947956.55 ns, READ_MODIFY_WRITE p99 latency 31487507.74 ns

total_throughput 3035.88
read_p99_ns 44997740.55
wan_reader_throughput 1376.49
wan_writer_throughput 1659.39
