2026-03-09 23:22:34,303 INFO Waiting for evaluation lock /tmp/cache_ext_evaluate.lock ...
2026-03-09 23:28:39,805 INFO Acquired evaluation lock.
2026-03-09 23:28:39,805 INFO === Step 0: Drop page cache ===
2026-03-09 23:28:39,805 INFO Database already exists at /mydata/leveldb_temp (CURRENT file found), skipping rsync
2026-03-09 23:28:39,805 INFO CMD: sudo sync
2026-03-09 23:28:40,094 INFO CMD: sudo sh -c echo 3 > /proc/sys/vm/drop_caches
2026-03-09 23:28:40,656 INFO Page cache dropped.
2026-03-09 23:28:40,656 INFO === Step 1: Compile evolved policy ===
2026-03-09 23:28:40,667 INFO CMD: sudo chown -R root: /mydata/cache_ext/eviction_evo/build
2026-03-09 23:28:41,024 INFO CMD: clang-14 -O2 -target bpf -D__TARGET_ARCH_x86 -c -g -Wall -idirafter /usr/lib/llvm-14/lib/clang/14.0.0/include -idirafter /usr/local/include -idirafter /usr/include/x86_64-linux-gnu -idirafter /usr/include /mydata/cache_ext/eviction_evo/build/cache_ext_evolved.bpf.c -o /mydata/cache_ext/eviction_evo/build/cache_ext_evolved.bpf.o
2026-03-09 23:28:43,938 INFO CMD: /usr/local/sbin/bpftool gen skeleton /mydata/cache_ext/eviction_evo/build/cache_ext_evolved.bpf.o name cache_ext_evolved_bpf
2026-03-09 23:28:44,135 INFO CMD: clang-14 -O2 -g -Wall -I/mydata/cache_ext/eviction_evo/build -I/mydata/cache_ext/policies /mydata/cache_ext/eviction_evo/cache_ext_evolved.c -o /mydata/cache_ext/eviction_evo/build/cache_ext_evolved.out -L/usr/local/lib64 -lbpf
2026-03-09 23:28:44,979 INFO Compilation successful: /mydata/cache_ext/eviction_evo/build/cache_ext_evolved.out
2026-03-09 23:28:44,979 INFO === Step 2: Disable MGLRU ===
2026-03-09 23:28:44,979 INFO MGLRU current state: 0x0000 — disabling
2026-03-09 23:28:44,979 INFO CMD: sudo sh -c echo 0 > /sys/kernel/mm/lru_gen/enabled
2026-03-09 23:28:44,997 INFO MGLRU disabled.
2026-03-09 23:28:44,997 INFO === Step 3: Create cgroup ===
2026-03-09 23:28:44,997 INFO CMD: sudo cgdelete memory:cache_ext_test
2026-03-09 23:28:45,036 INFO CMD: sudo cgcreate -g memory:cache_ext_test
2026-03-09 23:28:45,163 INFO CMD: sudo sh -c echo 536870912 > /sys/fs/cgroup/cache_ext_test/memory.max
2026-03-09 23:28:45,178 INFO Created cgroup cache_ext_test with limit 536870912 bytes
2026-03-09 23:28:45,178 INFO === Step 4: Load BPF policy ===
2026-03-09 23:28:45,178 INFO Loading policy: sudo /mydata/cache_ext/eviction_evo/build/cache_ext_evolved.out --watch_dir /mydata/leveldb_temp --cgroup_path /sys/fs/cgroup/cache_ext_test
2026-03-09 23:28:55,190 INFO Policy loaded (PID 260576)
2026-03-09 23:28:55,190 INFO === Step 5: Start server ===
2026-03-09 23:28:55,190 INFO Starting server: sudo cgexec -g memory:cache_ext_test /mydata/cache_ext/net_leveldb_server 9100 /mydata/leveldb_temp
2026-03-09 23:28:55,192 INFO Waiting for server on port 9100 ...
2026-03-09 23:28:56,306 INFO Server ready (PID 260579) on port 9100
2026-03-09 23:28:56,306 INFO === Step 6: Run 2 trace benchmarks ===
2026-03-09 23:28:56,306 INFO --- Trace 1/2: dual_small_vs_large ---
2026-03-09 23:28:56,333 INFO Starting proxy: /usr/bin/python /mydata/cache_ext/eviction_evo/tcp_delay_proxy.py --listen-port 9101 --target-port 9100 --delay-ms 1 --bandwidth-kbps 500000
2026-03-09 23:28:57,342 INFO Proxy ready on port 9101
2026-03-09 23:28:57,350 INFO Starting client reader_fast: /mydata/cache_ext/My-YCSB/build/run_net_leveldb /tmp/dual_reader_fast_8wmfah98.yaml
2026-03-09 23:28:57,367 INFO Starting client writer_slow: /mydata/cache_ext/My-YCSB/build/run_net_leveldb /tmp/dual_writer_slow_5bq2e6ve.yaml
2026-03-09 23:31:55,137 INFO Client reader_fast: throughput=170.20
2026-03-09 23:31:55,138 INFO Client writer_slow: throughput=129.82
2026-03-09 23:31:55,138 INFO Dual-client combined throughput: 300.02 ops/sec
2026-03-09 23:31:55,142 INFO Trace dual_small_vs_large: throughput=300.02 ops/sec
2026-03-09 23:31:55,142 INFO --- Trace 2/2: dual_congested ---
2026-03-09 23:31:55,142 INFO CMD: sudo sync
2026-03-09 23:31:55,286 INFO CMD: sudo sh -c echo 3 > /proc/sys/vm/drop_caches
2026-03-09 23:31:56,030 INFO Page cache dropped.
2026-03-09 23:31:58,564 INFO Starting proxy: /usr/bin/python /mydata/cache_ext/eviction_evo/tcp_delay_proxy.py --listen-port 9101 --target-port 9100 --delay-ms 2 --bandwidth-kbps 100000
2026-03-09 23:32:00,094 INFO Proxy ready on port 9101
2026-03-09 23:32:00,094 INFO Starting proxy: /usr/bin/python /mydata/cache_ext/eviction_evo/tcp_delay_proxy.py --listen-port 9102 --target-port 9100 --delay-ms 5 --bandwidth-kbps 50000
2026-03-09 23:32:01,097 INFO Proxy ready on port 9102
2026-03-09 23:32:01,111 INFO Starting client wan_reader: /mydata/cache_ext/My-YCSB/build/run_net_leveldb /tmp/dual_wan_reader_7d0g0yt_.yaml
2026-03-09 23:32:01,142 INFO Starting client wan_writer: /mydata/cache_ext/My-YCSB/build/run_net_leveldb /tmp/dual_wan_writer_86r10pun.yaml
2026-03-09 23:34:58,190 INFO Client wan_reader: throughput=150.87
2026-03-09 23:34:58,191 INFO Client wan_writer: throughput=163.24
2026-03-09 23:34:58,191 INFO Dual-client combined throughput: 314.11 ops/sec
2026-03-09 23:34:58,198 INFO Trace dual_congested: throughput=314.11 ops/sec
2026-03-09 23:34:58,211 INFO === Evaluation complete ===
2026-03-09 23:34:58,211 INFO Combined score (harmonic mean): 306.90  (2/2 traces passed)
2026-03-09 23:34:58,211 INFO   dual_small_vs_large: 300.02 ops/sec
2026-03-09 23:34:58,211 INFO   dual_congested: 314.11 ops/sec
2026-03-09 23:34:58,211 INFO Stopping net_leveldb_server (PID 260579)
2026-03-09 23:34:58,211 INFO CMD: sudo kill 260579
2026-03-09 23:34:58,360 INFO Unloading BPF policy (PID 260576)
2026-03-09 23:34:58,360 INFO CMD: sudo kill -2 260576
2026-03-09 23:34:58,593 INFO CMD: sudo rm -f /sys/fs/bpf/cache_ext/scan_pids
2026-03-09 23:34:58,621 INFO CMD: sudo cgdelete memory:cache_ext_test
2026-03-09 23:34:58,662 INFO CMD: sudo sh -c echo 0x0000 > /sys/kernel/mm/lru_gen/enabled
2026-03-09 23:34:58,677 INFO MGLRU re-enabled (restored to 0x0000).
