2026-03-26 01:53:39,928 INFO Waiting for evaluation lock /tmp/cache_ext_evaluate_0.lock ...
2026-03-26 02:28:26,807 INFO Acquired evaluation lock.
2026-03-26 02:28:26,851 INFO === Step 0: Drop page cache ===
2026-03-26 02:28:26,862 INFO Database already exists at /mydata/leveldb_temp (CURRENT file found), skipping copy
2026-03-26 02:28:26,862 INFO CMD: sudo sync
2026-03-26 02:28:27,031 INFO CMD: sudo sh -c echo 3 > /proc/sys/vm/drop_caches
2026-03-26 02:28:27,254 INFO Page cache dropped.
2026-03-26 02:28:27,254 INFO === Step 1: Compile evolved policy ===
2026-03-26 02:28:27,269 INFO CMD: sudo chown -R root: /mydata/cache_ext/eviction_evo/build
2026-03-26 02:28:27,578 INFO CMD: clang-14 -O2 -target bpf -D__TARGET_ARCH_x86 -c -g -Wall -idirafter /usr/lib/llvm-14/lib/clang/14.0.0/include -idirafter /usr/local/include -idirafter /usr/include/x86_64-linux-gnu -idirafter /usr/include /mydata/cache_ext/eviction_evo/build/cache_ext_evolved.bpf.c -o /mydata/cache_ext/eviction_evo/build/cache_ext_evolved.bpf.o
2026-03-26 02:28:30,393 INFO CMD: /usr/local/sbin/bpftool gen skeleton /mydata/cache_ext/eviction_evo/build/cache_ext_evolved.bpf.o name cache_ext_evolved_bpf
2026-03-26 02:28:30,565 INFO CMD: clang-14 -O2 -g -Wall -I/mydata/cache_ext/eviction_evo/build -I/mydata/cache_ext/policies /mydata/cache_ext/eviction_evo/cache_ext_evolved.c -o /mydata/cache_ext/eviction_evo/build/cache_ext_evolved.out -L/usr/local/lib64 -lbpf
2026-03-26 02:28:31,395 INFO Compilation successful: /mydata/cache_ext/eviction_evo/build/cache_ext_evolved.out
2026-03-26 02:28:31,396 INFO === Step 2: Disable MGLRU ===
2026-03-26 02:28:31,396 INFO MGLRU watchdog started (PID 468328, will restore in 7800 s)
2026-03-26 02:28:31,397 INFO MGLRU current state: 0x0007 - disabling
2026-03-26 02:28:31,397 INFO CMD: sudo sh -c echo 0 > /sys/kernel/mm/lru_gen/enabled
2026-03-26 02:28:31,439 INFO MGLRU disabled.
2026-03-26 02:28:31,439 INFO === Step 3: Create cgroup ===
2026-03-26 02:28:31,517 INFO CMD: sudo cgcreate -g memory:cache_ext_test
2026-03-26 02:28:31,626 INFO CMD: sudo sh -c echo 536870912 > /sys/fs/cgroup/cache_ext_test/memory.max
2026-03-26 02:28:31,640 INFO Created cgroup cache_ext_test with limit 536870912 bytes
2026-03-26 02:28:31,640 INFO === Step 4: Load BPF policy ===
2026-03-26 02:28:31,640 INFO Loading policy: sudo /mydata/cache_ext/eviction_evo/build/cache_ext_evolved.out --watch_dir /mydata/leveldb_temp --cgroup_path /sys/fs/cgroup/cache_ext_test
2026-03-26 02:28:41,651 INFO Policy loaded (PID 468349)
2026-03-26 02:28:41,652 INFO === Step 5: Start server ===
2026-03-26 02:28:41,652 INFO Starting server: sudo cgexec -g memory:cache_ext_test /mydata/cache_ext/net_leveldb_server 9100 /mydata/leveldb_temp
2026-03-26 02:28:41,653 INFO Waiting for server on port 9100 ...
2026-03-26 02:28:42,701 INFO Server ready (PID 468352) on port 9100
2026-03-26 02:28:42,701 INFO === Step 6: Run 7 traces x 3 runs = 21 total benchmarks ===
2026-03-26 02:28:42,727 INFO --- Trace 1/7 (ycsb_c_a) run 1/3  [1/21 overall] ---
2026-03-26 02:28:42,727 INFO CMD: sudo sync
2026-03-26 02:28:42,857 INFO CMD: sudo sh -c echo 3 > /proc/sys/vm/drop_caches
2026-03-26 02:28:43,099 INFO Page cache dropped.
2026-03-26 02:28:45,881 INFO Starting remote client client_ycsb_c on krisub@node1: ssh -o StrictHostKeyChecking=no -o BatchMode=yes -i /users/krisub/.ssh/id_ed25519 krisub@node1 sh -lc 'exec /mydata/cache_ext/My-YCSB/build/run_net_leveldb /tmp/dual_client_ycsb_c_40y2q2u1.yaml'
2026-03-26 02:28:46,137 INFO Starting remote client client_ycsb_a on krisub@node1: ssh -o StrictHostKeyChecking=no -o BatchMode=yes -i /users/krisub/.ssh/id_ed25519 krisub@node1 sh -lc 'exec /mydata/cache_ext/My-YCSB/build/run_net_leveldb /tmp/dual_client_ycsb_a_ir92acub.yaml'
2026-03-26 02:30:24,259 INFO Client client_ycsb_c: throughput=1153.90
2026-03-26 02:30:24,525 INFO Client client_ycsb_a: throughput=2298.73
2026-03-26 02:30:24,525 INFO Dual-client combined throughput: 3452.63 ops/sec
2026-03-26 02:30:24,993 INFO Trace ycsb_c_a run 1: throughput=3452.63 ops/sec
2026-03-26 02:30:24,993 INFO --- Trace 1/7 (ycsb_c_a) run 2/3  [2/21 overall] ---
2026-03-26 02:30:24,993 INFO CMD: sudo sync
2026-03-26 02:30:25,185 INFO CMD: sudo sh -c echo 3 > /proc/sys/vm/drop_caches
2026-03-26 02:30:25,434 INFO Page cache dropped.
2026-03-26 02:30:28,189 INFO Starting remote client client_ycsb_c on krisub@node1: ssh -o StrictHostKeyChecking=no -o BatchMode=yes -i /users/krisub/.ssh/id_ed25519 krisub@node1 sh -lc 'exec /mydata/cache_ext/My-YCSB/build/run_net_leveldb /tmp/dual_client_ycsb_c_niks9vbj.yaml'
2026-03-26 02:30:28,448 INFO Starting remote client client_ycsb_a on krisub@node1: ssh -o StrictHostKeyChecking=no -o BatchMode=yes -i /users/krisub/.ssh/id_ed25519 krisub@node1 sh -lc 'exec /mydata/cache_ext/My-YCSB/build/run_net_leveldb /tmp/dual_client_ycsb_a_005mfruc.yaml'
2026-03-26 02:32:06,467 INFO Client client_ycsb_c: throughput=1239.71
2026-03-26 02:32:06,783 INFO Client client_ycsb_a: throughput=2384.27
2026-03-26 02:32:06,783 INFO Dual-client combined throughput: 3623.98 ops/sec
2026-03-26 02:32:07,273 INFO Trace ycsb_c_a run 2: throughput=3623.98 ops/sec
2026-03-26 02:32:07,273 INFO --- Trace 1/7 (ycsb_c_a) run 3/3  [3/21 overall] ---
2026-03-26 02:32:07,273 INFO CMD: sudo sync
2026-03-26 02:32:07,426 INFO CMD: sudo sh -c echo 3 > /proc/sys/vm/drop_caches
2026-03-26 02:32:07,700 INFO Page cache dropped.
2026-03-26 02:32:10,465 INFO Starting remote client client_ycsb_c on krisub@node1: ssh -o StrictHostKeyChecking=no -o BatchMode=yes -i /users/krisub/.ssh/id_ed25519 krisub@node1 sh -lc 'exec /mydata/cache_ext/My-YCSB/build/run_net_leveldb /tmp/dual_client_ycsb_c_pyrcg6oa.yaml'
2026-03-26 02:32:10,721 INFO Starting remote client client_ycsb_a on krisub@node1: ssh -o StrictHostKeyChecking=no -o BatchMode=yes -i /users/krisub/.ssh/id_ed25519 krisub@node1 sh -lc 'exec /mydata/cache_ext/My-YCSB/build/run_net_leveldb /tmp/dual_client_ycsb_a_7bj4axav.yaml'
2026-03-26 02:33:48,889 INFO Client client_ycsb_c: throughput=1238.78
2026-03-26 02:33:49,055 INFO Client client_ycsb_a: throughput=2419.85
2026-03-26 02:33:49,055 INFO Dual-client combined throughput: 3658.63 ops/sec
2026-03-26 02:33:49,521 INFO Trace ycsb_c_a run 3: throughput=3658.63 ops/sec
2026-03-26 02:33:49,521 INFO Trace ycsb_c_a summary: mean=3578.41 std=110.30 min=3452.63 max=3658.63 (CV=3.1%)
2026-03-26 02:33:49,564 INFO --- Trace 2/7 (ycsb_c_e) run 1/3  [4/21 overall] ---
2026-03-26 02:33:49,564 INFO CMD: sudo sync
2026-03-26 02:33:49,780 INFO CMD: sudo sh -c echo 3 > /proc/sys/vm/drop_caches
2026-03-26 02:33:50,098 INFO Page cache dropped.
2026-03-26 02:33:52,861 INFO Starting remote client client_ycsb_c on krisub@node1: ssh -o StrictHostKeyChecking=no -o BatchMode=yes -i /users/krisub/.ssh/id_ed25519 krisub@node1 sh -lc 'exec /mydata/cache_ext/My-YCSB/build/run_net_leveldb /tmp/dual_client_ycsb_c_gkmumbu4.yaml'
2026-03-26 02:33:53,113 INFO Starting remote client client_ycsb_e on krisub@node1: ssh -o StrictHostKeyChecking=no -o BatchMode=yes -i /users/krisub/.ssh/id_ed25519 krisub@node1 sh -lc 'exec /mydata/cache_ext/My-YCSB/build/run_net_leveldb /tmp/dual_client_ycsb_e_g2ec4p8i.yaml'
2026-03-26 02:35:31,179 INFO Client client_ycsb_c: throughput=1761.83
2026-03-26 02:35:45,979 INFO Client client_ycsb_e: throughput=77288.03
2026-03-26 02:35:45,980 INFO Dual-client combined throughput: 79049.86 ops/sec
2026-03-26 02:35:46,438 INFO Trace ycsb_c_e run 1: throughput=79049.86 ops/sec
2026-03-26 02:35:46,438 INFO --- Trace 2/7 (ycsb_c_e) run 2/3  [5/21 overall] ---
2026-03-26 02:35:46,438 INFO CMD: sudo sync
2026-03-26 02:35:46,632 INFO CMD: sudo sh -c echo 3 > /proc/sys/vm/drop_caches
2026-03-26 02:35:46,883 INFO Page cache dropped.
2026-03-26 02:35:49,637 INFO Starting remote client client_ycsb_c on krisub@node1: ssh -o StrictHostKeyChecking=no -o BatchMode=yes -i /users/krisub/.ssh/id_ed25519 krisub@node1 sh -lc 'exec /mydata/cache_ext/My-YCSB/build/run_net_leveldb /tmp/dual_client_ycsb_c_tyk_oppf.yaml'
2026-03-26 02:35:49,893 INFO Starting remote client client_ycsb_e on krisub@node1: ssh -o StrictHostKeyChecking=no -o BatchMode=yes -i /users/krisub/.ssh/id_ed25519 krisub@node1 sh -lc 'exec /mydata/cache_ext/My-YCSB/build/run_net_leveldb /tmp/dual_client_ycsb_e_5tffqbp1.yaml'
2026-03-26 02:37:27,933 INFO Client client_ycsb_c: throughput=1721.76
2026-03-26 02:37:29,202 INFO Client client_ycsb_e: throughput=76947.51
2026-03-26 02:37:29,202 INFO Dual-client combined throughput: 78669.27 ops/sec
2026-03-26 02:37:29,681 INFO Trace ycsb_c_e run 2: throughput=78669.27 ops/sec
2026-03-26 02:37:29,681 INFO --- Trace 2/7 (ycsb_c_e) run 3/3  [6/21 overall] ---
2026-03-26 02:37:29,681 INFO CMD: sudo sync
2026-03-26 02:37:29,886 INFO CMD: sudo sh -c echo 3 > /proc/sys/vm/drop_caches
2026-03-26 02:37:30,161 INFO Page cache dropped.
2026-03-26 02:37:32,845 INFO Starting remote client client_ycsb_c on krisub@node1: ssh -o StrictHostKeyChecking=no -o BatchMode=yes -i /users/krisub/.ssh/id_ed25519 krisub@node1 sh -lc 'exec /mydata/cache_ext/My-YCSB/build/run_net_leveldb /tmp/dual_client_ycsb_c_gmwejx3y.yaml'
2026-03-26 02:37:33,105 INFO Starting remote client client_ycsb_e on krisub@node1: ssh -o StrictHostKeyChecking=no -o BatchMode=yes -i /users/krisub/.ssh/id_ed25519 krisub@node1 sh -lc 'exec /mydata/cache_ext/My-YCSB/build/run_net_leveldb /tmp/dual_client_ycsb_e_sk9mamgo.yaml'
2026-03-26 02:39:11,249 INFO Client client_ycsb_c: throughput=1753.57
2026-03-26 02:39:12,368 INFO Client client_ycsb_e: throughput=73644.87
2026-03-26 02:39:12,368 INFO Dual-client combined throughput: 75398.44 ops/sec
2026-03-26 02:39:12,837 INFO Trace ycsb_c_e run 3: throughput=75398.44 ops/sec
2026-03-26 02:39:12,838 INFO Trace ycsb_c_e summary: mean=77705.86 std=2007.32 min=75398.44 max=79049.86 (CV=2.6%)
2026-03-26 02:39:12,875 INFO --- Trace 3/7 (ycsb_c_f) run 1/3  [7/21 overall] ---
2026-03-26 02:39:12,875 INFO CMD: sudo sync
2026-03-26 02:39:13,079 INFO CMD: sudo sh -c echo 3 > /proc/sys/vm/drop_caches
2026-03-26 02:39:13,359 INFO Page cache dropped.
2026-03-26 02:39:16,130 INFO Starting remote client client_ycsb_c on krisub@node1: ssh -o StrictHostKeyChecking=no -o BatchMode=yes -i /users/krisub/.ssh/id_ed25519 krisub@node1 sh -lc 'exec /mydata/cache_ext/My-YCSB/build/run_net_leveldb /tmp/dual_client_ycsb_c_f1fl9cxk.yaml'
2026-03-26 02:39:16,393 INFO Starting remote client client_ycsb_f on krisub@node1: ssh -o StrictHostKeyChecking=no -o BatchMode=yes -i /users/krisub/.ssh/id_ed25519 krisub@node1 sh -lc 'exec /mydata/cache_ext/My-YCSB/build/run_net_leveldb /tmp/dual_client_ycsb_f_214xn7lr.yaml'
2026-03-26 02:40:54,594 INFO Client client_ycsb_c: throughput=1325.85
2026-03-26 02:40:54,611 INFO Client client_ycsb_f: throughput=156.51
2026-03-26 02:40:54,611 INFO Dual-client combined throughput: 1482.36 ops/sec
2026-03-26 02:40:55,105 INFO Trace ycsb_c_f run 1: throughput=1482.36 ops/sec
2026-03-26 02:40:55,105 INFO --- Trace 3/7 (ycsb_c_f) run 2/3  [8/21 overall] ---
2026-03-26 02:40:55,105 INFO CMD: sudo sync
2026-03-26 02:40:55,290 INFO CMD: sudo sh -c echo 3 > /proc/sys/vm/drop_caches
2026-03-26 02:40:55,602 INFO Page cache dropped.
2026-03-26 02:40:58,361 INFO Starting remote client client_ycsb_c on krisub@node1: ssh -o StrictHostKeyChecking=no -o BatchMode=yes -i /users/krisub/.ssh/id_ed25519 krisub@node1 sh -lc 'exec /mydata/cache_ext/My-YCSB/build/run_net_leveldb /tmp/dual_client_ycsb_c_2a2udhpi.yaml'
2026-03-26 02:40:58,609 INFO Starting remote client client_ycsb_f on krisub@node1: ssh -o StrictHostKeyChecking=no -o BatchMode=yes -i /users/krisub/.ssh/id_ed25519 krisub@node1 sh -lc 'exec /mydata/cache_ext/My-YCSB/build/run_net_leveldb /tmp/dual_client_ycsb_f_1d3oz_pn.yaml'
2026-03-26 02:42:53,407 INFO Client client_ycsb_c: throughput=1584.50
2026-03-26 02:42:53,408 INFO Client client_ycsb_f: throughput=178.39
2026-03-26 02:42:53,408 INFO Dual-client combined throughput: 1762.89 ops/sec
2026-03-26 02:42:53,869 INFO Trace ycsb_c_f run 2: throughput=1762.89 ops/sec
2026-03-26 02:42:53,869 INFO --- Trace 3/7 (ycsb_c_f) run 3/3  [9/21 overall] ---
2026-03-26 02:42:53,869 INFO CMD: sudo sync
2026-03-26 02:42:54,084 INFO CMD: sudo sh -c echo 3 > /proc/sys/vm/drop_caches
2026-03-26 02:42:54,388 INFO Page cache dropped.
2026-03-26 02:42:56,990 INFO Starting remote client client_ycsb_c on krisub@node1: ssh -o StrictHostKeyChecking=no -o BatchMode=yes -i /users/krisub/.ssh/id_ed25519 krisub@node1 sh -lc 'exec /mydata/cache_ext/My-YCSB/build/run_net_leveldb /tmp/dual_client_ycsb_c_9cfqx06e.yaml'
2026-03-26 02:42:57,252 INFO Starting remote client client_ycsb_f on krisub@node1: ssh -o StrictHostKeyChecking=no -o BatchMode=yes -i /users/krisub/.ssh/id_ed25519 krisub@node1 sh -lc 'exec /mydata/cache_ext/My-YCSB/build/run_net_leveldb /tmp/dual_client_ycsb_f_o7sy1cvb.yaml'
2026-03-26 02:44:35,354 INFO Client client_ycsb_c: throughput=1310.66
2026-03-26 02:44:35,669 INFO Client client_ycsb_f: throughput=167.68
2026-03-26 02:44:35,669 INFO Dual-client combined throughput: 1478.34 ops/sec
2026-03-26 02:44:36,114 INFO Trace ycsb_c_f run 3: throughput=1478.34 ops/sec
2026-03-26 02:44:36,114 INFO Trace ycsb_c_f summary: mean=1574.53 std=163.14 min=1478.34 max=1762.89 (CV=10.4%)
2026-03-26 02:44:36,148 INFO --- Trace 4/7 (ycsb_b_a) run 1/3  [10/21 overall] ---
2026-03-26 02:44:36,148 INFO CMD: sudo sync
2026-03-26 02:44:36,367 INFO CMD: sudo sh -c echo 3 > /proc/sys/vm/drop_caches
2026-03-26 02:44:36,659 INFO Page cache dropped.
2026-03-26 02:44:39,309 INFO Starting remote client client_ycsb_b on krisub@node1: ssh -o StrictHostKeyChecking=no -o BatchMode=yes -i /users/krisub/.ssh/id_ed25519 krisub@node1 sh -lc 'exec /mydata/cache_ext/My-YCSB/build/run_net_leveldb /tmp/dual_client_ycsb_b_xt6cy0u2.yaml'
2026-03-26 02:44:39,553 INFO Starting remote client client_ycsb_a on krisub@node1: ssh -o StrictHostKeyChecking=no -o BatchMode=yes -i /users/krisub/.ssh/id_ed25519 krisub@node1 sh -lc 'exec /mydata/cache_ext/My-YCSB/build/run_net_leveldb /tmp/dual_client_ycsb_a_635x1__q.yaml'
2026-03-26 02:46:17,651 INFO Client client_ycsb_b: throughput=1530.76
2026-03-26 02:46:17,966 INFO Client client_ycsb_a: throughput=2819.49
2026-03-26 02:46:17,967 INFO Dual-client combined throughput: 4350.25 ops/sec
2026-03-26 02:46:18,433 INFO Trace ycsb_b_a run 1: throughput=4350.25 ops/sec
2026-03-26 02:46:18,433 INFO --- Trace 4/7 (ycsb_b_a) run 2/3  [11/21 overall] ---
2026-03-26 02:46:18,434 INFO CMD: sudo sync
2026-03-26 02:46:18,622 INFO CMD: sudo sh -c echo 3 > /proc/sys/vm/drop_caches
2026-03-26 02:46:18,897 INFO Page cache dropped.
2026-03-26 02:46:21,521 INFO Starting remote client client_ycsb_b on krisub@node1: ssh -o StrictHostKeyChecking=no -o BatchMode=yes -i /users/krisub/.ssh/id_ed25519 krisub@node1 sh -lc 'exec /mydata/cache_ext/My-YCSB/build/run_net_leveldb /tmp/dual_client_ycsb_b_3nmmi3s7.yaml'
2026-03-26 02:46:21,777 INFO Starting remote client client_ycsb_a on krisub@node1: ssh -o StrictHostKeyChecking=no -o BatchMode=yes -i /users/krisub/.ssh/id_ed25519 krisub@node1 sh -lc 'exec /mydata/cache_ext/My-YCSB/build/run_net_leveldb /tmp/dual_client_ycsb_a_ovvsxt66.yaml'
2026-03-26 02:47:59,925 INFO Client client_ycsb_b: throughput=1375.62
2026-03-26 02:48:00,191 INFO Client client_ycsb_a: throughput=2542.85
2026-03-26 02:48:00,191 INFO Dual-client combined throughput: 3918.47 ops/sec
2026-03-26 02:48:00,673 INFO Trace ycsb_b_a run 2: throughput=3918.47 ops/sec
2026-03-26 02:48:00,673 INFO --- Trace 4/7 (ycsb_b_a) run 3/3  [12/21 overall] ---
2026-03-26 02:48:00,673 INFO CMD: sudo sync
2026-03-26 02:48:00,936 INFO CMD: sudo sh -c echo 3 > /proc/sys/vm/drop_caches
2026-03-26 02:48:01,192 INFO Page cache dropped.
2026-03-26 02:48:03,941 INFO Starting remote client client_ycsb_b on krisub@node1: ssh -o StrictHostKeyChecking=no -o BatchMode=yes -i /users/krisub/.ssh/id_ed25519 krisub@node1 sh -lc 'exec /mydata/cache_ext/My-YCSB/build/run_net_leveldb /tmp/dual_client_ycsb_b_gvqee6c9.yaml'
2026-03-26 02:48:04,192 INFO Starting remote client client_ycsb_a on krisub@node1: ssh -o StrictHostKeyChecking=no -o BatchMode=yes -i /users/krisub/.ssh/id_ed25519 krisub@node1 sh -lc 'exec /mydata/cache_ext/My-YCSB/build/run_net_leveldb /tmp/dual_client_ycsb_a_840kfmix.yaml'
2026-03-26 02:49:42,089 INFO Client client_ycsb_b: throughput=1401.52
2026-03-26 02:49:42,556 INFO Client client_ycsb_a: throughput=2591.11
2026-03-26 02:49:42,556 INFO Dual-client combined throughput: 3992.63 ops/sec
2026-03-26 02:49:43,014 INFO Trace ycsb_b_a run 3: throughput=3992.63 ops/sec
2026-03-26 02:49:43,014 INFO Trace ycsb_b_a summary: mean=4087.12 std=230.88 min=3918.47 max=4350.25 (CV=5.6%)
2026-03-26 02:49:43,054 INFO --- Trace 5/7 (ycsb_a_d) run 1/3  [13/21 overall] ---
2026-03-26 02:49:43,054 INFO CMD: sudo sync
2026-03-26 02:49:43,226 INFO CMD: sudo sh -c echo 3 > /proc/sys/vm/drop_caches
2026-03-26 02:49:43,538 INFO Page cache dropped.
2026-03-26 02:49:46,289 INFO Starting remote client client_ycsb_a on krisub@node1: ssh -o StrictHostKeyChecking=no -o BatchMode=yes -i /users/krisub/.ssh/id_ed25519 krisub@node1 sh -lc 'exec /mydata/cache_ext/My-YCSB/build/run_net_leveldb /tmp/dual_client_ycsb_a_an5b_rrv.yaml'
2026-03-26 02:49:46,540 INFO Starting remote client client_ycsb_d on krisub@node1: ssh -o StrictHostKeyChecking=no -o BatchMode=yes -i /users/krisub/.ssh/id_ed25519 krisub@node1 sh -lc 'exec /mydata/cache_ext/My-YCSB/build/run_net_leveldb /tmp/dual_client_ycsb_d_b_6a1t0s.yaml'
2026-03-26 02:51:24,538 INFO Client client_ycsb_a: throughput=2493.71
2026-03-26 02:51:24,754 INFO Client client_ycsb_d: throughput=2023.24
2026-03-26 02:51:24,754 INFO Dual-client combined throughput: 4516.95 ops/sec
2026-03-26 02:51:25,229 INFO Trace ycsb_a_d run 1: throughput=4516.95 ops/sec
2026-03-26 02:51:25,229 INFO --- Trace 5/7 (ycsb_a_d) run 2/3  [14/21 overall] ---
2026-03-26 02:51:25,229 INFO CMD: sudo sync
2026-03-26 02:51:25,414 INFO CMD: sudo sh -c echo 3 > /proc/sys/vm/drop_caches
2026-03-26 02:51:25,736 INFO Page cache dropped.
2026-03-26 02:51:28,489 INFO Starting remote client client_ycsb_a on krisub@node1: ssh -o StrictHostKeyChecking=no -o BatchMode=yes -i /users/krisub/.ssh/id_ed25519 krisub@node1 sh -lc 'exec /mydata/cache_ext/My-YCSB/build/run_net_leveldb /tmp/dual_client_ycsb_a_io53lkp0.yaml'
2026-03-26 02:51:28,752 INFO Starting remote client client_ycsb_d on krisub@node1: ssh -o StrictHostKeyChecking=no -o BatchMode=yes -i /users/krisub/.ssh/id_ed25519 krisub@node1 sh -lc 'exec /mydata/cache_ext/My-YCSB/build/run_net_leveldb /tmp/dual_client_ycsb_d_ckhz8y6x.yaml'
2026-03-26 02:53:06,901 INFO Client client_ycsb_a: throughput=2466.32
2026-03-26 02:53:06,966 INFO Client client_ycsb_d: throughput=2380.11
2026-03-26 02:53:06,966 INFO Dual-client combined throughput: 4846.43 ops/sec
2026-03-26 02:53:07,421 INFO Trace ycsb_a_d run 2: throughput=4846.43 ops/sec
2026-03-26 02:53:07,421 INFO --- Trace 5/7 (ycsb_a_d) run 3/3  [15/21 overall] ---
2026-03-26 02:53:07,421 INFO CMD: sudo sync
2026-03-26 02:53:07,688 INFO CMD: sudo sh -c echo 3 > /proc/sys/vm/drop_caches
2026-03-26 02:53:07,967 INFO Page cache dropped.
2026-03-26 02:53:10,706 INFO Starting remote client client_ycsb_a on krisub@node1: ssh -o StrictHostKeyChecking=no -o BatchMode=yes -i /users/krisub/.ssh/id_ed25519 krisub@node1 sh -lc 'exec /mydata/cache_ext/My-YCSB/build/run_net_leveldb /tmp/dual_client_ycsb_a_flhi_xsr.yaml'
2026-03-26 02:53:10,963 INFO Starting remote client client_ycsb_d on krisub@node1: ssh -o StrictHostKeyChecking=no -o BatchMode=yes -i /users/krisub/.ssh/id_ed25519 krisub@node1 sh -lc 'exec /mydata/cache_ext/My-YCSB/build/run_net_leveldb /tmp/dual_client_ycsb_d_52yf13ff.yaml'
2026-03-26 02:54:48,860 INFO Client client_ycsb_a: throughput=2499.49
2026-03-26 02:54:49,376 INFO Client client_ycsb_d: throughput=2484.94
2026-03-26 02:54:49,377 INFO Dual-client combined throughput: 4984.43 ops/sec
2026-03-26 02:54:49,849 INFO Trace ycsb_a_d run 3: throughput=4984.43 ops/sec
2026-03-26 02:54:49,849 INFO Trace ycsb_a_d summary: mean=4782.60 std=240.19 min=4516.95 max=4984.43 (CV=5.0%)
2026-03-26 02:54:49,926 INFO --- Trace 6/7 (ycsb_e_a) run 1/3  [16/21 overall] ---
2026-03-26 02:54:49,926 INFO CMD: sudo sync
2026-03-26 02:54:50,124 INFO CMD: sudo sh -c echo 3 > /proc/sys/vm/drop_caches
2026-03-26 02:54:50,411 INFO Page cache dropped.
2026-03-26 02:54:53,185 INFO Starting remote client client_ycsb_e on krisub@node1: ssh -o StrictHostKeyChecking=no -o BatchMode=yes -i /users/krisub/.ssh/id_ed25519 krisub@node1 sh -lc 'exec /mydata/cache_ext/My-YCSB/build/run_net_leveldb /tmp/dual_client_ycsb_e_mdqb_bwi.yaml'
2026-03-26 02:54:53,444 INFO Starting remote client client_ycsb_a on krisub@node1: ssh -o StrictHostKeyChecking=no -o BatchMode=yes -i /users/krisub/.ssh/id_ed25519 krisub@node1 sh -lc 'exec /mydata/cache_ext/My-YCSB/build/run_net_leveldb /tmp/dual_client_ycsb_a_jzixiemp.yaml'
2026-03-26 02:56:32,736 INFO Client client_ycsb_e: throughput=74851.34
2026-03-26 02:56:32,738 INFO Client client_ycsb_a: throughput=3852.01
2026-03-26 02:56:32,738 INFO Dual-client combined throughput: 78703.35 ops/sec
2026-03-26 02:56:33,233 INFO Trace ycsb_e_a run 1: throughput=78703.35 ops/sec
2026-03-26 02:56:33,234 INFO --- Trace 6/7 (ycsb_e_a) run 2/3  [17/21 overall] ---
2026-03-26 02:56:33,234 INFO CMD: sudo sync
2026-03-26 02:56:33,419 INFO CMD: sudo sh -c echo 3 > /proc/sys/vm/drop_caches
2026-03-26 02:56:33,711 INFO Page cache dropped.
2026-03-26 02:56:36,477 INFO Starting remote client client_ycsb_e on krisub@node1: ssh -o StrictHostKeyChecking=no -o BatchMode=yes -i /users/krisub/.ssh/id_ed25519 krisub@node1 sh -lc 'exec /mydata/cache_ext/My-YCSB/build/run_net_leveldb /tmp/dual_client_ycsb_e_bk8vejbx.yaml'
2026-03-26 02:56:36,724 INFO Starting remote client client_ycsb_a on krisub@node1: ssh -o StrictHostKeyChecking=no -o BatchMode=yes -i /users/krisub/.ssh/id_ed25519 krisub@node1 sh -lc 'exec /mydata/cache_ext/My-YCSB/build/run_net_leveldb /tmp/dual_client_ycsb_a_owu4e48m.yaml'
2026-03-26 02:58:15,717 INFO Client client_ycsb_e: throughput=71230.58
2026-03-26 02:58:15,719 INFO Client client_ycsb_a: throughput=3807.34
2026-03-26 02:58:15,719 INFO Dual-client combined throughput: 75037.92 ops/sec
2026-03-26 02:58:16,178 INFO Trace ycsb_e_a run 2: throughput=75037.92 ops/sec
2026-03-26 02:58:16,178 INFO --- Trace 6/7 (ycsb_e_a) run 3/3  [18/21 overall] ---
2026-03-26 02:58:16,178 INFO CMD: sudo sync
2026-03-26 02:58:16,414 INFO CMD: sudo sh -c echo 3 > /proc/sys/vm/drop_caches
2026-03-26 02:58:16,703 INFO Page cache dropped.
2026-03-26 02:58:19,445 INFO Starting remote client client_ycsb_e on krisub@node1: ssh -o StrictHostKeyChecking=no -o BatchMode=yes -i /users/krisub/.ssh/id_ed25519 krisub@node1 sh -lc 'exec /mydata/cache_ext/My-YCSB/build/run_net_leveldb /tmp/dual_client_ycsb_e_agje6xaa.yaml'
2026-03-26 02:58:19,692 INFO Starting remote client client_ycsb_a on krisub@node1: ssh -o StrictHostKeyChecking=no -o BatchMode=yes -i /users/krisub/.ssh/id_ed25519 krisub@node1 sh -lc 'exec /mydata/cache_ext/My-YCSB/build/run_net_leveldb /tmp/dual_client_ycsb_a_jmiw_77_.yaml'
2026-03-26 02:59:58,634 INFO Client client_ycsb_e: throughput=73118.47
2026-03-26 02:59:58,635 INFO Client client_ycsb_a: throughput=3734.37
2026-03-26 02:59:58,635 INFO Dual-client combined throughput: 76852.84 ops/sec
2026-03-26 02:59:59,105 INFO Trace ycsb_e_a run 3: throughput=76852.84 ops/sec
2026-03-26 02:59:59,106 INFO Trace ycsb_e_a summary: mean=76864.70 std=1832.74 min=75037.92 max=78703.35 (CV=2.4%)
2026-03-26 02:59:59,143 INFO --- Trace 7/7 (ycsb_e_f) run 1/3  [19/21 overall] ---
2026-03-26 02:59:59,143 INFO CMD: sudo sync
2026-03-26 02:59:59,400 INFO CMD: sudo sh -c echo 3 > /proc/sys/vm/drop_caches
2026-03-26 02:59:59,626 INFO Page cache dropped.
2026-03-26 03:00:02,433 INFO Starting remote client client_ycsb_e on krisub@node1: ssh -o StrictHostKeyChecking=no -o BatchMode=yes -i /users/krisub/.ssh/id_ed25519 krisub@node1 sh -lc 'exec /mydata/cache_ext/My-YCSB/build/run_net_leveldb /tmp/dual_client_ycsb_e_m7stwwf5.yaml'
2026-03-26 03:00:02,683 INFO Starting remote client client_ycsb_f on krisub@node1: ssh -o StrictHostKeyChecking=no -o BatchMode=yes -i /users/krisub/.ssh/id_ed25519 krisub@node1 sh -lc 'exec /mydata/cache_ext/My-YCSB/build/run_net_leveldb /tmp/dual_client_ycsb_f_5y5qjas3.yaml'
2026-03-26 03:01:41,779 INFO Client client_ycsb_e: throughput=71043.48
2026-03-26 03:01:41,780 INFO Client client_ycsb_f: throughput=226.62
2026-03-26 03:01:41,780 INFO Dual-client combined throughput: 71270.10 ops/sec
2026-03-26 03:01:42,261 INFO Trace ycsb_e_f run 1: throughput=71270.10 ops/sec
2026-03-26 03:01:42,261 INFO --- Trace 7/7 (ycsb_e_f) run 2/3  [20/21 overall] ---
2026-03-26 03:01:42,261 INFO CMD: sudo sync
2026-03-26 03:01:42,450 INFO CMD: sudo sh -c echo 3 > /proc/sys/vm/drop_caches
2026-03-26 03:01:42,744 INFO Page cache dropped.
2026-03-26 03:01:45,505 INFO Starting remote client client_ycsb_e on krisub@node1: ssh -o StrictHostKeyChecking=no -o BatchMode=yes -i /users/krisub/.ssh/id_ed25519 krisub@node1 sh -lc 'exec /mydata/cache_ext/My-YCSB/build/run_net_leveldb /tmp/dual_client_ycsb_e_qpqk81sz.yaml'
2026-03-26 03:01:45,772 INFO Starting remote client client_ycsb_f on krisub@node1: ssh -o StrictHostKeyChecking=no -o BatchMode=yes -i /users/krisub/.ssh/id_ed25519 krisub@node1 sh -lc 'exec /mydata/cache_ext/My-YCSB/build/run_net_leveldb /tmp/dual_client_ycsb_f_fzq0zr2c.yaml'
2026-03-26 03:03:25,066 INFO Client client_ycsb_e: throughput=78348.86
2026-03-26 03:03:36,664 INFO Client client_ycsb_f: throughput=243.46
2026-03-26 03:03:36,664 INFO Dual-client combined throughput: 78592.32 ops/sec
2026-03-26 03:03:37,141 INFO Trace ycsb_e_f run 2: throughput=78592.32 ops/sec
2026-03-26 03:03:37,141 INFO --- Trace 7/7 (ycsb_e_f) run 3/3  [21/21 overall] ---
2026-03-26 03:03:37,142 INFO CMD: sudo sync
2026-03-26 03:03:37,424 INFO CMD: sudo sh -c echo 3 > /proc/sys/vm/drop_caches
2026-03-26 03:03:37,713 INFO Page cache dropped.
2026-03-26 03:03:40,465 INFO Starting remote client client_ycsb_e on krisub@node1: ssh -o StrictHostKeyChecking=no -o BatchMode=yes -i /users/krisub/.ssh/id_ed25519 krisub@node1 sh -lc 'exec /mydata/cache_ext/My-YCSB/build/run_net_leveldb /tmp/dual_client_ycsb_e_fgprr4tf.yaml'
2026-03-26 03:03:40,712 INFO Starting remote client client_ycsb_f on krisub@node1: ssh -o StrictHostKeyChecking=no -o BatchMode=yes -i /users/krisub/.ssh/id_ed25519 krisub@node1 sh -lc 'exec /mydata/cache_ext/My-YCSB/build/run_net_leveldb /tmp/dual_client_ycsb_f_wjrrow8_.yaml'
2026-03-26 03:05:19,954 INFO Client client_ycsb_e: throughput=77261.25
2026-03-26 03:05:19,955 INFO Client client_ycsb_f: throughput=233.57
2026-03-26 03:05:19,955 INFO Dual-client combined throughput: 77494.82 ops/sec
2026-03-26 03:05:20,422 INFO Trace ycsb_e_f run 3: throughput=77494.82 ops/sec
2026-03-26 03:05:20,422 INFO Trace ycsb_e_f summary: mean=75785.75 std=3948.98 min=71270.10 max=78592.32 (CV=5.2%)
2026-03-26 03:05:20,439 INFO === Evaluation complete (3 runs per trace) ===
2026-03-26 03:05:20,440 INFO Combined score (harmonic mean of means): 4973.71  (7/7 traces passed)
2026-03-26 03:05:20,440 INFO   ycsb_c_a: mean=3578.41 std=110.30 [3452.63 .. 3658.63]
2026-03-26 03:05:20,440 INFO   ycsb_c_e: mean=77705.86 std=2007.32 [75398.44 .. 79049.86]
2026-03-26 03:05:20,440 INFO   ycsb_c_f: mean=1574.53 std=163.14 [1478.34 .. 1762.89]
2026-03-26 03:05:20,440 INFO   ycsb_b_a: mean=4087.12 std=230.88 [3918.47 .. 4350.25]
2026-03-26 03:05:20,440 INFO   ycsb_a_d: mean=4782.60 std=240.19 [4516.95 .. 4984.43]
2026-03-26 03:05:20,440 INFO   ycsb_e_a: mean=76864.70 std=1832.74 [75037.92 .. 78703.35]
2026-03-26 03:05:20,440 INFO   ycsb_e_f: mean=75785.75 std=3948.98 [71270.10 .. 78592.32]
2026-03-26 03:05:20,440 INFO Stopping net_leveldb_server (PID 468352)
2026-03-26 03:05:20,440 INFO CMD: sudo kill 468352
2026-03-26 03:05:20,558 INFO Unloading BPF policy (PID 468349)
2026-03-26 03:05:20,558 INFO CMD: sudo kill -2 468349
2026-03-26 03:05:20,839 INFO CMD: sudo rm -f /sys/fs/bpf/cache_ext/scan_pids
2026-03-26 03:05:20,935 INFO CMD: sudo sh -c echo 0x0007 > /sys/kernel/mm/lru_gen/enabled
2026-03-26 03:05:21,004 INFO MGLRU re-enabled (restored to 0x0007).
2026-03-26 03:05:21,004 INFO MGLRU watchdog stopped (PID 468328)
