2026-03-10 23:45:15,907 INFO Waiting for evaluation lock /tmp/cache_ext_file_evaluate.lock ...
2026-03-10 23:45:15,908 INFO Acquired evaluation lock.
2026-03-10 23:45:15,908 INFO === Step 0: Drop page cache ===
2026-03-10 23:45:15,908 INFO CMD: sudo sync
2026-03-10 23:45:16,052 INFO CMD: sudo sh -c echo 3 > /proc/sys/vm/drop_caches
2026-03-10 23:45:16,182 INFO Page cache dropped.
2026-03-10 23:45:16,182 INFO === Step 1: Compile evolved policy ===
2026-03-10 23:45:16,189 INFO CMD: sudo chown -R root: /mydata/cache_ext/eviction_evo/build
2026-03-10 23:45:16,584 INFO CMD: clang-14 -O2 -target bpf -D__TARGET_ARCH_x86 -c -g -Wall -idirafter /usr/lib/llvm-14/lib/clang/14.0.0/include -idirafter /usr/local/include -idirafter /usr/include/x86_64-linux-gnu -idirafter /usr/include /mydata/cache_ext/eviction_evo/build/cache_ext_evolved.bpf.c -o /mydata/cache_ext/eviction_evo/build/cache_ext_evolved.bpf.o
2026-03-10 23:45:19,381 INFO CMD: /usr/local/sbin/bpftool gen skeleton /mydata/cache_ext/eviction_evo/build/cache_ext_evolved.bpf.o name cache_ext_evolved_bpf
2026-03-10 23:45:19,567 INFO CMD: clang-14 -O2 -g -Wall -I/mydata/cache_ext/eviction_evo/build -I/mydata/cache_ext/policies /mydata/cache_ext/eviction_evo/cache_ext_evolved.c -o /mydata/cache_ext/eviction_evo/build/cache_ext_evolved.out -L/usr/local/lib64 -lbpf
2026-03-10 23:45:20,469 INFO Compilation successful: /mydata/cache_ext/eviction_evo/build/cache_ext_evolved.out
2026-03-10 23:45:20,469 INFO === Step 2: Disable MGLRU ===
2026-03-10 23:45:20,469 INFO MGLRU current state: 0x0007 — disabling
2026-03-10 23:45:20,469 INFO CMD: sudo sh -c echo 0 > /sys/kernel/mm/lru_gen/enabled
2026-03-10 23:45:20,515 INFO MGLRU disabled.
2026-03-10 23:45:20,515 INFO === Step 3: Create cgroup ===
2026-03-10 23:45:20,515 INFO CMD: sudo cgdelete memory:cache_ext_test
2026-03-10 23:45:20,548 INFO CMD: sudo cgcreate -g memory:cache_ext_test
2026-03-10 23:45:20,655 INFO CMD: sudo sh -c echo 134217728 > /sys/fs/cgroup/cache_ext_test/memory.max
2026-03-10 23:45:20,669 INFO CMD: sudo sh -c echo 268435456 > /sys/fs/cgroup/cache_ext_test/memory.swap.max
2026-03-10 23:45:20,681 INFO Created cgroup cache_ext_test with limit 134217728 bytes, swap limit 268435456 bytes
2026-03-10 23:45:20,681 INFO === Step 4: Load BPF policy ===
2026-03-10 23:45:20,681 INFO Loading policy: sudo /mydata/cache_ext/eviction_evo/build/cache_ext_evolved.out --watch_dir /mydata/file_workload_data --cgroup_path /sys/fs/cgroup/cache_ext_test
2026-03-10 23:45:30,692 INFO Policy loaded (PID 127962)
2026-03-10 23:45:30,693 INFO === Step 5: Run 2 file workload traces ===
2026-03-10 23:45:30,693 INFO --- Trace 1/2: file_priority ---
2026-03-10 23:45:30,722 INFO Starting process high_prio_reader: sudo cgexec -g memory:cache_ext_test sh -c echo $$ > "/tmp/file_workload_high_prio_reader_127922.pid" && exec "/mydata/cache_ext/eviction_evo/build/file_workload" "/tmp/file_high_prio_reader_oiei87jb.yaml"
2026-03-10 23:45:30,725 INFO Starting process low_prio_reader: sudo cgexec -g memory:cache_ext_test sh -c echo $$ > "/tmp/file_workload_low_prio_reader_127922.pid" && exec "/mydata/cache_ext/eviction_evo/build/file_workload" "/tmp/file_low_prio_reader_i_9pg77r.yaml"
2026-03-10 23:45:33,730 INFO Process high_prio_reader actual PID: 127971 (wrapper PID: 127967)
2026-03-10 23:45:33,730 INFO Process low_prio_reader actual PID: 127972 (wrapper PID: 127968)
2026-03-10 23:47:41,575 INFO Process high_prio_reader: throughput=3300.97
2026-03-10 23:47:41,575 INFO Process low_prio_reader: throughput=195.18
2026-03-10 23:47:41,575 INFO File workload combined throughput: 3496.15 ops/sec
2026-03-10 23:47:41,576 INFO Trace file_priority: throughput=3496.15 ops/sec
2026-03-10 23:47:41,576 INFO --- Trace 2/2: file_niceness ---
2026-03-10 23:47:41,576 INFO CMD: sudo sync
2026-03-10 23:47:41,700 INFO CMD: sudo sh -c echo 3 > /proc/sys/vm/drop_caches
2026-03-10 23:47:41,992 INFO Page cache dropped.
2026-03-10 23:47:44,039 INFO Starting process reader_alpha: sudo cgexec -g memory:cache_ext_test sh -c echo $$ > "/tmp/file_workload_reader_alpha_127922.pid" && exec "/mydata/cache_ext/eviction_evo/build/file_workload" "/tmp/file_reader_alpha_0lj094hw.yaml"
2026-03-10 23:47:44,085 INFO Starting process reader_beta: sudo cgexec -g memory:cache_ext_test sh -c echo $$ > "/tmp/file_workload_reader_beta_127922.pid" && exec "/mydata/cache_ext/eviction_evo/build/file_workload" "/tmp/file_reader_beta_w62so3se.yaml"
2026-03-10 23:47:47,090 INFO Process reader_alpha actual PID: 128013 (wrapper PID: 128008)
2026-03-10 23:47:47,090 INFO Process reader_beta actual PID: 128012 (wrapper PID: 128009)
2026-03-10 23:47:47,090 INFO CMD: sudo renice -15 -p 128013
2026-03-10 23:47:47,378 INFO CMD: sudo renice 15 -p 128012
2026-03-10 23:47:48,396 INFO CMD: sudo renice -15 -p 128013
2026-03-10 23:47:48,413 INFO CMD: sudo renice 15 -p 128012
2026-03-10 23:47:49,429 INFO CMD: sudo renice -15 -p 128013
2026-03-10 23:47:49,447 INFO CMD: sudo renice 15 -p 128012
2026-03-10 23:47:50,466 INFO CMD: sudo renice -15 -p 128013
2026-03-10 23:47:50,485 INFO CMD: sudo renice 15 -p 128012
2026-03-10 23:47:51,502 INFO CMD: sudo renice -15 -p 128013
2026-03-10 23:47:51,519 INFO CMD: sudo renice 15 -p 128012
2026-03-10 23:47:52,537 INFO CMD: sudo renice -15 -p 128013
2026-03-10 23:47:52,557 INFO CMD: sudo renice 15 -p 128012
2026-03-10 23:47:53,574 INFO CMD: sudo renice -15 -p 128013
2026-03-10 23:47:53,594 INFO CMD: sudo renice 15 -p 128012
2026-03-10 23:47:54,613 INFO CMD: sudo renice -15 -p 128013
2026-03-10 23:47:54,631 INFO CMD: sudo renice 15 -p 128012
2026-03-10 23:47:55,648 INFO CMD: sudo renice -15 -p 128013
2026-03-10 23:47:55,667 INFO CMD: sudo renice 15 -p 128012
2026-03-10 23:47:56,682 INFO CMD: sudo renice -15 -p 128013
2026-03-10 23:47:56,700 INFO CMD: sudo renice 15 -p 128012
2026-03-10 23:47:57,716 INFO CMD: sudo renice -15 -p 128013
2026-03-10 23:47:57,733 INFO CMD: sudo renice 15 -p 128012
2026-03-10 23:47:58,749 INFO CMD: sudo renice -15 -p 128013
2026-03-10 23:47:58,766 INFO CMD: sudo renice 15 -p 128012
2026-03-10 23:47:59,783 INFO CMD: sudo renice -15 -p 128013
2026-03-10 23:47:59,798 INFO CMD: sudo renice 15 -p 128012
2026-03-10 23:48:00,812 INFO CMD: sudo renice -15 -p 128013
2026-03-10 23:48:00,830 INFO CMD: sudo renice 15 -p 128012
2026-03-10 23:48:01,846 INFO CMD: sudo renice -15 -p 128013
2026-03-10 23:48:01,864 INFO CMD: sudo renice 15 -p 128012
2026-03-10 23:48:02,881 INFO CMD: sudo renice -15 -p 128013
2026-03-10 23:48:02,899 INFO CMD: sudo renice 15 -p 128012
2026-03-10 23:48:03,915 INFO CMD: sudo renice -15 -p 128013
2026-03-10 23:48:03,933 INFO CMD: sudo renice 15 -p 128012
2026-03-10 23:48:04,949 INFO CMD: sudo renice -15 -p 128013
2026-03-10 23:48:04,968 INFO CMD: sudo renice 15 -p 128012
2026-03-10 23:48:05,985 INFO CMD: sudo renice -15 -p 128013
2026-03-10 23:48:06,002 INFO CMD: sudo renice 15 -p 128012
2026-03-10 23:48:07,021 INFO CMD: sudo renice -15 -p 128013
2026-03-10 23:48:07,039 INFO CMD: sudo renice 15 -p 128012
2026-03-10 23:48:08,055 INFO CMD: sudo renice -15 -p 128013
2026-03-10 23:48:08,074 INFO CMD: sudo renice 15 -p 128012
2026-03-10 23:48:09,091 INFO CMD: sudo renice -15 -p 128013
2026-03-10 23:48:09,108 INFO CMD: sudo renice 15 -p 128012
2026-03-10 23:48:10,126 INFO CMD: sudo renice -15 -p 128013
2026-03-10 23:48:10,143 INFO CMD: sudo renice 15 -p 128012
2026-03-10 23:48:11,160 INFO CMD: sudo renice -15 -p 128013
2026-03-10 23:48:11,176 INFO CMD: sudo renice 15 -p 128012
2026-03-10 23:48:12,191 INFO CMD: sudo renice -15 -p 128013
2026-03-10 23:48:12,208 INFO CMD: sudo renice 15 -p 128012
2026-03-10 23:48:13,223 INFO CMD: sudo renice -15 -p 128013
2026-03-10 23:48:13,240 INFO CMD: sudo renice 15 -p 128012
2026-03-10 23:48:14,256 INFO CMD: sudo renice -15 -p 128013
2026-03-10 23:48:14,272 INFO CMD: sudo renice 15 -p 128012
2026-03-10 23:48:15,288 INFO CMD: sudo renice -15 -p 128013
2026-03-10 23:48:15,304 INFO CMD: sudo renice 15 -p 128012
2026-03-10 23:48:16,321 INFO CMD: sudo renice -15 -p 128013
2026-03-10 23:48:16,337 INFO CMD: sudo renice 15 -p 128012
2026-03-10 23:48:17,353 INFO CMD: sudo renice -15 -p 128013
2026-03-10 23:48:17,370 INFO CMD: sudo renice 15 -p 128012
2026-03-10 23:48:18,385 INFO CMD: sudo renice -15 -p 128013
2026-03-10 23:48:18,403 INFO CMD: sudo renice 15 -p 128012
2026-03-10 23:48:19,422 INFO CMD: sudo renice -15 -p 128013
2026-03-10 23:48:19,440 INFO CMD: sudo renice 15 -p 128012
2026-03-10 23:48:20,456 INFO CMD: sudo renice -15 -p 128013
2026-03-10 23:48:20,475 INFO CMD: sudo renice 15 -p 128012
2026-03-10 23:48:21,491 INFO CMD: sudo renice -15 -p 128013
2026-03-10 23:48:21,508 INFO CMD: sudo renice 15 -p 128012
2026-03-10 23:48:22,523 INFO CMD: sudo renice -15 -p 128013
2026-03-10 23:48:22,541 INFO CMD: sudo renice 15 -p 128012
2026-03-10 23:48:23,557 INFO CMD: sudo renice -15 -p 128013
2026-03-10 23:48:23,574 INFO CMD: sudo renice 15 -p 128012
2026-03-10 23:48:24,591 INFO CMD: sudo renice -15 -p 128013
2026-03-10 23:48:24,608 INFO CMD: sudo renice 15 -p 128012
2026-03-10 23:48:25,622 INFO CMD: sudo renice -15 -p 128013
2026-03-10 23:48:25,640 INFO CMD: sudo renice 15 -p 128012
2026-03-10 23:48:26,656 INFO CMD: sudo renice -15 -p 128013
2026-03-10 23:48:26,673 INFO CMD: sudo renice 15 -p 128012
2026-03-10 23:48:27,688 INFO CMD: sudo renice -15 -p 128013
2026-03-10 23:48:27,704 INFO CMD: sudo renice 15 -p 128012
2026-03-10 23:48:28,721 INFO CMD: sudo renice -15 -p 128013
2026-03-10 23:48:28,739 INFO CMD: sudo renice 15 -p 128012
2026-03-10 23:48:29,755 INFO CMD: sudo renice -15 -p 128013
2026-03-10 23:48:29,771 INFO CMD: sudo renice 15 -p 128012
2026-03-10 23:48:30,787 INFO CMD: sudo renice -15 -p 128013
2026-03-10 23:48:30,806 INFO CMD: sudo renice 15 -p 128012
2026-03-10 23:48:31,825 INFO CMD: sudo renice -15 -p 128013
2026-03-10 23:48:31,841 INFO CMD: sudo renice 15 -p 128012
2026-03-10 23:48:32,857 INFO CMD: sudo renice -15 -p 128013
2026-03-10 23:48:32,875 INFO CMD: sudo renice 15 -p 128012
2026-03-10 23:48:33,893 INFO CMD: sudo renice -15 -p 128013
2026-03-10 23:48:33,910 INFO CMD: sudo renice 15 -p 128012
2026-03-10 23:48:34,926 INFO CMD: sudo renice -15 -p 128013
2026-03-10 23:48:34,944 INFO CMD: sudo renice 15 -p 128012
2026-03-10 23:48:35,960 INFO CMD: sudo renice -15 -p 128013
2026-03-10 23:48:35,979 INFO CMD: sudo renice 15 -p 128012
2026-03-10 23:48:36,997 INFO CMD: sudo renice -15 -p 128013
2026-03-10 23:48:37,015 INFO CMD: sudo renice 15 -p 128012
2026-03-10 23:48:38,032 INFO CMD: sudo renice -15 -p 128013
2026-03-10 23:48:38,049 INFO CMD: sudo renice 15 -p 128012
2026-03-10 23:48:39,064 INFO CMD: sudo renice -15 -p 128013
2026-03-10 23:48:39,083 INFO CMD: sudo renice 15 -p 128012
2026-03-10 23:48:40,098 INFO CMD: sudo renice -15 -p 128013
2026-03-10 23:48:40,116 INFO CMD: sudo renice 15 -p 128012
2026-03-10 23:48:41,131 INFO CMD: sudo renice -15 -p 128013
2026-03-10 23:48:41,148 INFO CMD: sudo renice 15 -p 128012
2026-03-10 23:48:42,163 INFO CMD: sudo renice -15 -p 128013
2026-03-10 23:48:42,181 INFO CMD: sudo renice 15 -p 128012
2026-03-10 23:48:43,197 INFO CMD: sudo renice -15 -p 128013
2026-03-10 23:48:43,214 INFO CMD: sudo renice 15 -p 128012
2026-03-10 23:48:44,230 INFO CMD: sudo renice -15 -p 128013
2026-03-10 23:48:44,248 INFO CMD: sudo renice 15 -p 128012
2026-03-10 23:48:45,264 INFO CMD: sudo renice -15 -p 128013
2026-03-10 23:48:45,282 INFO CMD: sudo renice 15 -p 128012
2026-03-10 23:48:46,297 INFO CMD: sudo renice -15 -p 128013
2026-03-10 23:48:46,315 INFO CMD: sudo renice 15 -p 128012
2026-03-10 23:48:47,332 INFO CMD: sudo renice 15 -p 128013
2026-03-10 23:48:47,352 INFO CMD: sudo renice -15 -p 128012
2026-03-10 23:48:48,371 INFO CMD: sudo renice 15 -p 128013
2026-03-10 23:48:48,388 INFO CMD: sudo renice -15 -p 128012
2026-03-10 23:48:49,406 INFO CMD: sudo renice 15 -p 128013
2026-03-10 23:48:49,424 INFO CMD: sudo renice -15 -p 128012
2026-03-10 23:48:50,441 INFO CMD: sudo renice 15 -p 128013
2026-03-10 23:48:50,459 INFO CMD: sudo renice -15 -p 128012
2026-03-10 23:48:51,476 INFO CMD: sudo renice 15 -p 128013
2026-03-10 23:48:51,494 INFO CMD: sudo renice -15 -p 128012
2026-03-10 23:48:52,512 INFO CMD: sudo renice 15 -p 128013
2026-03-10 23:48:52,528 INFO CMD: sudo renice -15 -p 128012
2026-03-10 23:48:53,546 INFO CMD: sudo renice 15 -p 128013
2026-03-10 23:48:53,564 INFO CMD: sudo renice -15 -p 128012
2026-03-10 23:48:54,581 INFO CMD: sudo renice 15 -p 128013
2026-03-10 23:48:54,599 INFO CMD: sudo renice -15 -p 128012
2026-03-10 23:48:55,614 INFO CMD: sudo renice 15 -p 128013
2026-03-10 23:48:55,632 INFO CMD: sudo renice -15 -p 128012
2026-03-10 23:48:56,649 INFO CMD: sudo renice 15 -p 128013
2026-03-10 23:48:56,664 INFO CMD: sudo renice -15 -p 128012
2026-03-10 23:48:57,681 INFO CMD: sudo renice 15 -p 128013
2026-03-10 23:48:57,701 INFO CMD: sudo renice -15 -p 128012
2026-03-10 23:48:58,719 INFO CMD: sudo renice 15 -p 128013
2026-03-10 23:48:58,736 INFO CMD: sudo renice -15 -p 128012
2026-03-10 23:48:59,752 INFO CMD: sudo renice 15 -p 128013
2026-03-10 23:48:59,768 INFO CMD: sudo renice -15 -p 128012
2026-03-10 23:49:00,784 INFO CMD: sudo renice 15 -p 128013
2026-03-10 23:49:00,802 INFO CMD: sudo renice -15 -p 128012
2026-03-10 23:49:01,819 INFO CMD: sudo renice 15 -p 128013
2026-03-10 23:49:01,837 INFO CMD: sudo renice -15 -p 128012
2026-03-10 23:49:02,853 INFO CMD: sudo renice 15 -p 128013
2026-03-10 23:49:02,872 INFO CMD: sudo renice -15 -p 128012
2026-03-10 23:49:03,890 INFO CMD: sudo renice 15 -p 128013
2026-03-10 23:49:03,908 INFO CMD: sudo renice -15 -p 128012
2026-03-10 23:49:04,924 INFO CMD: sudo renice 15 -p 128013
2026-03-10 23:49:04,942 INFO CMD: sudo renice -15 -p 128012
2026-03-10 23:49:05,959 INFO CMD: sudo renice 15 -p 128013
2026-03-10 23:49:05,975 INFO CMD: sudo renice -15 -p 128012
2026-03-10 23:49:06,991 INFO CMD: sudo renice 15 -p 128013
2026-03-10 23:49:07,008 INFO CMD: sudo renice -15 -p 128012
2026-03-10 23:49:08,024 INFO CMD: sudo renice 15 -p 128013
2026-03-10 23:49:08,042 INFO CMD: sudo renice -15 -p 128012
2026-03-10 23:49:09,057 INFO CMD: sudo renice 15 -p 128013
2026-03-10 23:49:09,076 INFO CMD: sudo renice -15 -p 128012
2026-03-10 23:49:10,091 INFO CMD: sudo renice 15 -p 128013
2026-03-10 23:49:10,107 INFO CMD: sudo renice -15 -p 128012
2026-03-10 23:49:11,123 INFO CMD: sudo renice 15 -p 128013
2026-03-10 23:49:11,140 INFO CMD: sudo renice -15 -p 128012
2026-03-10 23:49:12,156 INFO CMD: sudo renice 15 -p 128013
2026-03-10 23:49:12,173 INFO CMD: sudo renice -15 -p 128012
2026-03-10 23:49:13,190 INFO CMD: sudo renice 15 -p 128013
2026-03-10 23:49:13,207 INFO CMD: sudo renice -15 -p 128012
2026-03-10 23:49:14,224 INFO CMD: sudo renice 15 -p 128013
2026-03-10 23:49:14,242 INFO CMD: sudo renice -15 -p 128012
2026-03-10 23:49:15,260 INFO CMD: sudo renice 15 -p 128013
2026-03-10 23:49:15,276 INFO CMD: sudo renice -15 -p 128012
2026-03-10 23:49:16,293 INFO CMD: sudo renice 15 -p 128013
2026-03-10 23:49:16,310 INFO CMD: sudo renice -15 -p 128012
2026-03-10 23:49:17,327 INFO CMD: sudo renice 15 -p 128013
2026-03-10 23:49:17,344 INFO CMD: sudo renice -15 -p 128012
2026-03-10 23:49:18,359 INFO CMD: sudo renice 15 -p 128013
2026-03-10 23:49:18,377 INFO CMD: sudo renice -15 -p 128012
2026-03-10 23:49:19,392 INFO CMD: sudo renice 15 -p 128013
2026-03-10 23:49:19,410 INFO CMD: sudo renice -15 -p 128012
2026-03-10 23:49:20,428 INFO CMD: sudo renice 15 -p 128013
2026-03-10 23:49:20,446 INFO CMD: sudo renice -15 -p 128012
2026-03-10 23:49:21,462 INFO CMD: sudo renice 15 -p 128013
2026-03-10 23:49:21,480 INFO CMD: sudo renice -15 -p 128012
2026-03-10 23:49:22,497 INFO CMD: sudo renice 15 -p 128013
2026-03-10 23:49:22,515 INFO CMD: sudo renice -15 -p 128012
2026-03-10 23:49:23,531 INFO CMD: sudo renice 15 -p 128013
2026-03-10 23:49:23,548 INFO CMD: sudo renice -15 -p 128012
2026-03-10 23:49:24,566 INFO CMD: sudo renice 15 -p 128013
2026-03-10 23:49:24,585 INFO CMD: sudo renice -15 -p 128012
2026-03-10 23:49:25,603 INFO CMD: sudo renice 15 -p 128013
2026-03-10 23:49:25,620 INFO CMD: sudo renice -15 -p 128012
2026-03-10 23:49:26,636 INFO CMD: sudo renice 15 -p 128013
2026-03-10 23:49:26,652 INFO CMD: sudo renice -15 -p 128012
2026-03-10 23:49:27,666 INFO CMD: sudo renice 15 -p 128013
2026-03-10 23:49:27,684 INFO CMD: sudo renice -15 -p 128012
2026-03-10 23:49:28,701 INFO CMD: sudo renice 15 -p 128013
2026-03-10 23:49:28,717 INFO CMD: sudo renice -15 -p 128012
2026-03-10 23:49:29,731 INFO CMD: sudo renice 15 -p 128013
2026-03-10 23:49:29,749 INFO CMD: sudo renice -15 -p 128012
2026-03-10 23:49:30,765 INFO CMD: sudo renice 15 -p 128013
2026-03-10 23:49:30,782 INFO CMD: sudo renice -15 -p 128012
2026-03-10 23:49:31,800 INFO CMD: sudo renice 15 -p 128013
2026-03-10 23:49:31,816 INFO CMD: sudo renice -15 -p 128012
2026-03-10 23:49:32,832 INFO CMD: sudo renice 15 -p 128013
2026-03-10 23:49:32,849 INFO CMD: sudo renice -15 -p 128012
2026-03-10 23:49:33,866 INFO CMD: sudo renice 15 -p 128013
2026-03-10 23:49:33,882 INFO CMD: sudo renice -15 -p 128012
2026-03-10 23:49:34,897 INFO CMD: sudo renice 15 -p 128013
2026-03-10 23:49:34,912 INFO CMD: sudo renice -15 -p 128012
2026-03-10 23:49:35,927 INFO CMD: sudo renice 15 -p 128013
2026-03-10 23:49:35,944 INFO CMD: sudo renice -15 -p 128012
2026-03-10 23:49:36,963 INFO CMD: sudo renice 15 -p 128013
2026-03-10 23:49:36,980 INFO CMD: sudo renice -15 -p 128012
2026-03-10 23:49:37,995 INFO CMD: sudo renice 15 -p 128013
2026-03-10 23:49:38,012 INFO CMD: sudo renice -15 -p 128012
2026-03-10 23:49:39,028 INFO CMD: sudo renice 15 -p 128013
2026-03-10 23:49:39,047 INFO CMD: sudo renice -15 -p 128012
2026-03-10 23:49:40,063 INFO CMD: sudo renice 15 -p 128013
2026-03-10 23:49:40,080 INFO CMD: sudo renice -15 -p 128012
2026-03-10 23:49:41,094 INFO CMD: sudo renice 15 -p 128013
2026-03-10 23:49:41,112 INFO CMD: sudo renice -15 -p 128012
2026-03-10 23:49:42,128 INFO CMD: sudo renice 15 -p 128013
2026-03-10 23:49:42,145 INFO CMD: sudo renice -15 -p 128012
2026-03-10 23:49:43,161 INFO CMD: sudo renice 15 -p 128013
2026-03-10 23:49:43,180 INFO CMD: sudo renice -15 -p 128012
2026-03-10 23:49:44,196 INFO CMD: sudo renice 15 -p 128013
2026-03-10 23:49:44,214 INFO CMD: sudo renice -15 -p 128012
2026-03-10 23:49:45,230 INFO CMD: sudo renice 15 -p 128013
2026-03-10 23:49:45,247 INFO CMD: sudo renice -15 -p 128012
2026-03-10 23:49:46,264 INFO CMD: sudo renice 15 -p 128013
2026-03-10 23:49:46,280 INFO CMD: sudo renice -15 -p 128012
2026-03-10 23:49:47,294 INFO CMD: sudo renice 15 -p 128013
2026-03-10 23:49:47,312 INFO CMD: sudo renice -15 -p 128012
2026-03-10 23:49:48,330 INFO CMD: sudo renice 15 -p 128013
2026-03-10 23:49:48,348 INFO CMD: sudo renice -15 -p 128012
2026-03-10 23:49:49,364 INFO CMD: sudo renice 15 -p 128013
2026-03-10 23:49:49,381 INFO CMD: sudo renice -15 -p 128012
2026-03-10 23:49:50,397 INFO CMD: sudo renice 15 -p 128013
2026-03-10 23:49:50,415 INFO CMD: sudo renice -15 -p 128012
2026-03-10 23:49:51,431 INFO CMD: sudo renice 15 -p 128013
2026-03-10 23:49:51,448 INFO CMD: sudo renice -15 -p 128012
2026-03-10 23:49:52,465 INFO CMD: sudo renice 15 -p 128013
2026-03-10 23:49:52,481 INFO CMD: sudo renice -15 -p 128012
2026-03-10 23:49:53,496 INFO CMD: sudo renice 15 -p 128013
2026-03-10 23:49:53,513 INFO CMD: sudo renice -15 -p 128012
2026-03-10 23:49:54,531 INFO CMD: sudo renice 15 -p 128013
2026-03-10 23:49:54,548 INFO CMD: sudo renice -15 -p 128012
2026-03-10 23:49:55,563 INFO Process reader_alpha: throughput=2305.34
2026-03-10 23:49:55,564 INFO Process reader_beta: throughput=189.05
2026-03-10 23:49:55,564 INFO File workload combined throughput: 2494.39 ops/sec
2026-03-10 23:49:55,579 INFO Trace file_niceness: throughput=2494.39 ops/sec
2026-03-10 23:49:55,593 INFO === Evaluation complete ===
2026-03-10 23:49:55,593 INFO Combined score (harmonic mean): 2911.51  (2/2 traces passed)
2026-03-10 23:49:55,593 INFO   file_priority: 3496.15 ops/sec
2026-03-10 23:49:55,594 INFO   file_niceness: 2494.39 ops/sec
2026-03-10 23:49:55,594 INFO Unloading BPF policy (PID 127962)
2026-03-10 23:49:55,594 INFO CMD: sudo kill -2 127962
2026-03-10 23:49:55,905 INFO CMD: sudo rm -f /sys/fs/bpf/cache_ext/scan_pids
2026-03-10 23:49:55,927 INFO CMD: sudo cgdelete memory:cache_ext_test
2026-03-10 23:49:55,948 INFO CMD: sudo sh -c echo 0x0007 > /sys/kernel/mm/lru_gen/enabled
2026-03-10 23:49:55,991 INFO MGLRU re-enabled (restored to 0x0007).
