2026-03-11 12:05:04,253 INFO Waiting for evaluation lock /tmp/cache_ext_evaluate.lock ...
2026-03-11 12:11:12,433 INFO Acquired evaluation lock.
2026-03-11 12:11:12,433 INFO === Step 0: Drop page cache ===
2026-03-11 12:11:12,433 INFO Database already exists at /mydata/leveldb_temp (CURRENT file found), skipping rsync
2026-03-11 12:11:12,433 INFO CMD: sudo sync
2026-03-11 12:11:12,529 INFO CMD: sudo sh -c echo 3 > /proc/sys/vm/drop_caches
2026-03-11 12:11:12,791 INFO Page cache dropped.
2026-03-11 12:11:12,791 INFO === Step 1: Compile evolved policy ===
2026-03-11 12:11:12,798 INFO CMD: sudo chown -R root: /mydata/cache_ext/eviction_evo/build
2026-03-11 12:11:13,159 INFO CMD: clang-14 -O2 -target bpf -D__TARGET_ARCH_x86 -c -g -Wall -idirafter /usr/lib/llvm-14/lib/clang/14.0.0/include -idirafter /usr/local/include -idirafter /usr/include/x86_64-linux-gnu -idirafter /usr/include /mydata/cache_ext/eviction_evo/build/cache_ext_evolved.bpf.c -o /mydata/cache_ext/eviction_evo/build/cache_ext_evolved.bpf.o
2026-03-11 12:11:16,173 INFO CMD: /usr/local/sbin/bpftool gen skeleton /mydata/cache_ext/eviction_evo/build/cache_ext_evolved.bpf.o name cache_ext_evolved_bpf
2026-03-11 12:11:16,370 INFO CMD: clang-14 -O2 -g -Wall -I/mydata/cache_ext/eviction_evo/build -I/mydata/cache_ext/policies /mydata/cache_ext/eviction_evo/cache_ext_evolved.c -o /mydata/cache_ext/eviction_evo/build/cache_ext_evolved.out -L/usr/local/lib64 -lbpf
2026-03-11 12:11:17,280 INFO Compilation successful: /mydata/cache_ext/eviction_evo/build/cache_ext_evolved.out
2026-03-11 12:11:17,280 INFO === Step 2: Disable MGLRU ===
2026-03-11 12:11:17,280 INFO MGLRU current state: 0x0007 — disabling
2026-03-11 12:11:17,280 INFO CMD: sudo sh -c echo 0 > /sys/kernel/mm/lru_gen/enabled
2026-03-11 12:11:17,359 INFO MGLRU disabled.
2026-03-11 12:11:17,359 INFO === Step 3: Create cgroup ===
2026-03-11 12:11:17,359 INFO CMD: sudo cgdelete memory:cache_ext_test
2026-03-11 12:11:17,385 INFO CMD: sudo cgcreate -g memory:cache_ext_test
2026-03-11 12:11:17,483 INFO CMD: sudo sh -c echo 536870912 > /sys/fs/cgroup/cache_ext_test/memory.max
2026-03-11 12:11:17,497 INFO Created cgroup cache_ext_test with limit 536870912 bytes
2026-03-11 12:11:17,497 INFO === Step 4: Load BPF policy ===
2026-03-11 12:11:17,497 INFO Loading policy: sudo /mydata/cache_ext/eviction_evo/build/cache_ext_evolved.out --watch_dir /mydata/leveldb_temp --cgroup_path /sys/fs/cgroup/cache_ext_test
2026-03-11 12:11:27,508 INFO Policy loaded (PID 27213)
2026-03-11 12:11:27,509 INFO === Step 5: Start server ===
2026-03-11 12:11:27,509 INFO Starting server: sudo cgexec -g memory:cache_ext_test /mydata/cache_ext/net_leveldb_server 9100 /mydata/leveldb_temp
2026-03-11 12:11:27,510 INFO Waiting for server on port 9100 ...
2026-03-11 12:11:28,569 INFO Server ready (PID 27227) on port 9100
2026-03-11 12:11:28,569 INFO === Step 6: Run 2 trace benchmarks ===
2026-03-11 12:11:28,569 INFO --- Trace 1/2: dual_small_vs_large ---
2026-03-11 12:11:29,207 INFO Starting remote client reader_fast on krisub@node1: ssh -o StrictHostKeyChecking=no -o BatchMode=yes -i /users/krisub/.ssh/id_ed25519 krisub@node1 sh -lc 'if command -v cgexec >/dev/null 2>&1; then cgexec -g memory:cache_ext_remote_clients /mydata/cache_ext/My-YCSB/build/run_net_leveldb /tmp/dual_reader_fast_bpolbeg1.yaml && exit 0; fi; exec /mydata/cache_ext/My-YCSB/build/run_net_leveldb /tmp/dual_reader_fast_bpolbeg1.yaml'
2026-03-11 12:11:29,459 INFO Starting remote client writer_slow on krisub@node1: ssh -o StrictHostKeyChecking=no -o BatchMode=yes -i /users/krisub/.ssh/id_ed25519 krisub@node1 sh -lc 'if command -v cgexec >/dev/null 2>&1; then cgexec -g memory:cache_ext_remote_clients /mydata/cache_ext/My-YCSB/build/run_net_leveldb /tmp/dual_writer_slow_ashm71qq.yaml && exit 0; fi; exec /mydata/cache_ext/My-YCSB/build/run_net_leveldb /tmp/dual_writer_slow_ashm71qq.yaml'
2026-03-11 12:14:27,461 INFO Client reader_fast: throughput=1178.70
2026-03-11 12:14:27,462 INFO Client writer_slow: throughput=435.13
2026-03-11 12:14:27,462 INFO Dual-client combined throughput: 1613.83 ops/sec
2026-03-11 12:14:27,930 INFO Trace dual_small_vs_large: throughput=1613.83 ops/sec
2026-03-11 12:14:27,931 INFO --- Trace 2/2: dual_congested ---
2026-03-11 12:14:27,931 INFO CMD: sudo sync
2026-03-11 12:14:28,133 INFO CMD: sudo sh -c echo 3 > /proc/sys/vm/drop_caches
2026-03-11 12:14:28,451 INFO Page cache dropped.
2026-03-11 12:14:31,299 INFO Starting remote client wan_reader on krisub@node1: ssh -o StrictHostKeyChecking=no -o BatchMode=yes -i /users/krisub/.ssh/id_ed25519 krisub@node1 sh -lc 'if command -v cgexec >/dev/null 2>&1; then cgexec -g memory:cache_ext_remote_clients /mydata/cache_ext/My-YCSB/build/run_net_leveldb /tmp/dual_wan_reader_wqnww0v8.yaml && exit 0; fi; exec /mydata/cache_ext/My-YCSB/build/run_net_leveldb /tmp/dual_wan_reader_wqnww0v8.yaml'
2026-03-11 12:14:31,562 INFO Starting remote client wan_writer on krisub@node1: ssh -o StrictHostKeyChecking=no -o BatchMode=yes -i /users/krisub/.ssh/id_ed25519 krisub@node1 sh -lc 'if command -v cgexec >/dev/null 2>&1; then cgexec -g memory:cache_ext_remote_clients /mydata/cache_ext/My-YCSB/build/run_net_leveldb /tmp/dual_wan_writer_pcac5tpl.yaml && exit 0; fi; exec /mydata/cache_ext/My-YCSB/build/run_net_leveldb /tmp/dual_wan_writer_pcac5tpl.yaml'
2026-03-11 12:17:29,565 INFO Client wan_reader: throughput=1360.72
2026-03-11 12:17:29,873 INFO Client wan_writer: throughput=1658.80
2026-03-11 12:17:29,873 INFO Dual-client combined throughput: 3019.52 ops/sec
2026-03-11 12:17:30,314 INFO Trace dual_congested: throughput=3019.52 ops/sec
2026-03-11 12:17:30,324 INFO === Evaluation complete ===
2026-03-11 12:17:30,324 INFO Combined score (harmonic mean): 2103.44  (2/2 traces passed)
2026-03-11 12:17:30,324 INFO   dual_small_vs_large: 1613.83 ops/sec
2026-03-11 12:17:30,324 INFO   dual_congested: 3019.52 ops/sec
2026-03-11 12:17:30,325 INFO Stopping net_leveldb_server (PID 27227)
2026-03-11 12:17:30,325 INFO CMD: sudo kill 27227
2026-03-11 12:17:30,467 INFO Unloading BPF policy (PID 27213)
2026-03-11 12:17:30,467 INFO CMD: sudo kill -2 27213
2026-03-11 12:17:30,797 INFO CMD: sudo rm -f /sys/fs/bpf/cache_ext/scan_pids
2026-03-11 12:17:30,812 INFO CMD: sudo cgdelete memory:cache_ext_test
2026-03-11 12:17:30,883 INFO CMD: sudo sh -c echo 0x0007 > /sys/kernel/mm/lru_gen/enabled
2026-03-11 12:17:30,980 INFO MGLRU re-enabled (restored to 0x0007).
