2026-03-15 21:20:07,622 INFO Waiting for evaluation lock /tmp/cache_ext_evaluate.lock ...
2026-03-15 21:20:07,622 INFO Acquired evaluation lock.
2026-03-15 21:20:07,622 INFO === Step 0: Drop page cache ===
2026-03-15 21:20:07,622 INFO Database already exists at /mydata/leveldb_temp (CURRENT file found), skipping rsync
2026-03-15 21:20:07,623 INFO CMD: sudo sync
2026-03-15 21:20:07,729 INFO CMD: sudo sh -c echo 3 > /proc/sys/vm/drop_caches
2026-03-15 21:20:08,243 INFO Page cache dropped.
2026-03-15 21:20:08,243 INFO === Step 1: Compile evolved policy ===
2026-03-15 21:20:08,249 INFO CMD: sudo chown -R root: /mydata/cache_ext/eviction_evo/build
2026-03-15 21:20:08,666 INFO CMD: clang-14 -O2 -target bpf -D__TARGET_ARCH_x86 -c -g -Wall -idirafter /usr/lib/llvm-14/lib/clang/14.0.0/include -idirafter /usr/local/include -idirafter /usr/include/x86_64-linux-gnu -idirafter /usr/include /mydata/cache_ext/eviction_evo/build/cache_ext_evolved.bpf.c -o /mydata/cache_ext/eviction_evo/build/cache_ext_evolved.bpf.o
2026-03-15 21:20:11,690 INFO CMD: /usr/local/sbin/bpftool gen skeleton /mydata/cache_ext/eviction_evo/build/cache_ext_evolved.bpf.o name cache_ext_evolved_bpf
2026-03-15 21:20:11,885 INFO CMD: clang-14 -O2 -g -Wall -I/mydata/cache_ext/eviction_evo/build -I/mydata/cache_ext/policies /mydata/cache_ext/eviction_evo/cache_ext_evolved.c -o /mydata/cache_ext/eviction_evo/build/cache_ext_evolved.out -L/usr/local/lib64 -lbpf
2026-03-15 21:20:13,001 INFO Compilation successful: /mydata/cache_ext/eviction_evo/build/cache_ext_evolved.out
2026-03-15 21:20:13,001 INFO === Step 2: Disable MGLRU ===
2026-03-15 21:20:13,001 INFO MGLRU current state: 0x0007 — disabling
2026-03-15 21:20:13,001 INFO CMD: sudo sh -c echo 0 > /sys/kernel/mm/lru_gen/enabled
2026-03-15 21:20:13,077 INFO MGLRU disabled.
2026-03-15 21:20:13,077 INFO === Step 3: Create cgroup ===
2026-03-15 21:20:13,077 INFO CMD: sudo cgdelete memory:cache_ext_test
2026-03-15 21:20:13,137 INFO CMD: sudo cgcreate -g memory:cache_ext_test
2026-03-15 21:20:13,243 INFO CMD: sudo sh -c echo 536870912 > /sys/fs/cgroup/cache_ext_test/memory.max
2026-03-15 21:20:13,257 INFO Created cgroup cache_ext_test with limit 536870912 bytes
2026-03-15 21:20:13,257 INFO === Step 4: Load BPF policy ===
2026-03-15 21:20:13,257 INFO Loading policy: sudo /mydata/cache_ext/eviction_evo/build/cache_ext_evolved.out --watch_dir /mydata/leveldb_temp --cgroup_path /sys/fs/cgroup/cache_ext_test
2026-03-15 21:20:23,268 INFO Policy loaded (PID 155801)
2026-03-15 21:20:23,269 INFO === Step 5: Start server ===
2026-03-15 21:20:23,269 INFO Starting server: sudo cgexec -g memory:cache_ext_test /mydata/cache_ext/net_leveldb_server 9100 /mydata/leveldb_temp
2026-03-15 21:20:23,270 INFO Waiting for server on port 9100 ...
2026-03-15 21:20:24,355 INFO Server ready (PID 155918) on port 9100
2026-03-15 21:20:24,355 INFO === Step 6: Run 2 trace benchmarks ===
2026-03-15 21:20:24,355 INFO --- Trace 1/2: dual_small_vs_large ---
2026-03-15 21:20:25,123 INFO Starting remote client reader_fast on krisub@node1: ssh -o StrictHostKeyChecking=no -o BatchMode=yes -i /users/krisub/.ssh/id_ed25519 krisub@node1 sh -lc 'if command -v cgexec >/dev/null 2>&1; then cgexec -g memory:cache_ext_remote_clients /mydata/cache_ext/My-YCSB/build/run_net_leveldb /tmp/dual_reader_fast_p2wht54g.yaml && exit 0; fi; exec /mydata/cache_ext/My-YCSB/build/run_net_leveldb /tmp/dual_reader_fast_p2wht54g.yaml'
2026-03-15 21:20:25,382 INFO Starting remote client writer_slow on krisub@node1: ssh -o StrictHostKeyChecking=no -o BatchMode=yes -i /users/krisub/.ssh/id_ed25519 krisub@node1 sh -lc 'if command -v cgexec >/dev/null 2>&1; then cgexec -g memory:cache_ext_remote_clients /mydata/cache_ext/My-YCSB/build/run_net_leveldb /tmp/dual_writer_slow_pxsg638q.yaml && exit 0; fi; exec /mydata/cache_ext/My-YCSB/build/run_net_leveldb /tmp/dual_writer_slow_pxsg638q.yaml'
2026-03-15 21:23:24,000 INFO Client reader_fast: throughput=1086.41
2026-03-15 21:23:25,789 INFO Client writer_slow: throughput=418.53
2026-03-15 21:23:25,790 INFO Dual-client combined throughput: 1504.94 ops/sec
2026-03-15 21:23:26,267 INFO Trace dual_small_vs_large: throughput=1504.94 ops/sec
2026-03-15 21:23:26,267 INFO --- Trace 2/2: dual_congested ---
2026-03-15 21:23:26,268 INFO CMD: sudo sync
2026-03-15 21:23:26,441 INFO CMD: sudo sh -c echo 3 > /proc/sys/vm/drop_caches
2026-03-15 21:23:26,969 INFO Page cache dropped.
2026-03-15 21:23:29,775 INFO Starting remote client wan_reader on krisub@node1: ssh -o StrictHostKeyChecking=no -o BatchMode=yes -i /users/krisub/.ssh/id_ed25519 krisub@node1 sh -lc 'if command -v cgexec >/dev/null 2>&1; then cgexec -g memory:cache_ext_remote_clients /mydata/cache_ext/My-YCSB/build/run_net_leveldb /tmp/dual_wan_reader_xtv0dbuy.yaml && exit 0; fi; exec /mydata/cache_ext/My-YCSB/build/run_net_leveldb /tmp/dual_wan_reader_xtv0dbuy.yaml'
2026-03-15 21:23:30,021 INFO Starting remote client wan_writer on krisub@node1: ssh -o StrictHostKeyChecking=no -o BatchMode=yes -i /users/krisub/.ssh/id_ed25519 krisub@node1 sh -lc 'if command -v cgexec >/dev/null 2>&1; then cgexec -g memory:cache_ext_remote_clients /mydata/cache_ext/My-YCSB/build/run_net_leveldb /tmp/dual_wan_writer_n_rv71nr.yaml && exit 0; fi; exec /mydata/cache_ext/My-YCSB/build/run_net_leveldb /tmp/dual_wan_writer_n_rv71nr.yaml'
2026-03-15 21:26:28,171 INFO Client wan_reader: throughput=1336.46
2026-03-15 21:26:28,172 INFO Client wan_writer: throughput=1577.38
2026-03-15 21:26:28,172 INFO Dual-client combined throughput: 2913.84 ops/sec
2026-03-15 21:26:28,623 INFO Trace dual_congested: throughput=2913.84 ops/sec
2026-03-15 21:26:28,632 INFO === Evaluation complete ===
2026-03-15 21:26:28,632 INFO Combined score (harmonic mean): 1984.78  (2/2 traces passed)
2026-03-15 21:26:28,633 INFO   dual_small_vs_large: 1504.94 ops/sec
2026-03-15 21:26:28,633 INFO   dual_congested: 2913.84 ops/sec
2026-03-15 21:26:28,633 INFO Stopping net_leveldb_server (PID 155918)
2026-03-15 21:26:28,633 INFO CMD: sudo kill 155918
2026-03-15 21:26:28,825 INFO Unloading BPF policy (PID 155801)
2026-03-15 21:26:28,825 INFO CMD: sudo kill -2 155801
2026-03-15 21:26:29,107 INFO CMD: sudo rm -f /sys/fs/bpf/cache_ext/scan_pids
2026-03-15 21:26:29,132 INFO CMD: sudo cgdelete memory:cache_ext_test
2026-03-15 21:26:29,189 INFO CMD: sudo sh -c echo 0x0007 > /sys/kernel/mm/lru_gen/enabled
2026-03-15 21:26:29,285 INFO MGLRU re-enabled (restored to 0x0007).
