=== MGLRU Baseline (20260315_202921) ===
Running 2 traces
Results will be saved to: /mydata/cache_ext/eviction_evo/baseline_results/baseline_20260315_202921/
/mydata/cache_ext/eviction_evo/run_baseline.sh: line 105: 146292 Killed                  sudo pkill -9 -f "net_leveldb_server" 2> /dev/null
Opening LevelDB at: /mydata/leveldb_temp
net_leveldb_server listening on port 9100 (block_cache=DISABLED, all reads go through page cache)
Server ready (PID 146344)

--- Trace 1/2: dual_small_vs_large ---
  dual_small_vs_large throughput: 1573.13 ops/sec

--- Trace 2/2: dual_congested ---
  dual_congested throughput: 3071.6 ops/sec

========================================================
  MGLRU BASELINE RESULTS (20260315_202921)
========================================================
  Combined score (harmonic mean): 2080.6489 ops/sec
  ------------------------------------------------
  dual_small_vs_large  1573.13 ops/sec
  dual_congested  3071.6 ops/sec
========================================================
  Traces passed: 2/2
  Full logs: /mydata/cache_ext/eviction_evo/baseline_results/baseline_20260315_202921/
========================================================

Appended to summary: /mydata/cache_ext/eviction_evo/baseline_results/summary.txt
