2026-03-11 12:32:30,318 INFO Waiting for evaluation lock /tmp/cache_ext_evaluate.lock ...
2026-03-11 12:37:22,609 INFO Acquired evaluation lock.
2026-03-11 12:37:22,609 INFO === Step 0: Drop page cache ===
2026-03-11 12:37:22,609 INFO Database already exists at /mydata/leveldb_temp (CURRENT file found), skipping rsync
2026-03-11 12:37:22,609 INFO CMD: sudo sync
2026-03-11 12:37:22,800 INFO CMD: sudo sh -c echo 3 > /proc/sys/vm/drop_caches
2026-03-11 12:37:23,259 INFO Page cache dropped.
2026-03-11 12:37:23,259 INFO === Step 1: Compile evolved policy ===
2026-03-11 12:37:23,259 INFO CMD: sudo chown -R root: /mydata/cache_ext/eviction_evo/build
2026-03-11 12:37:23,902 INFO CMD: clang-14 -O2 -target bpf -D__TARGET_ARCH_x86 -c -g -Wall -idirafter /usr/lib/llvm-14/lib/clang/14.0.0/include -idirafter /usr/local/include -idirafter /usr/include/x86_64-linux-gnu -idirafter /usr/include /mydata/cache_ext/eviction_evo/build/cache_ext_evolved.bpf.c -o /mydata/cache_ext/eviction_evo/build/cache_ext_evolved.bpf.o
2026-03-11 12:37:27,217 INFO CMD: /usr/local/sbin/bpftool gen skeleton /mydata/cache_ext/eviction_evo/build/cache_ext_evolved.bpf.o name cache_ext_evolved_bpf
2026-03-11 12:37:27,449 INFO CMD: clang-14 -O2 -g -Wall -I/mydata/cache_ext/eviction_evo/build -I/mydata/cache_ext/policies /mydata/cache_ext/eviction_evo/cache_ext_evolved.c -o /mydata/cache_ext/eviction_evo/build/cache_ext_evolved.out -L/usr/local/lib64 -lbpf
2026-03-11 12:37:28,652 INFO Compilation successful: /mydata/cache_ext/eviction_evo/build/cache_ext_evolved.out
2026-03-11 12:37:28,652 INFO === Step 2: Disable MGLRU ===
2026-03-11 12:37:28,653 INFO MGLRU current state: 0x0007 — disabling
2026-03-11 12:37:28,653 INFO CMD: sudo sh -c echo 0 > /sys/kernel/mm/lru_gen/enabled
2026-03-11 12:37:28,742 INFO MGLRU disabled.
2026-03-11 12:37:28,742 INFO === Step 3: Create cgroup ===
2026-03-11 12:37:28,743 INFO CMD: sudo cgdelete memory:cache_ext_test
2026-03-11 12:37:28,796 INFO CMD: sudo cgcreate -g memory:cache_ext_test
2026-03-11 12:37:28,901 INFO CMD: sudo sh -c echo 536870912 > /sys/fs/cgroup/cache_ext_test/memory.max
2026-03-11 12:37:28,916 INFO Created cgroup cache_ext_test with limit 536870912 bytes
2026-03-11 12:37:28,916 INFO === Step 4: Load BPF policy ===
2026-03-11 12:37:28,916 INFO Loading policy: sudo /mydata/cache_ext/eviction_evo/build/cache_ext_evolved.out --watch_dir /mydata/leveldb_temp --cgroup_path /sys/fs/cgroup/cache_ext_test
2026-03-11 12:37:38,927 INFO Policy loaded (PID 30628)
2026-03-11 12:37:38,928 INFO === Step 5: Start server ===
2026-03-11 12:37:38,928 INFO Starting server: sudo cgexec -g memory:cache_ext_test /mydata/cache_ext/net_leveldb_server 9100 /mydata/leveldb_temp
2026-03-11 12:37:38,929 INFO Waiting for server on port 9100 ...
2026-03-11 12:37:40,024 INFO Server ready (PID 30648) on port 9100
2026-03-11 12:37:40,024 INFO === Step 6: Run 2 trace benchmarks ===
2026-03-11 12:37:40,024 INFO --- Trace 1/2: dual_small_vs_large ---
2026-03-11 12:37:40,727 INFO Starting remote client reader_fast on krisub@node1: ssh -o StrictHostKeyChecking=no -o BatchMode=yes -i /users/krisub/.ssh/id_ed25519 krisub@node1 sh -lc 'if command -v cgexec >/dev/null 2>&1; then cgexec -g memory:cache_ext_remote_clients /mydata/cache_ext/My-YCSB/build/run_net_leveldb /tmp/dual_reader_fast_809ln2bu.yaml && exit 0; fi; exec /mydata/cache_ext/My-YCSB/build/run_net_leveldb /tmp/dual_reader_fast_809ln2bu.yaml'
2026-03-11 12:37:40,981 INFO Starting remote client writer_slow on krisub@node1: ssh -o StrictHostKeyChecking=no -o BatchMode=yes -i /users/krisub/.ssh/id_ed25519 krisub@node1 sh -lc 'if command -v cgexec >/dev/null 2>&1; then cgexec -g memory:cache_ext_remote_clients /mydata/cache_ext/My-YCSB/build/run_net_leveldb /tmp/dual_writer_slow_s2taj99m.yaml && exit 0; fi; exec /mydata/cache_ext/My-YCSB/build/run_net_leveldb /tmp/dual_writer_slow_s2taj99m.yaml'
2026-03-11 12:40:39,261 INFO Client reader_fast: throughput=692.64
2026-03-11 12:40:39,262 INFO Client writer_slow: throughput=278.07
2026-03-11 12:40:39,262 INFO Dual-client combined throughput: 970.71 ops/sec
2026-03-11 12:40:39,710 INFO Trace dual_small_vs_large: throughput=970.71 ops/sec
2026-03-11 12:40:39,710 INFO --- Trace 2/2: dual_congested ---
2026-03-11 12:40:39,711 INFO CMD: sudo sync
2026-03-11 12:40:39,980 INFO CMD: sudo sh -c echo 3 > /proc/sys/vm/drop_caches
2026-03-11 12:40:40,530 INFO Page cache dropped.
2026-03-11 12:40:43,387 INFO Starting remote client wan_reader on krisub@node1: ssh -o StrictHostKeyChecking=no -o BatchMode=yes -i /users/krisub/.ssh/id_ed25519 krisub@node1 sh -lc 'if command -v cgexec >/dev/null 2>&1; then cgexec -g memory:cache_ext_remote_clients /mydata/cache_ext/My-YCSB/build/run_net_leveldb /tmp/dual_wan_reader_m9dw3_e0.yaml && exit 0; fi; exec /mydata/cache_ext/My-YCSB/build/run_net_leveldb /tmp/dual_wan_reader_m9dw3_e0.yaml'
2026-03-11 12:40:43,642 INFO Starting remote client wan_writer on krisub@node1: ssh -o StrictHostKeyChecking=no -o BatchMode=yes -i /users/krisub/.ssh/id_ed25519 krisub@node1 sh -lc 'if command -v cgexec >/dev/null 2>&1; then cgexec -g memory:cache_ext_remote_clients /mydata/cache_ext/My-YCSB/build/run_net_leveldb /tmp/dual_wan_writer_nsqtic53.yaml && exit 0; fi; exec /mydata/cache_ext/My-YCSB/build/run_net_leveldb /tmp/dual_wan_writer_nsqtic53.yaml'
2026-03-11 12:43:41,742 INFO Client wan_reader: throughput=628.74
2026-03-11 12:43:41,957 INFO Client wan_writer: throughput=906.33
2026-03-11 12:43:41,958 INFO Dual-client combined throughput: 1535.07 ops/sec
2026-03-11 12:43:42,414 INFO Trace dual_congested: throughput=1535.07 ops/sec
2026-03-11 12:43:42,472 INFO === Evaluation complete ===
2026-03-11 12:43:42,472 INFO Combined score (harmonic mean): 1189.34  (2/2 traces passed)
2026-03-11 12:43:42,472 INFO   dual_small_vs_large: 970.71 ops/sec
2026-03-11 12:43:42,472 INFO   dual_congested: 1535.07 ops/sec
2026-03-11 12:43:42,473 INFO Stopping net_leveldb_server (PID 30648)
2026-03-11 12:43:42,473 INFO CMD: sudo kill 30648
2026-03-11 12:43:42,604 INFO Unloading BPF policy (PID 30628)
2026-03-11 12:43:42,604 INFO CMD: sudo kill -2 30628
2026-03-11 12:43:42,886 INFO CMD: sudo rm -f /sys/fs/bpf/cache_ext/scan_pids
2026-03-11 12:43:42,910 INFO CMD: sudo cgdelete memory:cache_ext_test
2026-03-11 12:43:42,939 INFO CMD: sudo sh -c echo 0x0007 > /sys/kernel/mm/lru_gen/enabled
2026-03-11 12:43:43,082 INFO MGLRU re-enabled (restored to 0x0007).
