2026-03-10 23:46:36,372 INFO Waiting for evaluation lock /tmp/cache_ext_file_evaluate.lock ...
2026-03-10 23:49:55,991 INFO Acquired evaluation lock.
2026-03-10 23:49:55,992 INFO === Step 0: Drop page cache ===
2026-03-10 23:49:55,992 INFO CMD: sudo sync
2026-03-10 23:49:56,202 INFO CMD: sudo sh -c echo 3 > /proc/sys/vm/drop_caches
2026-03-10 23:49:56,424 INFO Page cache dropped.
2026-03-10 23:49:56,424 INFO === Step 1: Compile evolved policy ===
2026-03-10 23:49:56,437 INFO CMD: sudo chown -R root: /mydata/cache_ext/eviction_evo/build
2026-03-10 23:49:56,807 INFO CMD: clang-14 -O2 -target bpf -D__TARGET_ARCH_x86 -c -g -Wall -idirafter /usr/lib/llvm-14/lib/clang/14.0.0/include -idirafter /usr/local/include -idirafter /usr/include/x86_64-linux-gnu -idirafter /usr/include /mydata/cache_ext/eviction_evo/build/cache_ext_evolved.bpf.c -o /mydata/cache_ext/eviction_evo/build/cache_ext_evolved.bpf.o
2026-03-10 23:49:59,857 INFO CMD: /usr/local/sbin/bpftool gen skeleton /mydata/cache_ext/eviction_evo/build/cache_ext_evolved.bpf.o name cache_ext_evolved_bpf
2026-03-10 23:50:00,043 INFO CMD: clang-14 -O2 -g -Wall -I/mydata/cache_ext/eviction_evo/build -I/mydata/cache_ext/policies /mydata/cache_ext/eviction_evo/cache_ext_evolved.c -o /mydata/cache_ext/eviction_evo/build/cache_ext_evolved.out -L/usr/local/lib64 -lbpf
2026-03-10 23:50:00,943 INFO Compilation successful: /mydata/cache_ext/eviction_evo/build/cache_ext_evolved.out
2026-03-10 23:50:00,943 INFO === Step 2: Disable MGLRU ===
2026-03-10 23:50:00,943 INFO MGLRU current state: 0x0007 — disabling
2026-03-10 23:50:00,943 INFO CMD: sudo sh -c echo 0 > /sys/kernel/mm/lru_gen/enabled
2026-03-10 23:50:00,988 INFO MGLRU disabled.
2026-03-10 23:50:00,989 INFO === Step 3: Create cgroup ===
2026-03-10 23:50:00,989 INFO CMD: sudo cgdelete memory:cache_ext_test
2026-03-10 23:50:01,018 INFO CMD: sudo cgcreate -g memory:cache_ext_test
2026-03-10 23:50:01,126 INFO CMD: sudo sh -c echo 134217728 > /sys/fs/cgroup/cache_ext_test/memory.max
2026-03-10 23:50:01,140 INFO CMD: sudo sh -c echo 268435456 > /sys/fs/cgroup/cache_ext_test/memory.swap.max
2026-03-10 23:50:01,154 INFO Created cgroup cache_ext_test with limit 134217728 bytes, swap limit 268435456 bytes
2026-03-10 23:50:01,154 INFO === Step 4: Load BPF policy ===
2026-03-10 23:50:01,154 INFO Loading policy: sudo /mydata/cache_ext/eviction_evo/build/cache_ext_evolved.out --watch_dir /mydata/file_workload_data --cgroup_path /sys/fs/cgroup/cache_ext_test
2026-03-10 23:50:11,165 INFO Policy loaded (PID 128846)
2026-03-10 23:50:11,165 INFO === Step 5: Run 2 file workload traces ===
2026-03-10 23:50:11,165 INFO --- Trace 1/2: file_priority ---
2026-03-10 23:50:11,196 INFO Starting process high_prio_reader: sudo cgexec -g memory:cache_ext_test sh -c echo $$ > "/tmp/file_workload_high_prio_reader_127983.pid" && exec "/mydata/cache_ext/eviction_evo/build/file_workload" "/tmp/file_high_prio_reader_fqdthkn1.yaml"
2026-03-10 23:50:11,199 INFO Starting process low_prio_reader: sudo cgexec -g memory:cache_ext_test sh -c echo $$ > "/tmp/file_workload_low_prio_reader_127983.pid" && exec "/mydata/cache_ext/eviction_evo/build/file_workload" "/tmp/file_low_prio_reader_2mm30ean.yaml"
2026-03-10 23:50:14,204 INFO Process high_prio_reader actual PID: 128852 (wrapper PID: 128849)
2026-03-10 23:50:14,204 INFO Process low_prio_reader actual PID: 128854 (wrapper PID: 128850)
2026-03-10 23:52:22,658 INFO Process high_prio_reader: throughput=3213.63
2026-03-10 23:52:22,659 INFO Process low_prio_reader: throughput=189.18
2026-03-10 23:52:22,659 INFO File workload combined throughput: 3402.81 ops/sec
2026-03-10 23:52:22,660 INFO Trace file_priority: throughput=3402.81 ops/sec
2026-03-10 23:52:22,660 INFO --- Trace 2/2: file_niceness ---
2026-03-10 23:52:22,660 INFO CMD: sudo sync
2026-03-10 23:52:22,763 INFO CMD: sudo sh -c echo 3 > /proc/sys/vm/drop_caches
2026-03-10 23:52:23,010 INFO Page cache dropped.
2026-03-10 23:52:25,054 INFO Starting process reader_alpha: sudo cgexec -g memory:cache_ext_test sh -c echo $$ > "/tmp/file_workload_reader_alpha_127983.pid" && exec "/mydata/cache_ext/eviction_evo/build/file_workload" "/tmp/file_reader_alpha_hoke2149.yaml"
2026-03-10 23:52:25,098 INFO Starting process reader_beta: sudo cgexec -g memory:cache_ext_test sh -c echo $$ > "/tmp/file_workload_reader_beta_127983.pid" && exec "/mydata/cache_ext/eviction_evo/build/file_workload" "/tmp/file_reader_beta_h7n2vf57.yaml"
2026-03-10 23:52:28,103 INFO Process reader_alpha actual PID: 128952 (wrapper PID: 128947)
2026-03-10 23:52:28,103 INFO Process reader_beta actual PID: 128951 (wrapper PID: 128948)
2026-03-10 23:52:28,103 INFO CMD: sudo renice -15 -p 128952
2026-03-10 23:52:28,311 INFO CMD: sudo renice 15 -p 128951
2026-03-10 23:52:29,330 INFO CMD: sudo renice -15 -p 128952
2026-03-10 23:52:29,348 INFO CMD: sudo renice 15 -p 128951
2026-03-10 23:52:30,365 INFO CMD: sudo renice -15 -p 128952
2026-03-10 23:52:30,382 INFO CMD: sudo renice 15 -p 128951
2026-03-10 23:52:31,397 INFO CMD: sudo renice -15 -p 128952
2026-03-10 23:52:31,415 INFO CMD: sudo renice 15 -p 128951
2026-03-10 23:52:32,431 INFO CMD: sudo renice -15 -p 128952
2026-03-10 23:52:32,447 INFO CMD: sudo renice 15 -p 128951
2026-03-10 23:52:33,463 INFO CMD: sudo renice -15 -p 128952
2026-03-10 23:52:33,480 INFO CMD: sudo renice 15 -p 128951
2026-03-10 23:52:34,495 INFO CMD: sudo renice -15 -p 128952
2026-03-10 23:52:34,512 INFO CMD: sudo renice 15 -p 128951
2026-03-10 23:52:35,526 INFO CMD: sudo renice -15 -p 128952
2026-03-10 23:52:35,548 INFO CMD: sudo renice 15 -p 128951
2026-03-10 23:52:36,565 INFO CMD: sudo renice -15 -p 128952
2026-03-10 23:52:36,584 INFO CMD: sudo renice 15 -p 128951
2026-03-10 23:52:37,600 INFO CMD: sudo renice -15 -p 128952
2026-03-10 23:52:37,616 INFO CMD: sudo renice 15 -p 128951
2026-03-10 23:52:38,633 INFO CMD: sudo renice -15 -p 128952
2026-03-10 23:52:38,650 INFO CMD: sudo renice 15 -p 128951
2026-03-10 23:52:39,667 INFO CMD: sudo renice -15 -p 128952
2026-03-10 23:52:39,685 INFO CMD: sudo renice 15 -p 128951
2026-03-10 23:52:40,702 INFO CMD: sudo renice -15 -p 128952
2026-03-10 23:52:40,719 INFO CMD: sudo renice 15 -p 128951
2026-03-10 23:52:41,736 INFO CMD: sudo renice -15 -p 128952
2026-03-10 23:52:41,756 INFO CMD: sudo renice 15 -p 128951
2026-03-10 23:52:42,774 INFO CMD: sudo renice -15 -p 128952
2026-03-10 23:52:42,792 INFO CMD: sudo renice 15 -p 128951
2026-03-10 23:52:43,809 INFO CMD: sudo renice -15 -p 128952
2026-03-10 23:52:43,827 INFO CMD: sudo renice 15 -p 128951
2026-03-10 23:52:44,843 INFO CMD: sudo renice -15 -p 128952
2026-03-10 23:52:44,860 INFO CMD: sudo renice 15 -p 128951
2026-03-10 23:52:45,877 INFO CMD: sudo renice -15 -p 128952
2026-03-10 23:52:45,894 INFO CMD: sudo renice 15 -p 128951
2026-03-10 23:52:46,911 INFO CMD: sudo renice -15 -p 128952
2026-03-10 23:52:46,928 INFO CMD: sudo renice 15 -p 128951
2026-03-10 23:52:47,944 INFO CMD: sudo renice -15 -p 128952
2026-03-10 23:52:47,960 INFO CMD: sudo renice 15 -p 128951
2026-03-10 23:52:48,976 INFO CMD: sudo renice -15 -p 128952
2026-03-10 23:52:48,993 INFO CMD: sudo renice 15 -p 128951
2026-03-10 23:52:50,007 INFO CMD: sudo renice -15 -p 128952
2026-03-10 23:52:50,023 INFO CMD: sudo renice 15 -p 128951
2026-03-10 23:52:51,040 INFO CMD: sudo renice -15 -p 128952
2026-03-10 23:52:51,056 INFO CMD: sudo renice 15 -p 128951
2026-03-10 23:52:52,071 INFO CMD: sudo renice -15 -p 128952
2026-03-10 23:52:52,088 INFO CMD: sudo renice 15 -p 128951
2026-03-10 23:52:53,103 INFO CMD: sudo renice -15 -p 128952
2026-03-10 23:52:53,120 INFO CMD: sudo renice 15 -p 128951
2026-03-10 23:52:54,136 INFO CMD: sudo renice -15 -p 128952
2026-03-10 23:52:54,153 INFO CMD: sudo renice 15 -p 128951
2026-03-10 23:52:55,171 INFO CMD: sudo renice -15 -p 128952
2026-03-10 23:52:55,188 INFO CMD: sudo renice 15 -p 128951
2026-03-10 23:52:56,204 INFO CMD: sudo renice -15 -p 128952
2026-03-10 23:52:56,222 INFO CMD: sudo renice 15 -p 128951
2026-03-10 23:52:57,238 INFO CMD: sudo renice -15 -p 128952
2026-03-10 23:52:57,256 INFO CMD: sudo renice 15 -p 128951
2026-03-10 23:52:58,272 INFO CMD: sudo renice -15 -p 128952
2026-03-10 23:52:58,290 INFO CMD: sudo renice 15 -p 128951
2026-03-10 23:52:59,306 INFO CMD: sudo renice -15 -p 128952
2026-03-10 23:52:59,324 INFO CMD: sudo renice 15 -p 128951
2026-03-10 23:53:00,341 INFO CMD: sudo renice -15 -p 128952
2026-03-10 23:53:00,359 INFO CMD: sudo renice 15 -p 128951
2026-03-10 23:53:01,373 INFO CMD: sudo renice -15 -p 128952
2026-03-10 23:53:01,390 INFO CMD: sudo renice 15 -p 128951
2026-03-10 23:53:02,408 INFO CMD: sudo renice -15 -p 128952
2026-03-10 23:53:02,424 INFO CMD: sudo renice 15 -p 128951
2026-03-10 23:53:03,440 INFO CMD: sudo renice -15 -p 128952
2026-03-10 23:53:03,458 INFO CMD: sudo renice 15 -p 128951
2026-03-10 23:53:04,474 INFO CMD: sudo renice -15 -p 128952
2026-03-10 23:53:04,492 INFO CMD: sudo renice 15 -p 128951
2026-03-10 23:53:05,507 INFO CMD: sudo renice -15 -p 128952
2026-03-10 23:53:05,524 INFO CMD: sudo renice 15 -p 128951
2026-03-10 23:53:06,541 INFO CMD: sudo renice -15 -p 128952
2026-03-10 23:53:06,558 INFO CMD: sudo renice 15 -p 128951
2026-03-10 23:53:07,575 INFO CMD: sudo renice -15 -p 128952
2026-03-10 23:53:07,592 INFO CMD: sudo renice 15 -p 128951
2026-03-10 23:53:08,609 INFO CMD: sudo renice -15 -p 128952
2026-03-10 23:53:08,625 INFO CMD: sudo renice 15 -p 128951
2026-03-10 23:53:09,641 INFO CMD: sudo renice -15 -p 128952
2026-03-10 23:53:09,657 INFO CMD: sudo renice 15 -p 128951
2026-03-10 23:53:10,674 INFO CMD: sudo renice -15 -p 128952
2026-03-10 23:53:10,691 INFO CMD: sudo renice 15 -p 128951
2026-03-10 23:53:11,707 INFO CMD: sudo renice -15 -p 128952
2026-03-10 23:53:11,725 INFO CMD: sudo renice 15 -p 128951
2026-03-10 23:53:12,741 INFO CMD: sudo renice -15 -p 128952
2026-03-10 23:53:12,758 INFO CMD: sudo renice 15 -p 128951
2026-03-10 23:53:13,773 INFO CMD: sudo renice -15 -p 128952
2026-03-10 23:53:13,792 INFO CMD: sudo renice 15 -p 128951
2026-03-10 23:53:14,808 INFO CMD: sudo renice -15 -p 128952
2026-03-10 23:53:14,826 INFO CMD: sudo renice 15 -p 128951
2026-03-10 23:53:15,842 INFO CMD: sudo renice -15 -p 128952
2026-03-10 23:53:15,860 INFO CMD: sudo renice 15 -p 128951
2026-03-10 23:53:16,877 INFO CMD: sudo renice -15 -p 128952
2026-03-10 23:53:16,895 INFO CMD: sudo renice 15 -p 128951
2026-03-10 23:53:17,911 INFO CMD: sudo renice -15 -p 128952
2026-03-10 23:53:17,928 INFO CMD: sudo renice 15 -p 128951
2026-03-10 23:53:18,945 INFO CMD: sudo renice -15 -p 128952
2026-03-10 23:53:18,964 INFO CMD: sudo renice 15 -p 128951
2026-03-10 23:53:19,979 INFO CMD: sudo renice -15 -p 128952
2026-03-10 23:53:19,996 INFO CMD: sudo renice 15 -p 128951
2026-03-10 23:53:21,012 INFO CMD: sudo renice -15 -p 128952
2026-03-10 23:53:21,029 INFO CMD: sudo renice 15 -p 128951
2026-03-10 23:53:22,045 INFO CMD: sudo renice -15 -p 128952
2026-03-10 23:53:22,063 INFO CMD: sudo renice 15 -p 128951
2026-03-10 23:53:23,080 INFO CMD: sudo renice -15 -p 128952
2026-03-10 23:53:23,099 INFO CMD: sudo renice 15 -p 128951
2026-03-10 23:53:24,116 INFO CMD: sudo renice -15 -p 128952
2026-03-10 23:53:24,134 INFO CMD: sudo renice 15 -p 128951
2026-03-10 23:53:25,151 INFO CMD: sudo renice -15 -p 128952
2026-03-10 23:53:25,168 INFO CMD: sudo renice 15 -p 128951
2026-03-10 23:53:26,185 INFO CMD: sudo renice -15 -p 128952
2026-03-10 23:53:26,202 INFO CMD: sudo renice 15 -p 128951
2026-03-10 23:53:27,217 INFO CMD: sudo renice -15 -p 128952
2026-03-10 23:53:27,236 INFO CMD: sudo renice 15 -p 128951
2026-03-10 23:53:28,251 INFO CMD: sudo renice 15 -p 128952
2026-03-10 23:53:28,269 INFO CMD: sudo renice -15 -p 128951
2026-03-10 23:53:29,284 INFO CMD: sudo renice 15 -p 128952
2026-03-10 23:53:29,301 INFO CMD: sudo renice -15 -p 128951
2026-03-10 23:53:30,319 INFO CMD: sudo renice 15 -p 128952
2026-03-10 23:53:30,336 INFO CMD: sudo renice -15 -p 128951
2026-03-10 23:53:31,351 INFO CMD: sudo renice 15 -p 128952
2026-03-10 23:53:31,370 INFO CMD: sudo renice -15 -p 128951
2026-03-10 23:53:32,387 INFO CMD: sudo renice 15 -p 128952
2026-03-10 23:53:32,404 INFO CMD: sudo renice -15 -p 128951
2026-03-10 23:53:33,420 INFO CMD: sudo renice 15 -p 128952
2026-03-10 23:53:33,438 INFO CMD: sudo renice -15 -p 128951
2026-03-10 23:53:34,457 INFO CMD: sudo renice 15 -p 128952
2026-03-10 23:53:34,472 INFO CMD: sudo renice -15 -p 128951
2026-03-10 23:53:35,489 INFO CMD: sudo renice 15 -p 128952
2026-03-10 23:53:35,504 INFO CMD: sudo renice -15 -p 128951
2026-03-10 23:53:36,521 INFO CMD: sudo renice 15 -p 128952
2026-03-10 23:53:36,537 INFO CMD: sudo renice -15 -p 128951
2026-03-10 23:53:37,552 INFO CMD: sudo renice 15 -p 128952
2026-03-10 23:53:37,568 INFO CMD: sudo renice -15 -p 128951
2026-03-10 23:53:38,584 INFO CMD: sudo renice 15 -p 128952
2026-03-10 23:53:38,601 INFO CMD: sudo renice -15 -p 128951
2026-03-10 23:53:39,617 INFO CMD: sudo renice 15 -p 128952
2026-03-10 23:53:39,633 INFO CMD: sudo renice -15 -p 128951
2026-03-10 23:53:40,649 INFO CMD: sudo renice 15 -p 128952
2026-03-10 23:53:40,666 INFO CMD: sudo renice -15 -p 128951
2026-03-10 23:53:41,683 INFO CMD: sudo renice 15 -p 128952
2026-03-10 23:53:41,701 INFO CMD: sudo renice -15 -p 128951
2026-03-10 23:53:42,716 INFO CMD: sudo renice 15 -p 128952
2026-03-10 23:53:42,733 INFO CMD: sudo renice -15 -p 128951
2026-03-10 23:53:43,751 INFO CMD: sudo renice 15 -p 128952
2026-03-10 23:53:43,767 INFO CMD: sudo renice -15 -p 128951
2026-03-10 23:53:44,783 INFO CMD: sudo renice 15 -p 128952
2026-03-10 23:53:44,799 INFO CMD: sudo renice -15 -p 128951
2026-03-10 23:53:45,814 INFO CMD: sudo renice 15 -p 128952
2026-03-10 23:53:45,831 INFO CMD: sudo renice -15 -p 128951
2026-03-10 23:53:46,847 INFO CMD: sudo renice 15 -p 128952
2026-03-10 23:53:46,863 INFO CMD: sudo renice -15 -p 128951
2026-03-10 23:53:47,879 INFO CMD: sudo renice 15 -p 128952
2026-03-10 23:53:47,895 INFO CMD: sudo renice -15 -p 128951
2026-03-10 23:53:48,910 INFO CMD: sudo renice 15 -p 128952
2026-03-10 23:53:48,927 INFO CMD: sudo renice -15 -p 128951
2026-03-10 23:53:49,943 INFO CMD: sudo renice 15 -p 128952
2026-03-10 23:53:49,960 INFO CMD: sudo renice -15 -p 128951
2026-03-10 23:53:50,976 INFO CMD: sudo renice 15 -p 128952
2026-03-10 23:53:50,992 INFO CMD: sudo renice -15 -p 128951
2026-03-10 23:53:52,008 INFO CMD: sudo renice 15 -p 128952
2026-03-10 23:53:52,027 INFO CMD: sudo renice -15 -p 128951
2026-03-10 23:53:53,043 INFO CMD: sudo renice 15 -p 128952
2026-03-10 23:53:53,060 INFO CMD: sudo renice -15 -p 128951
2026-03-10 23:53:54,075 INFO CMD: sudo renice 15 -p 128952
2026-03-10 23:53:54,091 INFO CMD: sudo renice -15 -p 128951
2026-03-10 23:53:55,107 INFO CMD: sudo renice 15 -p 128952
2026-03-10 23:53:55,124 INFO CMD: sudo renice -15 -p 128951
2026-03-10 23:53:56,140 INFO CMD: sudo renice 15 -p 128952
2026-03-10 23:53:56,157 INFO CMD: sudo renice -15 -p 128951
2026-03-10 23:53:57,173 INFO CMD: sudo renice 15 -p 128952
2026-03-10 23:53:57,190 INFO CMD: sudo renice -15 -p 128951
2026-03-10 23:53:58,207 INFO CMD: sudo renice 15 -p 128952
2026-03-10 23:53:58,224 INFO CMD: sudo renice -15 -p 128951
2026-03-10 23:53:59,240 INFO CMD: sudo renice 15 -p 128952
2026-03-10 23:53:59,256 INFO CMD: sudo renice -15 -p 128951
2026-03-10 23:54:00,271 INFO CMD: sudo renice 15 -p 128952
2026-03-10 23:54:00,289 INFO CMD: sudo renice -15 -p 128951
2026-03-10 23:54:01,304 INFO CMD: sudo renice 15 -p 128952
2026-03-10 23:54:01,321 INFO CMD: sudo renice -15 -p 128951
2026-03-10 23:54:02,337 INFO CMD: sudo renice 15 -p 128952
2026-03-10 23:54:02,356 INFO CMD: sudo renice -15 -p 128951
2026-03-10 23:54:03,373 INFO CMD: sudo renice 15 -p 128952
2026-03-10 23:54:03,390 INFO CMD: sudo renice -15 -p 128951
2026-03-10 23:54:04,407 INFO CMD: sudo renice 15 -p 128952
2026-03-10 23:54:04,424 INFO CMD: sudo renice -15 -p 128951
2026-03-10 23:54:05,440 INFO CMD: sudo renice 15 -p 128952
2026-03-10 23:54:05,459 INFO CMD: sudo renice -15 -p 128951
2026-03-10 23:54:06,477 INFO CMD: sudo renice 15 -p 128952
2026-03-10 23:54:06,493 INFO CMD: sudo renice -15 -p 128951
2026-03-10 23:54:07,508 INFO CMD: sudo renice 15 -p 128952
2026-03-10 23:54:07,524 INFO CMD: sudo renice -15 -p 128951
2026-03-10 23:54:08,538 INFO CMD: sudo renice 15 -p 128952
2026-03-10 23:54:08,554 INFO CMD: sudo renice -15 -p 128951
2026-03-10 23:54:09,571 INFO CMD: sudo renice 15 -p 128952
2026-03-10 23:54:09,588 INFO CMD: sudo renice -15 -p 128951
2026-03-10 23:54:10,604 INFO CMD: sudo renice 15 -p 128952
2026-03-10 23:54:10,620 INFO CMD: sudo renice -15 -p 128951
2026-03-10 23:54:11,637 INFO CMD: sudo renice 15 -p 128952
2026-03-10 23:54:11,654 INFO CMD: sudo renice -15 -p 128951
2026-03-10 23:54:12,670 INFO CMD: sudo renice 15 -p 128952
2026-03-10 23:54:12,687 INFO CMD: sudo renice -15 -p 128951
2026-03-10 23:54:13,703 INFO CMD: sudo renice 15 -p 128952
2026-03-10 23:54:13,720 INFO CMD: sudo renice -15 -p 128951
2026-03-10 23:54:14,735 INFO CMD: sudo renice 15 -p 128952
2026-03-10 23:54:14,752 INFO CMD: sudo renice -15 -p 128951
2026-03-10 23:54:15,767 INFO CMD: sudo renice 15 -p 128952
2026-03-10 23:54:15,783 INFO CMD: sudo renice -15 -p 128951
2026-03-10 23:54:16,800 INFO CMD: sudo renice 15 -p 128952
2026-03-10 23:54:16,818 INFO CMD: sudo renice -15 -p 128951
2026-03-10 23:54:17,836 INFO CMD: sudo renice 15 -p 128952
2026-03-10 23:54:17,853 INFO CMD: sudo renice -15 -p 128951
2026-03-10 23:54:18,868 INFO CMD: sudo renice 15 -p 128952
2026-03-10 23:54:18,885 INFO CMD: sudo renice -15 -p 128951
2026-03-10 23:54:19,901 INFO CMD: sudo renice 15 -p 128952
2026-03-10 23:54:19,917 INFO CMD: sudo renice -15 -p 128951
2026-03-10 23:54:20,931 INFO CMD: sudo renice 15 -p 128952
2026-03-10 23:54:20,948 INFO CMD: sudo renice -15 -p 128951
2026-03-10 23:54:21,963 INFO CMD: sudo renice 15 -p 128952
2026-03-10 23:54:21,981 INFO CMD: sudo renice -15 -p 128951
2026-03-10 23:54:22,998 INFO CMD: sudo renice 15 -p 128952
2026-03-10 23:54:23,014 INFO CMD: sudo renice -15 -p 128951
2026-03-10 23:54:24,029 INFO CMD: sudo renice 15 -p 128952
2026-03-10 23:54:24,048 INFO CMD: sudo renice -15 -p 128951
2026-03-10 23:54:25,064 INFO CMD: sudo renice 15 -p 128952
2026-03-10 23:54:25,080 INFO CMD: sudo renice -15 -p 128951
2026-03-10 23:54:26,094 INFO CMD: sudo renice 15 -p 128952
2026-03-10 23:54:26,112 INFO CMD: sudo renice -15 -p 128951
2026-03-10 23:54:27,128 INFO CMD: sudo renice 15 -p 128952
2026-03-10 23:54:27,146 INFO CMD: sudo renice -15 -p 128951
2026-03-10 23:54:28,164 INFO CMD: sudo renice 15 -p 128952
2026-03-10 23:54:28,181 INFO CMD: sudo renice -15 -p 128951
2026-03-10 23:54:29,196 INFO CMD: sudo renice 15 -p 128952
2026-03-10 23:54:29,213 INFO CMD: sudo renice -15 -p 128951
2026-03-10 23:54:30,230 INFO CMD: sudo renice 15 -p 128952
2026-03-10 23:54:30,246 INFO CMD: sudo renice -15 -p 128951
2026-03-10 23:54:31,261 INFO CMD: sudo renice 15 -p 128952
2026-03-10 23:54:31,277 INFO CMD: sudo renice -15 -p 128951
2026-03-10 23:54:32,292 INFO CMD: sudo renice 15 -p 128952
2026-03-10 23:54:32,310 INFO CMD: sudo renice -15 -p 128951
2026-03-10 23:54:33,326 INFO CMD: sudo renice 15 -p 128952
2026-03-10 23:54:33,344 INFO CMD: sudo renice -15 -p 128951
2026-03-10 23:54:34,360 INFO CMD: sudo renice 15 -p 128952
2026-03-10 23:54:34,376 INFO CMD: sudo renice -15 -p 128951
2026-03-10 23:54:35,391 INFO CMD: sudo renice 15 -p 128952
2026-03-10 23:54:35,408 INFO CMD: sudo renice -15 -p 128951
2026-03-10 23:54:36,424 INFO Process reader_alpha: throughput=2324.81
2026-03-10 23:54:36,424 INFO Process reader_beta: throughput=196.82
2026-03-10 23:54:36,424 INFO File workload combined throughput: 2521.63 ops/sec
2026-03-10 23:54:36,437 INFO Trace file_niceness: throughput=2521.63 ops/sec
2026-03-10 23:54:36,450 INFO === Evaluation complete ===
2026-03-10 23:54:36,450 INFO Combined score (harmonic mean): 2896.69  (2/2 traces passed)
2026-03-10 23:54:36,450 INFO   file_priority: 3402.81 ops/sec
2026-03-10 23:54:36,450 INFO   file_niceness: 2521.63 ops/sec
2026-03-10 23:54:36,450 INFO Unloading BPF policy (PID 128846)
2026-03-10 23:54:36,450 INFO CMD: sudo kill -2 128846
2026-03-10 23:54:36,769 INFO CMD: sudo rm -f /sys/fs/bpf/cache_ext/scan_pids
2026-03-10 23:54:36,803 INFO CMD: sudo cgdelete memory:cache_ext_test
2026-03-10 23:54:36,823 INFO CMD: sudo sh -c echo 0x0007 > /sys/kernel/mm/lru_gen/enabled
2026-03-10 23:54:36,875 INFO MGLRU re-enabled (restored to 0x0007).
