2026-03-09 22:36:05,584 INFO Waiting for evaluation lock /tmp/cache_ext_evaluate.lock ...
2026-03-09 22:42:05,515 INFO Acquired evaluation lock.
2026-03-09 22:42:05,515 INFO === Step 0: Drop page cache ===
2026-03-09 22:42:05,515 INFO Database already exists at /mydata/leveldb_temp (CURRENT file found), skipping rsync
2026-03-09 22:42:05,515 INFO CMD: sudo sync
2026-03-09 22:42:05,874 INFO CMD: sudo sh -c echo 3 > /proc/sys/vm/drop_caches
2026-03-09 22:42:06,212 INFO Page cache dropped.
2026-03-09 22:42:06,213 INFO === Step 1: Compile evolved policy ===
2026-03-09 22:42:06,224 INFO CMD: sudo chown -R root: /mydata/cache_ext/eviction_evo/build
2026-03-09 22:42:06,638 INFO CMD: clang-14 -O2 -target bpf -D__TARGET_ARCH_x86 -c -g -Wall -idirafter /usr/lib/llvm-14/lib/clang/14.0.0/include -idirafter /usr/local/include -idirafter /usr/include/x86_64-linux-gnu -idirafter /usr/include /mydata/cache_ext/eviction_evo/build/cache_ext_evolved.bpf.c -o /mydata/cache_ext/eviction_evo/build/cache_ext_evolved.bpf.o
2026-03-09 22:42:09,573 ERROR Evaluation failed: RuntimeError: BPF compilation failed:
STDOUT: 
STDERR: /mydata/cache_ext/eviction_evo/build/cache_ext_evolved.bpf.c:158:1: error: expected identifier or '('
>>>>>>> REPLACE
^
/mydata/cache_ext/eviction_evo/build/cache_ext_evolved.bpf.c:179:24: warning: implicit declaration of function 'get_adaptive_decay_window' is invalid in C99 [-Wimplicit-function-declaration]
    u64 decay_window = get_adaptive_decay_window(congestion);
                       ^
/mydata/cache_ext/eviction_evo/build/cache_ext_evolved.bpf.c:182:28: error: use of undeclared identifier 'DECAY_SENSITIVITY_WARM'
    u64 tier_sensitivity = DECAY_SENSITIVITY_WARM;  // default
                           ^
/mydata/cache_ext/eviction_evo/build/cache_ext_evolved.bpf.c:184:28: error: use of undeclared identifier 'DECAY_SENSITIVITY_COLD'
        tier_sensitivity = DECAY_SENSITIVITY_COLD;
                           ^
/mydata/cache_ext/eviction_evo/build/cache_ext_evolved.bpf.c:186:28: error: use of undeclared identifier 'DECAY_SENSITIVITY_HOT'
        tier_sensitivity = DECAY_SENSITIVITY_HOT;
                           ^
/mydata/cache_ext/eviction_evo/build/cache_ext_evolved.bpf.c:203:1: error: expected identifier or '('
=======
^
/mydata/cache_ext/eviction_evo/build/cache_ext_evolved.bpf.c:268:28: error: static declaration of 'get_adaptive_decay_window' follows non-static declaration
static __always_inline u64 get_adaptive_decay_window(u32 congestion) {
                           ^
/mydata/cache_ext/eviction_evo/build/cache_ext_evolved.bpf.c:179:24: note: previous implicit declaration is here
    u64 decay_window = get_adaptive_decay_window(congestion);
                       ^
/mydata/cache_ext/eviction_evo/build/cache_ext_evolved.bpf.c:270:16: error: use of undeclared identifier 'BASE_DECAY_WINDOW_NS'
    u64 base = BASE_DECAY_WINDOW_NS;
               ^
/mydata/cache_ext/eviction_evo/build/cache_ext_evolved.bpf.c:278:28: error: redefinition of 'apply_access_count_decay'
static __always_inline u32 apply_access_count_decay(struct net_folio_metadata *meta,
                           ^
/mydata/cache_ext/eviction_evo/build/cache_ext_evolved.bpf.c:173:28: note: previous definition is here
static __always_inline u32 apply_access_count_decay(struct net_folio_metadata *meta,
                           ^
/mydata/cache_ext/eviction_evo/build/cache_ext_evolved.bpf.c:287:28: error: use of undeclared identifier 'DECAY_SENSITIVITY_WARM'
    u64 tier_sensitivity = DECAY_SENSITIVITY_WARM;  // default
                           ^
/mydata/cache_ext/eviction_evo/build/cache_ext_evolved.bpf.c:289:28: error: use of undeclared identifier 'DECAY_SENSITIVITY_COLD'
        tier_sensitivity = DECAY_SENSITIVITY_COLD;
                           ^
/mydata/cache_ext/eviction_evo/build/cache_ext_evolved.bpf.c:291:28: error: use of undeclared identifier 'DECAY_SENSITIVITY_HOT'
        tier_sensitivity = DECAY_SENSITIVITY_HOT;
                           ^
/mydata/cache_ext/eviction_evo/build/cache_ext_evolved.bpf.c:447:21: warning: implicit declaration of function 'is_burst' is invalid in C99 [-Wimplicit-function-declaration]
    bool in_burst = is_burst(now);
                    ^
/mydata/cache_ext/eviction_evo/build/cache_ext_evolved.bpf.c:482:21: warning: implicit declaration of function 'is_burst' is invalid in C99 [-Wimplicit-function-declaration]
    bool in_burst = is_burst(now);
                    ^
3 warnings and 11 errors generated.

Traceback (most recent call last):
  File "/mydata/cache_ext/eviction_evo/evaluate.py", line 581, in evaluate
    loader_path = compile_bpf_policy(program_path, BUILD_DIR)
  File "/mydata/cache_ext/eviction_evo/evaluate.py", line 170, in compile_bpf_policy
    raise RuntimeError(f"BPF compilation failed:\nSTDOUT: {result.stdout}\nSTDERR: {result.stderr}")
RuntimeError: BPF compilation failed:
STDOUT: 
STDERR: /mydata/cache_ext/eviction_evo/build/cache_ext_evolved.bpf.c:158:1: error: expected identifier or '('
>>>>>>> REPLACE
^
/mydata/cache_ext/eviction_evo/build/cache_ext_evolved.bpf.c:179:24: warning: implicit declaration of function 'get_adaptive_decay_window' is invalid in C99 [-Wimplicit-function-declaration]
    u64 decay_window = get_adaptive_decay_window(congestion);
                       ^
/mydata/cache_ext/eviction_evo/build/cache_ext_evolved.bpf.c:182:28: error: use of undeclared identifier 'DECAY_SENSITIVITY_WARM'
    u64 tier_sensitivity = DECAY_SENSITIVITY_WARM;  // default
                           ^
/mydata/cache_ext/eviction_evo/build/cache_ext_evolved.bpf.c:184:28: error: use of undeclared identifier 'DECAY_SENSITIVITY_COLD'
        tier_sensitivity = DECAY_SENSITIVITY_COLD;
                           ^
/mydata/cache_ext/eviction_evo/build/cache_ext_evolved.bpf.c:186:28: error: use of undeclared identifier 'DECAY_SENSITIVITY_HOT'
        tier_sensitivity = DECAY_SENSITIVITY_HOT;
                           ^
/mydata/cache_ext/eviction_evo/build/cache_ext_evolved.bpf.c:203:1: error: expected identifier or '('
=======
^
/mydata/cache_ext/eviction_evo/build/cache_ext_evolved.bpf.c:268:28: error: static declaration of 'get_adaptive_decay_window' follows non-static declaration
static __always_inline u64 get_adaptive_decay_window(u32 congestion) {
                           ^
/mydata/cache_ext/eviction_evo/build/cache_ext_evolved.bpf.c:179:24: note: previous implicit declaration is here
    u64 decay_window = get_adaptive_decay_window(congestion);
                       ^
/mydata/cache_ext/eviction_evo/build/cache_ext_evolved.bpf.c:270:16: error: use of undeclared identifier 'BASE_DECAY_WINDOW_NS'
    u64 base = BASE_DECAY_WINDOW_NS;
               ^
/mydata/cache_ext/eviction_evo/build/cache_ext_evolved.bpf.c:278:28: error: redefinition of 'apply_access_count_decay'
static __always_inline u32 apply_access_count_decay(struct net_folio_metadata *meta,
                           ^
/mydata/cache_ext/eviction_evo/build/cache_ext_evolved.bpf.c:173:28: note: previous definition is here
static __always_inline u32 apply_access_count_decay(struct net_folio_metadata *meta,
                           ^
/mydata/cache_ext/eviction_evo/build/cache_ext_evolved.bpf.c:287:28: error: use of undeclared identifier 'DECAY_SENSITIVITY_WARM'
    u64 tier_sensitivity = DECAY_SENSITIVITY_WARM;  // default
                           ^
/mydata/cache_ext/eviction_evo/build/cache_ext_evolved.bpf.c:289:28: error: use of undeclared identifier 'DECAY_SENSITIVITY_COLD'
        tier_sensitivity = DECAY_SENSITIVITY_COLD;
                           ^
/mydata/cache_ext/eviction_evo/build/cache_ext_evolved.bpf.c:291:28: error: use of undeclared identifier 'DECAY_SENSITIVITY_HOT'
        tier_sensitivity = DECAY_SENSITIVITY_HOT;
                           ^
/mydata/cache_ext/eviction_evo/build/cache_ext_evolved.bpf.c:447:21: warning: implicit declaration of function 'is_burst' is invalid in C99 [-Wimplicit-function-declaration]
    bool in_burst = is_burst(now);
                    ^
/mydata/cache_ext/eviction_evo/build/cache_ext_evolved.bpf.c:482:21: warning: implicit declaration of function 'is_burst' is invalid in C99 [-Wimplicit-function-declaration]
    bool in_burst = is_burst(now);
                    ^
3 warnings and 11 errors generated.


2026-03-09 22:42:09,577 INFO CMD: sudo cgdelete memory:cache_ext_test
