2026-03-23 23:40:53,360 INFO Waiting for evaluation lock /tmp/cache_ext_evaluate_0.lock ...
2026-03-24 00:10:47,817 INFO Acquired evaluation lock.
2026-03-24 00:10:47,861 INFO === Step 0: Drop page cache ===
2026-03-24 00:10:47,861 INFO Database already exists at /mydata/leveldb_temp (CURRENT file found), skipping copy
2026-03-24 00:10:47,861 INFO CMD: sudo sync
2026-03-24 00:10:48,009 INFO CMD: sudo sh -c echo 3 > /proc/sys/vm/drop_caches
2026-03-24 00:10:48,230 INFO Page cache dropped.
2026-03-24 00:10:48,230 INFO === Step 1: Compile evolved policy ===
2026-03-24 00:10:48,244 INFO CMD: sudo chown -R root: /mydata/cache_ext/eviction_evo/build
2026-03-24 00:10:48,591 INFO CMD: clang-14 -O2 -target bpf -D__TARGET_ARCH_x86 -c -g -Wall -idirafter /usr/lib/llvm-14/lib/clang/14.0.0/include -idirafter /usr/local/include -idirafter /usr/include/x86_64-linux-gnu -idirafter /usr/include /mydata/cache_ext/eviction_evo/build/cache_ext_evolved.bpf.c -o /mydata/cache_ext/eviction_evo/build/cache_ext_evolved.bpf.o
2026-03-24 00:10:51,415 INFO CMD: /usr/local/sbin/bpftool gen skeleton /mydata/cache_ext/eviction_evo/build/cache_ext_evolved.bpf.o name cache_ext_evolved_bpf
2026-03-24 00:10:51,594 INFO CMD: clang-14 -O2 -g -Wall -I/mydata/cache_ext/eviction_evo/build -I/mydata/cache_ext/policies /mydata/cache_ext/eviction_evo/cache_ext_evolved.c -o /mydata/cache_ext/eviction_evo/build/cache_ext_evolved.out -L/usr/local/lib64 -lbpf
2026-03-24 00:10:52,429 INFO Compilation successful: /mydata/cache_ext/eviction_evo/build/cache_ext_evolved.out
2026-03-24 00:10:52,429 INFO === Step 2: Disable MGLRU ===
2026-03-24 00:10:52,430 INFO MGLRU watchdog started (PID 361447, will restore in 7800 s)
2026-03-24 00:10:52,431 INFO MGLRU current state: 0x0007 - disabling
2026-03-24 00:10:52,431 INFO CMD: sudo sh -c echo 0 > /sys/kernel/mm/lru_gen/enabled
2026-03-24 00:10:52,474 INFO MGLRU disabled.
2026-03-24 00:10:52,474 INFO === Step 3: Create cgroup ===
2026-03-24 00:10:52,550 INFO CMD: sudo cgcreate -g memory:cache_ext_test
2026-03-24 00:10:52,660 INFO CMD: sudo sh -c echo 536870912 > /sys/fs/cgroup/cache_ext_test/memory.max
2026-03-24 00:10:52,675 INFO Created cgroup cache_ext_test with limit 536870912 bytes
2026-03-24 00:10:52,675 INFO === Step 4: Load BPF policy ===
2026-03-24 00:10:52,675 INFO Loading policy: sudo /mydata/cache_ext/eviction_evo/build/cache_ext_evolved.out --watch_dir /mydata/leveldb_temp --cgroup_path /sys/fs/cgroup/cache_ext_test
2026-03-24 00:11:02,686 INFO Policy loaded (PID 361468)
2026-03-24 00:11:02,687 INFO === Step 5: Start server ===
2026-03-24 00:11:02,687 INFO Starting server: sudo cgexec -g memory:cache_ext_test /mydata/cache_ext/net_leveldb_server 9100 /mydata/leveldb_temp
2026-03-24 00:11:02,688 INFO Waiting for server on port 9100 ...
2026-03-24 00:11:03,741 INFO Server ready (PID 361473) on port 9100
2026-03-24 00:11:03,741 INFO === Step 6: Run 2 traces x 5 runs = 10 total benchmarks ===
2026-03-24 00:11:03,795 INFO --- Trace 1/2 (dual_small_vs_large) run 1/5  [1/10 overall] ---
2026-03-24 00:11:03,795 INFO CMD: sudo sync
2026-03-24 00:11:04,005 INFO CMD: sudo sh -c echo 3 > /proc/sys/vm/drop_caches
2026-03-24 00:11:04,264 INFO Page cache dropped.
2026-03-24 00:11:07,065 INFO Starting remote client reader_fast on krisub@node1: ssh -o StrictHostKeyChecking=no -o BatchMode=yes -i /users/krisub/.ssh/id_ed25519 krisub@node1 sh -lc 'exec /mydata/cache_ext/My-YCSB/build/run_net_leveldb /tmp/dual_reader_fast_1astsm69.yaml'
2026-03-24 00:11:07,328 INFO Starting remote client writer_slow on krisub@node1: ssh -o StrictHostKeyChecking=no -o BatchMode=yes -i /users/krisub/.ssh/id_ed25519 krisub@node1 sh -lc 'exec /mydata/cache_ext/My-YCSB/build/run_net_leveldb /tmp/dual_writer_slow_y_wxcsfy.yaml'
2026-03-24 00:14:05,331 INFO Client reader_fast: throughput=883.76
2026-03-24 00:14:05,332 INFO Client writer_slow: throughput=546.33
2026-03-24 00:14:05,332 INFO Dual-client combined throughput: 1430.09 ops/sec
2026-03-24 00:14:05,806 INFO Trace dual_small_vs_large run 1: throughput=1430.09 ops/sec
2026-03-24 00:14:05,806 INFO --- Trace 1/2 (dual_small_vs_large) run 2/5  [2/10 overall] ---
2026-03-24 00:14:05,806 INFO CMD: sudo sync
2026-03-24 00:14:06,043 INFO CMD: sudo sh -c echo 3 > /proc/sys/vm/drop_caches
2026-03-24 00:14:06,362 INFO Page cache dropped.
2026-03-24 00:14:09,133 INFO Starting remote client reader_fast on krisub@node1: ssh -o StrictHostKeyChecking=no -o BatchMode=yes -i /users/krisub/.ssh/id_ed25519 krisub@node1 sh -lc 'exec /mydata/cache_ext/My-YCSB/build/run_net_leveldb /tmp/dual_reader_fast_4fiso6ii.yaml'
2026-03-24 00:14:09,377 INFO Starting remote client writer_slow on krisub@node1: ssh -o StrictHostKeyChecking=no -o BatchMode=yes -i /users/krisub/.ssh/id_ed25519 krisub@node1 sh -lc 'exec /mydata/cache_ext/My-YCSB/build/run_net_leveldb /tmp/dual_writer_slow_7z5ahogy.yaml'
2026-03-24 00:17:07,277 INFO Client reader_fast: throughput=696.33
2026-03-24 00:17:07,279 INFO Client writer_slow: throughput=546.22
2026-03-24 00:17:07,279 INFO Dual-client combined throughput: 1242.55 ops/sec
2026-03-24 00:17:07,729 INFO Trace dual_small_vs_large run 2: throughput=1242.55 ops/sec
2026-03-24 00:17:07,729 INFO --- Trace 1/2 (dual_small_vs_large) run 3/5  [3/10 overall] ---
2026-03-24 00:17:07,729 INFO CMD: sudo sync
2026-03-24 00:17:07,935 INFO CMD: sudo sh -c echo 3 > /proc/sys/vm/drop_caches
2026-03-24 00:17:08,198 INFO Page cache dropped.
2026-03-24 00:17:10,930 INFO Starting remote client reader_fast on krisub@node1: ssh -o StrictHostKeyChecking=no -o BatchMode=yes -i /users/krisub/.ssh/id_ed25519 krisub@node1 sh -lc 'exec /mydata/cache_ext/My-YCSB/build/run_net_leveldb /tmp/dual_reader_fast_fewtul_h.yaml'
2026-03-24 00:17:11,193 INFO Starting remote client writer_slow on krisub@node1: ssh -o StrictHostKeyChecking=no -o BatchMode=yes -i /users/krisub/.ssh/id_ed25519 krisub@node1 sh -lc 'exec /mydata/cache_ext/My-YCSB/build/run_net_leveldb /tmp/dual_writer_slow_br8467ai.yaml'
2026-03-24 00:20:21,825 INFO Client reader_fast: throughput=700.83
2026-03-24 00:20:21,827 INFO Client writer_slow: throughput=543.50
2026-03-24 00:20:21,827 INFO Dual-client combined throughput: 1244.33 ops/sec
2026-03-24 00:20:22,277 INFO Trace dual_small_vs_large run 3: throughput=1244.33 ops/sec
2026-03-24 00:20:22,278 INFO --- Trace 1/2 (dual_small_vs_large) run 4/5  [4/10 overall] ---
2026-03-24 00:20:22,278 INFO CMD: sudo sync
2026-03-24 00:20:22,539 INFO CMD: sudo sh -c echo 3 > /proc/sys/vm/drop_caches
2026-03-24 00:20:22,833 INFO Page cache dropped.
2026-03-24 00:20:25,598 INFO Starting remote client reader_fast on krisub@node1: ssh -o StrictHostKeyChecking=no -o BatchMode=yes -i /users/krisub/.ssh/id_ed25519 krisub@node1 sh -lc 'exec /mydata/cache_ext/My-YCSB/build/run_net_leveldb /tmp/dual_reader_fast_8evjk5gm.yaml'
2026-03-24 00:20:25,860 INFO Starting remote client writer_slow on krisub@node1: ssh -o StrictHostKeyChecking=no -o BatchMode=yes -i /users/krisub/.ssh/id_ed25519 krisub@node1 sh -lc 'exec /mydata/cache_ext/My-YCSB/build/run_net_leveldb /tmp/dual_writer_slow_ljl1ui7g.yaml'
2026-03-24 00:23:23,895 INFO Client reader_fast: throughput=695.67
2026-03-24 00:23:23,897 INFO Client writer_slow: throughput=475.84
2026-03-24 00:23:23,898 INFO Dual-client combined throughput: 1171.51 ops/sec
2026-03-24 00:23:24,381 INFO Trace dual_small_vs_large run 4: throughput=1171.51 ops/sec
2026-03-24 00:23:24,381 INFO --- Trace 1/2 (dual_small_vs_large) run 5/5  [5/10 overall] ---
2026-03-24 00:23:24,381 INFO CMD: sudo sync
2026-03-24 00:23:24,713 INFO CMD: sudo sh -c echo 3 > /proc/sys/vm/drop_caches
2026-03-24 00:23:25,086 INFO Page cache dropped.
2026-03-24 00:23:27,842 INFO Starting remote client reader_fast on krisub@node1: ssh -o StrictHostKeyChecking=no -o BatchMode=yes -i /users/krisub/.ssh/id_ed25519 krisub@node1 sh -lc 'exec /mydata/cache_ext/My-YCSB/build/run_net_leveldb /tmp/dual_reader_fast__gwl66qm.yaml'
2026-03-24 00:23:28,096 INFO Starting remote client writer_slow on krisub@node1: ssh -o StrictHostKeyChecking=no -o BatchMode=yes -i /users/krisub/.ssh/id_ed25519 krisub@node1 sh -lc 'exec /mydata/cache_ext/My-YCSB/build/run_net_leveldb /tmp/dual_writer_slow_44811xi3.yaml'
2026-03-24 00:26:26,135 INFO Client reader_fast: throughput=688.46
2026-03-24 00:26:26,136 INFO Client writer_slow: throughput=571.17
2026-03-24 00:26:26,136 INFO Dual-client combined throughput: 1259.63 ops/sec
2026-03-24 00:26:26,589 INFO Trace dual_small_vs_large run 5: throughput=1259.63 ops/sec
2026-03-24 00:26:26,590 INFO Trace dual_small_vs_large summary: mean=1269.62 std=95.98 min=1171.51 max=1430.09 (CV=7.6%)
2026-03-24 00:26:26,632 INFO --- Trace 2/2 (dual_congested) run 1/5  [6/10 overall] ---
2026-03-24 00:26:26,633 INFO CMD: sudo sync
2026-03-24 00:26:26,861 INFO CMD: sudo sh -c echo 3 > /proc/sys/vm/drop_caches
2026-03-24 00:26:27,190 INFO Page cache dropped.
2026-03-24 00:26:29,918 INFO Starting remote client wan_reader on krisub@node1: ssh -o StrictHostKeyChecking=no -o BatchMode=yes -i /users/krisub/.ssh/id_ed25519 krisub@node1 sh -lc 'exec /mydata/cache_ext/My-YCSB/build/run_net_leveldb /tmp/dual_wan_reader_c3tc66e3.yaml'
2026-03-24 00:26:30,165 INFO Starting remote client wan_writer on krisub@node1: ssh -o StrictHostKeyChecking=no -o BatchMode=yes -i /users/krisub/.ssh/id_ed25519 krisub@node1 sh -lc 'exec /mydata/cache_ext/My-YCSB/build/run_net_leveldb /tmp/dual_wan_writer_t50e0xsj.yaml'
2026-03-24 00:29:28,198 INFO Client wan_reader: throughput=1136.40
2026-03-24 00:29:28,314 INFO Client wan_writer: throughput=1173.28
2026-03-24 00:29:28,314 INFO Dual-client combined throughput: 2309.68 ops/sec
2026-03-24 00:29:28,761 INFO Trace dual_congested run 1: throughput=2309.68 ops/sec
2026-03-24 00:29:28,761 INFO --- Trace 2/2 (dual_congested) run 2/5  [7/10 overall] ---
2026-03-24 00:29:28,761 INFO CMD: sudo sync
2026-03-24 00:29:28,999 INFO CMD: sudo sh -c echo 3 > /proc/sys/vm/drop_caches
2026-03-24 00:29:29,283 INFO Page cache dropped.
2026-03-24 00:29:32,041 INFO Starting remote client wan_reader on krisub@node1: ssh -o StrictHostKeyChecking=no -o BatchMode=yes -i /users/krisub/.ssh/id_ed25519 krisub@node1 sh -lc 'exec /mydata/cache_ext/My-YCSB/build/run_net_leveldb /tmp/dual_wan_reader_t76uiqra.yaml'
2026-03-24 00:29:32,308 INFO Starting remote client wan_writer on krisub@node1: ssh -o StrictHostKeyChecking=no -o BatchMode=yes -i /users/krisub/.ssh/id_ed25519 krisub@node1 sh -lc 'exec /mydata/cache_ext/My-YCSB/build/run_net_leveldb /tmp/dual_wan_writer_nzy83mqn.yaml'
2026-03-24 00:32:30,292 INFO Client wan_reader: throughput=1188.11
2026-03-24 00:32:30,507 INFO Client wan_writer: throughput=1532.15
2026-03-24 00:32:30,507 INFO Dual-client combined throughput: 2720.26 ops/sec
2026-03-24 00:32:30,966 INFO Trace dual_congested run 2: throughput=2720.26 ops/sec
2026-03-24 00:32:30,966 INFO --- Trace 2/2 (dual_congested) run 3/5  [8/10 overall] ---
2026-03-24 00:32:30,966 INFO CMD: sudo sync
2026-03-24 00:32:31,166 INFO CMD: sudo sh -c echo 3 > /proc/sys/vm/drop_caches
2026-03-24 00:32:31,496 INFO Page cache dropped.
2026-03-24 00:32:34,258 INFO Starting remote client wan_reader on krisub@node1: ssh -o StrictHostKeyChecking=no -o BatchMode=yes -i /users/krisub/.ssh/id_ed25519 krisub@node1 sh -lc 'exec /mydata/cache_ext/My-YCSB/build/run_net_leveldb /tmp/dual_wan_reader_hujpdttm.yaml'
2026-03-24 00:32:34,517 INFO Starting remote client wan_writer on krisub@node1: ssh -o StrictHostKeyChecking=no -o BatchMode=yes -i /users/krisub/.ssh/id_ed25519 krisub@node1 sh -lc 'exec /mydata/cache_ext/My-YCSB/build/run_net_leveldb /tmp/dual_wan_writer_sn0ucpvf.yaml'
2026-03-24 00:35:32,450 INFO Client wan_reader: throughput=1190.88
2026-03-24 00:35:32,766 INFO Client wan_writer: throughput=1625.78
2026-03-24 00:35:32,766 INFO Dual-client combined throughput: 2816.66 ops/sec
2026-03-24 00:35:33,221 INFO Trace dual_congested run 3: throughput=2816.66 ops/sec
2026-03-24 00:35:33,222 INFO --- Trace 2/2 (dual_congested) run 4/5  [9/10 overall] ---
2026-03-24 00:35:33,222 INFO CMD: sudo sync
2026-03-24 00:35:33,502 INFO CMD: sudo sh -c echo 3 > /proc/sys/vm/drop_caches
2026-03-24 00:35:33,846 INFO Page cache dropped.
2026-03-24 00:35:36,577 INFO Starting remote client wan_reader on krisub@node1: ssh -o StrictHostKeyChecking=no -o BatchMode=yes -i /users/krisub/.ssh/id_ed25519 krisub@node1 sh -lc 'exec /mydata/cache_ext/My-YCSB/build/run_net_leveldb /tmp/dual_wan_reader_9yg0ry1r.yaml'
2026-03-24 00:35:36,833 INFO Starting remote client wan_writer on krisub@node1: ssh -o StrictHostKeyChecking=no -o BatchMode=yes -i /users/krisub/.ssh/id_ed25519 krisub@node1 sh -lc 'exec /mydata/cache_ext/My-YCSB/build/run_net_leveldb /tmp/dual_wan_writer_hmwpxl50.yaml'
2026-03-24 00:38:34,867 INFO Client wan_reader: throughput=1203.42
2026-03-24 00:38:35,083 INFO Client wan_writer: throughput=1715.17
2026-03-24 00:38:35,083 INFO Dual-client combined throughput: 2918.59 ops/sec
2026-03-24 00:38:35,541 INFO Trace dual_congested run 4: throughput=2918.59 ops/sec
2026-03-24 00:38:35,541 INFO --- Trace 2/2 (dual_congested) run 5/5  [10/10 overall] ---
2026-03-24 00:38:35,541 INFO CMD: sudo sync
2026-03-24 00:38:35,855 INFO CMD: sudo sh -c echo 3 > /proc/sys/vm/drop_caches
2026-03-24 00:38:36,178 INFO Page cache dropped.
2026-03-24 00:38:38,953 INFO Starting remote client wan_reader on krisub@node1: ssh -o StrictHostKeyChecking=no -o BatchMode=yes -i /users/krisub/.ssh/id_ed25519 krisub@node1 sh -lc 'exec /mydata/cache_ext/My-YCSB/build/run_net_leveldb /tmp/dual_wan_reader_d3ohyo7s.yaml'
2026-03-24 00:38:39,205 INFO Starting remote client wan_writer on krisub@node1: ssh -o StrictHostKeyChecking=no -o BatchMode=yes -i /users/krisub/.ssh/id_ed25519 krisub@node1 sh -lc 'exec /mydata/cache_ext/My-YCSB/build/run_net_leveldb /tmp/dual_wan_writer_jzzjv5q2.yaml'
2026-03-24 00:41:37,237 INFO Client wan_reader: throughput=1157.20
2026-03-24 00:41:37,453 INFO Client wan_writer: throughput=1716.73
2026-03-24 00:41:37,454 INFO Dual-client combined throughput: 2873.93 ops/sec
2026-03-24 00:41:37,921 INFO Trace dual_congested run 5: throughput=2873.93 ops/sec
2026-03-24 00:41:37,921 INFO Trace dual_congested summary: mean=2727.82 std=245.22 min=2309.68 max=2918.59 (CV=9.0%)
2026-03-24 00:41:37,948 INFO === Evaluation complete (5 runs per trace) ===
2026-03-24 00:41:37,948 INFO Combined score (harmonic mean of means): 1732.76  (2/2 traces passed)
2026-03-24 00:41:37,948 INFO   dual_small_vs_large: mean=1269.62 std=95.98 [1171.51 .. 1430.09]
2026-03-24 00:41:37,948 INFO   dual_congested: mean=2727.82 std=245.22 [2309.68 .. 2918.59]
2026-03-24 00:41:37,949 INFO Stopping net_leveldb_server (PID 361473)
2026-03-24 00:41:37,949 INFO CMD: sudo kill 361473
2026-03-24 00:41:38,073 INFO Unloading BPF policy (PID 361468)
2026-03-24 00:41:38,073 INFO CMD: sudo kill -2 361468
2026-03-24 00:41:38,506 INFO CMD: sudo rm -f /sys/fs/bpf/cache_ext/scan_pids
2026-03-24 00:41:38,603 INFO CMD: sudo sh -c echo 0x0007 > /sys/kernel/mm/lru_gen/enabled
2026-03-24 00:41:38,682 INFO MGLRU re-enabled (restored to 0x0007).
2026-03-24 00:41:38,682 INFO MGLRU watchdog stopped (PID 361447)
