2026-03-11 12:04:49,834 INFO Waiting for evaluation lock /tmp/cache_ext_evaluate.lock ...
2026-03-11 12:04:49,834 INFO Acquired evaluation lock.
2026-03-11 12:04:49,834 INFO === Step 0: Drop page cache ===
2026-03-11 12:04:49,841 INFO Database already exists at /mydata/leveldb_temp (CURRENT file found), skipping rsync
2026-03-11 12:04:49,841 INFO CMD: sudo sync
2026-03-11 12:04:49,904 INFO CMD: sudo sh -c echo 3 > /proc/sys/vm/drop_caches
2026-03-11 12:04:50,014 INFO Page cache dropped.
2026-03-11 12:04:50,014 INFO === Step 1: Compile evolved policy ===
2026-03-11 12:04:50,015 INFO CMD: sudo chown -R root: /mydata/cache_ext/eviction_evo/build
2026-03-11 12:04:50,335 INFO CMD: clang-14 -O2 -target bpf -D__TARGET_ARCH_x86 -c -g -Wall -idirafter /usr/lib/llvm-14/lib/clang/14.0.0/include -idirafter /usr/local/include -idirafter /usr/include/x86_64-linux-gnu -idirafter /usr/include /mydata/cache_ext/eviction_evo/build/cache_ext_evolved.bpf.c -o /mydata/cache_ext/eviction_evo/build/cache_ext_evolved.bpf.o
2026-03-11 12:04:53,379 INFO CMD: /usr/local/sbin/bpftool gen skeleton /mydata/cache_ext/eviction_evo/build/cache_ext_evolved.bpf.o name cache_ext_evolved_bpf
2026-03-11 12:04:53,582 INFO CMD: clang-14 -O2 -g -Wall -I/mydata/cache_ext/eviction_evo/build -I/mydata/cache_ext/policies /mydata/cache_ext/eviction_evo/cache_ext_evolved.c -o /mydata/cache_ext/eviction_evo/build/cache_ext_evolved.out -L/usr/local/lib64 -lbpf
2026-03-11 12:04:54,501 INFO Compilation successful: /mydata/cache_ext/eviction_evo/build/cache_ext_evolved.out
2026-03-11 12:04:54,501 INFO === Step 2: Disable MGLRU ===
2026-03-11 12:04:54,502 INFO MGLRU current state: 0x0007 — disabling
2026-03-11 12:04:54,502 INFO CMD: sudo sh -c echo 0 > /sys/kernel/mm/lru_gen/enabled
2026-03-11 12:04:54,581 INFO MGLRU disabled.
2026-03-11 12:04:54,581 INFO === Step 3: Create cgroup ===
2026-03-11 12:04:54,581 INFO CMD: sudo cgdelete memory:cache_ext_test
2026-03-11 12:04:54,608 INFO CMD: sudo cgcreate -g memory:cache_ext_test
2026-03-11 12:04:54,714 INFO CMD: sudo sh -c echo 536870912 > /sys/fs/cgroup/cache_ext_test/memory.max
2026-03-11 12:04:54,728 INFO Created cgroup cache_ext_test with limit 536870912 bytes
2026-03-11 12:04:54,728 INFO === Step 4: Load BPF policy ===
2026-03-11 12:04:54,728 INFO Loading policy: sudo /mydata/cache_ext/eviction_evo/build/cache_ext_evolved.out --watch_dir /mydata/leveldb_temp --cgroup_path /sys/fs/cgroup/cache_ext_test
2026-03-11 12:05:04,739 INFO Policy loaded (PID 26426)
2026-03-11 12:05:04,740 INFO === Step 5: Start server ===
2026-03-11 12:05:04,740 INFO Starting server: sudo cgexec -g memory:cache_ext_test /mydata/cache_ext/net_leveldb_server 9100 /mydata/leveldb_temp
2026-03-11 12:05:04,741 INFO Waiting for server on port 9100 ...
2026-03-11 12:05:05,752 INFO Server ready (PID 26452) on port 9100
2026-03-11 12:05:05,753 INFO === Step 6: Run 2 trace benchmarks ===
2026-03-11 12:05:05,753 INFO --- Trace 1/2: dual_small_vs_large ---
2026-03-11 12:05:06,431 INFO Starting remote client reader_fast on krisub@node1: ssh -o StrictHostKeyChecking=no -o BatchMode=yes -i /users/krisub/.ssh/id_ed25519 krisub@node1 sh -lc 'if command -v cgexec >/dev/null 2>&1; then cgexec -g memory:cache_ext_remote_clients /mydata/cache_ext/My-YCSB/build/run_net_leveldb /tmp/dual_reader_fast_59obt3kl.yaml && exit 0; fi; exec /mydata/cache_ext/My-YCSB/build/run_net_leveldb /tmp/dual_reader_fast_59obt3kl.yaml'
2026-03-11 12:05:06,689 INFO Starting remote client writer_slow on krisub@node1: ssh -o StrictHostKeyChecking=no -o BatchMode=yes -i /users/krisub/.ssh/id_ed25519 krisub@node1 sh -lc 'if command -v cgexec >/dev/null 2>&1; then cgexec -g memory:cache_ext_remote_clients /mydata/cache_ext/My-YCSB/build/run_net_leveldb /tmp/dual_writer_slow_1d34_6ew.yaml && exit 0; fi; exec /mydata/cache_ext/My-YCSB/build/run_net_leveldb /tmp/dual_writer_slow_1d34_6ew.yaml'
2026-03-11 12:08:04,766 INFO Client reader_fast: throughput=1068.82
2026-03-11 12:08:09,250 INFO Client writer_slow: throughput=421.09
2026-03-11 12:08:09,250 INFO Dual-client combined throughput: 1489.91 ops/sec
2026-03-11 12:08:09,710 INFO Trace dual_small_vs_large: throughput=1489.91 ops/sec
2026-03-11 12:08:09,711 INFO --- Trace 2/2: dual_congested ---
2026-03-11 12:08:09,711 INFO CMD: sudo sync
2026-03-11 12:08:09,815 INFO CMD: sudo sh -c echo 3 > /proc/sys/vm/drop_caches
2026-03-11 12:08:10,137 INFO Page cache dropped.
2026-03-11 12:08:12,867 INFO Starting remote client wan_reader on krisub@node1: ssh -o StrictHostKeyChecking=no -o BatchMode=yes -i /users/krisub/.ssh/id_ed25519 krisub@node1 sh -lc 'if command -v cgexec >/dev/null 2>&1; then cgexec -g memory:cache_ext_remote_clients /mydata/cache_ext/My-YCSB/build/run_net_leveldb /tmp/dual_wan_reader_2fdoq34c.yaml && exit 0; fi; exec /mydata/cache_ext/My-YCSB/build/run_net_leveldb /tmp/dual_wan_reader_2fdoq34c.yaml'
2026-03-11 12:08:13,105 INFO Starting remote client wan_writer on krisub@node1: ssh -o StrictHostKeyChecking=no -o BatchMode=yes -i /users/krisub/.ssh/id_ed25519 krisub@node1 sh -lc 'if command -v cgexec >/dev/null 2>&1; then cgexec -g memory:cache_ext_remote_clients /mydata/cache_ext/My-YCSB/build/run_net_leveldb /tmp/dual_wan_writer_i0vfvyml.yaml && exit 0; fi; exec /mydata/cache_ext/My-YCSB/build/run_net_leveldb /tmp/dual_wan_writer_i0vfvyml.yaml'
2026-03-11 12:11:11,050 INFO Client wan_reader: throughput=1342.66
2026-03-11 12:11:11,388 INFO Client wan_writer: throughput=1644.97
2026-03-11 12:11:11,389 INFO Dual-client combined throughput: 2987.63 ops/sec
2026-03-11 12:11:11,859 INFO Trace dual_congested: throughput=2987.63 ops/sec
2026-03-11 12:11:11,887 INFO === Evaluation complete ===
2026-03-11 12:11:11,887 INFO Combined score (harmonic mean): 1988.28  (2/2 traces passed)
2026-03-11 12:11:11,888 INFO   dual_small_vs_large: 1489.91 ops/sec
2026-03-11 12:11:11,888 INFO   dual_congested: 2987.63 ops/sec
2026-03-11 12:11:11,888 INFO Stopping net_leveldb_server (PID 26452)
2026-03-11 12:11:11,888 INFO CMD: sudo kill 26452
2026-03-11 12:11:12,046 INFO Unloading BPF policy (PID 26426)
2026-03-11 12:11:12,047 INFO CMD: sudo kill -2 26426
2026-03-11 12:11:12,277 INFO CMD: sudo rm -f /sys/fs/bpf/cache_ext/scan_pids
2026-03-11 12:11:12,300 INFO CMD: sudo cgdelete memory:cache_ext_test
2026-03-11 12:11:12,329 INFO CMD: sudo sh -c echo 0x0007 > /sys/kernel/mm/lru_gen/enabled
2026-03-11 12:11:12,432 INFO MGLRU re-enabled (restored to 0x0007).
