2026-03-09 21:56:09,655 INFO Waiting for evaluation lock /tmp/cache_ext_evaluate.lock ...
2026-03-09 22:01:26,247 INFO Acquired evaluation lock.
2026-03-09 22:01:26,247 INFO === Step 0: Drop page cache ===
2026-03-09 22:01:26,247 INFO Database already exists at /mydata/leveldb_temp (CURRENT file found), skipping rsync
2026-03-09 22:01:26,247 INFO CMD: sudo sync
2026-03-09 22:01:26,464 INFO CMD: sudo sh -c echo 3 > /proc/sys/vm/drop_caches
2026-03-09 22:01:27,029 INFO Page cache dropped.
2026-03-09 22:01:27,029 INFO === Step 1: Compile evolved policy ===
2026-03-09 22:01:27,040 INFO CMD: sudo chown -R root: /mydata/cache_ext/eviction_evo/build
2026-03-09 22:01:27,403 INFO CMD: clang-14 -O2 -target bpf -D__TARGET_ARCH_x86 -c -g -Wall -idirafter /usr/lib/llvm-14/lib/clang/14.0.0/include -idirafter /usr/local/include -idirafter /usr/include/x86_64-linux-gnu -idirafter /usr/include /mydata/cache_ext/eviction_evo/build/cache_ext_evolved.bpf.c -o /mydata/cache_ext/eviction_evo/build/cache_ext_evolved.bpf.o
2026-03-09 22:01:30,087 ERROR Evaluation failed: RuntimeError: BPF compilation failed:
STDOUT: 
STDERR: /mydata/cache_ext/eviction_evo/build/cache_ext_evolved.bpf.c:465:31: error: use of undeclared identifier 'HOT_ACCESS_THRESHOLD'
    if (meta->access_count >= HOT_ACCESS_THRESHOLD)
                              ^
1 error generated.

Traceback (most recent call last):
  File "/mydata/cache_ext/eviction_evo/evaluate.py", line 581, in evaluate
    loader_path = compile_bpf_policy(program_path, BUILD_DIR)
  File "/mydata/cache_ext/eviction_evo/evaluate.py", line 170, in compile_bpf_policy
    raise RuntimeError(f"BPF compilation failed:\nSTDOUT: {result.stdout}\nSTDERR: {result.stderr}")
RuntimeError: BPF compilation failed:
STDOUT: 
STDERR: /mydata/cache_ext/eviction_evo/build/cache_ext_evolved.bpf.c:465:31: error: use of undeclared identifier 'HOT_ACCESS_THRESHOLD'
    if (meta->access_count >= HOT_ACCESS_THRESHOLD)
                              ^
1 error generated.


2026-03-09 22:01:30,094 INFO CMD: sudo cgdelete memory:cache_ext_test
