2026-03-09 22:02:09,482 INFO Waiting for evaluation lock /tmp/cache_ext_evaluate.lock ...
2026-03-09 22:02:09,482 INFO Acquired evaluation lock.
2026-03-09 22:02:09,482 INFO === Step 0: Drop page cache ===
2026-03-09 22:02:09,486 INFO Database already exists at /mydata/leveldb_temp (CURRENT file found), skipping rsync
2026-03-09 22:02:09,486 INFO CMD: sudo sync
2026-03-09 22:02:09,577 INFO CMD: sudo sh -c echo 3 > /proc/sys/vm/drop_caches
2026-03-09 22:02:09,931 INFO Page cache dropped.
2026-03-09 22:02:09,931 INFO === Step 1: Compile evolved policy ===
2026-03-09 22:02:09,942 INFO CMD: sudo chown -R root: /mydata/cache_ext/eviction_evo/build
2026-03-09 22:02:10,346 INFO CMD: clang-14 -O2 -target bpf -D__TARGET_ARCH_x86 -c -g -Wall -idirafter /usr/lib/llvm-14/lib/clang/14.0.0/include -idirafter /usr/local/include -idirafter /usr/include/x86_64-linux-gnu -idirafter /usr/include /mydata/cache_ext/eviction_evo/build/cache_ext_evolved.bpf.c -o /mydata/cache_ext/eviction_evo/build/cache_ext_evolved.bpf.o
2026-03-09 22:02:12,903 ERROR Evaluation failed: RuntimeError: BPF compilation failed:
STDOUT: 
STDERR: /mydata/cache_ext/eviction_evo/build/cache_ext_evolved.bpf.c:286:28: error: no member named 'phase_tag' in 'struct net_folio_metadata'
    if (phase > 0 && meta->phase_tag == phase) {
                     ~~~~  ^
/mydata/cache_ext/eviction_evo/build/cache_ext_evolved.bpf.c:444:10: error: field designator 'phase_tag' does not refer to any field in type 'struct net_folio_metadata'
        .phase_tag     = current_phase,
         ^
/mydata/cache_ext/eviction_evo/build/cache_ext_evolved.bpf.c:469:14: error: field designator 'phase_tag' does not refer to any field in type 'struct net_folio_metadata'
            .phase_tag     = current_phase,
             ^
/mydata/cache_ext/eviction_evo/build/cache_ext_evolved.bpf.c:482:15: error: no member named 'phase_tag' in 'struct net_folio_metadata'
        meta->phase_tag = current_phase;
        ~~~~  ^
4 errors generated.

Traceback (most recent call last):
  File "/mydata/cache_ext/eviction_evo/evaluate.py", line 581, in evaluate
    loader_path = compile_bpf_policy(program_path, BUILD_DIR)
  File "/mydata/cache_ext/eviction_evo/evaluate.py", line 170, in compile_bpf_policy
    raise RuntimeError(f"BPF compilation failed:\nSTDOUT: {result.stdout}\nSTDERR: {result.stderr}")
RuntimeError: BPF compilation failed:
STDOUT: 
STDERR: /mydata/cache_ext/eviction_evo/build/cache_ext_evolved.bpf.c:286:28: error: no member named 'phase_tag' in 'struct net_folio_metadata'
    if (phase > 0 && meta->phase_tag == phase) {
                     ~~~~  ^
/mydata/cache_ext/eviction_evo/build/cache_ext_evolved.bpf.c:444:10: error: field designator 'phase_tag' does not refer to any field in type 'struct net_folio_metadata'
        .phase_tag     = current_phase,
         ^
/mydata/cache_ext/eviction_evo/build/cache_ext_evolved.bpf.c:469:14: error: field designator 'phase_tag' does not refer to any field in type 'struct net_folio_metadata'
            .phase_tag     = current_phase,
             ^
/mydata/cache_ext/eviction_evo/build/cache_ext_evolved.bpf.c:482:15: error: no member named 'phase_tag' in 'struct net_folio_metadata'
        meta->phase_tag = current_phase;
        ~~~~  ^
4 errors generated.


2026-03-09 22:02:12,905 INFO CMD: sudo cgdelete memory:cache_ext_test
