2026-03-27 06:47:45,767 INFO Waiting for evaluation lock /tmp/cache_ext_evaluate_0.lock ...
2026-03-27 07:23:41,508 INFO Acquired evaluation lock.
2026-03-27 07:23:41,552 INFO === Step 0: Drop page cache ===
2026-03-27 07:23:41,552 INFO Database already exists at /mydata/leveldb_temp (CURRENT file found), skipping copy
2026-03-27 07:23:41,553 INFO CMD: sudo sync
2026-03-27 07:23:41,792 INFO CMD: sudo sh -c echo 3 > /proc/sys/vm/drop_caches
2026-03-27 07:23:42,034 INFO Page cache dropped.
2026-03-27 07:23:42,034 INFO === Step 1: Compile evolved policy ===
2026-03-27 07:23:42,049 INFO CMD: sudo chown -R root: /mydata/cache_ext/eviction_evo/build
2026-03-27 07:23:42,460 INFO CMD: clang-14 -O2 -target bpf -D__TARGET_ARCH_x86 -c -g -Wall -idirafter /usr/lib/llvm-14/lib/clang/14.0.0/include -idirafter /usr/local/include -idirafter /usr/include/x86_64-linux-gnu -idirafter /usr/include /mydata/cache_ext/eviction_evo/build/cache_ext_evolved.bpf.c -o /mydata/cache_ext/eviction_evo/build/cache_ext_evolved.bpf.o
2026-03-27 07:23:45,348 INFO CMD: /usr/local/sbin/bpftool gen skeleton /mydata/cache_ext/eviction_evo/build/cache_ext_evolved.bpf.o name cache_ext_evolved_bpf
2026-03-27 07:23:45,530 INFO CMD: clang-14 -O2 -g -Wall -I/mydata/cache_ext/eviction_evo/build -I/mydata/cache_ext/policies /mydata/cache_ext/eviction_evo/cache_ext_evolved.c -o /mydata/cache_ext/eviction_evo/build/cache_ext_evolved.out -L/usr/local/lib64 -lbpf
2026-03-27 07:23:46,385 INFO Compilation successful: /mydata/cache_ext/eviction_evo/build/cache_ext_evolved.out
2026-03-27 07:23:46,385 INFO === Step 2: Disable MGLRU ===
2026-03-27 07:23:46,386 INFO MGLRU watchdog started (PID 626352, will restore in 7800 s)
2026-03-27 07:23:46,387 INFO MGLRU current state: 0x0007 - disabling
2026-03-27 07:23:46,387 INFO CMD: sudo sh -c echo 0 > /sys/kernel/mm/lru_gen/enabled
2026-03-27 07:23:46,493 INFO MGLRU disabled.
2026-03-27 07:23:46,493 INFO === Step 3: Create cgroup ===
2026-03-27 07:23:46,564 INFO CMD: sudo cgcreate -g memory:cache_ext_test
2026-03-27 07:23:46,658 INFO CMD: sudo sh -c echo 536870912 > /sys/fs/cgroup/cache_ext_test/memory.max
2026-03-27 07:23:46,672 INFO Created cgroup cache_ext_test with limit 536870912 bytes
2026-03-27 07:23:46,672 INFO === Step 4: Load BPF policy ===
2026-03-27 07:23:46,672 INFO Loading policy: sudo /mydata/cache_ext/eviction_evo/build/cache_ext_evolved.out --watch_dir /mydata/leveldb_temp --cgroup_path /sys/fs/cgroup/cache_ext_test
2026-03-27 07:23:56,683 INFO Policy loaded (PID 626373)
2026-03-27 07:23:56,683 INFO === Step 5: Start server ===
2026-03-27 07:23:56,683 INFO Starting server: sudo cgexec -g memory:cache_ext_test /mydata/cache_ext/net_leveldb_server 9100 /mydata/leveldb_temp
2026-03-27 07:23:56,685 INFO Waiting for server on port 9100 ...
2026-03-27 07:23:57,733 INFO Server ready (PID 626421) on port 9100
2026-03-27 07:23:57,734 INFO === Step 6: Run 7 traces x 3 runs = 21 total benchmarks ===
2026-03-27 07:23:57,770 INFO --- Trace 1/7 (ycsb_c_a) run 1/3  [1/21 overall] ---
2026-03-27 07:23:57,770 INFO CMD: sudo sync
2026-03-27 07:23:57,928 INFO CMD: sudo sh -c echo 3 > /proc/sys/vm/drop_caches
2026-03-27 07:23:58,171 INFO Page cache dropped.
2026-03-27 07:24:00,874 INFO Starting remote client client_ycsb_c on krisub@node1: ssh -o StrictHostKeyChecking=no -o BatchMode=yes -i /users/krisub/.ssh/id_ed25519 krisub@node1 sh -lc 'exec /mydata/cache_ext/My-YCSB/build/run_net_leveldb /tmp/dual_client_ycsb_c_s7s4e0v8.yaml'
2026-03-27 07:24:01,112 INFO Starting remote client client_ycsb_a on krisub@node1: ssh -o StrictHostKeyChecking=no -o BatchMode=yes -i /users/krisub/.ssh/id_ed25519 krisub@node1 sh -lc 'exec /mydata/cache_ext/My-YCSB/build/run_net_leveldb /tmp/dual_client_ycsb_a_9jo4httv.yaml'
2026-03-27 07:25:39,508 INFO Client client_ycsb_c: throughput=967.31
2026-03-27 07:25:39,509 INFO Client client_ycsb_a: throughput=1858.23
2026-03-27 07:25:39,509 INFO Dual-client combined throughput: 2825.54 ops/sec
2026-03-27 07:25:39,973 INFO Trace ycsb_c_a run 1: throughput=2825.54 ops/sec
2026-03-27 07:25:39,973 INFO --- Trace 1/7 (ycsb_c_a) run 2/3  [2/21 overall] ---
2026-03-27 07:25:39,973 INFO CMD: sudo sync
2026-03-27 07:25:40,182 INFO CMD: sudo sh -c echo 3 > /proc/sys/vm/drop_caches
2026-03-27 07:25:40,443 INFO Page cache dropped.
2026-03-27 07:25:43,145 INFO Starting remote client client_ycsb_c on krisub@node1: ssh -o StrictHostKeyChecking=no -o BatchMode=yes -i /users/krisub/.ssh/id_ed25519 krisub@node1 sh -lc 'exec /mydata/cache_ext/My-YCSB/build/run_net_leveldb /tmp/dual_client_ycsb_c_weg5e5xr.yaml'
2026-03-27 07:25:43,392 INFO Starting remote client client_ycsb_a on krisub@node1: ssh -o StrictHostKeyChecking=no -o BatchMode=yes -i /users/krisub/.ssh/id_ed25519 krisub@node1 sh -lc 'exec /mydata/cache_ext/My-YCSB/build/run_net_leveldb /tmp/dual_client_ycsb_a_8pqa37e4.yaml'
2026-03-27 07:27:21,436 INFO Client client_ycsb_c: throughput=1181.88
2026-03-27 07:27:21,652 INFO Client client_ycsb_a: throughput=2206.14
2026-03-27 07:27:21,652 INFO Dual-client combined throughput: 3388.02 ops/sec
2026-03-27 07:27:22,117 INFO Trace ycsb_c_a run 2: throughput=3388.02 ops/sec
2026-03-27 07:27:22,117 INFO --- Trace 1/7 (ycsb_c_a) run 3/3  [3/21 overall] ---
2026-03-27 07:27:22,117 INFO CMD: sudo sync
2026-03-27 07:27:22,339 INFO CMD: sudo sh -c echo 3 > /proc/sys/vm/drop_caches
2026-03-27 07:27:22,635 INFO Page cache dropped.
2026-03-27 07:27:25,357 INFO Starting remote client client_ycsb_c on krisub@node1: ssh -o StrictHostKeyChecking=no -o BatchMode=yes -i /users/krisub/.ssh/id_ed25519 krisub@node1 sh -lc 'exec /mydata/cache_ext/My-YCSB/build/run_net_leveldb /tmp/dual_client_ycsb_c_cd73j5j7.yaml'
2026-03-27 07:27:25,593 INFO Starting remote client client_ycsb_a on krisub@node1: ssh -o StrictHostKeyChecking=no -o BatchMode=yes -i /users/krisub/.ssh/id_ed25519 krisub@node1 sh -lc 'exec /mydata/cache_ext/My-YCSB/build/run_net_leveldb /tmp/dual_client_ycsb_a_nyyzz_qj.yaml'
2026-03-27 07:29:03,633 INFO Client client_ycsb_c: throughput=938.24
2026-03-27 07:29:03,949 INFO Client client_ycsb_a: throughput=1816.98
2026-03-27 07:29:03,949 INFO Dual-client combined throughput: 2755.22 ops/sec
2026-03-27 07:29:04,409 INFO Trace ycsb_c_a run 3: throughput=2755.22 ops/sec
2026-03-27 07:29:04,409 INFO Trace ycsb_c_a summary: mean=2989.59 std=346.83 min=2755.22 max=3388.02 (CV=11.6%)
2026-03-27 07:29:04,446 INFO --- Trace 2/7 (ycsb_c_e) run 1/3  [4/21 overall] ---
2026-03-27 07:29:04,447 INFO CMD: sudo sync
2026-03-27 07:29:04,682 INFO CMD: sudo sh -c echo 3 > /proc/sys/vm/drop_caches
2026-03-27 07:29:04,952 INFO Page cache dropped.
2026-03-27 07:29:07,569 INFO Starting remote client client_ycsb_c on krisub@node1: ssh -o StrictHostKeyChecking=no -o BatchMode=yes -i /users/krisub/.ssh/id_ed25519 krisub@node1 sh -lc 'exec /mydata/cache_ext/My-YCSB/build/run_net_leveldb /tmp/dual_client_ycsb_c__q_0a1gh.yaml'
2026-03-27 07:29:07,825 INFO Starting remote client client_ycsb_e on krisub@node1: ssh -o StrictHostKeyChecking=no -o BatchMode=yes -i /users/krisub/.ssh/id_ed25519 krisub@node1 sh -lc 'exec /mydata/cache_ext/My-YCSB/build/run_net_leveldb /tmp/dual_client_ycsb_e_6jl5a3ps.yaml'
2026-03-27 07:30:45,807 INFO Client client_ycsb_c: throughput=1056.15
2026-03-27 07:30:47,376 INFO Client client_ycsb_e: throughput=76653.53
2026-03-27 07:30:47,377 INFO Dual-client combined throughput: 77709.68 ops/sec
2026-03-27 07:30:47,857 INFO Trace ycsb_c_e run 1: throughput=77709.68 ops/sec
2026-03-27 07:30:47,858 INFO --- Trace 2/7 (ycsb_c_e) run 2/3  [5/21 overall] ---
2026-03-27 07:30:47,858 INFO CMD: sudo sync
2026-03-27 07:30:48,090 INFO CMD: sudo sh -c echo 3 > /proc/sys/vm/drop_caches
2026-03-27 07:30:48,298 INFO Page cache dropped.
2026-03-27 07:30:51,024 INFO Starting remote client client_ycsb_c on krisub@node1: ssh -o StrictHostKeyChecking=no -o BatchMode=yes -i /users/krisub/.ssh/id_ed25519 krisub@node1 sh -lc 'exec /mydata/cache_ext/My-YCSB/build/run_net_leveldb /tmp/dual_client_ycsb_c_sk3bn8zz.yaml'
2026-03-27 07:30:51,281 INFO Starting remote client client_ycsb_e on krisub@node1: ssh -o StrictHostKeyChecking=no -o BatchMode=yes -i /users/krisub/.ssh/id_ed25519 krisub@node1 sh -lc 'exec /mydata/cache_ext/My-YCSB/build/run_net_leveldb /tmp/dual_client_ycsb_e_znxo0wh3.yaml'
2026-03-27 07:32:29,265 INFO Client client_ycsb_c: throughput=1145.81
2026-03-27 07:32:30,634 INFO Client client_ycsb_e: throughput=76360.70
2026-03-27 07:32:30,634 INFO Dual-client combined throughput: 77506.51 ops/sec
2026-03-27 07:32:31,113 INFO Trace ycsb_c_e run 2: throughput=77506.51 ops/sec
2026-03-27 07:32:31,113 INFO --- Trace 2/7 (ycsb_c_e) run 3/3  [6/21 overall] ---
2026-03-27 07:32:31,113 INFO CMD: sudo sync
2026-03-27 07:32:31,350 INFO CMD: sudo sh -c echo 3 > /proc/sys/vm/drop_caches
2026-03-27 07:32:31,559 INFO Page cache dropped.
2026-03-27 07:32:34,267 INFO Starting remote client client_ycsb_c on krisub@node1: ssh -o StrictHostKeyChecking=no -o BatchMode=yes -i /users/krisub/.ssh/id_ed25519 krisub@node1 sh -lc 'exec /mydata/cache_ext/My-YCSB/build/run_net_leveldb /tmp/dual_client_ycsb_c_82crsohd.yaml'
2026-03-27 07:32:34,525 INFO Starting remote client client_ycsb_e on krisub@node1: ssh -o StrictHostKeyChecking=no -o BatchMode=yes -i /users/krisub/.ssh/id_ed25519 krisub@node1 sh -lc 'exec /mydata/cache_ext/My-YCSB/build/run_net_leveldb /tmp/dual_client_ycsb_e_rzqnj0a0.yaml'
2026-03-27 07:34:12,662 INFO Client client_ycsb_c: throughput=1124.34
2026-03-27 07:34:13,881 INFO Client client_ycsb_e: throughput=75564.36
2026-03-27 07:34:13,881 INFO Dual-client combined throughput: 76688.70 ops/sec
2026-03-27 07:34:14,361 INFO Trace ycsb_c_e run 3: throughput=76688.70 ops/sec
2026-03-27 07:34:14,362 INFO Trace ycsb_c_e summary: mean=77301.63 std=540.45 min=76688.70 max=77709.68 (CV=0.7%)
2026-03-27 07:34:14,398 INFO --- Trace 3/7 (ycsb_c_f) run 1/3  [7/21 overall] ---
2026-03-27 07:34:14,398 INFO CMD: sudo sync
2026-03-27 07:34:14,609 INFO CMD: sudo sh -c echo 3 > /proc/sys/vm/drop_caches
2026-03-27 07:34:14,831 INFO Page cache dropped.
2026-03-27 07:34:17,557 INFO Starting remote client client_ycsb_c on krisub@node1: ssh -o StrictHostKeyChecking=no -o BatchMode=yes -i /users/krisub/.ssh/id_ed25519 krisub@node1 sh -lc 'exec /mydata/cache_ext/My-YCSB/build/run_net_leveldb /tmp/dual_client_ycsb_c_2guhegg8.yaml'
2026-03-27 07:34:17,801 INFO Starting remote client client_ycsb_f on krisub@node1: ssh -o StrictHostKeyChecking=no -o BatchMode=yes -i /users/krisub/.ssh/id_ed25519 krisub@node1 sh -lc 'exec /mydata/cache_ext/My-YCSB/build/run_net_leveldb /tmp/dual_client_ycsb_f_henehjs6.yaml'
2026-03-27 07:35:55,851 INFO Client client_ycsb_c: throughput=1035.88
2026-03-27 07:35:56,167 INFO Client client_ycsb_f: throughput=236.44
2026-03-27 07:35:56,167 INFO Dual-client combined throughput: 1272.32 ops/sec
2026-03-27 07:35:56,625 INFO Trace ycsb_c_f run 1: throughput=1272.32 ops/sec
2026-03-27 07:35:56,626 INFO --- Trace 3/7 (ycsb_c_f) run 2/3  [8/21 overall] ---
2026-03-27 07:35:56,626 INFO CMD: sudo sync
2026-03-27 07:35:56,858 INFO CMD: sudo sh -c echo 3 > /proc/sys/vm/drop_caches
2026-03-27 07:35:57,160 INFO Page cache dropped.
2026-03-27 07:35:59,781 INFO Starting remote client client_ycsb_c on krisub@node1: ssh -o StrictHostKeyChecking=no -o BatchMode=yes -i /users/krisub/.ssh/id_ed25519 krisub@node1 sh -lc 'exec /mydata/cache_ext/My-YCSB/build/run_net_leveldb /tmp/dual_client_ycsb_c_c6vmh4kv.yaml'
2026-03-27 07:36:00,037 INFO Starting remote client client_ycsb_f on krisub@node1: ssh -o StrictHostKeyChecking=no -o BatchMode=yes -i /users/krisub/.ssh/id_ed25519 krisub@node1 sh -lc 'exec /mydata/cache_ext/My-YCSB/build/run_net_leveldb /tmp/dual_client_ycsb_f_s1bvimez.yaml'
2026-03-27 07:37:38,087 INFO Client client_ycsb_c: throughput=875.30
2026-03-27 07:37:38,453 INFO Client client_ycsb_f: throughput=221.88
2026-03-27 07:37:38,453 INFO Dual-client combined throughput: 1097.18 ops/sec
2026-03-27 07:37:38,905 INFO Trace ycsb_c_f run 2: throughput=1097.18 ops/sec
2026-03-27 07:37:38,905 INFO --- Trace 3/7 (ycsb_c_f) run 3/3  [9/21 overall] ---
2026-03-27 07:37:38,905 INFO CMD: sudo sync
2026-03-27 07:37:39,118 INFO CMD: sudo sh -c echo 3 > /proc/sys/vm/drop_caches
2026-03-27 07:37:39,403 INFO Page cache dropped.
2026-03-27 07:37:42,101 INFO Starting remote client client_ycsb_c on krisub@node1: ssh -o StrictHostKeyChecking=no -o BatchMode=yes -i /users/krisub/.ssh/id_ed25519 krisub@node1 sh -lc 'exec /mydata/cache_ext/My-YCSB/build/run_net_leveldb /tmp/dual_client_ycsb_c_d_2h0tfy.yaml'
2026-03-27 07:37:42,365 INFO Starting remote client client_ycsb_f on krisub@node1: ssh -o StrictHostKeyChecking=no -o BatchMode=yes -i /users/krisub/.ssh/id_ed25519 krisub@node1 sh -lc 'exec /mydata/cache_ext/My-YCSB/build/run_net_leveldb /tmp/dual_client_ycsb_f_i3_kvewf.yaml'
2026-03-27 07:39:20,417 INFO Client client_ycsb_c: throughput=897.32
2026-03-27 07:39:20,733 INFO Client client_ycsb_f: throughput=219.29
2026-03-27 07:39:20,733 INFO Dual-client combined throughput: 1116.61 ops/sec
2026-03-27 07:39:21,205 INFO Trace ycsb_c_f run 3: throughput=1116.61 ops/sec
2026-03-27 07:39:21,205 INFO Trace ycsb_c_f summary: mean=1162.04 std=96.00 min=1097.18 max=1272.32 (CV=8.3%)
2026-03-27 07:39:21,238 INFO --- Trace 4/7 (ycsb_b_a) run 1/3  [10/21 overall] ---
2026-03-27 07:39:21,238 INFO CMD: sudo sync
2026-03-27 07:39:21,479 INFO CMD: sudo sh -c echo 3 > /proc/sys/vm/drop_caches
2026-03-27 07:39:21,761 INFO Page cache dropped.
2026-03-27 07:39:24,465 INFO Starting remote client client_ycsb_b on krisub@node1: ssh -o StrictHostKeyChecking=no -o BatchMode=yes -i /users/krisub/.ssh/id_ed25519 krisub@node1 sh -lc 'exec /mydata/cache_ext/My-YCSB/build/run_net_leveldb /tmp/dual_client_ycsb_b_q0vzphzk.yaml'
2026-03-27 07:39:24,729 INFO Starting remote client client_ycsb_a on krisub@node1: ssh -o StrictHostKeyChecking=no -o BatchMode=yes -i /users/krisub/.ssh/id_ed25519 krisub@node1 sh -lc 'exec /mydata/cache_ext/My-YCSB/build/run_net_leveldb /tmp/dual_client_ycsb_a_k1nso3e5.yaml'
2026-03-27 07:41:02,927 INFO Client client_ycsb_b: throughput=847.56
2026-03-27 07:41:02,928 INFO Client client_ycsb_a: throughput=1565.25
2026-03-27 07:41:02,928 INFO Dual-client combined throughput: 2412.81 ops/sec
2026-03-27 07:41:03,389 INFO Trace ycsb_b_a run 1: throughput=2412.81 ops/sec
2026-03-27 07:41:03,389 INFO --- Trace 4/7 (ycsb_b_a) run 2/3  [11/21 overall] ---
2026-03-27 07:41:03,389 INFO CMD: sudo sync
2026-03-27 07:41:03,612 INFO CMD: sudo sh -c echo 3 > /proc/sys/vm/drop_caches
2026-03-27 07:41:03,861 INFO Page cache dropped.
2026-03-27 07:41:06,642 INFO Starting remote client client_ycsb_b on krisub@node1: ssh -o StrictHostKeyChecking=no -o BatchMode=yes -i /users/krisub/.ssh/id_ed25519 krisub@node1 sh -lc 'exec /mydata/cache_ext/My-YCSB/build/run_net_leveldb /tmp/dual_client_ycsb_b_2mwcqaaw.yaml'
2026-03-27 07:41:06,892 INFO Starting remote client client_ycsb_a on krisub@node1: ssh -o StrictHostKeyChecking=no -o BatchMode=yes -i /users/krisub/.ssh/id_ed25519 krisub@node1 sh -lc 'exec /mydata/cache_ext/My-YCSB/build/run_net_leveldb /tmp/dual_client_ycsb_a_ohzxacmq.yaml'
2026-03-27 07:42:44,940 INFO Client client_ycsb_b: throughput=797.98
2026-03-27 07:42:45,256 INFO Client client_ycsb_a: throughput=1490.87
2026-03-27 07:42:45,256 INFO Dual-client combined throughput: 2288.85 ops/sec
2026-03-27 07:42:45,733 INFO Trace ycsb_b_a run 2: throughput=2288.85 ops/sec
2026-03-27 07:42:45,733 INFO --- Trace 4/7 (ycsb_b_a) run 3/3  [12/21 overall] ---
2026-03-27 07:42:45,733 INFO CMD: sudo sync
2026-03-27 07:42:45,966 INFO CMD: sudo sh -c echo 3 > /proc/sys/vm/drop_caches
2026-03-27 07:42:46,225 INFO Page cache dropped.
2026-03-27 07:42:48,917 INFO Starting remote client client_ycsb_b on krisub@node1: ssh -o StrictHostKeyChecking=no -o BatchMode=yes -i /users/krisub/.ssh/id_ed25519 krisub@node1 sh -lc 'exec /mydata/cache_ext/My-YCSB/build/run_net_leveldb /tmp/dual_client_ycsb_b_r3axal4b.yaml'
2026-03-27 07:42:49,154 INFO Starting remote client client_ycsb_a on krisub@node1: ssh -o StrictHostKeyChecking=no -o BatchMode=yes -i /users/krisub/.ssh/id_ed25519 krisub@node1 sh -lc 'exec /mydata/cache_ext/My-YCSB/build/run_net_leveldb /tmp/dual_client_ycsb_a_5rwhsdy3.yaml'
2026-03-27 07:44:27,253 INFO Client client_ycsb_b: throughput=830.90
2026-03-27 07:44:27,469 INFO Client client_ycsb_a: throughput=1536.36
2026-03-27 07:44:27,469 INFO Dual-client combined throughput: 2367.26 ops/sec
2026-03-27 07:44:27,925 INFO Trace ycsb_b_a run 3: throughput=2367.26 ops/sec
2026-03-27 07:44:27,926 INFO Trace ycsb_b_a summary: mean=2356.31 std=62.70 min=2288.85 max=2412.81 (CV=2.7%)
2026-03-27 07:44:27,954 INFO --- Trace 5/7 (ycsb_a_d) run 1/3  [13/21 overall] ---
2026-03-27 07:44:27,955 INFO CMD: sudo sync
2026-03-27 07:44:28,200 INFO CMD: sudo sh -c echo 3 > /proc/sys/vm/drop_caches
2026-03-27 07:44:28,451 INFO Page cache dropped.
2026-03-27 07:44:31,173 INFO Starting remote client client_ycsb_a on krisub@node1: ssh -o StrictHostKeyChecking=no -o BatchMode=yes -i /users/krisub/.ssh/id_ed25519 krisub@node1 sh -lc 'exec /mydata/cache_ext/My-YCSB/build/run_net_leveldb /tmp/dual_client_ycsb_a_9j_aw_co.yaml'
2026-03-27 07:44:31,433 INFO Starting remote client client_ycsb_d on krisub@node1: ssh -o StrictHostKeyChecking=no -o BatchMode=yes -i /users/krisub/.ssh/id_ed25519 krisub@node1 sh -lc 'exec /mydata/cache_ext/My-YCSB/build/run_net_leveldb /tmp/dual_client_ycsb_d_m1v0ejg9.yaml'
2026-03-27 07:46:09,528 INFO Client client_ycsb_a: throughput=1377.05
2026-03-27 07:46:09,844 INFO Client client_ycsb_d: throughput=954.73
2026-03-27 07:46:09,844 INFO Dual-client combined throughput: 2331.78 ops/sec
2026-03-27 07:46:10,318 INFO Trace ycsb_a_d run 1: throughput=2331.78 ops/sec
2026-03-27 07:46:10,318 INFO --- Trace 5/7 (ycsb_a_d) run 2/3  [14/21 overall] ---
2026-03-27 07:46:10,318 INFO CMD: sudo sync
2026-03-27 07:46:10,545 INFO CMD: sudo sh -c echo 3 > /proc/sys/vm/drop_caches
2026-03-27 07:46:10,791 INFO Page cache dropped.
2026-03-27 07:46:13,514 INFO Starting remote client client_ycsb_a on krisub@node1: ssh -o StrictHostKeyChecking=no -o BatchMode=yes -i /users/krisub/.ssh/id_ed25519 krisub@node1 sh -lc 'exec /mydata/cache_ext/My-YCSB/build/run_net_leveldb /tmp/dual_client_ycsb_a_381fw4kv.yaml'
2026-03-27 07:46:13,760 INFO Starting remote client client_ycsb_d on krisub@node1: ssh -o StrictHostKeyChecking=no -o BatchMode=yes -i /users/krisub/.ssh/id_ed25519 krisub@node1 sh -lc 'exec /mydata/cache_ext/My-YCSB/build/run_net_leveldb /tmp/dual_client_ycsb_d_54041z3g.yaml'
2026-03-27 07:47:51,807 INFO Client client_ycsb_a: throughput=1530.15
2026-03-27 07:47:52,173 INFO Client client_ycsb_d: throughput=1344.70
2026-03-27 07:47:52,173 INFO Dual-client combined throughput: 2874.85 ops/sec
2026-03-27 07:47:52,639 INFO Trace ycsb_a_d run 2: throughput=2874.85 ops/sec
2026-03-27 07:47:52,639 INFO --- Trace 5/7 (ycsb_a_d) run 3/3  [15/21 overall] ---
2026-03-27 07:47:52,639 INFO CMD: sudo sync
2026-03-27 07:47:52,891 INFO CMD: sudo sh -c echo 3 > /proc/sys/vm/drop_caches
2026-03-27 07:47:53,160 INFO Page cache dropped.
2026-03-27 07:47:55,889 INFO Starting remote client client_ycsb_a on krisub@node1: ssh -o StrictHostKeyChecking=no -o BatchMode=yes -i /users/krisub/.ssh/id_ed25519 krisub@node1 sh -lc 'exec /mydata/cache_ext/My-YCSB/build/run_net_leveldb /tmp/dual_client_ycsb_a_kpb_c0ud.yaml'
2026-03-27 07:47:56,141 INFO Starting remote client client_ycsb_d on krisub@node1: ssh -o StrictHostKeyChecking=no -o BatchMode=yes -i /users/krisub/.ssh/id_ed25519 krisub@node1 sh -lc 'exec /mydata/cache_ext/My-YCSB/build/run_net_leveldb /tmp/dual_client_ycsb_d_r_6uxsho.yaml'
2026-03-27 07:49:34,283 INFO Client client_ycsb_a: throughput=1444.65
2026-03-27 07:49:34,448 INFO Client client_ycsb_d: throughput=1401.21
2026-03-27 07:49:34,448 INFO Dual-client combined throughput: 2845.86 ops/sec
2026-03-27 07:49:34,917 INFO Trace ycsb_a_d run 3: throughput=2845.86 ops/sec
2026-03-27 07:49:34,918 INFO Trace ycsb_a_d summary: mean=2684.16 std=305.52 min=2331.78 max=2874.85 (CV=11.4%)
2026-03-27 07:49:34,958 INFO --- Trace 6/7 (ycsb_e_a) run 1/3  [16/21 overall] ---
2026-03-27 07:49:34,958 INFO CMD: sudo sync
2026-03-27 07:49:35,157 INFO CMD: sudo sh -c echo 3 > /proc/sys/vm/drop_caches
2026-03-27 07:49:35,398 INFO Page cache dropped.
2026-03-27 07:49:38,185 INFO Starting remote client client_ycsb_e on krisub@node1: ssh -o StrictHostKeyChecking=no -o BatchMode=yes -i /users/krisub/.ssh/id_ed25519 krisub@node1 sh -lc 'exec /mydata/cache_ext/My-YCSB/build/run_net_leveldb /tmp/dual_client_ycsb_e_r13zfpgy.yaml'
2026-03-27 07:49:38,448 INFO Starting remote client client_ycsb_a on krisub@node1: ssh -o StrictHostKeyChecking=no -o BatchMode=yes -i /users/krisub/.ssh/id_ed25519 krisub@node1 sh -lc 'exec /mydata/cache_ext/My-YCSB/build/run_net_leveldb /tmp/dual_client_ycsb_a_lepk0utn.yaml'
2026-03-27 07:51:17,678 INFO Client client_ycsb_e: throughput=75409.72
2026-03-27 07:51:17,679 INFO Client client_ycsb_a: throughput=1874.84
2026-03-27 07:51:17,680 INFO Dual-client combined throughput: 77284.56 ops/sec
2026-03-27 07:51:18,162 INFO Trace ycsb_e_a run 1: throughput=77284.56 ops/sec
2026-03-27 07:51:18,163 INFO --- Trace 6/7 (ycsb_e_a) run 2/3  [17/21 overall] ---
2026-03-27 07:51:18,163 INFO CMD: sudo sync
2026-03-27 07:51:18,387 INFO CMD: sudo sh -c echo 3 > /proc/sys/vm/drop_caches
2026-03-27 07:51:18,595 INFO Page cache dropped.
2026-03-27 07:51:21,309 INFO Starting remote client client_ycsb_e on krisub@node1: ssh -o StrictHostKeyChecking=no -o BatchMode=yes -i /users/krisub/.ssh/id_ed25519 krisub@node1 sh -lc 'exec /mydata/cache_ext/My-YCSB/build/run_net_leveldb /tmp/dual_client_ycsb_e_k6on9v69.yaml'
2026-03-27 07:51:21,573 INFO Starting remote client client_ycsb_a on krisub@node1: ssh -o StrictHostKeyChecking=no -o BatchMode=yes -i /users/krisub/.ssh/id_ed25519 krisub@node1 sh -lc 'exec /mydata/cache_ext/My-YCSB/build/run_net_leveldb /tmp/dual_client_ycsb_a_qs9l75tp.yaml'
2026-03-27 07:53:00,554 INFO Client client_ycsb_e: throughput=76193.14
2026-03-27 07:53:00,555 INFO Client client_ycsb_a: throughput=1894.10
2026-03-27 07:53:00,555 INFO Dual-client combined throughput: 78087.24 ops/sec
2026-03-27 07:53:01,009 INFO Trace ycsb_e_a run 2: throughput=78087.24 ops/sec
2026-03-27 07:53:01,009 INFO --- Trace 6/7 (ycsb_e_a) run 3/3  [18/21 overall] ---
2026-03-27 07:53:01,009 INFO CMD: sudo sync
2026-03-27 07:53:01,597 INFO CMD: sudo sh -c echo 3 > /proc/sys/vm/drop_caches
2026-03-27 07:53:01,799 INFO Page cache dropped.
2026-03-27 07:53:04,557 INFO Starting remote client client_ycsb_e on krisub@node1: ssh -o StrictHostKeyChecking=no -o BatchMode=yes -i /users/krisub/.ssh/id_ed25519 krisub@node1 sh -lc 'exec /mydata/cache_ext/My-YCSB/build/run_net_leveldb /tmp/dual_client_ycsb_e_nyv7f39y.yaml'
2026-03-27 07:53:04,821 INFO Starting remote client client_ycsb_a on krisub@node1: ssh -o StrictHostKeyChecking=no -o BatchMode=yes -i /users/krisub/.ssh/id_ed25519 krisub@node1 sh -lc 'exec /mydata/cache_ext/My-YCSB/build/run_net_leveldb /tmp/dual_client_ycsb_a_y0h8aq_6.yaml'
2026-03-27 07:54:43,805 INFO Client client_ycsb_e: throughput=75300.34
2026-03-27 07:54:43,807 INFO Client client_ycsb_a: throughput=1877.26
2026-03-27 07:54:43,807 INFO Dual-client combined throughput: 77177.60 ops/sec
2026-03-27 07:54:44,281 INFO Trace ycsb_e_a run 3: throughput=77177.60 ops/sec
2026-03-27 07:54:44,281 INFO Trace ycsb_e_a summary: mean=77516.47 std=497.19 min=77177.60 max=78087.24 (CV=0.6%)
2026-03-27 07:54:44,312 INFO --- Trace 7/7 (ycsb_e_f) run 1/3  [19/21 overall] ---
2026-03-27 07:54:44,312 INFO CMD: sudo sync
2026-03-27 07:54:44,495 INFO CMD: sudo sh -c echo 3 > /proc/sys/vm/drop_caches
2026-03-27 07:54:44,693 INFO Page cache dropped.
2026-03-27 07:54:47,410 INFO Starting remote client client_ycsb_e on krisub@node1: ssh -o StrictHostKeyChecking=no -o BatchMode=yes -i /users/krisub/.ssh/id_ed25519 krisub@node1 sh -lc 'exec /mydata/cache_ext/My-YCSB/build/run_net_leveldb /tmp/dual_client_ycsb_e_5v_b4_rx.yaml'
2026-03-27 07:54:47,660 INFO Starting remote client client_ycsb_f on krisub@node1: ssh -o StrictHostKeyChecking=no -o BatchMode=yes -i /users/krisub/.ssh/id_ed25519 krisub@node1 sh -lc 'exec /mydata/cache_ext/My-YCSB/build/run_net_leveldb /tmp/dual_client_ycsb_f_astxb9_e.yaml'
2026-03-27 07:56:27,001 INFO Client client_ycsb_e: throughput=78910.96
2026-03-27 07:56:27,002 INFO Client client_ycsb_f: throughput=255.10
2026-03-27 07:56:27,002 INFO Dual-client combined throughput: 79166.06 ops/sec
2026-03-27 07:56:27,469 INFO Trace ycsb_e_f run 1: throughput=79166.06 ops/sec
2026-03-27 07:56:27,469 INFO --- Trace 7/7 (ycsb_e_f) run 2/3  [20/21 overall] ---
2026-03-27 07:56:27,469 INFO CMD: sudo sync
2026-03-27 07:56:27,645 INFO CMD: sudo sh -c echo 3 > /proc/sys/vm/drop_caches
2026-03-27 07:56:27,937 INFO Page cache dropped.
2026-03-27 07:56:30,657 INFO Starting remote client client_ycsb_e on krisub@node1: ssh -o StrictHostKeyChecking=no -o BatchMode=yes -i /users/krisub/.ssh/id_ed25519 krisub@node1 sh -lc 'exec /mydata/cache_ext/My-YCSB/build/run_net_leveldb /tmp/dual_client_ycsb_e_4of16i1c.yaml'
2026-03-27 07:56:30,909 INFO Starting remote client client_ycsb_f on krisub@node1: ssh -o StrictHostKeyChecking=no -o BatchMode=yes -i /users/krisub/.ssh/id_ed25519 krisub@node1 sh -lc 'exec /mydata/cache_ext/My-YCSB/build/run_net_leveldb /tmp/dual_client_ycsb_f_gfl8uyv_.yaml'
2026-03-27 07:58:09,997 INFO Client client_ycsb_e: throughput=78458.21
2026-03-27 07:58:09,998 INFO Client client_ycsb_f: throughput=255.54
2026-03-27 07:58:09,998 INFO Dual-client combined throughput: 78713.75 ops/sec
2026-03-27 07:58:10,449 INFO Trace ycsb_e_f run 2: throughput=78713.75 ops/sec
2026-03-27 07:58:10,449 INFO --- Trace 7/7 (ycsb_e_f) run 3/3  [21/21 overall] ---
2026-03-27 07:58:10,449 INFO CMD: sudo sync
2026-03-27 07:58:10,710 INFO CMD: sudo sh -c echo 3 > /proc/sys/vm/drop_caches
2026-03-27 07:58:11,003 INFO Page cache dropped.
2026-03-27 07:58:13,697 INFO Starting remote client client_ycsb_e on krisub@node1: ssh -o StrictHostKeyChecking=no -o BatchMode=yes -i /users/krisub/.ssh/id_ed25519 krisub@node1 sh -lc 'exec /mydata/cache_ext/My-YCSB/build/run_net_leveldb /tmp/dual_client_ycsb_e_kz1p2xi5.yaml'
2026-03-27 07:58:13,952 INFO Starting remote client client_ycsb_f on krisub@node1: ssh -o StrictHostKeyChecking=no -o BatchMode=yes -i /users/krisub/.ssh/id_ed25519 krisub@node1 sh -lc 'exec /mydata/cache_ext/My-YCSB/build/run_net_leveldb /tmp/dual_client_ycsb_f_gsoe_fub.yaml'
2026-03-27 07:59:53,192 INFO Client client_ycsb_e: throughput=78158.08
2026-03-27 07:59:53,193 INFO Client client_ycsb_f: throughput=250.59
2026-03-27 07:59:53,193 INFO Dual-client combined throughput: 78408.67 ops/sec
2026-03-27 07:59:53,669 INFO Trace ycsb_e_f run 3: throughput=78408.67 ops/sec
2026-03-27 07:59:53,670 INFO Trace ycsb_e_f summary: mean=78762.83 std=381.07 min=78408.67 max=79166.06 (CV=0.5%)
2026-03-27 07:59:53,684 INFO === Evaluation complete (3 runs per trace) ===
2026-03-27 07:59:53,684 INFO Combined score (harmonic mean of means): 3447.37  (7/7 traces passed)
2026-03-27 07:59:53,684 INFO   ycsb_c_a: mean=2989.59 std=346.83 [2755.22 .. 3388.02]
2026-03-27 07:59:53,685 INFO   ycsb_c_e: mean=77301.63 std=540.45 [76688.70 .. 77709.68]
2026-03-27 07:59:53,685 INFO   ycsb_c_f: mean=1162.04 std=96.00 [1097.18 .. 1272.32]
2026-03-27 07:59:53,685 INFO   ycsb_b_a: mean=2356.31 std=62.70 [2288.85 .. 2412.81]
2026-03-27 07:59:53,685 INFO   ycsb_a_d: mean=2684.16 std=305.52 [2331.78 .. 2874.85]
2026-03-27 07:59:53,685 INFO   ycsb_e_a: mean=77516.47 std=497.19 [77177.60 .. 78087.24]
2026-03-27 07:59:53,685 INFO   ycsb_e_f: mean=78762.83 std=381.07 [78408.67 .. 79166.06]
2026-03-27 07:59:53,685 INFO Stopping net_leveldb_server (PID 626421)
2026-03-27 07:59:53,685 INFO CMD: sudo kill 626421
2026-03-27 07:59:53,795 INFO Unloading BPF policy (PID 626373)
2026-03-27 07:59:53,795 INFO CMD: sudo kill -2 626373
2026-03-27 07:59:54,126 INFO CMD: sudo rm -f /sys/fs/bpf/cache_ext/scan_pids
2026-03-27 07:59:54,219 INFO CMD: sudo sh -c echo 0x0007 > /sys/kernel/mm/lru_gen/enabled
2026-03-27 07:59:54,349 INFO MGLRU re-enabled (restored to 0x0007).
2026-03-27 07:59:54,350 INFO MGLRU watchdog stopped (PID 626352)
