2026-03-23 21:36:23,770 INFO Waiting for evaluation lock /tmp/cache_ext_evaluate_0.lock ...
2026-03-23 22:06:23,135 INFO Acquired evaluation lock.
2026-03-23 22:06:23,177 INFO === Step 0: Drop page cache ===
2026-03-23 22:06:23,177 INFO Database already exists at /mydata/leveldb_temp (CURRENT file found), skipping copy
2026-03-23 22:06:23,177 INFO CMD: sudo sync
2026-03-23 22:06:23,389 INFO CMD: sudo sh -c echo 3 > /proc/sys/vm/drop_caches
2026-03-23 22:06:23,617 INFO Page cache dropped.
2026-03-23 22:06:23,617 INFO === Step 1: Compile evolved policy ===
2026-03-23 22:06:23,630 INFO CMD: sudo chown -R root: /mydata/cache_ext/eviction_evo/build
2026-03-23 22:06:23,957 INFO CMD: clang-14 -O2 -target bpf -D__TARGET_ARCH_x86 -c -g -Wall -idirafter /usr/lib/llvm-14/lib/clang/14.0.0/include -idirafter /usr/local/include -idirafter /usr/include/x86_64-linux-gnu -idirafter /usr/include /mydata/cache_ext/eviction_evo/build/cache_ext_evolved.bpf.c -o /mydata/cache_ext/eviction_evo/build/cache_ext_evolved.bpf.o
2026-03-23 22:06:26,778 INFO CMD: /usr/local/sbin/bpftool gen skeleton /mydata/cache_ext/eviction_evo/build/cache_ext_evolved.bpf.o name cache_ext_evolved_bpf
2026-03-23 22:06:26,953 INFO CMD: clang-14 -O2 -g -Wall -I/mydata/cache_ext/eviction_evo/build -I/mydata/cache_ext/policies /mydata/cache_ext/eviction_evo/cache_ext_evolved.c -o /mydata/cache_ext/eviction_evo/build/cache_ext_evolved.out -L/usr/local/lib64 -lbpf
2026-03-23 22:06:27,791 INFO Compilation successful: /mydata/cache_ext/eviction_evo/build/cache_ext_evolved.out
2026-03-23 22:06:27,791 INFO === Step 2: Disable MGLRU ===
2026-03-23 22:06:27,792 INFO MGLRU watchdog started (PID 359192, will restore in 7800 s)
2026-03-23 22:06:27,792 INFO MGLRU current state: 0x0007 - disabling
2026-03-23 22:06:27,793 INFO CMD: sudo sh -c echo 0 > /sys/kernel/mm/lru_gen/enabled
2026-03-23 22:06:27,833 INFO MGLRU disabled.
2026-03-23 22:06:27,833 INFO === Step 3: Create cgroup ===
2026-03-23 22:06:27,909 INFO CMD: sudo cgcreate -g memory:cache_ext_test
2026-03-23 22:06:28,021 INFO CMD: sudo sh -c echo 536870912 > /sys/fs/cgroup/cache_ext_test/memory.max
2026-03-23 22:06:28,035 INFO Created cgroup cache_ext_test with limit 536870912 bytes
2026-03-23 22:06:28,035 INFO === Step 4: Load BPF policy ===
2026-03-23 22:06:28,035 INFO Loading policy: sudo /mydata/cache_ext/eviction_evo/build/cache_ext_evolved.out --watch_dir /mydata/leveldb_temp --cgroup_path /sys/fs/cgroup/cache_ext_test
2026-03-23 22:06:38,046 INFO Policy loaded (PID 359213)
2026-03-23 22:06:38,046 INFO === Step 5: Start server ===
2026-03-23 22:06:38,046 INFO Starting server: sudo cgexec -g memory:cache_ext_test /mydata/cache_ext/net_leveldb_server 9100 /mydata/leveldb_temp
2026-03-23 22:06:38,048 INFO Waiting for server on port 9100 ...
2026-03-23 22:06:39,094 INFO Server ready (PID 359216) on port 9100
2026-03-23 22:06:39,094 INFO === Step 6: Run 2 traces x 5 runs = 10 total benchmarks ===
2026-03-23 22:06:39,164 INFO --- Trace 1/2 (dual_small_vs_large) run 1/5  [1/10 overall] ---
2026-03-23 22:06:39,164 INFO CMD: sudo sync
2026-03-23 22:06:39,355 INFO CMD: sudo sh -c echo 3 > /proc/sys/vm/drop_caches
2026-03-23 22:06:39,611 INFO Page cache dropped.
2026-03-23 22:06:42,454 INFO Starting remote client reader_fast on krisub@node1: ssh -o StrictHostKeyChecking=no -o BatchMode=yes -i /users/krisub/.ssh/id_ed25519 krisub@node1 sh -lc 'exec /mydata/cache_ext/My-YCSB/build/run_net_leveldb /tmp/dual_reader_fast_fy1c3g2y.yaml'
2026-03-23 22:06:42,705 INFO Starting remote client writer_slow on krisub@node1: ssh -o StrictHostKeyChecking=no -o BatchMode=yes -i /users/krisub/.ssh/id_ed25519 krisub@node1 sh -lc 'exec /mydata/cache_ext/My-YCSB/build/run_net_leveldb /tmp/dual_writer_slow_hgsyzgj0.yaml'
2026-03-23 22:09:41,507 INFO Client reader_fast: throughput=847.09
2026-03-23 22:09:42,024 INFO Client writer_slow: throughput=538.57
2026-03-23 22:09:42,024 INFO Dual-client combined throughput: 1385.66 ops/sec
2026-03-23 22:09:42,522 INFO Trace dual_small_vs_large run 1: throughput=1385.66 ops/sec
2026-03-23 22:09:42,522 INFO --- Trace 1/2 (dual_small_vs_large) run 2/5  [2/10 overall] ---
2026-03-23 22:09:42,522 INFO CMD: sudo sync
2026-03-23 22:09:42,730 INFO CMD: sudo sh -c echo 3 > /proc/sys/vm/drop_caches
2026-03-23 22:09:43,109 INFO Page cache dropped.
2026-03-23 22:09:45,898 INFO Starting remote client reader_fast on krisub@node1: ssh -o StrictHostKeyChecking=no -o BatchMode=yes -i /users/krisub/.ssh/id_ed25519 krisub@node1 sh -lc 'exec /mydata/cache_ext/My-YCSB/build/run_net_leveldb /tmp/dual_reader_fast_7oqlub5z.yaml'
2026-03-23 22:09:46,145 INFO Starting remote client writer_slow on krisub@node1: ssh -o StrictHostKeyChecking=no -o BatchMode=yes -i /users/krisub/.ssh/id_ed25519 krisub@node1 sh -lc 'exec /mydata/cache_ext/My-YCSB/build/run_net_leveldb /tmp/dual_writer_slow_nttmposf.yaml'
2026-03-23 22:12:44,700 INFO Client reader_fast: throughput=694.77
2026-03-23 22:12:44,702 INFO Client writer_slow: throughput=460.76
2026-03-23 22:12:44,702 INFO Dual-client combined throughput: 1155.53 ops/sec
2026-03-23 22:12:45,178 INFO Trace dual_small_vs_large run 2: throughput=1155.53 ops/sec
2026-03-23 22:12:45,178 INFO --- Trace 1/2 (dual_small_vs_large) run 3/5  [3/10 overall] ---
2026-03-23 22:12:45,178 INFO CMD: sudo sync
2026-03-23 22:12:45,365 INFO CMD: sudo sh -c echo 3 > /proc/sys/vm/drop_caches
2026-03-23 22:12:45,693 INFO Page cache dropped.
2026-03-23 22:12:48,445 INFO Starting remote client reader_fast on krisub@node1: ssh -o StrictHostKeyChecking=no -o BatchMode=yes -i /users/krisub/.ssh/id_ed25519 krisub@node1 sh -lc 'exec /mydata/cache_ext/My-YCSB/build/run_net_leveldb /tmp/dual_reader_fast_s2bfvn0g.yaml'
2026-03-23 22:12:48,717 INFO Starting remote client writer_slow on krisub@node1: ssh -o StrictHostKeyChecking=no -o BatchMode=yes -i /users/krisub/.ssh/id_ed25519 krisub@node1 sh -lc 'exec /mydata/cache_ext/My-YCSB/build/run_net_leveldb /tmp/dual_writer_slow_bmn4i7xm.yaml'
2026-03-23 22:15:46,629 INFO Client reader_fast: throughput=681.76
2026-03-23 22:15:46,631 INFO Client writer_slow: throughput=502.31
2026-03-23 22:15:46,631 INFO Dual-client combined throughput: 1184.07 ops/sec
2026-03-23 22:15:47,105 INFO Trace dual_small_vs_large run 3: throughput=1184.07 ops/sec
2026-03-23 22:15:47,106 INFO --- Trace 1/2 (dual_small_vs_large) run 4/5  [4/10 overall] ---
2026-03-23 22:15:47,106 INFO CMD: sudo sync
2026-03-23 22:15:47,435 INFO CMD: sudo sh -c echo 3 > /proc/sys/vm/drop_caches
2026-03-23 22:15:47,758 INFO Page cache dropped.
2026-03-23 22:15:50,514 INFO Starting remote client reader_fast on krisub@node1: ssh -o StrictHostKeyChecking=no -o BatchMode=yes -i /users/krisub/.ssh/id_ed25519 krisub@node1 sh -lc 'exec /mydata/cache_ext/My-YCSB/build/run_net_leveldb /tmp/dual_reader_fast_b6xyryhb.yaml'
2026-03-23 22:15:50,770 INFO Starting remote client writer_slow on krisub@node1: ssh -o StrictHostKeyChecking=no -o BatchMode=yes -i /users/krisub/.ssh/id_ed25519 krisub@node1 sh -lc 'exec /mydata/cache_ext/My-YCSB/build/run_net_leveldb /tmp/dual_writer_slow_sq8u_4_g.yaml'
2026-03-23 22:18:49,206 INFO Client reader_fast: throughput=685.06
2026-03-23 22:18:49,208 INFO Client writer_slow: throughput=449.74
2026-03-23 22:18:49,208 INFO Dual-client combined throughput: 1134.80 ops/sec
2026-03-23 22:18:49,690 INFO Trace dual_small_vs_large run 4: throughput=1134.80 ops/sec
2026-03-23 22:18:49,690 INFO --- Trace 1/2 (dual_small_vs_large) run 5/5  [5/10 overall] ---
2026-03-23 22:18:49,690 INFO CMD: sudo sync
2026-03-23 22:18:49,898 INFO CMD: sudo sh -c echo 3 > /proc/sys/vm/drop_caches
2026-03-23 22:18:50,187 INFO Page cache dropped.
2026-03-23 22:18:52,921 INFO Starting remote client reader_fast on krisub@node1: ssh -o StrictHostKeyChecking=no -o BatchMode=yes -i /users/krisub/.ssh/id_ed25519 krisub@node1 sh -lc 'exec /mydata/cache_ext/My-YCSB/build/run_net_leveldb /tmp/dual_reader_fast_lfriril9.yaml'
2026-03-23 22:18:53,173 INFO Starting remote client writer_slow on krisub@node1: ssh -o StrictHostKeyChecking=no -o BatchMode=yes -i /users/krisub/.ssh/id_ed25519 krisub@node1 sh -lc 'exec /mydata/cache_ext/My-YCSB/build/run_net_leveldb /tmp/dual_writer_slow_1puehr93.yaml'
2026-03-23 22:21:51,814 INFO Client reader_fast: throughput=714.33
2026-03-23 22:21:51,816 INFO Client writer_slow: throughput=516.41
2026-03-23 22:21:51,816 INFO Dual-client combined throughput: 1230.74 ops/sec
2026-03-23 22:21:52,285 INFO Trace dual_small_vs_large run 5: throughput=1230.74 ops/sec
2026-03-23 22:21:52,286 INFO Trace dual_small_vs_large summary: mean=1218.16 std=100.31 min=1134.80 max=1385.66 (CV=8.2%)
2026-03-23 22:21:52,327 INFO --- Trace 2/2 (dual_congested) run 1/5  [6/10 overall] ---
2026-03-23 22:21:52,327 INFO CMD: sudo sync
2026-03-23 22:21:52,713 INFO CMD: sudo sh -c echo 3 > /proc/sys/vm/drop_caches
2026-03-23 22:21:53,006 INFO Page cache dropped.
2026-03-23 22:21:55,753 INFO Starting remote client wan_reader on krisub@node1: ssh -o StrictHostKeyChecking=no -o BatchMode=yes -i /users/krisub/.ssh/id_ed25519 krisub@node1 sh -lc 'exec /mydata/cache_ext/My-YCSB/build/run_net_leveldb /tmp/dual_wan_reader_r9fzv5ac.yaml'
2026-03-23 22:21:55,997 INFO Starting remote client wan_writer on krisub@node1: ssh -o StrictHostKeyChecking=no -o BatchMode=yes -i /users/krisub/.ssh/id_ed25519 krisub@node1 sh -lc 'exec /mydata/cache_ext/My-YCSB/build/run_net_leveldb /tmp/dual_wan_writer_puae26pr.yaml'
2026-03-23 22:24:53,878 INFO Client wan_reader: throughput=1334.99
2026-03-23 22:25:07,684 INFO Client wan_writer: throughput=1359.30
2026-03-23 22:25:07,684 INFO Dual-client combined throughput: 2694.29 ops/sec
2026-03-23 22:25:08,153 INFO Trace dual_congested run 1: throughput=2694.29 ops/sec
2026-03-23 22:25:08,153 INFO --- Trace 2/2 (dual_congested) run 2/5  [7/10 overall] ---
2026-03-23 22:25:08,153 INFO CMD: sudo sync
2026-03-23 22:25:08,412 INFO CMD: sudo sh -c echo 3 > /proc/sys/vm/drop_caches
2026-03-23 22:25:08,721 INFO Page cache dropped.
2026-03-23 22:25:11,454 INFO Starting remote client wan_reader on krisub@node1: ssh -o StrictHostKeyChecking=no -o BatchMode=yes -i /users/krisub/.ssh/id_ed25519 krisub@node1 sh -lc 'exec /mydata/cache_ext/My-YCSB/build/run_net_leveldb /tmp/dual_wan_reader_phli389_.yaml'
2026-03-23 22:25:11,728 INFO Starting remote client wan_writer on krisub@node1: ssh -o StrictHostKeyChecking=no -o BatchMode=yes -i /users/krisub/.ssh/id_ed25519 krisub@node1 sh -lc 'exec /mydata/cache_ext/My-YCSB/build/run_net_leveldb /tmp/dual_wan_writer_sr6a6stf.yaml'
2026-03-23 22:28:09,613 INFO Client wan_reader: throughput=1137.18
2026-03-23 22:28:10,179 INFO Client wan_writer: throughput=1527.99
2026-03-23 22:28:10,180 INFO Dual-client combined throughput: 2665.17 ops/sec
2026-03-23 22:28:10,649 INFO Trace dual_congested run 2: throughput=2665.17 ops/sec
2026-03-23 22:28:10,649 INFO --- Trace 2/2 (dual_congested) run 3/5  [8/10 overall] ---
2026-03-23 22:28:10,649 INFO CMD: sudo sync
2026-03-23 22:28:10,957 INFO CMD: sudo sh -c echo 3 > /proc/sys/vm/drop_caches
2026-03-23 22:28:11,294 INFO Page cache dropped.
2026-03-23 22:28:14,070 INFO Starting remote client wan_reader on krisub@node1: ssh -o StrictHostKeyChecking=no -o BatchMode=yes -i /users/krisub/.ssh/id_ed25519 krisub@node1 sh -lc 'exec /mydata/cache_ext/My-YCSB/build/run_net_leveldb /tmp/dual_wan_reader_ujvhj20e.yaml'
2026-03-23 22:28:14,329 INFO Starting remote client wan_writer on krisub@node1: ssh -o StrictHostKeyChecking=no -o BatchMode=yes -i /users/krisub/.ssh/id_ed25519 krisub@node1 sh -lc 'exec /mydata/cache_ext/My-YCSB/build/run_net_leveldb /tmp/dual_wan_writer_h_vxv_9z.yaml'
2026-03-23 22:31:12,363 INFO Client wan_reader: throughput=1205.08
2026-03-23 22:31:12,679 INFO Client wan_writer: throughput=1670.19
2026-03-23 22:31:12,679 INFO Dual-client combined throughput: 2875.27 ops/sec
2026-03-23 22:31:13,138 INFO Trace dual_congested run 3: throughput=2875.27 ops/sec
2026-03-23 22:31:13,138 INFO --- Trace 2/2 (dual_congested) run 4/5  [9/10 overall] ---
2026-03-23 22:31:13,138 INFO CMD: sudo sync
2026-03-23 22:31:13,394 INFO CMD: sudo sh -c echo 3 > /proc/sys/vm/drop_caches
2026-03-23 22:31:13,695 INFO Page cache dropped.
2026-03-23 22:31:16,449 INFO Starting remote client wan_reader on krisub@node1: ssh -o StrictHostKeyChecking=no -o BatchMode=yes -i /users/krisub/.ssh/id_ed25519 krisub@node1 sh -lc 'exec /mydata/cache_ext/My-YCSB/build/run_net_leveldb /tmp/dual_wan_reader_9x8v_v7s.yaml'
2026-03-23 22:31:16,701 INFO Starting remote client wan_writer on krisub@node1: ssh -o StrictHostKeyChecking=no -o BatchMode=yes -i /users/krisub/.ssh/id_ed25519 krisub@node1 sh -lc 'exec /mydata/cache_ext/My-YCSB/build/run_net_leveldb /tmp/dual_wan_writer_6480djai.yaml'
2026-03-23 22:34:14,634 INFO Client wan_reader: throughput=1221.71
2026-03-23 22:34:15,251 INFO Client wan_writer: throughput=1715.02
2026-03-23 22:34:15,251 INFO Dual-client combined throughput: 2936.73 ops/sec
2026-03-23 22:34:15,733 INFO Trace dual_congested run 4: throughput=2936.73 ops/sec
2026-03-23 22:34:15,733 INFO --- Trace 2/2 (dual_congested) run 5/5  [10/10 overall] ---
2026-03-23 22:34:15,733 INFO CMD: sudo sync
2026-03-23 22:34:16,039 INFO CMD: sudo sh -c echo 3 > /proc/sys/vm/drop_caches
2026-03-23 22:34:16,348 INFO Page cache dropped.
2026-03-23 22:34:19,105 INFO Starting remote client wan_reader on krisub@node1: ssh -o StrictHostKeyChecking=no -o BatchMode=yes -i /users/krisub/.ssh/id_ed25519 krisub@node1 sh -lc 'exec /mydata/cache_ext/My-YCSB/build/run_net_leveldb /tmp/dual_wan_reader_pcrhzec2.yaml'
2026-03-23 22:34:19,374 INFO Starting remote client wan_writer on krisub@node1: ssh -o StrictHostKeyChecking=no -o BatchMode=yes -i /users/krisub/.ssh/id_ed25519 krisub@node1 sh -lc 'exec /mydata/cache_ext/My-YCSB/build/run_net_leveldb /tmp/dual_wan_writer_xmfaym_o.yaml'
2026-03-23 22:37:17,507 INFO Client wan_reader: throughput=1204.14
2026-03-23 22:37:17,508 INFO Client wan_writer: throughput=1740.18
2026-03-23 22:37:17,508 INFO Dual-client combined throughput: 2944.32 ops/sec
2026-03-23 22:37:17,962 INFO Trace dual_congested run 5: throughput=2944.32 ops/sec
2026-03-23 22:37:17,962 INFO Trace dual_congested summary: mean=2823.16 std=134.04 min=2665.17 max=2944.32 (CV=4.7%)
2026-03-23 22:37:18,004 INFO === Evaluation complete (5 runs per trace) ===
2026-03-23 22:37:18,004 INFO Combined score (harmonic mean of means): 1701.95  (2/2 traces passed)
2026-03-23 22:37:18,005 INFO   dual_small_vs_large: mean=1218.16 std=100.31 [1134.80 .. 1385.66]
2026-03-23 22:37:18,005 INFO   dual_congested: mean=2823.16 std=134.04 [2665.17 .. 2944.32]
2026-03-23 22:37:18,005 INFO Stopping net_leveldb_server (PID 359216)
2026-03-23 22:37:18,005 INFO CMD: sudo kill 359216
2026-03-23 22:37:18,144 INFO Unloading BPF policy (PID 359213)
2026-03-23 22:37:18,144 INFO CMD: sudo kill -2 359213
2026-03-23 22:37:18,476 INFO CMD: sudo rm -f /sys/fs/bpf/cache_ext/scan_pids
2026-03-23 22:37:18,567 INFO CMD: sudo sh -c echo 0x0007 > /sys/kernel/mm/lru_gen/enabled
2026-03-23 22:37:18,645 INFO MGLRU re-enabled (restored to 0x0007).
2026-03-23 22:37:18,645 INFO MGLRU watchdog stopped (PID 359192)
