2026-03-09 22:42:26,410 INFO Waiting for evaluation lock /tmp/cache_ext_evaluate.lock ...
2026-03-09 22:42:26,410 INFO Acquired evaluation lock.
2026-03-09 22:42:26,410 INFO === Step 0: Drop page cache ===
2026-03-09 22:42:26,433 INFO Database already exists at /mydata/leveldb_temp (CURRENT file found), skipping rsync
2026-03-09 22:42:26,433 INFO CMD: sudo sync
2026-03-09 22:42:26,603 INFO CMD: sudo sh -c echo 3 > /proc/sys/vm/drop_caches
2026-03-09 22:42:26,709 INFO Page cache dropped.
2026-03-09 22:42:26,709 INFO === Step 1: Compile evolved policy ===
2026-03-09 22:42:26,721 INFO CMD: sudo chown -R root: /mydata/cache_ext/eviction_evo/build
2026-03-09 22:42:27,038 INFO CMD: clang-14 -O2 -target bpf -D__TARGET_ARCH_x86 -c -g -Wall -idirafter /usr/lib/llvm-14/lib/clang/14.0.0/include -idirafter /usr/local/include -idirafter /usr/include/x86_64-linux-gnu -idirafter /usr/include /mydata/cache_ext/eviction_evo/build/cache_ext_evolved.bpf.c -o /mydata/cache_ext/eviction_evo/build/cache_ext_evolved.bpf.o
2026-03-09 22:42:30,630 INFO CMD: /usr/local/sbin/bpftool gen skeleton /mydata/cache_ext/eviction_evo/build/cache_ext_evolved.bpf.o name cache_ext_evolved_bpf
2026-03-09 22:42:30,838 INFO CMD: clang-14 -O2 -g -Wall -I/mydata/cache_ext/eviction_evo/build -I/mydata/cache_ext/policies /mydata/cache_ext/eviction_evo/cache_ext_evolved.c -o /mydata/cache_ext/eviction_evo/build/cache_ext_evolved.out -L/usr/local/lib64 -lbpf
2026-03-09 22:42:31,721 INFO Compilation successful: /mydata/cache_ext/eviction_evo/build/cache_ext_evolved.out
2026-03-09 22:42:31,721 INFO === Step 2: Disable MGLRU ===
2026-03-09 22:42:31,722 INFO MGLRU current state: 0x0000 — disabling
2026-03-09 22:42:31,722 INFO CMD: sudo sh -c echo 0 > /sys/kernel/mm/lru_gen/enabled
2026-03-09 22:42:31,740 INFO MGLRU disabled.
2026-03-09 22:42:31,740 INFO === Step 3: Create cgroup ===
2026-03-09 22:42:31,740 INFO CMD: sudo cgdelete memory:cache_ext_test
2026-03-09 22:42:31,780 INFO CMD: sudo cgcreate -g memory:cache_ext_test
2026-03-09 22:42:31,895 INFO CMD: sudo sh -c echo 536870912 > /sys/fs/cgroup/cache_ext_test/memory.max
2026-03-09 22:42:31,910 INFO Created cgroup cache_ext_test with limit 536870912 bytes
2026-03-09 22:42:31,910 INFO === Step 4: Load BPF policy ===
2026-03-09 22:42:31,910 INFO Loading policy: sudo /mydata/cache_ext/eviction_evo/build/cache_ext_evolved.out --watch_dir /mydata/leveldb_temp --cgroup_path /sys/fs/cgroup/cache_ext_test
2026-03-09 22:42:41,921 INFO Policy loaded (PID 256375)
2026-03-09 22:42:41,921 INFO === Step 5: Start server ===
2026-03-09 22:42:41,921 INFO Starting server: sudo cgexec -g memory:cache_ext_test /mydata/cache_ext/net_leveldb_server 9100 /mydata/leveldb_temp
2026-03-09 22:42:41,922 INFO Waiting for server on port 9100 ...
2026-03-09 22:42:43,107 INFO Server ready (PID 256378) on port 9100
2026-03-09 22:42:43,107 INFO === Step 6: Run 2 trace benchmarks ===
2026-03-09 22:42:43,108 INFO --- Trace 1/2: dual_small_vs_large ---
2026-03-09 22:42:43,134 INFO Starting proxy: /usr/bin/python /mydata/cache_ext/eviction_evo/tcp_delay_proxy.py --listen-port 9101 --target-port 9100 --delay-ms 1 --bandwidth-kbps 500000
2026-03-09 22:42:44,150 INFO Proxy ready on port 9101
2026-03-09 22:42:44,165 INFO Starting client reader_fast: /mydata/cache_ext/My-YCSB/build/run_net_leveldb /tmp/dual_reader_fast_yln6hksn.yaml
2026-03-09 22:42:44,188 INFO Starting client writer_slow: /mydata/cache_ext/My-YCSB/build/run_net_leveldb /tmp/dual_writer_slow_l5b9nk38.yaml
2026-03-09 22:45:41,434 INFO Client reader_fast: throughput=166.48
2026-03-09 22:45:41,435 INFO Client writer_slow: throughput=131.61
2026-03-09 22:45:41,435 INFO Dual-client combined throughput: 298.09 ops/sec
2026-03-09 22:45:41,439 INFO Trace dual_small_vs_large: throughput=298.09 ops/sec
2026-03-09 22:45:41,439 INFO --- Trace 2/2: dual_congested ---
2026-03-09 22:45:41,439 INFO CMD: sudo sync
2026-03-09 22:45:41,613 INFO CMD: sudo sh -c echo 3 > /proc/sys/vm/drop_caches
2026-03-09 22:45:42,179 INFO Page cache dropped.
2026-03-09 22:45:44,211 INFO Starting proxy: /usr/bin/python /mydata/cache_ext/eviction_evo/tcp_delay_proxy.py --listen-port 9101 --target-port 9100 --delay-ms 2 --bandwidth-kbps 100000
2026-03-09 22:45:45,256 INFO Proxy ready on port 9101
2026-03-09 22:45:45,256 INFO Starting proxy: /usr/bin/python /mydata/cache_ext/eviction_evo/tcp_delay_proxy.py --listen-port 9102 --target-port 9100 --delay-ms 5 --bandwidth-kbps 50000
2026-03-09 22:45:46,259 INFO Proxy ready on port 9102
2026-03-09 22:45:46,281 INFO Starting client wan_reader: /mydata/cache_ext/My-YCSB/build/run_net_leveldb /tmp/dual_wan_reader_vjewqxiv.yaml
2026-03-09 22:45:46,303 INFO Starting client wan_writer: /mydata/cache_ext/My-YCSB/build/run_net_leveldb /tmp/dual_wan_writer_gdfcyvry.yaml
2026-03-09 22:48:43,325 INFO Client wan_reader: throughput=156.71
2026-03-09 22:48:43,326 INFO Client wan_writer: throughput=165.91
2026-03-09 22:48:43,326 INFO Dual-client combined throughput: 322.62 ops/sec
2026-03-09 22:48:43,333 INFO Trace dual_congested: throughput=322.62 ops/sec
2026-03-09 22:48:43,355 INFO === Evaluation complete ===
2026-03-09 22:48:43,355 INFO Combined score (harmonic mean): 309.87  (2/2 traces passed)
2026-03-09 22:48:43,355 INFO   dual_small_vs_large: 298.09 ops/sec
2026-03-09 22:48:43,355 INFO   dual_congested: 322.62 ops/sec
2026-03-09 22:48:43,355 INFO Stopping net_leveldb_server (PID 256378)
2026-03-09 22:48:43,355 INFO CMD: sudo kill 256378
2026-03-09 22:48:43,510 INFO Unloading BPF policy (PID 256375)
2026-03-09 22:48:43,510 INFO CMD: sudo kill -2 256375
2026-03-09 22:48:43,742 INFO CMD: sudo rm -f /sys/fs/bpf/cache_ext/scan_pids
2026-03-09 22:48:43,777 INFO CMD: sudo cgdelete memory:cache_ext_test
2026-03-09 22:48:43,812 INFO CMD: sudo sh -c echo 0x0000 > /sys/kernel/mm/lru_gen/enabled
2026-03-09 22:48:43,831 INFO MGLRU re-enabled (restored to 0x0000).
