2026-03-04 15:31:46,650 INFO Waiting for evaluation lock /tmp/cache_ext_evaluate.lock ...
2026-03-04 15:34:40,691 INFO Acquired evaluation lock.
2026-03-04 15:34:40,691 INFO === Step 0: Drop page cache ===
2026-03-04 15:34:40,691 INFO Database already exists at /mydata/leveldb_temp (CURRENT file found), skipping rsync
2026-03-04 15:34:40,691 INFO CMD: sudo sync
2026-03-04 15:34:40,887 INFO CMD: sudo sh -c echo 3 > /proc/sys/vm/drop_caches
2026-03-04 15:34:42,328 INFO Page cache dropped.
2026-03-04 15:34:42,328 INFO === Step 1: Compile evolved policy ===
2026-03-04 15:34:42,328 INFO CMD: sudo chown -R krisub: /mydata/cache_ext/eviction_evo/build
2026-03-04 15:34:42,836 INFO CMD: clang-14 -O2 -target bpf -D__TARGET_ARCH_x86 -c -g -Wall -idirafter /usr/lib/llvm-14/lib/clang/14.0.0/include -idirafter /usr/local/include -idirafter /usr/include/x86_64-linux-gnu -idirafter /usr/include /mydata/cache_ext/eviction_evo/build/cache_ext_evolved.bpf.c -o /mydata/cache_ext/eviction_evo/build/cache_ext_evolved.bpf.o
2026-03-04 15:34:51,326 INFO CMD: /usr/local/sbin/bpftool gen skeleton /mydata/cache_ext/eviction_evo/build/cache_ext_evolved.bpf.o name cache_ext_evolved_bpf
2026-03-04 15:34:51,556 INFO CMD: clang-14 -O2 -g -Wall -I/mydata/cache_ext/eviction_evo/build -I/mydata/cache_ext/policies /mydata/cache_ext/eviction_evo/cache_ext_evolved.c -o /mydata/cache_ext/eviction_evo/build/cache_ext_evolved.out -L/usr/local/lib64 -lbpf
2026-03-04 15:34:53,991 INFO Compilation successful: /mydata/cache_ext/eviction_evo/build/cache_ext_evolved.out
2026-03-04 15:34:53,991 INFO === Step 2: Disable MGLRU ===
2026-03-04 15:34:53,991 INFO MGLRU current state: 0x0000 — disabling
2026-03-04 15:34:53,991 INFO CMD: sudo sh -c echo 0 > /sys/kernel/mm/lru_gen/enabled
2026-03-04 15:34:54,009 INFO MGLRU disabled.
2026-03-04 15:34:54,009 INFO === Step 3: Create cgroup ===
2026-03-04 15:34:54,009 INFO CMD: sudo cgdelete memory:cache_ext_test
2026-03-04 15:34:54,078 INFO CMD: sudo cgcreate -g memory:cache_ext_test
2026-03-04 15:34:54,203 INFO CMD: sudo sh -c echo 536870912 > /sys/fs/cgroup/cache_ext_test/memory.max
2026-03-04 15:34:54,218 INFO Created cgroup cache_ext_test with limit 536870912 bytes
2026-03-04 15:34:54,218 INFO === Step 4: Load BPF policy ===
2026-03-04 15:34:54,218 INFO Loading policy: sudo /mydata/cache_ext/eviction_evo/build/cache_ext_evolved.out --watch_dir /mydata/leveldb_temp --cgroup_path /sys/fs/cgroup/cache_ext_test
2026-03-04 15:35:00,312 INFO CMD: sudo cgdelete memory:cache_ext_test
2026-03-04 15:35:00,332 INFO CMD: sudo sh -c echo 0x0000 > /sys/kernel/mm/lru_gen/enabled
2026-03-04 15:35:00,349 INFO MGLRU re-enabled (restored to 0x0000).
Traceback (most recent call last):
  File "/mydata/cache_ext/eviction_evo/evaluate.py", line 561, in <module>
    main()
  File "/mydata/cache_ext/eviction_evo/evaluate.py", line 557, in main
    evaluate(args.program_path, args.results_dir)
  File "/mydata/cache_ext/eviction_evo/evaluate.py", line 474, in evaluate
    policy_proc = start_policy(loader_path, LEVELDB_TEMP_DB)
                  ^^^^^^^^^^^^^^^^^^^^^^^^^^^^^^^^^^^^^^^^^^
  File "/mydata/cache_ext/eviction_evo/evaluate.py", line 304, in start_policy
    time.sleep(10)  # BPF loading can take several seconds
    ^^^^^^^^^^^^^^
KeyboardInterrupt
