2026-03-11 11:44:11,809 INFO Waiting for evaluation lock /tmp/cache_ext_evaluate.lock ...
2026-03-11 11:49:48,574 INFO Acquired evaluation lock.
2026-03-11 11:49:48,575 INFO === Step 0: Drop page cache ===
2026-03-11 11:49:48,575 INFO Database already exists at /mydata/leveldb_temp (CURRENT file found), skipping rsync
2026-03-11 11:49:48,575 INFO CMD: sudo sync
2026-03-11 11:49:48,674 INFO CMD: sudo sh -c echo 3 > /proc/sys/vm/drop_caches
2026-03-11 11:49:48,931 INFO Page cache dropped.
2026-03-11 11:49:48,931 INFO === Step 1: Compile evolved policy ===
2026-03-11 11:49:48,931 INFO CMD: sudo chown -R root: /mydata/cache_ext/eviction_evo/build
2026-03-11 11:49:49,261 INFO CMD: clang-14 -O2 -target bpf -D__TARGET_ARCH_x86 -c -g -Wall -idirafter /usr/lib/llvm-14/lib/clang/14.0.0/include -idirafter /usr/local/include -idirafter /usr/include/x86_64-linux-gnu -idirafter /usr/include /mydata/cache_ext/eviction_evo/build/cache_ext_evolved.bpf.c -o /mydata/cache_ext/eviction_evo/build/cache_ext_evolved.bpf.o
2026-03-11 11:49:51,909 ERROR Evaluation failed: RuntimeError: BPF compilation failed:
STDOUT: 
STDERR: /mydata/cache_ext/eviction_evo/build/cache_ext_evolved.bpf.c:331:31: error: use of undeclared identifier 'HOT_ACCESS_THRESHOLD'
    if (meta->access_count >= HOT_ACCESS_THRESHOLD)
                              ^
1 error generated.

Traceback (most recent call last):
  File "/mydata/cache_ext/eviction_evo/evaluate.py", line 660, in evaluate
    loader_path = compile_bpf_policy(program_path, BUILD_DIR)
  File "/mydata/cache_ext/eviction_evo/evaluate.py", line 174, in compile_bpf_policy
    raise RuntimeError(f"BPF compilation failed:\nSTDOUT: {result.stdout}\nSTDERR: {result.stderr}")
RuntimeError: BPF compilation failed:
STDOUT: 
STDERR: /mydata/cache_ext/eviction_evo/build/cache_ext_evolved.bpf.c:331:31: error: use of undeclared identifier 'HOT_ACCESS_THRESHOLD'
    if (meta->access_count >= HOT_ACCESS_THRESHOLD)
                              ^
1 error generated.


2026-03-11 11:49:51,910 INFO CMD: sudo cgdelete memory:cache_ext_test
