2026-03-22 04:18:27,236 INFO Waiting for evaluation lock /tmp/cache_ext_evaluate_0.lock ...
2026-03-22 04:48:09,905 INFO Acquired evaluation lock.
2026-03-22 04:48:09,951 INFO === Step 0: Drop page cache ===
2026-03-22 04:48:09,952 INFO Database already exists at /mydata/leveldb_temp (CURRENT file found), skipping copy
2026-03-22 04:48:09,952 INFO CMD: sudo sync
2026-03-22 04:48:10,095 INFO CMD: sudo sh -c echo 3 > /proc/sys/vm/drop_caches
2026-03-22 04:48:10,326 INFO Page cache dropped.
2026-03-22 04:48:10,326 INFO === Step 1: Compile evolved policy ===
2026-03-22 04:48:10,338 INFO CMD: sudo chown -R root: /mydata/cache_ext/eviction_evo/build
2026-03-22 04:48:10,666 INFO CMD: clang-14 -O2 -target bpf -D__TARGET_ARCH_x86 -c -g -Wall -idirafter /usr/lib/llvm-14/lib/clang/14.0.0/include -idirafter /usr/local/include -idirafter /usr/include/x86_64-linux-gnu -idirafter /usr/include /mydata/cache_ext/eviction_evo/build/cache_ext_evolved.bpf.c -o /mydata/cache_ext/eviction_evo/build/cache_ext_evolved.bpf.o
2026-03-22 04:48:13,466 INFO CMD: /usr/local/sbin/bpftool gen skeleton /mydata/cache_ext/eviction_evo/build/cache_ext_evolved.bpf.o name cache_ext_evolved_bpf
2026-03-22 04:48:13,638 INFO CMD: clang-14 -O2 -g -Wall -I/mydata/cache_ext/eviction_evo/build -I/mydata/cache_ext/policies /mydata/cache_ext/eviction_evo/cache_ext_evolved.c -o /mydata/cache_ext/eviction_evo/build/cache_ext_evolved.out -L/usr/local/lib64 -lbpf
2026-03-22 04:48:14,557 INFO Compilation successful: /mydata/cache_ext/eviction_evo/build/cache_ext_evolved.out
2026-03-22 04:48:14,557 INFO === Step 2: Disable MGLRU ===
2026-03-22 04:48:14,558 INFO MGLRU watchdog started (PID 58728, will restore in 7800 s)
2026-03-22 04:48:14,558 INFO MGLRU current state: 0x0007 — disabling
2026-03-22 04:48:14,559 INFO CMD: sudo sh -c echo 0 > /sys/kernel/mm/lru_gen/enabled
2026-03-22 04:48:14,598 INFO MGLRU disabled.
2026-03-22 04:48:14,598 INFO === Step 3: Create cgroup ===
2026-03-22 04:48:14,674 INFO CMD: sudo cgcreate -g memory:cache_ext_test
2026-03-22 04:48:14,791 INFO CMD: sudo sh -c echo 536870912 > /sys/fs/cgroup/cache_ext_test/memory.max
2026-03-22 04:48:14,806 INFO Created cgroup cache_ext_test with limit 536870912 bytes
2026-03-22 04:48:14,806 INFO === Step 4: Load BPF policy ===
2026-03-22 04:48:14,806 INFO Loading policy: sudo /mydata/cache_ext/eviction_evo/build/cache_ext_evolved.out --watch_dir /mydata/leveldb_temp --cgroup_path /sys/fs/cgroup/cache_ext_test
2026-03-22 04:48:24,817 INFO Policy loaded (PID 58749)
2026-03-22 04:48:24,817 INFO === Step 5: Start server ===
2026-03-22 04:48:24,817 INFO Starting server: sudo cgexec -g memory:cache_ext_test /mydata/cache_ext/net_leveldb_server 9100 /mydata/leveldb_temp
2026-03-22 04:48:24,819 INFO Waiting for server on port 9100 ...
2026-03-22 04:48:25,864 INFO Server ready (PID 58752) on port 9100
2026-03-22 04:48:25,865 INFO === Step 6: Run 2 traces x 5 runs = 10 total benchmarks ===
2026-03-22 04:48:25,923 INFO --- Trace 1/2 (dual_small_vs_large) run 1/5  [1/10 overall] ---
2026-03-22 04:48:25,923 INFO CMD: sudo sync
2026-03-22 04:48:26,128 INFO CMD: sudo sh -c echo 3 > /proc/sys/vm/drop_caches
2026-03-22 04:48:26,388 INFO Page cache dropped.
2026-03-22 04:48:29,298 INFO Starting remote client reader_fast on krisub@node1: ssh -o StrictHostKeyChecking=no -o BatchMode=yes -i /users/krisub/.ssh/id_ed25519 krisub@node1 sh -lc 'exec /mydata/cache_ext/My-YCSB/build/run_net_leveldb /tmp/dual_reader_fast_7kqtr3yq.yaml'
2026-03-22 04:48:29,540 INFO Starting remote client writer_slow on krisub@node1: ssh -o StrictHostKeyChecking=no -o BatchMode=yes -i /users/krisub/.ssh/id_ed25519 krisub@node1 sh -lc 'exec /mydata/cache_ext/My-YCSB/build/run_net_leveldb /tmp/dual_writer_slow_33ob_srm.yaml'
2026-03-22 04:51:27,652 INFO Client reader_fast: throughput=1290.53
2026-03-22 04:51:27,653 INFO Client writer_slow: throughput=251.93
2026-03-22 04:51:27,653 INFO Dual-client combined throughput: 1542.46 ops/sec
2026-03-22 04:51:28,113 INFO Trace dual_small_vs_large run 1: throughput=1542.46 ops/sec
2026-03-22 04:51:28,113 INFO --- Trace 1/2 (dual_small_vs_large) run 2/5  [2/10 overall] ---
2026-03-22 04:51:28,113 INFO CMD: sudo sync
2026-03-22 04:51:28,322 INFO CMD: sudo sh -c echo 3 > /proc/sys/vm/drop_caches
2026-03-22 04:51:28,630 INFO Page cache dropped.
2026-03-22 04:51:31,404 INFO Starting remote client reader_fast on krisub@node1: ssh -o StrictHostKeyChecking=no -o BatchMode=yes -i /users/krisub/.ssh/id_ed25519 krisub@node1 sh -lc 'exec /mydata/cache_ext/My-YCSB/build/run_net_leveldb /tmp/dual_reader_fast_hyzrr2xh.yaml'
2026-03-22 04:51:31,660 INFO Starting remote client writer_slow on krisub@node1: ssh -o StrictHostKeyChecking=no -o BatchMode=yes -i /users/krisub/.ssh/id_ed25519 krisub@node1 sh -lc 'exec /mydata/cache_ext/My-YCSB/build/run_net_leveldb /tmp/dual_writer_slow_a5wd77bj.yaml'
2026-03-22 04:54:29,668 INFO Client reader_fast: throughput=1070.34
2026-03-22 04:54:29,670 INFO Client writer_slow: throughput=246.58
2026-03-22 04:54:29,670 INFO Dual-client combined throughput: 1316.92 ops/sec
2026-03-22 04:54:30,145 INFO Trace dual_small_vs_large run 2: throughput=1316.92 ops/sec
2026-03-22 04:54:30,145 INFO --- Trace 1/2 (dual_small_vs_large) run 3/5  [3/10 overall] ---
2026-03-22 04:54:30,145 INFO CMD: sudo sync
2026-03-22 04:54:30,461 INFO CMD: sudo sh -c echo 3 > /proc/sys/vm/drop_caches
2026-03-22 04:54:30,780 INFO Page cache dropped.
2026-03-22 04:54:33,529 INFO Starting remote client reader_fast on krisub@node1: ssh -o StrictHostKeyChecking=no -o BatchMode=yes -i /users/krisub/.ssh/id_ed25519 krisub@node1 sh -lc 'exec /mydata/cache_ext/My-YCSB/build/run_net_leveldb /tmp/dual_reader_fast_gdiemgs1.yaml'
2026-03-22 04:54:33,785 INFO Starting remote client writer_slow on krisub@node1: ssh -o StrictHostKeyChecking=no -o BatchMode=yes -i /users/krisub/.ssh/id_ed25519 krisub@node1 sh -lc 'exec /mydata/cache_ext/My-YCSB/build/run_net_leveldb /tmp/dual_writer_slow_9iiy9_9l.yaml'
2026-03-22 04:57:32,242 INFO Client reader_fast: throughput=1077.54
2026-03-22 04:57:32,244 INFO Client writer_slow: throughput=241.36
2026-03-22 04:57:32,244 INFO Dual-client combined throughput: 1318.90 ops/sec
2026-03-22 04:57:32,701 INFO Trace dual_small_vs_large run 3: throughput=1318.90 ops/sec
2026-03-22 04:57:32,702 INFO --- Trace 1/2 (dual_small_vs_large) run 4/5  [4/10 overall] ---
2026-03-22 04:57:32,702 INFO CMD: sudo sync
2026-03-22 04:57:32,898 INFO CMD: sudo sh -c echo 3 > /proc/sys/vm/drop_caches
2026-03-22 04:57:33,204 INFO Page cache dropped.
2026-03-22 04:57:35,933 INFO Starting remote client reader_fast on krisub@node1: ssh -o StrictHostKeyChecking=no -o BatchMode=yes -i /users/krisub/.ssh/id_ed25519 krisub@node1 sh -lc 'exec /mydata/cache_ext/My-YCSB/build/run_net_leveldb /tmp/dual_reader_fast_5ann9py0.yaml'
2026-03-22 04:57:36,188 INFO Starting remote client writer_slow on krisub@node1: ssh -o StrictHostKeyChecking=no -o BatchMode=yes -i /users/krisub/.ssh/id_ed25519 krisub@node1 sh -lc 'exec /mydata/cache_ext/My-YCSB/build/run_net_leveldb /tmp/dual_writer_slow_hbdv22l0.yaml'
2026-03-22 05:00:34,269 INFO Client reader_fast: throughput=1034.66
2026-03-22 05:00:34,272 INFO Client writer_slow: throughput=243.94
2026-03-22 05:00:34,272 INFO Dual-client combined throughput: 1278.60 ops/sec
2026-03-22 05:00:34,742 INFO Trace dual_small_vs_large run 4: throughput=1278.60 ops/sec
2026-03-22 05:00:34,742 INFO --- Trace 1/2 (dual_small_vs_large) run 5/5  [5/10 overall] ---
2026-03-22 05:00:34,742 INFO CMD: sudo sync
2026-03-22 05:00:34,964 INFO CMD: sudo sh -c echo 3 > /proc/sys/vm/drop_caches
2026-03-22 05:00:35,251 INFO Page cache dropped.
2026-03-22 05:00:38,001 INFO Starting remote client reader_fast on krisub@node1: ssh -o StrictHostKeyChecking=no -o BatchMode=yes -i /users/krisub/.ssh/id_ed25519 krisub@node1 sh -lc 'exec /mydata/cache_ext/My-YCSB/build/run_net_leveldb /tmp/dual_reader_fast_8px4_3xc.yaml'
2026-03-22 05:00:38,264 INFO Starting remote client writer_slow on krisub@node1: ssh -o StrictHostKeyChecking=no -o BatchMode=yes -i /users/krisub/.ssh/id_ed25519 krisub@node1 sh -lc 'exec /mydata/cache_ext/My-YCSB/build/run_net_leveldb /tmp/dual_writer_slow_bd3i3io9.yaml'
2026-03-22 05:03:36,804 INFO Client reader_fast: throughput=1080.50
2026-03-22 05:03:36,805 INFO Client writer_slow: throughput=247.81
2026-03-22 05:03:36,806 INFO Dual-client combined throughput: 1328.31 ops/sec
2026-03-22 05:03:37,265 INFO Trace dual_small_vs_large run 5: throughput=1328.31 ops/sec
2026-03-22 05:03:37,266 INFO Trace dual_small_vs_large summary: mean=1357.04 std=105.38 min=1278.60 max=1542.46 (CV=7.8%)
2026-03-22 05:03:37,328 INFO --- Trace 2/2 (dual_congested) run 1/5  [6/10 overall] ---
2026-03-22 05:03:37,328 INFO CMD: sudo sync
2026-03-22 05:03:37,591 INFO CMD: sudo sh -c echo 3 > /proc/sys/vm/drop_caches
2026-03-22 05:03:37,898 INFO Page cache dropped.
2026-03-22 05:03:40,665 INFO Starting remote client wan_reader on krisub@node1: ssh -o StrictHostKeyChecking=no -o BatchMode=yes -i /users/krisub/.ssh/id_ed25519 krisub@node1 sh -lc 'exec /mydata/cache_ext/My-YCSB/build/run_net_leveldb /tmp/dual_wan_reader_lw3p4sgc.yaml'
2026-03-22 05:03:40,909 INFO Starting remote client wan_writer on krisub@node1: ssh -o StrictHostKeyChecking=no -o BatchMode=yes -i /users/krisub/.ssh/id_ed25519 krisub@node1 sh -lc 'exec /mydata/cache_ext/My-YCSB/build/run_net_leveldb /tmp/dual_wan_writer_4ff6mq06.yaml'
2026-03-22 05:06:38,793 INFO Client wan_reader: throughput=1295.96
2026-03-22 05:06:39,259 INFO Client wan_writer: throughput=1669.26
2026-03-22 05:06:39,260 INFO Dual-client combined throughput: 2965.22 ops/sec
2026-03-22 05:06:39,722 INFO Trace dual_congested run 1: throughput=2965.22 ops/sec
2026-03-22 05:06:39,722 INFO --- Trace 2/2 (dual_congested) run 2/5  [7/10 overall] ---
2026-03-22 05:06:39,722 INFO CMD: sudo sync
2026-03-22 05:06:39,976 INFO CMD: sudo sh -c echo 3 > /proc/sys/vm/drop_caches
2026-03-22 05:06:40,300 INFO Page cache dropped.
2026-03-22 05:06:43,041 INFO Starting remote client wan_reader on krisub@node1: ssh -o StrictHostKeyChecking=no -o BatchMode=yes -i /users/krisub/.ssh/id_ed25519 krisub@node1 sh -lc 'exec /mydata/cache_ext/My-YCSB/build/run_net_leveldb /tmp/dual_wan_reader_1t1ul2v9.yaml'
2026-03-22 05:06:43,299 INFO Starting remote client wan_writer on krisub@node1: ssh -o StrictHostKeyChecking=no -o BatchMode=yes -i /users/krisub/.ssh/id_ed25519 krisub@node1 sh -lc 'exec /mydata/cache_ext/My-YCSB/build/run_net_leveldb /tmp/dual_wan_writer_m3d5hjfv.yaml'
2026-03-22 05:09:41,633 INFO Client wan_reader: throughput=1434.48
2026-03-22 05:09:56,540 INFO Client wan_writer: throughput=1830.03
2026-03-22 05:09:56,541 INFO Dual-client combined throughput: 3264.51 ops/sec
2026-03-22 05:09:56,993 INFO Trace dual_congested run 2: throughput=3264.51 ops/sec
2026-03-22 05:09:56,993 INFO --- Trace 2/2 (dual_congested) run 3/5  [8/10 overall] ---
2026-03-22 05:09:56,993 INFO CMD: sudo sync
2026-03-22 05:09:57,283 INFO CMD: sudo sh -c echo 3 > /proc/sys/vm/drop_caches
2026-03-22 05:09:57,581 INFO Page cache dropped.
2026-03-22 05:10:00,362 INFO Starting remote client wan_reader on krisub@node1: ssh -o StrictHostKeyChecking=no -o BatchMode=yes -i /users/krisub/.ssh/id_ed25519 krisub@node1 sh -lc 'exec /mydata/cache_ext/My-YCSB/build/run_net_leveldb /tmp/dual_wan_reader_h4xk970f.yaml'
2026-03-22 05:10:00,604 INFO Starting remote client wan_writer on krisub@node1: ssh -o StrictHostKeyChecking=no -o BatchMode=yes -i /users/krisub/.ssh/id_ed25519 krisub@node1 sh -lc 'exec /mydata/cache_ext/My-YCSB/build/run_net_leveldb /tmp/dual_wan_writer_3e7n09dc.yaml'
2026-03-22 05:12:58,629 INFO Client wan_reader: throughput=1250.72
2026-03-22 05:12:58,845 INFO Client wan_writer: throughput=1764.42
2026-03-22 05:12:58,845 INFO Dual-client combined throughput: 3015.14 ops/sec
2026-03-22 05:12:59,302 INFO Trace dual_congested run 3: throughput=3015.14 ops/sec
2026-03-22 05:12:59,302 INFO --- Trace 2/2 (dual_congested) run 4/5  [9/10 overall] ---
2026-03-22 05:12:59,302 INFO CMD: sudo sync
2026-03-22 05:12:59,539 INFO CMD: sudo sh -c echo 3 > /proc/sys/vm/drop_caches
2026-03-22 05:12:59,845 INFO Page cache dropped.
2026-03-22 05:13:02,554 INFO Starting remote client wan_reader on krisub@node1: ssh -o StrictHostKeyChecking=no -o BatchMode=yes -i /users/krisub/.ssh/id_ed25519 krisub@node1 sh -lc 'exec /mydata/cache_ext/My-YCSB/build/run_net_leveldb /tmp/dual_wan_reader_6coqus47.yaml'
2026-03-22 05:13:02,820 INFO Starting remote client wan_writer on krisub@node1: ssh -o StrictHostKeyChecking=no -o BatchMode=yes -i /users/krisub/.ssh/id_ed25519 krisub@node1 sh -lc 'exec /mydata/cache_ext/My-YCSB/build/run_net_leveldb /tmp/dual_wan_writer_vpslespl.yaml'
2026-03-22 05:16:00,795 INFO Client wan_reader: throughput=1217.07
2026-03-22 05:16:01,161 INFO Client wan_writer: throughput=1662.53
2026-03-22 05:16:01,161 INFO Dual-client combined throughput: 2879.60 ops/sec
2026-03-22 05:16:01,613 INFO Trace dual_congested run 4: throughput=2879.60 ops/sec
2026-03-22 05:16:01,613 INFO --- Trace 2/2 (dual_congested) run 5/5  [10/10 overall] ---
2026-03-22 05:16:01,613 INFO CMD: sudo sync
2026-03-22 05:16:01,852 INFO CMD: sudo sh -c echo 3 > /proc/sys/vm/drop_caches
2026-03-22 05:16:02,161 INFO Page cache dropped.
2026-03-22 05:16:04,933 INFO Starting remote client wan_reader on krisub@node1: ssh -o StrictHostKeyChecking=no -o BatchMode=yes -i /users/krisub/.ssh/id_ed25519 krisub@node1 sh -lc 'exec /mydata/cache_ext/My-YCSB/build/run_net_leveldb /tmp/dual_wan_reader_mz90n3nv.yaml'
2026-03-22 05:16:05,212 INFO Starting remote client wan_writer on krisub@node1: ssh -o StrictHostKeyChecking=no -o BatchMode=yes -i /users/krisub/.ssh/id_ed25519 krisub@node1 sh -lc 'exec /mydata/cache_ext/My-YCSB/build/run_net_leveldb /tmp/dual_wan_writer_d374xa4z.yaml'
2026-03-22 05:19:03,342 INFO Client wan_reader: throughput=1145.20
2026-03-22 05:19:03,507 INFO Client wan_writer: throughput=1668.87
2026-03-22 05:19:03,507 INFO Dual-client combined throughput: 2814.07 ops/sec
2026-03-22 05:19:03,965 INFO Trace dual_congested run 5: throughput=2814.07 ops/sec
2026-03-22 05:19:03,966 INFO Trace dual_congested summary: mean=2987.71 std=173.00 min=2814.07 max=3264.51 (CV=5.8%)
2026-03-22 05:19:04,003 INFO === Evaluation complete (5 runs per trace) ===
2026-03-22 05:19:04,003 INFO Combined score (harmonic mean of means): 1866.36  (2/2 traces passed)
2026-03-22 05:19:04,003 INFO   dual_small_vs_large: mean=1357.04 std=105.38 [1278.60 .. 1542.46]
2026-03-22 05:19:04,003 INFO   dual_congested: mean=2987.71 std=173.00 [2814.07 .. 3264.51]
2026-03-22 05:19:04,003 INFO Stopping net_leveldb_server (PID 58752)
2026-03-22 05:19:04,003 INFO CMD: sudo kill 58752
2026-03-22 05:19:04,129 INFO Unloading BPF policy (PID 58749)
2026-03-22 05:19:04,129 INFO CMD: sudo kill -2 58749
2026-03-22 05:19:04,459 INFO CMD: sudo rm -f /sys/fs/bpf/cache_ext/scan_pids
2026-03-22 05:19:04,563 INFO CMD: sudo sh -c echo 0x0007 > /sys/kernel/mm/lru_gen/enabled
2026-03-22 05:19:04,626 INFO MGLRU re-enabled (restored to 0x0007).
2026-03-22 05:19:04,626 INFO MGLRU watchdog stopped (PID 58728)
