2026-03-04 15:28:40,883 INFO Waiting for evaluation lock /tmp/cache_ext_evaluate.lock ...
2026-03-04 15:31:10,316 INFO Acquired evaluation lock.
2026-03-04 15:31:10,316 INFO === Step 0: Drop page cache ===
2026-03-04 15:31:10,316 INFO Database already exists at /mydata/leveldb_temp (CURRENT file found), skipping rsync
2026-03-04 15:31:10,316 INFO CMD: sudo sync
2026-03-04 15:31:10,559 INFO CMD: sudo sh -c echo 3 > /proc/sys/vm/drop_caches
2026-03-04 15:31:11,009 INFO Page cache dropped.
2026-03-04 15:31:11,009 INFO === Step 1: Compile evolved policy ===
2026-03-04 15:31:11,020 INFO CMD: sudo chown -R krisub: /mydata/cache_ext/eviction_evo/build
2026-03-04 15:31:11,711 INFO CMD: clang-14 -O2 -target bpf -D__TARGET_ARCH_x86 -c -g -Wall -idirafter /usr/lib/llvm-14/lib/clang/14.0.0/include -idirafter /usr/local/include -idirafter /usr/include/x86_64-linux-gnu -idirafter /usr/include /mydata/cache_ext/eviction_evo/build/cache_ext_evolved.bpf.c -o /mydata/cache_ext/eviction_evo/build/cache_ext_evolved.bpf.o
2026-03-04 15:31:14,791 INFO CMD: /usr/local/sbin/bpftool gen skeleton /mydata/cache_ext/eviction_evo/build/cache_ext_evolved.bpf.o name cache_ext_evolved_bpf
2026-03-04 15:31:14,980 INFO CMD: clang-14 -O2 -g -Wall -I/mydata/cache_ext/eviction_evo/build -I/mydata/cache_ext/policies /mydata/cache_ext/eviction_evo/cache_ext_evolved.c -o /mydata/cache_ext/eviction_evo/build/cache_ext_evolved.out -L/usr/local/lib64 -lbpf
2026-03-04 15:31:15,985 INFO Compilation successful: /mydata/cache_ext/eviction_evo/build/cache_ext_evolved.out
2026-03-04 15:31:15,985 INFO === Step 2: Disable MGLRU ===
2026-03-04 15:31:15,985 INFO MGLRU current state: 0x0000 — disabling
2026-03-04 15:31:15,985 INFO CMD: sudo sh -c echo 0 > /sys/kernel/mm/lru_gen/enabled
2026-03-04 15:31:16,003 INFO MGLRU disabled.
2026-03-04 15:31:16,004 INFO === Step 3: Create cgroup ===
2026-03-04 15:31:16,004 INFO CMD: sudo cgdelete memory:cache_ext_test
2026-03-04 15:31:16,041 INFO CMD: sudo cgcreate -g memory:cache_ext_test
2026-03-04 15:31:16,155 INFO CMD: sudo sh -c echo 536870912 > /sys/fs/cgroup/cache_ext_test/memory.max
2026-03-04 15:31:16,170 INFO Created cgroup cache_ext_test with limit 536870912 bytes
2026-03-04 15:31:16,171 INFO === Step 4: Load BPF policy ===
2026-03-04 15:31:16,171 INFO Loading policy: sudo /mydata/cache_ext/eviction_evo/build/cache_ext_evolved.out --watch_dir /mydata/leveldb_temp --cgroup_path /sys/fs/cgroup/cache_ext_test
2026-03-04 15:31:26,192 ERROR Evaluation failed: RuntimeError: Policy loader exited immediately: libbpf: prog 'evolved_evict_folios': BPF program load failed: Permission denied
libbpf: prog 'evolved_evict_folios': -- BEGIN PROG LOAD LOG --
reg type unsupported for arg#0 function evolved_evict_folios#238
0: R1=ctx(off=0,imm=0) R10=fp0
; void BPF_STRUCT_OPS(evolved_evict_folios,
0: (79) r7 = *(u64 *)(r1 +8)
func 'evict_folios' arg1 has btf_id 2227 type STRUCT 'mem_cgroup'
1: R1=ctx(off=0,imm=0) R7_w=trusted_ptr_mem_cgroup(off=0,imm=0)
1: (79) r6 = *(u64 *)(r1 +0)
func 'evict_folios' arg0 has btf_id 744 type STRUCT 'cache_ext_eviction_ctx'
2: R1=ctx(off=0,imm=0) R6_w=trusted_ptr_cache_ext_eviction_ctx(off=0,imm=0)
2: (b7) r1 = 0                        ; R1_w=0
3: (63) *(u32 *)(r10 -8) = r1         ; R1_w=0 R10=fp0 fp-8=????0000
4: (bf) r2 = r10                      ; R2_w=fp0 R10=fp0
; 
5: (07) r2 += -8                      ; R2_w=fp-8
; u64 *val = bpf_map_lookup_elem(&debug_counters, &idx);
6: (18) r1 = 0xffff88908b17a400       ; R1_w=map_ptr(off=0,ks=4,vs=8,imm=0)
8: (85) call bpf_map_lookup_elem#1    ; R0_w=map_value_or_null(id=1,off=0,ks=4,vs=8,imm=0)
; if (val) __sync_fetch_and_add(val, 1);
9: (15) if r0 == 0x0 goto pc+2        ; R0_w=map_value(off=0,ks=4,vs=8,imm=0)
10: (b7) r1 = 1                       ; R1_w=1
; if (val) __sync_fetch_and_add(val, 1);
11: (db) lock *(u64 *)(r0 +0) += r1   ; R0=map_value(off=0,ks=4,vs=8,imm=0) R1=1
; bpf_cache_ext_list_sample(memcg, main_list, bpf_evict_sample_cb,
12: (18) r8 = 0xffffc9000662a010      ; R8_w=map_value(off=16,ks=4,vs=24,imm=0)
14: (79) r2 = *(u64 *)(r8 +0)         ; R2_w=scalar() R8_w=map_value(off=16,ks=4,vs=24,imm=0)
; bpf_cache_ext_list_sample(memcg, main_list, bpf_evict_sample_cb,
15: (bf) r1 = r7                      ; R1_w=trusted_ptr_mem_cgroup(off=0,imm=0) R7=trusted_ptr_mem_cgroup(off=0,imm=0)
16: (18) r3 = 0x14                    ; R3_w=func(off=0,imm=0)
18: (b7) r4 = 300                     ; R4_w=300
19: (bf) r5 = r6                      ; R5_w=trusted_ptr_cache_ext_eviction_ctx(off=0,imm=0) R6=trusted_ptr_cache_ext_eviction_ctx(off=0,imm=0)
20: (85) call bpf_cache_ext_list_sample#69432
R4 type=scalar expected=fp
processed 18 insns (limit 1000000) max_states_per_insn 0 total_states 1 peak_states 1 mark_read 1
-- END PROG LOAD LOG --
libbpf: prog 'evolved_evict_folios': failed to load: -13
libbpf: failed to load object 'cache_ext_evolved_bpf'
libbpf: failed to load BPF skeleton 'cache_ext_evolved_bpf': -13
Failed to load BPF program

Traceback (most recent call last):
  File "/mydata/cache_ext/eviction_evo/evaluate.py", line 474, in evaluate
    policy_proc = start_policy(loader_path, LEVELDB_TEMP_DB)
                  ^^^^^^^^^^^^^^^^^^^^^^^^^^^^^^^^^^^^^^^^^^
  File "/mydata/cache_ext/eviction_evo/evaluate.py", line 307, in start_policy
    raise RuntimeError(f"Policy loader exited immediately: {stderr}")
RuntimeError: Policy loader exited immediately: libbpf: prog 'evolved_evict_folios': BPF program load failed: Permission denied
libbpf: prog 'evolved_evict_folios': -- BEGIN PROG LOAD LOG --
reg type unsupported for arg#0 function evolved_evict_folios#238
0: R1=ctx(off=0,imm=0) R10=fp0
; void BPF_STRUCT_OPS(evolved_evict_folios,
0: (79) r7 = *(u64 *)(r1 +8)
func 'evict_folios' arg1 has btf_id 2227 type STRUCT 'mem_cgroup'
1: R1=ctx(off=0,imm=0) R7_w=trusted_ptr_mem_cgroup(off=0,imm=0)
1: (79) r6 = *(u64 *)(r1 +0)
func 'evict_folios' arg0 has btf_id 744 type STRUCT 'cache_ext_eviction_ctx'
2: R1=ctx(off=0,imm=0) R6_w=trusted_ptr_cache_ext_eviction_ctx(off=0,imm=0)
2: (b7) r1 = 0                        ; R1_w=0
3: (63) *(u32 *)(r10 -8) = r1         ; R1_w=0 R10=fp0 fp-8=????0000
4: (bf) r2 = r10                      ; R2_w=fp0 R10=fp0
; 
5: (07) r2 += -8                      ; R2_w=fp-8
; u64 *val = bpf_map_lookup_elem(&debug_counters, &idx);
6: (18) r1 = 0xffff88908b17a400       ; R1_w=map_ptr(off=0,ks=4,vs=8,imm=0)
8: (85) call bpf_map_lookup_elem#1    ; R0_w=map_value_or_null(id=1,off=0,ks=4,vs=8,imm=0)
; if (val) __sync_fetch_and_add(val, 1);
9: (15) if r0 == 0x0 goto pc+2        ; R0_w=map_value(off=0,ks=4,vs=8,imm=0)
10: (b7) r1 = 1                       ; R1_w=1
; if (val) __sync_fetch_and_add(val, 1);
11: (db) lock *(u64 *)(r0 +0) += r1   ; R0=map_value(off=0,ks=4,vs=8,imm=0) R1=1
; bpf_cache_ext_list_sample(memcg, main_list, bpf_evict_sample_cb,
12: (18) r8 = 0xffffc9000662a010      ; R8_w=map_value(off=16,ks=4,vs=24,imm=0)
14: (79) r2 = *(u64 *)(r8 +0)         ; R2_w=scalar() R8_w=map_value(off=16,ks=4,vs=24,imm=0)
; bpf_cache_ext_list_sample(memcg, main_list, bpf_evict_sample_cb,
15: (bf) r1 = r7                      ; R1_w=trusted_ptr_mem_cgroup(off=0,imm=0) R7=trusted_ptr_mem_cgroup(off=0,imm=0)
16: (18) r3 = 0x14                    ; R3_w=func(off=0,imm=0)
18: (b7) r4 = 300                     ; R4_w=300
19: (bf) r5 = r6                      ; R5_w=trusted_ptr_cache_ext_eviction_ctx(off=0,imm=0) R6=trusted_ptr_cache_ext_eviction_ctx(off=0,imm=0)
20: (85) call bpf_cache_ext_list_sample#69432
R4 type=scalar expected=fp
processed 18 insns (limit 1000000) max_states_per_insn 0 total_states 1 peak_states 1 mark_read 1
-- END PROG LOAD LOG --
libbpf: prog 'evolved_evict_folios': failed to load: -13
libbpf: failed to load object 'cache_ext_evolved_bpf'
libbpf: failed to load BPF skeleton 'cache_ext_evolved_bpf': -13
Failed to load BPF program


2026-03-04 15:31:26,205 INFO CMD: sudo cgdelete memory:cache_ext_test
2026-03-04 15:31:26,224 INFO CMD: sudo sh -c echo 0x0000 > /sys/kernel/mm/lru_gen/enabled
2026-03-04 15:31:26,239 INFO MGLRU re-enabled (restored to 0x0000).
