2026-03-23 14:16:13,954 INFO Waiting for evaluation lock /tmp/cache_ext_evaluate_0.lock ...
2026-03-23 14:46:22,089 INFO Acquired evaluation lock.
2026-03-23 14:46:22,136 INFO === Step 0: Drop page cache ===
2026-03-23 14:46:22,136 INFO Database already exists at /mydata/leveldb_temp (CURRENT file found), skipping copy
2026-03-23 14:46:22,136 INFO CMD: sudo sync
2026-03-23 14:46:22,271 INFO CMD: sudo sh -c echo 3 > /proc/sys/vm/drop_caches
2026-03-23 14:46:22,521 INFO Page cache dropped.
2026-03-23 14:46:22,521 INFO === Step 1: Compile evolved policy ===
2026-03-23 14:46:22,530 INFO CMD: sudo chown -R root: /mydata/cache_ext/eviction_evo/build
2026-03-23 14:46:22,814 INFO CMD: clang-14 -O2 -target bpf -D__TARGET_ARCH_x86 -c -g -Wall -idirafter /usr/lib/llvm-14/lib/clang/14.0.0/include -idirafter /usr/local/include -idirafter /usr/include/x86_64-linux-gnu -idirafter /usr/include /mydata/cache_ext/eviction_evo/build/cache_ext_evolved.bpf.c -o /mydata/cache_ext/eviction_evo/build/cache_ext_evolved.bpf.o
2026-03-23 14:46:25,831 INFO CMD: /usr/local/sbin/bpftool gen skeleton /mydata/cache_ext/eviction_evo/build/cache_ext_evolved.bpf.o name cache_ext_evolved_bpf
2026-03-23 14:46:26,022 INFO CMD: clang-14 -O2 -g -Wall -I/mydata/cache_ext/eviction_evo/build -I/mydata/cache_ext/policies /mydata/cache_ext/eviction_evo/cache_ext_evolved.c -o /mydata/cache_ext/eviction_evo/build/cache_ext_evolved.out -L/usr/local/lib64 -lbpf
2026-03-23 14:46:26,868 INFO Compilation successful: /mydata/cache_ext/eviction_evo/build/cache_ext_evolved.out
2026-03-23 14:46:26,868 INFO === Step 2: Disable MGLRU ===
2026-03-23 14:46:26,869 INFO MGLRU watchdog started (PID 324377, will restore in 7800 s)
2026-03-23 14:46:26,869 INFO MGLRU current state: 0x0007 - disabling
2026-03-23 14:46:26,869 INFO CMD: sudo sh -c echo 0 > /sys/kernel/mm/lru_gen/enabled
2026-03-23 14:46:26,963 INFO MGLRU disabled.
2026-03-23 14:46:26,963 INFO === Step 3: Create cgroup ===
2026-03-23 14:46:27,030 INFO CMD: sudo cgcreate -g memory:cache_ext_test
2026-03-23 14:46:27,139 INFO CMD: sudo sh -c echo 536870912 > /sys/fs/cgroup/cache_ext_test/memory.max
2026-03-23 14:46:27,154 INFO Created cgroup cache_ext_test with limit 536870912 bytes
2026-03-23 14:46:27,154 INFO === Step 4: Load BPF policy ===
2026-03-23 14:46:27,154 INFO Loading policy: sudo /mydata/cache_ext/eviction_evo/build/cache_ext_evolved.out --watch_dir /mydata/leveldb_temp --cgroup_path /sys/fs/cgroup/cache_ext_test
2026-03-23 14:46:37,165 INFO Policy loaded (PID 324398)
2026-03-23 14:46:37,166 INFO === Step 5: Start server ===
2026-03-23 14:46:37,166 INFO Starting server: sudo cgexec -g memory:cache_ext_test /mydata/cache_ext/net_leveldb_server 9100 /mydata/leveldb_temp
2026-03-23 14:46:37,167 INFO Waiting for server on port 9100 ...
2026-03-23 14:46:38,220 INFO Server ready (PID 324431) on port 9100
2026-03-23 14:46:38,221 INFO === Step 6: Run 2 traces x 5 runs = 10 total benchmarks ===
2026-03-23 14:46:38,269 INFO --- Trace 1/2 (dual_small_vs_large) run 1/5  [1/10 overall] ---
2026-03-23 14:46:38,269 INFO CMD: sudo sync
2026-03-23 14:46:38,440 INFO CMD: sudo sh -c echo 3 > /proc/sys/vm/drop_caches
2026-03-23 14:46:38,726 INFO Page cache dropped.
2026-03-23 14:46:41,390 INFO Starting remote client reader_fast on krisub@node1: ssh -o StrictHostKeyChecking=no -o BatchMode=yes -i /users/krisub/.ssh/id_ed25519 krisub@node1 sh -lc 'exec /mydata/cache_ext/My-YCSB/build/run_net_leveldb /tmp/dual_reader_fast_54hh2sbh.yaml'
2026-03-23 14:46:41,660 INFO Starting remote client writer_slow on krisub@node1: ssh -o StrictHostKeyChecking=no -o BatchMode=yes -i /users/krisub/.ssh/id_ed25519 krisub@node1 sh -lc 'exec /mydata/cache_ext/My-YCSB/build/run_net_leveldb /tmp/dual_writer_slow_gpj1ya0j.yaml'
2026-03-23 14:49:40,286 INFO Client reader_fast: throughput=1445.55
2026-03-23 14:49:41,154 INFO Client writer_slow: throughput=261.06
2026-03-23 14:49:41,154 INFO Dual-client combined throughput: 1706.61 ops/sec
2026-03-23 14:49:41,634 INFO Trace dual_small_vs_large run 1: throughput=1706.61 ops/sec
2026-03-23 14:49:41,634 INFO --- Trace 1/2 (dual_small_vs_large) run 2/5  [2/10 overall] ---
2026-03-23 14:49:41,634 INFO CMD: sudo sync
2026-03-23 14:49:42,520 INFO CMD: sudo sh -c echo 3 > /proc/sys/vm/drop_caches
2026-03-23 14:49:43,036 INFO Page cache dropped.
2026-03-23 14:49:45,790 INFO Starting remote client reader_fast on krisub@node1: ssh -o StrictHostKeyChecking=no -o BatchMode=yes -i /users/krisub/.ssh/id_ed25519 krisub@node1 sh -lc 'exec /mydata/cache_ext/My-YCSB/build/run_net_leveldb /tmp/dual_reader_fast__n2zwk6x.yaml'
2026-03-23 14:49:46,053 INFO Starting remote client writer_slow on krisub@node1: ssh -o StrictHostKeyChecking=no -o BatchMode=yes -i /users/krisub/.ssh/id_ed25519 krisub@node1 sh -lc 'exec /mydata/cache_ext/My-YCSB/build/run_net_leveldb /tmp/dual_writer_slow_5q1_2bvb.yaml'
2026-03-23 14:52:44,372 INFO Client reader_fast: throughput=1201.84
2026-03-23 14:52:46,844 INFO Client writer_slow: throughput=258.62
2026-03-23 14:52:46,844 INFO Dual-client combined throughput: 1460.46 ops/sec
2026-03-23 14:52:47,337 INFO Trace dual_small_vs_large run 2: throughput=1460.46 ops/sec
2026-03-23 14:52:47,338 INFO --- Trace 1/2 (dual_small_vs_large) run 3/5  [3/10 overall] ---
2026-03-23 14:52:47,338 INFO CMD: sudo sync
2026-03-23 14:52:47,730 INFO CMD: sudo sh -c echo 3 > /proc/sys/vm/drop_caches
2026-03-23 14:52:48,094 INFO Page cache dropped.
2026-03-23 14:52:50,821 INFO Starting remote client reader_fast on krisub@node1: ssh -o StrictHostKeyChecking=no -o BatchMode=yes -i /users/krisub/.ssh/id_ed25519 krisub@node1 sh -lc 'exec /mydata/cache_ext/My-YCSB/build/run_net_leveldb /tmp/dual_reader_fast_zqnowqx0.yaml'
2026-03-23 14:52:51,080 INFO Starting remote client writer_slow on krisub@node1: ssh -o StrictHostKeyChecking=no -o BatchMode=yes -i /users/krisub/.ssh/id_ed25519 krisub@node1 sh -lc 'exec /mydata/cache_ext/My-YCSB/build/run_net_leveldb /tmp/dual_writer_slow_bqop9it7.yaml'
2026-03-23 14:55:49,102 INFO Client reader_fast: throughput=1239.28
2026-03-23 14:55:49,970 INFO Client writer_slow: throughput=262.87
2026-03-23 14:55:49,970 INFO Dual-client combined throughput: 1502.15 ops/sec
2026-03-23 14:55:50,445 INFO Trace dual_small_vs_large run 3: throughput=1502.15 ops/sec
2026-03-23 14:55:50,445 INFO --- Trace 1/2 (dual_small_vs_large) run 4/5  [4/10 overall] ---
2026-03-23 14:55:50,446 INFO CMD: sudo sync
2026-03-23 14:55:50,777 INFO CMD: sudo sh -c echo 3 > /proc/sys/vm/drop_caches
2026-03-23 14:55:51,142 INFO Page cache dropped.
2026-03-23 14:55:53,933 INFO Starting remote client reader_fast on krisub@node1: ssh -o StrictHostKeyChecking=no -o BatchMode=yes -i /users/krisub/.ssh/id_ed25519 krisub@node1 sh -lc 'exec /mydata/cache_ext/My-YCSB/build/run_net_leveldb /tmp/dual_reader_fast_14rv0xak.yaml'
2026-03-23 14:55:54,185 INFO Starting remote client writer_slow on krisub@node1: ssh -o StrictHostKeyChecking=no -o BatchMode=yes -i /users/krisub/.ssh/id_ed25519 krisub@node1 sh -lc 'exec /mydata/cache_ext/My-YCSB/build/run_net_leveldb /tmp/dual_writer_slow_fs01ulxf.yaml'
2026-03-23 14:58:52,183 INFO Client reader_fast: throughput=1099.70
2026-03-23 14:58:54,957 INFO Client writer_slow: throughput=261.68
2026-03-23 14:58:54,957 INFO Dual-client combined throughput: 1361.38 ops/sec
2026-03-23 14:58:55,449 INFO Trace dual_small_vs_large run 4: throughput=1361.38 ops/sec
2026-03-23 14:58:55,449 INFO --- Trace 1/2 (dual_small_vs_large) run 5/5  [5/10 overall] ---
2026-03-23 14:58:55,449 INFO CMD: sudo sync
2026-03-23 14:58:55,671 INFO CMD: sudo sh -c echo 3 > /proc/sys/vm/drop_caches
2026-03-23 14:58:56,040 INFO Page cache dropped.
2026-03-23 14:58:58,742 INFO Starting remote client reader_fast on krisub@node1: ssh -o StrictHostKeyChecking=no -o BatchMode=yes -i /users/krisub/.ssh/id_ed25519 krisub@node1 sh -lc 'exec /mydata/cache_ext/My-YCSB/build/run_net_leveldb /tmp/dual_reader_fast_pdnhhhol.yaml'
2026-03-23 14:58:58,999 INFO Starting remote client writer_slow on krisub@node1: ssh -o StrictHostKeyChecking=no -o BatchMode=yes -i /users/krisub/.ssh/id_ed25519 krisub@node1 sh -lc 'exec /mydata/cache_ext/My-YCSB/build/run_net_leveldb /tmp/dual_writer_slow_05wl3hla.yaml'
2026-03-23 15:01:57,449 INFO Client reader_fast: throughput=1180.08
2026-03-23 15:02:03,080 INFO Client writer_slow: throughput=261.90
2026-03-23 15:02:03,080 INFO Dual-client combined throughput: 1441.98 ops/sec
2026-03-23 15:02:03,557 INFO Trace dual_small_vs_large run 5: throughput=1441.98 ops/sec
2026-03-23 15:02:03,558 INFO Trace dual_small_vs_large summary: mean=1494.52 std=129.12 min=1361.38 max=1706.61 (CV=8.6%)
2026-03-23 15:02:03,626 INFO --- Trace 2/2 (dual_congested) run 1/5  [6/10 overall] ---
2026-03-23 15:02:03,626 INFO CMD: sudo sync
2026-03-23 15:02:03,985 INFO CMD: sudo sh -c echo 3 > /proc/sys/vm/drop_caches
2026-03-23 15:02:04,327 INFO Page cache dropped.
2026-03-23 15:02:07,077 INFO Starting remote client wan_reader on krisub@node1: ssh -o StrictHostKeyChecking=no -o BatchMode=yes -i /users/krisub/.ssh/id_ed25519 krisub@node1 sh -lc 'exec /mydata/cache_ext/My-YCSB/build/run_net_leveldb /tmp/dual_wan_reader_p8el5edj.yaml'
2026-03-23 15:02:07,329 INFO Starting remote client wan_writer on krisub@node1: ssh -o StrictHostKeyChecking=no -o BatchMode=yes -i /users/krisub/.ssh/id_ed25519 krisub@node1 sh -lc 'exec /mydata/cache_ext/My-YCSB/build/run_net_leveldb /tmp/dual_wan_writer__qapk9bo.yaml'
2026-03-23 15:05:05,514 INFO Client wan_reader: throughput=1382.16
2026-03-23 15:05:05,679 INFO Client wan_writer: throughput=1746.48
2026-03-23 15:05:05,679 INFO Dual-client combined throughput: 3128.64 ops/sec
2026-03-23 15:05:06,153 INFO Trace dual_congested run 1: throughput=3128.64 ops/sec
2026-03-23 15:05:06,153 INFO --- Trace 2/2 (dual_congested) run 2/5  [7/10 overall] ---
2026-03-23 15:05:06,154 INFO CMD: sudo sync
2026-03-23 15:05:06,498 INFO CMD: sudo sh -c echo 3 > /proc/sys/vm/drop_caches
2026-03-23 15:05:06,905 INFO Page cache dropped.
2026-03-23 15:05:09,565 INFO Starting remote client wan_reader on krisub@node1: ssh -o StrictHostKeyChecking=no -o BatchMode=yes -i /users/krisub/.ssh/id_ed25519 krisub@node1 sh -lc 'exec /mydata/cache_ext/My-YCSB/build/run_net_leveldb /tmp/dual_wan_reader_jnfiky5m.yaml'
2026-03-23 15:05:09,825 INFO Starting remote client wan_writer on krisub@node1: ssh -o StrictHostKeyChecking=no -o BatchMode=yes -i /users/krisub/.ssh/id_ed25519 krisub@node1 sh -lc 'exec /mydata/cache_ext/My-YCSB/build/run_net_leveldb /tmp/dual_wan_writer_uvyo297u.yaml'
2026-03-23 15:08:07,962 INFO Client wan_reader: throughput=1540.95
2026-03-23 15:08:08,178 INFO Client wan_writer: throughput=2084.15
2026-03-23 15:08:08,178 INFO Dual-client combined throughput: 3625.10 ops/sec
2026-03-23 15:08:08,673 INFO Trace dual_congested run 2: throughput=3625.10 ops/sec
2026-03-23 15:08:08,673 INFO --- Trace 2/2 (dual_congested) run 3/5  [8/10 overall] ---
2026-03-23 15:08:08,674 INFO CMD: sudo sync
2026-03-23 15:08:08,965 INFO CMD: sudo sh -c echo 3 > /proc/sys/vm/drop_caches
2026-03-23 15:08:09,301 INFO Page cache dropped.
2026-03-23 15:08:12,037 INFO Starting remote client wan_reader on krisub@node1: ssh -o StrictHostKeyChecking=no -o BatchMode=yes -i /users/krisub/.ssh/id_ed25519 krisub@node1 sh -lc 'exec /mydata/cache_ext/My-YCSB/build/run_net_leveldb /tmp/dual_wan_reader_hl5eszoc.yaml'
2026-03-23 15:08:12,299 INFO Starting remote client wan_writer on krisub@node1: ssh -o StrictHostKeyChecking=no -o BatchMode=yes -i /users/krisub/.ssh/id_ed25519 krisub@node1 sh -lc 'exec /mydata/cache_ext/My-YCSB/build/run_net_leveldb /tmp/dual_wan_writer_oq1whl7r.yaml'
2026-03-23 15:11:10,242 INFO Client wan_reader: throughput=1469.53
2026-03-23 15:11:10,809 INFO Client wan_writer: throughput=2054.60
2026-03-23 15:11:10,809 INFO Dual-client combined throughput: 3524.13 ops/sec
2026-03-23 15:11:11,289 INFO Trace dual_congested run 3: throughput=3524.13 ops/sec
2026-03-23 15:11:11,290 INFO --- Trace 2/2 (dual_congested) run 4/5  [9/10 overall] ---
2026-03-23 15:11:11,290 INFO CMD: sudo sync
2026-03-23 15:11:11,484 INFO CMD: sudo sh -c echo 3 > /proc/sys/vm/drop_caches
2026-03-23 15:11:12,165 INFO Page cache dropped.
2026-03-23 15:11:14,949 INFO Starting remote client wan_reader on krisub@node1: ssh -o StrictHostKeyChecking=no -o BatchMode=yes -i /users/krisub/.ssh/id_ed25519 krisub@node1 sh -lc 'exec /mydata/cache_ext/My-YCSB/build/run_net_leveldb /tmp/dual_wan_reader_jiq3cl_6.yaml'
2026-03-23 15:11:15,205 INFO Starting remote client wan_writer on krisub@node1: ssh -o StrictHostKeyChecking=no -o BatchMode=yes -i /users/krisub/.ssh/id_ed25519 krisub@node1 sh -lc 'exec /mydata/cache_ext/My-YCSB/build/run_net_leveldb /tmp/dual_wan_writer_k3trv03n.yaml'
2026-03-23 15:14:15,704 INFO Client wan_reader: throughput=1420.24
2026-03-23 15:14:15,720 INFO Client wan_writer: throughput=2013.59
2026-03-23 15:14:15,721 INFO Dual-client combined throughput: 3433.83 ops/sec
2026-03-23 15:14:16,182 INFO Trace dual_congested run 4: throughput=3433.83 ops/sec
2026-03-23 15:14:16,182 INFO --- Trace 2/2 (dual_congested) run 5/5  [10/10 overall] ---
2026-03-23 15:14:16,182 INFO CMD: sudo sync
2026-03-23 15:14:16,400 INFO CMD: sudo sh -c echo 3 > /proc/sys/vm/drop_caches
2026-03-23 15:14:16,932 INFO Page cache dropped.
2026-03-23 15:14:19,617 INFO Starting remote client wan_reader on krisub@node1: ssh -o StrictHostKeyChecking=no -o BatchMode=yes -i /users/krisub/.ssh/id_ed25519 krisub@node1 sh -lc 'exec /mydata/cache_ext/My-YCSB/build/run_net_leveldb /tmp/dual_wan_reader_t88_3nz3.yaml'
2026-03-23 15:14:19,861 INFO Starting remote client wan_writer on krisub@node1: ssh -o StrictHostKeyChecking=no -o BatchMode=yes -i /users/krisub/.ssh/id_ed25519 krisub@node1 sh -lc 'exec /mydata/cache_ext/My-YCSB/build/run_net_leveldb /tmp/dual_wan_writer_1v7f59f4.yaml'
2026-03-23 15:17:17,854 INFO Client wan_reader: throughput=1414.79
2026-03-23 15:17:18,069 INFO Client wan_writer: throughput=2066.33
2026-03-23 15:17:18,069 INFO Dual-client combined throughput: 3481.12 ops/sec
2026-03-23 15:17:18,537 INFO Trace dual_congested run 5: throughput=3481.12 ops/sec
2026-03-23 15:17:18,537 INFO Trace dual_congested summary: mean=3438.56 std=187.09 min=3128.64 max=3625.10 (CV=5.4%)
2026-03-23 15:17:18,605 INFO === Evaluation complete (5 runs per trace) ===
2026-03-23 15:17:18,605 INFO Combined score (harmonic mean of means): 2083.48  (2/2 traces passed)
2026-03-23 15:17:18,605 INFO   dual_small_vs_large: mean=1494.52 std=129.12 [1361.38 .. 1706.61]
2026-03-23 15:17:18,605 INFO   dual_congested: mean=3438.56 std=187.09 [3128.64 .. 3625.10]
2026-03-23 15:17:18,605 INFO Stopping net_leveldb_server (PID 324431)
2026-03-23 15:17:18,605 INFO CMD: sudo kill 324431
2026-03-23 15:17:18,698 INFO Unloading BPF policy (PID 324398)
2026-03-23 15:17:18,698 INFO CMD: sudo kill -2 324398
2026-03-23 15:17:19,030 INFO CMD: sudo rm -f /sys/fs/bpf/cache_ext/scan_pids
2026-03-23 15:17:19,125 INFO CMD: sudo sh -c echo 0x0007 > /sys/kernel/mm/lru_gen/enabled
2026-03-23 15:17:19,139 INFO MGLRU re-enabled (restored to 0x0007).
2026-03-23 15:17:19,139 INFO MGLRU watchdog stopped (PID 324377)
