2026-03-27 09:49:32,322 INFO Waiting for evaluation lock /tmp/cache_ext_evaluate_0.lock ...
2026-03-27 10:25:01,363 INFO Acquired evaluation lock.
2026-03-27 10:25:01,404 INFO === Step 0: Drop page cache ===
2026-03-27 10:25:01,404 INFO Database already exists at /mydata/leveldb_temp (CURRENT file found), skipping copy
2026-03-27 10:25:01,405 INFO CMD: sudo sync
2026-03-27 10:25:01,626 INFO CMD: sudo sh -c echo 3 > /proc/sys/vm/drop_caches
2026-03-27 10:25:01,859 INFO Page cache dropped.
2026-03-27 10:25:01,859 INFO === Step 1: Compile evolved policy ===
2026-03-27 10:25:01,874 INFO CMD: sudo chown -R root: /mydata/cache_ext/eviction_evo/build
2026-03-27 10:25:02,202 INFO CMD: clang-14 -O2 -target bpf -D__TARGET_ARCH_x86 -c -g -Wall -idirafter /usr/lib/llvm-14/lib/clang/14.0.0/include -idirafter /usr/local/include -idirafter /usr/include/x86_64-linux-gnu -idirafter /usr/include /mydata/cache_ext/eviction_evo/build/cache_ext_evolved.bpf.c -o /mydata/cache_ext/eviction_evo/build/cache_ext_evolved.bpf.o
2026-03-27 10:25:05,020 INFO CMD: /usr/local/sbin/bpftool gen skeleton /mydata/cache_ext/eviction_evo/build/cache_ext_evolved.bpf.o name cache_ext_evolved_bpf
2026-03-27 10:25:05,195 INFO CMD: clang-14 -O2 -g -Wall -I/mydata/cache_ext/eviction_evo/build -I/mydata/cache_ext/policies /mydata/cache_ext/eviction_evo/cache_ext_evolved.c -o /mydata/cache_ext/eviction_evo/build/cache_ext_evolved.out -L/usr/local/lib64 -lbpf
2026-03-27 10:25:06,067 INFO Compilation successful: /mydata/cache_ext/eviction_evo/build/cache_ext_evolved.out
2026-03-27 10:25:06,068 INFO === Step 2: Disable MGLRU ===
2026-03-27 10:25:06,069 INFO MGLRU watchdog started (PID 656109, will restore in 7800 s)
2026-03-27 10:25:06,069 INFO MGLRU current state: 0x0007 - disabling
2026-03-27 10:25:06,069 INFO CMD: sudo sh -c echo 0 > /sys/kernel/mm/lru_gen/enabled
2026-03-27 10:25:06,119 INFO MGLRU disabled.
2026-03-27 10:25:06,119 INFO === Step 3: Create cgroup ===
2026-03-27 10:25:06,200 INFO CMD: sudo cgcreate -g memory:cache_ext_test
2026-03-27 10:25:06,302 INFO CMD: sudo sh -c echo 536870912 > /sys/fs/cgroup/cache_ext_test/memory.max
2026-03-27 10:25:06,316 INFO Created cgroup cache_ext_test with limit 536870912 bytes
2026-03-27 10:25:06,316 INFO === Step 4: Load BPF policy ===
2026-03-27 10:25:06,316 INFO Loading policy: sudo /mydata/cache_ext/eviction_evo/build/cache_ext_evolved.out --watch_dir /mydata/leveldb_temp --cgroup_path /sys/fs/cgroup/cache_ext_test
2026-03-27 10:25:16,327 INFO Policy loaded (PID 656130)
2026-03-27 10:25:16,328 INFO === Step 5: Start server ===
2026-03-27 10:25:16,328 INFO Starting server: sudo cgexec -g memory:cache_ext_test /mydata/cache_ext/net_leveldb_server 9100 /mydata/leveldb_temp
2026-03-27 10:25:16,329 INFO Waiting for server on port 9100 ...
2026-03-27 10:25:17,375 INFO Server ready (PID 656133) on port 9100
2026-03-27 10:25:17,376 INFO === Step 6: Run 7 traces x 3 runs = 21 total benchmarks ===
2026-03-27 10:25:17,406 INFO --- Trace 1/7 (ycsb_c_a) run 1/3  [1/21 overall] ---
2026-03-27 10:25:17,407 INFO CMD: sudo sync
2026-03-27 10:25:17,545 INFO CMD: sudo sh -c echo 3 > /proc/sys/vm/drop_caches
2026-03-27 10:25:17,790 INFO Page cache dropped.
2026-03-27 10:25:20,609 INFO Starting remote client client_ycsb_c on krisub@node1: ssh -o StrictHostKeyChecking=no -o BatchMode=yes -i /users/krisub/.ssh/id_ed25519 krisub@node1 sh -lc 'exec /mydata/cache_ext/My-YCSB/build/run_net_leveldb /tmp/dual_client_ycsb_c_pl2c47h5.yaml'
2026-03-27 10:25:20,873 INFO Starting remote client client_ycsb_a on krisub@node1: ssh -o StrictHostKeyChecking=no -o BatchMode=yes -i /users/krisub/.ssh/id_ed25519 krisub@node1 sh -lc 'exec /mydata/cache_ext/My-YCSB/build/run_net_leveldb /tmp/dual_client_ycsb_a_3gzldm_s.yaml'
2026-03-27 10:26:58,969 INFO Client client_ycsb_c: throughput=1094.56
2026-03-27 10:26:58,978 INFO Client client_ycsb_a: throughput=2097.63
2026-03-27 10:26:58,978 INFO Dual-client combined throughput: 3192.19 ops/sec
2026-03-27 10:26:59,433 INFO Trace ycsb_c_a run 1: throughput=3192.19 ops/sec
2026-03-27 10:26:59,433 INFO --- Trace 1/7 (ycsb_c_a) run 2/3  [2/21 overall] ---
2026-03-27 10:26:59,433 INFO CMD: sudo sync
2026-03-27 10:26:59,633 INFO CMD: sudo sh -c echo 3 > /proc/sys/vm/drop_caches
2026-03-27 10:26:59,902 INFO Page cache dropped.
2026-03-27 10:27:02,621 INFO Starting remote client client_ycsb_c on krisub@node1: ssh -o StrictHostKeyChecking=no -o BatchMode=yes -i /users/krisub/.ssh/id_ed25519 krisub@node1 sh -lc 'exec /mydata/cache_ext/My-YCSB/build/run_net_leveldb /tmp/dual_client_ycsb_c_bhdtw__9.yaml'
2026-03-27 10:27:02,888 INFO Starting remote client client_ycsb_a on krisub@node1: ssh -o StrictHostKeyChecking=no -o BatchMode=yes -i /users/krisub/.ssh/id_ed25519 krisub@node1 sh -lc 'exec /mydata/cache_ext/My-YCSB/build/run_net_leveldb /tmp/dual_client_ycsb_a_9nakoyud.yaml'
2026-03-27 10:28:41,038 INFO Client client_ycsb_c: throughput=999.01
2026-03-27 10:28:41,353 INFO Client client_ycsb_a: throughput=1952.62
2026-03-27 10:28:41,354 INFO Dual-client combined throughput: 2951.63 ops/sec
2026-03-27 10:28:41,824 INFO Trace ycsb_c_a run 2: throughput=2951.63 ops/sec
2026-03-27 10:28:41,824 INFO --- Trace 1/7 (ycsb_c_a) run 3/3  [3/21 overall] ---
2026-03-27 10:28:41,824 INFO CMD: sudo sync
2026-03-27 10:28:42,050 INFO CMD: sudo sh -c echo 3 > /proc/sys/vm/drop_caches
2026-03-27 10:28:42,325 INFO Page cache dropped.
2026-03-27 10:28:45,053 INFO Starting remote client client_ycsb_c on krisub@node1: ssh -o StrictHostKeyChecking=no -o BatchMode=yes -i /users/krisub/.ssh/id_ed25519 krisub@node1 sh -lc 'exec /mydata/cache_ext/My-YCSB/build/run_net_leveldb /tmp/dual_client_ycsb_c_cjhxaqu1.yaml'
2026-03-27 10:28:45,328 INFO Starting remote client client_ycsb_a on krisub@node1: ssh -o StrictHostKeyChecking=no -o BatchMode=yes -i /users/krisub/.ssh/id_ed25519 krisub@node1 sh -lc 'exec /mydata/cache_ext/My-YCSB/build/run_net_leveldb /tmp/dual_client_ycsb_a_zqvqxs1r.yaml'
2026-03-27 10:30:23,480 INFO Client client_ycsb_c: throughput=1085.95
2026-03-27 10:30:23,846 INFO Client client_ycsb_a: throughput=2132.08
2026-03-27 10:30:23,846 INFO Dual-client combined throughput: 3218.03 ops/sec
2026-03-27 10:30:24,305 INFO Trace ycsb_c_a run 3: throughput=3218.03 ops/sec
2026-03-27 10:30:24,306 INFO Trace ycsb_c_a summary: mean=3120.62 std=146.92 min=2951.63 max=3218.03 (CV=4.7%)
2026-03-27 10:30:24,345 INFO --- Trace 2/7 (ycsb_c_e) run 1/3  [4/21 overall] ---
2026-03-27 10:30:24,345 INFO CMD: sudo sync
2026-03-27 10:30:24,560 INFO CMD: sudo sh -c echo 3 > /proc/sys/vm/drop_caches
2026-03-27 10:30:24,814 INFO Page cache dropped.
2026-03-27 10:30:27,578 INFO Starting remote client client_ycsb_c on krisub@node1: ssh -o StrictHostKeyChecking=no -o BatchMode=yes -i /users/krisub/.ssh/id_ed25519 krisub@node1 sh -lc 'exec /mydata/cache_ext/My-YCSB/build/run_net_leveldb /tmp/dual_client_ycsb_c_tjep9hy9.yaml'
2026-03-27 10:30:27,836 INFO Starting remote client client_ycsb_e on krisub@node1: ssh -o StrictHostKeyChecking=no -o BatchMode=yes -i /users/krisub/.ssh/id_ed25519 krisub@node1 sh -lc 'exec /mydata/cache_ext/My-YCSB/build/run_net_leveldb /tmp/dual_client_ycsb_e_c6i1ubdg.yaml'
2026-03-27 10:32:05,878 INFO Client client_ycsb_c: throughput=1183.82
2026-03-27 10:32:07,097 INFO Client client_ycsb_e: throughput=77814.84
2026-03-27 10:32:07,097 INFO Dual-client combined throughput: 78998.66 ops/sec
2026-03-27 10:32:07,569 INFO Trace ycsb_c_e run 1: throughput=78998.66 ops/sec
2026-03-27 10:32:07,569 INFO --- Trace 2/7 (ycsb_c_e) run 2/3  [5/21 overall] ---
2026-03-27 10:32:07,569 INFO CMD: sudo sync
2026-03-27 10:32:07,818 INFO CMD: sudo sh -c echo 3 > /proc/sys/vm/drop_caches
2026-03-27 10:32:08,035 INFO Page cache dropped.
2026-03-27 10:32:10,797 INFO Starting remote client client_ycsb_c on krisub@node1: ssh -o StrictHostKeyChecking=no -o BatchMode=yes -i /users/krisub/.ssh/id_ed25519 krisub@node1 sh -lc 'exec /mydata/cache_ext/My-YCSB/build/run_net_leveldb /tmp/dual_client_ycsb_c_w3mo5jbb.yaml'
2026-03-27 10:32:11,056 INFO Starting remote client client_ycsb_e on krisub@node1: ssh -o StrictHostKeyChecking=no -o BatchMode=yes -i /users/krisub/.ssh/id_ed25519 krisub@node1 sh -lc 'exec /mydata/cache_ext/My-YCSB/build/run_net_leveldb /tmp/dual_client_ycsb_e_vwlg0vl_.yaml'
2026-03-27 10:33:49,152 INFO Client client_ycsb_c: throughput=1296.94
2026-03-27 10:33:50,671 INFO Client client_ycsb_e: throughput=77728.21
2026-03-27 10:33:50,671 INFO Dual-client combined throughput: 79025.15 ops/sec
2026-03-27 10:33:51,150 INFO Trace ycsb_c_e run 2: throughput=79025.15 ops/sec
2026-03-27 10:33:51,150 INFO --- Trace 2/7 (ycsb_c_e) run 3/3  [6/21 overall] ---
2026-03-27 10:33:51,150 INFO CMD: sudo sync
2026-03-27 10:33:51,356 INFO CMD: sudo sh -c echo 3 > /proc/sys/vm/drop_caches
2026-03-27 10:33:51,564 INFO Page cache dropped.
2026-03-27 10:33:54,182 INFO Starting remote client client_ycsb_c on krisub@node1: ssh -o StrictHostKeyChecking=no -o BatchMode=yes -i /users/krisub/.ssh/id_ed25519 krisub@node1 sh -lc 'exec /mydata/cache_ext/My-YCSB/build/run_net_leveldb /tmp/dual_client_ycsb_c__q0mmb4i.yaml'
2026-03-27 10:33:54,440 INFO Starting remote client client_ycsb_e on krisub@node1: ssh -o StrictHostKeyChecking=no -o BatchMode=yes -i /users/krisub/.ssh/id_ed25519 krisub@node1 sh -lc 'exec /mydata/cache_ext/My-YCSB/build/run_net_leveldb /tmp/dual_client_ycsb_e_49qom3sj.yaml'
2026-03-27 10:35:32,584 INFO Client client_ycsb_c: throughput=1244.51
2026-03-27 10:35:33,852 INFO Client client_ycsb_e: throughput=77400.42
2026-03-27 10:35:33,852 INFO Dual-client combined throughput: 78644.93 ops/sec
2026-03-27 10:35:34,337 INFO Trace ycsb_c_e run 3: throughput=78644.93 ops/sec
2026-03-27 10:35:34,338 INFO Trace ycsb_c_e summary: mean=78889.58 std=212.29 min=78644.93 max=79025.15 (CV=0.3%)
2026-03-27 10:35:34,371 INFO --- Trace 3/7 (ycsb_c_f) run 1/3  [7/21 overall] ---
2026-03-27 10:35:34,371 INFO CMD: sudo sync
2026-03-27 10:35:34,581 INFO CMD: sudo sh -c echo 3 > /proc/sys/vm/drop_caches
2026-03-27 10:35:34,801 INFO Page cache dropped.
2026-03-27 10:35:37,469 INFO Starting remote client client_ycsb_c on krisub@node1: ssh -o StrictHostKeyChecking=no -o BatchMode=yes -i /users/krisub/.ssh/id_ed25519 krisub@node1 sh -lc 'exec /mydata/cache_ext/My-YCSB/build/run_net_leveldb /tmp/dual_client_ycsb_c_6nbmpc85.yaml'
2026-03-27 10:35:37,720 INFO Starting remote client client_ycsb_f on krisub@node1: ssh -o StrictHostKeyChecking=no -o BatchMode=yes -i /users/krisub/.ssh/id_ed25519 krisub@node1 sh -lc 'exec /mydata/cache_ext/My-YCSB/build/run_net_leveldb /tmp/dual_client_ycsb_f_u_ok9hur.yaml'
2026-03-27 10:37:15,924 INFO Client client_ycsb_c: throughput=885.45
2026-03-27 10:37:15,989 INFO Client client_ycsb_f: throughput=216.81
2026-03-27 10:37:15,989 INFO Dual-client combined throughput: 1102.26 ops/sec
2026-03-27 10:37:16,457 INFO Trace ycsb_c_f run 1: throughput=1102.26 ops/sec
2026-03-27 10:37:16,457 INFO --- Trace 3/7 (ycsb_c_f) run 2/3  [8/21 overall] ---
2026-03-27 10:37:16,457 INFO CMD: sudo sync
2026-03-27 10:37:16,653 INFO CMD: sudo sh -c echo 3 > /proc/sys/vm/drop_caches
2026-03-27 10:37:16,924 INFO Page cache dropped.
2026-03-27 10:37:19,649 INFO Starting remote client client_ycsb_c on krisub@node1: ssh -o StrictHostKeyChecking=no -o BatchMode=yes -i /users/krisub/.ssh/id_ed25519 krisub@node1 sh -lc 'exec /mydata/cache_ext/My-YCSB/build/run_net_leveldb /tmp/dual_client_ycsb_c_cm7oexo6.yaml'
2026-03-27 10:37:19,904 INFO Starting remote client client_ycsb_f on krisub@node1: ssh -o StrictHostKeyChecking=no -o BatchMode=yes -i /users/krisub/.ssh/id_ed25519 krisub@node1 sh -lc 'exec /mydata/cache_ext/My-YCSB/build/run_net_leveldb /tmp/dual_client_ycsb_f__b74b4pc.yaml'
2026-03-27 10:38:58,056 INFO Client client_ycsb_c: throughput=783.29
2026-03-27 10:38:58,222 INFO Client client_ycsb_f: throughput=201.28
2026-03-27 10:38:58,222 INFO Dual-client combined throughput: 984.57 ops/sec
2026-03-27 10:38:58,701 INFO Trace ycsb_c_f run 2: throughput=984.57 ops/sec
2026-03-27 10:38:58,701 INFO --- Trace 3/7 (ycsb_c_f) run 3/3  [9/21 overall] ---
2026-03-27 10:38:58,701 INFO CMD: sudo sync
2026-03-27 10:38:58,935 INFO CMD: sudo sh -c echo 3 > /proc/sys/vm/drop_caches
2026-03-27 10:38:59,231 INFO Page cache dropped.
2026-03-27 10:39:01,849 INFO Starting remote client client_ycsb_c on krisub@node1: ssh -o StrictHostKeyChecking=no -o BatchMode=yes -i /users/krisub/.ssh/id_ed25519 krisub@node1 sh -lc 'exec /mydata/cache_ext/My-YCSB/build/run_net_leveldb /tmp/dual_client_ycsb_c_mvb7akok.yaml'
2026-03-27 10:39:02,105 INFO Starting remote client client_ycsb_f on krisub@node1: ssh -o StrictHostKeyChecking=no -o BatchMode=yes -i /users/krisub/.ssh/id_ed25519 krisub@node1 sh -lc 'exec /mydata/cache_ext/My-YCSB/build/run_net_leveldb /tmp/dual_client_ycsb_f_nq8hb5cx.yaml'
2026-03-27 10:40:40,309 INFO Client client_ycsb_c: throughput=886.43
2026-03-27 10:40:40,374 INFO Client client_ycsb_f: throughput=202.78
2026-03-27 10:40:40,374 INFO Dual-client combined throughput: 1089.21 ops/sec
2026-03-27 10:40:40,841 INFO Trace ycsb_c_f run 3: throughput=1089.21 ops/sec
2026-03-27 10:40:40,842 INFO Trace ycsb_c_f summary: mean=1058.68 std=64.51 min=984.57 max=1102.26 (CV=6.1%)
2026-03-27 10:40:40,874 INFO --- Trace 4/7 (ycsb_b_a) run 1/3  [10/21 overall] ---
2026-03-27 10:40:40,874 INFO CMD: sudo sync
2026-03-27 10:40:41,126 INFO CMD: sudo sh -c echo 3 > /proc/sys/vm/drop_caches
2026-03-27 10:40:41,434 INFO Page cache dropped.
2026-03-27 10:40:44,081 INFO Starting remote client client_ycsb_b on krisub@node1: ssh -o StrictHostKeyChecking=no -o BatchMode=yes -i /users/krisub/.ssh/id_ed25519 krisub@node1 sh -lc 'exec /mydata/cache_ext/My-YCSB/build/run_net_leveldb /tmp/dual_client_ycsb_b_kwtp2iac.yaml'
2026-03-27 10:40:44,317 INFO Starting remote client client_ycsb_a on krisub@node1: ssh -o StrictHostKeyChecking=no -o BatchMode=yes -i /users/krisub/.ssh/id_ed25519 krisub@node1 sh -lc 'exec /mydata/cache_ext/My-YCSB/build/run_net_leveldb /tmp/dual_client_ycsb_a_90fldfp_.yaml'
2026-03-27 10:42:22,416 INFO Client client_ycsb_b: throughput=981.26
2026-03-27 10:42:22,732 INFO Client client_ycsb_a: throughput=1775.58
2026-03-27 10:42:22,732 INFO Dual-client combined throughput: 2756.84 ops/sec
2026-03-27 10:42:23,189 INFO Trace ycsb_b_a run 1: throughput=2756.84 ops/sec
2026-03-27 10:42:23,189 INFO --- Trace 4/7 (ycsb_b_a) run 2/3  [11/21 overall] ---
2026-03-27 10:42:23,189 INFO CMD: sudo sync
2026-03-27 10:42:23,427 INFO CMD: sudo sh -c echo 3 > /proc/sys/vm/drop_caches
2026-03-27 10:42:23,723 INFO Page cache dropped.
2026-03-27 10:42:26,340 INFO Starting remote client client_ycsb_b on krisub@node1: ssh -o StrictHostKeyChecking=no -o BatchMode=yes -i /users/krisub/.ssh/id_ed25519 krisub@node1 sh -lc 'exec /mydata/cache_ext/My-YCSB/build/run_net_leveldb /tmp/dual_client_ycsb_b_80a8ht_q.yaml'
2026-03-27 10:42:26,593 INFO Starting remote client client_ycsb_a on krisub@node1: ssh -o StrictHostKeyChecking=no -o BatchMode=yes -i /users/krisub/.ssh/id_ed25519 krisub@node1 sh -lc 'exec /mydata/cache_ext/My-YCSB/build/run_net_leveldb /tmp/dual_client_ycsb_a_2wox2okm.yaml'
2026-03-27 10:44:04,493 INFO Client client_ycsb_b: throughput=1075.59
2026-03-27 10:44:05,110 INFO Client client_ycsb_a: throughput=1974.77
2026-03-27 10:44:05,110 INFO Dual-client combined throughput: 3050.36 ops/sec
2026-03-27 10:44:05,585 INFO Trace ycsb_b_a run 2: throughput=3050.36 ops/sec
2026-03-27 10:44:05,585 INFO --- Trace 4/7 (ycsb_b_a) run 3/3  [12/21 overall] ---
2026-03-27 10:44:05,585 INFO CMD: sudo sync
2026-03-27 10:44:05,862 INFO CMD: sudo sh -c echo 3 > /proc/sys/vm/drop_caches
2026-03-27 10:44:06,126 INFO Page cache dropped.
2026-03-27 10:44:08,898 INFO Starting remote client client_ycsb_b on krisub@node1: ssh -o StrictHostKeyChecking=no -o BatchMode=yes -i /users/krisub/.ssh/id_ed25519 krisub@node1 sh -lc 'exec /mydata/cache_ext/My-YCSB/build/run_net_leveldb /tmp/dual_client_ycsb_b_b7umenhs.yaml'
2026-03-27 10:44:09,156 INFO Starting remote client client_ycsb_a on krisub@node1: ssh -o StrictHostKeyChecking=no -o BatchMode=yes -i /users/krisub/.ssh/id_ed25519 krisub@node1 sh -lc 'exec /mydata/cache_ext/My-YCSB/build/run_net_leveldb /tmp/dual_client_ycsb_a_38ke6r4z.yaml'
2026-03-27 10:45:47,157 INFO Client client_ycsb_b: throughput=1046.31
2026-03-27 10:45:47,523 INFO Client client_ycsb_a: throughput=1930.86
2026-03-27 10:45:47,523 INFO Dual-client combined throughput: 2977.17 ops/sec
2026-03-27 10:45:47,989 INFO Trace ycsb_b_a run 3: throughput=2977.17 ops/sec
2026-03-27 10:45:47,990 INFO Trace ycsb_b_a summary: mean=2928.12 std=152.78 min=2756.84 max=3050.36 (CV=5.2%)
2026-03-27 10:45:48,025 INFO --- Trace 5/7 (ycsb_a_d) run 1/3  [13/21 overall] ---
2026-03-27 10:45:48,025 INFO CMD: sudo sync
2026-03-27 10:45:48,268 INFO CMD: sudo sh -c echo 3 > /proc/sys/vm/drop_caches
2026-03-27 10:45:48,530 INFO Page cache dropped.
2026-03-27 10:45:51,277 INFO Starting remote client client_ycsb_a on krisub@node1: ssh -o StrictHostKeyChecking=no -o BatchMode=yes -i /users/krisub/.ssh/id_ed25519 krisub@node1 sh -lc 'exec /mydata/cache_ext/My-YCSB/build/run_net_leveldb /tmp/dual_client_ycsb_a_8jq6c589.yaml'
2026-03-27 10:45:51,525 INFO Starting remote client client_ycsb_d on krisub@node1: ssh -o StrictHostKeyChecking=no -o BatchMode=yes -i /users/krisub/.ssh/id_ed25519 krisub@node1 sh -lc 'exec /mydata/cache_ext/My-YCSB/build/run_net_leveldb /tmp/dual_client_ycsb_d_lv921_66.yaml'
2026-03-27 10:47:29,578 INFO Client client_ycsb_a: throughput=1539.55
2026-03-27 10:47:29,794 INFO Client client_ycsb_d: throughput=1209.53
2026-03-27 10:47:29,794 INFO Dual-client combined throughput: 2749.08 ops/sec
2026-03-27 10:47:30,269 INFO Trace ycsb_a_d run 1: throughput=2749.08 ops/sec
2026-03-27 10:47:30,269 INFO --- Trace 5/7 (ycsb_a_d) run 2/3  [14/21 overall] ---
2026-03-27 10:47:30,269 INFO CMD: sudo sync
2026-03-27 10:47:30,494 INFO CMD: sudo sh -c echo 3 > /proc/sys/vm/drop_caches
2026-03-27 10:47:30,790 INFO Page cache dropped.
2026-03-27 10:47:33,533 INFO Starting remote client client_ycsb_a on krisub@node1: ssh -o StrictHostKeyChecking=no -o BatchMode=yes -i /users/krisub/.ssh/id_ed25519 krisub@node1 sh -lc 'exec /mydata/cache_ext/My-YCSB/build/run_net_leveldb /tmp/dual_client_ycsb_a_dq6zq0u_.yaml'
2026-03-27 10:47:33,788 INFO Starting remote client client_ycsb_d on krisub@node1: ssh -o StrictHostKeyChecking=no -o BatchMode=yes -i /users/krisub/.ssh/id_ed25519 krisub@node1 sh -lc 'exec /mydata/cache_ext/My-YCSB/build/run_net_leveldb /tmp/dual_client_ycsb_d_d_ed7bu6.yaml'
2026-03-27 10:49:11,789 INFO Client client_ycsb_a: throughput=1610.23
2026-03-27 10:49:12,105 INFO Client client_ycsb_d: throughput=1552.49
2026-03-27 10:49:12,105 INFO Dual-client combined throughput: 3162.72 ops/sec
2026-03-27 10:49:12,593 INFO Trace ycsb_a_d run 2: throughput=3162.72 ops/sec
2026-03-27 10:49:12,593 INFO --- Trace 5/7 (ycsb_a_d) run 3/3  [15/21 overall] ---
2026-03-27 10:49:12,593 INFO CMD: sudo sync
2026-03-27 10:49:12,812 INFO CMD: sudo sh -c echo 3 > /proc/sys/vm/drop_caches
2026-03-27 10:49:13,068 INFO Page cache dropped.
2026-03-27 10:49:15,829 INFO Starting remote client client_ycsb_a on krisub@node1: ssh -o StrictHostKeyChecking=no -o BatchMode=yes -i /users/krisub/.ssh/id_ed25519 krisub@node1 sh -lc 'exec /mydata/cache_ext/My-YCSB/build/run_net_leveldb /tmp/dual_client_ycsb_a__fh5_7g2.yaml'
2026-03-27 10:49:16,077 INFO Starting remote client client_ycsb_d on krisub@node1: ssh -o StrictHostKeyChecking=no -o BatchMode=yes -i /users/krisub/.ssh/id_ed25519 krisub@node1 sh -lc 'exec /mydata/cache_ext/My-YCSB/build/run_net_leveldb /tmp/dual_client_ycsb_d_j1_27vj2.yaml'
2026-03-27 10:50:54,227 INFO Client client_ycsb_a: throughput=1715.51
2026-03-27 10:50:54,443 INFO Client client_ycsb_d: throughput=1714.83
2026-03-27 10:50:54,443 INFO Dual-client combined throughput: 3430.34 ops/sec
2026-03-27 10:50:54,921 INFO Trace ycsb_a_d run 3: throughput=3430.34 ops/sec
2026-03-27 10:50:54,922 INFO Trace ycsb_a_d summary: mean=3114.05 std=343.23 min=2749.08 max=3430.34 (CV=11.0%)
2026-03-27 10:50:54,961 INFO --- Trace 6/7 (ycsb_e_a) run 1/3  [16/21 overall] ---
2026-03-27 10:50:54,961 INFO CMD: sudo sync
2026-03-27 10:50:55,263 INFO CMD: sudo sh -c echo 3 > /proc/sys/vm/drop_caches
2026-03-27 10:50:55,511 INFO Page cache dropped.
2026-03-27 10:50:58,253 INFO Starting remote client client_ycsb_e on krisub@node1: ssh -o StrictHostKeyChecking=no -o BatchMode=yes -i /users/krisub/.ssh/id_ed25519 krisub@node1 sh -lc 'exec /mydata/cache_ext/My-YCSB/build/run_net_leveldb /tmp/dual_client_ycsb_e_cme50gjd.yaml'
2026-03-27 10:50:58,488 INFO Starting remote client client_ycsb_a on krisub@node1: ssh -o StrictHostKeyChecking=no -o BatchMode=yes -i /users/krisub/.ssh/id_ed25519 krisub@node1 sh -lc 'exec /mydata/cache_ext/My-YCSB/build/run_net_leveldb /tmp/dual_client_ycsb_a__jsesq3u.yaml'
2026-03-27 10:52:37,435 INFO Client client_ycsb_e: throughput=76735.52
2026-03-27 10:52:37,436 INFO Client client_ycsb_a: throughput=2222.87
2026-03-27 10:52:37,436 INFO Dual-client combined throughput: 78958.39 ops/sec
2026-03-27 10:52:37,865 INFO Trace ycsb_e_a run 1: throughput=78958.39 ops/sec
2026-03-27 10:52:37,865 INFO --- Trace 6/7 (ycsb_e_a) run 2/3  [17/21 overall] ---
2026-03-27 10:52:37,865 INFO CMD: sudo sync
2026-03-27 10:52:38,065 INFO CMD: sudo sh -c echo 3 > /proc/sys/vm/drop_caches
2026-03-27 10:52:38,292 INFO Page cache dropped.
2026-03-27 10:52:41,053 INFO Starting remote client client_ycsb_e on krisub@node1: ssh -o StrictHostKeyChecking=no -o BatchMode=yes -i /users/krisub/.ssh/id_ed25519 krisub@node1 sh -lc 'exec /mydata/cache_ext/My-YCSB/build/run_net_leveldb /tmp/dual_client_ycsb_e_mcqxflkl.yaml'
2026-03-27 10:52:41,308 INFO Starting remote client client_ycsb_a on krisub@node1: ssh -o StrictHostKeyChecking=no -o BatchMode=yes -i /users/krisub/.ssh/id_ed25519 krisub@node1 sh -lc 'exec /mydata/cache_ext/My-YCSB/build/run_net_leveldb /tmp/dual_client_ycsb_a_cypkfm0l.yaml'
2026-03-27 10:54:20,605 INFO Client client_ycsb_e: throughput=77467.58
2026-03-27 10:54:20,606 INFO Client client_ycsb_a: throughput=2238.81
2026-03-27 10:54:20,606 INFO Dual-client combined throughput: 79706.39 ops/sec
2026-03-27 10:54:21,093 INFO Trace ycsb_e_a run 2: throughput=79706.39 ops/sec
2026-03-27 10:54:21,093 INFO --- Trace 6/7 (ycsb_e_a) run 3/3  [18/21 overall] ---
2026-03-27 10:54:21,093 INFO CMD: sudo sync
2026-03-27 10:54:21,331 INFO CMD: sudo sh -c echo 3 > /proc/sys/vm/drop_caches
2026-03-27 10:54:21,558 INFO Page cache dropped.
2026-03-27 10:54:24,325 INFO Starting remote client client_ycsb_e on krisub@node1: ssh -o StrictHostKeyChecking=no -o BatchMode=yes -i /users/krisub/.ssh/id_ed25519 krisub@node1 sh -lc 'exec /mydata/cache_ext/My-YCSB/build/run_net_leveldb /tmp/dual_client_ycsb_e_vq_87rvi.yaml'
2026-03-27 10:54:24,593 INFO Starting remote client client_ycsb_a on krisub@node1: ssh -o StrictHostKeyChecking=no -o BatchMode=yes -i /users/krisub/.ssh/id_ed25519 krisub@node1 sh -lc 'exec /mydata/cache_ext/My-YCSB/build/run_net_leveldb /tmp/dual_client_ycsb_a_v8zlq2y5.yaml'
2026-03-27 10:56:03,739 INFO Client client_ycsb_e: throughput=77974.80
2026-03-27 10:56:03,741 INFO Client client_ycsb_a: throughput=2251.87
2026-03-27 10:56:03,741 INFO Dual-client combined throughput: 80226.67 ops/sec
2026-03-27 10:56:04,209 INFO Trace ycsb_e_a run 3: throughput=80226.67 ops/sec
2026-03-27 10:56:04,210 INFO Trace ycsb_e_a summary: mean=79630.48 std=637.54 min=78958.39 max=80226.67 (CV=0.8%)
2026-03-27 10:56:04,251 INFO --- Trace 7/7 (ycsb_e_f) run 1/3  [19/21 overall] ---
2026-03-27 10:56:04,252 INFO CMD: sudo sync
2026-03-27 10:56:04,459 INFO CMD: sudo sh -c echo 3 > /proc/sys/vm/drop_caches
2026-03-27 10:56:04,658 INFO Page cache dropped.
2026-03-27 10:56:07,346 INFO Starting remote client client_ycsb_e on krisub@node1: ssh -o StrictHostKeyChecking=no -o BatchMode=yes -i /users/krisub/.ssh/id_ed25519 krisub@node1 sh -lc 'exec /mydata/cache_ext/My-YCSB/build/run_net_leveldb /tmp/dual_client_ycsb_e_tnr5v_fd.yaml'
2026-03-27 10:56:07,601 INFO Starting remote client client_ycsb_f on krisub@node1: ssh -o StrictHostKeyChecking=no -o BatchMode=yes -i /users/krisub/.ssh/id_ed25519 krisub@node1 sh -lc 'exec /mydata/cache_ext/My-YCSB/build/run_net_leveldb /tmp/dual_client_ycsb_f_8tpi7w3v.yaml'
2026-03-27 10:57:46,749 INFO Client client_ycsb_e: throughput=79503.79
2026-03-27 10:57:46,751 INFO Client client_ycsb_f: throughput=263.11
2026-03-27 10:57:46,751 INFO Dual-client combined throughput: 79766.90 ops/sec
2026-03-27 10:57:47,225 INFO Trace ycsb_e_f run 1: throughput=79766.90 ops/sec
2026-03-27 10:57:47,225 INFO --- Trace 7/7 (ycsb_e_f) run 2/3  [20/21 overall] ---
2026-03-27 10:57:47,225 INFO CMD: sudo sync
2026-03-27 10:57:47,394 INFO CMD: sudo sh -c echo 3 > /proc/sys/vm/drop_caches
2026-03-27 10:57:47,679 INFO Page cache dropped.
2026-03-27 10:57:50,409 INFO Starting remote client client_ycsb_e on krisub@node1: ssh -o StrictHostKeyChecking=no -o BatchMode=yes -i /users/krisub/.ssh/id_ed25519 krisub@node1 sh -lc 'exec /mydata/cache_ext/My-YCSB/build/run_net_leveldb /tmp/dual_client_ycsb_e_86gp755d.yaml'
2026-03-27 10:57:50,665 INFO Starting remote client client_ycsb_f on krisub@node1: ssh -o StrictHostKeyChecking=no -o BatchMode=yes -i /users/krisub/.ssh/id_ed25519 krisub@node1 sh -lc 'exec /mydata/cache_ext/My-YCSB/build/run_net_leveldb /tmp/dual_client_ycsb_f_ijgasky7.yaml'
2026-03-27 10:59:29,813 INFO Client client_ycsb_e: throughput=78686.13
2026-03-27 10:59:29,815 INFO Client client_ycsb_f: throughput=246.17
2026-03-27 10:59:29,815 INFO Dual-client combined throughput: 78932.30 ops/sec
2026-03-27 10:59:30,261 INFO Trace ycsb_e_f run 2: throughput=78932.30 ops/sec
2026-03-27 10:59:30,261 INFO --- Trace 7/7 (ycsb_e_f) run 3/3  [21/21 overall] ---
2026-03-27 10:59:30,262 INFO CMD: sudo sync
2026-03-27 10:59:30,501 INFO CMD: sudo sh -c echo 3 > /proc/sys/vm/drop_caches
2026-03-27 10:59:30,819 INFO Page cache dropped.
2026-03-27 10:59:33,465 INFO Starting remote client client_ycsb_e on krisub@node1: ssh -o StrictHostKeyChecking=no -o BatchMode=yes -i /users/krisub/.ssh/id_ed25519 krisub@node1 sh -lc 'exec /mydata/cache_ext/My-YCSB/build/run_net_leveldb /tmp/dual_client_ycsb_e_1jmyvtz2.yaml'
2026-03-27 10:59:33,728 INFO Starting remote client client_ycsb_f on krisub@node1: ssh -o StrictHostKeyChecking=no -o BatchMode=yes -i /users/krisub/.ssh/id_ed25519 krisub@node1 sh -lc 'exec /mydata/cache_ext/My-YCSB/build/run_net_leveldb /tmp/dual_client_ycsb_f_dtvdfsq7.yaml'
2026-03-27 11:01:12,776 INFO Client client_ycsb_e: throughput=79677.53
2026-03-27 11:01:12,777 INFO Client client_ycsb_f: throughput=257.32
2026-03-27 11:01:12,777 INFO Dual-client combined throughput: 79934.85 ops/sec
2026-03-27 11:01:13,257 INFO Trace ycsb_e_f run 3: throughput=79934.85 ops/sec
2026-03-27 11:01:13,258 INFO Trace ycsb_e_f summary: mean=79544.68 std=536.95 min=78932.30 max=79934.85 (CV=0.7%)
2026-03-27 11:01:13,269 INFO === Evaluation complete (3 runs per trace) ===
2026-03-27 11:01:13,270 INFO Combined score (harmonic mean of means): 3561.49  (7/7 traces passed)
2026-03-27 11:01:13,270 INFO   ycsb_c_a: mean=3120.62 std=146.92 [2951.63 .. 3218.03]
2026-03-27 11:01:13,270 INFO   ycsb_c_e: mean=78889.58 std=212.29 [78644.93 .. 79025.15]
2026-03-27 11:01:13,270 INFO   ycsb_c_f: mean=1058.68 std=64.51 [984.57 .. 1102.26]
2026-03-27 11:01:13,270 INFO   ycsb_b_a: mean=2928.12 std=152.78 [2756.84 .. 3050.36]
2026-03-27 11:01:13,270 INFO   ycsb_a_d: mean=3114.05 std=343.23 [2749.08 .. 3430.34]
2026-03-27 11:01:13,270 INFO   ycsb_e_a: mean=79630.48 std=637.54 [78958.39 .. 80226.67]
2026-03-27 11:01:13,270 INFO   ycsb_e_f: mean=79544.68 std=536.95 [78932.30 .. 79934.85]
2026-03-27 11:01:13,270 INFO Stopping net_leveldb_server (PID 656133)
2026-03-27 11:01:13,270 INFO CMD: sudo kill 656133
2026-03-27 11:01:13,423 INFO Unloading BPF policy (PID 656130)
2026-03-27 11:01:13,423 INFO CMD: sudo kill -2 656130
2026-03-27 11:01:13,755 INFO CMD: sudo rm -f /sys/fs/bpf/cache_ext/scan_pids
2026-03-27 11:01:13,843 INFO CMD: sudo sh -c echo 0x0007 > /sys/kernel/mm/lru_gen/enabled
2026-03-27 11:01:13,912 INFO MGLRU re-enabled (restored to 0x0007).
2026-03-27 11:01:13,912 INFO MGLRU watchdog stopped (PID 656109)
