2026-03-11 12:57:48,155 INFO Waiting for evaluation lock /tmp/cache_ext_evaluate.lock ...
2026-03-11 13:02:40,317 INFO Acquired evaluation lock.
2026-03-11 13:02:40,317 INFO === Step 0: Drop page cache ===
2026-03-11 13:02:40,318 INFO Database already exists at /mydata/leveldb_temp (CURRENT file found), skipping rsync
2026-03-11 13:02:40,318 INFO CMD: sudo sync
2026-03-11 13:02:40,471 INFO CMD: sudo sh -c echo 3 > /proc/sys/vm/drop_caches
2026-03-11 13:02:40,762 INFO Page cache dropped.
2026-03-11 13:02:40,762 INFO === Step 1: Compile evolved policy ===
2026-03-11 13:02:40,767 INFO CMD: sudo chown -R root: /mydata/cache_ext/eviction_evo/build
2026-03-11 13:02:41,075 INFO CMD: clang-14 -O2 -target bpf -D__TARGET_ARCH_x86 -c -g -Wall -idirafter /usr/lib/llvm-14/lib/clang/14.0.0/include -idirafter /usr/local/include -idirafter /usr/include/x86_64-linux-gnu -idirafter /usr/include /mydata/cache_ext/eviction_evo/build/cache_ext_evolved.bpf.c -o /mydata/cache_ext/eviction_evo/build/cache_ext_evolved.bpf.o
2026-03-11 13:02:43,977 INFO CMD: /usr/local/sbin/bpftool gen skeleton /mydata/cache_ext/eviction_evo/build/cache_ext_evolved.bpf.o name cache_ext_evolved_bpf
2026-03-11 13:02:44,172 INFO CMD: clang-14 -O2 -g -Wall -I/mydata/cache_ext/eviction_evo/build -I/mydata/cache_ext/policies /mydata/cache_ext/eviction_evo/cache_ext_evolved.c -o /mydata/cache_ext/eviction_evo/build/cache_ext_evolved.out -L/usr/local/lib64 -lbpf
2026-03-11 13:02:45,073 INFO Compilation successful: /mydata/cache_ext/eviction_evo/build/cache_ext_evolved.out
2026-03-11 13:02:45,073 INFO === Step 2: Disable MGLRU ===
2026-03-11 13:02:45,073 INFO MGLRU current state: 0x0007 — disabling
2026-03-11 13:02:45,073 INFO CMD: sudo sh -c echo 0 > /sys/kernel/mm/lru_gen/enabled
2026-03-11 13:02:45,158 INFO MGLRU disabled.
2026-03-11 13:02:45,158 INFO === Step 3: Create cgroup ===
2026-03-11 13:02:45,158 INFO CMD: sudo cgdelete memory:cache_ext_test
2026-03-11 13:02:45,184 INFO CMD: sudo cgcreate -g memory:cache_ext_test
2026-03-11 13:02:45,287 INFO CMD: sudo sh -c echo 536870912 > /sys/fs/cgroup/cache_ext_test/memory.max
2026-03-11 13:02:45,301 INFO Created cgroup cache_ext_test with limit 536870912 bytes
2026-03-11 13:02:45,301 INFO === Step 4: Load BPF policy ===
2026-03-11 13:02:45,301 INFO Loading policy: sudo /mydata/cache_ext/eviction_evo/build/cache_ext_evolved.out --watch_dir /mydata/leveldb_temp --cgroup_path /sys/fs/cgroup/cache_ext_test
2026-03-11 13:02:55,312 INFO Policy loaded (PID 33973)
2026-03-11 13:02:55,313 INFO === Step 5: Start server ===
2026-03-11 13:02:55,313 INFO Starting server: sudo cgexec -g memory:cache_ext_test /mydata/cache_ext/net_leveldb_server 9100 /mydata/leveldb_temp
2026-03-11 13:02:55,314 INFO Waiting for server on port 9100 ...
2026-03-11 13:02:56,385 INFO Server ready (PID 33991) on port 9100
2026-03-11 13:02:56,385 INFO === Step 6: Run 2 trace benchmarks ===
2026-03-11 13:02:56,385 INFO --- Trace 1/2: dual_small_vs_large ---
2026-03-11 13:02:57,070 INFO Starting remote client reader_fast on krisub@node1: ssh -o StrictHostKeyChecking=no -o BatchMode=yes -i /users/krisub/.ssh/id_ed25519 krisub@node1 sh -lc 'if command -v cgexec >/dev/null 2>&1; then cgexec -g memory:cache_ext_remote_clients /mydata/cache_ext/My-YCSB/build/run_net_leveldb /tmp/dual_reader_fast_s_sux5_0.yaml && exit 0; fi; exec /mydata/cache_ext/My-YCSB/build/run_net_leveldb /tmp/dual_reader_fast_s_sux5_0.yaml'
2026-03-11 13:02:57,313 INFO Starting remote client writer_slow on krisub@node1: ssh -o StrictHostKeyChecking=no -o BatchMode=yes -i /users/krisub/.ssh/id_ed25519 krisub@node1 sh -lc 'if command -v cgexec >/dev/null 2>&1; then cgexec -g memory:cache_ext_remote_clients /mydata/cache_ext/My-YCSB/build/run_net_leveldb /tmp/dual_writer_slow_njm18w8l.yaml && exit 0; fi; exec /mydata/cache_ext/My-YCSB/build/run_net_leveldb /tmp/dual_writer_slow_njm18w8l.yaml'
2026-03-11 13:05:55,692 INFO Client reader_fast: throughput=1072.96
2026-03-11 13:06:00,562 INFO Client writer_slow: throughput=433.44
2026-03-11 13:06:00,562 INFO Dual-client combined throughput: 1506.40 ops/sec
2026-03-11 13:06:01,027 INFO Trace dual_small_vs_large: throughput=1506.40 ops/sec
2026-03-11 13:06:01,027 INFO --- Trace 2/2: dual_congested ---
2026-03-11 13:06:01,027 INFO CMD: sudo sync
2026-03-11 13:06:01,138 INFO CMD: sudo sh -c echo 3 > /proc/sys/vm/drop_caches
2026-03-11 13:06:01,439 INFO Page cache dropped.
2026-03-11 13:06:04,235 INFO Starting remote client wan_reader on krisub@node1: ssh -o StrictHostKeyChecking=no -o BatchMode=yes -i /users/krisub/.ssh/id_ed25519 krisub@node1 sh -lc 'if command -v cgexec >/dev/null 2>&1; then cgexec -g memory:cache_ext_remote_clients /mydata/cache_ext/My-YCSB/build/run_net_leveldb /tmp/dual_wan_reader_8xciiqxw.yaml && exit 0; fi; exec /mydata/cache_ext/My-YCSB/build/run_net_leveldb /tmp/dual_wan_reader_8xciiqxw.yaml'
2026-03-11 13:06:04,491 INFO Starting remote client wan_writer on krisub@node1: ssh -o StrictHostKeyChecking=no -o BatchMode=yes -i /users/krisub/.ssh/id_ed25519 krisub@node1 sh -lc 'if command -v cgexec >/dev/null 2>&1; then cgexec -g memory:cache_ext_remote_clients /mydata/cache_ext/My-YCSB/build/run_net_leveldb /tmp/dual_wan_writer_xvk8tqme.yaml && exit 0; fi; exec /mydata/cache_ext/My-YCSB/build/run_net_leveldb /tmp/dual_wan_writer_xvk8tqme.yaml'
2026-03-11 13:09:02,358 INFO Client wan_reader: throughput=1369.10
2026-03-11 13:09:02,686 INFO Client wan_writer: throughput=1628.28
2026-03-11 13:09:02,686 INFO Dual-client combined throughput: 2997.38 ops/sec
2026-03-11 13:09:03,143 INFO Trace dual_congested: throughput=2997.38 ops/sec
2026-03-11 13:09:03,172 INFO === Evaluation complete ===
2026-03-11 13:09:03,172 INFO Combined score (harmonic mean): 2005.09  (2/2 traces passed)
2026-03-11 13:09:03,172 INFO   dual_small_vs_large: 1506.40 ops/sec
2026-03-11 13:09:03,172 INFO   dual_congested: 2997.38 ops/sec
2026-03-11 13:09:03,172 INFO Stopping net_leveldb_server (PID 33991)
2026-03-11 13:09:03,172 INFO CMD: sudo kill 33991
2026-03-11 13:09:03,284 INFO Unloading BPF policy (PID 33973)
2026-03-11 13:09:03,284 INFO CMD: sudo kill -2 33973
2026-03-11 13:09:03,565 INFO CMD: sudo rm -f /sys/fs/bpf/cache_ext/scan_pids
2026-03-11 13:09:03,590 INFO CMD: sudo cgdelete memory:cache_ext_test
2026-03-11 13:09:03,619 INFO CMD: sudo sh -c echo 0x0007 > /sys/kernel/mm/lru_gen/enabled
2026-03-11 13:09:03,719 INFO MGLRU re-enabled (restored to 0x0007).
