2026-03-26 06:45:26,447 INFO Waiting for evaluation lock /tmp/cache_ext_evaluate_0.lock ...
2026-03-26 07:21:07,501 INFO Acquired evaluation lock.
2026-03-26 07:21:07,544 INFO === Step 0: Drop page cache ===
2026-03-26 07:21:07,545 INFO Database already exists at /mydata/leveldb_temp (CURRENT file found), skipping copy
2026-03-26 07:21:07,545 INFO CMD: sudo sync
2026-03-26 07:21:07,727 INFO CMD: sudo sh -c echo 3 > /proc/sys/vm/drop_caches
2026-03-26 07:21:07,949 INFO Page cache dropped.
2026-03-26 07:21:07,949 INFO === Step 1: Compile evolved policy ===
2026-03-26 07:21:07,965 INFO CMD: sudo chown -R root: /mydata/cache_ext/eviction_evo/build
2026-03-26 07:21:08,251 INFO CMD: clang-14 -O2 -target bpf -D__TARGET_ARCH_x86 -c -g -Wall -idirafter /usr/lib/llvm-14/lib/clang/14.0.0/include -idirafter /usr/local/include -idirafter /usr/include/x86_64-linux-gnu -idirafter /usr/include /mydata/cache_ext/eviction_evo/build/cache_ext_evolved.bpf.c -o /mydata/cache_ext/eviction_evo/build/cache_ext_evolved.bpf.o
2026-03-26 07:21:11,063 INFO CMD: /usr/local/sbin/bpftool gen skeleton /mydata/cache_ext/eviction_evo/build/cache_ext_evolved.bpf.o name cache_ext_evolved_bpf
2026-03-26 07:21:11,236 INFO CMD: clang-14 -O2 -g -Wall -I/mydata/cache_ext/eviction_evo/build -I/mydata/cache_ext/policies /mydata/cache_ext/eviction_evo/cache_ext_evolved.c -o /mydata/cache_ext/eviction_evo/build/cache_ext_evolved.out -L/usr/local/lib64 -lbpf
2026-03-26 07:21:12,120 INFO Compilation successful: /mydata/cache_ext/eviction_evo/build/cache_ext_evolved.out
2026-03-26 07:21:12,121 INFO === Step 2: Disable MGLRU ===
2026-03-26 07:21:12,122 INFO MGLRU watchdog started (PID 480058, will restore in 7800 s)
2026-03-26 07:21:12,122 INFO MGLRU current state: 0x0007 - disabling
2026-03-26 07:21:12,122 INFO CMD: sudo sh -c echo 0 > /sys/kernel/mm/lru_gen/enabled
2026-03-26 07:21:12,173 INFO MGLRU disabled.
2026-03-26 07:21:12,173 INFO === Step 3: Create cgroup ===
2026-03-26 07:21:12,252 INFO CMD: sudo cgcreate -g memory:cache_ext_test
2026-03-26 07:21:12,367 INFO CMD: sudo sh -c echo 536870912 > /sys/fs/cgroup/cache_ext_test/memory.max
2026-03-26 07:21:12,383 INFO Created cgroup cache_ext_test with limit 536870912 bytes
2026-03-26 07:21:12,383 INFO === Step 4: Load BPF policy ===
2026-03-26 07:21:12,383 INFO Loading policy: sudo /mydata/cache_ext/eviction_evo/build/cache_ext_evolved.out --watch_dir /mydata/leveldb_temp --cgroup_path /sys/fs/cgroup/cache_ext_test
2026-03-26 07:21:22,394 INFO Policy loaded (PID 480079)
2026-03-26 07:21:22,394 INFO === Step 5: Start server ===
2026-03-26 07:21:22,394 INFO Starting server: sudo cgexec -g memory:cache_ext_test /mydata/cache_ext/net_leveldb_server 9100 /mydata/leveldb_temp
2026-03-26 07:21:22,395 INFO Waiting for server on port 9100 ...
2026-03-26 07:21:23,453 INFO Server ready (PID 480084) on port 9100
2026-03-26 07:21:23,453 INFO === Step 6: Run 7 traces x 3 runs = 21 total benchmarks ===
2026-03-26 07:21:23,485 INFO --- Trace 1/7 (ycsb_c_a) run 1/3  [1/21 overall] ---
2026-03-26 07:21:23,485 INFO CMD: sudo sync
2026-03-26 07:21:23,610 INFO CMD: sudo sh -c echo 3 > /proc/sys/vm/drop_caches
2026-03-26 07:21:23,868 INFO Page cache dropped.
2026-03-26 07:21:26,680 INFO Starting remote client client_ycsb_c on krisub@node1: ssh -o StrictHostKeyChecking=no -o BatchMode=yes -i /users/krisub/.ssh/id_ed25519 krisub@node1 sh -lc 'exec /mydata/cache_ext/My-YCSB/build/run_net_leveldb /tmp/dual_client_ycsb_c_dst4jq21.yaml'
2026-03-26 07:21:26,940 INFO Starting remote client client_ycsb_a on krisub@node1: ssh -o StrictHostKeyChecking=no -o BatchMode=yes -i /users/krisub/.ssh/id_ed25519 krisub@node1 sh -lc 'exec /mydata/cache_ext/My-YCSB/build/run_net_leveldb /tmp/dual_client_ycsb_a_cz7zn5j8.yaml'
2026-03-26 07:23:05,064 INFO Client client_ycsb_c: throughput=1304.95
2026-03-26 07:23:05,380 INFO Client client_ycsb_a: throughput=2570.73
2026-03-26 07:23:05,380 INFO Dual-client combined throughput: 3875.68 ops/sec
2026-03-26 07:23:05,849 INFO Trace ycsb_c_a run 1: throughput=3875.68 ops/sec
2026-03-26 07:23:05,849 INFO --- Trace 1/7 (ycsb_c_a) run 2/3  [2/21 overall] ---
2026-03-26 07:23:05,849 INFO CMD: sudo sync
2026-03-26 07:23:06,091 INFO CMD: sudo sh -c echo 3 > /proc/sys/vm/drop_caches
2026-03-26 07:23:06,414 INFO Page cache dropped.
2026-03-26 07:23:09,237 INFO Starting remote client client_ycsb_c on krisub@node1: ssh -o StrictHostKeyChecking=no -o BatchMode=yes -i /users/krisub/.ssh/id_ed25519 krisub@node1 sh -lc 'exec /mydata/cache_ext/My-YCSB/build/run_net_leveldb /tmp/dual_client_ycsb_c_cf75wycx.yaml'
2026-03-26 07:23:09,485 INFO Starting remote client client_ycsb_a on krisub@node1: ssh -o StrictHostKeyChecking=no -o BatchMode=yes -i /users/krisub/.ssh/id_ed25519 krisub@node1 sh -lc 'exec /mydata/cache_ext/My-YCSB/build/run_net_leveldb /tmp/dual_client_ycsb_a_8hp21_ay.yaml'
2026-03-26 07:24:47,611 INFO Client client_ycsb_c: throughput=1437.30
2026-03-26 07:24:47,776 INFO Client client_ycsb_a: throughput=2822.32
2026-03-26 07:24:47,777 INFO Dual-client combined throughput: 4259.62 ops/sec
2026-03-26 07:24:48,246 INFO Trace ycsb_c_a run 2: throughput=4259.62 ops/sec
2026-03-26 07:24:48,246 INFO --- Trace 1/7 (ycsb_c_a) run 3/3  [3/21 overall] ---
2026-03-26 07:24:48,246 INFO CMD: sudo sync
2026-03-26 07:24:48,453 INFO CMD: sudo sh -c echo 3 > /proc/sys/vm/drop_caches
2026-03-26 07:24:48,766 INFO Page cache dropped.
2026-03-26 07:24:51,497 INFO Starting remote client client_ycsb_c on krisub@node1: ssh -o StrictHostKeyChecking=no -o BatchMode=yes -i /users/krisub/.ssh/id_ed25519 krisub@node1 sh -lc 'exec /mydata/cache_ext/My-YCSB/build/run_net_leveldb /tmp/dual_client_ycsb_c_dgn0bnro.yaml'
2026-03-26 07:24:51,741 INFO Starting remote client client_ycsb_a on krisub@node1: ssh -o StrictHostKeyChecking=no -o BatchMode=yes -i /users/krisub/.ssh/id_ed25519 krisub@node1 sh -lc 'exec /mydata/cache_ext/My-YCSB/build/run_net_leveldb /tmp/dual_client_ycsb_a_mrltj7m9.yaml'
2026-03-26 07:26:29,713 INFO Client client_ycsb_c: throughput=1364.68
2026-03-26 07:26:30,029 INFO Client client_ycsb_a: throughput=2723.07
2026-03-26 07:26:30,029 INFO Dual-client combined throughput: 4087.75 ops/sec
2026-03-26 07:26:30,501 INFO Trace ycsb_c_a run 3: throughput=4087.75 ops/sec
2026-03-26 07:26:30,501 INFO Trace ycsb_c_a summary: mean=4074.35 std=192.32 min=3875.68 max=4259.62 (CV=4.7%)
2026-03-26 07:26:30,539 INFO --- Trace 2/7 (ycsb_c_e) run 1/3  [4/21 overall] ---
2026-03-26 07:26:30,539 INFO CMD: sudo sync
2026-03-26 07:26:30,755 INFO CMD: sudo sh -c echo 3 > /proc/sys/vm/drop_caches
2026-03-26 07:26:31,050 INFO Page cache dropped.
2026-03-26 07:26:33,810 INFO Starting remote client client_ycsb_c on krisub@node1: ssh -o StrictHostKeyChecking=no -o BatchMode=yes -i /users/krisub/.ssh/id_ed25519 krisub@node1 sh -lc 'exec /mydata/cache_ext/My-YCSB/build/run_net_leveldb /tmp/dual_client_ycsb_c_q6_r2h9_.yaml'
2026-03-26 07:26:34,056 INFO Starting remote client client_ycsb_e on krisub@node1: ssh -o StrictHostKeyChecking=no -o BatchMode=yes -i /users/krisub/.ssh/id_ed25519 krisub@node1 sh -lc 'exec /mydata/cache_ext/My-YCSB/build/run_net_leveldb /tmp/dual_client_ycsb_e_4q63ny4u.yaml'
2026-03-26 07:28:12,134 INFO Client client_ycsb_c: throughput=1968.57
2026-03-26 07:28:13,453 INFO Client client_ycsb_e: throughput=74026.07
2026-03-26 07:28:13,453 INFO Dual-client combined throughput: 75994.64 ops/sec
2026-03-26 07:28:13,921 INFO Trace ycsb_c_e run 1: throughput=75994.64 ops/sec
2026-03-26 07:28:13,921 INFO --- Trace 2/7 (ycsb_c_e) run 2/3  [5/21 overall] ---
2026-03-26 07:28:13,921 INFO CMD: sudo sync
2026-03-26 07:28:14,174 INFO CMD: sudo sh -c echo 3 > /proc/sys/vm/drop_caches
2026-03-26 07:28:14,430 INFO Page cache dropped.
2026-03-26 07:28:17,045 INFO Starting remote client client_ycsb_c on krisub@node1: ssh -o StrictHostKeyChecking=no -o BatchMode=yes -i /users/krisub/.ssh/id_ed25519 krisub@node1 sh -lc 'exec /mydata/cache_ext/My-YCSB/build/run_net_leveldb /tmp/dual_client_ycsb_c_rvm6rdck.yaml'
2026-03-26 07:28:17,313 INFO Starting remote client client_ycsb_e on krisub@node1: ssh -o StrictHostKeyChecking=no -o BatchMode=yes -i /users/krisub/.ssh/id_ed25519 krisub@node1 sh -lc 'exec /mydata/cache_ext/My-YCSB/build/run_net_leveldb /tmp/dual_client_ycsb_e_r7sdsby_.yaml'
2026-03-26 07:29:55,334 INFO Client client_ycsb_c: throughput=1917.48
2026-03-26 07:29:56,754 INFO Client client_ycsb_e: throughput=75678.41
2026-03-26 07:29:56,755 INFO Dual-client combined throughput: 77595.89 ops/sec
2026-03-26 07:29:57,233 INFO Trace ycsb_c_e run 2: throughput=77595.89 ops/sec
2026-03-26 07:29:57,233 INFO --- Trace 2/7 (ycsb_c_e) run 3/3  [6/21 overall] ---
2026-03-26 07:29:57,233 INFO CMD: sudo sync
2026-03-26 07:29:57,437 INFO CMD: sudo sh -c echo 3 > /proc/sys/vm/drop_caches
2026-03-26 07:29:57,668 INFO Page cache dropped.
2026-03-26 07:30:00,405 INFO Starting remote client client_ycsb_c on krisub@node1: ssh -o StrictHostKeyChecking=no -o BatchMode=yes -i /users/krisub/.ssh/id_ed25519 krisub@node1 sh -lc 'exec /mydata/cache_ext/My-YCSB/build/run_net_leveldb /tmp/dual_client_ycsb_c_gu4bfyi1.yaml'
2026-03-26 07:30:00,662 INFO Starting remote client client_ycsb_e on krisub@node1: ssh -o StrictHostKeyChecking=no -o BatchMode=yes -i /users/krisub/.ssh/id_ed25519 krisub@node1 sh -lc 'exec /mydata/cache_ext/My-YCSB/build/run_net_leveldb /tmp/dual_client_ycsb_e_898ma6u1.yaml'
2026-03-26 07:31:38,703 INFO Client client_ycsb_c: throughput=1967.22
2026-03-26 07:31:39,871 INFO Client client_ycsb_e: throughput=77050.56
2026-03-26 07:31:39,871 INFO Dual-client combined throughput: 79017.78 ops/sec
2026-03-26 07:31:40,329 INFO Trace ycsb_c_e run 3: throughput=79017.78 ops/sec
2026-03-26 07:31:40,330 INFO Trace ycsb_c_e summary: mean=77536.10 std=1512.46 min=75994.64 max=79017.78 (CV=2.0%)
2026-03-26 07:31:40,364 INFO --- Trace 3/7 (ycsb_c_f) run 1/3  [7/21 overall] ---
2026-03-26 07:31:40,365 INFO CMD: sudo sync
2026-03-26 07:31:40,590 INFO CMD: sudo sh -c echo 3 > /proc/sys/vm/drop_caches
2026-03-26 07:31:40,877 INFO Page cache dropped.
2026-03-26 07:31:43,641 INFO Starting remote client client_ycsb_c on krisub@node1: ssh -o StrictHostKeyChecking=no -o BatchMode=yes -i /users/krisub/.ssh/id_ed25519 krisub@node1 sh -lc 'exec /mydata/cache_ext/My-YCSB/build/run_net_leveldb /tmp/dual_client_ycsb_c_0ez__57p.yaml'
2026-03-26 07:31:43,899 INFO Starting remote client client_ycsb_f on krisub@node1: ssh -o StrictHostKeyChecking=no -o BatchMode=yes -i /users/krisub/.ssh/id_ed25519 krisub@node1 sh -lc 'exec /mydata/cache_ext/My-YCSB/build/run_net_leveldb /tmp/dual_client_ycsb_f_9l5h2_r7.yaml'
2026-03-26 07:33:21,847 INFO Client client_ycsb_c: throughput=1548.44
2026-03-26 07:33:22,263 INFO Client client_ycsb_f: throughput=180.07
2026-03-26 07:33:22,263 INFO Dual-client combined throughput: 1728.51 ops/sec
2026-03-26 07:33:22,737 INFO Trace ycsb_c_f run 1: throughput=1728.51 ops/sec
2026-03-26 07:33:22,737 INFO --- Trace 3/7 (ycsb_c_f) run 2/3  [8/21 overall] ---
2026-03-26 07:33:22,737 INFO CMD: sudo sync
2026-03-26 07:33:22,944 INFO CMD: sudo sh -c echo 3 > /proc/sys/vm/drop_caches
2026-03-26 07:33:23,257 INFO Page cache dropped.
2026-03-26 07:33:26,037 INFO Starting remote client client_ycsb_c on krisub@node1: ssh -o StrictHostKeyChecking=no -o BatchMode=yes -i /users/krisub/.ssh/id_ed25519 krisub@node1 sh -lc 'exec /mydata/cache_ext/My-YCSB/build/run_net_leveldb /tmp/dual_client_ycsb_c_zflvtiju.yaml'
2026-03-26 07:33:26,277 INFO Starting remote client client_ycsb_f on krisub@node1: ssh -o StrictHostKeyChecking=no -o BatchMode=yes -i /users/krisub/.ssh/id_ed25519 krisub@node1 sh -lc 'exec /mydata/cache_ext/My-YCSB/build/run_net_leveldb /tmp/dual_client_ycsb_f_wbthtzni.yaml'
2026-03-26 07:35:04,175 INFO Client client_ycsb_c: throughput=1544.07
2026-03-26 07:35:04,541 INFO Client client_ycsb_f: throughput=185.22
2026-03-26 07:35:04,541 INFO Dual-client combined throughput: 1729.29 ops/sec
2026-03-26 07:35:05,013 INFO Trace ycsb_c_f run 2: throughput=1729.29 ops/sec
2026-03-26 07:35:05,014 INFO --- Trace 3/7 (ycsb_c_f) run 3/3  [9/21 overall] ---
2026-03-26 07:35:05,014 INFO CMD: sudo sync
2026-03-26 07:35:05,198 INFO CMD: sudo sh -c echo 3 > /proc/sys/vm/drop_caches
2026-03-26 07:35:05,489 INFO Page cache dropped.
2026-03-26 07:35:08,150 INFO Starting remote client client_ycsb_c on krisub@node1: ssh -o StrictHostKeyChecking=no -o BatchMode=yes -i /users/krisub/.ssh/id_ed25519 krisub@node1 sh -lc 'exec /mydata/cache_ext/My-YCSB/build/run_net_leveldb /tmp/dual_client_ycsb_c_s4_dj9o6.yaml'
2026-03-26 07:35:08,397 INFO Starting remote client client_ycsb_f on krisub@node1: ssh -o StrictHostKeyChecking=no -o BatchMode=yes -i /users/krisub/.ssh/id_ed25519 krisub@node1 sh -lc 'exec /mydata/cache_ext/My-YCSB/build/run_net_leveldb /tmp/dual_client_ycsb_f_a1qaqu1w.yaml'
2026-03-26 07:36:46,395 INFO Client client_ycsb_c: throughput=1459.28
2026-03-26 07:36:46,610 INFO Client client_ycsb_f: throughput=183.11
2026-03-26 07:36:46,610 INFO Dual-client combined throughput: 1642.39 ops/sec
2026-03-26 07:36:47,077 INFO Trace ycsb_c_f run 3: throughput=1642.39 ops/sec
2026-03-26 07:36:47,077 INFO Trace ycsb_c_f summary: mean=1700.06 std=49.95 min=1642.39 max=1729.29 (CV=2.9%)
2026-03-26 07:36:47,113 INFO --- Trace 4/7 (ycsb_b_a) run 1/3  [10/21 overall] ---
2026-03-26 07:36:47,113 INFO CMD: sudo sync
2026-03-26 07:36:47,311 INFO CMD: sudo sh -c echo 3 > /proc/sys/vm/drop_caches
2026-03-26 07:36:47,601 INFO Page cache dropped.
2026-03-26 07:36:50,329 INFO Starting remote client client_ycsb_b on krisub@node1: ssh -o StrictHostKeyChecking=no -o BatchMode=yes -i /users/krisub/.ssh/id_ed25519 krisub@node1 sh -lc 'exec /mydata/cache_ext/My-YCSB/build/run_net_leveldb /tmp/dual_client_ycsb_b_5zz8t4bs.yaml'
2026-03-26 07:36:50,576 INFO Starting remote client client_ycsb_a on krisub@node1: ssh -o StrictHostKeyChecking=no -o BatchMode=yes -i /users/krisub/.ssh/id_ed25519 krisub@node1 sh -lc 'exec /mydata/cache_ext/My-YCSB/build/run_net_leveldb /tmp/dual_client_ycsb_a_2ncfr5u0.yaml'
2026-03-26 07:38:28,674 INFO Client client_ycsb_b: throughput=1598.00
2026-03-26 07:38:28,990 INFO Client client_ycsb_a: throughput=3119.56
2026-03-26 07:38:28,990 INFO Dual-client combined throughput: 4717.56 ops/sec
2026-03-26 07:38:29,446 INFO Trace ycsb_b_a run 1: throughput=4717.56 ops/sec
2026-03-26 07:38:29,446 INFO --- Trace 4/7 (ycsb_b_a) run 2/3  [11/21 overall] ---
2026-03-26 07:38:29,446 INFO CMD: sudo sync
2026-03-26 07:38:29,673 INFO CMD: sudo sh -c echo 3 > /proc/sys/vm/drop_caches
2026-03-26 07:38:29,970 INFO Page cache dropped.
2026-03-26 07:38:32,701 INFO Starting remote client client_ycsb_b on krisub@node1: ssh -o StrictHostKeyChecking=no -o BatchMode=yes -i /users/krisub/.ssh/id_ed25519 krisub@node1 sh -lc 'exec /mydata/cache_ext/My-YCSB/build/run_net_leveldb /tmp/dual_client_ycsb_b_iq32saxt.yaml'
2026-03-26 07:38:32,952 INFO Starting remote client client_ycsb_a on krisub@node1: ssh -o StrictHostKeyChecking=no -o BatchMode=yes -i /users/krisub/.ssh/id_ed25519 krisub@node1 sh -lc 'exec /mydata/cache_ext/My-YCSB/build/run_net_leveldb /tmp/dual_client_ycsb_a_ktucb115.yaml'
2026-03-26 07:40:11,099 INFO Client client_ycsb_b: throughput=1507.69
2026-03-26 07:40:11,215 INFO Client client_ycsb_a: throughput=2873.10
2026-03-26 07:40:11,215 INFO Dual-client combined throughput: 4380.79 ops/sec
2026-03-26 07:40:11,678 INFO Trace ycsb_b_a run 2: throughput=4380.79 ops/sec
2026-03-26 07:40:11,678 INFO --- Trace 4/7 (ycsb_b_a) run 3/3  [12/21 overall] ---
2026-03-26 07:40:11,678 INFO CMD: sudo sync
2026-03-26 07:40:11,880 INFO CMD: sudo sh -c echo 3 > /proc/sys/vm/drop_caches
2026-03-26 07:40:12,167 INFO Page cache dropped.
2026-03-26 07:40:14,965 INFO Starting remote client client_ycsb_b on krisub@node1: ssh -o StrictHostKeyChecking=no -o BatchMode=yes -i /users/krisub/.ssh/id_ed25519 krisub@node1 sh -lc 'exec /mydata/cache_ext/My-YCSB/build/run_net_leveldb /tmp/dual_client_ycsb_b_3ghq7fid.yaml'
2026-03-26 07:40:15,213 INFO Starting remote client client_ycsb_a on krisub@node1: ssh -o StrictHostKeyChecking=no -o BatchMode=yes -i /users/krisub/.ssh/id_ed25519 krisub@node1 sh -lc 'exec /mydata/cache_ext/My-YCSB/build/run_net_leveldb /tmp/dual_client_ycsb_a_bk_9ukzn.yaml'
2026-03-26 07:41:53,361 INFO Client client_ycsb_b: throughput=1464.64
2026-03-26 07:41:53,577 INFO Client client_ycsb_a: throughput=2737.48
2026-03-26 07:41:53,577 INFO Dual-client combined throughput: 4202.12 ops/sec
2026-03-26 07:41:54,041 INFO Trace ycsb_b_a run 3: throughput=4202.12 ops/sec
2026-03-26 07:41:54,041 INFO Trace ycsb_b_a summary: mean=4433.49 std=261.73 min=4202.12 max=4717.56 (CV=5.9%)
2026-03-26 07:41:54,081 INFO --- Trace 5/7 (ycsb_a_d) run 1/3  [13/21 overall] ---
2026-03-26 07:41:54,081 INFO CMD: sudo sync
2026-03-26 07:41:54,297 INFO CMD: sudo sh -c echo 3 > /proc/sys/vm/drop_caches
2026-03-26 07:41:54,599 INFO Page cache dropped.
2026-03-26 07:41:57,329 INFO Starting remote client client_ycsb_a on krisub@node1: ssh -o StrictHostKeyChecking=no -o BatchMode=yes -i /users/krisub/.ssh/id_ed25519 krisub@node1 sh -lc 'exec /mydata/cache_ext/My-YCSB/build/run_net_leveldb /tmp/dual_client_ycsb_a_qos8vxpr.yaml'
2026-03-26 07:41:57,584 INFO Starting remote client client_ycsb_d on krisub@node1: ssh -o StrictHostKeyChecking=no -o BatchMode=yes -i /users/krisub/.ssh/id_ed25519 krisub@node1 sh -lc 'exec /mydata/cache_ext/My-YCSB/build/run_net_leveldb /tmp/dual_client_ycsb_d_x19bw5aa.yaml'
2026-03-26 07:43:35,629 INFO Client client_ycsb_a: throughput=2713.44
2026-03-26 07:43:35,794 INFO Client client_ycsb_d: throughput=2190.17
2026-03-26 07:43:35,795 INFO Dual-client combined throughput: 4903.61 ops/sec
2026-03-26 07:43:36,262 INFO Trace ycsb_a_d run 1: throughput=4903.61 ops/sec
2026-03-26 07:43:36,262 INFO --- Trace 5/7 (ycsb_a_d) run 2/3  [14/21 overall] ---
2026-03-26 07:43:36,262 INFO CMD: sudo sync
2026-03-26 07:43:36,524 INFO CMD: sudo sh -c echo 3 > /proc/sys/vm/drop_caches
2026-03-26 07:43:36,849 INFO Page cache dropped.
2026-03-26 07:43:39,605 INFO Starting remote client client_ycsb_a on krisub@node1: ssh -o StrictHostKeyChecking=no -o BatchMode=yes -i /users/krisub/.ssh/id_ed25519 krisub@node1 sh -lc 'exec /mydata/cache_ext/My-YCSB/build/run_net_leveldb /tmp/dual_client_ycsb_a_np33l07m.yaml'
2026-03-26 07:43:39,865 INFO Starting remote client client_ycsb_d on krisub@node1: ssh -o StrictHostKeyChecking=no -o BatchMode=yes -i /users/krisub/.ssh/id_ed25519 krisub@node1 sh -lc 'exec /mydata/cache_ext/My-YCSB/build/run_net_leveldb /tmp/dual_client_ycsb_d_6s6w8odp.yaml'
2026-03-26 07:45:17,910 INFO Client client_ycsb_a: throughput=2800.27
2026-03-26 07:45:18,125 INFO Client client_ycsb_d: throughput=2640.38
2026-03-26 07:45:18,126 INFO Dual-client combined throughput: 5440.65 ops/sec
2026-03-26 07:45:18,613 INFO Trace ycsb_a_d run 2: throughput=5440.65 ops/sec
2026-03-26 07:45:18,614 INFO --- Trace 5/7 (ycsb_a_d) run 3/3  [15/21 overall] ---
2026-03-26 07:45:18,614 INFO CMD: sudo sync
2026-03-26 07:45:18,847 INFO CMD: sudo sh -c echo 3 > /proc/sys/vm/drop_caches
2026-03-26 07:45:19,103 INFO Page cache dropped.
2026-03-26 07:45:21,865 INFO Starting remote client client_ycsb_a on krisub@node1: ssh -o StrictHostKeyChecking=no -o BatchMode=yes -i /users/krisub/.ssh/id_ed25519 krisub@node1 sh -lc 'exec /mydata/cache_ext/My-YCSB/build/run_net_leveldb /tmp/dual_client_ycsb_a_cqnxmzrl.yaml'
2026-03-26 07:45:22,114 INFO Starting remote client client_ycsb_d on krisub@node1: ssh -o StrictHostKeyChecking=no -o BatchMode=yes -i /users/krisub/.ssh/id_ed25519 krisub@node1 sh -lc 'exec /mydata/cache_ext/My-YCSB/build/run_net_leveldb /tmp/dual_client_ycsb_d_59is60mm.yaml'
2026-03-26 07:47:00,461 INFO Client client_ycsb_a: throughput=3567.20
2026-03-26 07:47:17,173 INFO Client client_ycsb_d: throughput=3530.72
2026-03-26 07:47:17,173 INFO Dual-client combined throughput: 7097.92 ops/sec
2026-03-26 07:47:17,669 INFO Trace ycsb_a_d run 3: throughput=7097.92 ops/sec
2026-03-26 07:47:17,669 INFO Trace ycsb_a_d summary: mean=5814.06 std=1143.82 min=4903.61 max=7097.92 (CV=19.7%)
2026-03-26 07:47:17,707 INFO --- Trace 6/7 (ycsb_e_a) run 1/3  [16/21 overall] ---
2026-03-26 07:47:17,707 INFO CMD: sudo sync
2026-03-26 07:47:17,916 INFO CMD: sudo sh -c echo 3 > /proc/sys/vm/drop_caches
2026-03-26 07:47:18,197 INFO Page cache dropped.
2026-03-26 07:47:20,937 INFO Starting remote client client_ycsb_e on krisub@node1: ssh -o StrictHostKeyChecking=no -o BatchMode=yes -i /users/krisub/.ssh/id_ed25519 krisub@node1 sh -lc 'exec /mydata/cache_ext/My-YCSB/build/run_net_leveldb /tmp/dual_client_ycsb_e_jo9z9c0p.yaml'
2026-03-26 07:47:21,196 INFO Starting remote client client_ycsb_a on krisub@node1: ssh -o StrictHostKeyChecking=no -o BatchMode=yes -i /users/krisub/.ssh/id_ed25519 krisub@node1 sh -lc 'exec /mydata/cache_ext/My-YCSB/build/run_net_leveldb /tmp/dual_client_ycsb_a_wuk06rj7.yaml'
2026-03-26 07:49:00,040 INFO Client client_ycsb_e: throughput=72228.06
2026-03-26 07:49:00,041 INFO Client client_ycsb_a: throughput=4121.68
2026-03-26 07:49:00,042 INFO Dual-client combined throughput: 76349.74 ops/sec
2026-03-26 07:49:00,517 INFO Trace ycsb_e_a run 1: throughput=76349.74 ops/sec
2026-03-26 07:49:00,517 INFO --- Trace 6/7 (ycsb_e_a) run 2/3  [17/21 overall] ---
2026-03-26 07:49:00,517 INFO CMD: sudo sync
2026-03-26 07:49:00,754 INFO CMD: sudo sh -c echo 3 > /proc/sys/vm/drop_caches
2026-03-26 07:49:01,018 INFO Page cache dropped.
2026-03-26 07:49:03,754 INFO Starting remote client client_ycsb_e on krisub@node1: ssh -o StrictHostKeyChecking=no -o BatchMode=yes -i /users/krisub/.ssh/id_ed25519 krisub@node1 sh -lc 'exec /mydata/cache_ext/My-YCSB/build/run_net_leveldb /tmp/dual_client_ycsb_e_m9uaatkl.yaml'
2026-03-26 07:49:03,997 INFO Starting remote client client_ycsb_a on krisub@node1: ssh -o StrictHostKeyChecking=no -o BatchMode=yes -i /users/krisub/.ssh/id_ed25519 krisub@node1 sh -lc 'exec /mydata/cache_ext/My-YCSB/build/run_net_leveldb /tmp/dual_client_ycsb_a_48m31oq3.yaml'
2026-03-26 07:50:42,942 INFO Client client_ycsb_e: throughput=74464.93
2026-03-26 07:50:42,943 INFO Client client_ycsb_a: throughput=3996.30
2026-03-26 07:50:42,943 INFO Dual-client combined throughput: 78461.23 ops/sec
2026-03-26 07:50:43,409 INFO Trace ycsb_e_a run 2: throughput=78461.23 ops/sec
2026-03-26 07:50:43,409 INFO --- Trace 6/7 (ycsb_e_a) run 3/3  [18/21 overall] ---
2026-03-26 07:50:43,409 INFO CMD: sudo sync
2026-03-26 07:50:43,650 INFO CMD: sudo sh -c echo 3 > /proc/sys/vm/drop_caches
2026-03-26 07:50:43,913 INFO Page cache dropped.
2026-03-26 07:50:46,697 INFO Starting remote client client_ycsb_e on krisub@node1: ssh -o StrictHostKeyChecking=no -o BatchMode=yes -i /users/krisub/.ssh/id_ed25519 krisub@node1 sh -lc 'exec /mydata/cache_ext/My-YCSB/build/run_net_leveldb /tmp/dual_client_ycsb_e_37biwi7o.yaml'
2026-03-26 07:50:46,945 INFO Starting remote client client_ycsb_a on krisub@node1: ssh -o StrictHostKeyChecking=no -o BatchMode=yes -i /users/krisub/.ssh/id_ed25519 krisub@node1 sh -lc 'exec /mydata/cache_ext/My-YCSB/build/run_net_leveldb /tmp/dual_client_ycsb_a_d1a900dk.yaml'
2026-03-26 07:52:25,940 INFO Client client_ycsb_e: throughput=72961.03
2026-03-26 07:52:25,941 INFO Client client_ycsb_a: throughput=4222.92
2026-03-26 07:52:25,941 INFO Dual-client combined throughput: 77183.95 ops/sec
2026-03-26 07:52:26,409 INFO Trace ycsb_e_a run 3: throughput=77183.95 ops/sec
2026-03-26 07:52:26,409 INFO Trace ycsb_e_a summary: mean=77331.64 std=1063.46 min=76349.74 max=78461.23 (CV=1.4%)
2026-03-26 07:52:26,450 INFO --- Trace 7/7 (ycsb_e_f) run 1/3  [19/21 overall] ---
2026-03-26 07:52:26,450 INFO CMD: sudo sync
2026-03-26 07:52:26,740 INFO CMD: sudo sh -c echo 3 > /proc/sys/vm/drop_caches
2026-03-26 07:52:26,990 INFO Page cache dropped.
2026-03-26 07:52:29,753 INFO Starting remote client client_ycsb_e on krisub@node1: ssh -o StrictHostKeyChecking=no -o BatchMode=yes -i /users/krisub/.ssh/id_ed25519 krisub@node1 sh -lc 'exec /mydata/cache_ext/My-YCSB/build/run_net_leveldb /tmp/dual_client_ycsb_e_d9x3khcj.yaml'
2026-03-26 07:52:30,021 INFO Starting remote client client_ycsb_f on krisub@node1: ssh -o StrictHostKeyChecking=no -o BatchMode=yes -i /users/krisub/.ssh/id_ed25519 krisub@node1 sh -lc 'exec /mydata/cache_ext/My-YCSB/build/run_net_leveldb /tmp/dual_client_ycsb_f_7vgiz5nh.yaml'
2026-03-26 07:54:08,964 INFO Client client_ycsb_e: throughput=75507.96
2026-03-26 07:54:08,966 INFO Client client_ycsb_f: throughput=248.99
2026-03-26 07:54:08,966 INFO Dual-client combined throughput: 75756.95 ops/sec
2026-03-26 07:54:09,409 INFO Trace ycsb_e_f run 1: throughput=75756.95 ops/sec
2026-03-26 07:54:09,409 INFO --- Trace 7/7 (ycsb_e_f) run 2/3  [20/21 overall] ---
2026-03-26 07:54:09,410 INFO CMD: sudo sync
2026-03-26 07:54:09,631 INFO CMD: sudo sh -c echo 3 > /proc/sys/vm/drop_caches
2026-03-26 07:54:09,953 INFO Page cache dropped.
2026-03-26 07:54:12,589 INFO Starting remote client client_ycsb_e on krisub@node1: ssh -o StrictHostKeyChecking=no -o BatchMode=yes -i /users/krisub/.ssh/id_ed25519 krisub@node1 sh -lc 'exec /mydata/cache_ext/My-YCSB/build/run_net_leveldb /tmp/dual_client_ycsb_e_0vv41cvz.yaml'
2026-03-26 07:54:12,836 INFO Starting remote client client_ycsb_f on krisub@node1: ssh -o StrictHostKeyChecking=no -o BatchMode=yes -i /users/krisub/.ssh/id_ed25519 krisub@node1 sh -lc 'exec /mydata/cache_ext/My-YCSB/build/run_net_leveldb /tmp/dual_client_ycsb_f_dhk0z1o3.yaml'
2026-03-26 07:55:51,780 INFO Client client_ycsb_e: throughput=75148.62
2026-03-26 07:55:51,782 INFO Client client_ycsb_f: throughput=246.18
2026-03-26 07:55:51,782 INFO Dual-client combined throughput: 75394.80 ops/sec
2026-03-26 07:55:52,249 INFO Trace ycsb_e_f run 2: throughput=75394.80 ops/sec
2026-03-26 07:55:52,249 INFO --- Trace 7/7 (ycsb_e_f) run 3/3  [21/21 overall] ---
2026-03-26 07:55:52,249 INFO CMD: sudo sync
2026-03-26 07:55:52,462 INFO CMD: sudo sh -c echo 3 > /proc/sys/vm/drop_caches
2026-03-26 07:55:52,751 INFO Page cache dropped.
2026-03-26 07:55:55,502 INFO Starting remote client client_ycsb_e on krisub@node1: ssh -o StrictHostKeyChecking=no -o BatchMode=yes -i /users/krisub/.ssh/id_ed25519 krisub@node1 sh -lc 'exec /mydata/cache_ext/My-YCSB/build/run_net_leveldb /tmp/dual_client_ycsb_e_u39_ffp4.yaml'
2026-03-26 07:55:55,760 INFO Starting remote client client_ycsb_f on krisub@node1: ssh -o StrictHostKeyChecking=no -o BatchMode=yes -i /users/krisub/.ssh/id_ed25519 krisub@node1 sh -lc 'exec /mydata/cache_ext/My-YCSB/build/run_net_leveldb /tmp/dual_client_ycsb_f_ndgref4y.yaml'
2026-03-26 07:57:34,854 INFO Client client_ycsb_e: throughput=76913.97
2026-03-26 07:57:34,855 INFO Client client_ycsb_f: throughput=243.84
2026-03-26 07:57:34,855 INFO Dual-client combined throughput: 77157.81 ops/sec
2026-03-26 07:57:35,317 INFO Trace ycsb_e_f run 3: throughput=77157.81 ops/sec
2026-03-26 07:57:35,318 INFO Trace ycsb_e_f summary: mean=76103.19 std=931.11 min=75394.80 max=77157.81 (CV=1.2%)
2026-03-26 07:57:35,335 INFO === Evaluation complete (3 runs per trace) ===
2026-03-26 07:57:35,336 INFO Combined score (harmonic mean of means): 5511.06  (7/7 traces passed)
2026-03-26 07:57:35,336 INFO   ycsb_c_a: mean=4074.35 std=192.32 [3875.68 .. 4259.62]
2026-03-26 07:57:35,336 INFO   ycsb_c_e: mean=77536.10 std=1512.46 [75994.64 .. 79017.78]
2026-03-26 07:57:35,336 INFO   ycsb_c_f: mean=1700.06 std=49.95 [1642.39 .. 1729.29]
2026-03-26 07:57:35,336 INFO   ycsb_b_a: mean=4433.49 std=261.73 [4202.12 .. 4717.56]
2026-03-26 07:57:35,336 INFO   ycsb_a_d: mean=5814.06 std=1143.82 [4903.61 .. 7097.92]
2026-03-26 07:57:35,336 INFO   ycsb_e_a: mean=77331.64 std=1063.46 [76349.74 .. 78461.23]
2026-03-26 07:57:35,336 INFO   ycsb_e_f: mean=76103.19 std=931.11 [75394.80 .. 77157.81]
2026-03-26 07:57:35,336 INFO Stopping net_leveldb_server (PID 480084)
2026-03-26 07:57:35,336 INFO CMD: sudo kill 480084
2026-03-26 07:57:35,465 INFO Unloading BPF policy (PID 480079)
2026-03-26 07:57:35,465 INFO CMD: sudo kill -2 480079
2026-03-26 07:57:35,797 INFO CMD: sudo rm -f /sys/fs/bpf/cache_ext/scan_pids
2026-03-26 07:57:35,894 INFO CMD: sudo sh -c echo 0x0007 > /sys/kernel/mm/lru_gen/enabled
2026-03-26 07:57:35,966 INFO MGLRU re-enabled (restored to 0x0007).
2026-03-26 07:57:35,966 INFO MGLRU watchdog stopped (PID 480058)
