--- reader_fast ---
ZipfianWorkload: start initializing zipfian variables, might take a while
Zipfian (Warm-Up) (epoch 0, progress 0.00%): UPDATE throughput 0.00 ops/sec, INSERT throughput 0.00 ops/sec, READ throughput 0.00 ops/sec, SCAN throughput 0.00 ops/sec, READ_MODIFY_WRITE throughput 0.00 ops/sec, total throughput 0.00 ops/sec
Zipfian (Warm-Up) (epoch 1, progress 0.00%): UPDATE throughput 0.00 ops/sec, INSERT throughput 0.00 ops/sec, READ throughput 267.97 ops/sec, SCAN throughput 0.00 ops/sec, READ_MODIFY_WRITE throughput 0.00 ops/sec, total throughput 267.97 ops/sec
Zipfian (Warm-Up) (epoch 2, progress 0.00%): UPDATE throughput 0.00 ops/sec, INSERT throughput 0.00 ops/sec, READ throughput 223.96 ops/sec, SCAN throughput 0.00 ops/sec, READ_MODIFY_WRITE throughput 0.00 ops/sec, total throughput 223.96 ops/sec
Zipfian (Warm-Up) (epoch 3, progress 0.00%): UPDATE throughput 0.00 ops/sec, INSERT throughput 0.00 ops/sec, READ throughput 265.96 ops/sec, SCAN throughput 0.00 ops/sec, READ_MODIFY_WRITE throughput 0.00 ops/sec, total throughput 265.96 ops/sec
Zipfian (Warm-Up) (epoch 4, progress 0.00%): UPDATE throughput 0.00 ops/sec, INSERT throughput 0.00 ops/sec, READ throughput 270.96 ops/sec, SCAN throughput 0.00 ops/sec, READ_MODIFY_WRITE throughput 0.00 ops/sec, total throughput 270.96 ops/sec
Zipfian (Warm-Up) (epoch 5, progress 0.00%): UPDATE throughput 0.00 ops/sec, INSERT throughput 0.00 ops/sec, READ throughput 306.95 ops/sec, SCAN throughput 0.00 ops/sec, READ_MODIFY_WRITE throughput 0.00 ops/sec, total throughput 306.95 ops/sec
Zipfian (Warm-Up) (epoch 6, progress 0.00%): UPDATE throughput 0.00 ops/sec, INSERT throughput 0.00 ops/sec, READ throughput 350.95 ops/sec, SCAN throughput 0.00 ops/sec, READ_MODIFY_WRITE throughput 0.00 ops/sec, total throughput 350.95 ops/sec
Zipfian (Warm-Up) (epoch 7, progress 0.01%): UPDATE throughput 0.00 ops/sec, INSERT throughput 0.00 ops/sec, READ throughput 332.95 ops/sec, SCAN throughput 0.00 ops/sec, READ_MODIFY_WRITE throughput 0.00 ops/sec, total throughput 332.95 ops/sec
Zipfian (Warm-Up) (epoch 8, progress 0.01%): UPDATE throughput 0.00 ops/sec, INSERT throughput 0.00 ops/sec, READ throughput 393.95 ops/sec, SCAN throughput 0.00 ops/sec, READ_MODIFY_WRITE throughput 0.00 ops/sec, total throughput 393.95 ops/sec
Zipfian (Warm-Up) (epoch 9, progress 0.01%): UPDATE throughput 0.00 ops/sec, INSERT throughput 0.00 ops/sec, READ throughput 310.95 ops/sec, SCAN throughput 0.00 ops/sec, READ_MODIFY_WRITE throughput 0.00 ops/sec, total throughput 310.95 ops/sec
Zipfian (Warm-Up) (epoch 10, progress 0.01%): UPDATE throughput 0.00 ops/sec, INSERT throughput 0.00 ops/sec, READ throughput 330.95 ops/sec, SCAN throughput 0.00 ops/sec, READ_MODIFY_WRITE throughput 0.00 ops/sec, total throughput 330.95 ops/sec
Zipfian (Warm-Up) (epoch 11, progress 0.01%): UPDATE throughput 0.00 ops/sec, INSERT throughput 0.00 ops/sec, READ throughput 417.94 ops/sec, SCAN throughput 0.00 ops/sec, READ_MODIFY_WRITE throughput 0.00 ops/sec, total throughput 417.94 ops/sec
Zipfian (Warm-Up) (epoch 12, progress 0.01%): UPDATE throughput 0.00 ops/sec, INSERT throughput 0.00 ops/sec, READ throughput 353.95 ops/sec, SCAN throughput 0.00 ops/sec, READ_MODIFY_WRITE throughput 0.00 ops/sec, total throughput 353.95 ops/sec
Zipfian (Warm-Up) (epoch 13, progress 0.01%): UPDATE throughput 0.00 ops/sec, INSERT throughput 0.00 ops/sec, READ throughput 412.94 ops/sec, SCAN throughput 0.00 ops/sec, READ_MODIFY_WRITE throughput 0.00 ops/sec, total throughput 412.94 ops/sec
Zipfian (Warm-Up) (epoch 14, progress 0.01%): UPDATE throughput 0.00 ops/sec, INSERT throughput 0.00 ops/sec, READ throughput 460.93 ops/sec, SCAN throughput 0.00 ops/sec, READ_MODIFY_WRITE throughput 0.00 ops/sec, total throughput 460.93 ops/sec
Zipfian (Warm-Up) (epoch 15, progress 0.01%): UPDATE throughput 0.00 ops/sec, INSERT throughput 0.00 ops/sec, READ throughput 329.95 ops/sec, SCAN throughput 0.00 ops/sec, READ_MODIFY_WRITE throughput 0.00 ops/sec, total throughput 329.95 ops/sec
Zipfian (Warm-Up) (epoch 16, progress 0.01%): UPDATE throughput 0.00 ops/sec, INSERT throughput 0.00 ops/sec, READ throughput 500.93 ops/sec, SCAN throughput 0.00 ops/sec, READ_MODIFY_WRITE throughput 0.00 ops/sec, total throughput 500.93 ops/sec
Zipfian (Warm-Up) (epoch 17, progress 0.01%): UPDATE throughput 0.00 ops/sec, INSERT throughput 0.00 ops/sec, READ throughput 443.93 ops/sec, SCAN throughput 0.00 ops/sec, READ_MODIFY_WRITE throughput 0.00 ops/sec, total throughput 443.93 ops/sec
Zipfian (Warm-Up) (epoch 18, progress 0.02%): UPDATE throughput 0.00 ops/sec, INSERT throughput 0.00 ops/sec, READ throughput 699.90 ops/sec, SCAN throughput 0.00 ops/sec, READ_MODIFY_WRITE throughput 0.00 ops/sec, total throughput 699.90 ops/sec
Zipfian (Warm-Up) (epoch 19, progress 0.02%): UPDATE throughput 0.00 ops/sec, INSERT throughput 0.00 ops/sec, READ throughput 647.90 ops/sec, SCAN throughput 0.00 ops/sec, READ_MODIFY_WRITE throughput 0.00 ops/sec, total throughput 647.90 ops/sec
Zipfian (Warm-Up) (epoch 20, progress 0.02%): UPDATE throughput 0.00 ops/sec, INSERT throughput 0.00 ops/sec, READ throughput 745.90 ops/sec, SCAN throughput 0.00 ops/sec, READ_MODIFY_WRITE throughput 0.00 ops/sec, total throughput 745.90 ops/sec
Zipfian (Warm-Up) (epoch 21, progress 0.02%): UPDATE throughput 0.00 ops/sec, INSERT throughput 0.00 ops/sec, READ throughput 773.88 ops/sec, SCAN throughput 0.00 ops/sec, READ_MODIFY_WRITE throughput 0.00 ops/sec, total throughput 773.88 ops/sec
Zipfian (Warm-Up) (epoch 22, progress 0.02%): UPDATE throughput 0.00 ops/sec, INSERT throughput 0.00 ops/sec, READ throughput 619.91 ops/sec, SCAN throughput 0.00 ops/sec, READ_MODIFY_WRITE throughput 0.00 ops/sec, total throughput 619.91 ops/sec
Zipfian (Warm-Up) (epoch 23, progress 0.03%): UPDATE throughput 0.00 ops/sec, INSERT throughput 0.00 ops/sec, READ throughput 711.89 ops/sec, SCAN throughput 0.00 ops/sec, READ_MODIFY_WRITE throughput 0.00 ops/sec, total throughput 711.89 ops/sec
Zipfian (Warm-Up) (epoch 24, progress 0.03%): UPDATE throughput 0.00 ops/sec, INSERT throughput 0.00 ops/sec, READ throughput 703.90 ops/sec, SCAN throughput 0.00 ops/sec, READ_MODIFY_WRITE throughput 0.00 ops/sec, total throughput 703.90 ops/sec
Zipfian (Warm-Up) (epoch 25, progress 0.03%): UPDATE throughput 0.00 ops/sec, INSERT throughput 0.00 ops/sec, READ throughput 794.88 ops/sec, SCAN throughput 0.00 ops/sec, READ_MODIFY_WRITE throughput 0.00 ops/sec, total throughput 794.88 ops/sec
Zipfian (Warm-Up) (epoch 26, progress 0.03%): UPDATE throughput 0.00 ops/sec, INSERT throughput 0.00 ops/sec, READ throughput 689.90 ops/sec, SCAN throughput 0.00 ops/sec, READ_MODIFY_WRITE throughput 0.00 ops/sec, total throughput 689.90 ops/sec
Zipfian (Warm-Up) (epoch 27, progress 0.03%): UPDATE throughput 0.00 ops/sec, INSERT throughput 0.00 ops/sec, READ throughput 809.88 ops/sec, SCAN throughput 0.00 ops/sec, READ_MODIFY_WRITE throughput 0.00 ops/sec, total throughput 809.88 ops/sec
Zipfian (Warm-Up) (epoch 28, progress 0.03%): UPDATE throughput 0.00 ops/sec, INSERT throughput 0.00 ops/sec, READ throughput 784.89 ops/sec, SCAN throughput 0.00 ops/sec, READ_MODIFY_WRITE throughput 0.00 ops/sec, total throughput 784.89 ops/sec
Zipfian (Warm-Up) (epoch 29, progress 0.04%): UPDATE throughput 0.00 ops/sec, INSERT throughput 0.00 ops/sec, READ throughput 711.91 ops/sec, SCAN throughput 0.00 ops/sec, READ_MODIFY_WRITE throughput 0.00 ops/sec, total throughput 711.91 ops/sec
Zipfian (Warm-Up) (epoch 30, progress 0.04%): UPDATE throughput 0.00 ops/sec, INSERT throughput 0.00 ops/sec, READ throughput 736.89 ops/sec, SCAN throughput 0.00 ops/sec, READ_MODIFY_WRITE throughput 0.00 ops/sec, total throughput 736.89 ops/sec
time's up!
Zipfian (Warm-Up): calculating overall performance metrics... (might take a while)
Zipfian (Warm-Up) overall: UPDATE throughput 0.00 ops/sec, INSERT throughput 0.00 ops/sec, READ throughput 513.53 ops/sec, SCAN throughput 0.00 ops/sec, READ_MODIFY_WRITE throughput 0.00 ops/sec, total throughput 513.53 ops/sec
Zipfian (Warm-Up) overall: UPDATE average latency 0.00 ns, UPDATE p99 latency 0.00 ns, INSERT average latency 0.00 ns, INSERT p99 latency 0.00 ns, READ average latency 7776648.66 ns, READ p99 latency 62867588.43 ns, SCAN average latency 0.00 ns, SCAN p99 latency 0.00 ns, READ_MODIFY_WRITE average latency 0.00 ns, READ_MODIFY_WRITE p99 latency 0.00 ns
ZipfianWorkload: start initializing zipfian variables, might take a while
Zipfian (epoch 0, progress 0.00%): UPDATE throughput 0.00 ops/sec, INSERT throughput 0.00 ops/sec, READ throughput 0.00 ops/sec, SCAN throughput 0.00 ops/sec, READ_MODIFY_WRITE throughput 0.00 ops/sec, total throughput 0.00 ops/sec
Zipfian (epoch 1, progress 0.04%): UPDATE throughput 0.00 ops/sec, INSERT throughput 0.00 ops/sec, READ throughput 15734.67 ops/sec, SCAN throughput 0.00 ops/sec, READ_MODIFY_WRITE throughput 0.00 ops/sec, total throughput 15734.67 ops/sec
Zipfian (epoch 2, progress 0.04%): UPDATE throughput 0.00 ops/sec, INSERT throughput 0.00 ops/sec, READ throughput 661.91 ops/sec, SCAN throughput 0.00 ops/sec, READ_MODIFY_WRITE throughput 0.00 ops/sec, total throughput 661.91 ops/sec
Zipfian (epoch 3, progress 0.04%): UPDATE throughput 0.00 ops/sec, INSERT throughput 0.00 ops/sec, READ throughput 747.90 ops/sec, SCAN throughput 0.00 ops/sec, READ_MODIFY_WRITE throughput 0.00 ops/sec, total throughput 747.90 ops/sec
Zipfian (epoch 4, progress 0.04%): UPDATE throughput 0.00 ops/sec, INSERT throughput 0.00 ops/sec, READ throughput 787.89 ops/sec, SCAN throughput 0.00 ops/sec, READ_MODIFY_WRITE throughput 0.00 ops/sec, total throughput 787.89 ops/sec
Zipfian (epoch 5, progress 0.05%): UPDATE throughput 0.00 ops/sec, INSERT throughput 0.00 ops/sec, READ throughput 1030.84 ops/sec, SCAN throughput 0.00 ops/sec, READ_MODIFY_WRITE throughput 0.00 ops/sec, total throughput 1030.84 ops/sec
Zipfian (epoch 6, progress 0.05%): UPDATE throughput 0.00 ops/sec, INSERT throughput 0.00 ops/sec, READ throughput 845.88 ops/sec, SCAN throughput 0.00 ops/sec, READ_MODIFY_WRITE throughput 0.00 ops/sec, total throughput 845.88 ops/sec
Zipfian (epoch 7, progress 0.05%): UPDATE throughput 0.00 ops/sec, INSERT throughput 0.00 ops/sec, READ throughput 710.90 ops/sec, SCAN throughput 0.00 ops/sec, READ_MODIFY_WRITE throughput 0.00 ops/sec, total throughput 710.90 ops/sec
Zipfian (epoch 8, progress 0.05%): UPDATE throughput 0.00 ops/sec, INSERT throughput 0.00 ops/sec, READ throughput 850.88 ops/sec, SCAN throughput 0.00 ops/sec, READ_MODIFY_WRITE throughput 0.00 ops/sec, total throughput 850.88 ops/sec
Zipfian (epoch 9, progress 0.06%): UPDATE throughput 0.00 ops/sec, INSERT throughput 0.00 ops/sec, READ throughput 934.87 ops/sec, SCAN throughput 0.00 ops/sec, READ_MODIFY_WRITE throughput 0.00 ops/sec, total throughput 934.87 ops/sec
Zipfian (epoch 10, progress 0.06%): UPDATE throughput 0.00 ops/sec, INSERT throughput 0.00 ops/sec, READ throughput 817.89 ops/sec, SCAN throughput 0.00 ops/sec, READ_MODIFY_WRITE throughput 0.00 ops/sec, total throughput 817.89 ops/sec
Zipfian (epoch 11, progress 0.06%): UPDATE throughput 0.00 ops/sec, INSERT throughput 0.00 ops/sec, READ throughput 789.89 ops/sec, SCAN throughput 0.00 ops/sec, READ_MODIFY_WRITE throughput 0.00 ops/sec, total throughput 789.89 ops/sec
Zipfian (epoch 12, progress 0.06%): UPDATE throughput 0.00 ops/sec, INSERT throughput 0.00 ops/sec, READ throughput 1020.85 ops/sec, SCAN throughput 0.00 ops/sec, READ_MODIFY_WRITE throughput 0.00 ops/sec, total throughput 1020.85 ops/sec
Zipfian (epoch 13, progress 0.06%): UPDATE throughput 0.00 ops/sec, INSERT throughput 0.00 ops/sec, READ throughput 958.86 ops/sec, SCAN throughput 0.00 ops/sec, READ_MODIFY_WRITE throughput 0.00 ops/sec, total throughput 958.86 ops/sec
Zipfian (epoch 14, progress 0.07%): UPDATE throughput 0.00 ops/sec, INSERT throughput 0.00 ops/sec, READ throughput 872.88 ops/sec, SCAN throughput 0.00 ops/sec, READ_MODIFY_WRITE throughput 0.00 ops/sec, total throughput 872.88 ops/sec
Zipfian (epoch 15, progress 0.07%): UPDATE throughput 0.00 ops/sec, INSERT throughput 0.00 ops/sec, READ throughput 1060.85 ops/sec, SCAN throughput 0.00 ops/sec, READ_MODIFY_WRITE throughput 0.00 ops/sec, total throughput 1060.85 ops/sec
Zipfian (epoch 16, progress 0.07%): UPDATE throughput 0.00 ops/sec, INSERT throughput 0.00 ops/sec, READ throughput 1352.81 ops/sec, SCAN throughput 0.00 ops/sec, READ_MODIFY_WRITE throughput 0.00 ops/sec, total throughput 1352.81 ops/sec
Zipfian (epoch 17, progress 0.08%): UPDATE throughput 0.00 ops/sec, INSERT throughput 0.00 ops/sec, READ throughput 1332.81 ops/sec, SCAN throughput 0.00 ops/sec, READ_MODIFY_WRITE throughput 0.00 ops/sec, total throughput 1332.81 ops/sec
Zipfian (epoch 18, progress 0.08%): UPDATE throughput 0.00 ops/sec, INSERT throughput 0.00 ops/sec, READ throughput 1257.82 ops/sec, SCAN throughput 0.00 ops/sec, READ_MODIFY_WRITE throughput 0.00 ops/sec, total throughput 1257.82 ops/sec
Zipfian (epoch 19, progress 0.08%): UPDATE throughput 0.00 ops/sec, INSERT throughput 0.00 ops/sec, READ throughput 1514.78 ops/sec, SCAN throughput 0.00 ops/sec, READ_MODIFY_WRITE throughput 0.00 ops/sec, total throughput 1514.78 ops/sec
Zipfian (epoch 20, progress 0.09%): UPDATE throughput 0.00 ops/sec, INSERT throughput 0.00 ops/sec, READ throughput 1505.79 ops/sec, SCAN throughput 0.00 ops/sec, READ_MODIFY_WRITE throughput 0.00 ops/sec, total throughput 1505.79 ops/sec
Zipfian (epoch 21, progress 0.09%): UPDATE throughput 0.00 ops/sec, INSERT throughput 0.00 ops/sec, READ throughput 1525.78 ops/sec, SCAN throughput 0.00 ops/sec, READ_MODIFY_WRITE throughput 0.00 ops/sec, total throughput 1525.78 ops/sec
Zipfian (epoch 22, progress 0.09%): UPDATE throughput 0.00 ops/sec, INSERT throughput 0.00 ops/sec, READ throughput 1451.79 ops/sec, SCAN throughput 0.00 ops/sec, READ_MODIFY_WRITE throughput 0.00 ops/sec, total throughput 1451.79 ops/sec
Zipfian (epoch 23, progress 0.10%): UPDATE throughput 0.00 ops/sec, INSERT throughput 0.00 ops/sec, READ throughput 1400.80 ops/sec, SCAN throughput 0.00 ops/sec, READ_MODIFY_WRITE throughput 0.00 ops/sec, total throughput 1400.80 ops/sec
Zipfian (epoch 24, progress 0.10%): UPDATE throughput 0.00 ops/sec, INSERT throughput 0.00 ops/sec, READ throughput 1343.81 ops/sec, SCAN throughput 0.00 ops/sec, READ_MODIFY_WRITE throughput 0.00 ops/sec, total throughput 1343.81 ops/sec
Zipfian (epoch 25, progress 0.10%): UPDATE throughput 0.00 ops/sec, INSERT throughput 0.00 ops/sec, READ throughput 1417.80 ops/sec, SCAN throughput 0.00 ops/sec, READ_MODIFY_WRITE throughput 0.00 ops/sec, total throughput 1417.80 ops/sec
Zipfian (epoch 26, progress 0.11%): UPDATE throughput 0.00 ops/sec, INSERT throughput 0.00 ops/sec, READ throughput 1226.83 ops/sec, SCAN throughput 0.00 ops/sec, READ_MODIFY_WRITE throughput 0.00 ops/sec, total throughput 1226.83 ops/sec
Zipfian (epoch 27, progress 0.11%): UPDATE throughput 0.00 ops/sec, INSERT throughput 0.00 ops/sec, READ throughput 1237.83 ops/sec, SCAN throughput 0.00 ops/sec, READ_MODIFY_WRITE throughput 0.00 ops/sec, total throughput 1237.83 ops/sec
Zipfian (epoch 28, progress 0.11%): UPDATE throughput 0.00 ops/sec, INSERT throughput 0.00 ops/sec, READ throughput 1303.81 ops/sec, SCAN throughput 0.00 ops/sec, READ_MODIFY_WRITE throughput 0.00 ops/sec, total throughput 1303.81 ops/sec
Zipfian (epoch 29, progress 0.12%): UPDATE throughput 0.00 ops/sec, INSERT throughput 0.00 ops/sec, READ throughput 1354.81 ops/sec, SCAN throughput 0.00 ops/sec, READ_MODIFY_WRITE throughput 0.00 ops/sec, total throughput 1354.81 ops/sec
Zipfian (epoch 30, progress 0.12%): UPDATE throughput 0.00 ops/sec, INSERT throughput 0.00 ops/sec, READ throughput 1336.81 ops/sec, SCAN throughput 0.00 ops/sec, READ_MODIFY_WRITE throughput 0.00 ops/sec, total throughput 1336.81 ops/sec
Zipfian (epoch 31, progress 0.12%): UPDATE throughput 0.00 ops/sec, INSERT throughput 0.00 ops/sec, READ throughput 1200.83 ops/sec, SCAN throughput 0.00 ops/sec, READ_MODIFY_WRITE throughput 0.00 ops/sec, total throughput 1200.83 ops/sec
Zipfian (epoch 32, progress 0.13%): UPDATE throughput 0.00 ops/sec, INSERT throughput 0.00 ops/sec, READ throughput 1240.82 ops/sec, SCAN throughput 0.00 ops/sec, READ_MODIFY_WRITE throughput 0.00 ops/sec, total throughput 1240.82 ops/sec
Zipfian (epoch 33, progress 0.13%): UPDATE throughput 0.00 ops/sec, INSERT throughput 0.00 ops/sec, READ throughput 1163.83 ops/sec, SCAN throughput 0.00 ops/sec, READ_MODIFY_WRITE throughput 0.00 ops/sec, total throughput 1163.83 ops/sec
Zipfian (epoch 34, progress 0.13%): UPDATE throughput 0.00 ops/sec, INSERT throughput 0.00 ops/sec, READ throughput 1213.82 ops/sec, SCAN throughput 0.00 ops/sec, READ_MODIFY_WRITE throughput 0.00 ops/sec, total throughput 1213.82 ops/sec
Zipfian (epoch 35, progress 0.14%): UPDATE throughput 0.00 ops/sec, INSERT throughput 0.00 ops/sec, READ throughput 1239.83 ops/sec, SCAN throughput 0.00 ops/sec, READ_MODIFY_WRITE throughput 0.00 ops/sec, total throughput 1239.83 ops/sec
Zipfian (epoch 36, progress 0.14%): UPDATE throughput 0.00 ops/sec, INSERT throughput 0.00 ops/sec, READ throughput 1198.82 ops/sec, SCAN throughput 0.00 ops/sec, READ_MODIFY_WRITE throughput 0.00 ops/sec, total throughput 1198.82 ops/sec
Zipfian (epoch 37, progress 0.14%): UPDATE throughput 0.00 ops/sec, INSERT throughput 0.00 ops/sec, READ throughput 984.86 ops/sec, SCAN throughput 0.00 ops/sec, READ_MODIFY_WRITE throughput 0.00 ops/sec, total throughput 984.86 ops/sec
Zipfian (epoch 38, progress 0.14%): UPDATE throughput 0.00 ops/sec, INSERT throughput 0.00 ops/sec, READ throughput 1120.84 ops/sec, SCAN throughput 0.00 ops/sec, READ_MODIFY_WRITE throughput 0.00 ops/sec, total throughput 1120.84 ops/sec
Zipfian (epoch 39, progress 0.15%): UPDATE throughput 0.00 ops/sec, INSERT throughput 0.00 ops/sec, READ throughput 973.86 ops/sec, SCAN throughput 0.00 ops/sec, READ_MODIFY_WRITE throughput 0.00 ops/sec, total throughput 973.86 ops/sec
Zipfian (epoch 40, progress 0.15%): UPDATE throughput 0.00 ops/sec, INSERT throughput 0.00 ops/sec, READ throughput 954.86 ops/sec, SCAN throughput 0.00 ops/sec, READ_MODIFY_WRITE throughput 0.00 ops/sec, total throughput 954.86 ops/sec
Zipfian (epoch 41, progress 0.15%): UPDATE throughput 0.00 ops/sec, INSERT throughput 0.00 ops/sec, READ throughput 1021.85 ops/sec, SCAN throughput 0.00 ops/sec, READ_MODIFY_WRITE throughput 0.00 ops/sec, total throughput 1021.85 ops/sec
Zipfian (epoch 42, progress 0.15%): UPDATE throughput 0.00 ops/sec, INSERT throughput 0.00 ops/sec, READ throughput 1006.86 ops/sec, SCAN throughput 0.00 ops/sec, READ_MODIFY_WRITE throughput 0.00 ops/sec, total throughput 1006.86 ops/sec
Zipfian (epoch 43, progress 0.16%): UPDATE throughput 0.00 ops/sec, INSERT throughput 0.00 ops/sec, READ throughput 920.87 ops/sec, SCAN throughput 0.00 ops/sec, READ_MODIFY_WRITE throughput 0.00 ops/sec, total throughput 920.87 ops/sec
Zipfian (epoch 44, progress 0.16%): UPDATE throughput 0.00 ops/sec, INSERT throughput 0.00 ops/sec, READ throughput 903.87 ops/sec, SCAN throughput 0.00 ops/sec, READ_MODIFY_WRITE throughput 0.00 ops/sec, total throughput 903.87 ops/sec
Zipfian (epoch 45, progress 0.16%): UPDATE throughput 0.00 ops/sec, INSERT throughput 0.00 ops/sec, READ throughput 856.88 ops/sec, SCAN throughput 0.00 ops/sec, READ_MODIFY_WRITE throughput 0.00 ops/sec, total throughput 856.88 ops/sec
Zipfian (epoch 46, progress 0.16%): UPDATE throughput 0.00 ops/sec, INSERT throughput 0.00 ops/sec, READ throughput 941.87 ops/sec, SCAN throughput 0.00 ops/sec, READ_MODIFY_WRITE throughput 0.00 ops/sec, total throughput 941.87 ops/sec
Zipfian (epoch 47, progress 0.17%): UPDATE throughput 0.00 ops/sec, INSERT throughput 0.00 ops/sec, READ throughput 1027.86 ops/sec, SCAN throughput 0.00 ops/sec, READ_MODIFY_WRITE throughput 0.00 ops/sec, total throughput 1027.86 ops/sec
Zipfian (epoch 48, progress 0.17%): UPDATE throughput 0.00 ops/sec, INSERT throughput 0.00 ops/sec, READ throughput 1025.86 ops/sec, SCAN throughput 0.00 ops/sec, READ_MODIFY_WRITE throughput 0.00 ops/sec, total throughput 1025.86 ops/sec
Zipfian (epoch 49, progress 0.17%): UPDATE throughput 0.00 ops/sec, INSERT throughput 0.00 ops/sec, READ throughput 950.87 ops/sec, SCAN throughput 0.00 ops/sec, READ_MODIFY_WRITE throughput 0.00 ops/sec, total throughput 950.87 ops/sec
Zipfian (epoch 50, progress 0.17%): UPDATE throughput 0.00 ops/sec, INSERT throughput 0.00 ops/sec, READ throughput 621.91 ops/sec, SCAN throughput 0.00 ops/sec, READ_MODIFY_WRITE throughput 0.00 ops/sec, total throughput 621.91 ops/sec
Zipfian (epoch 51, progress 0.17%): UPDATE throughput 0.00 ops/sec, INSERT throughput 0.00 ops/sec, READ throughput 617.91 ops/sec, SCAN throughput 0.00 ops/sec, READ_MODIFY_WRITE throughput 0.00 ops/sec, total throughput 617.91 ops/sec
Zipfian (epoch 52, progress 0.18%): UPDATE throughput 0.00 ops/sec, INSERT throughput 0.00 ops/sec, READ throughput 868.88 ops/sec, SCAN throughput 0.00 ops/sec, READ_MODIFY_WRITE throughput 0.00 ops/sec, total throughput 868.88 ops/sec
Zipfian (epoch 53, progress 0.18%): UPDATE throughput 0.00 ops/sec, INSERT throughput 0.00 ops/sec, READ throughput 614.92 ops/sec, SCAN throughput 0.00 ops/sec, READ_MODIFY_WRITE throughput 0.00 ops/sec, total throughput 614.92 ops/sec
Zipfian (epoch 54, progress 0.18%): UPDATE throughput 0.00 ops/sec, INSERT throughput 0.00 ops/sec, READ throughput 782.90 ops/sec, SCAN throughput 0.00 ops/sec, READ_MODIFY_WRITE throughput 0.00 ops/sec, total throughput 782.90 ops/sec
Zipfian (epoch 55, progress 0.18%): UPDATE throughput 0.00 ops/sec, INSERT throughput 0.00 ops/sec, READ throughput 743.89 ops/sec, SCAN throughput 0.00 ops/sec, READ_MODIFY_WRITE throughput 0.00 ops/sec, total throughput 743.89 ops/sec
Zipfian (epoch 56, progress 0.18%): UPDATE throughput 0.00 ops/sec, INSERT throughput 0.00 ops/sec, READ throughput 875.88 ops/sec, SCAN throughput 0.00 ops/sec, READ_MODIFY_WRITE throughput 0.00 ops/sec, total throughput 875.88 ops/sec
Zipfian (epoch 57, progress 0.19%): UPDATE throughput 0.00 ops/sec, INSERT throughput 0.00 ops/sec, READ throughput 708.90 ops/sec, SCAN throughput 0.00 ops/sec, READ_MODIFY_WRITE throughput 0.00 ops/sec, total throughput 708.90 ops/sec
Zipfian (epoch 58, progress 0.19%): UPDATE throughput 0.00 ops/sec, INSERT throughput 0.00 ops/sec, READ throughput 794.89 ops/sec, SCAN throughput 0.00 ops/sec, READ_MODIFY_WRITE throughput 0.00 ops/sec, total throughput 794.89 ops/sec
Zipfian (epoch 59, progress 0.19%): UPDATE throughput 0.00 ops/sec, INSERT throughput 0.00 ops/sec, READ throughput 798.89 ops/sec, SCAN throughput 0.00 ops/sec, READ_MODIFY_WRITE throughput 0.00 ops/sec, total throughput 798.89 ops/sec
Zipfian (epoch 60, progress 0.19%): UPDATE throughput 0.00 ops/sec, INSERT throughput 0.00 ops/sec, READ throughput 1017.86 ops/sec, SCAN throughput 0.00 ops/sec, READ_MODIFY_WRITE throughput 0.00 ops/sec, total throughput 1017.86 ops/sec
Zipfian (epoch 61, progress 0.19%): UPDATE throughput 0.00 ops/sec, INSERT throughput 0.00 ops/sec, READ throughput 1060.85 ops/sec, SCAN throughput 0.00 ops/sec, READ_MODIFY_WRITE throughput 0.00 ops/sec, total throughput 1060.85 ops/sec
Zipfian (epoch 62, progress 0.20%): UPDATE throughput 0.00 ops/sec, INSERT throughput 0.00 ops/sec, READ throughput 893.87 ops/sec, SCAN throughput 0.00 ops/sec, READ_MODIFY_WRITE throughput 0.00 ops/sec, total throughput 893.87 ops/sec
Zipfian (epoch 63, progress 0.20%): UPDATE throughput 0.00 ops/sec, INSERT throughput 0.00 ops/sec, READ throughput 778.89 ops/sec, SCAN throughput 0.00 ops/sec, READ_MODIFY_WRITE throughput 0.00 ops/sec, total throughput 778.89 ops/sec
Zipfian (epoch 64, progress 0.20%): UPDATE throughput 0.00 ops/sec, INSERT throughput 0.00 ops/sec, READ throughput 720.90 ops/sec, SCAN throughput 0.00 ops/sec, READ_MODIFY_WRITE throughput 0.00 ops/sec, total throughput 720.90 ops/sec
Zipfian (epoch 65, progress 0.20%): UPDATE throughput 0.00 ops/sec, INSERT throughput 0.00 ops/sec, READ throughput 921.87 ops/sec, SCAN throughput 0.00 ops/sec, READ_MODIFY_WRITE throughput 0.00 ops/sec, total throughput 921.87 ops/sec
Zipfian (epoch 66, progress 0.21%): UPDATE throughput 0.00 ops/sec, INSERT throughput 0.00 ops/sec, READ throughput 1039.85 ops/sec, SCAN throughput 0.00 ops/sec, READ_MODIFY_WRITE throughput 0.00 ops/sec, total throughput 1039.85 ops/sec
Zipfian (epoch 67, progress 0.21%): UPDATE throughput 0.00 ops/sec, INSERT throughput 0.00 ops/sec, READ throughput 798.89 ops/sec, SCAN throughput 0.00 ops/sec, READ_MODIFY_WRITE throughput 0.00 ops/sec, total throughput 798.89 ops/sec
Zipfian (epoch 68, progress 0.21%): UPDATE throughput 0.00 ops/sec, INSERT throughput 0.00 ops/sec, READ throughput 930.87 ops/sec, SCAN throughput 0.00 ops/sec, READ_MODIFY_WRITE throughput 0.00 ops/sec, total throughput 930.87 ops/sec
Zipfian (epoch 69, progress 0.21%): UPDATE throughput 0.00 ops/sec, INSERT throughput 0.00 ops/sec, READ throughput 867.88 ops/sec, SCAN throughput 0.00 ops/sec, READ_MODIFY_WRITE throughput 0.00 ops/sec, total throughput 867.88 ops/sec
Zipfian (epoch 70, progress 0.21%): UPDATE throughput 0.00 ops/sec, INSERT throughput 0.00 ops/sec, READ throughput 796.86 ops/sec, SCAN throughput 0.00 ops/sec, READ_MODIFY_WRITE throughput 0.00 ops/sec, total throughput 796.86 ops/sec
Zipfian (epoch 71, progress 0.22%): UPDATE throughput 0.00 ops/sec, INSERT throughput 0.00 ops/sec, READ throughput 694.87 ops/sec, SCAN throughput 0.00 ops/sec, READ_MODIFY_WRITE throughput 0.00 ops/sec, total throughput 694.87 ops/sec
Zipfian (epoch 72, progress 0.22%): UPDATE throughput 0.00 ops/sec, INSERT throughput 0.00 ops/sec, READ throughput 960.86 ops/sec, SCAN throughput 0.00 ops/sec, READ_MODIFY_WRITE throughput 0.00 ops/sec, total throughput 960.86 ops/sec
Zipfian (epoch 73, progress 0.22%): UPDATE throughput 0.00 ops/sec, INSERT throughput 0.00 ops/sec, READ throughput 685.90 ops/sec, SCAN throughput 0.00 ops/sec, READ_MODIFY_WRITE throughput 0.00 ops/sec, total throughput 685.90 ops/sec
Zipfian (epoch 74, progress 0.22%): UPDATE throughput 0.00 ops/sec, INSERT throughput 0.00 ops/sec, READ throughput 601.92 ops/sec, SCAN throughput 0.00 ops/sec, READ_MODIFY_WRITE throughput 0.00 ops/sec, total throughput 601.92 ops/sec
Zipfian (epoch 75, progress 0.22%): UPDATE throughput 0.00 ops/sec, INSERT throughput 0.00 ops/sec, READ throughput 675.91 ops/sec, SCAN throughput 0.00 ops/sec, READ_MODIFY_WRITE throughput 0.00 ops/sec, total throughput 675.91 ops/sec
Zipfian (epoch 76, progress 0.22%): UPDATE throughput 0.00 ops/sec, INSERT throughput 0.00 ops/sec, READ throughput 674.90 ops/sec, SCAN throughput 0.00 ops/sec, READ_MODIFY_WRITE throughput 0.00 ops/sec, total throughput 674.90 ops/sec
Zipfian (epoch 77, progress 0.23%): UPDATE throughput 0.00 ops/sec, INSERT throughput 0.00 ops/sec, READ throughput 778.89 ops/sec, SCAN throughput 0.00 ops/sec, READ_MODIFY_WRITE throughput 0.00 ops/sec, total throughput 778.89 ops/sec
Zipfian (epoch 78, progress 0.23%): UPDATE throughput 0.00 ops/sec, INSERT throughput 0.00 ops/sec, READ throughput 620.91 ops/sec, SCAN throughput 0.00 ops/sec, READ_MODIFY_WRITE throughput 0.00 ops/sec, total throughput 620.91 ops/sec
Zipfian (epoch 79, progress 0.23%): UPDATE throughput 0.00 ops/sec, INSERT throughput 0.00 ops/sec, READ throughput 748.89 ops/sec, SCAN throughput 0.00 ops/sec, READ_MODIFY_WRITE throughput 0.00 ops/sec, total throughput 748.89 ops/sec
Zipfian (epoch 80, progress 0.23%): UPDATE throughput 0.00 ops/sec, INSERT throughput 0.00 ops/sec, READ throughput 721.90 ops/sec, SCAN throughput 0.00 ops/sec, READ_MODIFY_WRITE throughput 0.00 ops/sec, total throughput 721.90 ops/sec
Zipfian (epoch 81, progress 0.23%): UPDATE throughput 0.00 ops/sec, INSERT throughput 0.00 ops/sec, READ throughput 604.91 ops/sec, SCAN throughput 0.00 ops/sec, READ_MODIFY_WRITE throughput 0.00 ops/sec, total throughput 604.91 ops/sec
Zipfian (epoch 82, progress 0.24%): UPDATE throughput 0.00 ops/sec, INSERT throughput 0.00 ops/sec, READ throughput 691.90 ops/sec, SCAN throughput 0.00 ops/sec, READ_MODIFY_WRITE throughput 0.00 ops/sec, total throughput 691.90 ops/sec
Zipfian (epoch 83, progress 0.24%): UPDATE throughput 0.00 ops/sec, INSERT throughput 0.00 ops/sec, READ throughput 627.90 ops/sec, SCAN throughput 0.00 ops/sec, READ_MODIFY_WRITE throughput 0.00 ops/sec, total throughput 627.90 ops/sec
Zipfian (epoch 84, progress 0.24%): UPDATE throughput 0.00 ops/sec, INSERT throughput 0.00 ops/sec, READ throughput 644.89 ops/sec, SCAN throughput 0.00 ops/sec, READ_MODIFY_WRITE throughput 0.00 ops/sec, total throughput 644.89 ops/sec
Zipfian (epoch 85, progress 0.24%): UPDATE throughput 0.00 ops/sec, INSERT throughput 0.00 ops/sec, READ throughput 728.90 ops/sec, SCAN throughput 0.00 ops/sec, READ_MODIFY_WRITE throughput 0.00 ops/sec, total throughput 728.90 ops/sec
Zipfian (epoch 86, progress 0.24%): UPDATE throughput 0.00 ops/sec, INSERT throughput 0.00 ops/sec, READ throughput 755.89 ops/sec, SCAN throughput 0.00 ops/sec, READ_MODIFY_WRITE throughput 0.00 ops/sec, total throughput 755.89 ops/sec
Zipfian (epoch 87, progress 0.24%): UPDATE throughput 0.00 ops/sec, INSERT throughput 0.00 ops/sec, READ throughput 764.89 ops/sec, SCAN throughput 0.00 ops/sec, READ_MODIFY_WRITE throughput 0.00 ops/sec, total throughput 764.89 ops/sec
Zipfian (epoch 88, progress 0.25%): UPDATE throughput 0.00 ops/sec, INSERT throughput 0.00 ops/sec, READ throughput 816.89 ops/sec, SCAN throughput 0.00 ops/sec, READ_MODIFY_WRITE throughput 0.00 ops/sec, total throughput 816.89 ops/sec
Zipfian (epoch 89, progress 0.25%): UPDATE throughput 0.00 ops/sec, INSERT throughput 0.00 ops/sec, READ throughput 1005.86 ops/sec, SCAN throughput 0.00 ops/sec, READ_MODIFY_WRITE throughput 0.00 ops/sec, total throughput 1005.86 ops/sec
Zipfian (epoch 90, progress 0.25%): UPDATE throughput 0.00 ops/sec, INSERT throughput 0.00 ops/sec, READ throughput 1001.86 ops/sec, SCAN throughput 0.00 ops/sec, READ_MODIFY_WRITE throughput 0.00 ops/sec, total throughput 1001.86 ops/sec
Zipfian (epoch 91, progress 0.25%): UPDATE throughput 0.00 ops/sec, INSERT throughput 0.00 ops/sec, READ throughput 1038.85 ops/sec, SCAN throughput 0.00 ops/sec, READ_MODIFY_WRITE throughput 0.00 ops/sec, total throughput 1038.85 ops/sec
Zipfian (epoch 92, progress 0.26%): UPDATE throughput 0.00 ops/sec, INSERT throughput 0.00 ops/sec, READ throughput 1054.85 ops/sec, SCAN throughput 0.00 ops/sec, READ_MODIFY_WRITE throughput 0.00 ops/sec, total throughput 1054.85 ops/sec
Zipfian (epoch 93, progress 0.26%): UPDATE throughput 0.00 ops/sec, INSERT throughput 0.00 ops/sec, READ throughput 940.87 ops/sec, SCAN throughput 0.00 ops/sec, READ_MODIFY_WRITE throughput 0.00 ops/sec, total throughput 940.87 ops/sec
Zipfian (epoch 94, progress 0.26%): UPDATE throughput 0.00 ops/sec, INSERT throughput 0.00 ops/sec, READ throughput 1042.85 ops/sec, SCAN throughput 0.00 ops/sec, READ_MODIFY_WRITE throughput 0.00 ops/sec, total throughput 1042.85 ops/sec
Zipfian (epoch 95, progress 0.26%): UPDATE throughput 0.00 ops/sec, INSERT throughput 0.00 ops/sec, READ throughput 947.87 ops/sec, SCAN throughput 0.00 ops/sec, READ_MODIFY_WRITE throughput 0.00 ops/sec, total throughput 947.87 ops/sec
Zipfian (epoch 96, progress 0.27%): UPDATE throughput 0.00 ops/sec, INSERT throughput 0.00 ops/sec, READ throughput 1004.86 ops/sec, SCAN throughput 0.00 ops/sec, READ_MODIFY_WRITE throughput 0.00 ops/sec, total throughput 1004.86 ops/sec
Zipfian (epoch 97, progress 0.27%): UPDATE throughput 0.00 ops/sec, INSERT throughput 0.00 ops/sec, READ throughput 1128.85 ops/sec, SCAN throughput 0.00 ops/sec, READ_MODIFY_WRITE throughput 0.00 ops/sec, total throughput 1128.85 ops/sec
Zipfian (epoch 98, progress 0.27%): UPDATE throughput 0.00 ops/sec, INSERT throughput 0.00 ops/sec, READ throughput 1170.83 ops/sec, SCAN throughput 0.00 ops/sec, READ_MODIFY_WRITE throughput 0.00 ops/sec, total throughput 1170.83 ops/sec
Zipfian (epoch 99, progress 0.27%): UPDATE throughput 0.00 ops/sec, INSERT throughput 0.00 ops/sec, READ throughput 1127.84 ops/sec, SCAN throughput 0.00 ops/sec, READ_MODIFY_WRITE throughput 0.00 ops/sec, total throughput 1127.84 ops/sec
Zipfian (epoch 100, progress 0.28%): UPDATE throughput 0.00 ops/sec, INSERT throughput 0.00 ops/sec, READ throughput 1220.83 ops/sec, SCAN throughput 0.00 ops/sec, READ_MODIFY_WRITE throughput 0.00 ops/sec, total throughput 1220.83 ops/sec
Zipfian (epoch 101, progress 0.28%): UPDATE throughput 0.00 ops/sec, INSERT throughput 0.00 ops/sec, READ throughput 1030.85 ops/sec, SCAN throughput 0.00 ops/sec, READ_MODIFY_WRITE throughput 0.00 ops/sec, total throughput 1030.85 ops/sec
Zipfian (epoch 102, progress 0.28%): UPDATE throughput 0.00 ops/sec, INSERT throughput 0.00 ops/sec, READ throughput 1155.84 ops/sec, SCAN throughput 0.00 ops/sec, READ_MODIFY_WRITE throughput 0.00 ops/sec, total throughput 1155.84 ops/sec
Zipfian (epoch 103, progress 0.29%): UPDATE throughput 0.00 ops/sec, INSERT throughput 0.00 ops/sec, READ throughput 1300.81 ops/sec, SCAN throughput 0.00 ops/sec, READ_MODIFY_WRITE throughput 0.00 ops/sec, total throughput 1300.81 ops/sec
Zipfian (epoch 104, progress 0.29%): UPDATE throughput 0.00 ops/sec, INSERT throughput 0.00 ops/sec, READ throughput 1115.84 ops/sec, SCAN throughput 0.00 ops/sec, READ_MODIFY_WRITE throughput 0.00 ops/sec, total throughput 1115.84 ops/sec
Zipfian (epoch 105, progress 0.29%): UPDATE throughput 0.00 ops/sec, INSERT throughput 0.00 ops/sec, READ throughput 1131.84 ops/sec, SCAN throughput 0.00 ops/sec, READ_MODIFY_WRITE throughput 0.00 ops/sec, total throughput 1131.84 ops/sec
Zipfian (epoch 106, progress 0.30%): UPDATE throughput 0.00 ops/sec, INSERT throughput 0.00 ops/sec, READ throughput 1196.83 ops/sec, SCAN throughput 0.00 ops/sec, READ_MODIFY_WRITE throughput 0.00 ops/sec, total throughput 1196.83 ops/sec
Zipfian (epoch 107, progress 0.30%): UPDATE throughput 0.00 ops/sec, INSERT throughput 0.00 ops/sec, READ throughput 1162.84 ops/sec, SCAN throughput 0.00 ops/sec, READ_MODIFY_WRITE throughput 0.00 ops/sec, total throughput 1162.84 ops/sec
Zipfian (epoch 108, progress 0.30%): UPDATE throughput 0.00 ops/sec, INSERT throughput 0.00 ops/sec, READ throughput 1182.83 ops/sec, SCAN throughput 0.00 ops/sec, READ_MODIFY_WRITE throughput 0.00 ops/sec, total throughput 1182.83 ops/sec
Zipfian (epoch 109, progress 0.30%): UPDATE throughput 0.00 ops/sec, INSERT throughput 0.00 ops/sec, READ throughput 999.86 ops/sec, SCAN throughput 0.00 ops/sec, READ_MODIFY_WRITE throughput 0.00 ops/sec, total throughput 999.86 ops/sec
Zipfian (epoch 110, progress 0.31%): UPDATE throughput 0.00 ops/sec, INSERT throughput 0.00 ops/sec, READ throughput 1147.84 ops/sec, SCAN throughput 0.00 ops/sec, READ_MODIFY_WRITE throughput 0.00 ops/sec, total throughput 1147.84 ops/sec
Zipfian (epoch 111, progress 0.31%): UPDATE throughput 0.00 ops/sec, INSERT throughput 0.00 ops/sec, READ throughput 1122.84 ops/sec, SCAN throughput 0.00 ops/sec, READ_MODIFY_WRITE throughput 0.00 ops/sec, total throughput 1122.84 ops/sec
Zipfian (epoch 112, progress 0.31%): UPDATE throughput 0.00 ops/sec, INSERT throughput 0.00 ops/sec, READ throughput 1334.78 ops/sec, SCAN throughput 0.00 ops/sec, READ_MODIFY_WRITE throughput 0.00 ops/sec, total throughput 1334.78 ops/sec
Zipfian (epoch 113, progress 0.32%): UPDATE throughput 0.00 ops/sec, INSERT throughput 0.00 ops/sec, READ throughput 1159.83 ops/sec, SCAN throughput 0.00 ops/sec, READ_MODIFY_WRITE throughput 0.00 ops/sec, total throughput 1159.83 ops/sec
Zipfian (epoch 114, progress 0.32%): UPDATE throughput 0.00 ops/sec, INSERT throughput 0.00 ops/sec, READ throughput 1201.83 ops/sec, SCAN throughput 0.00 ops/sec, READ_MODIFY_WRITE throughput 0.00 ops/sec, total throughput 1201.83 ops/sec
Zipfian (epoch 115, progress 0.32%): UPDATE throughput 0.00 ops/sec, INSERT throughput 0.00 ops/sec, READ throughput 1122.84 ops/sec, SCAN throughput 0.00 ops/sec, READ_MODIFY_WRITE throughput 0.00 ops/sec, total throughput 1122.84 ops/sec
Zipfian (epoch 116, progress 0.32%): UPDATE throughput 0.00 ops/sec, INSERT throughput 0.00 ops/sec, READ throughput 1292.82 ops/sec, SCAN throughput 0.00 ops/sec, READ_MODIFY_WRITE throughput 0.00 ops/sec, total throughput 1292.82 ops/sec
Zipfian (epoch 117, progress 0.33%): UPDATE throughput 0.00 ops/sec, INSERT throughput 0.00 ops/sec, READ throughput 1305.82 ops/sec, SCAN throughput 0.00 ops/sec, READ_MODIFY_WRITE throughput 0.00 ops/sec, total throughput 1305.82 ops/sec
Zipfian (epoch 118, progress 0.33%): UPDATE throughput 0.00 ops/sec, INSERT throughput 0.00 ops/sec, READ throughput 1187.83 ops/sec, SCAN throughput 0.00 ops/sec, READ_MODIFY_WRITE throughput 0.00 ops/sec, total throughput 1187.83 ops/sec
Zipfian (epoch 119, progress 0.33%): UPDATE throughput 0.00 ops/sec, INSERT throughput 0.00 ops/sec, READ throughput 1236.82 ops/sec, SCAN throughput 0.00 ops/sec, READ_MODIFY_WRITE throughput 0.00 ops/sec, total throughput 1236.82 ops/sec
Zipfian (epoch 120, progress 0.34%): UPDATE throughput 0.00 ops/sec, INSERT throughput 0.00 ops/sec, READ throughput 1398.80 ops/sec, SCAN throughput 0.00 ops/sec, READ_MODIFY_WRITE throughput 0.00 ops/sec, total throughput 1398.80 ops/sec
time's up!
Zipfian: calculating overall performance metrics... (might take a while)
Zipfian overall: UPDATE throughput 0.00 ops/sec, INSERT throughput 0.00 ops/sec, READ throughput 1123.93 ops/sec, SCAN throughput 0.00 ops/sec, READ_MODIFY_WRITE throughput 0.00 ops/sec, total throughput 1123.93 ops/sec
Zipfian overall: UPDATE average latency 0.00 ns, UPDATE p99 latency 0.00 ns, INSERT average latency 0.00 ns, INSERT p99 latency 0.00 ns, READ average latency 3550784.76 ns, READ p99 latency 40116317.95 ns, SCAN average latency 0.00 ns, SCAN p99 latency 0.00 ns, READ_MODIFY_WRITE average latency 0.00 ns, READ_MODIFY_WRITE p99 latency 0.00 ns

--- writer_slow ---
Uniform (Warm-Up) (epoch 0, progress 0.00%): UPDATE throughput 0.00 ops/sec, INSERT throughput 0.00 ops/sec, READ throughput 0.00 ops/sec, SCAN throughput 0.00 ops/sec, READ_MODIFY_WRITE throughput 0.00 ops/sec, total throughput 0.00 ops/sec
Uniform (Warm-Up) (epoch 1, progress 0.00%): UPDATE throughput 31.00 ops/sec, INSERT throughput 0.00 ops/sec, READ throughput 36.99 ops/sec, SCAN throughput 0.00 ops/sec, READ_MODIFY_WRITE throughput 0.00 ops/sec, total throughput 67.99 ops/sec
Uniform (Warm-Up) (epoch 2, progress 0.00%): UPDATE throughput 90.99 ops/sec, INSERT throughput 0.00 ops/sec, READ throughput 87.99 ops/sec, SCAN throughput 0.00 ops/sec, READ_MODIFY_WRITE throughput 0.00 ops/sec, total throughput 178.97 ops/sec
Uniform (Warm-Up) (epoch 3, progress 0.00%): UPDATE throughput 81.99 ops/sec, INSERT throughput 0.00 ops/sec, READ throughput 109.98 ops/sec, SCAN throughput 0.00 ops/sec, READ_MODIFY_WRITE throughput 0.00 ops/sec, total throughput 191.97 ops/sec
Uniform (Warm-Up) (epoch 4, progress 0.00%): UPDATE throughput 101.98 ops/sec, INSERT throughput 0.00 ops/sec, READ throughput 117.98 ops/sec, SCAN throughput 0.00 ops/sec, READ_MODIFY_WRITE throughput 0.00 ops/sec, total throughput 219.97 ops/sec
Uniform (Warm-Up) (epoch 5, progress 0.00%): UPDATE throughput 138.98 ops/sec, INSERT throughput 0.00 ops/sec, READ throughput 139.98 ops/sec, SCAN throughput 0.00 ops/sec, READ_MODIFY_WRITE throughput 0.00 ops/sec, total throughput 278.96 ops/sec
Uniform (Warm-Up) (epoch 6, progress 0.00%): UPDATE throughput 161.98 ops/sec, INSERT throughput 0.00 ops/sec, READ throughput 153.98 ops/sec, SCAN throughput 0.00 ops/sec, READ_MODIFY_WRITE throughput 0.00 ops/sec, total throughput 315.96 ops/sec
Uniform (Warm-Up) (epoch 7, progress 0.00%): UPDATE throughput 178.97 ops/sec, INSERT throughput 0.00 ops/sec, READ throughput 191.97 ops/sec, SCAN throughput 0.00 ops/sec, READ_MODIFY_WRITE throughput 0.00 ops/sec, total throughput 370.95 ops/sec
Uniform (Warm-Up) (epoch 8, progress 0.01%): UPDATE throughput 197.97 ops/sec, INSERT throughput 0.00 ops/sec, READ throughput 179.97 ops/sec, SCAN throughput 0.00 ops/sec, READ_MODIFY_WRITE throughput 0.00 ops/sec, total throughput 377.95 ops/sec
Uniform (Warm-Up) (epoch 9, progress 0.01%): UPDATE throughput 170.98 ops/sec, INSERT throughput 0.00 ops/sec, READ throughput 176.98 ops/sec, SCAN throughput 0.00 ops/sec, READ_MODIFY_WRITE throughput 0.00 ops/sec, total throughput 347.95 ops/sec
Uniform (Warm-Up) (epoch 10, progress 0.01%): UPDATE throughput 214.97 ops/sec, INSERT throughput 0.00 ops/sec, READ throughput 203.97 ops/sec, SCAN throughput 0.00 ops/sec, READ_MODIFY_WRITE throughput 0.00 ops/sec, total throughput 418.94 ops/sec
Uniform (Warm-Up) (epoch 11, progress 0.01%): UPDATE throughput 196.97 ops/sec, INSERT throughput 0.00 ops/sec, READ throughput 198.97 ops/sec, SCAN throughput 0.00 ops/sec, READ_MODIFY_WRITE throughput 0.00 ops/sec, total throughput 395.94 ops/sec
Uniform (Warm-Up) (epoch 12, progress 0.01%): UPDATE throughput 273.96 ops/sec, INSERT throughput 0.00 ops/sec, READ throughput 257.96 ops/sec, SCAN throughput 0.00 ops/sec, READ_MODIFY_WRITE throughput 0.00 ops/sec, total throughput 531.92 ops/sec
Uniform (Warm-Up) (epoch 13, progress 0.01%): UPDATE throughput 179.98 ops/sec, INSERT throughput 0.00 ops/sec, READ throughput 197.97 ops/sec, SCAN throughput 0.00 ops/sec, READ_MODIFY_WRITE throughput 0.00 ops/sec, total throughput 377.95 ops/sec
Uniform (Warm-Up) (epoch 14, progress 0.01%): UPDATE throughput 176.97 ops/sec, INSERT throughput 0.00 ops/sec, READ throughput 185.97 ops/sec, SCAN throughput 0.00 ops/sec, READ_MODIFY_WRITE throughput 0.00 ops/sec, total throughput 362.94 ops/sec
Uniform (Warm-Up) (epoch 15, progress 0.01%): UPDATE throughput 162.98 ops/sec, INSERT throughput 0.00 ops/sec, READ throughput 177.97 ops/sec, SCAN throughput 0.00 ops/sec, READ_MODIFY_WRITE throughput 0.00 ops/sec, total throughput 340.95 ops/sec
Uniform (Warm-Up) (epoch 16, progress 0.01%): UPDATE throughput 166.97 ops/sec, INSERT throughput 0.00 ops/sec, READ throughput 175.97 ops/sec, SCAN throughput 0.00 ops/sec, READ_MODIFY_WRITE throughput 0.00 ops/sec, total throughput 342.95 ops/sec
Uniform (Warm-Up) (epoch 17, progress 0.01%): UPDATE throughput 181.97 ops/sec, INSERT throughput 0.00 ops/sec, READ throughput 176.97 ops/sec, SCAN throughput 0.00 ops/sec, READ_MODIFY_WRITE throughput 0.00 ops/sec, total throughput 358.95 ops/sec
Uniform (Warm-Up) (epoch 18, progress 0.01%): UPDATE throughput 157.98 ops/sec, INSERT throughput 0.00 ops/sec, READ throughput 178.97 ops/sec, SCAN throughput 0.00 ops/sec, READ_MODIFY_WRITE throughput 0.00 ops/sec, total throughput 336.95 ops/sec
Uniform (Warm-Up) (epoch 19, progress 0.02%): UPDATE throughput 161.98 ops/sec, INSERT throughput 0.00 ops/sec, READ throughput 196.97 ops/sec, SCAN throughput 0.00 ops/sec, READ_MODIFY_WRITE throughput 0.00 ops/sec, total throughput 358.95 ops/sec
Uniform (Warm-Up) (epoch 20, progress 0.02%): UPDATE throughput 206.97 ops/sec, INSERT throughput 0.00 ops/sec, READ throughput 191.97 ops/sec, SCAN throughput 0.00 ops/sec, READ_MODIFY_WRITE throughput 0.00 ops/sec, total throughput 398.94 ops/sec
Uniform (Warm-Up) (epoch 21, progress 0.02%): UPDATE throughput 171.98 ops/sec, INSERT throughput 0.00 ops/sec, READ throughput 187.97 ops/sec, SCAN throughput 0.00 ops/sec, READ_MODIFY_WRITE throughput 0.00 ops/sec, total throughput 359.95 ops/sec
Uniform (Warm-Up) (epoch 22, progress 0.02%): UPDATE throughput 183.97 ops/sec, INSERT throughput 0.00 ops/sec, READ throughput 181.97 ops/sec, SCAN throughput 0.00 ops/sec, READ_MODIFY_WRITE throughput 0.00 ops/sec, total throughput 365.94 ops/sec
Uniform (Warm-Up) (epoch 23, progress 0.02%): UPDATE throughput 209.97 ops/sec, INSERT throughput 0.00 ops/sec, READ throughput 209.97 ops/sec, SCAN throughput 0.00 ops/sec, READ_MODIFY_WRITE throughput 0.00 ops/sec, total throughput 419.94 ops/sec
Uniform (Warm-Up) (epoch 24, progress 0.02%): UPDATE throughput 240.96 ops/sec, INSERT throughput 0.00 ops/sec, READ throughput 211.97 ops/sec, SCAN throughput 0.00 ops/sec, READ_MODIFY_WRITE throughput 0.00 ops/sec, total throughput 452.93 ops/sec
Uniform (Warm-Up) (epoch 25, progress 0.02%): UPDATE throughput 166.98 ops/sec, INSERT throughput 0.00 ops/sec, READ throughput 194.97 ops/sec, SCAN throughput 0.00 ops/sec, READ_MODIFY_WRITE throughput 0.00 ops/sec, total throughput 361.95 ops/sec
Uniform (Warm-Up) (epoch 26, progress 0.02%): UPDATE throughput 191.97 ops/sec, INSERT throughput 0.00 ops/sec, READ throughput 192.97 ops/sec, SCAN throughput 0.00 ops/sec, READ_MODIFY_WRITE throughput 0.00 ops/sec, total throughput 384.94 ops/sec
Uniform (Warm-Up) (epoch 27, progress 0.02%): UPDATE throughput 224.97 ops/sec, INSERT throughput 0.00 ops/sec, READ throughput 235.96 ops/sec, SCAN throughput 0.00 ops/sec, READ_MODIFY_WRITE throughput 0.00 ops/sec, total throughput 460.93 ops/sec
Uniform (Warm-Up) (epoch 28, progress 0.02%): UPDATE throughput 185.97 ops/sec, INSERT throughput 0.00 ops/sec, READ throughput 204.97 ops/sec, SCAN throughput 0.00 ops/sec, READ_MODIFY_WRITE throughput 0.00 ops/sec, total throughput 390.94 ops/sec
Uniform (Warm-Up) (epoch 29, progress 0.03%): UPDATE throughput 231.97 ops/sec, INSERT throughput 0.00 ops/sec, READ throughput 212.97 ops/sec, SCAN throughput 0.00 ops/sec, READ_MODIFY_WRITE throughput 0.00 ops/sec, total throughput 444.94 ops/sec
Uniform (Warm-Up) (epoch 30, progress 0.03%): UPDATE throughput 198.97 ops/sec, INSERT throughput 0.00 ops/sec, READ throughput 236.96 ops/sec, SCAN throughput 0.00 ops/sec, READ_MODIFY_WRITE throughput 0.00 ops/sec, total throughput 435.93 ops/sec
time's up!
Uniform (Warm-Up): calculating overall performance metrics... (might take a while)
Uniform (Warm-Up) overall: UPDATE throughput 174.84 ops/sec, INSERT throughput 0.00 ops/sec, READ throughput 180.34 ops/sec, SCAN throughput 0.00 ops/sec, READ_MODIFY_WRITE throughput 0.00 ops/sec, total throughput 355.18 ops/sec
Uniform (Warm-Up) overall: UPDATE average latency 376332.39 ns, UPDATE p99 latency 1454305.79 ns, INSERT average latency 0.00 ns, INSERT p99 latency 0.00 ns, READ average latency 21735562.87 ns, READ p99 latency 96105056.71 ns, SCAN average latency 0.00 ns, SCAN p99 latency 0.00 ns, READ_MODIFY_WRITE average latency 0.00 ns, READ_MODIFY_WRITE p99 latency 0.00 ns
Uniform (epoch 0, progress 0.00%): UPDATE throughput 0.00 ops/sec, INSERT throughput 0.00 ops/sec, READ throughput 0.00 ops/sec, SCAN throughput 0.00 ops/sec, READ_MODIFY_WRITE throughput 0.00 ops/sec, total throughput 0.00 ops/sec
Uniform (epoch 1, progress 0.01%): UPDATE throughput 1832.74 ops/sec, INSERT throughput 0.00 ops/sec, READ throughput 1858.73 ops/sec, SCAN throughput 0.00 ops/sec, READ_MODIFY_WRITE throughput 0.00 ops/sec, total throughput 3691.47 ops/sec
Uniform (epoch 2, progress 0.01%): UPDATE throughput 537.94 ops/sec, INSERT throughput 0.00 ops/sec, READ throughput 567.93 ops/sec, SCAN throughput 0.00 ops/sec, READ_MODIFY_WRITE throughput 0.00 ops/sec, total throughput 1105.87 ops/sec
Uniform (epoch 3, progress 0.01%): UPDATE throughput 474.94 ops/sec, INSERT throughput 0.00 ops/sec, READ throughput 515.94 ops/sec, SCAN throughput 0.00 ops/sec, READ_MODIFY_WRITE throughput 0.00 ops/sec, total throughput 990.88 ops/sec
Uniform (epoch 4, progress 0.02%): UPDATE throughput 1013.87 ops/sec, INSERT throughput 0.00 ops/sec, READ throughput 1028.87 ops/sec, SCAN throughput 0.00 ops/sec, READ_MODIFY_WRITE throughput 0.00 ops/sec, total throughput 2042.74 ops/sec
Uniform (epoch 5, progress 0.02%): UPDATE throughput 0.00 ops/sec, INSERT throughput 0.00 ops/sec, READ throughput 0.00 ops/sec, SCAN throughput 0.00 ops/sec, READ_MODIFY_WRITE throughput 0.00 ops/sec, total throughput 0.00 ops/sec
Uniform (epoch 6, progress 0.02%): UPDATE throughput 0.00 ops/sec, INSERT throughput 0.00 ops/sec, READ throughput 0.00 ops/sec, SCAN throughput 0.00 ops/sec, READ_MODIFY_WRITE throughput 0.00 ops/sec, total throughput 0.00 ops/sec
Uniform (epoch 7, progress 0.02%): UPDATE throughput 0.00 ops/sec, INSERT throughput 0.00 ops/sec, READ throughput 0.00 ops/sec, SCAN throughput 0.00 ops/sec, READ_MODIFY_WRITE throughput 0.00 ops/sec, total throughput 0.00 ops/sec
Uniform (epoch 8, progress 0.02%): UPDATE throughput 0.00 ops/sec, INSERT throughput 0.00 ops/sec, READ throughput 0.00 ops/sec, SCAN throughput 0.00 ops/sec, READ_MODIFY_WRITE throughput 0.00 ops/sec, total throughput 0.00 ops/sec
Uniform (epoch 9, progress 0.02%): UPDATE throughput 0.00 ops/sec, INSERT throughput 0.00 ops/sec, READ throughput 0.00 ops/sec, SCAN throughput 0.00 ops/sec, READ_MODIFY_WRITE throughput 0.00 ops/sec, total throughput 0.00 ops/sec
Uniform (epoch 10, progress 0.02%): UPDATE throughput 0.00 ops/sec, INSERT throughput 0.00 ops/sec, READ throughput 0.00 ops/sec, SCAN throughput 0.00 ops/sec, READ_MODIFY_WRITE throughput 0.00 ops/sec, total throughput 0.00 ops/sec
Uniform (epoch 11, progress 0.02%): UPDATE throughput 0.00 ops/sec, INSERT throughput 0.00 ops/sec, READ throughput 0.00 ops/sec, SCAN throughput 0.00 ops/sec, READ_MODIFY_WRITE throughput 0.00 ops/sec, total throughput 0.00 ops/sec
Uniform (epoch 12, progress 0.02%): UPDATE throughput 0.00 ops/sec, INSERT throughput 0.00 ops/sec, READ throughput 0.00 ops/sec, SCAN throughput 0.00 ops/sec, READ_MODIFY_WRITE throughput 0.00 ops/sec, total throughput 0.00 ops/sec
Uniform (epoch 13, progress 0.03%): UPDATE throughput 1486.81 ops/sec, INSERT throughput 0.00 ops/sec, READ throughput 1531.80 ops/sec, SCAN throughput 0.00 ops/sec, READ_MODIFY_WRITE throughput 0.00 ops/sec, total throughput 3018.61 ops/sec
Uniform (epoch 14, progress 0.03%): UPDATE throughput 362.95 ops/sec, INSERT throughput 0.00 ops/sec, READ throughput 394.95 ops/sec, SCAN throughput 0.00 ops/sec, READ_MODIFY_WRITE throughput 0.00 ops/sec, total throughput 757.90 ops/sec
Uniform (epoch 15, progress 0.03%): UPDATE throughput 466.94 ops/sec, INSERT throughput 0.00 ops/sec, READ throughput 462.94 ops/sec, SCAN throughput 0.00 ops/sec, READ_MODIFY_WRITE throughput 0.00 ops/sec, total throughput 929.87 ops/sec
Uniform (epoch 16, progress 0.03%): UPDATE throughput 517.95 ops/sec, INSERT throughput 0.00 ops/sec, READ throughput 444.95 ops/sec, SCAN throughput 0.00 ops/sec, READ_MODIFY_WRITE throughput 0.00 ops/sec, total throughput 962.90 ops/sec
Uniform (epoch 17, progress 0.04%): UPDATE throughput 502.93 ops/sec, INSERT throughput 0.00 ops/sec, READ throughput 495.94 ops/sec, SCAN throughput 0.00 ops/sec, READ_MODIFY_WRITE throughput 0.00 ops/sec, total throughput 998.87 ops/sec
Uniform (epoch 18, progress 0.04%): UPDATE throughput 509.95 ops/sec, INSERT throughput 0.00 ops/sec, READ throughput 528.95 ops/sec, SCAN throughput 0.00 ops/sec, READ_MODIFY_WRITE throughput 0.00 ops/sec, total throughput 1038.89 ops/sec
Uniform (epoch 19, progress 0.04%): UPDATE throughput 518.93 ops/sec, INSERT throughput 0.00 ops/sec, READ throughput 474.94 ops/sec, SCAN throughput 0.00 ops/sec, READ_MODIFY_WRITE throughput 0.00 ops/sec, total throughput 993.87 ops/sec
Uniform (epoch 20, progress 0.04%): UPDATE throughput 535.94 ops/sec, INSERT throughput 0.00 ops/sec, READ throughput 558.94 ops/sec, SCAN throughput 0.00 ops/sec, READ_MODIFY_WRITE throughput 0.00 ops/sec, total throughput 1094.88 ops/sec
Uniform (epoch 21, progress 0.05%): UPDATE throughput 414.96 ops/sec, INSERT throughput 0.00 ops/sec, READ throughput 477.95 ops/sec, SCAN throughput 0.00 ops/sec, READ_MODIFY_WRITE throughput 0.00 ops/sec, total throughput 892.90 ops/sec
Uniform (epoch 22, progress 0.05%): UPDATE throughput 517.93 ops/sec, INSERT throughput 0.00 ops/sec, READ throughput 487.94 ops/sec, SCAN throughput 0.00 ops/sec, READ_MODIFY_WRITE throughput 0.00 ops/sec, total throughput 1005.87 ops/sec
Uniform (epoch 23, progress 0.05%): UPDATE throughput 531.93 ops/sec, INSERT throughput 0.00 ops/sec, READ throughput 523.93 ops/sec, SCAN throughput 0.00 ops/sec, READ_MODIFY_WRITE throughput 0.00 ops/sec, total throughput 1055.86 ops/sec
Uniform (epoch 24, progress 0.05%): UPDATE throughput 451.94 ops/sec, INSERT throughput 0.00 ops/sec, READ throughput 506.93 ops/sec, SCAN throughput 0.00 ops/sec, READ_MODIFY_WRITE throughput 0.00 ops/sec, total throughput 958.88 ops/sec
Uniform (epoch 25, progress 0.06%): UPDATE throughput 504.95 ops/sec, INSERT throughput 0.00 ops/sec, READ throughput 550.94 ops/sec, SCAN throughput 0.00 ops/sec, READ_MODIFY_WRITE throughput 0.00 ops/sec, total throughput 1055.89 ops/sec
Uniform (epoch 26, progress 0.06%): UPDATE throughput 429.94 ops/sec, INSERT throughput 0.00 ops/sec, READ throughput 396.95 ops/sec, SCAN throughput 0.00 ops/sec, READ_MODIFY_WRITE throughput 0.00 ops/sec, total throughput 826.89 ops/sec
Uniform (epoch 27, progress 0.06%): UPDATE throughput 400.94 ops/sec, INSERT throughput 0.00 ops/sec, READ throughput 436.94 ops/sec, SCAN throughput 0.00 ops/sec, READ_MODIFY_WRITE throughput 0.00 ops/sec, total throughput 837.88 ops/sec
Uniform (epoch 28, progress 0.06%): UPDATE throughput 304.96 ops/sec, INSERT throughput 0.00 ops/sec, READ throughput 328.95 ops/sec, SCAN throughput 0.00 ops/sec, READ_MODIFY_WRITE throughput 0.00 ops/sec, total throughput 633.91 ops/sec
Uniform (epoch 29, progress 0.06%): UPDATE throughput 362.95 ops/sec, INSERT throughput 0.00 ops/sec, READ throughput 377.95 ops/sec, SCAN throughput 0.00 ops/sec, READ_MODIFY_WRITE throughput 0.00 ops/sec, total throughput 740.90 ops/sec
Uniform (epoch 30, progress 0.07%): UPDATE throughput 274.96 ops/sec, INSERT throughput 0.00 ops/sec, READ throughput 285.96 ops/sec, SCAN throughput 0.00 ops/sec, READ_MODIFY_WRITE throughput 0.00 ops/sec, total throughput 560.92 ops/sec
Uniform (epoch 31, progress 0.07%): UPDATE throughput 0.00 ops/sec, INSERT throughput 0.00 ops/sec, READ throughput 2.00 ops/sec, SCAN throughput 0.00 ops/sec, READ_MODIFY_WRITE throughput 0.00 ops/sec, total throughput 2.00 ops/sec
Uniform (epoch 32, progress 0.07%): UPDATE throughput 151.98 ops/sec, INSERT throughput 0.00 ops/sec, READ throughput 169.98 ops/sec, SCAN throughput 0.00 ops/sec, READ_MODIFY_WRITE throughput 0.00 ops/sec, total throughput 321.96 ops/sec
Uniform (epoch 33, progress 0.07%): UPDATE throughput 361.95 ops/sec, INSERT throughput 0.00 ops/sec, READ throughput 342.95 ops/sec, SCAN throughput 0.00 ops/sec, READ_MODIFY_WRITE throughput 0.00 ops/sec, total throughput 704.90 ops/sec
Uniform (epoch 34, progress 0.07%): UPDATE throughput 343.95 ops/sec, INSERT throughput 0.00 ops/sec, READ throughput 353.95 ops/sec, SCAN throughput 0.00 ops/sec, READ_MODIFY_WRITE throughput 0.00 ops/sec, total throughput 697.90 ops/sec
Uniform (epoch 35, progress 0.07%): UPDATE throughput 152.98 ops/sec, INSERT throughput 0.00 ops/sec, READ throughput 172.98 ops/sec, SCAN throughput 0.00 ops/sec, READ_MODIFY_WRITE throughput 0.00 ops/sec, total throughput 325.95 ops/sec
Uniform (epoch 36, progress 0.07%): UPDATE throughput 306.96 ops/sec, INSERT throughput 0.00 ops/sec, READ throughput 363.95 ops/sec, SCAN throughput 0.00 ops/sec, READ_MODIFY_WRITE throughput 0.00 ops/sec, total throughput 670.91 ops/sec
Uniform (epoch 37, progress 0.07%): UPDATE throughput 364.95 ops/sec, INSERT throughput 0.00 ops/sec, READ throughput 409.95 ops/sec, SCAN throughput 0.00 ops/sec, READ_MODIFY_WRITE throughput 0.00 ops/sec, total throughput 774.90 ops/sec
Uniform (epoch 38, progress 0.08%): UPDATE throughput 338.95 ops/sec, INSERT throughput 0.00 ops/sec, READ throughput 321.96 ops/sec, SCAN throughput 0.00 ops/sec, READ_MODIFY_WRITE throughput 0.00 ops/sec, total throughput 660.91 ops/sec
Uniform (epoch 39, progress 0.08%): UPDATE throughput 256.96 ops/sec, INSERT throughput 0.00 ops/sec, READ throughput 223.97 ops/sec, SCAN throughput 0.00 ops/sec, READ_MODIFY_WRITE throughput 0.00 ops/sec, total throughput 480.93 ops/sec
Uniform (epoch 40, progress 0.08%): UPDATE throughput 435.94 ops/sec, INSERT throughput 0.00 ops/sec, READ throughput 396.94 ops/sec, SCAN throughput 0.00 ops/sec, READ_MODIFY_WRITE throughput 0.00 ops/sec, total throughput 832.88 ops/sec
Uniform (epoch 41, progress 0.08%): UPDATE throughput 318.97 ops/sec, INSERT throughput 0.00 ops/sec, READ throughput 287.97 ops/sec, SCAN throughput 0.00 ops/sec, READ_MODIFY_WRITE throughput 0.00 ops/sec, total throughput 606.94 ops/sec
Uniform (epoch 42, progress 0.08%): UPDATE throughput 0.00 ops/sec, INSERT throughput 0.00 ops/sec, READ throughput 0.00 ops/sec, SCAN throughput 0.00 ops/sec, READ_MODIFY_WRITE throughput 0.00 ops/sec, total throughput 0.00 ops/sec
Uniform (epoch 43, progress 0.08%): UPDATE throughput 0.00 ops/sec, INSERT throughput 0.00 ops/sec, READ throughput 0.00 ops/sec, SCAN throughput 0.00 ops/sec, READ_MODIFY_WRITE throughput 0.00 ops/sec, total throughput 0.00 ops/sec
Uniform (epoch 44, progress 0.08%): UPDATE throughput 0.00 ops/sec, INSERT throughput 0.00 ops/sec, READ throughput 0.00 ops/sec, SCAN throughput 0.00 ops/sec, READ_MODIFY_WRITE throughput 0.00 ops/sec, total throughput 0.00 ops/sec
Uniform (epoch 45, progress 0.08%): UPDATE throughput 0.00 ops/sec, INSERT throughput 0.00 ops/sec, READ throughput 0.00 ops/sec, SCAN throughput 0.00 ops/sec, READ_MODIFY_WRITE throughput 0.00 ops/sec, total throughput 0.00 ops/sec
Uniform (epoch 46, progress 0.08%): UPDATE throughput 0.00 ops/sec, INSERT throughput 0.00 ops/sec, READ throughput 0.00 ops/sec, SCAN throughput 0.00 ops/sec, READ_MODIFY_WRITE throughput 0.00 ops/sec, total throughput 0.00 ops/sec
Uniform (epoch 47, progress 0.08%): UPDATE throughput 0.00 ops/sec, INSERT throughput 0.00 ops/sec, READ throughput 0.00 ops/sec, SCAN throughput 0.00 ops/sec, READ_MODIFY_WRITE throughput 0.00 ops/sec, total throughput 0.00 ops/sec
Uniform (epoch 48, progress 0.08%): UPDATE throughput 0.00 ops/sec, INSERT throughput 0.00 ops/sec, READ throughput 0.00 ops/sec, SCAN throughput 0.00 ops/sec, READ_MODIFY_WRITE throughput 0.00 ops/sec, total throughput 0.00 ops/sec
Uniform (epoch 49, progress 0.08%): UPDATE throughput 0.00 ops/sec, INSERT throughput 0.00 ops/sec, READ throughput 0.00 ops/sec, SCAN throughput 0.00 ops/sec, READ_MODIFY_WRITE throughput 0.00 ops/sec, total throughput 0.00 ops/sec
Uniform (epoch 50, progress 0.08%): UPDATE throughput 0.00 ops/sec, INSERT throughput 0.00 ops/sec, READ throughput 0.00 ops/sec, SCAN throughput 0.00 ops/sec, READ_MODIFY_WRITE throughput 0.00 ops/sec, total throughput 0.00 ops/sec
Uniform (epoch 51, progress 0.08%): UPDATE throughput 0.00 ops/sec, INSERT throughput 0.00 ops/sec, READ throughput 0.00 ops/sec, SCAN throughput 0.00 ops/sec, READ_MODIFY_WRITE throughput 0.00 ops/sec, total throughput 0.00 ops/sec
Uniform (epoch 52, progress 0.08%): UPDATE throughput 0.00 ops/sec, INSERT throughput 0.00 ops/sec, READ throughput 0.00 ops/sec, SCAN throughput 0.00 ops/sec, READ_MODIFY_WRITE throughput 0.00 ops/sec, total throughput 0.00 ops/sec
Uniform (epoch 53, progress 0.08%): UPDATE throughput 0.00 ops/sec, INSERT throughput 0.00 ops/sec, READ throughput 0.00 ops/sec, SCAN throughput 0.00 ops/sec, READ_MODIFY_WRITE throughput 0.00 ops/sec, total throughput 0.00 ops/sec
Uniform (epoch 54, progress 0.08%): UPDATE throughput 0.00 ops/sec, INSERT throughput 0.00 ops/sec, READ throughput 0.00 ops/sec, SCAN throughput 0.00 ops/sec, READ_MODIFY_WRITE throughput 0.00 ops/sec, total throughput 0.00 ops/sec
Uniform (epoch 55, progress 0.08%): UPDATE throughput 0.00 ops/sec, INSERT throughput 0.00 ops/sec, READ throughput 0.00 ops/sec, SCAN throughput 0.00 ops/sec, READ_MODIFY_WRITE throughput 0.00 ops/sec, total throughput 0.00 ops/sec
Uniform (epoch 56, progress 0.08%): UPDATE throughput 0.00 ops/sec, INSERT throughput 0.00 ops/sec, READ throughput 0.00 ops/sec, SCAN throughput 0.00 ops/sec, READ_MODIFY_WRITE throughput 0.00 ops/sec, total throughput 0.00 ops/sec
Uniform (epoch 57, progress 0.08%): UPDATE throughput 0.00 ops/sec, INSERT throughput 0.00 ops/sec, READ throughput 0.00 ops/sec, SCAN throughput 0.00 ops/sec, READ_MODIFY_WRITE throughput 0.00 ops/sec, total throughput 0.00 ops/sec
Uniform (epoch 58, progress 0.08%): UPDATE throughput 0.00 ops/sec, INSERT throughput 0.00 ops/sec, READ throughput 0.00 ops/sec, SCAN throughput 0.00 ops/sec, READ_MODIFY_WRITE throughput 0.00 ops/sec, total throughput 0.00 ops/sec
Uniform (epoch 59, progress 0.08%): UPDATE throughput 0.00 ops/sec, INSERT throughput 0.00 ops/sec, READ throughput 0.00 ops/sec, SCAN throughput 0.00 ops/sec, READ_MODIFY_WRITE throughput 0.00 ops/sec, total throughput 0.00 ops/sec
Uniform (epoch 60, progress 0.08%): UPDATE throughput 0.00 ops/sec, INSERT throughput 0.00 ops/sec, READ throughput 0.00 ops/sec, SCAN throughput 0.00 ops/sec, READ_MODIFY_WRITE throughput 0.00 ops/sec, total throughput 0.00 ops/sec
Uniform (epoch 61, progress 0.08%): UPDATE throughput 0.00 ops/sec, INSERT throughput 0.00 ops/sec, READ throughput 0.00 ops/sec, SCAN throughput 0.00 ops/sec, READ_MODIFY_WRITE throughput 0.00 ops/sec, total throughput 0.00 ops/sec
Uniform (epoch 62, progress 0.08%): UPDATE throughput 0.00 ops/sec, INSERT throughput 0.00 ops/sec, READ throughput 0.00 ops/sec, SCAN throughput 0.00 ops/sec, READ_MODIFY_WRITE throughput 0.00 ops/sec, total throughput 0.00 ops/sec
Uniform (epoch 63, progress 0.08%): UPDATE throughput 0.00 ops/sec, INSERT throughput 0.00 ops/sec, READ throughput 0.00 ops/sec, SCAN throughput 0.00 ops/sec, READ_MODIFY_WRITE throughput 0.00 ops/sec, total throughput 0.00 ops/sec
Uniform (epoch 64, progress 0.08%): UPDATE throughput 0.00 ops/sec, INSERT throughput 0.00 ops/sec, READ throughput 0.00 ops/sec, SCAN throughput 0.00 ops/sec, READ_MODIFY_WRITE throughput 0.00 ops/sec, total throughput 0.00 ops/sec
Uniform (epoch 65, progress 0.08%): UPDATE throughput 0.00 ops/sec, INSERT throughput 0.00 ops/sec, READ throughput 0.00 ops/sec, SCAN throughput 0.00 ops/sec, READ_MODIFY_WRITE throughput 0.00 ops/sec, total throughput 0.00 ops/sec
Uniform (epoch 66, progress 0.08%): UPDATE throughput 0.00 ops/sec, INSERT throughput 0.00 ops/sec, READ throughput 0.00 ops/sec, SCAN throughput 0.00 ops/sec, READ_MODIFY_WRITE throughput 0.00 ops/sec, total throughput 0.00 ops/sec
Uniform (epoch 67, progress 0.08%): UPDATE throughput 0.00 ops/sec, INSERT throughput 0.00 ops/sec, READ throughput 0.00 ops/sec, SCAN throughput 0.00 ops/sec, READ_MODIFY_WRITE throughput 0.00 ops/sec, total throughput 0.00 ops/sec
Uniform (epoch 68, progress 0.08%): UPDATE throughput 0.00 ops/sec, INSERT throughput 0.00 ops/sec, READ throughput 0.00 ops/sec, SCAN throughput 0.00 ops/sec, READ_MODIFY_WRITE throughput 0.00 ops/sec, total throughput 0.00 ops/sec
Uniform (epoch 69, progress 0.08%): UPDATE throughput 0.00 ops/sec, INSERT throughput 0.00 ops/sec, READ throughput 0.00 ops/sec, SCAN throughput 0.00 ops/sec, READ_MODIFY_WRITE throughput 0.00 ops/sec, total throughput 0.00 ops/sec
Uniform (epoch 70, progress 0.08%): UPDATE throughput 0.00 ops/sec, INSERT throughput 0.00 ops/sec, READ throughput 0.00 ops/sec, SCAN throughput 0.00 ops/sec, READ_MODIFY_WRITE throughput 0.00 ops/sec, total throughput 0.00 ops/sec
Uniform (epoch 71, progress 0.08%): UPDATE throughput 0.00 ops/sec, INSERT throughput 0.00 ops/sec, READ throughput 0.00 ops/sec, SCAN throughput 0.00 ops/sec, READ_MODIFY_WRITE throughput 0.00 ops/sec, total throughput 0.00 ops/sec
Uniform (epoch 72, progress 0.08%): UPDATE throughput 0.00 ops/sec, INSERT throughput 0.00 ops/sec, READ throughput 0.00 ops/sec, SCAN throughput 0.00 ops/sec, READ_MODIFY_WRITE throughput 0.00 ops/sec, total throughput 0.00 ops/sec
Uniform (epoch 73, progress 0.08%): UPDATE throughput 0.00 ops/sec, INSERT throughput 0.00 ops/sec, READ throughput 0.00 ops/sec, SCAN throughput 0.00 ops/sec, READ_MODIFY_WRITE throughput 0.00 ops/sec, total throughput 0.00 ops/sec
Uniform (epoch 74, progress 0.08%): UPDATE throughput 0.00 ops/sec, INSERT throughput 0.00 ops/sec, READ throughput 0.00 ops/sec, SCAN throughput 0.00 ops/sec, READ_MODIFY_WRITE throughput 0.00 ops/sec, total throughput 0.00 ops/sec
Uniform (epoch 75, progress 0.08%): UPDATE throughput 0.00 ops/sec, INSERT throughput 0.00 ops/sec, READ throughput 0.00 ops/sec, SCAN throughput 0.00 ops/sec, READ_MODIFY_WRITE throughput 0.00 ops/sec, total throughput 0.00 ops/sec
Uniform (epoch 76, progress 0.08%): UPDATE throughput 295.96 ops/sec, INSERT throughput 0.00 ops/sec, READ throughput 304.96 ops/sec, SCAN throughput 0.00 ops/sec, READ_MODIFY_WRITE throughput 0.00 ops/sec, total throughput 600.92 ops/sec
Uniform (epoch 77, progress 0.08%): UPDATE throughput 305.97 ops/sec, INSERT throughput 0.00 ops/sec, READ throughput 344.97 ops/sec, SCAN throughput 0.00 ops/sec, READ_MODIFY_WRITE throughput 0.00 ops/sec, total throughput 650.93 ops/sec
Uniform (epoch 78, progress 0.09%): UPDATE throughput 351.95 ops/sec, INSERT throughput 0.00 ops/sec, READ throughput 347.95 ops/sec, SCAN throughput 0.00 ops/sec, READ_MODIFY_WRITE throughput 0.00 ops/sec, total throughput 699.90 ops/sec
Uniform (epoch 79, progress 0.09%): UPDATE throughput 361.95 ops/sec, INSERT throughput 0.00 ops/sec, READ throughput 315.96 ops/sec, SCAN throughput 0.00 ops/sec, READ_MODIFY_WRITE throughput 0.00 ops/sec, total throughput 677.91 ops/sec
Uniform (epoch 80, progress 0.09%): UPDATE throughput 337.97 ops/sec, INSERT throughput 0.00 ops/sec, READ throughput 361.96 ops/sec, SCAN throughput 0.00 ops/sec, READ_MODIFY_WRITE throughput 0.00 ops/sec, total throughput 699.93 ops/sec
Uniform (epoch 81, progress 0.09%): UPDATE throughput 328.96 ops/sec, INSERT throughput 0.00 ops/sec, READ throughput 362.95 ops/sec, SCAN throughput 0.00 ops/sec, READ_MODIFY_WRITE throughput 0.00 ops/sec, total throughput 691.91 ops/sec
Uniform (epoch 82, progress 0.09%): UPDATE throughput 182.98 ops/sec, INSERT throughput 0.00 ops/sec, READ throughput 204.97 ops/sec, SCAN throughput 0.00 ops/sec, READ_MODIFY_WRITE throughput 0.00 ops/sec, total throughput 387.95 ops/sec
Uniform (epoch 83, progress 0.09%): UPDATE throughput 441.94 ops/sec, INSERT throughput 0.00 ops/sec, READ throughput 373.95 ops/sec, SCAN throughput 0.00 ops/sec, READ_MODIFY_WRITE throughput 0.00 ops/sec, total throughput 815.89 ops/sec
Uniform (epoch 84, progress 0.10%): UPDATE throughput 404.95 ops/sec, INSERT throughput 0.00 ops/sec, READ throughput 399.95 ops/sec, SCAN throughput 0.00 ops/sec, READ_MODIFY_WRITE throughput 0.00 ops/sec, total throughput 804.89 ops/sec
Uniform (epoch 85, progress 0.10%): UPDATE throughput 288.96 ops/sec, INSERT throughput 0.00 ops/sec, READ throughput 263.96 ops/sec, SCAN throughput 0.00 ops/sec, READ_MODIFY_WRITE throughput 0.00 ops/sec, total throughput 552.92 ops/sec
Uniform (epoch 86, progress 0.10%): UPDATE throughput 409.95 ops/sec, INSERT throughput 0.00 ops/sec, READ throughput 397.95 ops/sec, SCAN throughput 0.00 ops/sec, READ_MODIFY_WRITE throughput 0.00 ops/sec, total throughput 807.89 ops/sec
Uniform (epoch 87, progress 0.10%): UPDATE throughput 331.97 ops/sec, INSERT throughput 0.00 ops/sec, READ throughput 394.96 ops/sec, SCAN throughput 0.00 ops/sec, READ_MODIFY_WRITE throughput 0.00 ops/sec, total throughput 726.93 ops/sec
Uniform (epoch 88, progress 0.10%): UPDATE throughput 300.96 ops/sec, INSERT throughput 0.00 ops/sec, READ throughput 248.97 ops/sec, SCAN throughput 0.00 ops/sec, READ_MODIFY_WRITE throughput 0.00 ops/sec, total throughput 549.93 ops/sec
Uniform (epoch 89, progress 0.10%): UPDATE throughput 493.95 ops/sec, INSERT throughput 0.00 ops/sec, READ throughput 486.95 ops/sec, SCAN throughput 0.00 ops/sec, READ_MODIFY_WRITE throughput 0.00 ops/sec, total throughput 980.90 ops/sec
Uniform (epoch 90, progress 0.11%): UPDATE throughput 393.96 ops/sec, INSERT throughput 0.00 ops/sec, READ throughput 407.96 ops/sec, SCAN throughput 0.00 ops/sec, READ_MODIFY_WRITE throughput 0.00 ops/sec, total throughput 801.91 ops/sec
Uniform (epoch 91, progress 0.11%): UPDATE throughput 444.94 ops/sec, INSERT throughput 0.00 ops/sec, READ throughput 448.94 ops/sec, SCAN throughput 0.00 ops/sec, READ_MODIFY_WRITE throughput 0.00 ops/sec, total throughput 893.88 ops/sec
Uniform (epoch 92, progress 0.11%): UPDATE throughput 387.95 ops/sec, INSERT throughput 0.00 ops/sec, READ throughput 383.95 ops/sec, SCAN throughput 0.00 ops/sec, READ_MODIFY_WRITE throughput 0.00 ops/sec, total throughput 771.90 ops/sec
Uniform (epoch 93, progress 0.11%): UPDATE throughput 402.95 ops/sec, INSERT throughput 0.00 ops/sec, READ throughput 386.95 ops/sec, SCAN throughput 0.00 ops/sec, READ_MODIFY_WRITE throughput 0.00 ops/sec, total throughput 789.90 ops/sec
Uniform (epoch 94, progress 0.12%): UPDATE throughput 439.94 ops/sec, INSERT throughput 0.00 ops/sec, READ throughput 472.94 ops/sec, SCAN throughput 0.00 ops/sec, READ_MODIFY_WRITE throughput 0.00 ops/sec, total throughput 912.88 ops/sec
Uniform (epoch 95, progress 0.12%): UPDATE throughput 260.97 ops/sec, INSERT throughput 0.00 ops/sec, READ throughput 284.97 ops/sec, SCAN throughput 0.00 ops/sec, READ_MODIFY_WRITE throughput 0.00 ops/sec, total throughput 545.95 ops/sec
Uniform (epoch 96, progress 0.12%): UPDATE throughput 423.94 ops/sec, INSERT throughput 0.00 ops/sec, READ throughput 415.94 ops/sec, SCAN throughput 0.00 ops/sec, READ_MODIFY_WRITE throughput 0.00 ops/sec, total throughput 839.88 ops/sec
Uniform (epoch 97, progress 0.12%): UPDATE throughput 444.94 ops/sec, INSERT throughput 0.00 ops/sec, READ throughput 406.94 ops/sec, SCAN throughput 0.00 ops/sec, READ_MODIFY_WRITE throughput 0.00 ops/sec, total throughput 851.88 ops/sec
Uniform (epoch 98, progress 0.12%): UPDATE throughput 108.98 ops/sec, INSERT throughput 0.00 ops/sec, READ throughput 124.98 ops/sec, SCAN throughput 0.00 ops/sec, READ_MODIFY_WRITE throughput 0.00 ops/sec, total throughput 233.96 ops/sec
Uniform (epoch 99, progress 0.12%): UPDATE throughput 387.94 ops/sec, INSERT throughput 0.00 ops/sec, READ throughput 371.95 ops/sec, SCAN throughput 0.00 ops/sec, READ_MODIFY_WRITE throughput 0.00 ops/sec, total throughput 759.89 ops/sec
Uniform (epoch 100, progress 0.12%): UPDATE throughput 326.96 ops/sec, INSERT throughput 0.00 ops/sec, READ throughput 329.96 ops/sec, SCAN throughput 0.00 ops/sec, READ_MODIFY_WRITE throughput 0.00 ops/sec, total throughput 656.91 ops/sec
Uniform (epoch 101, progress 0.13%): UPDATE throughput 250.97 ops/sec, INSERT throughput 0.00 ops/sec, READ throughput 258.97 ops/sec, SCAN throughput 0.00 ops/sec, READ_MODIFY_WRITE throughput 0.00 ops/sec, total throughput 509.93 ops/sec
Uniform (epoch 102, progress 0.13%): UPDATE throughput 337.97 ops/sec, INSERT throughput 0.00 ops/sec, READ throughput 328.97 ops/sec, SCAN throughput 0.00 ops/sec, READ_MODIFY_WRITE throughput 0.00 ops/sec, total throughput 666.93 ops/sec
Uniform (epoch 103, progress 0.13%): UPDATE throughput 331.95 ops/sec, INSERT throughput 0.00 ops/sec, READ throughput 309.96 ops/sec, SCAN throughput 0.00 ops/sec, READ_MODIFY_WRITE throughput 0.00 ops/sec, total throughput 641.91 ops/sec
Uniform (epoch 104, progress 0.13%): UPDATE throughput 302.97 ops/sec, INSERT throughput 0.00 ops/sec, READ throughput 323.97 ops/sec, SCAN throughput 0.00 ops/sec, READ_MODIFY_WRITE throughput 0.00 ops/sec, total throughput 626.94 ops/sec
Uniform (epoch 105, progress 0.13%): UPDATE throughput 43.00 ops/sec, INSERT throughput 0.00 ops/sec, READ throughput 43.00 ops/sec, SCAN throughput 0.00 ops/sec, READ_MODIFY_WRITE throughput 0.00 ops/sec, total throughput 85.99 ops/sec
Uniform (epoch 106, progress 0.13%): UPDATE throughput 307.97 ops/sec, INSERT throughput 0.00 ops/sec, READ throughput 312.97 ops/sec, SCAN throughput 0.00 ops/sec, READ_MODIFY_WRITE throughput 0.00 ops/sec, total throughput 620.94 ops/sec
Uniform (epoch 107, progress 0.13%): UPDATE throughput 287.95 ops/sec, INSERT throughput 0.00 ops/sec, READ throughput 300.95 ops/sec, SCAN throughput 0.00 ops/sec, READ_MODIFY_WRITE throughput 0.00 ops/sec, total throughput 588.90 ops/sec
Uniform (epoch 108, progress 0.14%): UPDATE throughput 355.95 ops/sec, INSERT throughput 0.00 ops/sec, READ throughput 303.96 ops/sec, SCAN throughput 0.00 ops/sec, READ_MODIFY_WRITE throughput 0.00 ops/sec, total throughput 659.90 ops/sec
Uniform (epoch 109, progress 0.14%): UPDATE throughput 281.96 ops/sec, INSERT throughput 0.00 ops/sec, READ throughput 285.96 ops/sec, SCAN throughput 0.00 ops/sec, READ_MODIFY_WRITE throughput 0.00 ops/sec, total throughput 567.92 ops/sec
Uniform (epoch 110, progress 0.14%): UPDATE throughput 332.95 ops/sec, INSERT throughput 0.00 ops/sec, READ throughput 297.96 ops/sec, SCAN throughput 0.00 ops/sec, READ_MODIFY_WRITE throughput 0.00 ops/sec, total throughput 630.91 ops/sec
Uniform (epoch 111, progress 0.14%): UPDATE throughput 300.96 ops/sec, INSERT throughput 0.00 ops/sec, READ throughput 326.95 ops/sec, SCAN throughput 0.00 ops/sec, READ_MODIFY_WRITE throughput 0.00 ops/sec, total throughput 627.91 ops/sec
Uniform (epoch 112, progress 0.14%): UPDATE throughput 134.98 ops/sec, INSERT throughput 0.00 ops/sec, READ throughput 142.98 ops/sec, SCAN throughput 0.00 ops/sec, READ_MODIFY_WRITE throughput 0.00 ops/sec, total throughput 277.96 ops/sec
Uniform (epoch 113, progress 0.14%): UPDATE throughput 0.00 ops/sec, INSERT throughput 0.00 ops/sec, READ throughput 0.00 ops/sec, SCAN throughput 0.00 ops/sec, READ_MODIFY_WRITE throughput 0.00 ops/sec, total throughput 0.00 ops/sec
Uniform (epoch 114, progress 0.14%): UPDATE throughput 0.00 ops/sec, INSERT throughput 0.00 ops/sec, READ throughput 0.00 ops/sec, SCAN throughput 0.00 ops/sec, READ_MODIFY_WRITE throughput 0.00 ops/sec, total throughput 0.00 ops/sec
Uniform (epoch 115, progress 0.14%): UPDATE throughput 0.00 ops/sec, INSERT throughput 0.00 ops/sec, READ throughput 0.00 ops/sec, SCAN throughput 0.00 ops/sec, READ_MODIFY_WRITE throughput 0.00 ops/sec, total throughput 0.00 ops/sec
Uniform (epoch 116, progress 0.14%): UPDATE throughput 0.00 ops/sec, INSERT throughput 0.00 ops/sec, READ throughput 0.00 ops/sec, SCAN throughput 0.00 ops/sec, READ_MODIFY_WRITE throughput 0.00 ops/sec, total throughput 0.00 ops/sec
Uniform (epoch 117, progress 0.14%): UPDATE throughput 0.00 ops/sec, INSERT throughput 0.00 ops/sec, READ throughput 0.00 ops/sec, SCAN throughput 0.00 ops/sec, READ_MODIFY_WRITE throughput 0.00 ops/sec, total throughput 0.00 ops/sec
Uniform (epoch 118, progress 0.14%): UPDATE throughput 0.00 ops/sec, INSERT throughput 0.00 ops/sec, READ throughput 0.00 ops/sec, SCAN throughput 0.00 ops/sec, READ_MODIFY_WRITE throughput 0.00 ops/sec, total throughput 0.00 ops/sec
Uniform (epoch 119, progress 0.14%): UPDATE throughput 0.00 ops/sec, INSERT throughput 0.00 ops/sec, READ throughput 0.00 ops/sec, SCAN throughput 0.00 ops/sec, READ_MODIFY_WRITE throughput 0.00 ops/sec, total throughput 0.00 ops/sec
Uniform (epoch 120, progress 0.14%): UPDATE throughput 0.00 ops/sec, INSERT throughput 0.00 ops/sec, READ throughput 0.00 ops/sec, SCAN throughput 0.00 ops/sec, READ_MODIFY_WRITE throughput 0.00 ops/sec, total throughput 0.00 ops/sec
time's up!
Uniform: calculating overall performance metrics... (might take a while)
Uniform overall: UPDATE throughput 187.07 ops/sec, INSERT throughput 0.00 ops/sec, READ throughput 188.70 ops/sec, SCAN throughput 0.00 ops/sec, READ_MODIFY_WRITE throughput 0.00 ops/sec, total throughput 375.77 ops/sec
Uniform overall: UPDATE average latency 10815744.47 ns, UPDATE p99 latency 1504495.02 ns, INSERT average latency 0.00 ns, INSERT p99 latency 0.00 ns, READ average latency 7649860.67 ns, READ p99 latency 60841160.81 ns, SCAN average latency 0.00 ns, SCAN p99 latency 0.00 ns, READ_MODIFY_WRITE average latency 0.00 ns, READ_MODIFY_WRITE p99 latency 0.00 ns

total_throughput 1499.7
read_p99_ns 60841160.81
reader_fast_throughput 1123.93
writer_slow_throughput 375.77
