2026-03-09 22:42:45,997 INFO Waiting for evaluation lock /tmp/cache_ext_evaluate.lock ...
2026-03-09 22:48:43,832 INFO Acquired evaluation lock.
2026-03-09 22:48:43,832 INFO === Step 0: Drop page cache ===
2026-03-09 22:48:43,832 INFO Database already exists at /mydata/leveldb_temp (CURRENT file found), skipping rsync
2026-03-09 22:48:43,832 INFO CMD: sudo sync
2026-03-09 22:48:44,022 INFO CMD: sudo sh -c echo 3 > /proc/sys/vm/drop_caches
2026-03-09 22:48:44,340 INFO Page cache dropped.
2026-03-09 22:48:44,340 INFO === Step 1: Compile evolved policy ===
2026-03-09 22:48:44,352 INFO CMD: sudo chown -R root: /mydata/cache_ext/eviction_evo/build
2026-03-09 22:48:45,109 INFO CMD: clang-14 -O2 -target bpf -D__TARGET_ARCH_x86 -c -g -Wall -idirafter /usr/lib/llvm-14/lib/clang/14.0.0/include -idirafter /usr/local/include -idirafter /usr/include/x86_64-linux-gnu -idirafter /usr/include /mydata/cache_ext/eviction_evo/build/cache_ext_evolved.bpf.c -o /mydata/cache_ext/eviction_evo/build/cache_ext_evolved.bpf.o
2026-03-09 22:48:48,212 INFO CMD: /usr/local/sbin/bpftool gen skeleton /mydata/cache_ext/eviction_evo/build/cache_ext_evolved.bpf.o name cache_ext_evolved_bpf
2026-03-09 22:48:48,406 INFO CMD: clang-14 -O2 -g -Wall -I/mydata/cache_ext/eviction_evo/build -I/mydata/cache_ext/policies /mydata/cache_ext/eviction_evo/cache_ext_evolved.c -o /mydata/cache_ext/eviction_evo/build/cache_ext_evolved.out -L/usr/local/lib64 -lbpf
2026-03-09 22:48:49,429 INFO Compilation successful: /mydata/cache_ext/eviction_evo/build/cache_ext_evolved.out
2026-03-09 22:48:49,429 INFO === Step 2: Disable MGLRU ===
2026-03-09 22:48:49,429 INFO MGLRU current state: 0x0000 — disabling
2026-03-09 22:48:49,429 INFO CMD: sudo sh -c echo 0 > /sys/kernel/mm/lru_gen/enabled
2026-03-09 22:48:49,448 INFO MGLRU disabled.
2026-03-09 22:48:49,449 INFO === Step 3: Create cgroup ===
2026-03-09 22:48:49,449 INFO CMD: sudo cgdelete memory:cache_ext_test
2026-03-09 22:48:49,486 INFO CMD: sudo cgcreate -g memory:cache_ext_test
2026-03-09 22:48:49,601 INFO CMD: sudo sh -c echo 536870912 > /sys/fs/cgroup/cache_ext_test/memory.max
2026-03-09 22:48:49,616 INFO Created cgroup cache_ext_test with limit 536870912 bytes
2026-03-09 22:48:49,617 INFO === Step 4: Load BPF policy ===
2026-03-09 22:48:49,617 INFO Loading policy: sudo /mydata/cache_ext/eviction_evo/build/cache_ext_evolved.out --watch_dir /mydata/leveldb_temp --cgroup_path /sys/fs/cgroup/cache_ext_test
2026-03-09 22:48:59,628 INFO Policy loaded (PID 256553)
2026-03-09 22:48:59,628 INFO === Step 5: Start server ===
2026-03-09 22:48:59,628 INFO Starting server: sudo cgexec -g memory:cache_ext_test /mydata/cache_ext/net_leveldb_server 9100 /mydata/leveldb_temp
2026-03-09 22:48:59,629 INFO Waiting for server on port 9100 ...
2026-03-09 22:49:00,687 INFO Server ready (PID 256565) on port 9100
2026-03-09 22:49:00,687 INFO === Step 6: Run 2 trace benchmarks ===
2026-03-09 22:49:00,687 INFO --- Trace 1/2: dual_small_vs_large ---
2026-03-09 22:49:00,714 INFO Starting proxy: /usr/bin/python /mydata/cache_ext/eviction_evo/tcp_delay_proxy.py --listen-port 9101 --target-port 9100 --delay-ms 1 --bandwidth-kbps 500000
2026-03-09 22:49:01,716 INFO Proxy ready on port 9101
2026-03-09 22:49:01,722 INFO Starting client reader_fast: /mydata/cache_ext/My-YCSB/build/run_net_leveldb /tmp/dual_reader_fast_p76ez4aj.yaml
2026-03-09 22:49:01,750 INFO Starting client writer_slow: /mydata/cache_ext/My-YCSB/build/run_net_leveldb /tmp/dual_writer_slow_yi8dlqj8.yaml
2026-03-09 22:51:59,242 INFO Client reader_fast: throughput=166.28
2026-03-09 22:51:59,242 INFO Client writer_slow: throughput=132.37
2026-03-09 22:51:59,242 INFO Dual-client combined throughput: 298.65 ops/sec
2026-03-09 22:51:59,246 INFO Trace dual_small_vs_large: throughput=298.65 ops/sec
2026-03-09 22:51:59,246 INFO --- Trace 2/2: dual_congested ---
2026-03-09 22:51:59,246 INFO CMD: sudo sync
2026-03-09 22:51:59,375 INFO CMD: sudo sh -c echo 3 > /proc/sys/vm/drop_caches
2026-03-09 22:51:59,896 INFO Page cache dropped.
2026-03-09 22:52:01,928 INFO Starting proxy: /usr/bin/python /mydata/cache_ext/eviction_evo/tcp_delay_proxy.py --listen-port 9101 --target-port 9100 --delay-ms 2 --bandwidth-kbps 100000
2026-03-09 22:52:02,967 INFO Proxy ready on port 9101
2026-03-09 22:52:02,967 INFO Starting proxy: /usr/bin/python /mydata/cache_ext/eviction_evo/tcp_delay_proxy.py --listen-port 9102 --target-port 9100 --delay-ms 5 --bandwidth-kbps 50000
2026-03-09 22:52:03,970 INFO Proxy ready on port 9102
2026-03-09 22:52:04,002 INFO Starting client wan_reader: /mydata/cache_ext/My-YCSB/build/run_net_leveldb /tmp/dual_wan_reader_esz3iqw0.yaml
2026-03-09 22:52:04,026 INFO Starting client wan_writer: /mydata/cache_ext/My-YCSB/build/run_net_leveldb /tmp/dual_wan_writer_9b8ptcdd.yaml
2026-03-09 22:55:00,943 INFO Client wan_reader: throughput=158.31
2026-03-09 22:55:00,997 INFO Client wan_writer: throughput=166.98
2026-03-09 22:55:00,997 INFO Dual-client combined throughput: 325.29 ops/sec
2026-03-09 22:55:01,004 INFO Trace dual_congested: throughput=325.29 ops/sec
2026-03-09 22:55:01,020 INFO === Evaluation complete ===
2026-03-09 22:55:01,020 INFO Combined score (harmonic mean): 311.40  (2/2 traces passed)
2026-03-09 22:55:01,020 INFO   dual_small_vs_large: 298.65 ops/sec
2026-03-09 22:55:01,021 INFO   dual_congested: 325.29 ops/sec
2026-03-09 22:55:01,021 INFO Stopping net_leveldb_server (PID 256565)
2026-03-09 22:55:01,021 INFO CMD: sudo kill 256565
2026-03-09 22:55:01,174 INFO Unloading BPF policy (PID 256553)
2026-03-09 22:55:01,175 INFO CMD: sudo kill -2 256553
2026-03-09 22:55:01,405 INFO CMD: sudo rm -f /sys/fs/bpf/cache_ext/scan_pids
2026-03-09 22:55:01,449 INFO CMD: sudo cgdelete memory:cache_ext_test
2026-03-09 22:55:01,489 INFO CMD: sudo sh -c echo 0x0000 > /sys/kernel/mm/lru_gen/enabled
2026-03-09 22:55:01,508 INFO MGLRU re-enabled (restored to 0x0000).
