2026-03-11 12:11:50,042 INFO Waiting for evaluation lock /tmp/cache_ext_evaluate.lock ...
2026-03-11 12:17:30,980 INFO Acquired evaluation lock.
2026-03-11 12:17:30,980 INFO === Step 0: Drop page cache ===
2026-03-11 12:17:30,980 INFO Database already exists at /mydata/leveldb_temp (CURRENT file found), skipping rsync
2026-03-11 12:17:30,980 INFO CMD: sudo sync
2026-03-11 12:17:31,294 INFO CMD: sudo sh -c echo 3 > /proc/sys/vm/drop_caches
2026-03-11 12:17:31,785 INFO Page cache dropped.
2026-03-11 12:17:31,786 INFO === Step 1: Compile evolved policy ===
2026-03-11 12:17:31,786 INFO CMD: sudo chown -R root: /mydata/cache_ext/eviction_evo/build
2026-03-11 12:17:33,273 INFO CMD: clang-14 -O2 -target bpf -D__TARGET_ARCH_x86 -c -g -Wall -idirafter /usr/lib/llvm-14/lib/clang/14.0.0/include -idirafter /usr/local/include -idirafter /usr/include/x86_64-linux-gnu -idirafter /usr/include /mydata/cache_ext/eviction_evo/build/cache_ext_evolved.bpf.c -o /mydata/cache_ext/eviction_evo/build/cache_ext_evolved.bpf.o
2026-03-11 12:17:37,760 INFO CMD: /usr/local/sbin/bpftool gen skeleton /mydata/cache_ext/eviction_evo/build/cache_ext_evolved.bpf.o name cache_ext_evolved_bpf
2026-03-11 12:17:37,963 INFO CMD: clang-14 -O2 -g -Wall -I/mydata/cache_ext/eviction_evo/build -I/mydata/cache_ext/policies /mydata/cache_ext/eviction_evo/cache_ext_evolved.c -o /mydata/cache_ext/eviction_evo/build/cache_ext_evolved.out -L/usr/local/lib64 -lbpf
2026-03-11 12:17:38,933 INFO Compilation successful: /mydata/cache_ext/eviction_evo/build/cache_ext_evolved.out
2026-03-11 12:17:38,933 INFO === Step 2: Disable MGLRU ===
2026-03-11 12:17:38,933 INFO MGLRU current state: 0x0007 — disabling
2026-03-11 12:17:38,933 INFO CMD: sudo sh -c echo 0 > /sys/kernel/mm/lru_gen/enabled
2026-03-11 12:17:39,009 INFO MGLRU disabled.
2026-03-11 12:17:39,010 INFO === Step 3: Create cgroup ===
2026-03-11 12:17:39,010 INFO CMD: sudo cgdelete memory:cache_ext_test
2026-03-11 12:17:39,036 INFO CMD: sudo cgcreate -g memory:cache_ext_test
2026-03-11 12:17:39,138 INFO CMD: sudo sh -c echo 536870912 > /sys/fs/cgroup/cache_ext_test/memory.max
2026-03-11 12:17:39,152 INFO Created cgroup cache_ext_test with limit 536870912 bytes
2026-03-11 12:17:39,152 INFO === Step 4: Load BPF policy ===
2026-03-11 12:17:39,152 INFO Loading policy: sudo /mydata/cache_ext/eviction_evo/build/cache_ext_evolved.out --watch_dir /mydata/leveldb_temp --cgroup_path /sys/fs/cgroup/cache_ext_test
2026-03-11 12:17:49,163 INFO Policy loaded (PID 27933)
2026-03-11 12:17:49,163 INFO === Step 5: Start server ===
2026-03-11 12:17:49,163 INFO Starting server: sudo cgexec -g memory:cache_ext_test /mydata/cache_ext/net_leveldb_server 9100 /mydata/leveldb_temp
2026-03-11 12:17:49,165 INFO Waiting for server on port 9100 ...
2026-03-11 12:17:50,242 INFO Server ready (PID 27977) on port 9100
2026-03-11 12:17:50,242 INFO === Step 6: Run 2 trace benchmarks ===
2026-03-11 12:17:50,242 INFO --- Trace 1/2: dual_small_vs_large ---
2026-03-11 12:17:50,898 INFO Starting remote client reader_fast on krisub@node1: ssh -o StrictHostKeyChecking=no -o BatchMode=yes -i /users/krisub/.ssh/id_ed25519 krisub@node1 sh -lc 'if command -v cgexec >/dev/null 2>&1; then cgexec -g memory:cache_ext_remote_clients /mydata/cache_ext/My-YCSB/build/run_net_leveldb /tmp/dual_reader_fast_cfmezimr.yaml && exit 0; fi; exec /mydata/cache_ext/My-YCSB/build/run_net_leveldb /tmp/dual_reader_fast_cfmezimr.yaml'
2026-03-11 12:17:51,145 INFO Starting remote client writer_slow on krisub@node1: ssh -o StrictHostKeyChecking=no -o BatchMode=yes -i /users/krisub/.ssh/id_ed25519 krisub@node1 sh -lc 'if command -v cgexec >/dev/null 2>&1; then cgexec -g memory:cache_ext_remote_clients /mydata/cache_ext/My-YCSB/build/run_net_leveldb /tmp/dual_writer_slow_rbb8yyre.yaml && exit 0; fi; exec /mydata/cache_ext/My-YCSB/build/run_net_leveldb /tmp/dual_writer_slow_rbb8yyre.yaml'
2026-03-11 12:20:49,262 INFO Client reader_fast: throughput=940.45
2026-03-11 12:21:10,869 INFO Client writer_slow: throughput=276.05
2026-03-11 12:21:10,869 INFO Dual-client combined throughput: 1216.50 ops/sec
2026-03-11 12:21:11,362 INFO Trace dual_small_vs_large: throughput=1216.50 ops/sec
2026-03-11 12:21:11,363 INFO --- Trace 2/2: dual_congested ---
2026-03-11 12:21:11,363 INFO CMD: sudo sync
2026-03-11 12:21:11,519 INFO CMD: sudo sh -c echo 3 > /proc/sys/vm/drop_caches
2026-03-11 12:21:13,068 INFO Page cache dropped.
2026-03-11 12:21:15,955 INFO Starting remote client wan_reader on krisub@node1: ssh -o StrictHostKeyChecking=no -o BatchMode=yes -i /users/krisub/.ssh/id_ed25519 krisub@node1 sh -lc 'if command -v cgexec >/dev/null 2>&1; then cgexec -g memory:cache_ext_remote_clients /mydata/cache_ext/My-YCSB/build/run_net_leveldb /tmp/dual_wan_reader_55pff976.yaml && exit 0; fi; exec /mydata/cache_ext/My-YCSB/build/run_net_leveldb /tmp/dual_wan_reader_55pff976.yaml'
2026-03-11 12:21:16,210 INFO Starting remote client wan_writer on krisub@node1: ssh -o StrictHostKeyChecking=no -o BatchMode=yes -i /users/krisub/.ssh/id_ed25519 krisub@node1 sh -lc 'if command -v cgexec >/dev/null 2>&1; then cgexec -g memory:cache_ext_remote_clients /mydata/cache_ext/My-YCSB/build/run_net_leveldb /tmp/dual_wan_writer_r4ir_zcd.yaml && exit 0; fi; exec /mydata/cache_ext/My-YCSB/build/run_net_leveldb /tmp/dual_wan_writer_r4ir_zcd.yaml'
2026-03-11 12:24:14,244 INFO Client wan_reader: throughput=767.28
2026-03-11 12:24:14,463 INFO Client wan_writer: throughput=1103.11
2026-03-11 12:24:14,463 INFO Dual-client combined throughput: 1870.39 ops/sec
2026-03-11 12:24:14,946 INFO Trace dual_congested: throughput=1870.39 ops/sec
2026-03-11 12:24:14,974 INFO === Evaluation complete ===
2026-03-11 12:24:14,974 INFO Combined score (harmonic mean): 1474.19  (2/2 traces passed)
2026-03-11 12:24:14,974 INFO   dual_small_vs_large: 1216.50 ops/sec
2026-03-11 12:24:14,974 INFO   dual_congested: 1870.39 ops/sec
2026-03-11 12:24:14,974 INFO Stopping net_leveldb_server (PID 27977)
2026-03-11 12:24:14,974 INFO CMD: sudo kill 27977
2026-03-11 12:24:15,110 INFO Unloading BPF policy (PID 27933)
2026-03-11 12:24:15,110 INFO CMD: sudo kill -2 27933
2026-03-11 12:24:15,441 INFO CMD: sudo rm -f /sys/fs/bpf/cache_ext/scan_pids
2026-03-11 12:24:15,465 INFO CMD: sudo cgdelete memory:cache_ext_test
2026-03-11 12:24:15,494 INFO CMD: sudo sh -c echo 0x0007 > /sys/kernel/mm/lru_gen/enabled
2026-03-11 12:24:15,641 INFO MGLRU re-enabled (restored to 0x0007).
