2026-03-11 13:15:57,020 INFO Waiting for evaluation lock /tmp/cache_ext_evaluate.lock ...
2026-03-11 13:21:46,400 INFO Acquired evaluation lock.
2026-03-11 13:21:46,401 INFO === Step 0: Drop page cache ===
2026-03-11 13:21:46,401 INFO Database already exists at /mydata/leveldb_temp (CURRENT file found), skipping rsync
2026-03-11 13:21:46,401 INFO CMD: sudo sync
2026-03-11 13:21:46,492 INFO CMD: sudo sh -c echo 3 > /proc/sys/vm/drop_caches
2026-03-11 13:21:46,733 INFO Page cache dropped.
2026-03-11 13:21:46,733 INFO === Step 1: Compile evolved policy ===
2026-03-11 13:21:46,740 INFO CMD: sudo chown -R root: /mydata/cache_ext/eviction_evo/build
2026-03-11 13:21:47,030 INFO CMD: clang-14 -O2 -target bpf -D__TARGET_ARCH_x86 -c -g -Wall -idirafter /usr/lib/llvm-14/lib/clang/14.0.0/include -idirafter /usr/local/include -idirafter /usr/include/x86_64-linux-gnu -idirafter /usr/include /mydata/cache_ext/eviction_evo/build/cache_ext_evolved.bpf.c -o /mydata/cache_ext/eviction_evo/build/cache_ext_evolved.bpf.o
2026-03-11 13:21:50,183 INFO CMD: /usr/local/sbin/bpftool gen skeleton /mydata/cache_ext/eviction_evo/build/cache_ext_evolved.bpf.o name cache_ext_evolved_bpf
2026-03-11 13:21:50,381 INFO CMD: clang-14 -O2 -g -Wall -I/mydata/cache_ext/eviction_evo/build -I/mydata/cache_ext/policies /mydata/cache_ext/eviction_evo/cache_ext_evolved.c -o /mydata/cache_ext/eviction_evo/build/cache_ext_evolved.out -L/usr/local/lib64 -lbpf
2026-03-11 13:21:51,317 INFO Compilation successful: /mydata/cache_ext/eviction_evo/build/cache_ext_evolved.out
2026-03-11 13:21:51,317 INFO === Step 2: Disable MGLRU ===
2026-03-11 13:21:51,317 INFO MGLRU current state: 0x0007 — disabling
2026-03-11 13:21:51,317 INFO CMD: sudo sh -c echo 0 > /sys/kernel/mm/lru_gen/enabled
2026-03-11 13:21:51,396 INFO MGLRU disabled.
2026-03-11 13:21:51,396 INFO === Step 3: Create cgroup ===
2026-03-11 13:21:51,396 INFO CMD: sudo cgdelete memory:cache_ext_test
2026-03-11 13:21:51,424 INFO CMD: sudo cgcreate -g memory:cache_ext_test
2026-03-11 13:21:51,527 INFO CMD: sudo sh -c echo 536870912 > /sys/fs/cgroup/cache_ext_test/memory.max
2026-03-11 13:21:51,540 INFO Created cgroup cache_ext_test with limit 536870912 bytes
2026-03-11 13:21:51,540 INFO === Step 4: Load BPF policy ===
2026-03-11 13:21:51,540 INFO Loading policy: sudo /mydata/cache_ext/eviction_evo/build/cache_ext_evolved.out --watch_dir /mydata/leveldb_temp --cgroup_path /sys/fs/cgroup/cache_ext_test
2026-03-11 13:22:01,551 INFO Policy loaded (PID 36494)
2026-03-11 13:22:01,552 INFO === Step 5: Start server ===
2026-03-11 13:22:01,552 INFO Starting server: sudo cgexec -g memory:cache_ext_test /mydata/cache_ext/net_leveldb_server 9100 /mydata/leveldb_temp
2026-03-11 13:22:01,553 INFO Waiting for server on port 9100 ...
2026-03-11 13:22:02,624 INFO Server ready (PID 36517) on port 9100
2026-03-11 13:22:02,624 INFO === Step 6: Run 2 trace benchmarks ===
2026-03-11 13:22:02,625 INFO --- Trace 1/2: dual_small_vs_large ---
2026-03-11 13:22:03,318 INFO Starting remote client reader_fast on krisub@node1: ssh -o StrictHostKeyChecking=no -o BatchMode=yes -i /users/krisub/.ssh/id_ed25519 krisub@node1 sh -lc 'if command -v cgexec >/dev/null 2>&1; then cgexec -g memory:cache_ext_remote_clients /mydata/cache_ext/My-YCSB/build/run_net_leveldb /tmp/dual_reader_fast_gii206rb.yaml && exit 0; fi; exec /mydata/cache_ext/My-YCSB/build/run_net_leveldb /tmp/dual_reader_fast_gii206rb.yaml'
2026-03-11 13:22:03,578 INFO Starting remote client writer_slow on krisub@node1: ssh -o StrictHostKeyChecking=no -o BatchMode=yes -i /users/krisub/.ssh/id_ed25519 krisub@node1 sh -lc 'if command -v cgexec >/dev/null 2>&1; then cgexec -g memory:cache_ext_remote_clients /mydata/cache_ext/My-YCSB/build/run_net_leveldb /tmp/dual_writer_slow_5wc02rvr.yaml && exit 0; fi; exec /mydata/cache_ext/My-YCSB/build/run_net_leveldb /tmp/dual_writer_slow_5wc02rvr.yaml'
2026-03-11 13:25:01,951 INFO Client reader_fast: throughput=590.64
2026-03-11 13:25:01,952 INFO Client writer_slow: throughput=398.23
2026-03-11 13:25:01,953 INFO Dual-client combined throughput: 988.87 ops/sec
2026-03-11 13:25:02,454 INFO Trace dual_small_vs_large: throughput=988.87 ops/sec
2026-03-11 13:25:02,454 INFO --- Trace 2/2: dual_congested ---
2026-03-11 13:25:02,455 INFO CMD: sudo sync
2026-03-11 13:25:02,694 INFO CMD: sudo sh -c echo 3 > /proc/sys/vm/drop_caches
2026-03-11 13:25:03,289 INFO Page cache dropped.
2026-03-11 13:25:06,098 INFO Starting remote client wan_reader on krisub@node1: ssh -o StrictHostKeyChecking=no -o BatchMode=yes -i /users/krisub/.ssh/id_ed25519 krisub@node1 sh -lc 'if command -v cgexec >/dev/null 2>&1; then cgexec -g memory:cache_ext_remote_clients /mydata/cache_ext/My-YCSB/build/run_net_leveldb /tmp/dual_wan_reader_jf5y9a82.yaml && exit 0; fi; exec /mydata/cache_ext/My-YCSB/build/run_net_leveldb /tmp/dual_wan_reader_jf5y9a82.yaml'
2026-03-11 13:25:06,346 INFO Starting remote client wan_writer on krisub@node1: ssh -o StrictHostKeyChecking=no -o BatchMode=yes -i /users/krisub/.ssh/id_ed25519 krisub@node1 sh -lc 'if command -v cgexec >/dev/null 2>&1; then cgexec -g memory:cache_ext_remote_clients /mydata/cache_ext/My-YCSB/build/run_net_leveldb /tmp/dual_wan_writer_7r9npa11.yaml && exit 0; fi; exec /mydata/cache_ext/My-YCSB/build/run_net_leveldb /tmp/dual_wan_writer_7r9npa11.yaml'
2026-03-11 13:28:04,445 INFO Client wan_reader: throughput=818.79
2026-03-11 13:28:04,770 INFO Client wan_writer: throughput=1085.54
2026-03-11 13:28:04,771 INFO Dual-client combined throughput: 1904.33 ops/sec
2026-03-11 13:28:05,234 INFO Trace dual_congested: throughput=1904.33 ops/sec
2026-03-11 13:28:05,265 INFO === Evaluation complete ===
2026-03-11 13:28:05,265 INFO Combined score (harmonic mean): 1301.77  (2/2 traces passed)
2026-03-11 13:28:05,265 INFO   dual_small_vs_large: 988.87 ops/sec
2026-03-11 13:28:05,265 INFO   dual_congested: 1904.33 ops/sec
2026-03-11 13:28:05,265 INFO Stopping net_leveldb_server (PID 36517)
2026-03-11 13:28:05,265 INFO CMD: sudo kill 36517
2026-03-11 13:28:05,434 INFO Unloading BPF policy (PID 36494)
2026-03-11 13:28:05,434 INFO CMD: sudo kill -2 36494
2026-03-11 13:28:05,713 INFO CMD: sudo rm -f /sys/fs/bpf/cache_ext/scan_pids
2026-03-11 13:28:05,738 INFO CMD: sudo cgdelete memory:cache_ext_test
2026-03-11 13:28:05,767 INFO CMD: sudo sh -c echo 0x0007 > /sys/kernel/mm/lru_gen/enabled
2026-03-11 13:28:05,874 INFO MGLRU re-enabled (restored to 0x0007).
