2026-03-15 21:07:13,468 INFO Waiting for evaluation lock /tmp/cache_ext_evaluate.lock ...
2026-03-15 21:07:13,468 INFO Acquired evaluation lock.
2026-03-15 21:07:13,468 INFO === Step 0: Drop page cache ===
2026-03-15 21:07:13,468 INFO Database already exists at /mydata/leveldb_temp (CURRENT file found), skipping rsync
2026-03-15 21:07:13,468 INFO CMD: sudo sync
2026-03-15 21:07:13,582 INFO CMD: sudo sh -c echo 3 > /proc/sys/vm/drop_caches
2026-03-15 21:07:14,060 INFO Page cache dropped.
2026-03-15 21:07:14,060 INFO === Step 1: Compile evolved policy ===
2026-03-15 21:07:14,065 INFO CMD: sudo chown -R root: /mydata/cache_ext/eviction_evo/build
2026-03-15 21:07:14,397 INFO CMD: clang-14 -O2 -target bpf -D__TARGET_ARCH_x86 -c -g -Wall -idirafter /usr/lib/llvm-14/lib/clang/14.0.0/include -idirafter /usr/local/include -idirafter /usr/include/x86_64-linux-gnu -idirafter /usr/include /mydata/cache_ext/eviction_evo/build/cache_ext_evolved.bpf.c -o /mydata/cache_ext/eviction_evo/build/cache_ext_evolved.bpf.o
2026-03-15 21:07:17,377 INFO CMD: /usr/local/sbin/bpftool gen skeleton /mydata/cache_ext/eviction_evo/build/cache_ext_evolved.bpf.o name cache_ext_evolved_bpf
2026-03-15 21:07:17,569 INFO CMD: clang-14 -O2 -g -Wall -I/mydata/cache_ext/eviction_evo/build -I/mydata/cache_ext/policies /mydata/cache_ext/eviction_evo/cache_ext_evolved.c -o /mydata/cache_ext/eviction_evo/build/cache_ext_evolved.out -L/usr/local/lib64 -lbpf
2026-03-15 21:07:19,173 INFO Compilation successful: /mydata/cache_ext/eviction_evo/build/cache_ext_evolved.out
2026-03-15 21:07:19,173 INFO === Step 2: Disable MGLRU ===
2026-03-15 21:07:19,173 INFO MGLRU current state: 0x0007 — disabling
2026-03-15 21:07:19,173 INFO CMD: sudo sh -c echo 0 > /sys/kernel/mm/lru_gen/enabled
2026-03-15 21:07:19,249 INFO MGLRU disabled.
2026-03-15 21:07:19,249 INFO === Step 3: Create cgroup ===
2026-03-15 21:07:19,249 INFO CMD: sudo cgdelete memory:cache_ext_test
2026-03-15 21:07:19,275 INFO CMD: sudo cgcreate -g memory:cache_ext_test
2026-03-15 21:07:19,374 INFO CMD: sudo sh -c echo 536870912 > /sys/fs/cgroup/cache_ext_test/memory.max
2026-03-15 21:07:19,389 INFO Created cgroup cache_ext_test with limit 536870912 bytes
2026-03-15 21:07:19,389 INFO === Step 4: Load BPF policy ===
2026-03-15 21:07:19,389 INFO Loading policy: sudo /mydata/cache_ext/eviction_evo/build/cache_ext_evolved.out --watch_dir /mydata/leveldb_temp --cgroup_path /sys/fs/cgroup/cache_ext_test
2026-03-15 21:07:29,400 INFO Policy loaded (PID 153389)
2026-03-15 21:07:29,400 INFO === Step 5: Start server ===
2026-03-15 21:07:29,400 INFO Starting server: sudo cgexec -g memory:cache_ext_test /mydata/cache_ext/net_leveldb_server 9100 /mydata/leveldb_temp
2026-03-15 21:07:29,401 INFO Waiting for server on port 9100 ...
2026-03-15 21:07:30,481 INFO Server ready (PID 153456) on port 9100
2026-03-15 21:07:30,482 INFO === Step 6: Run 2 trace benchmarks ===
2026-03-15 21:07:30,482 INFO --- Trace 1/2: dual_small_vs_large ---
2026-03-15 21:07:31,255 INFO Starting remote client reader_fast on krisub@node1: ssh -o StrictHostKeyChecking=no -o BatchMode=yes -i /users/krisub/.ssh/id_ed25519 krisub@node1 sh -lc 'if command -v cgexec >/dev/null 2>&1; then cgexec -g memory:cache_ext_remote_clients /mydata/cache_ext/My-YCSB/build/run_net_leveldb /tmp/dual_reader_fast_hrk9yswh.yaml && exit 0; fi; exec /mydata/cache_ext/My-YCSB/build/run_net_leveldb /tmp/dual_reader_fast_hrk9yswh.yaml'
2026-03-15 21:07:31,530 INFO Starting remote client writer_slow on krisub@node1: ssh -o StrictHostKeyChecking=no -o BatchMode=yes -i /users/krisub/.ssh/id_ed25519 krisub@node1 sh -lc 'if command -v cgexec >/dev/null 2>&1; then cgexec -g memory:cache_ext_remote_clients /mydata/cache_ext/My-YCSB/build/run_net_leveldb /tmp/dual_writer_slow_3nzkkqwl.yaml && exit 0; fi; exec /mydata/cache_ext/My-YCSB/build/run_net_leveldb /tmp/dual_writer_slow_3nzkkqwl.yaml'
2026-03-15 21:10:30,215 INFO Client reader_fast: throughput=1010.26
2026-03-15 21:10:30,216 INFO Client writer_slow: throughput=345.61
2026-03-15 21:10:30,216 INFO Dual-client combined throughput: 1355.87 ops/sec
2026-03-15 21:10:30,683 INFO Trace dual_small_vs_large: throughput=1355.87 ops/sec
2026-03-15 21:10:30,683 INFO --- Trace 2/2: dual_congested ---
2026-03-15 21:10:30,683 INFO CMD: sudo sync
2026-03-15 21:10:30,808 INFO CMD: sudo sh -c echo 3 > /proc/sys/vm/drop_caches
2026-03-15 21:10:31,370 INFO Page cache dropped.
2026-03-15 21:10:34,154 INFO Starting remote client wan_reader on krisub@node1: ssh -o StrictHostKeyChecking=no -o BatchMode=yes -i /users/krisub/.ssh/id_ed25519 krisub@node1 sh -lc 'if command -v cgexec >/dev/null 2>&1; then cgexec -g memory:cache_ext_remote_clients /mydata/cache_ext/My-YCSB/build/run_net_leveldb /tmp/dual_wan_reader_z915tkh3.yaml && exit 0; fi; exec /mydata/cache_ext/My-YCSB/build/run_net_leveldb /tmp/dual_wan_reader_z915tkh3.yaml'
2026-03-15 21:10:34,411 INFO Starting remote client wan_writer on krisub@node1: ssh -o StrictHostKeyChecking=no -o BatchMode=yes -i /users/krisub/.ssh/id_ed25519 krisub@node1 sh -lc 'if command -v cgexec >/dev/null 2>&1; then cgexec -g memory:cache_ext_remote_clients /mydata/cache_ext/My-YCSB/build/run_net_leveldb /tmp/dual_wan_writer_b8v355ab.yaml && exit 0; fi; exec /mydata/cache_ext/My-YCSB/build/run_net_leveldb /tmp/dual_wan_writer_b8v355ab.yaml'
2026-03-15 21:13:32,529 INFO Client wan_reader: throughput=1143.13
2026-03-15 21:13:32,705 INFO Client wan_writer: throughput=1379.67
2026-03-15 21:13:32,705 INFO Dual-client combined throughput: 2522.80 ops/sec
2026-03-15 21:13:33,178 INFO Trace dual_congested: throughput=2522.80 ops/sec
2026-03-15 21:13:33,192 INFO === Evaluation complete ===
2026-03-15 21:13:33,192 INFO Combined score (harmonic mean): 1763.79  (2/2 traces passed)
2026-03-15 21:13:33,192 INFO   dual_small_vs_large: 1355.87 ops/sec
2026-03-15 21:13:33,192 INFO   dual_congested: 2522.80 ops/sec
2026-03-15 21:13:33,192 INFO Stopping net_leveldb_server (PID 153456)
2026-03-15 21:13:33,192 INFO CMD: sudo kill 153456
2026-03-15 21:13:33,266 INFO Unloading BPF policy (PID 153389)
2026-03-15 21:13:33,266 INFO CMD: sudo kill -2 153389
2026-03-15 21:13:33,649 INFO CMD: sudo rm -f /sys/fs/bpf/cache_ext/scan_pids
2026-03-15 21:13:33,670 INFO CMD: sudo cgdelete memory:cache_ext_test
2026-03-15 21:13:33,716 INFO CMD: sudo sh -c echo 0x0007 > /sys/kernel/mm/lru_gen/enabled
2026-03-15 21:13:33,811 INFO MGLRU re-enabled (restored to 0x0007).
