2026-03-11 13:22:13,349 INFO Waiting for evaluation lock /tmp/cache_ext_evaluate.lock ...
2026-03-11 13:28:05,875 INFO Acquired evaluation lock.
2026-03-11 13:28:05,875 INFO === Step 0: Drop page cache ===
2026-03-11 13:28:05,875 INFO Database already exists at /mydata/leveldb_temp (CURRENT file found), skipping rsync
2026-03-11 13:28:05,875 INFO CMD: sudo sync
2026-03-11 13:28:06,007 INFO CMD: sudo sh -c echo 3 > /proc/sys/vm/drop_caches
2026-03-11 13:28:06,304 INFO Page cache dropped.
2026-03-11 13:28:06,304 INFO === Step 1: Compile evolved policy ===
2026-03-11 13:28:06,330 INFO CMD: sudo chown -R root: /mydata/cache_ext/eviction_evo/build
2026-03-11 13:28:06,718 INFO CMD: clang-14 -O2 -target bpf -D__TARGET_ARCH_x86 -c -g -Wall -idirafter /usr/lib/llvm-14/lib/clang/14.0.0/include -idirafter /usr/local/include -idirafter /usr/include/x86_64-linux-gnu -idirafter /usr/include /mydata/cache_ext/eviction_evo/build/cache_ext_evolved.bpf.c -o /mydata/cache_ext/eviction_evo/build/cache_ext_evolved.bpf.o
2026-03-11 13:28:10,593 INFO CMD: /usr/local/sbin/bpftool gen skeleton /mydata/cache_ext/eviction_evo/build/cache_ext_evolved.bpf.o name cache_ext_evolved_bpf
2026-03-11 13:28:10,817 INFO CMD: clang-14 -O2 -g -Wall -I/mydata/cache_ext/eviction_evo/build -I/mydata/cache_ext/policies /mydata/cache_ext/eviction_evo/cache_ext_evolved.c -o /mydata/cache_ext/eviction_evo/build/cache_ext_evolved.out -L/usr/local/lib64 -lbpf
2026-03-11 13:28:11,967 INFO Compilation successful: /mydata/cache_ext/eviction_evo/build/cache_ext_evolved.out
2026-03-11 13:28:11,967 INFO === Step 2: Disable MGLRU ===
2026-03-11 13:28:11,967 INFO MGLRU current state: 0x0007 — disabling
2026-03-11 13:28:11,967 INFO CMD: sudo sh -c echo 0 > /sys/kernel/mm/lru_gen/enabled
2026-03-11 13:28:12,040 INFO MGLRU disabled.
2026-03-11 13:28:12,040 INFO === Step 3: Create cgroup ===
2026-03-11 13:28:12,040 INFO CMD: sudo cgdelete memory:cache_ext_test
2026-03-11 13:28:12,086 INFO CMD: sudo cgcreate -g memory:cache_ext_test
2026-03-11 13:28:12,189 INFO CMD: sudo sh -c echo 536870912 > /sys/fs/cgroup/cache_ext_test/memory.max
2026-03-11 13:28:12,203 INFO Created cgroup cache_ext_test with limit 536870912 bytes
2026-03-11 13:28:12,204 INFO === Step 4: Load BPF policy ===
2026-03-11 13:28:12,204 INFO Loading policy: sudo /mydata/cache_ext/eviction_evo/build/cache_ext_evolved.out --watch_dir /mydata/leveldb_temp --cgroup_path /sys/fs/cgroup/cache_ext_test
2026-03-11 13:28:22,215 INFO Policy loaded (PID 36975)
2026-03-11 13:28:22,215 INFO === Step 5: Start server ===
2026-03-11 13:28:22,215 INFO Starting server: sudo cgexec -g memory:cache_ext_test /mydata/cache_ext/net_leveldb_server 9100 /mydata/leveldb_temp
2026-03-11 13:28:22,216 INFO Waiting for server on port 9100 ...
2026-03-11 13:28:23,287 INFO Server ready (PID 36981) on port 9100
2026-03-11 13:28:23,287 INFO === Step 6: Run 2 trace benchmarks ===
2026-03-11 13:28:23,287 INFO --- Trace 1/2: dual_small_vs_large ---
2026-03-11 13:28:24,034 INFO Starting remote client reader_fast on krisub@node1: ssh -o StrictHostKeyChecking=no -o BatchMode=yes -i /users/krisub/.ssh/id_ed25519 krisub@node1 sh -lc 'if command -v cgexec >/dev/null 2>&1; then cgexec -g memory:cache_ext_remote_clients /mydata/cache_ext/My-YCSB/build/run_net_leveldb /tmp/dual_reader_fast_dx8bgbjm.yaml && exit 0; fi; exec /mydata/cache_ext/My-YCSB/build/run_net_leveldb /tmp/dual_reader_fast_dx8bgbjm.yaml'
2026-03-11 13:28:24,277 INFO Starting remote client writer_slow on krisub@node1: ssh -o StrictHostKeyChecking=no -o BatchMode=yes -i /users/krisub/.ssh/id_ed25519 krisub@node1 sh -lc 'if command -v cgexec >/dev/null 2>&1; then cgexec -g memory:cache_ext_remote_clients /mydata/cache_ext/My-YCSB/build/run_net_leveldb /tmp/dual_writer_slow_invekwaw.yaml && exit 0; fi; exec /mydata/cache_ext/My-YCSB/build/run_net_leveldb /tmp/dual_writer_slow_invekwaw.yaml'
2026-03-11 13:31:22,718 INFO Client reader_fast: throughput=979.84
2026-03-11 13:31:23,765 INFO Client writer_slow: throughput=288.02
2026-03-11 13:31:23,766 INFO Dual-client combined throughput: 1267.86 ops/sec
2026-03-11 13:31:24,242 INFO Trace dual_small_vs_large: throughput=1267.86 ops/sec
2026-03-11 13:31:24,243 INFO --- Trace 2/2: dual_congested ---
2026-03-11 13:31:24,243 INFO CMD: sudo sync
2026-03-11 13:31:24,392 INFO CMD: sudo sh -c echo 3 > /proc/sys/vm/drop_caches
2026-03-11 13:31:24,924 INFO Page cache dropped.
2026-03-11 13:31:27,762 INFO Starting remote client wan_reader on krisub@node1: ssh -o StrictHostKeyChecking=no -o BatchMode=yes -i /users/krisub/.ssh/id_ed25519 krisub@node1 sh -lc 'if command -v cgexec >/dev/null 2>&1; then cgexec -g memory:cache_ext_remote_clients /mydata/cache_ext/My-YCSB/build/run_net_leveldb /tmp/dual_wan_reader_1brqbh6x.yaml && exit 0; fi; exec /mydata/cache_ext/My-YCSB/build/run_net_leveldb /tmp/dual_wan_reader_1brqbh6x.yaml'
2026-03-11 13:31:28,006 INFO Starting remote client wan_writer on krisub@node1: ssh -o StrictHostKeyChecking=no -o BatchMode=yes -i /users/krisub/.ssh/id_ed25519 krisub@node1 sh -lc 'if command -v cgexec >/dev/null 2>&1; then cgexec -g memory:cache_ext_remote_clients /mydata/cache_ext/My-YCSB/build/run_net_leveldb /tmp/dual_wan_writer_o08q92sn.yaml && exit 0; fi; exec /mydata/cache_ext/My-YCSB/build/run_net_leveldb /tmp/dual_wan_writer_o08q92sn.yaml'
2026-03-11 13:34:26,030 INFO Client wan_reader: throughput=1188.45
2026-03-11 13:34:26,130 INFO Client wan_writer: throughput=1492.06
2026-03-11 13:34:26,130 INFO Dual-client combined throughput: 2680.51 ops/sec
2026-03-11 13:34:26,607 INFO Trace dual_congested: throughput=2680.51 ops/sec
2026-03-11 13:34:26,621 INFO === Evaluation complete ===
2026-03-11 13:34:26,621 INFO Combined score (harmonic mean): 1721.48  (2/2 traces passed)
2026-03-11 13:34:26,622 INFO   dual_small_vs_large: 1267.86 ops/sec
2026-03-11 13:34:26,622 INFO   dual_congested: 2680.51 ops/sec
2026-03-11 13:34:26,622 INFO Stopping net_leveldb_server (PID 36981)
2026-03-11 13:34:26,622 INFO CMD: sudo kill 36981
2026-03-11 13:34:26,795 INFO Unloading BPF policy (PID 36975)
2026-03-11 13:34:26,795 INFO CMD: sudo kill -2 36975
2026-03-11 13:34:27,078 INFO CMD: sudo rm -f /sys/fs/bpf/cache_ext/scan_pids
2026-03-11 13:34:27,104 INFO CMD: sudo cgdelete memory:cache_ext_test
2026-03-11 13:34:27,133 INFO CMD: sudo sh -c echo 0x0007 > /sys/kernel/mm/lru_gen/enabled
2026-03-11 13:34:27,215 INFO MGLRU re-enabled (restored to 0x0007).
