2026-03-25 22:08:01,871 INFO Waiting for evaluation lock /tmp/cache_ext_evaluate_0.lock ...
2026-03-25 22:08:01,871 INFO Acquired evaluation lock.
2026-03-25 22:08:01,914 INFO === Step 0: Drop page cache ===
2026-03-25 22:08:01,914 INFO Database already exists at /mydata/leveldb_temp (CURRENT file found), skipping copy
2026-03-25 22:08:01,914 INFO CMD: sudo sync
2026-03-25 22:08:02,076 INFO CMD: sudo sh -c echo 3 > /proc/sys/vm/drop_caches
2026-03-25 22:08:02,893 INFO Page cache dropped.
2026-03-25 22:08:02,893 INFO === Step 1: Compile evolved policy ===
2026-03-25 22:08:02,894 INFO CMD: sudo chown -R root: /mydata/cache_ext/eviction_evo/build
2026-03-25 22:08:03,292 INFO CMD: clang-14 -O2 -target bpf -D__TARGET_ARCH_x86 -c -g -Wall -idirafter /usr/lib/llvm-14/lib/clang/14.0.0/include -idirafter /usr/local/include -idirafter /usr/include/x86_64-linux-gnu -idirafter /usr/include /mydata/cache_ext/eviction_evo/build/cache_ext_evolved.bpf.c -o /mydata/cache_ext/eviction_evo/build/cache_ext_evolved.bpf.o
2026-03-25 22:08:06,129 INFO CMD: /usr/local/sbin/bpftool gen skeleton /mydata/cache_ext/eviction_evo/build/cache_ext_evolved.bpf.o name cache_ext_evolved_bpf
2026-03-25 22:08:06,306 INFO CMD: clang-14 -O2 -g -Wall -I/mydata/cache_ext/eviction_evo/build -I/mydata/cache_ext/policies /mydata/cache_ext/eviction_evo/cache_ext_evolved.c -o /mydata/cache_ext/eviction_evo/build/cache_ext_evolved.out -L/usr/local/lib64 -lbpf
2026-03-25 22:08:07,327 INFO Compilation successful: /mydata/cache_ext/eviction_evo/build/cache_ext_evolved.out
2026-03-25 22:08:07,327 INFO === Step 2: Disable MGLRU ===
2026-03-25 22:08:07,328 INFO MGLRU watchdog started (PID 457450, will restore in 7800 s)
2026-03-25 22:08:07,328 INFO MGLRU current state: 0x0007 - disabling
2026-03-25 22:08:07,328 INFO CMD: sudo sh -c echo 0 > /sys/kernel/mm/lru_gen/enabled
2026-03-25 22:08:07,419 INFO MGLRU disabled.
2026-03-25 22:08:07,419 INFO === Step 3: Create cgroup ===
2026-03-25 22:08:07,486 INFO CMD: sudo cgcreate -g memory:cache_ext_test
2026-03-25 22:08:07,575 INFO CMD: sudo sh -c echo 536870912 > /sys/fs/cgroup/cache_ext_test/memory.max
2026-03-25 22:08:07,588 INFO Created cgroup cache_ext_test with limit 536870912 bytes
2026-03-25 22:08:07,588 INFO === Step 4: Load BPF policy ===
2026-03-25 22:08:07,588 INFO Loading policy: sudo /mydata/cache_ext/eviction_evo/build/cache_ext_evolved.out --watch_dir /mydata/leveldb_temp --cgroup_path /sys/fs/cgroup/cache_ext_test
2026-03-25 22:08:17,599 INFO Policy loaded (PID 457471)
2026-03-25 22:08:17,600 INFO === Step 5: Start server ===
2026-03-25 22:08:17,600 INFO Starting server: sudo cgexec -g memory:cache_ext_test /mydata/cache_ext/net_leveldb_server 9100 /mydata/leveldb_temp
2026-03-25 22:08:17,601 INFO Waiting for server on port 9100 ...
2026-03-25 22:08:18,695 INFO Server ready (PID 457488) on port 9100
2026-03-25 22:08:18,695 INFO === Step 6: Run 7 traces x 3 runs = 21 total benchmarks ===
2026-03-25 22:08:18,733 INFO --- Trace 1/7 (ycsb_c_a) run 1/3  [1/21 overall] ---
2026-03-25 22:08:18,733 INFO CMD: sudo sync
2026-03-25 22:08:18,931 INFO CMD: sudo sh -c echo 3 > /proc/sys/vm/drop_caches
2026-03-25 22:08:19,464 INFO Page cache dropped.
2026-03-25 22:08:22,285 INFO Starting remote client client_ycsb_c on krisub@node1: ssh -o StrictHostKeyChecking=no -o BatchMode=yes -i /users/krisub/.ssh/id_ed25519 krisub@node1 sh -lc 'exec /mydata/cache_ext/My-YCSB/build/run_net_leveldb /tmp/dual_client_ycsb_c_znyw80pe.yaml'
2026-03-25 22:08:22,553 INFO Starting remote client client_ycsb_a on krisub@node1: ssh -o StrictHostKeyChecking=no -o BatchMode=yes -i /users/krisub/.ssh/id_ed25519 krisub@node1 sh -lc 'exec /mydata/cache_ext/My-YCSB/build/run_net_leveldb /tmp/dual_client_ycsb_a_8n5ibfrk.yaml'
2026-03-25 22:10:00,576 INFO Client client_ycsb_c: throughput=1197.57
2026-03-25 22:10:00,791 INFO Client client_ycsb_a: throughput=2342.26
2026-03-25 22:10:00,791 INFO Dual-client combined throughput: 3539.83 ops/sec
2026-03-25 22:10:01,245 INFO Trace ycsb_c_a run 1: throughput=3539.83 ops/sec
2026-03-25 22:10:01,245 INFO --- Trace 1/7 (ycsb_c_a) run 2/3  [2/21 overall] ---
2026-03-25 22:10:01,245 INFO CMD: sudo sync
2026-03-25 22:10:01,480 INFO CMD: sudo sh -c echo 3 > /proc/sys/vm/drop_caches
2026-03-25 22:10:02,005 INFO Page cache dropped.
2026-03-25 22:10:04,757 INFO Starting remote client client_ycsb_c on krisub@node1: ssh -o StrictHostKeyChecking=no -o BatchMode=yes -i /users/krisub/.ssh/id_ed25519 krisub@node1 sh -lc 'exec /mydata/cache_ext/My-YCSB/build/run_net_leveldb /tmp/dual_client_ycsb_c_es7i960t.yaml'
2026-03-25 22:10:05,024 INFO Starting remote client client_ycsb_a on krisub@node1: ssh -o StrictHostKeyChecking=no -o BatchMode=yes -i /users/krisub/.ssh/id_ed25519 krisub@node1 sh -lc 'exec /mydata/cache_ext/My-YCSB/build/run_net_leveldb /tmp/dual_client_ycsb_a_3i8p3enz.yaml'
2026-03-25 22:11:43,038 INFO Client client_ycsb_c: throughput=1188.62
2026-03-25 22:11:43,404 INFO Client client_ycsb_a: throughput=2341.71
2026-03-25 22:11:43,404 INFO Dual-client combined throughput: 3530.33 ops/sec
2026-03-25 22:11:43,853 INFO Trace ycsb_c_a run 2: throughput=3530.33 ops/sec
2026-03-25 22:11:43,853 INFO --- Trace 1/7 (ycsb_c_a) run 3/3  [3/21 overall] ---
2026-03-25 22:11:43,853 INFO CMD: sudo sync
2026-03-25 22:11:44,050 INFO CMD: sudo sh -c echo 3 > /proc/sys/vm/drop_caches
2026-03-25 22:11:44,357 INFO Page cache dropped.
2026-03-25 22:11:47,141 INFO Starting remote client client_ycsb_c on krisub@node1: ssh -o StrictHostKeyChecking=no -o BatchMode=yes -i /users/krisub/.ssh/id_ed25519 krisub@node1 sh -lc 'exec /mydata/cache_ext/My-YCSB/build/run_net_leveldb /tmp/dual_client_ycsb_c_2p3zxwxe.yaml'
2026-03-25 22:11:47,388 INFO Starting remote client client_ycsb_a on krisub@node1: ssh -o StrictHostKeyChecking=no -o BatchMode=yes -i /users/krisub/.ssh/id_ed25519 krisub@node1 sh -lc 'exec /mydata/cache_ext/My-YCSB/build/run_net_leveldb /tmp/dual_client_ycsb_a_j2de6rov.yaml'
2026-03-25 22:13:25,510 INFO Client client_ycsb_c: throughput=1187.58
2026-03-25 22:13:25,726 INFO Client client_ycsb_a: throughput=2275.88
2026-03-25 22:13:25,726 INFO Dual-client combined throughput: 3463.46 ops/sec
2026-03-25 22:13:26,189 INFO Trace ycsb_c_a run 3: throughput=3463.46 ops/sec
2026-03-25 22:13:26,190 INFO Trace ycsb_c_a summary: mean=3511.21 std=41.62 min=3463.46 max=3539.83 (CV=1.2%)
2026-03-25 22:13:26,226 INFO --- Trace 2/7 (ycsb_c_e) run 1/3  [4/21 overall] ---
2026-03-25 22:13:26,226 INFO CMD: sudo sync
2026-03-25 22:13:26,469 INFO CMD: sudo sh -c echo 3 > /proc/sys/vm/drop_caches
2026-03-25 22:13:26,777 INFO Page cache dropped.
2026-03-25 22:13:29,513 INFO Starting remote client client_ycsb_c on krisub@node1: ssh -o StrictHostKeyChecking=no -o BatchMode=yes -i /users/krisub/.ssh/id_ed25519 krisub@node1 sh -lc 'exec /mydata/cache_ext/My-YCSB/build/run_net_leveldb /tmp/dual_client_ycsb_c_lnqsj3vi.yaml'
2026-03-25 22:13:29,757 INFO Starting remote client client_ycsb_e on krisub@node1: ssh -o StrictHostKeyChecking=no -o BatchMode=yes -i /users/krisub/.ssh/id_ed25519 krisub@node1 sh -lc 'exec /mydata/cache_ext/My-YCSB/build/run_net_leveldb /tmp/dual_client_ycsb_e_293g_w29.yaml'
2026-03-25 22:15:07,745 INFO Client client_ycsb_c: throughput=1694.79
2026-03-25 22:15:09,365 INFO Client client_ycsb_e: throughput=77346.78
2026-03-25 22:15:09,365 INFO Dual-client combined throughput: 79041.57 ops/sec
2026-03-25 22:15:09,845 INFO Trace ycsb_c_e run 1: throughput=79041.57 ops/sec
2026-03-25 22:15:09,845 INFO --- Trace 2/7 (ycsb_c_e) run 2/3  [5/21 overall] ---
2026-03-25 22:15:09,845 INFO CMD: sudo sync
2026-03-25 22:15:10,001 INFO CMD: sudo sh -c echo 3 > /proc/sys/vm/drop_caches
2026-03-25 22:15:10,255 INFO Page cache dropped.
2026-03-25 22:15:12,993 INFO Starting remote client client_ycsb_c on krisub@node1: ssh -o StrictHostKeyChecking=no -o BatchMode=yes -i /users/krisub/.ssh/id_ed25519 krisub@node1 sh -lc 'exec /mydata/cache_ext/My-YCSB/build/run_net_leveldb /tmp/dual_client_ycsb_c_18hzrbd1.yaml'
2026-03-25 22:15:13,249 INFO Starting remote client client_ycsb_e on krisub@node1: ssh -o StrictHostKeyChecking=no -o BatchMode=yes -i /users/krisub/.ssh/id_ed25519 krisub@node1 sh -lc 'exec /mydata/cache_ext/My-YCSB/build/run_net_leveldb /tmp/dual_client_ycsb_e_7fpril8j.yaml'
2026-03-25 22:16:51,339 INFO Client client_ycsb_c: throughput=1675.09
2026-03-25 22:16:52,808 INFO Client client_ycsb_e: throughput=77598.52
2026-03-25 22:16:52,809 INFO Dual-client combined throughput: 79273.61 ops/sec
2026-03-25 22:16:53,301 INFO Trace ycsb_c_e run 2: throughput=79273.61 ops/sec
2026-03-25 22:16:53,301 INFO --- Trace 2/7 (ycsb_c_e) run 3/3  [6/21 overall] ---
2026-03-25 22:16:53,301 INFO CMD: sudo sync
2026-03-25 22:16:53,541 INFO CMD: sudo sh -c echo 3 > /proc/sys/vm/drop_caches
2026-03-25 22:16:53,818 INFO Page cache dropped.
2026-03-25 22:16:56,549 INFO Starting remote client client_ycsb_c on krisub@node1: ssh -o StrictHostKeyChecking=no -o BatchMode=yes -i /users/krisub/.ssh/id_ed25519 krisub@node1 sh -lc 'exec /mydata/cache_ext/My-YCSB/build/run_net_leveldb /tmp/dual_client_ycsb_c_n4zem_1u.yaml'
2026-03-25 22:16:56,805 INFO Starting remote client client_ycsb_e on krisub@node1: ssh -o StrictHostKeyChecking=no -o BatchMode=yes -i /users/krisub/.ssh/id_ed25519 krisub@node1 sh -lc 'exec /mydata/cache_ext/My-YCSB/build/run_net_leveldb /tmp/dual_client_ycsb_e_9yd1n8ud.yaml'
2026-03-25 22:18:34,895 INFO Client client_ycsb_c: throughput=1582.41
2026-03-25 22:18:36,114 INFO Client client_ycsb_e: throughput=75922.15
2026-03-25 22:18:36,114 INFO Dual-client combined throughput: 77504.56 ops/sec
2026-03-25 22:18:36,569 INFO Trace ycsb_c_e run 3: throughput=77504.56 ops/sec
2026-03-25 22:18:36,570 INFO Trace ycsb_c_e summary: mean=78606.58 std=961.40 min=77504.56 max=79273.61 (CV=1.2%)
2026-03-25 22:18:36,601 INFO --- Trace 3/7 (ycsb_c_f) run 1/3  [7/21 overall] ---
2026-03-25 22:18:36,601 INFO CMD: sudo sync
2026-03-25 22:18:36,809 INFO CMD: sudo sh -c echo 3 > /proc/sys/vm/drop_caches
2026-03-25 22:18:37,078 INFO Page cache dropped.
2026-03-25 22:18:39,857 INFO Starting remote client client_ycsb_c on krisub@node1: ssh -o StrictHostKeyChecking=no -o BatchMode=yes -i /users/krisub/.ssh/id_ed25519 krisub@node1 sh -lc 'exec /mydata/cache_ext/My-YCSB/build/run_net_leveldb /tmp/dual_client_ycsb_c_h0w7sq1b.yaml'
2026-03-25 22:18:40,112 INFO Starting remote client client_ycsb_f on krisub@node1: ssh -o StrictHostKeyChecking=no -o BatchMode=yes -i /users/krisub/.ssh/id_ed25519 krisub@node1 sh -lc 'exec /mydata/cache_ext/My-YCSB/build/run_net_leveldb /tmp/dual_client_ycsb_f_xmnudsv_.yaml'
2026-03-25 22:20:18,060 INFO Client client_ycsb_c: throughput=1149.14
2026-03-25 22:20:18,376 INFO Client client_ycsb_f: throughput=148.98
2026-03-25 22:20:18,377 INFO Dual-client combined throughput: 1298.12 ops/sec
2026-03-25 22:20:18,817 INFO Trace ycsb_c_f run 1: throughput=1298.12 ops/sec
2026-03-25 22:20:18,817 INFO --- Trace 3/7 (ycsb_c_f) run 2/3  [8/21 overall] ---
2026-03-25 22:20:18,817 INFO CMD: sudo sync
2026-03-25 22:20:18,999 INFO CMD: sudo sh -c echo 3 > /proc/sys/vm/drop_caches
2026-03-25 22:20:19,293 INFO Page cache dropped.
2026-03-25 22:20:22,049 INFO Starting remote client client_ycsb_c on krisub@node1: ssh -o StrictHostKeyChecking=no -o BatchMode=yes -i /users/krisub/.ssh/id_ed25519 krisub@node1 sh -lc 'exec /mydata/cache_ext/My-YCSB/build/run_net_leveldb /tmp/dual_client_ycsb_c_1az1wn_j.yaml'
2026-03-25 22:20:22,308 INFO Starting remote client client_ycsb_f on krisub@node1: ssh -o StrictHostKeyChecking=no -o BatchMode=yes -i /users/krisub/.ssh/id_ed25519 krisub@node1 sh -lc 'exec /mydata/cache_ext/My-YCSB/build/run_net_leveldb /tmp/dual_client_ycsb_f_v4nueg3s.yaml'
2026-03-25 22:22:00,457 INFO Client client_ycsb_c: throughput=1109.52
2026-03-25 22:22:00,573 INFO Client client_ycsb_f: throughput=148.00
2026-03-25 22:22:00,573 INFO Dual-client combined throughput: 1257.52 ops/sec
2026-03-25 22:22:01,049 INFO Trace ycsb_c_f run 2: throughput=1257.52 ops/sec
2026-03-25 22:22:01,049 INFO --- Trace 3/7 (ycsb_c_f) run 3/3  [9/21 overall] ---
2026-03-25 22:22:01,049 INFO CMD: sudo sync
2026-03-25 22:22:01,252 INFO CMD: sudo sh -c echo 3 > /proc/sys/vm/drop_caches
2026-03-25 22:22:01,571 INFO Page cache dropped.
2026-03-25 22:22:04,225 INFO Starting remote client client_ycsb_c on krisub@node1: ssh -o StrictHostKeyChecking=no -o BatchMode=yes -i /users/krisub/.ssh/id_ed25519 krisub@node1 sh -lc 'exec /mydata/cache_ext/My-YCSB/build/run_net_leveldb /tmp/dual_client_ycsb_c_6qn8o1k_.yaml'
2026-03-25 22:22:04,476 INFO Starting remote client client_ycsb_f on krisub@node1: ssh -o StrictHostKeyChecking=no -o BatchMode=yes -i /users/krisub/.ssh/id_ed25519 krisub@node1 sh -lc 'exec /mydata/cache_ext/My-YCSB/build/run_net_leveldb /tmp/dual_client_ycsb_f_rhkxz6sl.yaml'
2026-03-25 22:23:42,469 INFO Client client_ycsb_c: throughput=941.09
2026-03-25 22:23:42,884 INFO Client client_ycsb_f: throughput=132.28
2026-03-25 22:23:42,884 INFO Dual-client combined throughput: 1073.37 ops/sec
2026-03-25 22:23:43,377 INFO Trace ycsb_c_f run 3: throughput=1073.37 ops/sec
2026-03-25 22:23:43,377 INFO Trace ycsb_c_f summary: mean=1209.67 std=119.77 min=1073.37 max=1298.12 (CV=9.9%)
2026-03-25 22:23:43,498 INFO --- Trace 4/7 (ycsb_b_a) run 1/3  [10/21 overall] ---
2026-03-25 22:23:43,498 INFO CMD: sudo sync
2026-03-25 22:23:44,971 INFO CMD: sudo sh -c echo 3 > /proc/sys/vm/drop_caches
2026-03-25 22:23:45,385 INFO Page cache dropped.
2026-03-25 22:23:48,209 INFO Starting remote client client_ycsb_b on krisub@node1: ssh -o StrictHostKeyChecking=no -o BatchMode=yes -i /users/krisub/.ssh/id_ed25519 krisub@node1 sh -lc 'exec /mydata/cache_ext/My-YCSB/build/run_net_leveldb /tmp/dual_client_ycsb_b_whmmi8ss.yaml'
2026-03-25 22:23:48,472 INFO Starting remote client client_ycsb_a on krisub@node1: ssh -o StrictHostKeyChecking=no -o BatchMode=yes -i /users/krisub/.ssh/id_ed25519 krisub@node1 sh -lc 'exec /mydata/cache_ext/My-YCSB/build/run_net_leveldb /tmp/dual_client_ycsb_a_s78b25ns.yaml'
2026-03-25 22:25:26,610 INFO Client client_ycsb_b: throughput=1062.97
2026-03-25 22:25:26,726 INFO Client client_ycsb_a: throughput=1996.60
2026-03-25 22:25:26,726 INFO Dual-client combined throughput: 3059.57 ops/sec
2026-03-25 22:25:27,172 INFO Trace ycsb_b_a run 1: throughput=3059.57 ops/sec
2026-03-25 22:25:27,173 INFO --- Trace 4/7 (ycsb_b_a) run 2/3  [11/21 overall] ---
2026-03-25 22:25:27,173 INFO CMD: sudo sync
2026-03-25 22:25:27,911 INFO CMD: sudo sh -c echo 3 > /proc/sys/vm/drop_caches
2026-03-25 22:25:29,006 INFO Page cache dropped.
2026-03-25 22:25:31,697 INFO Starting remote client client_ycsb_b on krisub@node1: ssh -o StrictHostKeyChecking=no -o BatchMode=yes -i /users/krisub/.ssh/id_ed25519 krisub@node1 sh -lc 'exec /mydata/cache_ext/My-YCSB/build/run_net_leveldb /tmp/dual_client_ycsb_b__h_lkgeu.yaml'
2026-03-25 22:25:31,946 INFO Starting remote client client_ycsb_a on krisub@node1: ssh -o StrictHostKeyChecking=no -o BatchMode=yes -i /users/krisub/.ssh/id_ed25519 krisub@node1 sh -lc 'exec /mydata/cache_ext/My-YCSB/build/run_net_leveldb /tmp/dual_client_ycsb_a_v2pj51zl.yaml'
2026-03-25 22:27:10,089 INFO Client client_ycsb_b: throughput=1139.14
2026-03-25 22:27:10,254 INFO Client client_ycsb_a: throughput=2120.99
2026-03-25 22:27:10,254 INFO Dual-client combined throughput: 3260.13 ops/sec
2026-03-25 22:27:10,733 INFO Trace ycsb_b_a run 2: throughput=3260.13 ops/sec
2026-03-25 22:27:10,734 INFO --- Trace 4/7 (ycsb_b_a) run 3/3  [12/21 overall] ---
2026-03-25 22:27:10,734 INFO CMD: sudo sync
2026-03-25 22:27:10,966 INFO CMD: sudo sh -c echo 3 > /proc/sys/vm/drop_caches
2026-03-25 22:27:11,649 INFO Page cache dropped.
2026-03-25 22:27:14,457 INFO Starting remote client client_ycsb_b on krisub@node1: ssh -o StrictHostKeyChecking=no -o BatchMode=yes -i /users/krisub/.ssh/id_ed25519 krisub@node1 sh -lc 'exec /mydata/cache_ext/My-YCSB/build/run_net_leveldb /tmp/dual_client_ycsb_b_ulf8gdt8.yaml'
2026-03-25 22:27:14,716 INFO Starting remote client client_ycsb_a on krisub@node1: ssh -o StrictHostKeyChecking=no -o BatchMode=yes -i /users/krisub/.ssh/id_ed25519 krisub@node1 sh -lc 'exec /mydata/cache_ext/My-YCSB/build/run_net_leveldb /tmp/dual_client_ycsb_a_zpioq1gs.yaml'
2026-03-25 22:28:52,808 INFO Client client_ycsb_b: throughput=1194.78
2026-03-25 22:28:53,124 INFO Client client_ycsb_a: throughput=2245.56
2026-03-25 22:28:53,124 INFO Dual-client combined throughput: 3440.34 ops/sec
2026-03-25 22:28:53,593 INFO Trace ycsb_b_a run 3: throughput=3440.34 ops/sec
2026-03-25 22:28:53,594 INFO Trace ycsb_b_a summary: mean=3253.35 std=190.48 min=3059.57 max=3440.34 (CV=5.9%)
2026-03-25 22:28:53,649 INFO --- Trace 5/7 (ycsb_a_d) run 1/3  [13/21 overall] ---
2026-03-25 22:28:53,649 INFO CMD: sudo sync
2026-03-25 22:28:53,862 INFO CMD: sudo sh -c echo 3 > /proc/sys/vm/drop_caches
2026-03-25 22:28:54,521 INFO Page cache dropped.
2026-03-25 22:28:57,485 INFO Starting remote client client_ycsb_a on krisub@node1: ssh -o StrictHostKeyChecking=no -o BatchMode=yes -i /users/krisub/.ssh/id_ed25519 krisub@node1 sh -lc 'exec /mydata/cache_ext/My-YCSB/build/run_net_leveldb /tmp/dual_client_ycsb_a_6d4pnobn.yaml'
2026-03-25 22:28:57,744 INFO Starting remote client client_ycsb_d on krisub@node1: ssh -o StrictHostKeyChecking=no -o BatchMode=yes -i /users/krisub/.ssh/id_ed25519 krisub@node1 sh -lc 'exec /mydata/cache_ext/My-YCSB/build/run_net_leveldb /tmp/dual_client_ycsb_d_ljjd4un7.yaml'
2026-03-25 22:30:35,732 INFO Client client_ycsb_a: throughput=2151.30
2026-03-25 22:30:36,099 INFO Client client_ycsb_d: throughput=1710.93
2026-03-25 22:30:36,099 INFO Dual-client combined throughput: 3862.23 ops/sec
2026-03-25 22:30:36,569 INFO Trace ycsb_a_d run 1: throughput=3862.23 ops/sec
2026-03-25 22:30:36,569 INFO --- Trace 5/7 (ycsb_a_d) run 2/3  [14/21 overall] ---
2026-03-25 22:30:36,569 INFO CMD: sudo sync
2026-03-25 22:30:36,784 INFO CMD: sudo sh -c echo 3 > /proc/sys/vm/drop_caches
2026-03-25 22:30:37,296 INFO Page cache dropped.
2026-03-25 22:30:40,073 INFO Starting remote client client_ycsb_a on krisub@node1: ssh -o StrictHostKeyChecking=no -o BatchMode=yes -i /users/krisub/.ssh/id_ed25519 krisub@node1 sh -lc 'exec /mydata/cache_ext/My-YCSB/build/run_net_leveldb /tmp/dual_client_ycsb_a_ghhruw8y.yaml'
2026-03-25 22:30:40,321 INFO Starting remote client client_ycsb_d on krisub@node1: ssh -o StrictHostKeyChecking=no -o BatchMode=yes -i /users/krisub/.ssh/id_ed25519 krisub@node1 sh -lc 'exec /mydata/cache_ext/My-YCSB/build/run_net_leveldb /tmp/dual_client_ycsb_d_iytttpyz.yaml'
2026-03-25 22:32:18,460 INFO Client client_ycsb_a: throughput=2344.51
2026-03-25 22:32:18,576 INFO Client client_ycsb_d: throughput=2216.98
2026-03-25 22:32:18,576 INFO Dual-client combined throughput: 4561.49 ops/sec
2026-03-25 22:32:19,073 INFO Trace ycsb_a_d run 2: throughput=4561.49 ops/sec
2026-03-25 22:32:19,073 INFO --- Trace 5/7 (ycsb_a_d) run 3/3  [15/21 overall] ---
2026-03-25 22:32:19,073 INFO CMD: sudo sync
2026-03-25 22:32:19,272 INFO CMD: sudo sh -c echo 3 > /proc/sys/vm/drop_caches
2026-03-25 22:32:19,636 INFO Page cache dropped.
2026-03-25 22:32:22,394 INFO Starting remote client client_ycsb_a on krisub@node1: ssh -o StrictHostKeyChecking=no -o BatchMode=yes -i /users/krisub/.ssh/id_ed25519 krisub@node1 sh -lc 'exec /mydata/cache_ext/My-YCSB/build/run_net_leveldb /tmp/dual_client_ycsb_a_km4y0af8.yaml'
2026-03-25 22:32:22,636 INFO Starting remote client client_ycsb_d on krisub@node1: ssh -o StrictHostKeyChecking=no -o BatchMode=yes -i /users/krisub/.ssh/id_ed25519 krisub@node1 sh -lc 'exec /mydata/cache_ext/My-YCSB/build/run_net_leveldb /tmp/dual_client_ycsb_d_ruzqnzod.yaml'
2026-03-25 22:34:15,738 INFO Client client_ycsb_a: throughput=3903.47
2026-03-25 22:34:15,739 INFO Client client_ycsb_d: throughput=2563.47
2026-03-25 22:34:15,739 INFO Dual-client combined throughput: 6466.94 ops/sec
2026-03-25 22:34:16,201 INFO Trace ycsb_a_d run 3: throughput=6466.94 ops/sec
2026-03-25 22:34:16,202 INFO Trace ycsb_a_d summary: mean=4963.55 std=1348.10 min=3862.23 max=6466.94 (CV=27.2%)
2026-03-25 22:34:16,241 INFO --- Trace 6/7 (ycsb_e_a) run 1/3  [16/21 overall] ---
2026-03-25 22:34:16,241 INFO CMD: sudo sync
2026-03-25 22:34:16,447 INFO CMD: sudo sh -c echo 3 > /proc/sys/vm/drop_caches
2026-03-25 22:34:16,736 INFO Page cache dropped.
2026-03-25 22:34:19,353 INFO Starting remote client client_ycsb_e on krisub@node1: ssh -o StrictHostKeyChecking=no -o BatchMode=yes -i /users/krisub/.ssh/id_ed25519 krisub@node1 sh -lc 'exec /mydata/cache_ext/My-YCSB/build/run_net_leveldb /tmp/dual_client_ycsb_e_7xa7bv1c.yaml'
2026-03-25 22:34:19,600 INFO Starting remote client client_ycsb_a on krisub@node1: ssh -o StrictHostKeyChecking=no -o BatchMode=yes -i /users/krisub/.ssh/id_ed25519 krisub@node1 sh -lc 'exec /mydata/cache_ext/My-YCSB/build/run_net_leveldb /tmp/dual_client_ycsb_a_hr6msv03.yaml'
2026-03-25 22:35:58,736 INFO Client client_ycsb_e: throughput=72069.86
2026-03-25 22:35:58,738 INFO Client client_ycsb_a: throughput=3365.97
2026-03-25 22:35:58,738 INFO Dual-client combined throughput: 75435.83 ops/sec
2026-03-25 22:35:59,201 INFO Trace ycsb_e_a run 1: throughput=75435.83 ops/sec
2026-03-25 22:35:59,201 INFO --- Trace 6/7 (ycsb_e_a) run 2/3  [17/21 overall] ---
2026-03-25 22:35:59,201 INFO CMD: sudo sync
2026-03-25 22:35:59,463 INFO CMD: sudo sh -c echo 3 > /proc/sys/vm/drop_caches
2026-03-25 22:35:59,706 INFO Page cache dropped.
2026-03-25 22:36:02,445 INFO Starting remote client client_ycsb_e on krisub@node1: ssh -o StrictHostKeyChecking=no -o BatchMode=yes -i /users/krisub/.ssh/id_ed25519 krisub@node1 sh -lc 'exec /mydata/cache_ext/My-YCSB/build/run_net_leveldb /tmp/dual_client_ycsb_e_qs3h37cw.yaml'
2026-03-25 22:36:02,704 INFO Starting remote client client_ycsb_a on krisub@node1: ssh -o StrictHostKeyChecking=no -o BatchMode=yes -i /users/krisub/.ssh/id_ed25519 krisub@node1 sh -lc 'exec /mydata/cache_ext/My-YCSB/build/run_net_leveldb /tmp/dual_client_ycsb_a_wh8tjb6j.yaml'
2026-03-25 22:37:41,691 INFO Client client_ycsb_e: throughput=70904.03
2026-03-25 22:37:41,693 INFO Client client_ycsb_a: throughput=3428.13
2026-03-25 22:37:41,693 INFO Dual-client combined throughput: 74332.16 ops/sec
2026-03-25 22:37:42,173 INFO Trace ycsb_e_a run 2: throughput=74332.16 ops/sec
2026-03-25 22:37:42,173 INFO --- Trace 6/7 (ycsb_e_a) run 3/3  [18/21 overall] ---
2026-03-25 22:37:42,173 INFO CMD: sudo sync
2026-03-25 22:37:42,339 INFO CMD: sudo sh -c echo 3 > /proc/sys/vm/drop_caches
2026-03-25 22:37:42,600 INFO Page cache dropped.
2026-03-25 22:37:45,329 INFO Starting remote client client_ycsb_e on krisub@node1: ssh -o StrictHostKeyChecking=no -o BatchMode=yes -i /users/krisub/.ssh/id_ed25519 krisub@node1 sh -lc 'exec /mydata/cache_ext/My-YCSB/build/run_net_leveldb /tmp/dual_client_ycsb_e_6fhhidbm.yaml'
2026-03-25 22:37:45,581 INFO Starting remote client client_ycsb_a on krisub@node1: ssh -o StrictHostKeyChecking=no -o BatchMode=yes -i /users/krisub/.ssh/id_ed25519 krisub@node1 sh -lc 'exec /mydata/cache_ext/My-YCSB/build/run_net_leveldb /tmp/dual_client_ycsb_a_sv_zo6w3.yaml'
2026-03-25 22:39:24,573 INFO Client client_ycsb_e: throughput=72946.92
2026-03-25 22:39:24,575 INFO Client client_ycsb_a: throughput=3442.71
2026-03-25 22:39:24,575 INFO Dual-client combined throughput: 76389.63 ops/sec
2026-03-25 22:39:25,089 INFO Trace ycsb_e_a run 3: throughput=76389.63 ops/sec
2026-03-25 22:39:25,090 INFO Trace ycsb_e_a summary: mean=75385.87 std=1029.64 min=74332.16 max=76389.63 (CV=1.4%)
2026-03-25 22:39:25,128 INFO --- Trace 7/7 (ycsb_e_f) run 1/3  [19/21 overall] ---
2026-03-25 22:39:25,128 INFO CMD: sudo sync
2026-03-25 22:39:25,315 INFO CMD: sudo sh -c echo 3 > /proc/sys/vm/drop_caches
2026-03-25 22:39:25,604 INFO Page cache dropped.
2026-03-25 22:39:28,385 INFO Starting remote client client_ycsb_e on krisub@node1: ssh -o StrictHostKeyChecking=no -o BatchMode=yes -i /users/krisub/.ssh/id_ed25519 krisub@node1 sh -lc 'exec /mydata/cache_ext/My-YCSB/build/run_net_leveldb /tmp/dual_client_ycsb_e_dtp6p_p9.yaml'
2026-03-25 22:39:28,629 INFO Starting remote client client_ycsb_f on krisub@node1: ssh -o StrictHostKeyChecking=no -o BatchMode=yes -i /users/krisub/.ssh/id_ed25519 krisub@node1 sh -lc 'exec /mydata/cache_ext/My-YCSB/build/run_net_leveldb /tmp/dual_client_ycsb_f_suplrst_.yaml'
2026-03-25 22:41:07,569 INFO Client client_ycsb_e: throughput=74882.10
2026-03-25 22:41:07,570 INFO Client client_ycsb_f: throughput=215.50
2026-03-25 22:41:07,570 INFO Dual-client combined throughput: 75097.60 ops/sec
2026-03-25 22:41:08,045 INFO Trace ycsb_e_f run 1: throughput=75097.60 ops/sec
2026-03-25 22:41:08,045 INFO --- Trace 7/7 (ycsb_e_f) run 2/3  [20/21 overall] ---
2026-03-25 22:41:08,045 INFO CMD: sudo sync
2026-03-25 22:41:08,229 INFO CMD: sudo sh -c echo 3 > /proc/sys/vm/drop_caches
2026-03-25 22:41:08,527 INFO Page cache dropped.
2026-03-25 22:41:11,289 INFO Starting remote client client_ycsb_e on krisub@node1: ssh -o StrictHostKeyChecking=no -o BatchMode=yes -i /users/krisub/.ssh/id_ed25519 krisub@node1 sh -lc 'exec /mydata/cache_ext/My-YCSB/build/run_net_leveldb /tmp/dual_client_ycsb_e_p8nj8uin.yaml'
2026-03-25 22:41:11,544 INFO Starting remote client client_ycsb_f on krisub@node1: ssh -o StrictHostKeyChecking=no -o BatchMode=yes -i /users/krisub/.ssh/id_ed25519 krisub@node1 sh -lc 'exec /mydata/cache_ext/My-YCSB/build/run_net_leveldb /tmp/dual_client_ycsb_f_fh7keqd7.yaml'
2026-03-25 22:42:50,928 INFO Client client_ycsb_e: throughput=74218.31
2026-03-25 22:42:50,929 INFO Client client_ycsb_f: throughput=214.34
2026-03-25 22:42:50,929 INFO Dual-client combined throughput: 74432.65 ops/sec
2026-03-25 22:42:51,401 INFO Trace ycsb_e_f run 2: throughput=74432.65 ops/sec
2026-03-25 22:42:51,401 INFO --- Trace 7/7 (ycsb_e_f) run 3/3  [21/21 overall] ---
2026-03-25 22:42:51,402 INFO CMD: sudo sync
2026-03-25 22:42:51,582 INFO CMD: sudo sh -c echo 3 > /proc/sys/vm/drop_caches
2026-03-25 22:42:51,890 INFO Page cache dropped.
2026-03-25 22:42:54,653 INFO Starting remote client client_ycsb_e on krisub@node1: ssh -o StrictHostKeyChecking=no -o BatchMode=yes -i /users/krisub/.ssh/id_ed25519 krisub@node1 sh -lc 'exec /mydata/cache_ext/My-YCSB/build/run_net_leveldb /tmp/dual_client_ycsb_e_boy4h0_m.yaml'
2026-03-25 22:42:54,897 INFO Starting remote client client_ycsb_f on krisub@node1: ssh -o StrictHostKeyChecking=no -o BatchMode=yes -i /users/krisub/.ssh/id_ed25519 krisub@node1 sh -lc 'exec /mydata/cache_ext/My-YCSB/build/run_net_leveldb /tmp/dual_client_ycsb_f_luauofpu.yaml'
2026-03-25 22:44:44,999 INFO Client client_ycsb_e: throughput=74552.25
2026-03-25 22:44:45,000 INFO Client client_ycsb_f: throughput=218.67
2026-03-25 22:44:45,001 INFO Dual-client combined throughput: 74770.92 ops/sec
2026-03-25 22:44:45,481 INFO Trace ycsb_e_f run 3: throughput=74770.92 ops/sec
2026-03-25 22:44:45,482 INFO Trace ycsb_e_f summary: mean=74767.06 std=332.49 min=74432.65 max=75097.60 (CV=0.4%)
2026-03-25 22:44:45,498 INFO === Evaluation complete (3 runs per trace) ===
2026-03-25 22:44:45,498 INFO Combined score (harmonic mean of means): 4217.68  (7/7 traces passed)
2026-03-25 22:44:45,498 INFO   ycsb_c_a: mean=3511.21 std=41.62 [3463.46 .. 3539.83]
2026-03-25 22:44:45,498 INFO   ycsb_c_e: mean=78606.58 std=961.40 [77504.56 .. 79273.61]
2026-03-25 22:44:45,498 INFO   ycsb_c_f: mean=1209.67 std=119.77 [1073.37 .. 1298.12]
2026-03-25 22:44:45,498 INFO   ycsb_b_a: mean=3253.35 std=190.48 [3059.57 .. 3440.34]
2026-03-25 22:44:45,498 INFO   ycsb_a_d: mean=4963.55 std=1348.10 [3862.23 .. 6466.94]
2026-03-25 22:44:45,498 INFO   ycsb_e_a: mean=75385.87 std=1029.64 [74332.16 .. 76389.63]
2026-03-25 22:44:45,498 INFO   ycsb_e_f: mean=74767.06 std=332.49 [74432.65 .. 75097.60]
2026-03-25 22:44:45,498 INFO Stopping net_leveldb_server (PID 457488)
2026-03-25 22:44:45,498 INFO CMD: sudo kill 457488
2026-03-25 22:44:45,650 INFO Unloading BPF policy (PID 457471)
2026-03-25 22:44:45,650 INFO CMD: sudo kill -2 457471
2026-03-25 22:44:45,931 INFO CMD: sudo rm -f /sys/fs/bpf/cache_ext/scan_pids
2026-03-25 22:44:46,028 INFO CMD: sudo sh -c echo 0x0007 > /sys/kernel/mm/lru_gen/enabled
2026-03-25 22:44:46,092 INFO MGLRU re-enabled (restored to 0x0007).
2026-03-25 22:44:46,092 INFO MGLRU watchdog stopped (PID 457450)
