2026-03-26 15:58:22,753 INFO Waiting for evaluation lock /tmp/cache_ext_evaluate_0.lock ...
2026-03-26 16:33:52,963 INFO Acquired evaluation lock.
2026-03-26 16:33:53,006 INFO === Step 0: Drop page cache ===
2026-03-26 16:33:53,007 INFO Database already exists at /mydata/leveldb_temp (CURRENT file found), skipping copy
2026-03-26 16:33:53,007 INFO CMD: sudo sync
2026-03-26 16:33:53,180 INFO CMD: sudo sh -c echo 3 > /proc/sys/vm/drop_caches
2026-03-26 16:33:53,394 INFO Page cache dropped.
2026-03-26 16:33:53,394 INFO === Step 1: Compile evolved policy ===
2026-03-26 16:33:53,403 INFO CMD: sudo chown -R root: /mydata/cache_ext/eviction_evo/build
2026-03-26 16:33:53,724 INFO CMD: clang-14 -O2 -target bpf -D__TARGET_ARCH_x86 -c -g -Wall -idirafter /usr/lib/llvm-14/lib/clang/14.0.0/include -idirafter /usr/local/include -idirafter /usr/include/x86_64-linux-gnu -idirafter /usr/include /mydata/cache_ext/eviction_evo/build/cache_ext_evolved.bpf.c -o /mydata/cache_ext/eviction_evo/build/cache_ext_evolved.bpf.o
2026-03-26 16:33:56,453 INFO CMD: /usr/local/sbin/bpftool gen skeleton /mydata/cache_ext/eviction_evo/build/cache_ext_evolved.bpf.o name cache_ext_evolved_bpf
2026-03-26 16:33:56,620 INFO CMD: clang-14 -O2 -g -Wall -I/mydata/cache_ext/eviction_evo/build -I/mydata/cache_ext/policies /mydata/cache_ext/eviction_evo/cache_ext_evolved.c -o /mydata/cache_ext/eviction_evo/build/cache_ext_evolved.out -L/usr/local/lib64 -lbpf
2026-03-26 16:33:57,423 INFO Compilation successful: /mydata/cache_ext/eviction_evo/build/cache_ext_evolved.out
2026-03-26 16:33:57,423 INFO === Step 2: Disable MGLRU ===
2026-03-26 16:33:57,424 INFO MGLRU watchdog started (PID 506694, will restore in 7800 s)
2026-03-26 16:33:57,424 INFO MGLRU current state: 0x0007 - disabling
2026-03-26 16:33:57,424 INFO CMD: sudo sh -c echo 0 > /sys/kernel/mm/lru_gen/enabled
2026-03-26 16:33:57,473 INFO MGLRU disabled.
2026-03-26 16:33:57,473 INFO === Step 3: Create cgroup ===
2026-03-26 16:33:57,548 INFO CMD: sudo cgcreate -g memory:cache_ext_test
2026-03-26 16:33:57,659 INFO CMD: sudo sh -c echo 536870912 > /sys/fs/cgroup/cache_ext_test/memory.max
2026-03-26 16:33:57,675 INFO Created cgroup cache_ext_test with limit 536870912 bytes
2026-03-26 16:33:57,675 INFO === Step 4: Load BPF policy ===
2026-03-26 16:33:57,675 INFO Loading policy: sudo /mydata/cache_ext/eviction_evo/build/cache_ext_evolved.out --watch_dir /mydata/leveldb_temp --cgroup_path /sys/fs/cgroup/cache_ext_test
2026-03-26 16:34:07,686 INFO Policy loaded (PID 506715)
2026-03-26 16:34:07,686 INFO === Step 5: Start server ===
2026-03-26 16:34:07,686 INFO Starting server: sudo cgexec -g memory:cache_ext_test /mydata/cache_ext/net_leveldb_server 9100 /mydata/leveldb_temp
2026-03-26 16:34:07,688 INFO Waiting for server on port 9100 ...
2026-03-26 16:34:08,738 INFO Server ready (PID 506718) on port 9100
2026-03-26 16:34:08,738 INFO === Step 6: Run 7 traces x 3 runs = 21 total benchmarks ===
2026-03-26 16:34:08,775 INFO --- Trace 1/7 (ycsb_c_a) run 1/3  [1/21 overall] ---
2026-03-26 16:34:08,776 INFO CMD: sudo sync
2026-03-26 16:34:08,913 INFO CMD: sudo sh -c echo 3 > /proc/sys/vm/drop_caches
2026-03-26 16:34:09,176 INFO Page cache dropped.
2026-03-26 16:34:11,981 INFO Starting remote client client_ycsb_c on krisub@node1: ssh -o StrictHostKeyChecking=no -o BatchMode=yes -i /users/krisub/.ssh/id_ed25519 krisub@node1 sh -lc 'exec /mydata/cache_ext/My-YCSB/build/run_net_leveldb /tmp/dual_client_ycsb_c_xpewr9l0.yaml'
2026-03-26 16:34:12,256 INFO Starting remote client client_ycsb_a on krisub@node1: ssh -o StrictHostKeyChecking=no -o BatchMode=yes -i /users/krisub/.ssh/id_ed25519 krisub@node1 sh -lc 'exec /mydata/cache_ext/My-YCSB/build/run_net_leveldb /tmp/dual_client_ycsb_a_bkjglyy2.yaml'
2026-03-26 16:35:50,536 INFO Client client_ycsb_c: throughput=1327.26
2026-03-26 16:35:50,601 INFO Client client_ycsb_a: throughput=2605.54
2026-03-26 16:35:50,602 INFO Dual-client combined throughput: 3932.80 ops/sec
2026-03-26 16:35:51,061 INFO Trace ycsb_c_a run 1: throughput=3932.80 ops/sec
2026-03-26 16:35:51,061 INFO --- Trace 1/7 (ycsb_c_a) run 2/3  [2/21 overall] ---
2026-03-26 16:35:51,061 INFO CMD: sudo sync
2026-03-26 16:35:51,379 INFO CMD: sudo sh -c echo 3 > /proc/sys/vm/drop_caches
2026-03-26 16:35:51,663 INFO Page cache dropped.
2026-03-26 16:35:54,321 INFO Starting remote client client_ycsb_c on krisub@node1: ssh -o StrictHostKeyChecking=no -o BatchMode=yes -i /users/krisub/.ssh/id_ed25519 krisub@node1 sh -lc 'exec /mydata/cache_ext/My-YCSB/build/run_net_leveldb /tmp/dual_client_ycsb_c_31d5ajc2.yaml'
2026-03-26 16:35:54,573 INFO Starting remote client client_ycsb_a on krisub@node1: ssh -o StrictHostKeyChecking=no -o BatchMode=yes -i /users/krisub/.ssh/id_ed25519 krisub@node1 sh -lc 'exec /mydata/cache_ext/My-YCSB/build/run_net_leveldb /tmp/dual_client_ycsb_a_eev6pald.yaml'
2026-03-26 16:37:32,598 INFO Client client_ycsb_c: throughput=1358.40
2026-03-26 16:37:33,065 INFO Client client_ycsb_a: throughput=2675.09
2026-03-26 16:37:33,065 INFO Dual-client combined throughput: 4033.49 ops/sec
2026-03-26 16:37:33,545 INFO Trace ycsb_c_a run 2: throughput=4033.49 ops/sec
2026-03-26 16:37:33,545 INFO --- Trace 1/7 (ycsb_c_a) run 3/3  [3/21 overall] ---
2026-03-26 16:37:33,545 INFO CMD: sudo sync
2026-03-26 16:37:33,757 INFO CMD: sudo sh -c echo 3 > /proc/sys/vm/drop_caches
2026-03-26 16:37:34,040 INFO Page cache dropped.
2026-03-26 16:37:36,753 INFO Starting remote client client_ycsb_c on krisub@node1: ssh -o StrictHostKeyChecking=no -o BatchMode=yes -i /users/krisub/.ssh/id_ed25519 krisub@node1 sh -lc 'exec /mydata/cache_ext/My-YCSB/build/run_net_leveldb /tmp/dual_client_ycsb_c_d_zkxveu.yaml'
2026-03-26 16:37:37,021 INFO Starting remote client client_ycsb_a on krisub@node1: ssh -o StrictHostKeyChecking=no -o BatchMode=yes -i /users/krisub/.ssh/id_ed25519 krisub@node1 sh -lc 'exec /mydata/cache_ext/My-YCSB/build/run_net_leveldb /tmp/dual_client_ycsb_a_q_tj46_9.yaml'
2026-03-26 16:39:15,090 INFO Client client_ycsb_c: throughput=1363.09
2026-03-26 16:39:15,406 INFO Client client_ycsb_a: throughput=2667.06
2026-03-26 16:39:15,406 INFO Dual-client combined throughput: 4030.15 ops/sec
2026-03-26 16:39:15,869 INFO Trace ycsb_c_a run 3: throughput=4030.15 ops/sec
2026-03-26 16:39:15,869 INFO Trace ycsb_c_a summary: mean=3998.81 std=57.19 min=3932.80 max=4033.49 (CV=1.4%)
2026-03-26 16:39:15,909 INFO --- Trace 2/7 (ycsb_c_e) run 1/3  [4/21 overall] ---
2026-03-26 16:39:15,909 INFO CMD: sudo sync
2026-03-26 16:39:16,138 INFO CMD: sudo sh -c echo 3 > /proc/sys/vm/drop_caches
2026-03-26 16:39:16,426 INFO Page cache dropped.
2026-03-26 16:39:19,053 INFO Starting remote client client_ycsb_c on krisub@node1: ssh -o StrictHostKeyChecking=no -o BatchMode=yes -i /users/krisub/.ssh/id_ed25519 krisub@node1 sh -lc 'exec /mydata/cache_ext/My-YCSB/build/run_net_leveldb /tmp/dual_client_ycsb_c_cgxzvayo.yaml'
2026-03-26 16:39:19,309 INFO Starting remote client client_ycsb_e on krisub@node1: ssh -o StrictHostKeyChecking=no -o BatchMode=yes -i /users/krisub/.ssh/id_ed25519 krisub@node1 sh -lc 'exec /mydata/cache_ext/My-YCSB/build/run_net_leveldb /tmp/dual_client_ycsb_e_b1lj4fg_.yaml'
2026-03-26 16:40:57,480 INFO Client client_ycsb_c: throughput=1991.32
2026-03-26 16:40:58,698 INFO Client client_ycsb_e: throughput=77577.15
2026-03-26 16:40:58,698 INFO Dual-client combined throughput: 79568.47 ops/sec
2026-03-26 16:40:59,173 INFO Trace ycsb_c_e run 1: throughput=79568.47 ops/sec
2026-03-26 16:40:59,173 INFO --- Trace 2/7 (ycsb_c_e) run 2/3  [5/21 overall] ---
2026-03-26 16:40:59,173 INFO CMD: sudo sync
2026-03-26 16:40:59,393 INFO CMD: sudo sh -c echo 3 > /proc/sys/vm/drop_caches
2026-03-26 16:40:59,658 INFO Page cache dropped.
2026-03-26 16:41:02,305 INFO Starting remote client client_ycsb_c on krisub@node1: ssh -o StrictHostKeyChecking=no -o BatchMode=yes -i /users/krisub/.ssh/id_ed25519 krisub@node1 sh -lc 'exec /mydata/cache_ext/My-YCSB/build/run_net_leveldb /tmp/dual_client_ycsb_c_zf1t40w8.yaml'
2026-03-26 16:41:02,561 INFO Starting remote client client_ycsb_e on krisub@node1: ssh -o StrictHostKeyChecking=no -o BatchMode=yes -i /users/krisub/.ssh/id_ed25519 krisub@node1 sh -lc 'exec /mydata/cache_ext/My-YCSB/build/run_net_leveldb /tmp/dual_client_ycsb_e_rqpo_bf_.yaml'
2026-03-26 16:42:40,537 INFO Client client_ycsb_c: throughput=2013.29
2026-03-26 16:42:42,056 INFO Client client_ycsb_e: throughput=77659.67
2026-03-26 16:42:42,057 INFO Dual-client combined throughput: 79672.96 ops/sec
2026-03-26 16:42:42,525 INFO Trace ycsb_c_e run 2: throughput=79672.96 ops/sec
2026-03-26 16:42:42,525 INFO --- Trace 2/7 (ycsb_c_e) run 3/3  [6/21 overall] ---
2026-03-26 16:42:42,526 INFO CMD: sudo sync
2026-03-26 16:42:42,736 INFO CMD: sudo sh -c echo 3 > /proc/sys/vm/drop_caches
2026-03-26 16:42:42,987 INFO Page cache dropped.
2026-03-26 16:42:45,689 INFO Starting remote client client_ycsb_c on krisub@node1: ssh -o StrictHostKeyChecking=no -o BatchMode=yes -i /users/krisub/.ssh/id_ed25519 krisub@node1 sh -lc 'exec /mydata/cache_ext/My-YCSB/build/run_net_leveldb /tmp/dual_client_ycsb_c_qnt0idtm.yaml'
2026-03-26 16:42:45,941 INFO Starting remote client client_ycsb_e on krisub@node1: ssh -o StrictHostKeyChecking=no -o BatchMode=yes -i /users/krisub/.ssh/id_ed25519 krisub@node1 sh -lc 'exec /mydata/cache_ext/My-YCSB/build/run_net_leveldb /tmp/dual_client_ycsb_e_v0di4uxq.yaml'
2026-03-26 16:44:24,035 INFO Client client_ycsb_c: throughput=1966.60
2026-03-26 16:44:25,505 INFO Client client_ycsb_e: throughput=78081.81
2026-03-26 16:44:25,505 INFO Dual-client combined throughput: 80048.41 ops/sec
2026-03-26 16:44:25,961 INFO Trace ycsb_c_e run 3: throughput=80048.41 ops/sec
2026-03-26 16:44:25,962 INFO Trace ycsb_c_e summary: mean=79763.28 std=252.40 min=79568.47 max=80048.41 (CV=0.3%)
2026-03-26 16:44:25,998 INFO --- Trace 3/7 (ycsb_c_f) run 1/3  [7/21 overall] ---
2026-03-26 16:44:25,998 INFO CMD: sudo sync
2026-03-26 16:44:26,232 INFO CMD: sudo sh -c echo 3 > /proc/sys/vm/drop_caches
2026-03-26 16:44:26,511 INFO Page cache dropped.
2026-03-26 16:44:29,249 INFO Starting remote client client_ycsb_c on krisub@node1: ssh -o StrictHostKeyChecking=no -o BatchMode=yes -i /users/krisub/.ssh/id_ed25519 krisub@node1 sh -lc 'exec /mydata/cache_ext/My-YCSB/build/run_net_leveldb /tmp/dual_client_ycsb_c_aje4w0iz.yaml'
2026-03-26 16:44:29,509 INFO Starting remote client client_ycsb_f on krisub@node1: ssh -o StrictHostKeyChecking=no -o BatchMode=yes -i /users/krisub/.ssh/id_ed25519 krisub@node1 sh -lc 'exec /mydata/cache_ext/My-YCSB/build/run_net_leveldb /tmp/dual_client_ycsb_f_38kvx7sq.yaml'
2026-03-26 16:46:07,660 INFO Client client_ycsb_c: throughput=1365.14
2026-03-26 16:46:07,775 INFO Client client_ycsb_f: throughput=199.61
2026-03-26 16:46:07,775 INFO Dual-client combined throughput: 1564.75 ops/sec
2026-03-26 16:46:08,245 INFO Trace ycsb_c_f run 1: throughput=1564.75 ops/sec
2026-03-26 16:46:08,245 INFO --- Trace 3/7 (ycsb_c_f) run 2/3  [8/21 overall] ---
2026-03-26 16:46:08,245 INFO CMD: sudo sync
2026-03-26 16:46:08,442 INFO CMD: sudo sh -c echo 3 > /proc/sys/vm/drop_caches
2026-03-26 16:46:08,702 INFO Page cache dropped.
2026-03-26 16:46:11,473 INFO Starting remote client client_ycsb_c on krisub@node1: ssh -o StrictHostKeyChecking=no -o BatchMode=yes -i /users/krisub/.ssh/id_ed25519 krisub@node1 sh -lc 'exec /mydata/cache_ext/My-YCSB/build/run_net_leveldb /tmp/dual_client_ycsb_c_f8e6rwsk.yaml'
2026-03-26 16:46:11,724 INFO Starting remote client client_ycsb_f on krisub@node1: ssh -o StrictHostKeyChecking=no -o BatchMode=yes -i /users/krisub/.ssh/id_ed25519 krisub@node1 sh -lc 'exec /mydata/cache_ext/My-YCSB/build/run_net_leveldb /tmp/dual_client_ycsb_f_vrc5xibq.yaml'
2026-03-26 16:47:49,827 INFO Client client_ycsb_c: throughput=1405.39
2026-03-26 16:47:50,143 INFO Client client_ycsb_f: throughput=195.92
2026-03-26 16:47:50,143 INFO Dual-client combined throughput: 1601.31 ops/sec
2026-03-26 16:47:50,593 INFO Trace ycsb_c_f run 2: throughput=1601.31 ops/sec
2026-03-26 16:47:50,593 INFO --- Trace 3/7 (ycsb_c_f) run 3/3  [9/21 overall] ---
2026-03-26 16:47:50,593 INFO CMD: sudo sync
2026-03-26 16:47:50,843 INFO CMD: sudo sh -c echo 3 > /proc/sys/vm/drop_caches
2026-03-26 16:47:51,111 INFO Page cache dropped.
2026-03-26 16:47:53,854 INFO Starting remote client client_ycsb_c on krisub@node1: ssh -o StrictHostKeyChecking=no -o BatchMode=yes -i /users/krisub/.ssh/id_ed25519 krisub@node1 sh -lc 'exec /mydata/cache_ext/My-YCSB/build/run_net_leveldb /tmp/dual_client_ycsb_c_20el348h.yaml'
2026-03-26 16:47:54,100 INFO Starting remote client client_ycsb_f on krisub@node1: ssh -o StrictHostKeyChecking=no -o BatchMode=yes -i /users/krisub/.ssh/id_ed25519 krisub@node1 sh -lc 'exec /mydata/cache_ext/My-YCSB/build/run_net_leveldb /tmp/dual_client_ycsb_f_dco0xidv.yaml'
2026-03-26 16:49:32,103 INFO Client client_ycsb_c: throughput=1426.15
2026-03-26 16:49:32,520 INFO Client client_ycsb_f: throughput=210.02
2026-03-26 16:49:32,520 INFO Dual-client combined throughput: 1636.17 ops/sec
2026-03-26 16:49:32,969 INFO Trace ycsb_c_f run 3: throughput=1636.17 ops/sec
2026-03-26 16:49:32,970 INFO Trace ycsb_c_f summary: mean=1600.74 std=35.71 min=1564.75 max=1636.17 (CV=2.2%)
2026-03-26 16:49:33,003 INFO --- Trace 4/7 (ycsb_b_a) run 1/3  [10/21 overall] ---
2026-03-26 16:49:33,003 INFO CMD: sudo sync
2026-03-26 16:49:33,245 INFO CMD: sudo sh -c echo 3 > /proc/sys/vm/drop_caches
2026-03-26 16:49:33,497 INFO Page cache dropped.
2026-03-26 16:49:36,273 INFO Starting remote client client_ycsb_b on krisub@node1: ssh -o StrictHostKeyChecking=no -o BatchMode=yes -i /users/krisub/.ssh/id_ed25519 krisub@node1 sh -lc 'exec /mydata/cache_ext/My-YCSB/build/run_net_leveldb /tmp/dual_client_ycsb_b_08atvswg.yaml'
2026-03-26 16:49:36,524 INFO Starting remote client client_ycsb_a on krisub@node1: ssh -o StrictHostKeyChecking=no -o BatchMode=yes -i /users/krisub/.ssh/id_ed25519 krisub@node1 sh -lc 'exec /mydata/cache_ext/My-YCSB/build/run_net_leveldb /tmp/dual_client_ycsb_a_5hl4vuro.yaml'
2026-03-26 16:51:14,676 INFO Client client_ycsb_b: throughput=1507.46
2026-03-26 16:51:14,678 INFO Client client_ycsb_a: throughput=2753.38
2026-03-26 16:51:14,678 INFO Dual-client combined throughput: 4260.84 ops/sec
2026-03-26 16:51:15,173 INFO Trace ycsb_b_a run 1: throughput=4260.84 ops/sec
2026-03-26 16:51:15,173 INFO --- Trace 4/7 (ycsb_b_a) run 2/3  [11/21 overall] ---
2026-03-26 16:51:15,173 INFO CMD: sudo sync
2026-03-26 16:51:15,383 INFO CMD: sudo sh -c echo 3 > /proc/sys/vm/drop_caches
2026-03-26 16:51:15,632 INFO Page cache dropped.
2026-03-26 16:51:18,384 INFO Starting remote client client_ycsb_b on krisub@node1: ssh -o StrictHostKeyChecking=no -o BatchMode=yes -i /users/krisub/.ssh/id_ed25519 krisub@node1 sh -lc 'exec /mydata/cache_ext/My-YCSB/build/run_net_leveldb /tmp/dual_client_ycsb_b_8ioyh4ns.yaml'
2026-03-26 16:51:18,641 INFO Starting remote client client_ycsb_a on krisub@node1: ssh -o StrictHostKeyChecking=no -o BatchMode=yes -i /users/krisub/.ssh/id_ed25519 krisub@node1 sh -lc 'exec /mydata/cache_ext/My-YCSB/build/run_net_leveldb /tmp/dual_client_ycsb_a_k57le9jx.yaml'
2026-03-26 16:52:56,742 INFO Client client_ycsb_b: throughput=1498.40
2026-03-26 16:52:57,058 INFO Client client_ycsb_a: throughput=2790.75
2026-03-26 16:52:57,058 INFO Dual-client combined throughput: 4289.15 ops/sec
2026-03-26 16:52:57,522 INFO Trace ycsb_b_a run 2: throughput=4289.15 ops/sec
2026-03-26 16:52:57,522 INFO --- Trace 4/7 (ycsb_b_a) run 3/3  [12/21 overall] ---
2026-03-26 16:52:57,522 INFO CMD: sudo sync
2026-03-26 16:52:57,773 INFO CMD: sudo sh -c echo 3 > /proc/sys/vm/drop_caches
2026-03-26 16:52:58,024 INFO Page cache dropped.
2026-03-26 16:53:00,653 INFO Starting remote client client_ycsb_b on krisub@node1: ssh -o StrictHostKeyChecking=no -o BatchMode=yes -i /users/krisub/.ssh/id_ed25519 krisub@node1 sh -lc 'exec /mydata/cache_ext/My-YCSB/build/run_net_leveldb /tmp/dual_client_ycsb_b_xs41g3og.yaml'
2026-03-26 16:53:00,916 INFO Starting remote client client_ycsb_a on krisub@node1: ssh -o StrictHostKeyChecking=no -o BatchMode=yes -i /users/krisub/.ssh/id_ed25519 krisub@node1 sh -lc 'exec /mydata/cache_ext/My-YCSB/build/run_net_leveldb /tmp/dual_client_ycsb_a_43fv1zkf.yaml'
2026-03-26 16:54:38,970 INFO Client client_ycsb_b: throughput=1483.62
2026-03-26 16:54:39,436 INFO Client client_ycsb_a: throughput=2775.69
2026-03-26 16:54:39,436 INFO Dual-client combined throughput: 4259.31 ops/sec
2026-03-26 16:54:39,921 INFO Trace ycsb_b_a run 3: throughput=4259.31 ops/sec
2026-03-26 16:54:39,921 INFO Trace ycsb_b_a summary: mean=4269.77 std=16.80 min=4259.31 max=4289.15 (CV=0.4%)
2026-03-26 16:54:39,960 INFO --- Trace 5/7 (ycsb_a_d) run 1/3  [13/21 overall] ---
2026-03-26 16:54:39,960 INFO CMD: sudo sync
2026-03-26 16:54:40,195 INFO CMD: sudo sh -c echo 3 > /proc/sys/vm/drop_caches
2026-03-26 16:54:40,485 INFO Page cache dropped.
2026-03-26 16:54:43,261 INFO Starting remote client client_ycsb_a on krisub@node1: ssh -o StrictHostKeyChecking=no -o BatchMode=yes -i /users/krisub/.ssh/id_ed25519 krisub@node1 sh -lc 'exec /mydata/cache_ext/My-YCSB/build/run_net_leveldb /tmp/dual_client_ycsb_a__7x3ezw0.yaml'
2026-03-26 16:54:43,525 INFO Starting remote client client_ycsb_d on krisub@node1: ssh -o StrictHostKeyChecking=no -o BatchMode=yes -i /users/krisub/.ssh/id_ed25519 krisub@node1 sh -lc 'exec /mydata/cache_ext/My-YCSB/build/run_net_leveldb /tmp/dual_client_ycsb_d_drtqwoy7.yaml'
2026-03-26 16:56:21,527 INFO Client client_ycsb_a: throughput=2687.30
2026-03-26 16:56:21,993 INFO Client client_ycsb_d: throughput=2145.60
2026-03-26 16:56:21,993 INFO Dual-client combined throughput: 4832.90 ops/sec
2026-03-26 16:56:22,465 INFO Trace ycsb_a_d run 1: throughput=4832.90 ops/sec
2026-03-26 16:56:22,465 INFO --- Trace 5/7 (ycsb_a_d) run 2/3  [14/21 overall] ---
2026-03-26 16:56:22,465 INFO CMD: sudo sync
2026-03-26 16:56:22,700 INFO CMD: sudo sh -c echo 3 > /proc/sys/vm/drop_caches
2026-03-26 16:56:22,985 INFO Page cache dropped.
2026-03-26 16:56:25,729 INFO Starting remote client client_ycsb_a on krisub@node1: ssh -o StrictHostKeyChecking=no -o BatchMode=yes -i /users/krisub/.ssh/id_ed25519 krisub@node1 sh -lc 'exec /mydata/cache_ext/My-YCSB/build/run_net_leveldb /tmp/dual_client_ycsb_a_86f66wpj.yaml'
2026-03-26 16:56:25,985 INFO Starting remote client client_ycsb_d on krisub@node1: ssh -o StrictHostKeyChecking=no -o BatchMode=yes -i /users/krisub/.ssh/id_ed25519 krisub@node1 sh -lc 'exec /mydata/cache_ext/My-YCSB/build/run_net_leveldb /tmp/dual_client_ycsb_d_br17h1vn.yaml'
2026-03-26 16:58:03,987 INFO Client client_ycsb_a: throughput=2719.09
2026-03-26 16:58:04,453 INFO Client client_ycsb_d: throughput=2539.94
2026-03-26 16:58:04,453 INFO Dual-client combined throughput: 5259.03 ops/sec
2026-03-26 16:58:04,929 INFO Trace ycsb_a_d run 2: throughput=5259.03 ops/sec
2026-03-26 16:58:04,929 INFO --- Trace 5/7 (ycsb_a_d) run 3/3  [15/21 overall] ---
2026-03-26 16:58:04,929 INFO CMD: sudo sync
2026-03-26 16:58:05,214 INFO CMD: sudo sh -c echo 3 > /proc/sys/vm/drop_caches
2026-03-26 16:58:05,531 INFO Page cache dropped.
2026-03-26 16:58:08,273 INFO Starting remote client client_ycsb_a on krisub@node1: ssh -o StrictHostKeyChecking=no -o BatchMode=yes -i /users/krisub/.ssh/id_ed25519 krisub@node1 sh -lc 'exec /mydata/cache_ext/My-YCSB/build/run_net_leveldb /tmp/dual_client_ycsb_a_3zd_kq6j.yaml'
2026-03-26 16:58:08,556 INFO Starting remote client client_ycsb_d on krisub@node1: ssh -o StrictHostKeyChecking=no -o BatchMode=yes -i /users/krisub/.ssh/id_ed25519 krisub@node1 sh -lc 'exec /mydata/cache_ext/My-YCSB/build/run_net_leveldb /tmp/dual_client_ycsb_d_7w14hcic.yaml'
2026-03-26 16:59:46,559 INFO Client client_ycsb_a: throughput=2622.19
2026-03-26 16:59:46,874 INFO Client client_ycsb_d: throughput=2604.57
2026-03-26 16:59:46,875 INFO Dual-client combined throughput: 5226.76 ops/sec
2026-03-26 16:59:47,346 INFO Trace ycsb_a_d run 3: throughput=5226.76 ops/sec
2026-03-26 16:59:47,346 INFO Trace ycsb_a_d summary: mean=5106.23 std=237.26 min=4832.90 max=5259.03 (CV=4.6%)
2026-03-26 16:59:47,409 INFO --- Trace 6/7 (ycsb_e_a) run 1/3  [16/21 overall] ---
2026-03-26 16:59:47,409 INFO CMD: sudo sync
2026-03-26 16:59:47,641 INFO CMD: sudo sh -c echo 3 > /proc/sys/vm/drop_caches
2026-03-26 16:59:47,900 INFO Page cache dropped.
2026-03-26 16:59:50,673 INFO Starting remote client client_ycsb_e on krisub@node1: ssh -o StrictHostKeyChecking=no -o BatchMode=yes -i /users/krisub/.ssh/id_ed25519 krisub@node1 sh -lc 'exec /mydata/cache_ext/My-YCSB/build/run_net_leveldb /tmp/dual_client_ycsb_e_cncn243x.yaml'
2026-03-26 16:59:50,924 INFO Starting remote client client_ycsb_a on krisub@node1: ssh -o StrictHostKeyChecking=no -o BatchMode=yes -i /users/krisub/.ssh/id_ed25519 krisub@node1 sh -lc 'exec /mydata/cache_ext/My-YCSB/build/run_net_leveldb /tmp/dual_client_ycsb_a_1key0t37.yaml'
2026-03-26 17:01:30,073 INFO Client client_ycsb_e: throughput=69902.30
2026-03-26 17:01:30,075 INFO Client client_ycsb_a: throughput=4189.97
2026-03-26 17:01:30,075 INFO Dual-client combined throughput: 74092.27 ops/sec
2026-03-26 17:01:30,545 INFO Trace ycsb_e_a run 1: throughput=74092.27 ops/sec
2026-03-26 17:01:30,545 INFO --- Trace 6/7 (ycsb_e_a) run 2/3  [17/21 overall] ---
2026-03-26 17:01:30,545 INFO CMD: sudo sync
2026-03-26 17:01:30,803 INFO CMD: sudo sh -c echo 3 > /proc/sys/vm/drop_caches
2026-03-26 17:01:31,092 INFO Page cache dropped.
2026-03-26 17:01:33,849 INFO Starting remote client client_ycsb_e on krisub@node1: ssh -o StrictHostKeyChecking=no -o BatchMode=yes -i /users/krisub/.ssh/id_ed25519 krisub@node1 sh -lc 'exec /mydata/cache_ext/My-YCSB/build/run_net_leveldb /tmp/dual_client_ycsb_e_c0he_qk9.yaml'
2026-03-26 17:01:34,110 INFO Starting remote client client_ycsb_a on krisub@node1: ssh -o StrictHostKeyChecking=no -o BatchMode=yes -i /users/krisub/.ssh/id_ed25519 krisub@node1 sh -lc 'exec /mydata/cache_ext/My-YCSB/build/run_net_leveldb /tmp/dual_client_ycsb_a_awgcf5cr.yaml'
2026-03-26 17:03:13,056 INFO Client client_ycsb_e: throughput=71837.38
2026-03-26 17:03:13,057 INFO Client client_ycsb_a: throughput=4283.73
2026-03-26 17:03:13,057 INFO Dual-client combined throughput: 76121.11 ops/sec
2026-03-26 17:03:13,525 INFO Trace ycsb_e_a run 2: throughput=76121.11 ops/sec
2026-03-26 17:03:13,525 INFO --- Trace 6/7 (ycsb_e_a) run 3/3  [18/21 overall] ---
2026-03-26 17:03:13,525 INFO CMD: sudo sync
2026-03-26 17:03:13,857 INFO CMD: sudo sh -c echo 3 > /proc/sys/vm/drop_caches
2026-03-26 17:03:14,095 INFO Page cache dropped.
2026-03-26 17:03:16,865 INFO Starting remote client client_ycsb_e on krisub@node1: ssh -o StrictHostKeyChecking=no -o BatchMode=yes -i /users/krisub/.ssh/id_ed25519 krisub@node1 sh -lc 'exec /mydata/cache_ext/My-YCSB/build/run_net_leveldb /tmp/dual_client_ycsb_e_zs02uta4.yaml'
2026-03-26 17:03:17,113 INFO Starting remote client client_ycsb_a on krisub@node1: ssh -o StrictHostKeyChecking=no -o BatchMode=yes -i /users/krisub/.ssh/id_ed25519 krisub@node1 sh -lc 'exec /mydata/cache_ext/My-YCSB/build/run_net_leveldb /tmp/dual_client_ycsb_a_fyzmpp0m.yaml'
2026-03-26 17:04:56,311 INFO Client client_ycsb_e: throughput=70413.43
2026-03-26 17:04:56,312 INFO Client client_ycsb_a: throughput=4095.99
2026-03-26 17:04:56,312 INFO Dual-client combined throughput: 74509.42 ops/sec
2026-03-26 17:04:56,777 INFO Trace ycsb_e_a run 3: throughput=74509.42 ops/sec
2026-03-26 17:04:56,777 INFO Trace ycsb_e_a summary: mean=74907.60 std=1071.43 min=74092.27 max=76121.11 (CV=1.4%)
2026-03-26 17:04:56,814 INFO --- Trace 7/7 (ycsb_e_f) run 1/3  [19/21 overall] ---
2026-03-26 17:04:56,815 INFO CMD: sudo sync
2026-03-26 17:04:57,081 INFO CMD: sudo sh -c echo 3 > /proc/sys/vm/drop_caches
2026-03-26 17:04:57,322 INFO Page cache dropped.
2026-03-26 17:05:00,073 INFO Starting remote client client_ycsb_e on krisub@node1: ssh -o StrictHostKeyChecking=no -o BatchMode=yes -i /users/krisub/.ssh/id_ed25519 krisub@node1 sh -lc 'exec /mydata/cache_ext/My-YCSB/build/run_net_leveldb /tmp/dual_client_ycsb_e_srt4czkl.yaml'
2026-03-26 17:05:00,328 INFO Starting remote client client_ycsb_f on krisub@node1: ssh -o StrictHostKeyChecking=no -o BatchMode=yes -i /users/krisub/.ssh/id_ed25519 krisub@node1 sh -lc 'exec /mydata/cache_ext/My-YCSB/build/run_net_leveldb /tmp/dual_client_ycsb_f_rukph9o_.yaml'
2026-03-26 17:06:39,376 INFO Client client_ycsb_e: throughput=72038.50
2026-03-26 17:06:39,378 INFO Client client_ycsb_f: throughput=287.16
2026-03-26 17:06:39,378 INFO Dual-client combined throughput: 72325.66 ops/sec
2026-03-26 17:06:39,825 INFO Trace ycsb_e_f run 1: throughput=72325.66 ops/sec
2026-03-26 17:06:39,825 INFO --- Trace 7/7 (ycsb_e_f) run 2/3  [20/21 overall] ---
2026-03-26 17:06:39,825 INFO CMD: sudo sync
2026-03-26 17:06:40,057 INFO CMD: sudo sh -c echo 3 > /proc/sys/vm/drop_caches
2026-03-26 17:06:40,331 INFO Page cache dropped.
2026-03-26 17:06:43,101 INFO Starting remote client client_ycsb_e on krisub@node1: ssh -o StrictHostKeyChecking=no -o BatchMode=yes -i /users/krisub/.ssh/id_ed25519 krisub@node1 sh -lc 'exec /mydata/cache_ext/My-YCSB/build/run_net_leveldb /tmp/dual_client_ycsb_e_3xqk3iwu.yaml'
2026-03-26 17:06:43,349 INFO Starting remote client client_ycsb_f on krisub@node1: ssh -o StrictHostKeyChecking=no -o BatchMode=yes -i /users/krisub/.ssh/id_ed25519 krisub@node1 sh -lc 'exec /mydata/cache_ext/My-YCSB/build/run_net_leveldb /tmp/dual_client_ycsb_f_s1gzqjx1.yaml'
2026-03-26 17:08:22,344 INFO Client client_ycsb_e: throughput=74215.93
2026-03-26 17:08:22,345 INFO Client client_ycsb_f: throughput=278.19
2026-03-26 17:08:22,345 INFO Dual-client combined throughput: 74494.12 ops/sec
2026-03-26 17:08:22,818 INFO Trace ycsb_e_f run 2: throughput=74494.12 ops/sec
2026-03-26 17:08:22,818 INFO --- Trace 7/7 (ycsb_e_f) run 3/3  [21/21 overall] ---
2026-03-26 17:08:22,818 INFO CMD: sudo sync
2026-03-26 17:08:23,070 INFO CMD: sudo sh -c echo 3 > /proc/sys/vm/drop_caches
2026-03-26 17:08:23,351 INFO Page cache dropped.
2026-03-26 17:08:26,093 INFO Starting remote client client_ycsb_e on krisub@node1: ssh -o StrictHostKeyChecking=no -o BatchMode=yes -i /users/krisub/.ssh/id_ed25519 krisub@node1 sh -lc 'exec /mydata/cache_ext/My-YCSB/build/run_net_leveldb /tmp/dual_client_ycsb_e_f1m8t540.yaml'
2026-03-26 17:08:26,357 INFO Starting remote client client_ycsb_f on krisub@node1: ssh -o StrictHostKeyChecking=no -o BatchMode=yes -i /users/krisub/.ssh/id_ed25519 krisub@node1 sh -lc 'exec /mydata/cache_ext/My-YCSB/build/run_net_leveldb /tmp/dual_client_ycsb_f_x7i92m0d.yaml'
2026-03-26 17:10:05,451 INFO Client client_ycsb_e: throughput=75964.61
2026-03-26 17:10:05,452 INFO Client client_ycsb_f: throughput=279.14
2026-03-26 17:10:05,453 INFO Dual-client combined throughput: 76243.75 ops/sec
2026-03-26 17:10:05,929 INFO Trace ycsb_e_f run 3: throughput=76243.75 ops/sec
2026-03-26 17:10:05,930 INFO Trace ycsb_e_f summary: mean=74354.51 std=1962.77 min=72325.66 max=76243.75 (CV=2.6%)
2026-03-26 17:10:05,952 INFO === Evaluation complete (3 runs per trace) ===
2026-03-26 17:10:05,952 INFO Combined score (harmonic mean of means): 5207.70  (7/7 traces passed)
2026-03-26 17:10:05,952 INFO   ycsb_c_a: mean=3998.81 std=57.19 [3932.80 .. 4033.49]
2026-03-26 17:10:05,952 INFO   ycsb_c_e: mean=79763.28 std=252.40 [79568.47 .. 80048.41]
2026-03-26 17:10:05,952 INFO   ycsb_c_f: mean=1600.74 std=35.71 [1564.75 .. 1636.17]
2026-03-26 17:10:05,952 INFO   ycsb_b_a: mean=4269.77 std=16.80 [4259.31 .. 4289.15]
2026-03-26 17:10:05,953 INFO   ycsb_a_d: mean=5106.23 std=237.26 [4832.90 .. 5259.03]
2026-03-26 17:10:05,953 INFO   ycsb_e_a: mean=74907.60 std=1071.43 [74092.27 .. 76121.11]
2026-03-26 17:10:05,953 INFO   ycsb_e_f: mean=74354.51 std=1962.77 [72325.66 .. 76243.75]
2026-03-26 17:10:05,953 INFO Stopping net_leveldb_server (PID 506718)
2026-03-26 17:10:05,953 INFO CMD: sudo kill 506718
2026-03-26 17:10:06,088 INFO Unloading BPF policy (PID 506715)
2026-03-26 17:10:06,088 INFO CMD: sudo kill -2 506715
2026-03-26 17:10:06,419 INFO CMD: sudo rm -f /sys/fs/bpf/cache_ext/scan_pids
2026-03-26 17:10:06,512 INFO CMD: sudo sh -c echo 0x0007 > /sys/kernel/mm/lru_gen/enabled
2026-03-26 17:10:06,587 INFO MGLRU re-enabled (restored to 0x0007).
2026-03-26 17:10:06,587 INFO MGLRU watchdog stopped (PID 506694)
