--- reader_fast ---
ZipfianWorkload: start initializing zipfian variables, might take a while
Zipfian (Warm-Up) (epoch 0, progress 0.00%): UPDATE throughput 0.00 ops/sec, INSERT throughput 0.00 ops/sec, READ throughput 0.00 ops/sec, SCAN throughput 0.00 ops/sec, READ_MODIFY_WRITE throughput 0.00 ops/sec, total throughput 0.00 ops/sec
Zipfian (Warm-Up) (epoch 1, progress 0.00%): UPDATE throughput 0.00 ops/sec, INSERT throughput 0.00 ops/sec, READ throughput 380.97 ops/sec, SCAN throughput 0.00 ops/sec, READ_MODIFY_WRITE throughput 0.00 ops/sec, total throughput 380.97 ops/sec
Zipfian (Warm-Up) (epoch 2, progress 0.00%): UPDATE throughput 0.00 ops/sec, INSERT throughput 0.00 ops/sec, READ throughput 414.94 ops/sec, SCAN throughput 0.00 ops/sec, READ_MODIFY_WRITE throughput 0.00 ops/sec, total throughput 414.94 ops/sec
Zipfian (Warm-Up) (epoch 3, progress 0.00%): UPDATE throughput 0.00 ops/sec, INSERT throughput 0.00 ops/sec, READ throughput 346.95 ops/sec, SCAN throughput 0.00 ops/sec, READ_MODIFY_WRITE throughput 0.00 ops/sec, total throughput 346.95 ops/sec
Zipfian (Warm-Up) (epoch 4, progress 0.00%): UPDATE throughput 0.00 ops/sec, INSERT throughput 0.00 ops/sec, READ throughput 417.94 ops/sec, SCAN throughput 0.00 ops/sec, READ_MODIFY_WRITE throughput 0.00 ops/sec, total throughput 417.94 ops/sec
Zipfian (Warm-Up) (epoch 5, progress 0.00%): UPDATE throughput 0.00 ops/sec, INSERT throughput 0.00 ops/sec, READ throughput 414.94 ops/sec, SCAN throughput 0.00 ops/sec, READ_MODIFY_WRITE throughput 0.00 ops/sec, total throughput 414.94 ops/sec
Zipfian (Warm-Up) (epoch 6, progress 0.01%): UPDATE throughput 0.00 ops/sec, INSERT throughput 0.00 ops/sec, READ throughput 356.95 ops/sec, SCAN throughput 0.00 ops/sec, READ_MODIFY_WRITE throughput 0.00 ops/sec, total throughput 356.95 ops/sec
Zipfian (Warm-Up) (epoch 7, progress 0.01%): UPDATE throughput 0.00 ops/sec, INSERT throughput 0.00 ops/sec, READ throughput 353.95 ops/sec, SCAN throughput 0.00 ops/sec, READ_MODIFY_WRITE throughput 0.00 ops/sec, total throughput 353.95 ops/sec
Zipfian (Warm-Up) (epoch 8, progress 0.01%): UPDATE throughput 0.00 ops/sec, INSERT throughput 0.00 ops/sec, READ throughput 392.95 ops/sec, SCAN throughput 0.00 ops/sec, READ_MODIFY_WRITE throughput 0.00 ops/sec, total throughput 392.95 ops/sec
Zipfian (Warm-Up) (epoch 9, progress 0.01%): UPDATE throughput 0.00 ops/sec, INSERT throughput 0.00 ops/sec, READ throughput 448.94 ops/sec, SCAN throughput 0.00 ops/sec, READ_MODIFY_WRITE throughput 0.00 ops/sec, total throughput 448.94 ops/sec
Zipfian (Warm-Up) (epoch 10, progress 0.01%): UPDATE throughput 0.00 ops/sec, INSERT throughput 0.00 ops/sec, READ throughput 438.94 ops/sec, SCAN throughput 0.00 ops/sec, READ_MODIFY_WRITE throughput 0.00 ops/sec, total throughput 438.94 ops/sec
Zipfian (Warm-Up) (epoch 11, progress 0.01%): UPDATE throughput 0.00 ops/sec, INSERT throughput 0.00 ops/sec, READ throughput 372.94 ops/sec, SCAN throughput 0.00 ops/sec, READ_MODIFY_WRITE throughput 0.00 ops/sec, total throughput 372.94 ops/sec
Zipfian (Warm-Up) (epoch 12, progress 0.01%): UPDATE throughput 0.00 ops/sec, INSERT throughput 0.00 ops/sec, READ throughput 437.94 ops/sec, SCAN throughput 0.00 ops/sec, READ_MODIFY_WRITE throughput 0.00 ops/sec, total throughput 437.94 ops/sec
Zipfian (Warm-Up) (epoch 13, progress 0.01%): UPDATE throughput 0.00 ops/sec, INSERT throughput 0.00 ops/sec, READ throughput 468.93 ops/sec, SCAN throughput 0.00 ops/sec, READ_MODIFY_WRITE throughput 0.00 ops/sec, total throughput 468.93 ops/sec
Zipfian (Warm-Up) (epoch 14, progress 0.01%): UPDATE throughput 0.00 ops/sec, INSERT throughput 0.00 ops/sec, READ throughput 462.94 ops/sec, SCAN throughput 0.00 ops/sec, READ_MODIFY_WRITE throughput 0.00 ops/sec, total throughput 462.94 ops/sec
Zipfian (Warm-Up) (epoch 15, progress 0.02%): UPDATE throughput 0.00 ops/sec, INSERT throughput 0.00 ops/sec, READ throughput 533.92 ops/sec, SCAN throughput 0.00 ops/sec, READ_MODIFY_WRITE throughput 0.00 ops/sec, total throughput 533.92 ops/sec
Zipfian (Warm-Up) (epoch 16, progress 0.02%): UPDATE throughput 0.00 ops/sec, INSERT throughput 0.00 ops/sec, READ throughput 461.94 ops/sec, SCAN throughput 0.00 ops/sec, READ_MODIFY_WRITE throughput 0.00 ops/sec, total throughput 461.94 ops/sec
Zipfian (Warm-Up) (epoch 17, progress 0.02%): UPDATE throughput 0.00 ops/sec, INSERT throughput 0.00 ops/sec, READ throughput 413.94 ops/sec, SCAN throughput 0.00 ops/sec, READ_MODIFY_WRITE throughput 0.00 ops/sec, total throughput 413.94 ops/sec
Zipfian (Warm-Up) (epoch 18, progress 0.02%): UPDATE throughput 0.00 ops/sec, INSERT throughput 0.00 ops/sec, READ throughput 602.92 ops/sec, SCAN throughput 0.00 ops/sec, READ_MODIFY_WRITE throughput 0.00 ops/sec, total throughput 602.92 ops/sec
Zipfian (Warm-Up) (epoch 19, progress 0.02%): UPDATE throughput 0.00 ops/sec, INSERT throughput 0.00 ops/sec, READ throughput 654.91 ops/sec, SCAN throughput 0.00 ops/sec, READ_MODIFY_WRITE throughput 0.00 ops/sec, total throughput 654.91 ops/sec
Zipfian (Warm-Up) (epoch 20, progress 0.02%): UPDATE throughput 0.00 ops/sec, INSERT throughput 0.00 ops/sec, READ throughput 687.91 ops/sec, SCAN throughput 0.00 ops/sec, READ_MODIFY_WRITE throughput 0.00 ops/sec, total throughput 687.91 ops/sec
Zipfian (Warm-Up) (epoch 21, progress 0.02%): UPDATE throughput 0.00 ops/sec, INSERT throughput 0.00 ops/sec, READ throughput 636.91 ops/sec, SCAN throughput 0.00 ops/sec, READ_MODIFY_WRITE throughput 0.00 ops/sec, total throughput 636.91 ops/sec
Zipfian (Warm-Up) (epoch 22, progress 0.03%): UPDATE throughput 0.00 ops/sec, INSERT throughput 0.00 ops/sec, READ throughput 749.90 ops/sec, SCAN throughput 0.00 ops/sec, READ_MODIFY_WRITE throughput 0.00 ops/sec, total throughput 749.90 ops/sec
Zipfian (Warm-Up) (epoch 23, progress 0.03%): UPDATE throughput 0.00 ops/sec, INSERT throughput 0.00 ops/sec, READ throughput 640.91 ops/sec, SCAN throughput 0.00 ops/sec, READ_MODIFY_WRITE throughput 0.00 ops/sec, total throughput 640.91 ops/sec
Zipfian (Warm-Up) (epoch 24, progress 0.03%): UPDATE throughput 0.00 ops/sec, INSERT throughput 0.00 ops/sec, READ throughput 846.88 ops/sec, SCAN throughput 0.00 ops/sec, READ_MODIFY_WRITE throughput 0.00 ops/sec, total throughput 846.88 ops/sec
Zipfian (Warm-Up) (epoch 25, progress 0.03%): UPDATE throughput 0.00 ops/sec, INSERT throughput 0.00 ops/sec, READ throughput 724.89 ops/sec, SCAN throughput 0.00 ops/sec, READ_MODIFY_WRITE throughput 0.00 ops/sec, total throughput 724.89 ops/sec
Zipfian (Warm-Up) (epoch 26, progress 0.03%): UPDATE throughput 0.00 ops/sec, INSERT throughput 0.00 ops/sec, READ throughput 764.89 ops/sec, SCAN throughput 0.00 ops/sec, READ_MODIFY_WRITE throughput 0.00 ops/sec, total throughput 764.89 ops/sec
Zipfian (Warm-Up) (epoch 27, progress 0.04%): UPDATE throughput 0.00 ops/sec, INSERT throughput 0.00 ops/sec, READ throughput 789.88 ops/sec, SCAN throughput 0.00 ops/sec, READ_MODIFY_WRITE throughput 0.00 ops/sec, total throughput 789.88 ops/sec
Zipfian (Warm-Up) (epoch 28, progress 0.04%): UPDATE throughput 0.00 ops/sec, INSERT throughput 0.00 ops/sec, READ throughput 646.91 ops/sec, SCAN throughput 0.00 ops/sec, READ_MODIFY_WRITE throughput 0.00 ops/sec, total throughput 646.91 ops/sec
Zipfian (Warm-Up) (epoch 29, progress 0.04%): UPDATE throughput 0.00 ops/sec, INSERT throughput 0.00 ops/sec, READ throughput 793.88 ops/sec, SCAN throughput 0.00 ops/sec, READ_MODIFY_WRITE throughput 0.00 ops/sec, total throughput 793.88 ops/sec
Zipfian (Warm-Up) (epoch 30, progress 0.04%): UPDATE throughput 0.00 ops/sec, INSERT throughput 0.00 ops/sec, READ throughput 656.91 ops/sec, SCAN throughput 0.00 ops/sec, READ_MODIFY_WRITE throughput 0.00 ops/sec, total throughput 656.91 ops/sec
time's up!
Zipfian (Warm-Up): calculating overall performance metrics... (might take a while)
Zipfian (Warm-Up) overall: UPDATE throughput 0.00 ops/sec, INSERT throughput 0.00 ops/sec, READ throughput 543.98 ops/sec, SCAN throughput 0.00 ops/sec, READ_MODIFY_WRITE throughput 0.00 ops/sec, total throughput 543.98 ops/sec
Zipfian (Warm-Up) overall: UPDATE average latency 0.00 ns, UPDATE p99 latency 0.00 ns, INSERT average latency 0.00 ns, INSERT p99 latency 0.00 ns, READ average latency 7339774.46 ns, READ p99 latency 60808472.37 ns, SCAN average latency 0.00 ns, SCAN p99 latency 0.00 ns, READ_MODIFY_WRITE average latency 0.00 ns, READ_MODIFY_WRITE p99 latency 0.00 ns
ZipfianWorkload: start initializing zipfian variables, might take a while
Zipfian (epoch 0, progress 0.00%): UPDATE throughput 0.00 ops/sec, INSERT throughput 0.00 ops/sec, READ throughput 0.00 ops/sec, SCAN throughput 0.00 ops/sec, READ_MODIFY_WRITE throughput 0.00 ops/sec, total throughput 0.00 ops/sec
Zipfian (epoch 1, progress 0.04%): UPDATE throughput 0.00 ops/sec, INSERT throughput 0.00 ops/sec, READ throughput 16640.67 ops/sec, SCAN throughput 0.00 ops/sec, READ_MODIFY_WRITE throughput 0.00 ops/sec, total throughput 16640.67 ops/sec
Zipfian (epoch 2, progress 0.04%): UPDATE throughput 0.00 ops/sec, INSERT throughput 0.00 ops/sec, READ throughput 665.91 ops/sec, SCAN throughput 0.00 ops/sec, READ_MODIFY_WRITE throughput 0.00 ops/sec, total throughput 665.91 ops/sec
Zipfian (epoch 3, progress 0.04%): UPDATE throughput 0.00 ops/sec, INSERT throughput 0.00 ops/sec, READ throughput 652.91 ops/sec, SCAN throughput 0.00 ops/sec, READ_MODIFY_WRITE throughput 0.00 ops/sec, total throughput 652.91 ops/sec
Zipfian (epoch 4, progress 0.05%): UPDATE throughput 0.00 ops/sec, INSERT throughput 0.00 ops/sec, READ throughput 854.88 ops/sec, SCAN throughput 0.00 ops/sec, READ_MODIFY_WRITE throughput 0.00 ops/sec, total throughput 854.88 ops/sec
Zipfian (epoch 5, progress 0.05%): UPDATE throughput 0.00 ops/sec, INSERT throughput 0.00 ops/sec, READ throughput 641.91 ops/sec, SCAN throughput 0.00 ops/sec, READ_MODIFY_WRITE throughput 0.00 ops/sec, total throughput 641.91 ops/sec
Zipfian (epoch 6, progress 0.05%): UPDATE throughput 0.00 ops/sec, INSERT throughput 0.00 ops/sec, READ throughput 654.91 ops/sec, SCAN throughput 0.00 ops/sec, READ_MODIFY_WRITE throughput 0.00 ops/sec, total throughput 654.91 ops/sec
Zipfian (epoch 7, progress 0.05%): UPDATE throughput 0.00 ops/sec, INSERT throughput 0.00 ops/sec, READ throughput 651.91 ops/sec, SCAN throughput 0.00 ops/sec, READ_MODIFY_WRITE throughput 0.00 ops/sec, total throughput 651.91 ops/sec
Zipfian (epoch 8, progress 0.05%): UPDATE throughput 0.00 ops/sec, INSERT throughput 0.00 ops/sec, READ throughput 703.90 ops/sec, SCAN throughput 0.00 ops/sec, READ_MODIFY_WRITE throughput 0.00 ops/sec, total throughput 703.90 ops/sec
Zipfian (epoch 9, progress 0.06%): UPDATE throughput 0.00 ops/sec, INSERT throughput 0.00 ops/sec, READ throughput 746.90 ops/sec, SCAN throughput 0.00 ops/sec, READ_MODIFY_WRITE throughput 0.00 ops/sec, total throughput 746.90 ops/sec
Zipfian (epoch 10, progress 0.06%): UPDATE throughput 0.00 ops/sec, INSERT throughput 0.00 ops/sec, READ throughput 741.90 ops/sec, SCAN throughput 0.00 ops/sec, READ_MODIFY_WRITE throughput 0.00 ops/sec, total throughput 741.90 ops/sec
Zipfian (epoch 11, progress 0.06%): UPDATE throughput 0.00 ops/sec, INSERT throughput 0.00 ops/sec, READ throughput 835.88 ops/sec, SCAN throughput 0.00 ops/sec, READ_MODIFY_WRITE throughput 0.00 ops/sec, total throughput 835.88 ops/sec
Zipfian (epoch 12, progress 0.06%): UPDATE throughput 0.00 ops/sec, INSERT throughput 0.00 ops/sec, READ throughput 926.87 ops/sec, SCAN throughput 0.00 ops/sec, READ_MODIFY_WRITE throughput 0.00 ops/sec, total throughput 926.87 ops/sec
Zipfian (epoch 13, progress 0.06%): UPDATE throughput 0.00 ops/sec, INSERT throughput 0.00 ops/sec, READ throughput 866.87 ops/sec, SCAN throughput 0.00 ops/sec, READ_MODIFY_WRITE throughput 0.00 ops/sec, total throughput 866.87 ops/sec
Zipfian (epoch 14, progress 0.07%): UPDATE throughput 0.00 ops/sec, INSERT throughput 0.00 ops/sec, READ throughput 910.88 ops/sec, SCAN throughput 0.00 ops/sec, READ_MODIFY_WRITE throughput 0.00 ops/sec, total throughput 910.88 ops/sec
Zipfian (epoch 15, progress 0.07%): UPDATE throughput 0.00 ops/sec, INSERT throughput 0.00 ops/sec, READ throughput 903.86 ops/sec, SCAN throughput 0.00 ops/sec, READ_MODIFY_WRITE throughput 0.00 ops/sec, total throughput 903.86 ops/sec
Zipfian (epoch 16, progress 0.07%): UPDATE throughput 0.00 ops/sec, INSERT throughput 0.00 ops/sec, READ throughput 1042.86 ops/sec, SCAN throughput 0.00 ops/sec, READ_MODIFY_WRITE throughput 0.00 ops/sec, total throughput 1042.86 ops/sec
Zipfian (epoch 17, progress 0.07%): UPDATE throughput 0.00 ops/sec, INSERT throughput 0.00 ops/sec, READ throughput 905.86 ops/sec, SCAN throughput 0.00 ops/sec, READ_MODIFY_WRITE throughput 0.00 ops/sec, total throughput 905.86 ops/sec
Zipfian (epoch 18, progress 0.08%): UPDATE throughput 0.00 ops/sec, INSERT throughput 0.00 ops/sec, READ throughput 1062.88 ops/sec, SCAN throughput 0.00 ops/sec, READ_MODIFY_WRITE throughput 0.00 ops/sec, total throughput 1062.88 ops/sec
Zipfian (epoch 19, progress 0.08%): UPDATE throughput 0.00 ops/sec, INSERT throughput 0.00 ops/sec, READ throughput 797.88 ops/sec, SCAN throughput 0.00 ops/sec, READ_MODIFY_WRITE throughput 0.00 ops/sec, total throughput 797.88 ops/sec
Zipfian (epoch 20, progress 0.08%): UPDATE throughput 0.00 ops/sec, INSERT throughput 0.00 ops/sec, READ throughput 985.85 ops/sec, SCAN throughput 0.00 ops/sec, READ_MODIFY_WRITE throughput 0.00 ops/sec, total throughput 985.85 ops/sec
Zipfian (epoch 21, progress 0.08%): UPDATE throughput 0.00 ops/sec, INSERT throughput 0.00 ops/sec, READ throughput 940.86 ops/sec, SCAN throughput 0.00 ops/sec, READ_MODIFY_WRITE throughput 0.00 ops/sec, total throughput 940.86 ops/sec
Zipfian (epoch 22, progress 0.08%): UPDATE throughput 0.00 ops/sec, INSERT throughput 0.00 ops/sec, READ throughput 735.88 ops/sec, SCAN throughput 0.00 ops/sec, READ_MODIFY_WRITE throughput 0.00 ops/sec, total throughput 735.88 ops/sec
Zipfian (epoch 23, progress 0.09%): UPDATE throughput 0.00 ops/sec, INSERT throughput 0.00 ops/sec, READ throughput 962.86 ops/sec, SCAN throughput 0.00 ops/sec, READ_MODIFY_WRITE throughput 0.00 ops/sec, total throughput 962.86 ops/sec
Zipfian (epoch 24, progress 0.09%): UPDATE throughput 0.00 ops/sec, INSERT throughput 0.00 ops/sec, READ throughput 890.87 ops/sec, SCAN throughput 0.00 ops/sec, READ_MODIFY_WRITE throughput 0.00 ops/sec, total throughput 890.87 ops/sec
Zipfian (epoch 25, progress 0.09%): UPDATE throughput 0.00 ops/sec, INSERT throughput 0.00 ops/sec, READ throughput 993.86 ops/sec, SCAN throughput 0.00 ops/sec, READ_MODIFY_WRITE throughput 0.00 ops/sec, total throughput 993.86 ops/sec
Zipfian (epoch 26, progress 0.09%): UPDATE throughput 0.00 ops/sec, INSERT throughput 0.00 ops/sec, READ throughput 851.87 ops/sec, SCAN throughput 0.00 ops/sec, READ_MODIFY_WRITE throughput 0.00 ops/sec, total throughput 851.87 ops/sec
Zipfian (epoch 27, progress 0.10%): UPDATE throughput 0.00 ops/sec, INSERT throughput 0.00 ops/sec, READ throughput 773.89 ops/sec, SCAN throughput 0.00 ops/sec, READ_MODIFY_WRITE throughput 0.00 ops/sec, total throughput 773.89 ops/sec
Zipfian (epoch 28, progress 0.10%): UPDATE throughput 0.00 ops/sec, INSERT throughput 0.00 ops/sec, READ throughput 873.87 ops/sec, SCAN throughput 0.00 ops/sec, READ_MODIFY_WRITE throughput 0.00 ops/sec, total throughput 873.87 ops/sec
Zipfian (epoch 29, progress 0.10%): UPDATE throughput 0.00 ops/sec, INSERT throughput 0.00 ops/sec, READ throughput 1043.85 ops/sec, SCAN throughput 0.00 ops/sec, READ_MODIFY_WRITE throughput 0.00 ops/sec, total throughput 1043.85 ops/sec
Zipfian (epoch 30, progress 0.10%): UPDATE throughput 0.00 ops/sec, INSERT throughput 0.00 ops/sec, READ throughput 1163.83 ops/sec, SCAN throughput 0.00 ops/sec, READ_MODIFY_WRITE throughput 0.00 ops/sec, total throughput 1163.83 ops/sec
Zipfian (epoch 31, progress 0.11%): UPDATE throughput 0.00 ops/sec, INSERT throughput 0.00 ops/sec, READ throughput 1160.83 ops/sec, SCAN throughput 0.00 ops/sec, READ_MODIFY_WRITE throughput 0.00 ops/sec, total throughput 1160.83 ops/sec
Zipfian (epoch 32, progress 0.11%): UPDATE throughput 0.00 ops/sec, INSERT throughput 0.00 ops/sec, READ throughput 1082.84 ops/sec, SCAN throughput 0.00 ops/sec, READ_MODIFY_WRITE throughput 0.00 ops/sec, total throughput 1082.84 ops/sec
Zipfian (epoch 33, progress 0.11%): UPDATE throughput 0.00 ops/sec, INSERT throughput 0.00 ops/sec, READ throughput 1059.85 ops/sec, SCAN throughput 0.00 ops/sec, READ_MODIFY_WRITE throughput 0.00 ops/sec, total throughput 1059.85 ops/sec
Zipfian (epoch 34, progress 0.11%): UPDATE throughput 0.00 ops/sec, INSERT throughput 0.00 ops/sec, READ throughput 1097.84 ops/sec, SCAN throughput 0.00 ops/sec, READ_MODIFY_WRITE throughput 0.00 ops/sec, total throughput 1097.84 ops/sec
Zipfian (epoch 35, progress 0.12%): UPDATE throughput 0.00 ops/sec, INSERT throughput 0.00 ops/sec, READ throughput 1138.83 ops/sec, SCAN throughput 0.00 ops/sec, READ_MODIFY_WRITE throughput 0.00 ops/sec, total throughput 1138.83 ops/sec
Zipfian (epoch 36, progress 0.12%): UPDATE throughput 0.00 ops/sec, INSERT throughput 0.00 ops/sec, READ throughput 1155.83 ops/sec, SCAN throughput 0.00 ops/sec, READ_MODIFY_WRITE throughput 0.00 ops/sec, total throughput 1155.83 ops/sec
Zipfian (epoch 37, progress 0.12%): UPDATE throughput 0.00 ops/sec, INSERT throughput 0.00 ops/sec, READ throughput 1186.83 ops/sec, SCAN throughput 0.00 ops/sec, READ_MODIFY_WRITE throughput 0.00 ops/sec, total throughput 1186.83 ops/sec
Zipfian (epoch 38, progress 0.13%): UPDATE throughput 0.00 ops/sec, INSERT throughput 0.00 ops/sec, READ throughput 1059.85 ops/sec, SCAN throughput 0.00 ops/sec, READ_MODIFY_WRITE throughput 0.00 ops/sec, total throughput 1059.85 ops/sec
Zipfian (epoch 39, progress 0.13%): UPDATE throughput 0.00 ops/sec, INSERT throughput 0.00 ops/sec, READ throughput 1158.83 ops/sec, SCAN throughput 0.00 ops/sec, READ_MODIFY_WRITE throughput 0.00 ops/sec, total throughput 1158.83 ops/sec
Zipfian (epoch 40, progress 0.13%): UPDATE throughput 0.00 ops/sec, INSERT throughput 0.00 ops/sec, READ throughput 1136.84 ops/sec, SCAN throughput 0.00 ops/sec, READ_MODIFY_WRITE throughput 0.00 ops/sec, total throughput 1136.84 ops/sec
Zipfian (epoch 41, progress 0.13%): UPDATE throughput 0.00 ops/sec, INSERT throughput 0.00 ops/sec, READ throughput 1055.85 ops/sec, SCAN throughput 0.00 ops/sec, READ_MODIFY_WRITE throughput 0.00 ops/sec, total throughput 1055.85 ops/sec
Zipfian (epoch 42, progress 0.14%): UPDATE throughput 0.00 ops/sec, INSERT throughput 0.00 ops/sec, READ throughput 1080.85 ops/sec, SCAN throughput 0.00 ops/sec, READ_MODIFY_WRITE throughput 0.00 ops/sec, total throughput 1080.85 ops/sec
Zipfian (epoch 43, progress 0.14%): UPDATE throughput 0.00 ops/sec, INSERT throughput 0.00 ops/sec, READ throughput 1207.83 ops/sec, SCAN throughput 0.00 ops/sec, READ_MODIFY_WRITE throughput 0.00 ops/sec, total throughput 1207.83 ops/sec
Zipfian (epoch 44, progress 0.14%): UPDATE throughput 0.00 ops/sec, INSERT throughput 0.00 ops/sec, READ throughput 1286.82 ops/sec, SCAN throughput 0.00 ops/sec, READ_MODIFY_WRITE throughput 0.00 ops/sec, total throughput 1286.82 ops/sec
Zipfian (epoch 45, progress 0.15%): UPDATE throughput 0.00 ops/sec, INSERT throughput 0.00 ops/sec, READ throughput 1110.84 ops/sec, SCAN throughput 0.00 ops/sec, READ_MODIFY_WRITE throughput 0.00 ops/sec, total throughput 1110.84 ops/sec
Zipfian (epoch 46, progress 0.15%): UPDATE throughput 0.00 ops/sec, INSERT throughput 0.00 ops/sec, READ throughput 1156.84 ops/sec, SCAN throughput 0.00 ops/sec, READ_MODIFY_WRITE throughput 0.00 ops/sec, total throughput 1156.84 ops/sec
Zipfian (epoch 47, progress 0.15%): UPDATE throughput 0.00 ops/sec, INSERT throughput 0.00 ops/sec, READ throughput 1232.83 ops/sec, SCAN throughput 0.00 ops/sec, READ_MODIFY_WRITE throughput 0.00 ops/sec, total throughput 1232.83 ops/sec
Zipfian (epoch 48, progress 0.15%): UPDATE throughput 0.00 ops/sec, INSERT throughput 0.00 ops/sec, READ throughput 1000.86 ops/sec, SCAN throughput 0.00 ops/sec, READ_MODIFY_WRITE throughput 0.00 ops/sec, total throughput 1000.86 ops/sec
Zipfian (epoch 49, progress 0.16%): UPDATE throughput 0.00 ops/sec, INSERT throughput 0.00 ops/sec, READ throughput 1041.86 ops/sec, SCAN throughput 0.00 ops/sec, READ_MODIFY_WRITE throughput 0.00 ops/sec, total throughput 1041.86 ops/sec
Zipfian (epoch 50, progress 0.16%): UPDATE throughput 0.00 ops/sec, INSERT throughput 0.00 ops/sec, READ throughput 1073.85 ops/sec, SCAN throughput 0.00 ops/sec, READ_MODIFY_WRITE throughput 0.00 ops/sec, total throughput 1073.85 ops/sec
Zipfian (epoch 51, progress 0.16%): UPDATE throughput 0.00 ops/sec, INSERT throughput 0.00 ops/sec, READ throughput 1002.86 ops/sec, SCAN throughput 0.00 ops/sec, READ_MODIFY_WRITE throughput 0.00 ops/sec, total throughput 1002.86 ops/sec
Zipfian (epoch 52, progress 0.17%): UPDATE throughput 0.00 ops/sec, INSERT throughput 0.00 ops/sec, READ throughput 1117.84 ops/sec, SCAN throughput 0.00 ops/sec, READ_MODIFY_WRITE throughput 0.00 ops/sec, total throughput 1117.84 ops/sec
Zipfian (epoch 53, progress 0.17%): UPDATE throughput 0.00 ops/sec, INSERT throughput 0.00 ops/sec, READ throughput 1318.82 ops/sec, SCAN throughput 0.00 ops/sec, READ_MODIFY_WRITE throughput 0.00 ops/sec, total throughput 1318.82 ops/sec
Zipfian (epoch 54, progress 0.17%): UPDATE throughput 0.00 ops/sec, INSERT throughput 0.00 ops/sec, READ throughput 1143.84 ops/sec, SCAN throughput 0.00 ops/sec, READ_MODIFY_WRITE throughput 0.00 ops/sec, total throughput 1143.84 ops/sec
Zipfian (epoch 55, progress 0.17%): UPDATE throughput 0.00 ops/sec, INSERT throughput 0.00 ops/sec, READ throughput 1113.85 ops/sec, SCAN throughput 0.00 ops/sec, READ_MODIFY_WRITE throughput 0.00 ops/sec, total throughput 1113.85 ops/sec
Zipfian (epoch 56, progress 0.18%): UPDATE throughput 0.00 ops/sec, INSERT throughput 0.00 ops/sec, READ throughput 1203.82 ops/sec, SCAN throughput 0.00 ops/sec, READ_MODIFY_WRITE throughput 0.00 ops/sec, total throughput 1203.82 ops/sec
Zipfian (epoch 57, progress 0.18%): UPDATE throughput 0.00 ops/sec, INSERT throughput 0.00 ops/sec, READ throughput 1214.82 ops/sec, SCAN throughput 0.00 ops/sec, READ_MODIFY_WRITE throughput 0.00 ops/sec, total throughput 1214.82 ops/sec
Zipfian (epoch 58, progress 0.18%): UPDATE throughput 0.00 ops/sec, INSERT throughput 0.00 ops/sec, READ throughput 1070.84 ops/sec, SCAN throughput 0.00 ops/sec, READ_MODIFY_WRITE throughput 0.00 ops/sec, total throughput 1070.84 ops/sec
Zipfian (epoch 59, progress 0.19%): UPDATE throughput 0.00 ops/sec, INSERT throughput 0.00 ops/sec, READ throughput 1280.81 ops/sec, SCAN throughput 0.00 ops/sec, READ_MODIFY_WRITE throughput 0.00 ops/sec, total throughput 1280.81 ops/sec
Zipfian (epoch 60, progress 0.19%): UPDATE throughput 0.00 ops/sec, INSERT throughput 0.00 ops/sec, READ throughput 1063.84 ops/sec, SCAN throughput 0.00 ops/sec, READ_MODIFY_WRITE throughput 0.00 ops/sec, total throughput 1063.84 ops/sec
Zipfian (epoch 61, progress 0.19%): UPDATE throughput 0.00 ops/sec, INSERT throughput 0.00 ops/sec, READ throughput 1081.84 ops/sec, SCAN throughput 0.00 ops/sec, READ_MODIFY_WRITE throughput 0.00 ops/sec, total throughput 1081.84 ops/sec
Zipfian (epoch 62, progress 0.19%): UPDATE throughput 0.00 ops/sec, INSERT throughput 0.00 ops/sec, READ throughput 1224.83 ops/sec, SCAN throughput 0.00 ops/sec, READ_MODIFY_WRITE throughput 0.00 ops/sec, total throughput 1224.83 ops/sec
Zipfian (epoch 63, progress 0.20%): UPDATE throughput 0.00 ops/sec, INSERT throughput 0.00 ops/sec, READ throughput 1177.83 ops/sec, SCAN throughput 0.00 ops/sec, READ_MODIFY_WRITE throughput 0.00 ops/sec, total throughput 1177.83 ops/sec
Zipfian (epoch 64, progress 0.20%): UPDATE throughput 0.00 ops/sec, INSERT throughput 0.00 ops/sec, READ throughput 1122.84 ops/sec, SCAN throughput 0.00 ops/sec, READ_MODIFY_WRITE throughput 0.00 ops/sec, total throughput 1122.84 ops/sec
Zipfian (epoch 65, progress 0.20%): UPDATE throughput 0.00 ops/sec, INSERT throughput 0.00 ops/sec, READ throughput 884.88 ops/sec, SCAN throughput 0.00 ops/sec, READ_MODIFY_WRITE throughput 0.00 ops/sec, total throughput 884.88 ops/sec
Zipfian (epoch 66, progress 0.21%): UPDATE throughput 0.00 ops/sec, INSERT throughput 0.00 ops/sec, READ throughput 1074.83 ops/sec, SCAN throughput 0.00 ops/sec, READ_MODIFY_WRITE throughput 0.00 ops/sec, total throughput 1074.83 ops/sec
Zipfian (epoch 67, progress 0.21%): UPDATE throughput 0.00 ops/sec, INSERT throughput 0.00 ops/sec, READ throughput 1260.82 ops/sec, SCAN throughput 0.00 ops/sec, READ_MODIFY_WRITE throughput 0.00 ops/sec, total throughput 1260.82 ops/sec
Zipfian (epoch 68, progress 0.21%): UPDATE throughput 0.00 ops/sec, INSERT throughput 0.00 ops/sec, READ throughput 1013.84 ops/sec, SCAN throughput 0.00 ops/sec, READ_MODIFY_WRITE throughput 0.00 ops/sec, total throughput 1013.84 ops/sec
Zipfian (epoch 69, progress 0.21%): UPDATE throughput 0.00 ops/sec, INSERT throughput 0.00 ops/sec, READ throughput 1111.82 ops/sec, SCAN throughput 0.00 ops/sec, READ_MODIFY_WRITE throughput 0.00 ops/sec, total throughput 1111.82 ops/sec
Zipfian (epoch 70, progress 0.22%): UPDATE throughput 0.00 ops/sec, INSERT throughput 0.00 ops/sec, READ throughput 1090.84 ops/sec, SCAN throughput 0.00 ops/sec, READ_MODIFY_WRITE throughput 0.00 ops/sec, total throughput 1090.84 ops/sec
Zipfian (epoch 71, progress 0.22%): UPDATE throughput 0.00 ops/sec, INSERT throughput 0.00 ops/sec, READ throughput 1119.82 ops/sec, SCAN throughput 0.00 ops/sec, READ_MODIFY_WRITE throughput 0.00 ops/sec, total throughput 1119.82 ops/sec
Zipfian (epoch 72, progress 0.22%): UPDATE throughput 0.00 ops/sec, INSERT throughput 0.00 ops/sec, READ throughput 1109.83 ops/sec, SCAN throughput 0.00 ops/sec, READ_MODIFY_WRITE throughput 0.00 ops/sec, total throughput 1109.83 ops/sec
Zipfian (epoch 73, progress 0.22%): UPDATE throughput 0.00 ops/sec, INSERT throughput 0.00 ops/sec, READ throughput 1043.85 ops/sec, SCAN throughput 0.00 ops/sec, READ_MODIFY_WRITE throughput 0.00 ops/sec, total throughput 1043.85 ops/sec
Zipfian (epoch 74, progress 0.23%): UPDATE throughput 0.00 ops/sec, INSERT throughput 0.00 ops/sec, READ throughput 1011.85 ops/sec, SCAN throughput 0.00 ops/sec, READ_MODIFY_WRITE throughput 0.00 ops/sec, total throughput 1011.85 ops/sec
Zipfian (epoch 75, progress 0.23%): UPDATE throughput 0.00 ops/sec, INSERT throughput 0.00 ops/sec, READ throughput 887.87 ops/sec, SCAN throughput 0.00 ops/sec, READ_MODIFY_WRITE throughput 0.00 ops/sec, total throughput 887.87 ops/sec
Zipfian (epoch 76, progress 0.23%): UPDATE throughput 0.00 ops/sec, INSERT throughput 0.00 ops/sec, READ throughput 1057.85 ops/sec, SCAN throughput 0.00 ops/sec, READ_MODIFY_WRITE throughput 0.00 ops/sec, total throughput 1057.85 ops/sec
Zipfian (epoch 77, progress 0.23%): UPDATE throughput 0.00 ops/sec, INSERT throughput 0.00 ops/sec, READ throughput 1091.84 ops/sec, SCAN throughput 0.00 ops/sec, READ_MODIFY_WRITE throughput 0.00 ops/sec, total throughput 1091.84 ops/sec
Zipfian (epoch 78, progress 0.24%): UPDATE throughput 0.00 ops/sec, INSERT throughput 0.00 ops/sec, READ throughput 962.86 ops/sec, SCAN throughput 0.00 ops/sec, READ_MODIFY_WRITE throughput 0.00 ops/sec, total throughput 962.86 ops/sec
Zipfian (epoch 79, progress 0.24%): UPDATE throughput 0.00 ops/sec, INSERT throughput 0.00 ops/sec, READ throughput 924.87 ops/sec, SCAN throughput 0.00 ops/sec, READ_MODIFY_WRITE throughput 0.00 ops/sec, total throughput 924.87 ops/sec
Zipfian (epoch 80, progress 0.24%): UPDATE throughput 0.00 ops/sec, INSERT throughput 0.00 ops/sec, READ throughput 852.88 ops/sec, SCAN throughput 0.00 ops/sec, READ_MODIFY_WRITE throughput 0.00 ops/sec, total throughput 852.88 ops/sec
Zipfian (epoch 81, progress 0.24%): UPDATE throughput 0.00 ops/sec, INSERT throughput 0.00 ops/sec, READ throughput 1075.85 ops/sec, SCAN throughput 0.00 ops/sec, READ_MODIFY_WRITE throughput 0.00 ops/sec, total throughput 1075.85 ops/sec
Zipfian (epoch 82, progress 0.25%): UPDATE throughput 0.00 ops/sec, INSERT throughput 0.00 ops/sec, READ throughput 796.89 ops/sec, SCAN throughput 0.00 ops/sec, READ_MODIFY_WRITE throughput 0.00 ops/sec, total throughput 796.89 ops/sec
Zipfian (epoch 83, progress 0.25%): UPDATE throughput 0.00 ops/sec, INSERT throughput 0.00 ops/sec, READ throughput 643.91 ops/sec, SCAN throughput 0.00 ops/sec, READ_MODIFY_WRITE throughput 0.00 ops/sec, total throughput 643.91 ops/sec
Zipfian (epoch 84, progress 0.25%): UPDATE throughput 0.00 ops/sec, INSERT throughput 0.00 ops/sec, READ throughput 543.92 ops/sec, SCAN throughput 0.00 ops/sec, READ_MODIFY_WRITE throughput 0.00 ops/sec, total throughput 543.92 ops/sec
Zipfian (epoch 85, progress 0.25%): UPDATE throughput 0.00 ops/sec, INSERT throughput 0.00 ops/sec, READ throughput 638.91 ops/sec, SCAN throughput 0.00 ops/sec, READ_MODIFY_WRITE throughput 0.00 ops/sec, total throughput 638.91 ops/sec
Zipfian (epoch 86, progress 0.25%): UPDATE throughput 0.00 ops/sec, INSERT throughput 0.00 ops/sec, READ throughput 633.91 ops/sec, SCAN throughput 0.00 ops/sec, READ_MODIFY_WRITE throughput 0.00 ops/sec, total throughput 633.91 ops/sec
Zipfian (epoch 87, progress 0.25%): UPDATE throughput 0.00 ops/sec, INSERT throughput 0.00 ops/sec, READ throughput 638.91 ops/sec, SCAN throughput 0.00 ops/sec, READ_MODIFY_WRITE throughput 0.00 ops/sec, total throughput 638.91 ops/sec
Zipfian (epoch 88, progress 0.26%): UPDATE throughput 0.00 ops/sec, INSERT throughput 0.00 ops/sec, READ throughput 639.91 ops/sec, SCAN throughput 0.00 ops/sec, READ_MODIFY_WRITE throughput 0.00 ops/sec, total throughput 639.91 ops/sec
Zipfian (epoch 89, progress 0.26%): UPDATE throughput 0.00 ops/sec, INSERT throughput 0.00 ops/sec, READ throughput 696.90 ops/sec, SCAN throughput 0.00 ops/sec, READ_MODIFY_WRITE throughput 0.00 ops/sec, total throughput 696.90 ops/sec
Zipfian (epoch 90, progress 0.26%): UPDATE throughput 0.00 ops/sec, INSERT throughput 0.00 ops/sec, READ throughput 643.91 ops/sec, SCAN throughput 0.00 ops/sec, READ_MODIFY_WRITE throughput 0.00 ops/sec, total throughput 643.91 ops/sec
Zipfian (epoch 91, progress 0.26%): UPDATE throughput 0.00 ops/sec, INSERT throughput 0.00 ops/sec, READ throughput 770.89 ops/sec, SCAN throughput 0.00 ops/sec, READ_MODIFY_WRITE throughput 0.00 ops/sec, total throughput 770.89 ops/sec
Zipfian (epoch 92, progress 0.26%): UPDATE throughput 0.00 ops/sec, INSERT throughput 0.00 ops/sec, READ throughput 738.90 ops/sec, SCAN throughput 0.00 ops/sec, READ_MODIFY_WRITE throughput 0.00 ops/sec, total throughput 738.90 ops/sec
Zipfian (epoch 93, progress 0.26%): UPDATE throughput 0.00 ops/sec, INSERT throughput 0.00 ops/sec, READ throughput 708.90 ops/sec, SCAN throughput 0.00 ops/sec, READ_MODIFY_WRITE throughput 0.00 ops/sec, total throughput 708.90 ops/sec
Zipfian (epoch 94, progress 0.27%): UPDATE throughput 0.00 ops/sec, INSERT throughput 0.00 ops/sec, READ throughput 739.90 ops/sec, SCAN throughput 0.00 ops/sec, READ_MODIFY_WRITE throughput 0.00 ops/sec, total throughput 739.90 ops/sec
Zipfian (epoch 95, progress 0.27%): UPDATE throughput 0.00 ops/sec, INSERT throughput 0.00 ops/sec, READ throughput 1119.85 ops/sec, SCAN throughput 0.00 ops/sec, READ_MODIFY_WRITE throughput 0.00 ops/sec, total throughput 1119.85 ops/sec
Zipfian (epoch 96, progress 0.27%): UPDATE throughput 0.00 ops/sec, INSERT throughput 0.00 ops/sec, READ throughput 1237.83 ops/sec, SCAN throughput 0.00 ops/sec, READ_MODIFY_WRITE throughput 0.00 ops/sec, total throughput 1237.83 ops/sec
Zipfian (epoch 97, progress 0.27%): UPDATE throughput 0.00 ops/sec, INSERT throughput 0.00 ops/sec, READ throughput 1055.85 ops/sec, SCAN throughput 0.00 ops/sec, READ_MODIFY_WRITE throughput 0.00 ops/sec, total throughput 1055.85 ops/sec
Zipfian (epoch 98, progress 0.28%): UPDATE throughput 0.00 ops/sec, INSERT throughput 0.00 ops/sec, READ throughput 1087.85 ops/sec, SCAN throughput 0.00 ops/sec, READ_MODIFY_WRITE throughput 0.00 ops/sec, total throughput 1087.85 ops/sec
Zipfian (epoch 99, progress 0.28%): UPDATE throughput 0.00 ops/sec, INSERT throughput 0.00 ops/sec, READ throughput 1223.82 ops/sec, SCAN throughput 0.00 ops/sec, READ_MODIFY_WRITE throughput 0.00 ops/sec, total throughput 1223.82 ops/sec
Zipfian (epoch 100, progress 0.28%): UPDATE throughput 0.00 ops/sec, INSERT throughput 0.00 ops/sec, READ throughput 1050.84 ops/sec, SCAN throughput 0.00 ops/sec, READ_MODIFY_WRITE throughput 0.00 ops/sec, total throughput 1050.84 ops/sec
Zipfian (epoch 101, progress 0.29%): UPDATE throughput 0.00 ops/sec, INSERT throughput 0.00 ops/sec, READ throughput 1062.85 ops/sec, SCAN throughput 0.00 ops/sec, READ_MODIFY_WRITE throughput 0.00 ops/sec, total throughput 1062.85 ops/sec
Zipfian (epoch 102, progress 0.29%): UPDATE throughput 0.00 ops/sec, INSERT throughput 0.00 ops/sec, READ throughput 934.86 ops/sec, SCAN throughput 0.00 ops/sec, READ_MODIFY_WRITE throughput 0.00 ops/sec, total throughput 934.86 ops/sec
Zipfian (epoch 103, progress 0.29%): UPDATE throughput 0.00 ops/sec, INSERT throughput 0.00 ops/sec, READ throughput 918.87 ops/sec, SCAN throughput 0.00 ops/sec, READ_MODIFY_WRITE throughput 0.00 ops/sec, total throughput 918.87 ops/sec
Zipfian (epoch 104, progress 0.29%): UPDATE throughput 0.00 ops/sec, INSERT throughput 0.00 ops/sec, READ throughput 1178.82 ops/sec, SCAN throughput 0.00 ops/sec, READ_MODIFY_WRITE throughput 0.00 ops/sec, total throughput 1178.82 ops/sec
Zipfian (epoch 105, progress 0.30%): UPDATE throughput 0.00 ops/sec, INSERT throughput 0.00 ops/sec, READ throughput 974.86 ops/sec, SCAN throughput 0.00 ops/sec, READ_MODIFY_WRITE throughput 0.00 ops/sec, total throughput 974.86 ops/sec
Zipfian (epoch 106, progress 0.30%): UPDATE throughput 0.00 ops/sec, INSERT throughput 0.00 ops/sec, READ throughput 1068.84 ops/sec, SCAN throughput 0.00 ops/sec, READ_MODIFY_WRITE throughput 0.00 ops/sec, total throughput 1068.84 ops/sec
Zipfian (epoch 107, progress 0.30%): UPDATE throughput 0.00 ops/sec, INSERT throughput 0.00 ops/sec, READ throughput 1044.85 ops/sec, SCAN throughput 0.00 ops/sec, READ_MODIFY_WRITE throughput 0.00 ops/sec, total throughput 1044.85 ops/sec
Zipfian (epoch 108, progress 0.30%): UPDATE throughput 0.00 ops/sec, INSERT throughput 0.00 ops/sec, READ throughput 1015.83 ops/sec, SCAN throughput 0.00 ops/sec, READ_MODIFY_WRITE throughput 0.00 ops/sec, total throughput 1015.83 ops/sec
Zipfian (epoch 109, progress 0.31%): UPDATE throughput 0.00 ops/sec, INSERT throughput 0.00 ops/sec, READ throughput 1257.80 ops/sec, SCAN throughput 0.00 ops/sec, READ_MODIFY_WRITE throughput 0.00 ops/sec, total throughput 1257.80 ops/sec
Zipfian (epoch 110, progress 0.31%): UPDATE throughput 0.00 ops/sec, INSERT throughput 0.00 ops/sec, READ throughput 1133.84 ops/sec, SCAN throughput 0.00 ops/sec, READ_MODIFY_WRITE throughput 0.00 ops/sec, total throughput 1133.84 ops/sec
Zipfian (epoch 111, progress 0.31%): UPDATE throughput 0.00 ops/sec, INSERT throughput 0.00 ops/sec, READ throughput 1013.86 ops/sec, SCAN throughput 0.00 ops/sec, READ_MODIFY_WRITE throughput 0.00 ops/sec, total throughput 1013.86 ops/sec
Zipfian (epoch 112, progress 0.31%): UPDATE throughput 0.00 ops/sec, INSERT throughput 0.00 ops/sec, READ throughput 978.86 ops/sec, SCAN throughput 0.00 ops/sec, READ_MODIFY_WRITE throughput 0.00 ops/sec, total throughput 978.86 ops/sec
Zipfian (epoch 113, progress 0.32%): UPDATE throughput 0.00 ops/sec, INSERT throughput 0.00 ops/sec, READ throughput 1072.85 ops/sec, SCAN throughput 0.00 ops/sec, READ_MODIFY_WRITE throughput 0.00 ops/sec, total throughput 1072.85 ops/sec
Zipfian (epoch 114, progress 0.32%): UPDATE throughput 0.00 ops/sec, INSERT throughput 0.00 ops/sec, READ throughput 948.86 ops/sec, SCAN throughput 0.00 ops/sec, READ_MODIFY_WRITE throughput 0.00 ops/sec, total throughput 948.86 ops/sec
Zipfian (epoch 115, progress 0.32%): UPDATE throughput 0.00 ops/sec, INSERT throughput 0.00 ops/sec, READ throughput 1103.84 ops/sec, SCAN throughput 0.00 ops/sec, READ_MODIFY_WRITE throughput 0.00 ops/sec, total throughput 1103.84 ops/sec
Zipfian (epoch 116, progress 0.33%): UPDATE throughput 0.00 ops/sec, INSERT throughput 0.00 ops/sec, READ throughput 1037.85 ops/sec, SCAN throughput 0.00 ops/sec, READ_MODIFY_WRITE throughput 0.00 ops/sec, total throughput 1037.85 ops/sec
Zipfian (epoch 117, progress 0.33%): UPDATE throughput 0.00 ops/sec, INSERT throughput 0.00 ops/sec, READ throughput 999.86 ops/sec, SCAN throughput 0.00 ops/sec, READ_MODIFY_WRITE throughput 0.00 ops/sec, total throughput 999.86 ops/sec
Zipfian (epoch 118, progress 0.33%): UPDATE throughput 0.00 ops/sec, INSERT throughput 0.00 ops/sec, READ throughput 1191.83 ops/sec, SCAN throughput 0.00 ops/sec, READ_MODIFY_WRITE throughput 0.00 ops/sec, total throughput 1191.83 ops/sec
Zipfian (epoch 119, progress 0.33%): UPDATE throughput 0.00 ops/sec, INSERT throughput 0.00 ops/sec, READ throughput 1069.85 ops/sec, SCAN throughput 0.00 ops/sec, READ_MODIFY_WRITE throughput 0.00 ops/sec, total throughput 1069.85 ops/sec
Zipfian (epoch 120, progress 0.34%): UPDATE throughput 0.00 ops/sec, INSERT throughput 0.00 ops/sec, READ throughput 1055.85 ops/sec, SCAN throughput 0.00 ops/sec, READ_MODIFY_WRITE throughput 0.00 ops/sec, total throughput 1055.85 ops/sec
time's up!
Zipfian: calculating overall performance metrics... (might take a while)
Zipfian overall: UPDATE throughput 0.00 ops/sec, INSERT throughput 0.00 ops/sec, READ throughput 1119.22 ops/sec, SCAN throughput 0.00 ops/sec, READ_MODIFY_WRITE throughput 0.00 ops/sec, total throughput 1119.22 ops/sec
Zipfian overall: UPDATE average latency 0.00 ns, UPDATE p99 latency 0.00 ns, INSERT average latency 0.00 ns, INSERT p99 latency 0.00 ns, READ average latency 3565849.99 ns, READ p99 latency 39909281.08 ns, SCAN average latency 0.00 ns, SCAN p99 latency 0.00 ns, READ_MODIFY_WRITE average latency 0.00 ns, READ_MODIFY_WRITE p99 latency 0.00 ns

--- writer_slow ---
Uniform (Warm-Up) (epoch 0, progress 0.00%): UPDATE throughput 0.00 ops/sec, INSERT throughput 0.00 ops/sec, READ throughput 0.00 ops/sec, SCAN throughput 0.00 ops/sec, READ_MODIFY_WRITE throughput 0.00 ops/sec, total throughput 0.00 ops/sec
Uniform (Warm-Up) (epoch 1, progress 0.00%): UPDATE throughput 27.99 ops/sec, INSERT throughput 0.00 ops/sec, READ throughput 31.99 ops/sec, SCAN throughput 0.00 ops/sec, READ_MODIFY_WRITE throughput 0.00 ops/sec, total throughput 59.99 ops/sec
Uniform (Warm-Up) (epoch 2, progress 0.00%): UPDATE throughput 66.99 ops/sec, INSERT throughput 0.00 ops/sec, READ throughput 62.99 ops/sec, SCAN throughput 0.00 ops/sec, READ_MODIFY_WRITE throughput 0.00 ops/sec, total throughput 129.98 ops/sec
Uniform (Warm-Up) (epoch 3, progress 0.00%): UPDATE throughput 58.99 ops/sec, INSERT throughput 0.00 ops/sec, READ throughput 72.99 ops/sec, SCAN throughput 0.00 ops/sec, READ_MODIFY_WRITE throughput 0.00 ops/sec, total throughput 131.98 ops/sec
Uniform (Warm-Up) (epoch 4, progress 0.00%): UPDATE throughput 60.99 ops/sec, INSERT throughput 0.00 ops/sec, READ throughput 90.99 ops/sec, SCAN throughput 0.00 ops/sec, READ_MODIFY_WRITE throughput 0.00 ops/sec, total throughput 151.98 ops/sec
Uniform (Warm-Up) (epoch 5, progress 0.00%): UPDATE throughput 49.99 ops/sec, INSERT throughput 0.00 ops/sec, READ throughput 53.99 ops/sec, SCAN throughput 0.00 ops/sec, READ_MODIFY_WRITE throughput 0.00 ops/sec, total throughput 103.99 ops/sec
Uniform (Warm-Up) (epoch 6, progress 0.00%): UPDATE throughput 76.99 ops/sec, INSERT throughput 0.00 ops/sec, READ throughput 70.99 ops/sec, SCAN throughput 0.00 ops/sec, READ_MODIFY_WRITE throughput 0.00 ops/sec, total throughput 147.98 ops/sec
Uniform (Warm-Up) (epoch 7, progress 0.00%): UPDATE throughput 157.98 ops/sec, INSERT throughput 0.00 ops/sec, READ throughput 147.98 ops/sec, SCAN throughput 0.00 ops/sec, READ_MODIFY_WRITE throughput 0.00 ops/sec, total throughput 305.96 ops/sec
Uniform (Warm-Up) (epoch 8, progress 0.00%): UPDATE throughput 164.98 ops/sec, INSERT throughput 0.00 ops/sec, READ throughput 173.98 ops/sec, SCAN throughput 0.00 ops/sec, READ_MODIFY_WRITE throughput 0.00 ops/sec, total throughput 338.95 ops/sec
Uniform (Warm-Up) (epoch 9, progress 0.00%): UPDATE throughput 187.97 ops/sec, INSERT throughput 0.00 ops/sec, READ throughput 186.97 ops/sec, SCAN throughput 0.00 ops/sec, READ_MODIFY_WRITE throughput 0.00 ops/sec, total throughput 374.95 ops/sec
Uniform (Warm-Up) (epoch 10, progress 0.01%): UPDATE throughput 231.97 ops/sec, INSERT throughput 0.00 ops/sec, READ throughput 230.97 ops/sec, SCAN throughput 0.00 ops/sec, READ_MODIFY_WRITE throughput 0.00 ops/sec, total throughput 462.93 ops/sec
Uniform (Warm-Up) (epoch 11, progress 0.01%): UPDATE throughput 210.97 ops/sec, INSERT throughput 0.00 ops/sec, READ throughput 202.97 ops/sec, SCAN throughput 0.00 ops/sec, READ_MODIFY_WRITE throughput 0.00 ops/sec, total throughput 413.95 ops/sec
Uniform (Warm-Up) (epoch 12, progress 0.01%): UPDATE throughput 175.98 ops/sec, INSERT throughput 0.00 ops/sec, READ throughput 187.97 ops/sec, SCAN throughput 0.00 ops/sec, READ_MODIFY_WRITE throughput 0.00 ops/sec, total throughput 363.95 ops/sec
Uniform (Warm-Up) (epoch 13, progress 0.01%): UPDATE throughput 221.97 ops/sec, INSERT throughput 0.00 ops/sec, READ throughput 232.97 ops/sec, SCAN throughput 0.00 ops/sec, READ_MODIFY_WRITE throughput 0.00 ops/sec, total throughput 454.94 ops/sec
Uniform (Warm-Up) (epoch 14, progress 0.01%): UPDATE throughput 219.97 ops/sec, INSERT throughput 0.00 ops/sec, READ throughput 182.97 ops/sec, SCAN throughput 0.00 ops/sec, READ_MODIFY_WRITE throughput 0.00 ops/sec, total throughput 402.94 ops/sec
Uniform (Warm-Up) (epoch 15, progress 0.01%): UPDATE throughput 181.97 ops/sec, INSERT throughput 0.00 ops/sec, READ throughput 190.97 ops/sec, SCAN throughput 0.00 ops/sec, READ_MODIFY_WRITE throughput 0.00 ops/sec, total throughput 372.95 ops/sec
Uniform (Warm-Up) (epoch 16, progress 0.01%): UPDATE throughput 138.98 ops/sec, INSERT throughput 0.00 ops/sec, READ throughput 172.98 ops/sec, SCAN throughput 0.00 ops/sec, READ_MODIFY_WRITE throughput 0.00 ops/sec, total throughput 311.96 ops/sec
Uniform (Warm-Up) (epoch 17, progress 0.01%): UPDATE throughput 197.97 ops/sec, INSERT throughput 0.00 ops/sec, READ throughput 194.97 ops/sec, SCAN throughput 0.00 ops/sec, READ_MODIFY_WRITE throughput 0.00 ops/sec, total throughput 392.95 ops/sec
Uniform (Warm-Up) (epoch 18, progress 0.01%): UPDATE throughput 198.97 ops/sec, INSERT throughput 0.00 ops/sec, READ throughput 206.97 ops/sec, SCAN throughput 0.00 ops/sec, READ_MODIFY_WRITE throughput 0.00 ops/sec, total throughput 405.94 ops/sec
Uniform (Warm-Up) (epoch 19, progress 0.01%): UPDATE throughput 192.97 ops/sec, INSERT throughput 0.00 ops/sec, READ throughput 211.97 ops/sec, SCAN throughput 0.00 ops/sec, READ_MODIFY_WRITE throughput 0.00 ops/sec, total throughput 404.95 ops/sec
Uniform (Warm-Up) (epoch 20, progress 0.02%): UPDATE throughput 161.98 ops/sec, INSERT throughput 0.00 ops/sec, READ throughput 180.97 ops/sec, SCAN throughput 0.00 ops/sec, READ_MODIFY_WRITE throughput 0.00 ops/sec, total throughput 342.95 ops/sec
Uniform (Warm-Up) (epoch 21, progress 0.02%): UPDATE throughput 209.97 ops/sec, INSERT throughput 0.00 ops/sec, READ throughput 220.97 ops/sec, SCAN throughput 0.00 ops/sec, READ_MODIFY_WRITE throughput 0.00 ops/sec, total throughput 430.94 ops/sec
Uniform (Warm-Up) (epoch 22, progress 0.02%): UPDATE throughput 237.96 ops/sec, INSERT throughput 0.00 ops/sec, READ throughput 222.96 ops/sec, SCAN throughput 0.00 ops/sec, READ_MODIFY_WRITE throughput 0.00 ops/sec, total throughput 460.92 ops/sec
Uniform (Warm-Up) (epoch 23, progress 0.02%): UPDATE throughput 222.98 ops/sec, INSERT throughput 0.00 ops/sec, READ throughput 237.98 ops/sec, SCAN throughput 0.00 ops/sec, READ_MODIFY_WRITE throughput 0.00 ops/sec, total throughput 460.96 ops/sec
Uniform (Warm-Up) (epoch 24, progress 0.02%): UPDATE throughput 182.98 ops/sec, INSERT throughput 0.00 ops/sec, READ throughput 189.98 ops/sec, SCAN throughput 0.00 ops/sec, READ_MODIFY_WRITE throughput 0.00 ops/sec, total throughput 372.95 ops/sec
Uniform (Warm-Up) (epoch 25, progress 0.02%): UPDATE throughput 216.97 ops/sec, INSERT throughput 0.00 ops/sec, READ throughput 215.97 ops/sec, SCAN throughput 0.00 ops/sec, READ_MODIFY_WRITE throughput 0.00 ops/sec, total throughput 432.94 ops/sec
Uniform (Warm-Up) (epoch 26, progress 0.02%): UPDATE throughput 197.97 ops/sec, INSERT throughput 0.00 ops/sec, READ throughput 184.98 ops/sec, SCAN throughput 0.00 ops/sec, READ_MODIFY_WRITE throughput 0.00 ops/sec, total throughput 382.95 ops/sec
Uniform (Warm-Up) (epoch 27, progress 0.02%): UPDATE throughput 197.98 ops/sec, INSERT throughput 0.00 ops/sec, READ throughput 234.98 ops/sec, SCAN throughput 0.00 ops/sec, READ_MODIFY_WRITE throughput 0.00 ops/sec, total throughput 432.96 ops/sec
Uniform (Warm-Up) (epoch 28, progress 0.02%): UPDATE throughput 234.97 ops/sec, INSERT throughput 0.00 ops/sec, READ throughput 217.97 ops/sec, SCAN throughput 0.00 ops/sec, READ_MODIFY_WRITE throughput 0.00 ops/sec, total throughput 452.94 ops/sec
Uniform (Warm-Up) (epoch 29, progress 0.03%): UPDATE throughput 249.97 ops/sec, INSERT throughput 0.00 ops/sec, READ throughput 252.97 ops/sec, SCAN throughput 0.00 ops/sec, READ_MODIFY_WRITE throughput 0.00 ops/sec, total throughput 502.94 ops/sec
Uniform (Warm-Up) (epoch 30, progress 0.03%): UPDATE throughput 252.97 ops/sec, INSERT throughput 0.00 ops/sec, READ throughput 261.97 ops/sec, SCAN throughput 0.00 ops/sec, READ_MODIFY_WRITE throughput 0.00 ops/sec, total throughput 514.93 ops/sec
time's up!
Uniform (Warm-Up): calculating overall performance metrics... (might take a while)
Uniform (Warm-Up) overall: UPDATE throughput 173.04 ops/sec, INSERT throughput 0.00 ops/sec, READ throughput 177.70 ops/sec, SCAN throughput 0.00 ops/sec, READ_MODIFY_WRITE throughput 0.00 ops/sec, total throughput 350.74 ops/sec
Uniform (Warm-Up) overall: UPDATE average latency 1090295.85 ns, UPDATE p99 latency 1498621.99 ns, INSERT average latency 0.00 ns, INSERT p99 latency 0.00 ns, READ average latency 21360138.03 ns, READ p99 latency 117946484.52 ns, SCAN average latency 0.00 ns, SCAN p99 latency 0.00 ns, READ_MODIFY_WRITE average latency 0.00 ns, READ_MODIFY_WRITE p99 latency 0.00 ns
Uniform (epoch 0, progress 0.00%): UPDATE throughput 0.00 ops/sec, INSERT throughput 0.00 ops/sec, READ throughput 0.00 ops/sec, SCAN throughput 0.00 ops/sec, READ_MODIFY_WRITE throughput 0.00 ops/sec, total throughput 0.00 ops/sec
Uniform (epoch 1, progress 0.00%): UPDATE throughput 876.86 ops/sec, INSERT throughput 0.00 ops/sec, READ throughput 927.85 ops/sec, SCAN throughput 0.00 ops/sec, READ_MODIFY_WRITE throughput 0.00 ops/sec, total throughput 1804.71 ops/sec
Uniform (epoch 2, progress 0.00%): UPDATE throughput 0.00 ops/sec, INSERT throughput 0.00 ops/sec, READ throughput 0.00 ops/sec, SCAN throughput 0.00 ops/sec, READ_MODIFY_WRITE throughput 0.00 ops/sec, total throughput 0.00 ops/sec
Uniform (epoch 3, progress 0.00%): UPDATE throughput 0.00 ops/sec, INSERT throughput 0.00 ops/sec, READ throughput 0.00 ops/sec, SCAN throughput 0.00 ops/sec, READ_MODIFY_WRITE throughput 0.00 ops/sec, total throughput 0.00 ops/sec
Uniform (epoch 4, progress 0.00%): UPDATE throughput 0.00 ops/sec, INSERT throughput 0.00 ops/sec, READ throughput 0.00 ops/sec, SCAN throughput 0.00 ops/sec, READ_MODIFY_WRITE throughput 0.00 ops/sec, total throughput 0.00 ops/sec
Uniform (epoch 5, progress 0.00%): UPDATE throughput 0.00 ops/sec, INSERT throughput 0.00 ops/sec, READ throughput 0.00 ops/sec, SCAN throughput 0.00 ops/sec, READ_MODIFY_WRITE throughput 0.00 ops/sec, total throughput 0.00 ops/sec
Uniform (epoch 6, progress 0.00%): UPDATE throughput 0.00 ops/sec, INSERT throughput 0.00 ops/sec, READ throughput 0.00 ops/sec, SCAN throughput 0.00 ops/sec, READ_MODIFY_WRITE throughput 0.00 ops/sec, total throughput 0.00 ops/sec
Uniform (epoch 7, progress 0.00%): UPDATE throughput 0.00 ops/sec, INSERT throughput 0.00 ops/sec, READ throughput 0.00 ops/sec, SCAN throughput 0.00 ops/sec, READ_MODIFY_WRITE throughput 0.00 ops/sec, total throughput 0.00 ops/sec
Uniform (epoch 8, progress 0.00%): UPDATE throughput 0.00 ops/sec, INSERT throughput 0.00 ops/sec, READ throughput 0.00 ops/sec, SCAN throughput 0.00 ops/sec, READ_MODIFY_WRITE throughput 0.00 ops/sec, total throughput 0.00 ops/sec
Uniform (epoch 9, progress 0.01%): UPDATE throughput 1010.85 ops/sec, INSERT throughput 0.00 ops/sec, READ throughput 976.86 ops/sec, SCAN throughput 0.00 ops/sec, READ_MODIFY_WRITE throughput 0.00 ops/sec, total throughput 1987.71 ops/sec
Uniform (epoch 10, progress 0.02%): UPDATE throughput 2206.67 ops/sec, INSERT throughput 0.00 ops/sec, READ throughput 2298.66 ops/sec, SCAN throughput 0.00 ops/sec, READ_MODIFY_WRITE throughput 0.00 ops/sec, total throughput 4505.32 ops/sec
Uniform (epoch 11, progress 0.02%): UPDATE throughput 826.87 ops/sec, INSERT throughput 0.00 ops/sec, READ throughput 872.87 ops/sec, SCAN throughput 0.00 ops/sec, READ_MODIFY_WRITE throughput 0.00 ops/sec, total throughput 1699.74 ops/sec
Uniform (epoch 12, progress 0.03%): UPDATE throughput 501.94 ops/sec, INSERT throughput 0.00 ops/sec, READ throughput 491.94 ops/sec, SCAN throughput 0.00 ops/sec, READ_MODIFY_WRITE throughput 0.00 ops/sec, total throughput 993.87 ops/sec
Uniform (epoch 13, progress 0.03%): UPDATE throughput 346.96 ops/sec, INSERT throughput 0.00 ops/sec, READ throughput 381.95 ops/sec, SCAN throughput 0.00 ops/sec, READ_MODIFY_WRITE throughput 0.00 ops/sec, total throughput 728.91 ops/sec
Uniform (epoch 14, progress 0.03%): UPDATE throughput 358.95 ops/sec, INSERT throughput 0.00 ops/sec, READ throughput 357.95 ops/sec, SCAN throughput 0.00 ops/sec, READ_MODIFY_WRITE throughput 0.00 ops/sec, total throughput 716.90 ops/sec
Uniform (epoch 15, progress 0.03%): UPDATE throughput 442.94 ops/sec, INSERT throughput 0.00 ops/sec, READ throughput 395.94 ops/sec, SCAN throughput 0.00 ops/sec, READ_MODIFY_WRITE throughput 0.00 ops/sec, total throughput 838.88 ops/sec
Uniform (epoch 16, progress 0.04%): UPDATE throughput 395.95 ops/sec, INSERT throughput 0.00 ops/sec, READ throughput 374.95 ops/sec, SCAN throughput 0.00 ops/sec, READ_MODIFY_WRITE throughput 0.00 ops/sec, total throughput 770.90 ops/sec
Uniform (epoch 17, progress 0.04%): UPDATE throughput 383.95 ops/sec, INSERT throughput 0.00 ops/sec, READ throughput 372.95 ops/sec, SCAN throughput 0.00 ops/sec, READ_MODIFY_WRITE throughput 0.00 ops/sec, total throughput 756.89 ops/sec
Uniform (epoch 18, progress 0.04%): UPDATE throughput 387.95 ops/sec, INSERT throughput 0.00 ops/sec, READ throughput 369.95 ops/sec, SCAN throughput 0.00 ops/sec, READ_MODIFY_WRITE throughput 0.00 ops/sec, total throughput 757.89 ops/sec
Uniform (epoch 19, progress 0.04%): UPDATE throughput 401.94 ops/sec, INSERT throughput 0.00 ops/sec, READ throughput 428.94 ops/sec, SCAN throughput 0.00 ops/sec, READ_MODIFY_WRITE throughput 0.00 ops/sec, total throughput 830.88 ops/sec
Uniform (epoch 20, progress 0.04%): UPDATE throughput 406.95 ops/sec, INSERT throughput 0.00 ops/sec, READ throughput 405.95 ops/sec, SCAN throughput 0.00 ops/sec, READ_MODIFY_WRITE throughput 0.00 ops/sec, total throughput 812.89 ops/sec
Uniform (epoch 21, progress 0.05%): UPDATE throughput 416.94 ops/sec, INSERT throughput 0.00 ops/sec, READ throughput 406.94 ops/sec, SCAN throughput 0.00 ops/sec, READ_MODIFY_WRITE throughput 0.00 ops/sec, total throughput 823.88 ops/sec
Uniform (epoch 22, progress 0.05%): UPDATE throughput 39.99 ops/sec, INSERT throughput 0.00 ops/sec, READ throughput 35.00 ops/sec, SCAN throughput 0.00 ops/sec, READ_MODIFY_WRITE throughput 0.00 ops/sec, total throughput 74.99 ops/sec
Uniform (epoch 23, progress 0.05%): UPDATE throughput 400.94 ops/sec, INSERT throughput 0.00 ops/sec, READ throughput 457.93 ops/sec, SCAN throughput 0.00 ops/sec, READ_MODIFY_WRITE throughput 0.00 ops/sec, total throughput 858.88 ops/sec
Uniform (epoch 24, progress 0.05%): UPDATE throughput 569.93 ops/sec, INSERT throughput 0.00 ops/sec, READ throughput 508.93 ops/sec, SCAN throughput 0.00 ops/sec, READ_MODIFY_WRITE throughput 0.00 ops/sec, total throughput 1078.86 ops/sec
Uniform (epoch 25, progress 0.05%): UPDATE throughput 424.94 ops/sec, INSERT throughput 0.00 ops/sec, READ throughput 478.93 ops/sec, SCAN throughput 0.00 ops/sec, READ_MODIFY_WRITE throughput 0.00 ops/sec, total throughput 903.87 ops/sec
Uniform (epoch 26, progress 0.05%): UPDATE throughput 442.94 ops/sec, INSERT throughput 0.00 ops/sec, READ throughput 508.93 ops/sec, SCAN throughput 0.00 ops/sec, READ_MODIFY_WRITE throughput 0.00 ops/sec, total throughput 951.87 ops/sec
Uniform (epoch 27, progress 0.06%): UPDATE throughput 377.95 ops/sec, INSERT throughput 0.00 ops/sec, READ throughput 399.94 ops/sec, SCAN throughput 0.00 ops/sec, READ_MODIFY_WRITE throughput 0.00 ops/sec, total throughput 777.89 ops/sec
Uniform (epoch 28, progress 0.06%): UPDATE throughput 326.95 ops/sec, INSERT throughput 0.00 ops/sec, READ throughput 335.95 ops/sec, SCAN throughput 0.00 ops/sec, READ_MODIFY_WRITE throughput 0.00 ops/sec, total throughput 662.91 ops/sec
Uniform (epoch 29, progress 0.06%): UPDATE throughput 404.94 ops/sec, INSERT throughput 0.00 ops/sec, READ throughput 376.94 ops/sec, SCAN throughput 0.00 ops/sec, READ_MODIFY_WRITE throughput 0.00 ops/sec, total throughput 781.88 ops/sec
Uniform (epoch 30, progress 0.06%): UPDATE throughput 58.99 ops/sec, INSERT throughput 0.00 ops/sec, READ throughput 84.99 ops/sec, SCAN throughput 0.00 ops/sec, READ_MODIFY_WRITE throughput 0.00 ops/sec, total throughput 143.98 ops/sec
Uniform (epoch 31, progress 0.06%): UPDATE throughput 269.96 ops/sec, INSERT throughput 0.00 ops/sec, READ throughput 296.96 ops/sec, SCAN throughput 0.00 ops/sec, READ_MODIFY_WRITE throughput 0.00 ops/sec, total throughput 566.91 ops/sec
Uniform (epoch 32, progress 0.06%): UPDATE throughput 346.95 ops/sec, INSERT throughput 0.00 ops/sec, READ throughput 355.95 ops/sec, SCAN throughput 0.00 ops/sec, READ_MODIFY_WRITE throughput 0.00 ops/sec, total throughput 702.90 ops/sec
Uniform (epoch 33, progress 0.07%): UPDATE throughput 352.95 ops/sec, INSERT throughput 0.00 ops/sec, READ throughput 354.95 ops/sec, SCAN throughput 0.00 ops/sec, READ_MODIFY_WRITE throughput 0.00 ops/sec, total throughput 707.89 ops/sec
Uniform (epoch 34, progress 0.07%): UPDATE throughput 341.95 ops/sec, INSERT throughput 0.00 ops/sec, READ throughput 339.95 ops/sec, SCAN throughput 0.00 ops/sec, READ_MODIFY_WRITE throughput 0.00 ops/sec, total throughput 681.90 ops/sec
Uniform (epoch 35, progress 0.07%): UPDATE throughput 383.94 ops/sec, INSERT throughput 0.00 ops/sec, READ throughput 375.94 ops/sec, SCAN throughput 0.00 ops/sec, READ_MODIFY_WRITE throughput 0.00 ops/sec, total throughput 759.88 ops/sec
Uniform (epoch 36, progress 0.07%): UPDATE throughput 311.96 ops/sec, INSERT throughput 0.00 ops/sec, READ throughput 365.95 ops/sec, SCAN throughput 0.00 ops/sec, READ_MODIFY_WRITE throughput 0.00 ops/sec, total throughput 677.91 ops/sec
Uniform (epoch 37, progress 0.07%): UPDATE throughput 332.95 ops/sec, INSERT throughput 0.00 ops/sec, READ throughput 367.94 ops/sec, SCAN throughput 0.00 ops/sec, READ_MODIFY_WRITE throughput 0.00 ops/sec, total throughput 700.89 ops/sec
Uniform (epoch 38, progress 0.07%): UPDATE throughput 368.95 ops/sec, INSERT throughput 0.00 ops/sec, READ throughput 420.94 ops/sec, SCAN throughput 0.00 ops/sec, READ_MODIFY_WRITE throughput 0.00 ops/sec, total throughput 789.88 ops/sec
Uniform (epoch 39, progress 0.08%): UPDATE throughput 308.95 ops/sec, INSERT throughput 0.00 ops/sec, READ throughput 293.96 ops/sec, SCAN throughput 0.00 ops/sec, READ_MODIFY_WRITE throughput 0.00 ops/sec, total throughput 602.91 ops/sec
Uniform (epoch 40, progress 0.08%): UPDATE throughput 348.95 ops/sec, INSERT throughput 0.00 ops/sec, READ throughput 300.96 ops/sec, SCAN throughput 0.00 ops/sec, READ_MODIFY_WRITE throughput 0.00 ops/sec, total throughput 649.91 ops/sec
Uniform (epoch 41, progress 0.08%): UPDATE throughput 433.93 ops/sec, INSERT throughput 0.00 ops/sec, READ throughput 389.94 ops/sec, SCAN throughput 0.00 ops/sec, READ_MODIFY_WRITE throughput 0.00 ops/sec, total throughput 823.88 ops/sec
Uniform (epoch 42, progress 0.08%): UPDATE throughput 227.97 ops/sec, INSERT throughput 0.00 ops/sec, READ throughput 259.96 ops/sec, SCAN throughput 0.00 ops/sec, READ_MODIFY_WRITE throughput 0.00 ops/sec, total throughput 487.93 ops/sec
Uniform (epoch 43, progress 0.08%): UPDATE throughput 242.96 ops/sec, INSERT throughput 0.00 ops/sec, READ throughput 233.96 ops/sec, SCAN throughput 0.00 ops/sec, READ_MODIFY_WRITE throughput 0.00 ops/sec, total throughput 476.93 ops/sec
Uniform (epoch 44, progress 0.08%): UPDATE throughput 394.94 ops/sec, INSERT throughput 0.00 ops/sec, READ throughput 392.94 ops/sec, SCAN throughput 0.00 ops/sec, READ_MODIFY_WRITE throughput 0.00 ops/sec, total throughput 787.89 ops/sec
Uniform (epoch 45, progress 0.09%): UPDATE throughput 372.94 ops/sec, INSERT throughput 0.00 ops/sec, READ throughput 382.94 ops/sec, SCAN throughput 0.00 ops/sec, READ_MODIFY_WRITE throughput 0.00 ops/sec, total throughput 755.89 ops/sec
Uniform (epoch 46, progress 0.09%): UPDATE throughput 328.95 ops/sec, INSERT throughput 0.00 ops/sec, READ throughput 300.96 ops/sec, SCAN throughput 0.00 ops/sec, READ_MODIFY_WRITE throughput 0.00 ops/sec, total throughput 629.91 ops/sec
Uniform (epoch 47, progress 0.09%): UPDATE throughput 382.94 ops/sec, INSERT throughput 0.00 ops/sec, READ throughput 430.93 ops/sec, SCAN throughput 0.00 ops/sec, READ_MODIFY_WRITE throughput 0.00 ops/sec, total throughput 813.87 ops/sec
Uniform (epoch 48, progress 0.09%): UPDATE throughput 390.95 ops/sec, INSERT throughput 0.00 ops/sec, READ throughput 394.95 ops/sec, SCAN throughput 0.00 ops/sec, READ_MODIFY_WRITE throughput 0.00 ops/sec, total throughput 785.89 ops/sec
Uniform (epoch 49, progress 0.09%): UPDATE throughput 451.93 ops/sec, INSERT throughput 0.00 ops/sec, READ throughput 406.94 ops/sec, SCAN throughput 0.00 ops/sec, READ_MODIFY_WRITE throughput 0.00 ops/sec, total throughput 858.87 ops/sec
Uniform (epoch 50, progress 0.10%): UPDATE throughput 396.94 ops/sec, INSERT throughput 0.00 ops/sec, READ throughput 388.94 ops/sec, SCAN throughput 0.00 ops/sec, READ_MODIFY_WRITE throughput 0.00 ops/sec, total throughput 785.88 ops/sec
Uniform (epoch 51, progress 0.10%): UPDATE throughput 191.97 ops/sec, INSERT throughput 0.00 ops/sec, READ throughput 207.97 ops/sec, SCAN throughput 0.00 ops/sec, READ_MODIFY_WRITE throughput 0.00 ops/sec, total throughput 399.94 ops/sec
Uniform (epoch 52, progress 0.10%): UPDATE throughput 384.94 ops/sec, INSERT throughput 0.00 ops/sec, READ throughput 365.95 ops/sec, SCAN throughput 0.00 ops/sec, READ_MODIFY_WRITE throughput 0.00 ops/sec, total throughput 750.89 ops/sec
Uniform (epoch 53, progress 0.10%): UPDATE throughput 417.93 ops/sec, INSERT throughput 0.00 ops/sec, READ throughput 375.94 ops/sec, SCAN throughput 0.00 ops/sec, READ_MODIFY_WRITE throughput 0.00 ops/sec, total throughput 793.88 ops/sec
Uniform (epoch 54, progress 0.10%): UPDATE throughput 85.99 ops/sec, INSERT throughput 0.00 ops/sec, READ throughput 101.99 ops/sec, SCAN throughput 0.00 ops/sec, READ_MODIFY_WRITE throughput 0.00 ops/sec, total throughput 187.97 ops/sec
Uniform (epoch 55, progress 0.10%): UPDATE throughput 0.00 ops/sec, INSERT throughput 0.00 ops/sec, READ throughput 0.00 ops/sec, SCAN throughput 0.00 ops/sec, READ_MODIFY_WRITE throughput 0.00 ops/sec, total throughput 0.00 ops/sec
Uniform (epoch 56, progress 0.10%): UPDATE throughput 0.00 ops/sec, INSERT throughput 0.00 ops/sec, READ throughput 0.00 ops/sec, SCAN throughput 0.00 ops/sec, READ_MODIFY_WRITE throughput 0.00 ops/sec, total throughput 0.00 ops/sec
Uniform (epoch 57, progress 0.10%): UPDATE throughput 0.00 ops/sec, INSERT throughput 0.00 ops/sec, READ throughput 0.00 ops/sec, SCAN throughput 0.00 ops/sec, READ_MODIFY_WRITE throughput 0.00 ops/sec, total throughput 0.00 ops/sec
Uniform (epoch 58, progress 0.10%): UPDATE throughput 0.00 ops/sec, INSERT throughput 0.00 ops/sec, READ throughput 0.00 ops/sec, SCAN throughput 0.00 ops/sec, READ_MODIFY_WRITE throughput 0.00 ops/sec, total throughput 0.00 ops/sec
Uniform (epoch 59, progress 0.10%): UPDATE throughput 0.00 ops/sec, INSERT throughput 0.00 ops/sec, READ throughput 0.00 ops/sec, SCAN throughput 0.00 ops/sec, READ_MODIFY_WRITE throughput 0.00 ops/sec, total throughput 0.00 ops/sec
Uniform (epoch 60, progress 0.10%): UPDATE throughput 0.00 ops/sec, INSERT throughput 0.00 ops/sec, READ throughput 0.00 ops/sec, SCAN throughput 0.00 ops/sec, READ_MODIFY_WRITE throughput 0.00 ops/sec, total throughput 0.00 ops/sec
Uniform (epoch 61, progress 0.10%): UPDATE throughput 0.00 ops/sec, INSERT throughput 0.00 ops/sec, READ throughput 0.00 ops/sec, SCAN throughput 0.00 ops/sec, READ_MODIFY_WRITE throughput 0.00 ops/sec, total throughput 0.00 ops/sec
Uniform (epoch 62, progress 0.10%): UPDATE throughput 0.00 ops/sec, INSERT throughput 0.00 ops/sec, READ throughput 0.00 ops/sec, SCAN throughput 0.00 ops/sec, READ_MODIFY_WRITE throughput 0.00 ops/sec, total throughput 0.00 ops/sec
Uniform (epoch 63, progress 0.10%): UPDATE throughput 0.00 ops/sec, INSERT throughput 0.00 ops/sec, READ throughput 0.00 ops/sec, SCAN throughput 0.00 ops/sec, READ_MODIFY_WRITE throughput 0.00 ops/sec, total throughput 0.00 ops/sec
Uniform (epoch 64, progress 0.10%): UPDATE throughput 0.00 ops/sec, INSERT throughput 0.00 ops/sec, READ throughput 0.00 ops/sec, SCAN throughput 0.00 ops/sec, READ_MODIFY_WRITE throughput 0.00 ops/sec, total throughput 0.00 ops/sec
Uniform (epoch 65, progress 0.10%): UPDATE throughput 0.00 ops/sec, INSERT throughput 0.00 ops/sec, READ throughput 0.00 ops/sec, SCAN throughput 0.00 ops/sec, READ_MODIFY_WRITE throughput 0.00 ops/sec, total throughput 0.00 ops/sec
Uniform (epoch 66, progress 0.10%): UPDATE throughput 0.00 ops/sec, INSERT throughput 0.00 ops/sec, READ throughput 0.00 ops/sec, SCAN throughput 0.00 ops/sec, READ_MODIFY_WRITE throughput 0.00 ops/sec, total throughput 0.00 ops/sec
Uniform (epoch 67, progress 0.10%): UPDATE throughput 0.00 ops/sec, INSERT throughput 0.00 ops/sec, READ throughput 0.00 ops/sec, SCAN throughput 0.00 ops/sec, READ_MODIFY_WRITE throughput 0.00 ops/sec, total throughput 0.00 ops/sec
Uniform (epoch 68, progress 0.10%): UPDATE throughput 0.00 ops/sec, INSERT throughput 0.00 ops/sec, READ throughput 0.00 ops/sec, SCAN throughput 0.00 ops/sec, READ_MODIFY_WRITE throughput 0.00 ops/sec, total throughput 0.00 ops/sec
Uniform (epoch 69, progress 0.10%): UPDATE throughput 0.00 ops/sec, INSERT throughput 0.00 ops/sec, READ throughput 0.00 ops/sec, SCAN throughput 0.00 ops/sec, READ_MODIFY_WRITE throughput 0.00 ops/sec, total throughput 0.00 ops/sec
Uniform (epoch 70, progress 0.10%): UPDATE throughput 0.00 ops/sec, INSERT throughput 0.00 ops/sec, READ throughput 0.00 ops/sec, SCAN throughput 0.00 ops/sec, READ_MODIFY_WRITE throughput 0.00 ops/sec, total throughput 0.00 ops/sec
Uniform (epoch 71, progress 0.10%): UPDATE throughput 0.00 ops/sec, INSERT throughput 0.00 ops/sec, READ throughput 0.00 ops/sec, SCAN throughput 0.00 ops/sec, READ_MODIFY_WRITE throughput 0.00 ops/sec, total throughput 0.00 ops/sec
Uniform (epoch 72, progress 0.10%): UPDATE throughput 0.00 ops/sec, INSERT throughput 0.00 ops/sec, READ throughput 0.00 ops/sec, SCAN throughput 0.00 ops/sec, READ_MODIFY_WRITE throughput 0.00 ops/sec, total throughput 0.00 ops/sec
Uniform (epoch 73, progress 0.10%): UPDATE throughput 0.00 ops/sec, INSERT throughput 0.00 ops/sec, READ throughput 0.00 ops/sec, SCAN throughput 0.00 ops/sec, READ_MODIFY_WRITE throughput 0.00 ops/sec, total throughput 0.00 ops/sec
Uniform (epoch 74, progress 0.10%): UPDATE throughput 0.00 ops/sec, INSERT throughput 0.00 ops/sec, READ throughput 0.00 ops/sec, SCAN throughput 0.00 ops/sec, READ_MODIFY_WRITE throughput 0.00 ops/sec, total throughput 0.00 ops/sec
Uniform (epoch 75, progress 0.10%): UPDATE throughput 0.00 ops/sec, INSERT throughput 0.00 ops/sec, READ throughput 0.00 ops/sec, SCAN throughput 0.00 ops/sec, READ_MODIFY_WRITE throughput 0.00 ops/sec, total throughput 0.00 ops/sec
Uniform (epoch 76, progress 0.10%): UPDATE throughput 0.00 ops/sec, INSERT throughput 0.00 ops/sec, READ throughput 0.00 ops/sec, SCAN throughput 0.00 ops/sec, READ_MODIFY_WRITE throughput 0.00 ops/sec, total throughput 0.00 ops/sec
Uniform (epoch 77, progress 0.10%): UPDATE throughput 0.00 ops/sec, INSERT throughput 0.00 ops/sec, READ throughput 0.00 ops/sec, SCAN throughput 0.00 ops/sec, READ_MODIFY_WRITE throughput 0.00 ops/sec, total throughput 0.00 ops/sec
Uniform (epoch 78, progress 0.10%): UPDATE throughput 0.00 ops/sec, INSERT throughput 0.00 ops/sec, READ throughput 0.00 ops/sec, SCAN throughput 0.00 ops/sec, READ_MODIFY_WRITE throughput 0.00 ops/sec, total throughput 0.00 ops/sec
Uniform (epoch 79, progress 0.10%): UPDATE throughput 0.00 ops/sec, INSERT throughput 0.00 ops/sec, READ throughput 0.00 ops/sec, SCAN throughput 0.00 ops/sec, READ_MODIFY_WRITE throughput 0.00 ops/sec, total throughput 0.00 ops/sec
Uniform (epoch 80, progress 0.10%): UPDATE throughput 0.00 ops/sec, INSERT throughput 0.00 ops/sec, READ throughput 0.00 ops/sec, SCAN throughput 0.00 ops/sec, READ_MODIFY_WRITE throughput 0.00 ops/sec, total throughput 0.00 ops/sec
Uniform (epoch 81, progress 0.10%): UPDATE throughput 0.00 ops/sec, INSERT throughput 0.00 ops/sec, READ throughput 0.00 ops/sec, SCAN throughput 0.00 ops/sec, READ_MODIFY_WRITE throughput 0.00 ops/sec, total throughput 0.00 ops/sec
Uniform (epoch 82, progress 0.10%): UPDATE throughput 0.00 ops/sec, INSERT throughput 0.00 ops/sec, READ throughput 0.00 ops/sec, SCAN throughput 0.00 ops/sec, READ_MODIFY_WRITE throughput 0.00 ops/sec, total throughput 0.00 ops/sec
Uniform (epoch 83, progress 0.10%): UPDATE throughput 0.00 ops/sec, INSERT throughput 0.00 ops/sec, READ throughput 0.00 ops/sec, SCAN throughput 0.00 ops/sec, READ_MODIFY_WRITE throughput 0.00 ops/sec, total throughput 0.00 ops/sec
Uniform (epoch 84, progress 0.10%): UPDATE throughput 0.00 ops/sec, INSERT throughput 0.00 ops/sec, READ throughput 0.00 ops/sec, SCAN throughput 0.00 ops/sec, READ_MODIFY_WRITE throughput 0.00 ops/sec, total throughput 0.00 ops/sec
Uniform (epoch 85, progress 0.10%): UPDATE throughput 0.00 ops/sec, INSERT throughput 0.00 ops/sec, READ throughput 0.00 ops/sec, SCAN throughput 0.00 ops/sec, READ_MODIFY_WRITE throughput 0.00 ops/sec, total throughput 0.00 ops/sec
Uniform (epoch 86, progress 0.10%): UPDATE throughput 0.00 ops/sec, INSERT throughput 0.00 ops/sec, READ throughput 0.00 ops/sec, SCAN throughput 0.00 ops/sec, READ_MODIFY_WRITE throughput 0.00 ops/sec, total throughput 0.00 ops/sec
Uniform (epoch 87, progress 0.10%): UPDATE throughput 0.00 ops/sec, INSERT throughput 0.00 ops/sec, READ throughput 0.00 ops/sec, SCAN throughput 0.00 ops/sec, READ_MODIFY_WRITE throughput 0.00 ops/sec, total throughput 0.00 ops/sec
Uniform (epoch 88, progress 0.10%): UPDATE throughput 0.00 ops/sec, INSERT throughput 0.00 ops/sec, READ throughput 0.00 ops/sec, SCAN throughput 0.00 ops/sec, READ_MODIFY_WRITE throughput 0.00 ops/sec, total throughput 0.00 ops/sec
Uniform (epoch 89, progress 0.10%): UPDATE throughput 0.00 ops/sec, INSERT throughput 0.00 ops/sec, READ throughput 0.00 ops/sec, SCAN throughput 0.00 ops/sec, READ_MODIFY_WRITE throughput 0.00 ops/sec, total throughput 0.00 ops/sec
Uniform (epoch 90, progress 0.10%): UPDATE throughput 0.00 ops/sec, INSERT throughput 0.00 ops/sec, READ throughput 0.00 ops/sec, SCAN throughput 0.00 ops/sec, READ_MODIFY_WRITE throughput 0.00 ops/sec, total throughput 0.00 ops/sec
Uniform (epoch 91, progress 0.10%): UPDATE throughput 0.00 ops/sec, INSERT throughput 0.00 ops/sec, READ throughput 0.00 ops/sec, SCAN throughput 0.00 ops/sec, READ_MODIFY_WRITE throughput 0.00 ops/sec, total throughput 0.00 ops/sec
Uniform (epoch 92, progress 0.10%): UPDATE throughput 0.00 ops/sec, INSERT throughput 0.00 ops/sec, READ throughput 0.00 ops/sec, SCAN throughput 0.00 ops/sec, READ_MODIFY_WRITE throughput 0.00 ops/sec, total throughput 0.00 ops/sec
Uniform (epoch 93, progress 0.10%): UPDATE throughput 0.00 ops/sec, INSERT throughput 0.00 ops/sec, READ throughput 0.00 ops/sec, SCAN throughput 0.00 ops/sec, READ_MODIFY_WRITE throughput 0.00 ops/sec, total throughput 0.00 ops/sec
Uniform (epoch 94, progress 0.10%): UPDATE throughput 0.00 ops/sec, INSERT throughput 0.00 ops/sec, READ throughput 0.00 ops/sec, SCAN throughput 0.00 ops/sec, READ_MODIFY_WRITE throughput 0.00 ops/sec, total throughput 0.00 ops/sec
Uniform (epoch 95, progress 0.10%): UPDATE throughput 0.00 ops/sec, INSERT throughput 0.00 ops/sec, READ throughput 0.00 ops/sec, SCAN throughput 0.00 ops/sec, READ_MODIFY_WRITE throughput 0.00 ops/sec, total throughput 0.00 ops/sec
Uniform (epoch 96, progress 0.10%): UPDATE throughput 0.00 ops/sec, INSERT throughput 0.00 ops/sec, READ throughput 0.00 ops/sec, SCAN throughput 0.00 ops/sec, READ_MODIFY_WRITE throughput 0.00 ops/sec, total throughput 0.00 ops/sec
Uniform (epoch 97, progress 0.10%): UPDATE throughput 0.00 ops/sec, INSERT throughput 0.00 ops/sec, READ throughput 0.00 ops/sec, SCAN throughput 0.00 ops/sec, READ_MODIFY_WRITE throughput 0.00 ops/sec, total throughput 0.00 ops/sec
Uniform (epoch 98, progress 0.10%): UPDATE throughput 0.00 ops/sec, INSERT throughput 0.00 ops/sec, READ throughput 0.00 ops/sec, SCAN throughput 0.00 ops/sec, READ_MODIFY_WRITE throughput 0.00 ops/sec, total throughput 0.00 ops/sec
Uniform (epoch 99, progress 0.10%): UPDATE throughput 0.00 ops/sec, INSERT throughput 0.00 ops/sec, READ throughput 0.00 ops/sec, SCAN throughput 0.00 ops/sec, READ_MODIFY_WRITE throughput 0.00 ops/sec, total throughput 0.00 ops/sec
Uniform (epoch 100, progress 0.10%): UPDATE throughput 0.00 ops/sec, INSERT throughput 0.00 ops/sec, READ throughput 0.00 ops/sec, SCAN throughput 0.00 ops/sec, READ_MODIFY_WRITE throughput 0.00 ops/sec, total throughput 0.00 ops/sec
Uniform (epoch 101, progress 0.10%): UPDATE throughput 0.00 ops/sec, INSERT throughput 0.00 ops/sec, READ throughput 0.00 ops/sec, SCAN throughput 0.00 ops/sec, READ_MODIFY_WRITE throughput 0.00 ops/sec, total throughput 0.00 ops/sec
Uniform (epoch 102, progress 0.10%): UPDATE throughput 0.00 ops/sec, INSERT throughput 0.00 ops/sec, READ throughput 0.00 ops/sec, SCAN throughput 0.00 ops/sec, READ_MODIFY_WRITE throughput 0.00 ops/sec, total throughput 0.00 ops/sec
Uniform (epoch 103, progress 0.10%): UPDATE throughput 0.00 ops/sec, INSERT throughput 0.00 ops/sec, READ throughput 0.00 ops/sec, SCAN throughput 0.00 ops/sec, READ_MODIFY_WRITE throughput 0.00 ops/sec, total throughput 0.00 ops/sec
Uniform (epoch 104, progress 0.10%): UPDATE throughput 0.00 ops/sec, INSERT throughput 0.00 ops/sec, READ throughput 0.00 ops/sec, SCAN throughput 0.00 ops/sec, READ_MODIFY_WRITE throughput 0.00 ops/sec, total throughput 0.00 ops/sec
Uniform (epoch 105, progress 0.10%): UPDATE throughput 0.00 ops/sec, INSERT throughput 0.00 ops/sec, READ throughput 0.00 ops/sec, SCAN throughput 0.00 ops/sec, READ_MODIFY_WRITE throughput 0.00 ops/sec, total throughput 0.00 ops/sec
Uniform (epoch 106, progress 0.10%): UPDATE throughput 0.00 ops/sec, INSERT throughput 0.00 ops/sec, READ throughput 0.00 ops/sec, SCAN throughput 0.00 ops/sec, READ_MODIFY_WRITE throughput 0.00 ops/sec, total throughput 0.00 ops/sec
Uniform (epoch 107, progress 0.10%): UPDATE throughput 0.00 ops/sec, INSERT throughput 0.00 ops/sec, READ throughput 0.00 ops/sec, SCAN throughput 0.00 ops/sec, READ_MODIFY_WRITE throughput 0.00 ops/sec, total throughput 0.00 ops/sec
Uniform (epoch 108, progress 0.10%): UPDATE throughput 254.97 ops/sec, INSERT throughput 0.00 ops/sec, READ throughput 248.97 ops/sec, SCAN throughput 0.00 ops/sec, READ_MODIFY_WRITE throughput 0.00 ops/sec, total throughput 503.93 ops/sec
Uniform (epoch 109, progress 0.10%): UPDATE throughput 339.94 ops/sec, INSERT throughput 0.00 ops/sec, READ throughput 340.94 ops/sec, SCAN throughput 0.00 ops/sec, READ_MODIFY_WRITE throughput 0.00 ops/sec, total throughput 680.88 ops/sec
Uniform (epoch 110, progress 0.11%): UPDATE throughput 344.95 ops/sec, INSERT throughput 0.00 ops/sec, READ throughput 361.94 ops/sec, SCAN throughput 0.00 ops/sec, READ_MODIFY_WRITE throughput 0.00 ops/sec, total throughput 706.89 ops/sec
Uniform (epoch 111, progress 0.11%): UPDATE throughput 327.95 ops/sec, INSERT throughput 0.00 ops/sec, READ throughput 311.95 ops/sec, SCAN throughput 0.00 ops/sec, READ_MODIFY_WRITE throughput 0.00 ops/sec, total throughput 639.90 ops/sec
Uniform (epoch 112, progress 0.11%): UPDATE throughput 374.95 ops/sec, INSERT throughput 0.00 ops/sec, READ throughput 351.95 ops/sec, SCAN throughput 0.00 ops/sec, READ_MODIFY_WRITE throughput 0.00 ops/sec, total throughput 726.90 ops/sec
Uniform (epoch 113, progress 0.11%): UPDATE throughput 317.95 ops/sec, INSERT throughput 0.00 ops/sec, READ throughput 365.94 ops/sec, SCAN throughput 0.00 ops/sec, READ_MODIFY_WRITE throughput 0.00 ops/sec, total throughput 683.89 ops/sec
Uniform (epoch 114, progress 0.11%): UPDATE throughput 332.95 ops/sec, INSERT throughput 0.00 ops/sec, READ throughput 304.96 ops/sec, SCAN throughput 0.00 ops/sec, READ_MODIFY_WRITE throughput 0.00 ops/sec, total throughput 637.91 ops/sec
Uniform (epoch 115, progress 0.11%): UPDATE throughput 383.94 ops/sec, INSERT throughput 0.00 ops/sec, READ throughput 380.94 ops/sec, SCAN throughput 0.00 ops/sec, READ_MODIFY_WRITE throughput 0.00 ops/sec, total throughput 764.88 ops/sec
Uniform (epoch 116, progress 0.12%): UPDATE throughput 354.95 ops/sec, INSERT throughput 0.00 ops/sec, READ throughput 401.94 ops/sec, SCAN throughput 0.00 ops/sec, READ_MODIFY_WRITE throughput 0.00 ops/sec, total throughput 756.89 ops/sec
Uniform (epoch 117, progress 0.12%): UPDATE throughput 238.96 ops/sec, INSERT throughput 0.00 ops/sec, READ throughput 237.96 ops/sec, SCAN throughput 0.00 ops/sec, READ_MODIFY_WRITE throughput 0.00 ops/sec, total throughput 476.93 ops/sec
Uniform (epoch 118, progress 0.12%): UPDATE throughput 391.94 ops/sec, INSERT throughput 0.00 ops/sec, READ throughput 367.95 ops/sec, SCAN throughput 0.00 ops/sec, READ_MODIFY_WRITE throughput 0.00 ops/sec, total throughput 759.89 ops/sec
Uniform (epoch 119, progress 0.12%): UPDATE throughput 407.94 ops/sec, INSERT throughput 0.00 ops/sec, READ throughput 402.94 ops/sec, SCAN throughput 0.00 ops/sec, READ_MODIFY_WRITE throughput 0.00 ops/sec, total throughput 810.88 ops/sec
Uniform (epoch 120, progress 0.12%): UPDATE throughput 435.94 ops/sec, INSERT throughput 0.00 ops/sec, READ throughput 416.94 ops/sec, SCAN throughput 0.00 ops/sec, READ_MODIFY_WRITE throughput 0.00 ops/sec, total throughput 852.88 ops/sec
time's up!
Uniform: calculating overall performance metrics... (might take a while)
Uniform overall: UPDATE throughput 204.93 ops/sec, INSERT throughput 0.00 ops/sec, READ throughput 207.11 ops/sec, SCAN throughput 0.00 ops/sec, READ_MODIFY_WRITE throughput 0.00 ops/sec, total throughput 412.04 ops/sec
Uniform overall: UPDATE average latency 11797323.54 ns, UPDATE p99 latency 1491597.99 ns, INSERT average latency 0.00 ns, INSERT p99 latency 0.00 ns, READ average latency 7557432.79 ns, READ p99 latency 59444133.15 ns, SCAN average latency 0.00 ns, SCAN p99 latency 0.00 ns, READ_MODIFY_WRITE average latency 0.00 ns, READ_MODIFY_WRITE p99 latency 0.00 ns

total_throughput 1531.26
read_p99_ns 59444133.15
reader_fast_throughput 1119.22
writer_slow_throughput 412.04
