--- wan_reader ---
ZipfianWorkload: start initializing zipfian variables, might take a while
Zipfian (Warm-Up) (epoch 0, progress 0.00%): UPDATE throughput 0.00 ops/sec, INSERT throughput 0.00 ops/sec, READ throughput 0.00 ops/sec, SCAN throughput 0.00 ops/sec, READ_MODIFY_WRITE throughput 0.00 ops/sec, total throughput 0.00 ops/sec
Zipfian (Warm-Up) (epoch 1, progress 0.00%): UPDATE throughput 17.00 ops/sec, INSERT throughput 0.00 ops/sec, READ throughput 493.93 ops/sec, SCAN throughput 0.00 ops/sec, READ_MODIFY_WRITE throughput 0.00 ops/sec, total throughput 510.92 ops/sec
Zipfian (Warm-Up) (epoch 2, progress 0.00%): UPDATE throughput 31.00 ops/sec, INSERT throughput 0.00 ops/sec, READ throughput 543.92 ops/sec, SCAN throughput 0.00 ops/sec, READ_MODIFY_WRITE throughput 0.00 ops/sec, total throughput 574.91 ops/sec
Zipfian (Warm-Up) (epoch 3, progress 0.00%): UPDATE throughput 31.00 ops/sec, INSERT throughput 0.00 ops/sec, READ throughput 578.91 ops/sec, SCAN throughput 0.00 ops/sec, READ_MODIFY_WRITE throughput 0.00 ops/sec, total throughput 609.91 ops/sec
Zipfian (Warm-Up) (epoch 4, progress 0.01%): UPDATE throughput 22.00 ops/sec, INSERT throughput 0.00 ops/sec, READ throughput 570.92 ops/sec, SCAN throughput 0.00 ops/sec, READ_MODIFY_WRITE throughput 0.00 ops/sec, total throughput 592.92 ops/sec
Zipfian (Warm-Up) (epoch 5, progress 0.01%): UPDATE throughput 22.00 ops/sec, INSERT throughput 0.00 ops/sec, READ throughput 529.92 ops/sec, SCAN throughput 0.00 ops/sec, READ_MODIFY_WRITE throughput 0.00 ops/sec, total throughput 551.92 ops/sec
Zipfian (Warm-Up) (epoch 6, progress 0.01%): UPDATE throughput 27.00 ops/sec, INSERT throughput 0.00 ops/sec, READ throughput 624.91 ops/sec, SCAN throughput 0.00 ops/sec, READ_MODIFY_WRITE throughput 0.00 ops/sec, total throughput 651.90 ops/sec
Zipfian (Warm-Up) (epoch 7, progress 0.01%): UPDATE throughput 38.00 ops/sec, INSERT throughput 0.00 ops/sec, READ throughput 599.93 ops/sec, SCAN throughput 0.00 ops/sec, READ_MODIFY_WRITE throughput 0.00 ops/sec, total throughput 637.93 ops/sec
Zipfian (Warm-Up) (epoch 8, progress 0.01%): UPDATE throughput 30.00 ops/sec, INSERT throughput 0.00 ops/sec, READ throughput 659.90 ops/sec, SCAN throughput 0.00 ops/sec, READ_MODIFY_WRITE throughput 0.00 ops/sec, total throughput 689.90 ops/sec
Zipfian (Warm-Up) (epoch 9, progress 0.01%): UPDATE throughput 30.00 ops/sec, INSERT throughput 0.00 ops/sec, READ throughput 661.91 ops/sec, SCAN throughput 0.00 ops/sec, READ_MODIFY_WRITE throughput 0.00 ops/sec, total throughput 691.91 ops/sec
Zipfian (Warm-Up) (epoch 10, progress 0.02%): UPDATE throughput 35.99 ops/sec, INSERT throughput 0.00 ops/sec, READ throughput 668.90 ops/sec, SCAN throughput 0.00 ops/sec, READ_MODIFY_WRITE throughput 0.00 ops/sec, total throughput 704.90 ops/sec
Zipfian (Warm-Up) (epoch 11, progress 0.02%): UPDATE throughput 29.00 ops/sec, INSERT throughput 0.00 ops/sec, READ throughput 693.90 ops/sec, SCAN throughput 0.00 ops/sec, READ_MODIFY_WRITE throughput 0.00 ops/sec, total throughput 722.90 ops/sec
Zipfian (Warm-Up) (epoch 12, progress 0.02%): UPDATE throughput 38.99 ops/sec, INSERT throughput 0.00 ops/sec, READ throughput 686.90 ops/sec, SCAN throughput 0.00 ops/sec, READ_MODIFY_WRITE throughput 0.00 ops/sec, total throughput 725.89 ops/sec
Zipfian (Warm-Up) (epoch 13, progress 0.02%): UPDATE throughput 27.00 ops/sec, INSERT throughput 0.00 ops/sec, READ throughput 800.88 ops/sec, SCAN throughput 0.00 ops/sec, READ_MODIFY_WRITE throughput 0.00 ops/sec, total throughput 827.88 ops/sec
Zipfian (Warm-Up) (epoch 14, progress 0.02%): UPDATE throughput 51.99 ops/sec, INSERT throughput 0.00 ops/sec, READ throughput 786.88 ops/sec, SCAN throughput 0.00 ops/sec, READ_MODIFY_WRITE throughput 0.00 ops/sec, total throughput 838.87 ops/sec
Zipfian (Warm-Up) (epoch 15, progress 0.03%): UPDATE throughput 42.99 ops/sec, INSERT throughput 0.00 ops/sec, READ throughput 752.89 ops/sec, SCAN throughput 0.00 ops/sec, READ_MODIFY_WRITE throughput 0.00 ops/sec, total throughput 795.88 ops/sec
Zipfian (Warm-Up) (epoch 16, progress 0.03%): UPDATE throughput 49.99 ops/sec, INSERT throughput 0.00 ops/sec, READ throughput 933.87 ops/sec, SCAN throughput 0.00 ops/sec, READ_MODIFY_WRITE throughput 0.00 ops/sec, total throughput 983.86 ops/sec
Zipfian (Warm-Up) (epoch 17, progress 0.03%): UPDATE throughput 51.99 ops/sec, INSERT throughput 0.00 ops/sec, READ throughput 783.89 ops/sec, SCAN throughput 0.00 ops/sec, READ_MODIFY_WRITE throughput 0.00 ops/sec, total throughput 835.88 ops/sec
Zipfian (Warm-Up) (epoch 18, progress 0.03%): UPDATE throughput 40.99 ops/sec, INSERT throughput 0.00 ops/sec, READ throughput 981.86 ops/sec, SCAN throughput 0.00 ops/sec, READ_MODIFY_WRITE throughput 0.00 ops/sec, total throughput 1022.85 ops/sec
Zipfian (Warm-Up) (epoch 19, progress 0.03%): UPDATE throughput 57.99 ops/sec, INSERT throughput 0.00 ops/sec, READ throughput 911.88 ops/sec, SCAN throughput 0.00 ops/sec, READ_MODIFY_WRITE throughput 0.00 ops/sec, total throughput 969.87 ops/sec
Zipfian (Warm-Up) (epoch 20, progress 0.04%): UPDATE throughput 40.99 ops/sec, INSERT throughput 0.00 ops/sec, READ throughput 881.88 ops/sec, SCAN throughput 0.00 ops/sec, READ_MODIFY_WRITE throughput 0.00 ops/sec, total throughput 922.87 ops/sec
Zipfian (Warm-Up) (epoch 21, progress 0.04%): UPDATE throughput 56.99 ops/sec, INSERT throughput 0.00 ops/sec, READ throughput 1074.88 ops/sec, SCAN throughput 0.00 ops/sec, READ_MODIFY_WRITE throughput 0.00 ops/sec, total throughput 1131.87 ops/sec
Zipfian (Warm-Up) (epoch 22, progress 0.04%): UPDATE throughput 67.99 ops/sec, INSERT throughput 0.00 ops/sec, READ throughput 1070.84 ops/sec, SCAN throughput 0.00 ops/sec, READ_MODIFY_WRITE throughput 0.00 ops/sec, total throughput 1138.83 ops/sec
Zipfian (Warm-Up) (epoch 23, progress 0.05%): UPDATE throughput 44.99 ops/sec, INSERT throughput 0.00 ops/sec, READ throughput 937.86 ops/sec, SCAN throughput 0.00 ops/sec, READ_MODIFY_WRITE throughput 0.00 ops/sec, total throughput 982.86 ops/sec
Zipfian (Warm-Up) (epoch 24, progress 0.05%): UPDATE throughput 57.99 ops/sec, INSERT throughput 0.00 ops/sec, READ throughput 1046.85 ops/sec, SCAN throughput 0.00 ops/sec, READ_MODIFY_WRITE throughput 0.00 ops/sec, total throughput 1104.85 ops/sec
Zipfian (Warm-Up) (epoch 25, progress 0.05%): UPDATE throughput 44.99 ops/sec, INSERT throughput 0.00 ops/sec, READ throughput 1039.84 ops/sec, SCAN throughput 0.00 ops/sec, READ_MODIFY_WRITE throughput 0.00 ops/sec, total throughput 1084.84 ops/sec
Zipfian (Warm-Up) (epoch 26, progress 0.05%): UPDATE throughput 67.99 ops/sec, INSERT throughput 0.00 ops/sec, READ throughput 1113.83 ops/sec, SCAN throughput 0.00 ops/sec, READ_MODIFY_WRITE throughput 0.00 ops/sec, total throughput 1181.82 ops/sec
Zipfian (Warm-Up) (epoch 27, progress 0.06%): UPDATE throughput 46.99 ops/sec, INSERT throughput 0.00 ops/sec, READ throughput 1100.84 ops/sec, SCAN throughput 0.00 ops/sec, READ_MODIFY_WRITE throughput 0.00 ops/sec, total throughput 1147.83 ops/sec
Zipfian (Warm-Up) (epoch 28, progress 0.06%): UPDATE throughput 64.99 ops/sec, INSERT throughput 0.00 ops/sec, READ throughput 1093.85 ops/sec, SCAN throughput 0.00 ops/sec, READ_MODIFY_WRITE throughput 0.00 ops/sec, total throughput 1158.84 ops/sec
Zipfian (Warm-Up) (epoch 29, progress 0.06%): UPDATE throughput 69.99 ops/sec, INSERT throughput 0.00 ops/sec, READ throughput 1289.81 ops/sec, SCAN throughput 0.00 ops/sec, READ_MODIFY_WRITE throughput 0.00 ops/sec, total throughput 1359.80 ops/sec
Zipfian (Warm-Up) (epoch 30, progress 0.07%): UPDATE throughput 64.99 ops/sec, INSERT throughput 0.00 ops/sec, READ throughput 1183.82 ops/sec, SCAN throughput 0.00 ops/sec, READ_MODIFY_WRITE throughput 0.00 ops/sec, total throughput 1248.81 ops/sec
time's up!
Zipfian (Warm-Up): calculating overall performance metrics... (might take a while)
Zipfian (Warm-Up) overall: UPDATE throughput 43.46 ops/sec, INSERT throughput 0.00 ops/sec, READ throughput 836.64 ops/sec, SCAN throughput 0.00 ops/sec, READ_MODIFY_WRITE throughput 0.00 ops/sec, total throughput 880.10 ops/sec
Zipfian (Warm-Up) overall: UPDATE average latency 247388.95 ns, UPDATE p99 latency 285523.66 ns, INSERT average latency 0.00 ns, INSERT p99 latency 0.00 ns, READ average latency 4755461.76 ns, READ p99 latency 52981481.08 ns, SCAN average latency 0.00 ns, SCAN p99 latency 0.00 ns, READ_MODIFY_WRITE average latency 0.00 ns, READ_MODIFY_WRITE p99 latency 0.00 ns
ZipfianWorkload: start initializing zipfian variables, might take a while
Zipfian (epoch 0, progress 0.00%): UPDATE throughput 0.00 ops/sec, INSERT throughput 0.00 ops/sec, READ throughput 0.00 ops/sec, SCAN throughput 0.00 ops/sec, READ_MODIFY_WRITE throughput 0.00 ops/sec, total throughput 0.00 ops/sec
Zipfian (epoch 1, progress 0.07%): UPDATE throughput 1306.88 ops/sec, INSERT throughput 0.00 ops/sec, READ throughput 24954.68 ops/sec, SCAN throughput 0.00 ops/sec, READ_MODIFY_WRITE throughput 0.00 ops/sec, total throughput 26261.56 ops/sec
Zipfian (epoch 2, progress 0.07%): UPDATE throughput 102.99 ops/sec, INSERT throughput 0.00 ops/sec, READ throughput 1781.81 ops/sec, SCAN throughput 0.00 ops/sec, READ_MODIFY_WRITE throughput 0.00 ops/sec, total throughput 1884.80 ops/sec
Zipfian (epoch 3, progress 0.07%): UPDATE throughput 90.99 ops/sec, INSERT throughput 0.00 ops/sec, READ throughput 1634.77 ops/sec, SCAN throughput 0.00 ops/sec, READ_MODIFY_WRITE throughput 0.00 ops/sec, total throughput 1725.75 ops/sec
Zipfian (epoch 4, progress 0.08%): UPDATE throughput 74.99 ops/sec, INSERT throughput 0.00 ops/sec, READ throughput 1252.83 ops/sec, SCAN throughput 0.00 ops/sec, READ_MODIFY_WRITE throughput 0.00 ops/sec, total throughput 1327.82 ops/sec
Zipfian (epoch 5, progress 0.08%): UPDATE throughput 57.99 ops/sec, INSERT throughput 0.00 ops/sec, READ throughput 1269.83 ops/sec, SCAN throughput 0.00 ops/sec, READ_MODIFY_WRITE throughput 0.00 ops/sec, total throughput 1327.82 ops/sec
Zipfian (epoch 6, progress 0.08%): UPDATE throughput 69.99 ops/sec, INSERT throughput 0.00 ops/sec, READ throughput 1375.82 ops/sec, SCAN throughput 0.00 ops/sec, READ_MODIFY_WRITE throughput 0.00 ops/sec, total throughput 1445.81 ops/sec
Zipfian (epoch 7, progress 0.09%): UPDATE throughput 72.99 ops/sec, INSERT throughput 0.00 ops/sec, READ throughput 1392.85 ops/sec, SCAN throughput 0.00 ops/sec, READ_MODIFY_WRITE throughput 0.00 ops/sec, total throughput 1465.84 ops/sec
Zipfian (epoch 8, progress 0.09%): UPDATE throughput 75.99 ops/sec, INSERT throughput 0.00 ops/sec, READ throughput 1345.82 ops/sec, SCAN throughput 0.00 ops/sec, READ_MODIFY_WRITE throughput 0.00 ops/sec, total throughput 1421.81 ops/sec
Zipfian (epoch 9, progress 0.10%): UPDATE throughput 62.99 ops/sec, INSERT throughput 0.00 ops/sec, READ throughput 1359.82 ops/sec, SCAN throughput 0.00 ops/sec, READ_MODIFY_WRITE throughput 0.00 ops/sec, total throughput 1422.81 ops/sec
Zipfian (epoch 10, progress 0.10%): UPDATE throughput 60.99 ops/sec, INSERT throughput 0.00 ops/sec, READ throughput 1463.81 ops/sec, SCAN throughput 0.00 ops/sec, READ_MODIFY_WRITE throughput 0.00 ops/sec, total throughput 1524.80 ops/sec
Zipfian (epoch 11, progress 0.10%): UPDATE throughput 65.99 ops/sec, INSERT throughput 0.00 ops/sec, READ throughput 1242.83 ops/sec, SCAN throughput 0.00 ops/sec, READ_MODIFY_WRITE throughput 0.00 ops/sec, total throughput 1308.82 ops/sec
Zipfian (epoch 12, progress 0.11%): UPDATE throughput 73.99 ops/sec, INSERT throughput 0.00 ops/sec, READ throughput 1351.82 ops/sec, SCAN throughput 0.00 ops/sec, READ_MODIFY_WRITE throughput 0.00 ops/sec, total throughput 1425.81 ops/sec
Zipfian (epoch 13, progress 0.11%): UPDATE throughput 64.99 ops/sec, INSERT throughput 0.00 ops/sec, READ throughput 1347.85 ops/sec, SCAN throughput 0.00 ops/sec, READ_MODIFY_WRITE throughput 0.00 ops/sec, total throughput 1412.85 ops/sec
Zipfian (epoch 14, progress 0.11%): UPDATE throughput 66.99 ops/sec, INSERT throughput 0.00 ops/sec, READ throughput 1318.82 ops/sec, SCAN throughput 0.00 ops/sec, READ_MODIFY_WRITE throughput 0.00 ops/sec, total throughput 1385.81 ops/sec
Zipfian (epoch 15, progress 0.12%): UPDATE throughput 68.99 ops/sec, INSERT throughput 0.00 ops/sec, READ throughput 1266.84 ops/sec, SCAN throughput 0.00 ops/sec, READ_MODIFY_WRITE throughput 0.00 ops/sec, total throughput 1335.83 ops/sec
Zipfian (epoch 16, progress 0.12%): UPDATE throughput 82.99 ops/sec, INSERT throughput 0.00 ops/sec, READ throughput 1454.86 ops/sec, SCAN throughput 0.00 ops/sec, READ_MODIFY_WRITE throughput 0.00 ops/sec, total throughput 1537.85 ops/sec
Zipfian (epoch 17, progress 0.12%): UPDATE throughput 82.99 ops/sec, INSERT throughput 0.00 ops/sec, READ throughput 1434.81 ops/sec, SCAN throughput 0.00 ops/sec, READ_MODIFY_WRITE throughput 0.00 ops/sec, total throughput 1517.80 ops/sec
Zipfian (epoch 18, progress 0.13%): UPDATE throughput 79.99 ops/sec, INSERT throughput 0.00 ops/sec, READ throughput 1446.81 ops/sec, SCAN throughput 0.00 ops/sec, READ_MODIFY_WRITE throughput 0.00 ops/sec, total throughput 1526.80 ops/sec
Zipfian (epoch 19, progress 0.13%): UPDATE throughput 69.99 ops/sec, INSERT throughput 0.00 ops/sec, READ throughput 1324.81 ops/sec, SCAN throughput 0.00 ops/sec, READ_MODIFY_WRITE throughput 0.00 ops/sec, total throughput 1394.80 ops/sec
Zipfian (epoch 20, progress 0.14%): UPDATE throughput 71.99 ops/sec, INSERT throughput 0.00 ops/sec, READ throughput 1321.90 ops/sec, SCAN throughput 0.00 ops/sec, READ_MODIFY_WRITE throughput 0.00 ops/sec, total throughput 1393.89 ops/sec
Zipfian (epoch 21, progress 0.14%): UPDATE throughput 74.99 ops/sec, INSERT throughput 0.00 ops/sec, READ throughput 1423.81 ops/sec, SCAN throughput 0.00 ops/sec, READ_MODIFY_WRITE throughput 0.00 ops/sec, total throughput 1498.80 ops/sec
Zipfian (epoch 22, progress 0.14%): UPDATE throughput 86.99 ops/sec, INSERT throughput 0.00 ops/sec, READ throughput 1503.80 ops/sec, SCAN throughput 0.00 ops/sec, READ_MODIFY_WRITE throughput 0.00 ops/sec, total throughput 1590.79 ops/sec
Zipfian (epoch 23, progress 0.15%): UPDATE throughput 51.99 ops/sec, INSERT throughput 0.00 ops/sec, READ throughput 1225.87 ops/sec, SCAN throughput 0.00 ops/sec, READ_MODIFY_WRITE throughput 0.00 ops/sec, total throughput 1277.87 ops/sec
Zipfian (epoch 24, progress 0.15%): UPDATE throughput 62.99 ops/sec, INSERT throughput 0.00 ops/sec, READ throughput 1309.87 ops/sec, SCAN throughput 0.00 ops/sec, READ_MODIFY_WRITE throughput 0.00 ops/sec, total throughput 1372.87 ops/sec
Zipfian (epoch 25, progress 0.15%): UPDATE throughput 87.99 ops/sec, INSERT throughput 0.00 ops/sec, READ throughput 1363.80 ops/sec, SCAN throughput 0.00 ops/sec, READ_MODIFY_WRITE throughput 0.00 ops/sec, total throughput 1451.79 ops/sec
Zipfian (epoch 26, progress 0.16%): UPDATE throughput 63.99 ops/sec, INSERT throughput 0.00 ops/sec, READ throughput 1216.84 ops/sec, SCAN throughput 0.00 ops/sec, READ_MODIFY_WRITE throughput 0.00 ops/sec, total throughput 1280.83 ops/sec
Zipfian (epoch 27, progress 0.16%): UPDATE throughput 79.99 ops/sec, INSERT throughput 0.00 ops/sec, READ throughput 1358.85 ops/sec, SCAN throughput 0.00 ops/sec, READ_MODIFY_WRITE throughput 0.00 ops/sec, total throughput 1438.84 ops/sec
Zipfian (epoch 28, progress 0.16%): UPDATE throughput 70.99 ops/sec, INSERT throughput 0.00 ops/sec, READ throughput 1334.81 ops/sec, SCAN throughput 0.00 ops/sec, READ_MODIFY_WRITE throughput 0.00 ops/sec, total throughput 1405.80 ops/sec
Zipfian (epoch 29, progress 0.17%): UPDATE throughput 62.99 ops/sec, INSERT throughput 0.00 ops/sec, READ throughput 1190.84 ops/sec, SCAN throughput 0.00 ops/sec, READ_MODIFY_WRITE throughput 0.00 ops/sec, total throughput 1253.83 ops/sec
Zipfian (epoch 30, progress 0.17%): UPDATE throughput 65.99 ops/sec, INSERT throughput 0.00 ops/sec, READ throughput 1225.83 ops/sec, SCAN throughput 0.00 ops/sec, READ_MODIFY_WRITE throughput 0.00 ops/sec, total throughput 1291.83 ops/sec
Zipfian (epoch 31, progress 0.17%): UPDATE throughput 73.99 ops/sec, INSERT throughput 0.00 ops/sec, READ throughput 1236.88 ops/sec, SCAN throughput 0.00 ops/sec, READ_MODIFY_WRITE throughput 0.00 ops/sec, total throughput 1310.87 ops/sec
Zipfian (epoch 32, progress 0.18%): UPDATE throughput 59.99 ops/sec, INSERT throughput 0.00 ops/sec, READ throughput 1063.86 ops/sec, SCAN throughput 0.00 ops/sec, READ_MODIFY_WRITE throughput 0.00 ops/sec, total throughput 1123.85 ops/sec
Zipfian (epoch 33, progress 0.18%): UPDATE throughput 54.99 ops/sec, INSERT throughput 0.00 ops/sec, READ throughput 1104.85 ops/sec, SCAN throughput 0.00 ops/sec, READ_MODIFY_WRITE throughput 0.00 ops/sec, total throughput 1159.84 ops/sec
Zipfian (epoch 34, progress 0.18%): UPDATE throughput 71.99 ops/sec, INSERT throughput 0.00 ops/sec, READ throughput 1256.82 ops/sec, SCAN throughput 0.00 ops/sec, READ_MODIFY_WRITE throughput 0.00 ops/sec, total throughput 1328.81 ops/sec
Zipfian (epoch 35, progress 0.19%): UPDATE throughput 66.99 ops/sec, INSERT throughput 0.00 ops/sec, READ throughput 1220.84 ops/sec, SCAN throughput 0.00 ops/sec, READ_MODIFY_WRITE throughput 0.00 ops/sec, total throughput 1287.83 ops/sec
Zipfian (epoch 36, progress 0.19%): UPDATE throughput 56.99 ops/sec, INSERT throughput 0.00 ops/sec, READ throughput 1102.84 ops/sec, SCAN throughput 0.00 ops/sec, READ_MODIFY_WRITE throughput 0.00 ops/sec, total throughput 1159.83 ops/sec
Zipfian (epoch 37, progress 0.19%): UPDATE throughput 65.99 ops/sec, INSERT throughput 0.00 ops/sec, READ throughput 1170.84 ops/sec, SCAN throughput 0.00 ops/sec, READ_MODIFY_WRITE throughput 0.00 ops/sec, total throughput 1236.83 ops/sec
Zipfian (epoch 38, progress 0.19%): UPDATE throughput 52.99 ops/sec, INSERT throughput 0.00 ops/sec, READ throughput 1146.82 ops/sec, SCAN throughput 0.00 ops/sec, READ_MODIFY_WRITE throughput 0.00 ops/sec, total throughput 1199.81 ops/sec
Zipfian (epoch 39, progress 0.20%): UPDATE throughput 57.99 ops/sec, INSERT throughput 0.00 ops/sec, READ throughput 1050.85 ops/sec, SCAN throughput 0.00 ops/sec, READ_MODIFY_WRITE throughput 0.00 ops/sec, total throughput 1108.84 ops/sec
Zipfian (epoch 40, progress 0.20%): UPDATE throughput 60.99 ops/sec, INSERT throughput 0.00 ops/sec, READ throughput 1218.83 ops/sec, SCAN throughput 0.00 ops/sec, READ_MODIFY_WRITE throughput 0.00 ops/sec, total throughput 1279.82 ops/sec
Zipfian (epoch 41, progress 0.20%): UPDATE throughput 60.99 ops/sec, INSERT throughput 0.00 ops/sec, READ throughput 1046.89 ops/sec, SCAN throughput 0.00 ops/sec, READ_MODIFY_WRITE throughput 0.00 ops/sec, total throughput 1107.88 ops/sec
Zipfian (epoch 42, progress 0.21%): UPDATE throughput 48.99 ops/sec, INSERT throughput 0.00 ops/sec, READ throughput 1032.86 ops/sec, SCAN throughput 0.00 ops/sec, READ_MODIFY_WRITE throughput 0.00 ops/sec, total throughput 1081.86 ops/sec
Zipfian (epoch 43, progress 0.21%): UPDATE throughput 67.99 ops/sec, INSERT throughput 0.00 ops/sec, READ throughput 1306.83 ops/sec, SCAN throughput 0.00 ops/sec, READ_MODIFY_WRITE throughput 0.00 ops/sec, total throughput 1374.82 ops/sec
Zipfian (epoch 44, progress 0.21%): UPDATE throughput 68.99 ops/sec, INSERT throughput 0.00 ops/sec, READ throughput 1174.84 ops/sec, SCAN throughput 0.00 ops/sec, READ_MODIFY_WRITE throughput 0.00 ops/sec, total throughput 1243.84 ops/sec
Zipfian (epoch 45, progress 0.21%): UPDATE throughput 14.00 ops/sec, INSERT throughput 0.00 ops/sec, READ throughput 452.94 ops/sec, SCAN throughput 0.00 ops/sec, READ_MODIFY_WRITE throughput 0.00 ops/sec, total throughput 466.94 ops/sec
Zipfian (epoch 46, progress 0.22%): UPDATE throughput 50.99 ops/sec, INSERT throughput 0.00 ops/sec, READ throughput 931.87 ops/sec, SCAN throughput 0.00 ops/sec, READ_MODIFY_WRITE throughput 0.00 ops/sec, total throughput 982.86 ops/sec
Zipfian (epoch 47, progress 0.22%): UPDATE throughput 60.99 ops/sec, INSERT throughput 0.00 ops/sec, READ throughput 1102.89 ops/sec, SCAN throughput 0.00 ops/sec, READ_MODIFY_WRITE throughput 0.00 ops/sec, total throughput 1163.88 ops/sec
Zipfian (epoch 48, progress 0.22%): UPDATE throughput 78.99 ops/sec, INSERT throughput 0.00 ops/sec, READ throughput 1340.87 ops/sec, SCAN throughput 0.00 ops/sec, READ_MODIFY_WRITE throughput 0.00 ops/sec, total throughput 1419.86 ops/sec
Zipfian (epoch 49, progress 0.23%): UPDATE throughput 50.00 ops/sec, INSERT throughput 0.00 ops/sec, READ throughput 1069.90 ops/sec, SCAN throughput 0.00 ops/sec, READ_MODIFY_WRITE throughput 0.00 ops/sec, total throughput 1119.89 ops/sec
Zipfian (epoch 50, progress 0.23%): UPDATE throughput 70.99 ops/sec, INSERT throughput 0.00 ops/sec, READ throughput 1175.88 ops/sec, SCAN throughput 0.00 ops/sec, READ_MODIFY_WRITE throughput 0.00 ops/sec, total throughput 1246.87 ops/sec
Zipfian (epoch 51, progress 0.23%): UPDATE throughput 68.99 ops/sec, INSERT throughput 0.00 ops/sec, READ throughput 1426.79 ops/sec, SCAN throughput 0.00 ops/sec, READ_MODIFY_WRITE throughput 0.00 ops/sec, total throughput 1495.78 ops/sec
Zipfian (epoch 52, progress 0.24%): UPDATE throughput 55.99 ops/sec, INSERT throughput 0.00 ops/sec, READ throughput 1119.85 ops/sec, SCAN throughput 0.00 ops/sec, READ_MODIFY_WRITE throughput 0.00 ops/sec, total throughput 1175.84 ops/sec
Zipfian (epoch 53, progress 0.24%): UPDATE throughput 76.99 ops/sec, INSERT throughput 0.00 ops/sec, READ throughput 1228.84 ops/sec, SCAN throughput 0.00 ops/sec, READ_MODIFY_WRITE throughput 0.00 ops/sec, total throughput 1305.83 ops/sec
Zipfian (epoch 54, progress 0.24%): UPDATE throughput 61.99 ops/sec, INSERT throughput 0.00 ops/sec, READ throughput 1185.84 ops/sec, SCAN throughput 0.00 ops/sec, READ_MODIFY_WRITE throughput 0.00 ops/sec, total throughput 1247.83 ops/sec
Zipfian (epoch 55, progress 0.24%): UPDATE throughput 46.99 ops/sec, INSERT throughput 0.00 ops/sec, READ throughput 1110.84 ops/sec, SCAN throughput 0.00 ops/sec, READ_MODIFY_WRITE throughput 0.00 ops/sec, total throughput 1157.84 ops/sec
Zipfian (epoch 56, progress 0.25%): UPDATE throughput 65.99 ops/sec, INSERT throughput 0.00 ops/sec, READ throughput 1315.82 ops/sec, SCAN throughput 0.00 ops/sec, READ_MODIFY_WRITE throughput 0.00 ops/sec, total throughput 1381.81 ops/sec
Zipfian (epoch 57, progress 0.25%): UPDATE throughput 66.99 ops/sec, INSERT throughput 0.00 ops/sec, READ throughput 1185.84 ops/sec, SCAN throughput 0.00 ops/sec, READ_MODIFY_WRITE throughput 0.00 ops/sec, total throughput 1252.83 ops/sec
Zipfian (epoch 58, progress 0.25%): UPDATE throughput 49.99 ops/sec, INSERT throughput 0.00 ops/sec, READ throughput 1215.84 ops/sec, SCAN throughput 0.00 ops/sec, READ_MODIFY_WRITE throughput 0.00 ops/sec, total throughput 1265.83 ops/sec
Zipfian (epoch 59, progress 0.26%): UPDATE throughput 58.99 ops/sec, INSERT throughput 0.00 ops/sec, READ throughput 1236.83 ops/sec, SCAN throughput 0.00 ops/sec, READ_MODIFY_WRITE throughput 0.00 ops/sec, total throughput 1295.83 ops/sec
Zipfian (epoch 60, progress 0.26%): UPDATE throughput 57.99 ops/sec, INSERT throughput 0.00 ops/sec, READ throughput 1020.87 ops/sec, SCAN throughput 0.00 ops/sec, READ_MODIFY_WRITE throughput 0.00 ops/sec, total throughput 1078.86 ops/sec
Zipfian (epoch 61, progress 0.26%): UPDATE throughput 62.99 ops/sec, INSERT throughput 0.00 ops/sec, READ throughput 1308.83 ops/sec, SCAN throughput 0.00 ops/sec, READ_MODIFY_WRITE throughput 0.00 ops/sec, total throughput 1371.82 ops/sec
Zipfian (epoch 62, progress 0.27%): UPDATE throughput 52.99 ops/sec, INSERT throughput 0.00 ops/sec, READ throughput 1070.85 ops/sec, SCAN throughput 0.00 ops/sec, READ_MODIFY_WRITE throughput 0.00 ops/sec, total throughput 1123.84 ops/sec
Zipfian (epoch 63, progress 0.27%): UPDATE throughput 58.99 ops/sec, INSERT throughput 0.00 ops/sec, READ throughput 1068.85 ops/sec, SCAN throughput 0.00 ops/sec, READ_MODIFY_WRITE throughput 0.00 ops/sec, total throughput 1127.84 ops/sec
Zipfian (epoch 64, progress 0.27%): UPDATE throughput 74.99 ops/sec, INSERT throughput 0.00 ops/sec, READ throughput 1266.83 ops/sec, SCAN throughput 0.00 ops/sec, READ_MODIFY_WRITE throughput 0.00 ops/sec, total throughput 1341.81 ops/sec
Zipfian (epoch 65, progress 0.28%): UPDATE throughput 64.99 ops/sec, INSERT throughput 0.00 ops/sec, READ throughput 1268.83 ops/sec, SCAN throughput 0.00 ops/sec, READ_MODIFY_WRITE throughput 0.00 ops/sec, total throughput 1333.82 ops/sec
Zipfian (epoch 66, progress 0.28%): UPDATE throughput 55.99 ops/sec, INSERT throughput 0.00 ops/sec, READ throughput 1259.88 ops/sec, SCAN throughput 0.00 ops/sec, READ_MODIFY_WRITE throughput 0.00 ops/sec, total throughput 1315.87 ops/sec
Zipfian (epoch 67, progress 0.28%): UPDATE throughput 71.99 ops/sec, INSERT throughput 0.00 ops/sec, READ throughput 1383.81 ops/sec, SCAN throughput 0.00 ops/sec, READ_MODIFY_WRITE throughput 0.00 ops/sec, total throughput 1455.80 ops/sec
Zipfian (epoch 68, progress 0.29%): UPDATE throughput 59.99 ops/sec, INSERT throughput 0.00 ops/sec, READ throughput 1118.85 ops/sec, SCAN throughput 0.00 ops/sec, READ_MODIFY_WRITE throughput 0.00 ops/sec, total throughput 1178.84 ops/sec
Zipfian (epoch 69, progress 0.29%): UPDATE throughput 61.99 ops/sec, INSERT throughput 0.00 ops/sec, READ throughput 1233.83 ops/sec, SCAN throughput 0.00 ops/sec, READ_MODIFY_WRITE throughput 0.00 ops/sec, total throughput 1295.82 ops/sec
Zipfian (epoch 70, progress 0.29%): UPDATE throughput 55.99 ops/sec, INSERT throughput 0.00 ops/sec, READ throughput 1188.84 ops/sec, SCAN throughput 0.00 ops/sec, READ_MODIFY_WRITE throughput 0.00 ops/sec, total throughput 1244.83 ops/sec
Zipfian (epoch 71, progress 0.30%): UPDATE throughput 61.99 ops/sec, INSERT throughput 0.00 ops/sec, READ throughput 1342.83 ops/sec, SCAN throughput 0.00 ops/sec, READ_MODIFY_WRITE throughput 0.00 ops/sec, total throughput 1404.82 ops/sec
Zipfian (epoch 72, progress 0.30%): UPDATE throughput 49.99 ops/sec, INSERT throughput 0.00 ops/sec, READ throughput 1101.85 ops/sec, SCAN throughput 0.00 ops/sec, READ_MODIFY_WRITE throughput 0.00 ops/sec, total throughput 1151.84 ops/sec
Zipfian (epoch 73, progress 0.30%): UPDATE throughput 72.99 ops/sec, INSERT throughput 0.00 ops/sec, READ throughput 1233.82 ops/sec, SCAN throughput 0.00 ops/sec, READ_MODIFY_WRITE throughput 0.00 ops/sec, total throughput 1306.81 ops/sec
Zipfian (epoch 74, progress 0.30%): UPDATE throughput 56.99 ops/sec, INSERT throughput 0.00 ops/sec, READ throughput 1069.84 ops/sec, SCAN throughput 0.00 ops/sec, READ_MODIFY_WRITE throughput 0.00 ops/sec, total throughput 1126.83 ops/sec
Zipfian (epoch 75, progress 0.31%): UPDATE throughput 70.99 ops/sec, INSERT throughput 0.00 ops/sec, READ throughput 1274.88 ops/sec, SCAN throughput 0.00 ops/sec, READ_MODIFY_WRITE throughput 0.00 ops/sec, total throughput 1345.87 ops/sec
Zipfian (epoch 76, progress 0.31%): UPDATE throughput 72.99 ops/sec, INSERT throughput 0.00 ops/sec, READ throughput 1224.89 ops/sec, SCAN throughput 0.00 ops/sec, READ_MODIFY_WRITE throughput 0.00 ops/sec, total throughput 1297.88 ops/sec
Zipfian (epoch 77, progress 0.31%): UPDATE throughput 64.99 ops/sec, INSERT throughput 0.00 ops/sec, READ throughput 1153.89 ops/sec, SCAN throughput 0.00 ops/sec, READ_MODIFY_WRITE throughput 0.00 ops/sec, total throughput 1218.88 ops/sec
Zipfian (epoch 78, progress 0.32%): UPDATE throughput 64.99 ops/sec, INSERT throughput 0.00 ops/sec, READ throughput 1365.80 ops/sec, SCAN throughput 0.00 ops/sec, READ_MODIFY_WRITE throughput 0.00 ops/sec, total throughput 1430.79 ops/sec
Zipfian (epoch 79, progress 0.32%): UPDATE throughput 46.99 ops/sec, INSERT throughput 0.00 ops/sec, READ throughput 1407.83 ops/sec, SCAN throughput 0.00 ops/sec, READ_MODIFY_WRITE throughput 0.00 ops/sec, total throughput 1454.82 ops/sec
Zipfian (epoch 80, progress 0.32%): UPDATE throughput 53.99 ops/sec, INSERT throughput 0.00 ops/sec, READ throughput 1291.85 ops/sec, SCAN throughput 0.00 ops/sec, READ_MODIFY_WRITE throughput 0.00 ops/sec, total throughput 1345.85 ops/sec
Zipfian (epoch 81, progress 0.33%): UPDATE throughput 48.00 ops/sec, INSERT throughput 0.00 ops/sec, READ throughput 1224.88 ops/sec, SCAN throughput 0.00 ops/sec, READ_MODIFY_WRITE throughput 0.00 ops/sec, total throughput 1272.87 ops/sec
Zipfian (epoch 82, progress 0.33%): UPDATE throughput 63.99 ops/sec, INSERT throughput 0.00 ops/sec, READ throughput 1275.82 ops/sec, SCAN throughput 0.00 ops/sec, READ_MODIFY_WRITE throughput 0.00 ops/sec, total throughput 1339.81 ops/sec
Zipfian (epoch 83, progress 0.33%): UPDATE throughput 51.99 ops/sec, INSERT throughput 0.00 ops/sec, READ throughput 1142.84 ops/sec, SCAN throughput 0.00 ops/sec, READ_MODIFY_WRITE throughput 0.00 ops/sec, total throughput 1194.83 ops/sec
Zipfian (epoch 84, progress 0.34%): UPDATE throughput 65.99 ops/sec, INSERT throughput 0.00 ops/sec, READ throughput 1268.87 ops/sec, SCAN throughput 0.00 ops/sec, READ_MODIFY_WRITE throughput 0.00 ops/sec, total throughput 1334.87 ops/sec
Zipfian (epoch 85, progress 0.34%): UPDATE throughput 61.99 ops/sec, INSERT throughput 0.00 ops/sec, READ throughput 1384.87 ops/sec, SCAN throughput 0.00 ops/sec, READ_MODIFY_WRITE throughput 0.00 ops/sec, total throughput 1446.86 ops/sec
Zipfian (epoch 86, progress 0.34%): UPDATE throughput 62.99 ops/sec, INSERT throughput 0.00 ops/sec, READ throughput 1315.87 ops/sec, SCAN throughput 0.00 ops/sec, READ_MODIFY_WRITE throughput 0.00 ops/sec, total throughput 1378.86 ops/sec
Zipfian (epoch 87, progress 0.35%): UPDATE throughput 79.99 ops/sec, INSERT throughput 0.00 ops/sec, READ throughput 1236.88 ops/sec, SCAN throughput 0.00 ops/sec, READ_MODIFY_WRITE throughput 0.00 ops/sec, total throughput 1316.87 ops/sec
Zipfian (epoch 88, progress 0.35%): UPDATE throughput 57.99 ops/sec, INSERT throughput 0.00 ops/sec, READ throughput 1277.83 ops/sec, SCAN throughput 0.00 ops/sec, READ_MODIFY_WRITE throughput 0.00 ops/sec, total throughput 1335.82 ops/sec
Zipfian (epoch 89, progress 0.35%): UPDATE throughput 51.99 ops/sec, INSERT throughput 0.00 ops/sec, READ throughput 1104.84 ops/sec, SCAN throughput 0.00 ops/sec, READ_MODIFY_WRITE throughput 0.00 ops/sec, total throughput 1156.84 ops/sec
Zipfian (epoch 90, progress 0.36%): UPDATE throughput 60.99 ops/sec, INSERT throughput 0.00 ops/sec, READ throughput 1285.88 ops/sec, SCAN throughput 0.00 ops/sec, READ_MODIFY_WRITE throughput 0.00 ops/sec, total throughput 1346.87 ops/sec
Zipfian (epoch 91, progress 0.36%): UPDATE throughput 63.99 ops/sec, INSERT throughput 0.00 ops/sec, READ throughput 1232.88 ops/sec, SCAN throughput 0.00 ops/sec, READ_MODIFY_WRITE throughput 0.00 ops/sec, total throughput 1296.87 ops/sec
Zipfian (epoch 92, progress 0.36%): UPDATE throughput 55.99 ops/sec, INSERT throughput 0.00 ops/sec, READ throughput 1064.86 ops/sec, SCAN throughput 0.00 ops/sec, READ_MODIFY_WRITE throughput 0.00 ops/sec, total throughput 1120.85 ops/sec
Zipfian (epoch 93, progress 0.37%): UPDATE throughput 54.99 ops/sec, INSERT throughput 0.00 ops/sec, READ throughput 1192.87 ops/sec, SCAN throughput 0.00 ops/sec, READ_MODIFY_WRITE throughput 0.00 ops/sec, total throughput 1247.87 ops/sec
Zipfian (epoch 94, progress 0.37%): UPDATE throughput 67.99 ops/sec, INSERT throughput 0.00 ops/sec, READ throughput 1085.85 ops/sec, SCAN throughput 0.00 ops/sec, READ_MODIFY_WRITE throughput 0.00 ops/sec, total throughput 1153.84 ops/sec
Zipfian (epoch 95, progress 0.37%): UPDATE throughput 67.99 ops/sec, INSERT throughput 0.00 ops/sec, READ throughput 1115.89 ops/sec, SCAN throughput 0.00 ops/sec, READ_MODIFY_WRITE throughput 0.00 ops/sec, total throughput 1183.88 ops/sec
Zipfian (epoch 96, progress 0.38%): UPDATE throughput 51.99 ops/sec, INSERT throughput 0.00 ops/sec, READ throughput 1181.88 ops/sec, SCAN throughput 0.00 ops/sec, READ_MODIFY_WRITE throughput 0.00 ops/sec, total throughput 1233.87 ops/sec
Zipfian (epoch 97, progress 0.38%): UPDATE throughput 70.99 ops/sec, INSERT throughput 0.00 ops/sec, READ throughput 1093.86 ops/sec, SCAN throughput 0.00 ops/sec, READ_MODIFY_WRITE throughput 0.00 ops/sec, total throughput 1164.85 ops/sec
Zipfian (epoch 98, progress 0.38%): UPDATE throughput 0.00 ops/sec, INSERT throughput 0.00 ops/sec, READ throughput 0.00 ops/sec, SCAN throughput 0.00 ops/sec, READ_MODIFY_WRITE throughput 0.00 ops/sec, total throughput 0.00 ops/sec
Zipfian (epoch 99, progress 0.38%): UPDATE throughput 14.00 ops/sec, INSERT throughput 0.00 ops/sec, READ throughput 112.99 ops/sec, SCAN throughput 0.00 ops/sec, READ_MODIFY_WRITE throughput 0.00 ops/sec, total throughput 126.98 ops/sec
Zipfian (epoch 100, progress 0.38%): UPDATE throughput 43.99 ops/sec, INSERT throughput 0.00 ops/sec, READ throughput 994.86 ops/sec, SCAN throughput 0.00 ops/sec, READ_MODIFY_WRITE throughput 0.00 ops/sec, total throughput 1038.86 ops/sec
Zipfian (epoch 101, progress 0.38%): UPDATE throughput 62.99 ops/sec, INSERT throughput 0.00 ops/sec, READ throughput 1074.86 ops/sec, SCAN throughput 0.00 ops/sec, READ_MODIFY_WRITE throughput 0.00 ops/sec, total throughput 1137.85 ops/sec
Zipfian (epoch 102, progress 0.39%): UPDATE throughput 64.99 ops/sec, INSERT throughput 0.00 ops/sec, READ throughput 1107.85 ops/sec, SCAN throughput 0.00 ops/sec, READ_MODIFY_WRITE throughput 0.00 ops/sec, total throughput 1172.84 ops/sec
Zipfian (epoch 103, progress 0.39%): UPDATE throughput 52.99 ops/sec, INSERT throughput 0.00 ops/sec, READ throughput 1297.82 ops/sec, SCAN throughput 0.00 ops/sec, READ_MODIFY_WRITE throughput 0.00 ops/sec, total throughput 1350.81 ops/sec
Zipfian (epoch 104, progress 0.39%): UPDATE throughput 59.99 ops/sec, INSERT throughput 0.00 ops/sec, READ throughput 967.87 ops/sec, SCAN throughput 0.00 ops/sec, READ_MODIFY_WRITE throughput 0.00 ops/sec, total throughput 1027.86 ops/sec
Zipfian (epoch 105, progress 0.40%): UPDATE throughput 58.99 ops/sec, INSERT throughput 0.00 ops/sec, READ throughput 1165.84 ops/sec, SCAN throughput 0.00 ops/sec, READ_MODIFY_WRITE throughput 0.00 ops/sec, total throughput 1224.83 ops/sec
Zipfian (epoch 106, progress 0.40%): UPDATE throughput 53.99 ops/sec, INSERT throughput 0.00 ops/sec, READ throughput 1116.89 ops/sec, SCAN throughput 0.00 ops/sec, READ_MODIFY_WRITE throughput 0.00 ops/sec, total throughput 1170.88 ops/sec
Zipfian (epoch 107, progress 0.40%): UPDATE throughput 40.99 ops/sec, INSERT throughput 0.00 ops/sec, READ throughput 1027.87 ops/sec, SCAN throughput 0.00 ops/sec, READ_MODIFY_WRITE throughput 0.00 ops/sec, total throughput 1068.86 ops/sec
Zipfian (epoch 108, progress 0.41%): UPDATE throughput 60.99 ops/sec, INSERT throughput 0.00 ops/sec, READ throughput 1364.82 ops/sec, SCAN throughput 0.00 ops/sec, READ_MODIFY_WRITE throughput 0.00 ops/sec, total throughput 1425.81 ops/sec
Zipfian (epoch 109, progress 0.41%): UPDATE throughput 62.99 ops/sec, INSERT throughput 0.00 ops/sec, READ throughput 1157.88 ops/sec, SCAN throughput 0.00 ops/sec, READ_MODIFY_WRITE throughput 0.00 ops/sec, total throughput 1220.88 ops/sec
Zipfian (epoch 110, progress 0.41%): UPDATE throughput 62.99 ops/sec, INSERT throughput 0.00 ops/sec, READ throughput 1227.86 ops/sec, SCAN throughput 0.00 ops/sec, READ_MODIFY_WRITE throughput 0.00 ops/sec, total throughput 1290.85 ops/sec
Zipfian (epoch 111, progress 0.42%): UPDATE throughput 64.99 ops/sec, INSERT throughput 0.00 ops/sec, READ throughput 1298.83 ops/sec, SCAN throughput 0.00 ops/sec, READ_MODIFY_WRITE throughput 0.00 ops/sec, total throughput 1363.82 ops/sec
Zipfian (epoch 112, progress 0.42%): UPDATE throughput 41.99 ops/sec, INSERT throughput 0.00 ops/sec, READ throughput 1094.86 ops/sec, SCAN throughput 0.00 ops/sec, READ_MODIFY_WRITE throughput 0.00 ops/sec, total throughput 1136.85 ops/sec
Zipfian (epoch 113, progress 0.42%): UPDATE throughput 46.99 ops/sec, INSERT throughput 0.00 ops/sec, READ throughput 938.88 ops/sec, SCAN throughput 0.00 ops/sec, READ_MODIFY_WRITE throughput 0.00 ops/sec, total throughput 985.87 ops/sec
Zipfian (epoch 114, progress 0.42%): UPDATE throughput 30.00 ops/sec, INSERT throughput 0.00 ops/sec, READ throughput 810.92 ops/sec, SCAN throughput 0.00 ops/sec, READ_MODIFY_WRITE throughput 0.00 ops/sec, total throughput 840.91 ops/sec
Zipfian (epoch 115, progress 0.42%): UPDATE throughput 46.99 ops/sec, INSERT throughput 0.00 ops/sec, READ throughput 734.88 ops/sec, SCAN throughput 0.00 ops/sec, READ_MODIFY_WRITE throughput 0.00 ops/sec, total throughput 781.87 ops/sec
Zipfian (epoch 116, progress 0.43%): UPDATE throughput 27.00 ops/sec, INSERT throughput 0.00 ops/sec, READ throughput 771.89 ops/sec, SCAN throughput 0.00 ops/sec, READ_MODIFY_WRITE throughput 0.00 ops/sec, total throughput 798.89 ops/sec
Zipfian (epoch 117, progress 0.43%): UPDATE throughput 35.00 ops/sec, INSERT throughput 0.00 ops/sec, READ throughput 672.91 ops/sec, SCAN throughput 0.00 ops/sec, READ_MODIFY_WRITE throughput 0.00 ops/sec, total throughput 707.90 ops/sec
Zipfian (epoch 118, progress 0.43%): UPDATE throughput 37.99 ops/sec, INSERT throughput 0.00 ops/sec, READ throughput 819.89 ops/sec, SCAN throughput 0.00 ops/sec, READ_MODIFY_WRITE throughput 0.00 ops/sec, total throughput 857.88 ops/sec
Zipfian (epoch 119, progress 0.43%): UPDATE throughput 39.99 ops/sec, INSERT throughput 0.00 ops/sec, READ throughput 968.86 ops/sec, SCAN throughput 0.00 ops/sec, READ_MODIFY_WRITE throughput 0.00 ops/sec, total throughput 1008.86 ops/sec
Zipfian (epoch 120, progress 0.44%): UPDATE throughput 59.99 ops/sec, INSERT throughput 0.00 ops/sec, READ throughput 928.87 ops/sec, SCAN throughput 0.00 ops/sec, READ_MODIFY_WRITE throughput 0.00 ops/sec, total throughput 988.87 ops/sec
time's up!
Zipfian: calculating overall performance metrics... (might take a while)
Zipfian overall: UPDATE throughput 71.41 ops/sec, INSERT throughput 0.00 ops/sec, READ throughput 1379.44 ops/sec, SCAN throughput 0.00 ops/sec, READ_MODIFY_WRITE throughput 0.00 ops/sec, total throughput 1450.85 ops/sec
Zipfian overall: UPDATE average latency 1900579.76 ns, UPDATE p99 latency 1378493.23 ns, INSERT average latency 0.00 ns, INSERT p99 latency 0.00 ns, READ average latency 2794374.64 ns, READ p99 latency 42379740.27 ns, SCAN average latency 0.00 ns, SCAN p99 latency 0.00 ns, READ_MODIFY_WRITE average latency 0.00 ns, READ_MODIFY_WRITE p99 latency 0.00 ns

--- wan_writer ---
ZipfianWorkload: start initializing zipfian variables, might take a while
Zipfian (Warm-Up) (epoch 0, progress 0.00%): UPDATE throughput 0.00 ops/sec, INSERT throughput 0.00 ops/sec, READ throughput 0.00 ops/sec, SCAN throughput 0.00 ops/sec, READ_MODIFY_WRITE throughput 0.00 ops/sec, total throughput 0.00 ops/sec
Zipfian (Warm-Up) (epoch 1, progress 0.00%): UPDATE throughput 0.00 ops/sec, INSERT throughput 0.00 ops/sec, READ throughput 401.01 ops/sec, SCAN throughput 0.00 ops/sec, READ_MODIFY_WRITE throughput 428.01 ops/sec, total throughput 829.03 ops/sec
Zipfian (Warm-Up) (epoch 2, progress 0.00%): UPDATE throughput 0.00 ops/sec, INSERT throughput 0.00 ops/sec, READ throughput 374.96 ops/sec, SCAN throughput 0.00 ops/sec, READ_MODIFY_WRITE throughput 393.96 ops/sec, total throughput 768.92 ops/sec
Zipfian (Warm-Up) (epoch 3, progress 0.01%): UPDATE throughput 0.00 ops/sec, INSERT throughput 0.00 ops/sec, READ throughput 474.95 ops/sec, SCAN throughput 0.00 ops/sec, READ_MODIFY_WRITE throughput 477.95 ops/sec, total throughput 952.91 ops/sec
Zipfian (Warm-Up) (epoch 4, progress 0.01%): UPDATE throughput 0.00 ops/sec, INSERT throughput 0.00 ops/sec, READ throughput 438.94 ops/sec, SCAN throughput 0.00 ops/sec, READ_MODIFY_WRITE throughput 413.95 ops/sec, total throughput 852.89 ops/sec
Zipfian (Warm-Up) (epoch 5, progress 0.01%): UPDATE throughput 0.00 ops/sec, INSERT throughput 0.00 ops/sec, READ throughput 456.93 ops/sec, SCAN throughput 0.00 ops/sec, READ_MODIFY_WRITE throughput 476.93 ops/sec, total throughput 933.86 ops/sec
Zipfian (Warm-Up) (epoch 6, progress 0.01%): UPDATE throughput 0.00 ops/sec, INSERT throughput 0.00 ops/sec, READ throughput 508.93 ops/sec, SCAN throughput 0.00 ops/sec, READ_MODIFY_WRITE throughput 535.93 ops/sec, total throughput 1044.86 ops/sec
Zipfian (Warm-Up) (epoch 7, progress 0.02%): UPDATE throughput 0.00 ops/sec, INSERT throughput 0.00 ops/sec, READ throughput 468.94 ops/sec, SCAN throughput 0.00 ops/sec, READ_MODIFY_WRITE throughput 464.94 ops/sec, total throughput 933.87 ops/sec
Zipfian (Warm-Up) (epoch 8, progress 0.02%): UPDATE throughput 0.00 ops/sec, INSERT throughput 0.00 ops/sec, READ throughput 492.93 ops/sec, SCAN throughput 0.00 ops/sec, READ_MODIFY_WRITE throughput 481.93 ops/sec, total throughput 974.87 ops/sec
Zipfian (Warm-Up) (epoch 9, progress 0.02%): UPDATE throughput 0.00 ops/sec, INSERT throughput 0.00 ops/sec, READ throughput 562.92 ops/sec, SCAN throughput 0.00 ops/sec, READ_MODIFY_WRITE throughput 550.92 ops/sec, total throughput 1113.85 ops/sec
Zipfian (Warm-Up) (epoch 10, progress 0.02%): UPDATE throughput 0.00 ops/sec, INSERT throughput 0.00 ops/sec, READ throughput 616.91 ops/sec, SCAN throughput 0.00 ops/sec, READ_MODIFY_WRITE throughput 578.92 ops/sec, total throughput 1195.83 ops/sec
Zipfian (Warm-Up) (epoch 11, progress 0.03%): UPDATE throughput 0.00 ops/sec, INSERT throughput 0.00 ops/sec, READ throughput 653.91 ops/sec, SCAN throughput 0.00 ops/sec, READ_MODIFY_WRITE throughput 600.92 ops/sec, total throughput 1254.83 ops/sec
Zipfian (Warm-Up) (epoch 12, progress 0.03%): UPDATE throughput 0.00 ops/sec, INSERT throughput 0.00 ops/sec, READ throughput 624.91 ops/sec, SCAN throughput 0.00 ops/sec, READ_MODIFY_WRITE throughput 626.91 ops/sec, total throughput 1251.82 ops/sec
Zipfian (Warm-Up) (epoch 13, progress 0.03%): UPDATE throughput 0.00 ops/sec, INSERT throughput 0.00 ops/sec, READ throughput 583.92 ops/sec, SCAN throughput 0.00 ops/sec, READ_MODIFY_WRITE throughput 552.92 ops/sec, total throughput 1136.84 ops/sec
Zipfian (Warm-Up) (epoch 14, progress 0.04%): UPDATE throughput 0.00 ops/sec, INSERT throughput 0.00 ops/sec, READ throughput 740.90 ops/sec, SCAN throughput 0.00 ops/sec, READ_MODIFY_WRITE throughput 664.91 ops/sec, total throughput 1405.81 ops/sec
Zipfian (Warm-Up) (epoch 15, progress 0.04%): UPDATE throughput 0.00 ops/sec, INSERT throughput 0.00 ops/sec, READ throughput 607.92 ops/sec, SCAN throughput 0.00 ops/sec, READ_MODIFY_WRITE throughput 563.92 ops/sec, total throughput 1171.84 ops/sec
Zipfian (Warm-Up) (epoch 16, progress 0.04%): UPDATE throughput 0.00 ops/sec, INSERT throughput 0.00 ops/sec, READ throughput 728.90 ops/sec, SCAN throughput 0.00 ops/sec, READ_MODIFY_WRITE throughput 695.91 ops/sec, total throughput 1424.81 ops/sec
Zipfian (Warm-Up) (epoch 17, progress 0.05%): UPDATE throughput 0.00 ops/sec, INSERT throughput 0.00 ops/sec, READ throughput 722.90 ops/sec, SCAN throughput 0.00 ops/sec, READ_MODIFY_WRITE throughput 715.90 ops/sec, total throughput 1438.81 ops/sec
Zipfian (Warm-Up) (epoch 18, progress 0.05%): UPDATE throughput 0.00 ops/sec, INSERT throughput 0.00 ops/sec, READ throughput 744.90 ops/sec, SCAN throughput 0.00 ops/sec, READ_MODIFY_WRITE throughput 757.90 ops/sec, total throughput 1502.80 ops/sec
Zipfian (Warm-Up) (epoch 19, progress 0.06%): UPDATE throughput 0.00 ops/sec, INSERT throughput 0.00 ops/sec, READ throughput 896.88 ops/sec, SCAN throughput 0.00 ops/sec, READ_MODIFY_WRITE throughput 922.87 ops/sec, total throughput 1819.75 ops/sec
Zipfian (Warm-Up) (epoch 20, progress 0.06%): UPDATE throughput 0.00 ops/sec, INSERT throughput 0.00 ops/sec, READ throughput 643.91 ops/sec, SCAN throughput 0.00 ops/sec, READ_MODIFY_WRITE throughput 627.92 ops/sec, total throughput 1271.83 ops/sec
Zipfian (Warm-Up) (epoch 21, progress 0.06%): UPDATE throughput 0.00 ops/sec, INSERT throughput 0.00 ops/sec, READ throughput 779.89 ops/sec, SCAN throughput 0.00 ops/sec, READ_MODIFY_WRITE throughput 792.89 ops/sec, total throughput 1572.79 ops/sec
Zipfian (Warm-Up) (epoch 22, progress 0.07%): UPDATE throughput 0.00 ops/sec, INSERT throughput 0.00 ops/sec, READ throughput 863.88 ops/sec, SCAN throughput 0.00 ops/sec, READ_MODIFY_WRITE throughput 888.87 ops/sec, total throughput 1752.75 ops/sec
Zipfian (Warm-Up) (epoch 23, progress 0.07%): UPDATE throughput 0.00 ops/sec, INSERT throughput 0.00 ops/sec, READ throughput 941.87 ops/sec, SCAN throughput 0.00 ops/sec, READ_MODIFY_WRITE throughput 920.87 ops/sec, total throughput 1862.75 ops/sec
Zipfian (Warm-Up) (epoch 24, progress 0.08%): UPDATE throughput 0.00 ops/sec, INSERT throughput 0.00 ops/sec, READ throughput 913.87 ops/sec, SCAN throughput 0.00 ops/sec, READ_MODIFY_WRITE throughput 915.87 ops/sec, total throughput 1829.75 ops/sec
Zipfian (Warm-Up) (epoch 25, progress 0.08%): UPDATE throughput 0.00 ops/sec, INSERT throughput 0.00 ops/sec, READ throughput 882.88 ops/sec, SCAN throughput 0.00 ops/sec, READ_MODIFY_WRITE throughput 961.87 ops/sec, total throughput 1844.75 ops/sec
Zipfian (Warm-Up) (epoch 26, progress 0.09%): UPDATE throughput 0.00 ops/sec, INSERT throughput 0.00 ops/sec, READ throughput 1083.85 ops/sec, SCAN throughput 0.00 ops/sec, READ_MODIFY_WRITE throughput 1071.85 ops/sec, total throughput 2155.70 ops/sec
Zipfian (Warm-Up) (epoch 27, progress 0.09%): UPDATE throughput 0.00 ops/sec, INSERT throughput 0.00 ops/sec, READ throughput 1013.89 ops/sec, SCAN throughput 0.00 ops/sec, READ_MODIFY_WRITE throughput 1011.89 ops/sec, total throughput 2025.78 ops/sec
Zipfian (Warm-Up) (epoch 28, progress 0.10%): UPDATE throughput 0.00 ops/sec, INSERT throughput 0.00 ops/sec, READ throughput 1135.89 ops/sec, SCAN throughput 0.00 ops/sec, READ_MODIFY_WRITE throughput 1094.89 ops/sec, total throughput 2230.78 ops/sec
Zipfian (Warm-Up) (epoch 29, progress 0.10%): UPDATE throughput 0.00 ops/sec, INSERT throughput 0.00 ops/sec, READ throughput 1134.90 ops/sec, SCAN throughput 0.00 ops/sec, READ_MODIFY_WRITE throughput 1158.89 ops/sec, total throughput 2293.79 ops/sec
Zipfian (Warm-Up) (epoch 30, progress 0.11%): UPDATE throughput 0.00 ops/sec, INSERT throughput 0.00 ops/sec, READ throughput 1364.87 ops/sec, SCAN throughput 0.00 ops/sec, READ_MODIFY_WRITE throughput 1406.86 ops/sec, total throughput 2771.73 ops/sec
time's up!
Zipfian (Warm-Up): calculating overall performance metrics... (might take a while)
Zipfian (Warm-Up) overall: UPDATE throughput 0.00 ops/sec, INSERT throughput 0.00 ops/sec, READ throughput 728.77 ops/sec, SCAN throughput 0.00 ops/sec, READ_MODIFY_WRITE throughput 725.27 ops/sec, total throughput 1454.05 ops/sec
Zipfian (Warm-Up) overall: UPDATE average latency 0.00 ns, UPDATE p99 latency 0.00 ns, INSERT average latency 0.00 ns, INSERT p99 latency 0.00 ns, READ average latency 4725593.54 ns, READ p99 latency 52665688.88 ns, SCAN average latency 0.00 ns, SCAN p99 latency 0.00 ns, READ_MODIFY_WRITE average latency 737282.22 ns, READ_MODIFY_WRITE p99 latency 17537522.07 ns
ZipfianWorkload: start initializing zipfian variables, might take a while
Zipfian (epoch 0, progress 0.00%): UPDATE throughput 0.00 ops/sec, INSERT throughput 0.00 ops/sec, READ throughput 0.00 ops/sec, SCAN throughput 0.00 ops/sec, READ_MODIFY_WRITE throughput 0.00 ops/sec, total throughput 0.00 ops/sec
Zipfian (epoch 1, progress 0.05%): UPDATE throughput 0.00 ops/sec, INSERT throughput 0.00 ops/sec, READ throughput 10969.51 ops/sec, SCAN throughput 0.00 ops/sec, READ_MODIFY_WRITE throughput 10757.54 ops/sec, total throughput 21727.05 ops/sec
Zipfian (epoch 2, progress 0.09%): UPDATE throughput 0.00 ops/sec, INSERT throughput 0.00 ops/sec, READ throughput 7086.80 ops/sec, SCAN throughput 0.00 ops/sec, READ_MODIFY_WRITE throughput 7162.78 ops/sec, total throughput 14249.58 ops/sec
Zipfian (epoch 3, progress 0.11%): UPDATE throughput 0.00 ops/sec, INSERT throughput 0.00 ops/sec, READ throughput 4373.51 ops/sec, SCAN throughput 0.00 ops/sec, READ_MODIFY_WRITE throughput 4412.50 ops/sec, total throughput 8786.01 ops/sec
Zipfian (epoch 4, progress 0.12%): UPDATE throughput 0.00 ops/sec, INSERT throughput 0.00 ops/sec, READ throughput 817.89 ops/sec, SCAN throughput 0.00 ops/sec, READ_MODIFY_WRITE throughput 801.89 ops/sec, total throughput 1619.78 ops/sec
Zipfian (epoch 5, progress 0.12%): UPDATE throughput 0.00 ops/sec, INSERT throughput 0.00 ops/sec, READ throughput 1123.89 ops/sec, SCAN throughput 0.00 ops/sec, READ_MODIFY_WRITE throughput 996.90 ops/sec, total throughput 2120.79 ops/sec
Zipfian (epoch 6, progress 0.13%): UPDATE throughput 0.00 ops/sec, INSERT throughput 0.00 ops/sec, READ throughput 927.88 ops/sec, SCAN throughput 0.00 ops/sec, READ_MODIFY_WRITE throughput 938.88 ops/sec, total throughput 1866.76 ops/sec
Zipfian (epoch 7, progress 0.13%): UPDATE throughput 0.00 ops/sec, INSERT throughput 0.00 ops/sec, READ throughput 1084.86 ops/sec, SCAN throughput 0.00 ops/sec, READ_MODIFY_WRITE throughput 1092.86 ops/sec, total throughput 2177.71 ops/sec
Zipfian (epoch 8, progress 0.14%): UPDATE throughput 0.00 ops/sec, INSERT throughput 0.00 ops/sec, READ throughput 887.88 ops/sec, SCAN throughput 0.00 ops/sec, READ_MODIFY_WRITE throughput 896.88 ops/sec, total throughput 1784.76 ops/sec
Zipfian (epoch 9, progress 0.14%): UPDATE throughput 0.00 ops/sec, INSERT throughput 0.00 ops/sec, READ throughput 967.87 ops/sec, SCAN throughput 0.00 ops/sec, READ_MODIFY_WRITE throughput 982.87 ops/sec, total throughput 1950.74 ops/sec
Zipfian (epoch 10, progress 0.14%): UPDATE throughput 0.00 ops/sec, INSERT throughput 0.00 ops/sec, READ throughput 854.92 ops/sec, SCAN throughput 0.00 ops/sec, READ_MODIFY_WRITE throughput 849.92 ops/sec, total throughput 1704.84 ops/sec
Zipfian (epoch 11, progress 0.15%): UPDATE throughput 0.00 ops/sec, INSERT throughput 0.00 ops/sec, READ throughput 832.89 ops/sec, SCAN throughput 0.00 ops/sec, READ_MODIFY_WRITE throughput 842.89 ops/sec, total throughput 1675.78 ops/sec
Zipfian (epoch 12, progress 0.15%): UPDATE throughput 0.00 ops/sec, INSERT throughput 0.00 ops/sec, READ throughput 916.88 ops/sec, SCAN throughput 0.00 ops/sec, READ_MODIFY_WRITE throughput 937.88 ops/sec, total throughput 1854.76 ops/sec
Zipfian (epoch 13, progress 0.16%): UPDATE throughput 0.00 ops/sec, INSERT throughput 0.00 ops/sec, READ throughput 918.91 ops/sec, SCAN throughput 0.00 ops/sec, READ_MODIFY_WRITE throughput 875.92 ops/sec, total throughput 1794.83 ops/sec
Zipfian (epoch 14, progress 0.16%): UPDATE throughput 0.00 ops/sec, INSERT throughput 0.00 ops/sec, READ throughput 826.92 ops/sec, SCAN throughput 0.00 ops/sec, READ_MODIFY_WRITE throughput 863.92 ops/sec, total throughput 1690.84 ops/sec
Zipfian (epoch 15, progress 0.17%): UPDATE throughput 0.00 ops/sec, INSERT throughput 0.00 ops/sec, READ throughput 797.89 ops/sec, SCAN throughput 0.00 ops/sec, READ_MODIFY_WRITE throughput 828.88 ops/sec, total throughput 1626.77 ops/sec
Zipfian (epoch 16, progress 0.17%): UPDATE throughput 0.00 ops/sec, INSERT throughput 0.00 ops/sec, READ throughput 803.89 ops/sec, SCAN throughput 0.00 ops/sec, READ_MODIFY_WRITE throughput 865.88 ops/sec, total throughput 1669.77 ops/sec
Zipfian (epoch 17, progress 0.17%): UPDATE throughput 0.00 ops/sec, INSERT throughput 0.00 ops/sec, READ throughput 721.90 ops/sec, SCAN throughput 0.00 ops/sec, READ_MODIFY_WRITE throughput 719.90 ops/sec, total throughput 1441.80 ops/sec
Zipfian (epoch 18, progress 0.18%): UPDATE throughput 0.00 ops/sec, INSERT throughput 0.00 ops/sec, READ throughput 736.89 ops/sec, SCAN throughput 0.00 ops/sec, READ_MODIFY_WRITE throughput 714.90 ops/sec, total throughput 1451.79 ops/sec
Zipfian (epoch 19, progress 0.18%): UPDATE throughput 0.00 ops/sec, INSERT throughput 0.00 ops/sec, READ throughput 708.90 ops/sec, SCAN throughput 0.00 ops/sec, READ_MODIFY_WRITE throughput 690.90 ops/sec, total throughput 1399.81 ops/sec
Zipfian (epoch 20, progress 0.19%): UPDATE throughput 0.00 ops/sec, INSERT throughput 0.00 ops/sec, READ throughput 800.89 ops/sec, SCAN throughput 0.00 ops/sec, READ_MODIFY_WRITE throughput 756.90 ops/sec, total throughput 1557.79 ops/sec
Zipfian (epoch 21, progress 0.19%): UPDATE throughput 0.00 ops/sec, INSERT throughput 0.00 ops/sec, READ throughput 742.90 ops/sec, SCAN throughput 0.00 ops/sec, READ_MODIFY_WRITE throughput 719.90 ops/sec, total throughput 1462.81 ops/sec
Zipfian (epoch 22, progress 0.19%): UPDATE throughput 0.00 ops/sec, INSERT throughput 0.00 ops/sec, READ throughput 769.89 ops/sec, SCAN throughput 0.00 ops/sec, READ_MODIFY_WRITE throughput 794.89 ops/sec, total throughput 1564.78 ops/sec
Zipfian (epoch 23, progress 0.20%): UPDATE throughput 0.00 ops/sec, INSERT throughput 0.00 ops/sec, READ throughput 804.89 ops/sec, SCAN throughput 0.00 ops/sec, READ_MODIFY_WRITE throughput 734.90 ops/sec, total throughput 1539.78 ops/sec
Zipfian (epoch 24, progress 0.20%): UPDATE throughput 0.00 ops/sec, INSERT throughput 0.00 ops/sec, READ throughput 762.89 ops/sec, SCAN throughput 0.00 ops/sec, READ_MODIFY_WRITE throughput 723.90 ops/sec, total throughput 1486.79 ops/sec
Zipfian (epoch 25, progress 0.20%): UPDATE throughput 0.00 ops/sec, INSERT throughput 0.00 ops/sec, READ throughput 743.89 ops/sec, SCAN throughput 0.00 ops/sec, READ_MODIFY_WRITE throughput 731.90 ops/sec, total throughput 1475.79 ops/sec
Zipfian (epoch 26, progress 0.21%): UPDATE throughput 0.00 ops/sec, INSERT throughput 0.00 ops/sec, READ throughput 687.91 ops/sec, SCAN throughput 0.00 ops/sec, READ_MODIFY_WRITE throughput 734.90 ops/sec, total throughput 1422.81 ops/sec
Zipfian (epoch 27, progress 0.21%): UPDATE throughput 0.00 ops/sec, INSERT throughput 0.00 ops/sec, READ throughput 732.93 ops/sec, SCAN throughput 0.00 ops/sec, READ_MODIFY_WRITE throughput 790.93 ops/sec, total throughput 1523.86 ops/sec
Zipfian (epoch 28, progress 0.22%): UPDATE throughput 0.00 ops/sec, INSERT throughput 0.00 ops/sec, READ throughput 811.90 ops/sec, SCAN throughput 0.00 ops/sec, READ_MODIFY_WRITE throughput 729.91 ops/sec, total throughput 1541.80 ops/sec
Zipfian (epoch 29, progress 0.22%): UPDATE throughput 0.00 ops/sec, INSERT throughput 0.00 ops/sec, READ throughput 576.92 ops/sec, SCAN throughput 0.00 ops/sec, READ_MODIFY_WRITE throughput 648.91 ops/sec, total throughput 1225.83 ops/sec
Zipfian (epoch 30, progress 0.22%): UPDATE throughput 0.00 ops/sec, INSERT throughput 0.00 ops/sec, READ throughput 535.95 ops/sec, SCAN throughput 0.00 ops/sec, READ_MODIFY_WRITE throughput 550.94 ops/sec, total throughput 1086.89 ops/sec
Zipfian (epoch 31, progress 0.22%): UPDATE throughput 0.00 ops/sec, INSERT throughput 0.00 ops/sec, READ throughput 717.90 ops/sec, SCAN throughput 0.00 ops/sec, READ_MODIFY_WRITE throughput 703.90 ops/sec, total throughput 1421.80 ops/sec
Zipfian (epoch 32, progress 0.23%): UPDATE throughput 0.00 ops/sec, INSERT throughput 0.00 ops/sec, READ throughput 598.89 ops/sec, SCAN throughput 0.00 ops/sec, READ_MODIFY_WRITE throughput 705.87 ops/sec, total throughput 1304.75 ops/sec
Zipfian (epoch 33, progress 0.23%): UPDATE throughput 0.00 ops/sec, INSERT throughput 0.00 ops/sec, READ throughput 634.93 ops/sec, SCAN throughput 0.00 ops/sec, READ_MODIFY_WRITE throughput 586.94 ops/sec, total throughput 1221.87 ops/sec
Zipfian (epoch 34, progress 0.23%): UPDATE throughput 0.00 ops/sec, INSERT throughput 0.00 ops/sec, READ throughput 639.91 ops/sec, SCAN throughput 0.00 ops/sec, READ_MODIFY_WRITE throughput 674.91 ops/sec, total throughput 1314.82 ops/sec
Zipfian (epoch 35, progress 0.24%): UPDATE throughput 0.00 ops/sec, INSERT throughput 0.00 ops/sec, READ throughput 668.91 ops/sec, SCAN throughput 0.00 ops/sec, READ_MODIFY_WRITE throughput 660.91 ops/sec, total throughput 1329.82 ops/sec
Zipfian (epoch 36, progress 0.24%): UPDATE throughput 0.00 ops/sec, INSERT throughput 0.00 ops/sec, READ throughput 604.92 ops/sec, SCAN throughput 0.00 ops/sec, READ_MODIFY_WRITE throughput 583.92 ops/sec, total throughput 1188.84 ops/sec
Zipfian (epoch 37, progress 0.24%): UPDATE throughput 0.00 ops/sec, INSERT throughput 0.00 ops/sec, READ throughput 673.91 ops/sec, SCAN throughput 0.00 ops/sec, READ_MODIFY_WRITE throughput 704.90 ops/sec, total throughput 1378.81 ops/sec
Zipfian (epoch 38, progress 0.25%): UPDATE throughput 0.00 ops/sec, INSERT throughput 0.00 ops/sec, READ throughput 577.92 ops/sec, SCAN throughput 0.00 ops/sec, READ_MODIFY_WRITE throughput 584.92 ops/sec, total throughput 1162.84 ops/sec
Zipfian (epoch 39, progress 0.25%): UPDATE throughput 0.00 ops/sec, INSERT throughput 0.00 ops/sec, READ throughput 591.92 ops/sec, SCAN throughput 0.00 ops/sec, READ_MODIFY_WRITE throughput 568.92 ops/sec, total throughput 1160.84 ops/sec
Zipfian (epoch 40, progress 0.25%): UPDATE throughput 0.00 ops/sec, INSERT throughput 0.00 ops/sec, READ throughput 566.92 ops/sec, SCAN throughput 0.00 ops/sec, READ_MODIFY_WRITE throughput 551.92 ops/sec, total throughput 1118.84 ops/sec
Zipfian (epoch 41, progress 0.26%): UPDATE throughput 0.00 ops/sec, INSERT throughput 0.00 ops/sec, READ throughput 577.92 ops/sec, SCAN throughput 0.00 ops/sec, READ_MODIFY_WRITE throughput 610.92 ops/sec, total throughput 1188.84 ops/sec
Zipfian (epoch 42, progress 0.26%): UPDATE throughput 0.00 ops/sec, INSERT throughput 0.00 ops/sec, READ throughput 653.94 ops/sec, SCAN throughput 0.00 ops/sec, READ_MODIFY_WRITE throughput 645.94 ops/sec, total throughput 1299.87 ops/sec
Zipfian (epoch 43, progress 0.26%): UPDATE throughput 0.00 ops/sec, INSERT throughput 0.00 ops/sec, READ throughput 616.90 ops/sec, SCAN throughput 0.00 ops/sec, READ_MODIFY_WRITE throughput 610.90 ops/sec, total throughput 1227.80 ops/sec
Zipfian (epoch 44, progress 0.27%): UPDATE throughput 0.00 ops/sec, INSERT throughput 0.00 ops/sec, READ throughput 611.92 ops/sec, SCAN throughput 0.00 ops/sec, READ_MODIFY_WRITE throughput 635.92 ops/sec, total throughput 1247.84 ops/sec
Zipfian (epoch 45, progress 0.27%): UPDATE throughput 0.00 ops/sec, INSERT throughput 0.00 ops/sec, READ throughput 119.98 ops/sec, SCAN throughput 0.00 ops/sec, READ_MODIFY_WRITE throughput 137.98 ops/sec, total throughput 257.96 ops/sec
Zipfian (epoch 46, progress 0.27%): UPDATE throughput 0.00 ops/sec, INSERT throughput 0.00 ops/sec, READ throughput 766.89 ops/sec, SCAN throughput 0.00 ops/sec, READ_MODIFY_WRITE throughput 755.89 ops/sec, total throughput 1522.78 ops/sec
Zipfian (epoch 47, progress 0.27%): UPDATE throughput 0.00 ops/sec, INSERT throughput 0.00 ops/sec, READ throughput 720.90 ops/sec, SCAN throughput 0.00 ops/sec, READ_MODIFY_WRITE throughput 696.91 ops/sec, total throughput 1417.81 ops/sec
Zipfian (epoch 48, progress 0.28%): UPDATE throughput 0.00 ops/sec, INSERT throughput 0.00 ops/sec, READ throughput 727.91 ops/sec, SCAN throughput 0.00 ops/sec, READ_MODIFY_WRITE throughput 715.91 ops/sec, total throughput 1443.82 ops/sec
Zipfian (epoch 49, progress 0.28%): UPDATE throughput 0.00 ops/sec, INSERT throughput 0.00 ops/sec, READ throughput 712.89 ops/sec, SCAN throughput 0.00 ops/sec, READ_MODIFY_WRITE throughput 681.90 ops/sec, total throughput 1394.79 ops/sec
Zipfian (epoch 50, progress 0.28%): UPDATE throughput 0.00 ops/sec, INSERT throughput 0.00 ops/sec, READ throughput 798.88 ops/sec, SCAN throughput 0.00 ops/sec, READ_MODIFY_WRITE throughput 845.87 ops/sec, total throughput 1644.75 ops/sec
Zipfian (epoch 51, progress 0.29%): UPDATE throughput 0.00 ops/sec, INSERT throughput 0.00 ops/sec, READ throughput 714.90 ops/sec, SCAN throughput 0.00 ops/sec, READ_MODIFY_WRITE throughput 754.89 ops/sec, total throughput 1469.79 ops/sec
Zipfian (epoch 52, progress 0.29%): UPDATE throughput 0.00 ops/sec, INSERT throughput 0.00 ops/sec, READ throughput 780.89 ops/sec, SCAN throughput 0.00 ops/sec, READ_MODIFY_WRITE throughput 790.89 ops/sec, total throughput 1571.78 ops/sec
Zipfian (epoch 53, progress 0.30%): UPDATE throughput 0.00 ops/sec, INSERT throughput 0.00 ops/sec, READ throughput 873.88 ops/sec, SCAN throughput 0.00 ops/sec, READ_MODIFY_WRITE throughput 849.88 ops/sec, total throughput 1723.76 ops/sec
Zipfian (epoch 54, progress 0.30%): UPDATE throughput 0.00 ops/sec, INSERT throughput 0.00 ops/sec, READ throughput 942.87 ops/sec, SCAN throughput 0.00 ops/sec, READ_MODIFY_WRITE throughput 963.87 ops/sec, total throughput 1906.75 ops/sec
Zipfian (epoch 55, progress 0.31%): UPDATE throughput 0.00 ops/sec, INSERT throughput 0.00 ops/sec, READ throughput 887.88 ops/sec, SCAN throughput 0.00 ops/sec, READ_MODIFY_WRITE throughput 829.88 ops/sec, total throughput 1717.76 ops/sec
Zipfian (epoch 56, progress 0.31%): UPDATE throughput 0.00 ops/sec, INSERT throughput 0.00 ops/sec, READ throughput 785.91 ops/sec, SCAN throughput 0.00 ops/sec, READ_MODIFY_WRITE throughput 841.91 ops/sec, total throughput 1627.82 ops/sec
Zipfian (epoch 57, progress 0.31%): UPDATE throughput 0.00 ops/sec, INSERT throughput 0.00 ops/sec, READ throughput 842.87 ops/sec, SCAN throughput 0.00 ops/sec, READ_MODIFY_WRITE throughput 775.88 ops/sec, total throughput 1618.75 ops/sec
Zipfian (epoch 58, progress 0.32%): UPDATE throughput 0.00 ops/sec, INSERT throughput 0.00 ops/sec, READ throughput 743.90 ops/sec, SCAN throughput 0.00 ops/sec, READ_MODIFY_WRITE throughput 766.90 ops/sec, total throughput 1510.79 ops/sec
Zipfian (epoch 59, progress 0.32%): UPDATE throughput 0.00 ops/sec, INSERT throughput 0.00 ops/sec, READ throughput 772.88 ops/sec, SCAN throughput 0.00 ops/sec, READ_MODIFY_WRITE throughput 762.88 ops/sec, total throughput 1535.76 ops/sec
Zipfian (epoch 60, progress 0.33%): UPDATE throughput 0.00 ops/sec, INSERT throughput 0.00 ops/sec, READ throughput 817.88 ops/sec, SCAN throughput 0.00 ops/sec, READ_MODIFY_WRITE throughput 812.88 ops/sec, total throughput 1630.76 ops/sec
Zipfian (epoch 61, progress 0.33%): UPDATE throughput 0.00 ops/sec, INSERT throughput 0.00 ops/sec, READ throughput 868.90 ops/sec, SCAN throughput 0.00 ops/sec, READ_MODIFY_WRITE throughput 879.90 ops/sec, total throughput 1748.81 ops/sec
Zipfian (epoch 62, progress 0.33%): UPDATE throughput 0.00 ops/sec, INSERT throughput 0.00 ops/sec, READ throughput 825.91 ops/sec, SCAN throughput 0.00 ops/sec, READ_MODIFY_WRITE throughput 860.91 ops/sec, total throughput 1686.82 ops/sec
Zipfian (epoch 63, progress 0.34%): UPDATE throughput 0.00 ops/sec, INSERT throughput 0.00 ops/sec, READ throughput 820.89 ops/sec, SCAN throughput 0.00 ops/sec, READ_MODIFY_WRITE throughput 788.89 ops/sec, total throughput 1609.78 ops/sec
Zipfian (epoch 64, progress 0.34%): UPDATE throughput 0.00 ops/sec, INSERT throughput 0.00 ops/sec, READ throughput 790.89 ops/sec, SCAN throughput 0.00 ops/sec, READ_MODIFY_WRITE throughput 781.89 ops/sec, total throughput 1572.79 ops/sec
Zipfian (epoch 65, progress 0.35%): UPDATE throughput 0.00 ops/sec, INSERT throughput 0.00 ops/sec, READ throughput 816.88 ops/sec, SCAN throughput 0.00 ops/sec, READ_MODIFY_WRITE throughput 819.88 ops/sec, total throughput 1636.77 ops/sec
Zipfian (epoch 66, progress 0.35%): UPDATE throughput 0.00 ops/sec, INSERT throughput 0.00 ops/sec, READ throughput 812.89 ops/sec, SCAN throughput 0.00 ops/sec, READ_MODIFY_WRITE throughput 819.89 ops/sec, total throughput 1632.77 ops/sec
Zipfian (epoch 67, progress 0.35%): UPDATE throughput 0.00 ops/sec, INSERT throughput 0.00 ops/sec, READ throughput 774.89 ops/sec, SCAN throughput 0.00 ops/sec, READ_MODIFY_WRITE throughput 818.89 ops/sec, total throughput 1593.78 ops/sec
Zipfian (epoch 68, progress 0.36%): UPDATE throughput 0.00 ops/sec, INSERT throughput 0.00 ops/sec, READ throughput 814.89 ops/sec, SCAN throughput 0.00 ops/sec, READ_MODIFY_WRITE throughput 753.90 ops/sec, total throughput 1568.79 ops/sec
Zipfian (epoch 69, progress 0.36%): UPDATE throughput 0.00 ops/sec, INSERT throughput 0.00 ops/sec, READ throughput 903.88 ops/sec, SCAN throughput 0.00 ops/sec, READ_MODIFY_WRITE throughput 828.89 ops/sec, total throughput 1732.77 ops/sec
Zipfian (epoch 70, progress 0.37%): UPDATE throughput 0.00 ops/sec, INSERT throughput 0.00 ops/sec, READ throughput 790.89 ops/sec, SCAN throughput 0.00 ops/sec, READ_MODIFY_WRITE throughput 805.89 ops/sec, total throughput 1596.78 ops/sec
Zipfian (epoch 71, progress 0.37%): UPDATE throughput 0.00 ops/sec, INSERT throughput 0.00 ops/sec, READ throughput 780.92 ops/sec, SCAN throughput 0.00 ops/sec, READ_MODIFY_WRITE throughput 749.92 ops/sec, total throughput 1530.84 ops/sec
Zipfian (epoch 72, progress 0.37%): UPDATE throughput 0.00 ops/sec, INSERT throughput 0.00 ops/sec, READ throughput 771.88 ops/sec, SCAN throughput 0.00 ops/sec, READ_MODIFY_WRITE throughput 747.89 ops/sec, total throughput 1519.77 ops/sec
Zipfian (epoch 73, progress 0.38%): UPDATE throughput 0.00 ops/sec, INSERT throughput 0.00 ops/sec, READ throughput 817.89 ops/sec, SCAN throughput 0.00 ops/sec, READ_MODIFY_WRITE throughput 762.90 ops/sec, total throughput 1580.79 ops/sec
Zipfian (epoch 74, progress 0.38%): UPDATE throughput 0.00 ops/sec, INSERT throughput 0.00 ops/sec, READ throughput 707.93 ops/sec, SCAN throughput 0.00 ops/sec, READ_MODIFY_WRITE throughput 678.93 ops/sec, total throughput 1386.86 ops/sec
Zipfian (epoch 75, progress 0.38%): UPDATE throughput 0.00 ops/sec, INSERT throughput 0.00 ops/sec, READ throughput 721.90 ops/sec, SCAN throughput 0.00 ops/sec, READ_MODIFY_WRITE throughput 653.91 ops/sec, total throughput 1375.82 ops/sec
Zipfian (epoch 76, progress 0.39%): UPDATE throughput 0.00 ops/sec, INSERT throughput 0.00 ops/sec, READ throughput 676.91 ops/sec, SCAN throughput 0.00 ops/sec, READ_MODIFY_WRITE throughput 699.90 ops/sec, total throughput 1376.81 ops/sec
Zipfian (epoch 77, progress 0.39%): UPDATE throughput 0.00 ops/sec, INSERT throughput 0.00 ops/sec, READ throughput 677.89 ops/sec, SCAN throughput 0.00 ops/sec, READ_MODIFY_WRITE throughput 743.88 ops/sec, total throughput 1421.76 ops/sec
Zipfian (epoch 78, progress 0.40%): UPDATE throughput 0.00 ops/sec, INSERT throughput 0.00 ops/sec, READ throughput 748.91 ops/sec, SCAN throughput 0.00 ops/sec, READ_MODIFY_WRITE throughput 739.91 ops/sec, total throughput 1488.82 ops/sec
Zipfian (epoch 79, progress 0.40%): UPDATE throughput 0.00 ops/sec, INSERT throughput 0.00 ops/sec, READ throughput 634.92 ops/sec, SCAN throughput 0.00 ops/sec, READ_MODIFY_WRITE throughput 582.92 ops/sec, total throughput 1217.84 ops/sec
Zipfian (epoch 80, progress 0.40%): UPDATE throughput 0.00 ops/sec, INSERT throughput 0.00 ops/sec, READ throughput 635.91 ops/sec, SCAN throughput 0.00 ops/sec, READ_MODIFY_WRITE throughput 660.91 ops/sec, total throughput 1296.82 ops/sec
Zipfian (epoch 81, progress 0.41%): UPDATE throughput 0.00 ops/sec, INSERT throughput 0.00 ops/sec, READ throughput 770.92 ops/sec, SCAN throughput 0.00 ops/sec, READ_MODIFY_WRITE throughput 738.92 ops/sec, total throughput 1509.85 ops/sec
Zipfian (epoch 82, progress 0.41%): UPDATE throughput 0.00 ops/sec, INSERT throughput 0.00 ops/sec, READ throughput 723.90 ops/sec, SCAN throughput 0.00 ops/sec, READ_MODIFY_WRITE throughput 679.91 ops/sec, total throughput 1403.81 ops/sec
Zipfian (epoch 83, progress 0.41%): UPDATE throughput 0.00 ops/sec, INSERT throughput 0.00 ops/sec, READ throughput 711.90 ops/sec, SCAN throughput 0.00 ops/sec, READ_MODIFY_WRITE throughput 750.90 ops/sec, total throughput 1462.80 ops/sec
Zipfian (epoch 84, progress 0.42%): UPDATE throughput 0.00 ops/sec, INSERT throughput 0.00 ops/sec, READ throughput 690.90 ops/sec, SCAN throughput 0.00 ops/sec, READ_MODIFY_WRITE throughput 692.90 ops/sec, total throughput 1383.81 ops/sec
Zipfian (epoch 85, progress 0.42%): UPDATE throughput 0.00 ops/sec, INSERT throughput 0.00 ops/sec, READ throughput 633.91 ops/sec, SCAN throughput 0.00 ops/sec, READ_MODIFY_WRITE throughput 677.91 ops/sec, total throughput 1311.82 ops/sec
Zipfian (epoch 86, progress 0.42%): UPDATE throughput 0.00 ops/sec, INSERT throughput 0.00 ops/sec, READ throughput 744.90 ops/sec, SCAN throughput 0.00 ops/sec, READ_MODIFY_WRITE throughput 753.90 ops/sec, total throughput 1498.80 ops/sec
Zipfian (epoch 87, progress 0.43%): UPDATE throughput 0.00 ops/sec, INSERT throughput 0.00 ops/sec, READ throughput 592.92 ops/sec, SCAN throughput 0.00 ops/sec, READ_MODIFY_WRITE throughput 601.92 ops/sec, total throughput 1194.84 ops/sec
Zipfian (epoch 88, progress 0.43%): UPDATE throughput 0.00 ops/sec, INSERT throughput 0.00 ops/sec, READ throughput 742.90 ops/sec, SCAN throughput 0.00 ops/sec, READ_MODIFY_WRITE throughput 709.90 ops/sec, total throughput 1452.81 ops/sec
Zipfian (epoch 89, progress 0.43%): UPDATE throughput 0.00 ops/sec, INSERT throughput 0.00 ops/sec, READ throughput 605.91 ops/sec, SCAN throughput 0.00 ops/sec, READ_MODIFY_WRITE throughput 551.92 ops/sec, total throughput 1157.83 ops/sec
Zipfian (epoch 90, progress 0.44%): UPDATE throughput 0.00 ops/sec, INSERT throughput 0.00 ops/sec, READ throughput 731.92 ops/sec, SCAN throughput 0.00 ops/sec, READ_MODIFY_WRITE throughput 660.93 ops/sec, total throughput 1392.85 ops/sec
Zipfian (epoch 91, progress 0.44%): UPDATE throughput 0.00 ops/sec, INSERT throughput 0.00 ops/sec, READ throughput 579.92 ops/sec, SCAN throughput 0.00 ops/sec, READ_MODIFY_WRITE throughput 575.92 ops/sec, total throughput 1155.84 ops/sec
Zipfian (epoch 92, progress 0.44%): UPDATE throughput 0.00 ops/sec, INSERT throughput 0.00 ops/sec, READ throughput 680.93 ops/sec, SCAN throughput 0.00 ops/sec, READ_MODIFY_WRITE throughput 720.93 ops/sec, total throughput 1401.85 ops/sec
Zipfian (epoch 93, progress 0.45%): UPDATE throughput 0.00 ops/sec, INSERT throughput 0.00 ops/sec, READ throughput 608.92 ops/sec, SCAN throughput 0.00 ops/sec, READ_MODIFY_WRITE throughput 598.92 ops/sec, total throughput 1207.84 ops/sec
Zipfian (epoch 94, progress 0.45%): UPDATE throughput 0.00 ops/sec, INSERT throughput 0.00 ops/sec, READ throughput 648.91 ops/sec, SCAN throughput 0.00 ops/sec, READ_MODIFY_WRITE throughput 678.91 ops/sec, total throughput 1327.82 ops/sec
Zipfian (epoch 95, progress 0.45%): UPDATE throughput 0.00 ops/sec, INSERT throughput 0.00 ops/sec, READ throughput 636.91 ops/sec, SCAN throughput 0.00 ops/sec, READ_MODIFY_WRITE throughput 623.91 ops/sec, total throughput 1260.82 ops/sec
Zipfian (epoch 96, progress 0.46%): UPDATE throughput 0.00 ops/sec, INSERT throughput 0.00 ops/sec, READ throughput 689.91 ops/sec, SCAN throughput 0.00 ops/sec, READ_MODIFY_WRITE throughput 631.91 ops/sec, total throughput 1321.82 ops/sec
Zipfian (epoch 97, progress 0.46%): UPDATE throughput 0.00 ops/sec, INSERT throughput 0.00 ops/sec, READ throughput 429.93 ops/sec, SCAN throughput 0.00 ops/sec, READ_MODIFY_WRITE throughput 394.93 ops/sec, total throughput 824.86 ops/sec
Zipfian (epoch 98, progress 0.46%): UPDATE throughput 0.00 ops/sec, INSERT throughput 0.00 ops/sec, READ throughput 0.00 ops/sec, SCAN throughput 0.00 ops/sec, READ_MODIFY_WRITE throughput 0.00 ops/sec, total throughput 0.00 ops/sec
Zipfian (epoch 99, progress 0.46%): UPDATE throughput 0.00 ops/sec, INSERT throughput 0.00 ops/sec, READ throughput 188.98 ops/sec, SCAN throughput 0.00 ops/sec, READ_MODIFY_WRITE throughput 205.98 ops/sec, total throughput 394.96 ops/sec
Zipfian (epoch 100, progress 0.46%): UPDATE throughput 0.00 ops/sec, INSERT throughput 0.00 ops/sec, READ throughput 712.90 ops/sec, SCAN throughput 0.00 ops/sec, READ_MODIFY_WRITE throughput 659.91 ops/sec, total throughput 1372.81 ops/sec
Zipfian (epoch 101, progress 0.46%): UPDATE throughput 0.00 ops/sec, INSERT throughput 0.00 ops/sec, READ throughput 595.92 ops/sec, SCAN throughput 0.00 ops/sec, READ_MODIFY_WRITE throughput 624.92 ops/sec, total throughput 1220.83 ops/sec
Zipfian (epoch 102, progress 0.47%): UPDATE throughput 0.00 ops/sec, INSERT throughput 0.00 ops/sec, READ throughput 582.94 ops/sec, SCAN throughput 0.00 ops/sec, READ_MODIFY_WRITE throughput 651.93 ops/sec, total throughput 1234.87 ops/sec
Zipfian (epoch 103, progress 0.47%): UPDATE throughput 0.00 ops/sec, INSERT throughput 0.00 ops/sec, READ throughput 749.90 ops/sec, SCAN throughput 0.00 ops/sec, READ_MODIFY_WRITE throughput 762.90 ops/sec, total throughput 1512.80 ops/sec
Zipfian (epoch 104, progress 0.48%): UPDATE throughput 0.00 ops/sec, INSERT throughput 0.00 ops/sec, READ throughput 725.92 ops/sec, SCAN throughput 0.00 ops/sec, READ_MODIFY_WRITE throughput 735.92 ops/sec, total throughput 1461.85 ops/sec
Zipfian (epoch 105, progress 0.48%): UPDATE throughput 0.00 ops/sec, INSERT throughput 0.00 ops/sec, READ throughput 746.92 ops/sec, SCAN throughput 0.00 ops/sec, READ_MODIFY_WRITE throughput 757.92 ops/sec, total throughput 1504.85 ops/sec
Zipfian (epoch 106, progress 0.48%): UPDATE throughput 0.00 ops/sec, INSERT throughput 0.00 ops/sec, READ throughput 764.92 ops/sec, SCAN throughput 0.00 ops/sec, READ_MODIFY_WRITE throughput 754.92 ops/sec, total throughput 1519.85 ops/sec
Zipfian (epoch 107, progress 0.49%): UPDATE throughput 0.00 ops/sec, INSERT throughput 0.00 ops/sec, READ throughput 671.94 ops/sec, SCAN throughput 0.00 ops/sec, READ_MODIFY_WRITE throughput 667.94 ops/sec, total throughput 1339.87 ops/sec
Zipfian (epoch 108, progress 0.49%): UPDATE throughput 0.00 ops/sec, INSERT throughput 0.00 ops/sec, READ throughput 795.89 ops/sec, SCAN throughput 0.00 ops/sec, READ_MODIFY_WRITE throughput 803.89 ops/sec, total throughput 1599.79 ops/sec
Zipfian (epoch 109, progress 0.49%): UPDATE throughput 0.00 ops/sec, INSERT throughput 0.00 ops/sec, READ throughput 867.86 ops/sec, SCAN throughput 0.00 ops/sec, READ_MODIFY_WRITE throughput 828.87 ops/sec, total throughput 1696.73 ops/sec
Zipfian (epoch 110, progress 0.50%): UPDATE throughput 0.00 ops/sec, INSERT throughput 0.00 ops/sec, READ throughput 693.91 ops/sec, SCAN throughput 0.00 ops/sec, READ_MODIFY_WRITE throughput 745.90 ops/sec, total throughput 1439.81 ops/sec
Zipfian (epoch 111, progress 0.50%): UPDATE throughput 0.00 ops/sec, INSERT throughput 0.00 ops/sec, READ throughput 810.89 ops/sec, SCAN throughput 0.00 ops/sec, READ_MODIFY_WRITE throughput 840.89 ops/sec, total throughput 1651.78 ops/sec
Zipfian (epoch 112, progress 0.51%): UPDATE throughput 0.00 ops/sec, INSERT throughput 0.00 ops/sec, READ throughput 714.90 ops/sec, SCAN throughput 0.00 ops/sec, READ_MODIFY_WRITE throughput 697.91 ops/sec, total throughput 1412.81 ops/sec
Zipfian (epoch 113, progress 0.51%): UPDATE throughput 0.00 ops/sec, INSERT throughput 0.00 ops/sec, READ throughput 559.92 ops/sec, SCAN throughput 0.00 ops/sec, READ_MODIFY_WRITE throughput 571.92 ops/sec, total throughput 1131.84 ops/sec
Zipfian (epoch 114, progress 0.51%): UPDATE throughput 0.00 ops/sec, INSERT throughput 0.00 ops/sec, READ throughput 490.93 ops/sec, SCAN throughput 0.00 ops/sec, READ_MODIFY_WRITE throughput 468.93 ops/sec, total throughput 959.87 ops/sec
Zipfian (epoch 115, progress 0.51%): UPDATE throughput 0.00 ops/sec, INSERT throughput 0.00 ops/sec, READ throughput 337.95 ops/sec, SCAN throughput 0.00 ops/sec, READ_MODIFY_WRITE throughput 354.95 ops/sec, total throughput 692.91 ops/sec
Zipfian (epoch 116, progress 0.51%): UPDATE throughput 0.00 ops/sec, INSERT throughput 0.00 ops/sec, READ throughput 449.95 ops/sec, SCAN throughput 0.00 ops/sec, READ_MODIFY_WRITE throughput 474.94 ops/sec, total throughput 924.89 ops/sec
Zipfian (epoch 117, progress 0.52%): UPDATE throughput 0.00 ops/sec, INSERT throughput 0.00 ops/sec, READ throughput 502.93 ops/sec, SCAN throughput 0.00 ops/sec, READ_MODIFY_WRITE throughput 405.95 ops/sec, total throughput 908.88 ops/sec
Zipfian (epoch 118, progress 0.52%): UPDATE throughput 0.00 ops/sec, INSERT throughput 0.00 ops/sec, READ throughput 374.95 ops/sec, SCAN throughput 0.00 ops/sec, READ_MODIFY_WRITE throughput 438.94 ops/sec, total throughput 813.89 ops/sec
Zipfian (epoch 119, progress 0.52%): UPDATE throughput 0.00 ops/sec, INSERT throughput 0.00 ops/sec, READ throughput 404.94 ops/sec, SCAN throughput 0.00 ops/sec, READ_MODIFY_WRITE throughput 387.95 ops/sec, total throughput 792.89 ops/sec
Zipfian (epoch 120, progress 0.52%): UPDATE throughput 0.00 ops/sec, INSERT throughput 0.00 ops/sec, READ throughput 532.93 ops/sec, SCAN throughput 0.00 ops/sec, READ_MODIFY_WRITE throughput 543.93 ops/sec, total throughput 1076.86 ops/sec
time's up!
Zipfian: calculating overall performance metrics... (might take a while)
Zipfian overall: UPDATE throughput 0.00 ops/sec, INSERT throughput 0.00 ops/sec, READ throughput 874.83 ops/sec, SCAN throughput 0.00 ops/sec, READ_MODIFY_WRITE throughput 871.49 ops/sec, total throughput 1746.33 ops/sec
Zipfian overall: UPDATE average latency 0.00 ns, UPDATE p99 latency 0.00 ns, INSERT average latency 0.00 ns, INSERT p99 latency 0.00 ns, READ average latency 2713364.80 ns, READ p99 latency 42274598.70 ns, SCAN average latency 0.00 ns, SCAN p99 latency 0.00 ns, READ_MODIFY_WRITE average latency 1834613.87 ns, READ_MODIFY_WRITE p99 latency 29587515.17 ns

total_throughput 3197.18
read_p99_ns 42379740.27
wan_reader_throughput 1450.85
wan_writer_throughput 1746.33
