2026-03-10 22:39:28,671 INFO Waiting for evaluation lock /tmp/cache_ext_file_evaluate.lock ...
2026-03-10 22:39:28,671 INFO Acquired evaluation lock.
2026-03-10 22:39:28,671 INFO === Step 0: Drop page cache ===
2026-03-10 22:39:28,671 INFO CMD: sudo sync
2026-03-10 22:39:28,867 INFO CMD: sudo sh -c echo 3 > /proc/sys/vm/drop_caches
2026-03-10 22:39:30,272 INFO Page cache dropped.
2026-03-10 22:39:30,272 INFO === Step 1: Compile evolved policy ===
2026-03-10 22:39:30,272 INFO CMD: sudo chown -R root: /mydata/cache_ext/eviction_evo/build
2026-03-10 22:39:30,864 INFO CMD: clang-14 -O2 -target bpf -D__TARGET_ARCH_x86 -c -g -Wall -idirafter /usr/lib/llvm-14/lib/clang/14.0.0/include -idirafter /usr/local/include -idirafter /usr/include/x86_64-linux-gnu -idirafter /usr/include /mydata/cache_ext/eviction_evo/build/cache_ext_evolved.bpf.c -o /mydata/cache_ext/eviction_evo/build/cache_ext_evolved.bpf.o
2026-03-10 22:39:33,590 INFO CMD: /usr/local/sbin/bpftool gen skeleton /mydata/cache_ext/eviction_evo/build/cache_ext_evolved.bpf.o name cache_ext_evolved_bpf
2026-03-10 22:39:33,775 INFO CMD: clang-14 -O2 -g -Wall -I/mydata/cache_ext/eviction_evo/build -I/mydata/cache_ext/policies /mydata/cache_ext/eviction_evo/cache_ext_evolved.c -o /mydata/cache_ext/eviction_evo/build/cache_ext_evolved.out -L/usr/local/lib64 -lbpf
2026-03-10 22:39:34,839 INFO Compilation successful: /mydata/cache_ext/eviction_evo/build/cache_ext_evolved.out
2026-03-10 22:39:34,839 INFO === Step 2: Disable MGLRU ===
2026-03-10 22:39:34,839 INFO MGLRU current state: 0x0007 — disabling
2026-03-10 22:39:34,839 INFO CMD: sudo sh -c echo 0 > /sys/kernel/mm/lru_gen/enabled
2026-03-10 22:39:34,938 INFO MGLRU disabled.
2026-03-10 22:39:34,938 INFO === Step 3: Create cgroup ===
2026-03-10 22:39:34,938 INFO CMD: sudo cgdelete memory:cache_ext_test
2026-03-10 22:39:34,968 INFO CMD: sudo cgcreate -g memory:cache_ext_test
2026-03-10 22:39:35,071 INFO CMD: sudo sh -c echo 134217728 > /sys/fs/cgroup/cache_ext_test/memory.max
2026-03-10 22:39:35,087 INFO CMD: sudo sh -c echo 268435456 > /sys/fs/cgroup/cache_ext_test/memory.swap.max
2026-03-10 22:39:35,099 INFO Created cgroup cache_ext_test with limit 134217728 bytes, swap limit 268435456 bytes
2026-03-10 22:39:35,099 INFO === Step 4: Load BPF policy ===
2026-03-10 22:39:35,099 INFO Loading policy: sudo /mydata/cache_ext/eviction_evo/build/cache_ext_evolved.out --watch_dir /mydata/file_workload_data --cgroup_path /sys/fs/cgroup/cache_ext_test
2026-03-10 22:39:45,110 INFO Policy loaded (PID 114293)
2026-03-10 22:39:45,110 INFO === Step 5: Run 2 file workload traces ===
2026-03-10 22:39:45,110 INFO --- Trace 1/2: file_priority ---
2026-03-10 22:39:45,137 INFO Starting process high_prio_reader: sudo cgexec -g memory:cache_ext_test sh -c echo $$ > "/tmp/file_workload_high_prio_reader_114205.pid" && exec "/mydata/cache_ext/eviction_evo/build/file_workload" "/tmp/file_high_prio_reader_f_6b8s0m.yaml"
2026-03-10 22:39:45,140 INFO Starting process low_prio_reader: sudo cgexec -g memory:cache_ext_test sh -c echo $$ > "/tmp/file_workload_low_prio_reader_114205.pid" && exec "/mydata/cache_ext/eviction_evo/build/file_workload" "/tmp/file_low_prio_reader_mnl3zide.yaml"
2026-03-10 22:39:48,142 INFO Process high_prio_reader actual PID: 114353 (wrapper PID: 114349)
2026-03-10 22:39:48,142 INFO Process low_prio_reader actual PID: 114354 (wrapper PID: 114350)
2026-03-10 22:41:55,923 INFO Process high_prio_reader: throughput=2454.02
2026-03-10 22:41:55,923 INFO Process low_prio_reader: throughput=249.37
2026-03-10 22:41:55,924 INFO File workload combined throughput: 2703.39 ops/sec
2026-03-10 22:41:55,924 INFO Trace file_priority: throughput=2703.39 ops/sec
2026-03-10 22:41:55,924 INFO --- Trace 2/2: file_niceness ---
2026-03-10 22:41:55,924 INFO CMD: sudo sync
2026-03-10 22:41:56,053 INFO CMD: sudo sh -c echo 3 > /proc/sys/vm/drop_caches
2026-03-10 22:41:56,675 INFO Page cache dropped.
2026-03-10 22:41:58,711 INFO Starting process reader_alpha: sudo cgexec -g memory:cache_ext_test sh -c echo $$ > "/tmp/file_workload_reader_alpha_114205.pid" && exec "/mydata/cache_ext/eviction_evo/build/file_workload" "/tmp/file_reader_alpha_ykeinev_.yaml"
2026-03-10 22:41:58,733 INFO Starting process reader_beta: sudo cgexec -g memory:cache_ext_test sh -c echo $$ > "/tmp/file_workload_reader_beta_114205.pid" && exec "/mydata/cache_ext/eviction_evo/build/file_workload" "/tmp/file_reader_beta_7a63ych6.yaml"
2026-03-10 22:42:01,738 INFO Process reader_alpha actual PID: 114663 (wrapper PID: 114658)
2026-03-10 22:42:01,738 INFO Process reader_beta actual PID: 114662 (wrapper PID: 114659)
2026-03-10 22:42:01,738 INFO CMD: sudo renice -15 -p 114663
2026-03-10 22:42:01,959 INFO CMD: sudo renice 15 -p 114662
2026-03-10 22:42:02,978 INFO CMD: sudo renice -15 -p 114663
2026-03-10 22:42:02,998 INFO CMD: sudo renice 15 -p 114662
2026-03-10 22:42:04,015 INFO CMD: sudo renice -15 -p 114663
2026-03-10 22:42:04,035 INFO CMD: sudo renice 15 -p 114662
2026-03-10 22:42:05,054 INFO CMD: sudo renice -15 -p 114663
2026-03-10 22:42:05,073 INFO CMD: sudo renice 15 -p 114662
2026-03-10 22:42:06,089 INFO CMD: sudo renice -15 -p 114663
2026-03-10 22:42:06,110 INFO CMD: sudo renice 15 -p 114662
2026-03-10 22:42:07,128 INFO CMD: sudo renice -15 -p 114663
2026-03-10 22:42:07,147 INFO CMD: sudo renice 15 -p 114662
2026-03-10 22:42:08,166 INFO CMD: sudo renice -15 -p 114663
2026-03-10 22:42:08,185 INFO CMD: sudo renice 15 -p 114662
2026-03-10 22:42:09,201 INFO CMD: sudo renice -15 -p 114663
2026-03-10 22:42:09,222 INFO CMD: sudo renice 15 -p 114662
2026-03-10 22:42:10,241 INFO CMD: sudo renice -15 -p 114663
2026-03-10 22:42:10,262 INFO CMD: sudo renice 15 -p 114662
2026-03-10 22:42:11,281 INFO CMD: sudo renice -15 -p 114663
2026-03-10 22:42:11,301 INFO CMD: sudo renice 15 -p 114662
2026-03-10 22:42:12,319 INFO CMD: sudo renice -15 -p 114663
2026-03-10 22:42:12,337 INFO CMD: sudo renice 15 -p 114662
2026-03-10 22:42:13,353 INFO CMD: sudo renice -15 -p 114663
2026-03-10 22:42:13,371 INFO CMD: sudo renice 15 -p 114662
2026-03-10 22:42:14,390 INFO CMD: sudo renice -15 -p 114663
2026-03-10 22:42:14,409 INFO CMD: sudo renice 15 -p 114662
2026-03-10 22:42:15,428 INFO CMD: sudo renice -15 -p 114663
2026-03-10 22:42:15,446 INFO CMD: sudo renice 15 -p 114662
2026-03-10 22:42:16,465 INFO CMD: sudo renice -15 -p 114663
2026-03-10 22:42:16,486 INFO CMD: sudo renice 15 -p 114662
2026-03-10 22:42:17,505 INFO CMD: sudo renice -15 -p 114663
2026-03-10 22:42:17,526 INFO CMD: sudo renice 15 -p 114662
2026-03-10 22:42:18,545 INFO CMD: sudo renice -15 -p 114663
2026-03-10 22:42:18,565 INFO CMD: sudo renice 15 -p 114662
2026-03-10 22:42:19,583 INFO CMD: sudo renice -15 -p 114663
2026-03-10 22:42:19,604 INFO CMD: sudo renice 15 -p 114662
2026-03-10 22:42:20,622 INFO CMD: sudo renice -15 -p 114663
2026-03-10 22:42:20,642 INFO CMD: sudo renice 15 -p 114662
2026-03-10 22:42:21,659 INFO CMD: sudo renice -15 -p 114663
2026-03-10 22:42:21,676 INFO CMD: sudo renice 15 -p 114662
2026-03-10 22:42:22,694 INFO CMD: sudo renice -15 -p 114663
2026-03-10 22:42:22,713 INFO CMD: sudo renice 15 -p 114662
2026-03-10 22:42:23,732 INFO CMD: sudo renice -15 -p 114663
2026-03-10 22:42:23,751 INFO CMD: sudo renice 15 -p 114662
2026-03-10 22:42:24,771 INFO CMD: sudo renice -15 -p 114663
2026-03-10 22:42:24,792 INFO CMD: sudo renice 15 -p 114662
2026-03-10 22:42:25,810 INFO CMD: sudo renice -15 -p 114663
2026-03-10 22:42:25,831 INFO CMD: sudo renice 15 -p 114662
2026-03-10 22:42:26,849 INFO CMD: sudo renice -15 -p 114663
2026-03-10 22:42:26,868 INFO CMD: sudo renice 15 -p 114662
2026-03-10 22:42:27,886 INFO CMD: sudo renice -15 -p 114663
2026-03-10 22:42:27,907 INFO CMD: sudo renice 15 -p 114662
2026-03-10 22:42:28,926 INFO CMD: sudo renice -15 -p 114663
2026-03-10 22:42:28,946 INFO CMD: sudo renice 15 -p 114662
2026-03-10 22:42:29,964 INFO CMD: sudo renice -15 -p 114663
2026-03-10 22:42:29,984 INFO CMD: sudo renice 15 -p 114662
2026-03-10 22:42:31,001 INFO CMD: sudo renice -15 -p 114663
2026-03-10 22:42:31,020 INFO CMD: sudo renice 15 -p 114662
2026-03-10 22:42:32,038 INFO CMD: sudo renice -15 -p 114663
2026-03-10 22:42:32,058 INFO CMD: sudo renice 15 -p 114662
2026-03-10 22:42:33,077 INFO CMD: sudo renice -15 -p 114663
2026-03-10 22:42:33,097 INFO CMD: sudo renice 15 -p 114662
2026-03-10 22:42:34,114 INFO CMD: sudo renice -15 -p 114663
2026-03-10 22:42:34,136 INFO CMD: sudo renice 15 -p 114662
2026-03-10 22:42:35,154 INFO CMD: sudo renice -15 -p 114663
2026-03-10 22:42:35,174 INFO CMD: sudo renice 15 -p 114662
2026-03-10 22:42:36,191 INFO CMD: sudo renice -15 -p 114663
2026-03-10 22:42:36,210 INFO CMD: sudo renice 15 -p 114662
2026-03-10 22:42:37,229 INFO CMD: sudo renice -15 -p 114663
2026-03-10 22:42:37,250 INFO CMD: sudo renice 15 -p 114662
2026-03-10 22:42:38,269 INFO CMD: sudo renice -15 -p 114663
2026-03-10 22:42:38,288 INFO CMD: sudo renice 15 -p 114662
2026-03-10 22:42:39,306 INFO CMD: sudo renice -15 -p 114663
2026-03-10 22:42:39,326 INFO CMD: sudo renice 15 -p 114662
2026-03-10 22:42:40,345 INFO CMD: sudo renice -15 -p 114663
2026-03-10 22:42:40,364 INFO CMD: sudo renice 15 -p 114662
2026-03-10 22:42:41,381 INFO CMD: sudo renice -15 -p 114663
2026-03-10 22:42:41,400 INFO CMD: sudo renice 15 -p 114662
2026-03-10 22:42:42,415 INFO CMD: sudo renice -15 -p 114663
2026-03-10 22:42:42,434 INFO CMD: sudo renice 15 -p 114662
2026-03-10 22:42:43,453 INFO CMD: sudo renice -15 -p 114663
2026-03-10 22:42:43,474 INFO CMD: sudo renice 15 -p 114662
2026-03-10 22:42:44,492 INFO CMD: sudo renice -15 -p 114663
2026-03-10 22:42:44,511 INFO CMD: sudo renice 15 -p 114662
2026-03-10 22:42:45,529 INFO CMD: sudo renice -15 -p 114663
2026-03-10 22:42:45,551 INFO CMD: sudo renice 15 -p 114662
2026-03-10 22:42:46,569 INFO CMD: sudo renice -15 -p 114663
2026-03-10 22:42:46,588 INFO CMD: sudo renice 15 -p 114662
2026-03-10 22:42:47,605 INFO CMD: sudo renice -15 -p 114663
2026-03-10 22:42:47,624 INFO CMD: sudo renice 15 -p 114662
2026-03-10 22:42:48,643 INFO CMD: sudo renice -15 -p 114663
2026-03-10 22:42:48,663 INFO CMD: sudo renice 15 -p 114662
2026-03-10 22:42:49,681 INFO CMD: sudo renice -15 -p 114663
2026-03-10 22:42:49,701 INFO CMD: sudo renice 15 -p 114662
2026-03-10 22:42:50,721 INFO CMD: sudo renice -15 -p 114663
2026-03-10 22:42:50,740 INFO CMD: sudo renice 15 -p 114662
2026-03-10 22:42:51,757 INFO CMD: sudo renice -15 -p 114663
2026-03-10 22:42:51,777 INFO CMD: sudo renice 15 -p 114662
2026-03-10 22:42:52,797 INFO CMD: sudo renice -15 -p 114663
2026-03-10 22:42:52,817 INFO CMD: sudo renice 15 -p 114662
2026-03-10 22:42:53,836 INFO CMD: sudo renice -15 -p 114663
2026-03-10 22:42:53,855 INFO CMD: sudo renice 15 -p 114662
2026-03-10 22:42:54,873 INFO CMD: sudo renice -15 -p 114663
2026-03-10 22:42:54,894 INFO CMD: sudo renice 15 -p 114662
2026-03-10 22:42:55,912 INFO CMD: sudo renice -15 -p 114663
2026-03-10 22:42:55,931 INFO CMD: sudo renice 15 -p 114662
2026-03-10 22:42:56,949 INFO CMD: sudo renice -15 -p 114663
2026-03-10 22:42:56,969 INFO CMD: sudo renice 15 -p 114662
2026-03-10 22:42:57,988 INFO CMD: sudo renice -15 -p 114663
2026-03-10 22:42:58,008 INFO CMD: sudo renice 15 -p 114662
2026-03-10 22:42:59,026 INFO CMD: sudo renice -15 -p 114663
2026-03-10 22:42:59,045 INFO CMD: sudo renice 15 -p 114662
2026-03-10 22:43:00,062 INFO CMD: sudo renice -15 -p 114663
2026-03-10 22:43:00,079 INFO CMD: sudo renice 15 -p 114662
2026-03-10 22:43:01,094 INFO CMD: sudo renice -15 -p 114663
2026-03-10 22:43:01,114 INFO CMD: sudo renice 15 -p 114662
2026-03-10 22:43:02,132 INFO CMD: sudo renice 15 -p 114663
2026-03-10 22:43:02,152 INFO CMD: sudo renice -15 -p 114662
2026-03-10 22:43:03,170 INFO CMD: sudo renice 15 -p 114663
2026-03-10 22:43:03,190 INFO CMD: sudo renice -15 -p 114662
2026-03-10 22:43:04,209 INFO CMD: sudo renice 15 -p 114663
2026-03-10 22:43:04,229 INFO CMD: sudo renice -15 -p 114662
2026-03-10 22:43:05,246 INFO CMD: sudo renice 15 -p 114663
2026-03-10 22:43:05,266 INFO CMD: sudo renice -15 -p 114662
2026-03-10 22:43:06,283 INFO CMD: sudo renice 15 -p 114663
2026-03-10 22:43:06,301 INFO CMD: sudo renice -15 -p 114662
2026-03-10 22:43:07,318 INFO CMD: sudo renice 15 -p 114663
2026-03-10 22:43:07,338 INFO CMD: sudo renice -15 -p 114662
2026-03-10 22:43:08,356 INFO CMD: sudo renice 15 -p 114663
2026-03-10 22:43:08,376 INFO CMD: sudo renice -15 -p 114662
2026-03-10 22:43:09,393 INFO CMD: sudo renice 15 -p 114663
2026-03-10 22:43:09,413 INFO CMD: sudo renice -15 -p 114662
2026-03-10 22:43:10,433 INFO CMD: sudo renice 15 -p 114663
2026-03-10 22:43:10,452 INFO CMD: sudo renice -15 -p 114662
2026-03-10 22:43:11,470 INFO CMD: sudo renice 15 -p 114663
2026-03-10 22:43:11,488 INFO CMD: sudo renice -15 -p 114662
2026-03-10 22:43:12,505 INFO CMD: sudo renice 15 -p 114663
2026-03-10 22:43:12,523 INFO CMD: sudo renice -15 -p 114662
2026-03-10 22:43:13,542 INFO CMD: sudo renice 15 -p 114663
2026-03-10 22:43:13,560 INFO CMD: sudo renice -15 -p 114662
2026-03-10 22:43:14,577 INFO CMD: sudo renice 15 -p 114663
2026-03-10 22:43:14,595 INFO CMD: sudo renice -15 -p 114662
2026-03-10 22:43:15,614 INFO CMD: sudo renice 15 -p 114663
2026-03-10 22:43:15,634 INFO CMD: sudo renice -15 -p 114662
2026-03-10 22:43:16,653 INFO CMD: sudo renice 15 -p 114663
2026-03-10 22:43:16,672 INFO CMD: sudo renice -15 -p 114662
2026-03-10 22:43:17,688 INFO CMD: sudo renice 15 -p 114663
2026-03-10 22:43:17,707 INFO CMD: sudo renice -15 -p 114662
2026-03-10 22:43:18,726 INFO CMD: sudo renice 15 -p 114663
2026-03-10 22:43:18,744 INFO CMD: sudo renice -15 -p 114662
2026-03-10 22:43:19,762 INFO CMD: sudo renice 15 -p 114663
2026-03-10 22:43:19,781 INFO CMD: sudo renice -15 -p 114662
2026-03-10 22:43:20,797 INFO CMD: sudo renice 15 -p 114663
2026-03-10 22:43:20,818 INFO CMD: sudo renice -15 -p 114662
2026-03-10 22:43:21,836 INFO CMD: sudo renice 15 -p 114663
2026-03-10 22:43:21,857 INFO CMD: sudo renice -15 -p 114662
2026-03-10 22:43:22,876 INFO CMD: sudo renice 15 -p 114663
2026-03-10 22:43:22,896 INFO CMD: sudo renice -15 -p 114662
2026-03-10 22:43:23,915 INFO CMD: sudo renice 15 -p 114663
2026-03-10 22:43:23,934 INFO CMD: sudo renice -15 -p 114662
2026-03-10 22:43:24,953 INFO CMD: sudo renice 15 -p 114663
2026-03-10 22:43:24,972 INFO CMD: sudo renice -15 -p 114662
2026-03-10 22:43:25,990 INFO CMD: sudo renice 15 -p 114663
2026-03-10 22:43:26,010 INFO CMD: sudo renice -15 -p 114662
2026-03-10 22:43:27,028 INFO CMD: sudo renice 15 -p 114663
2026-03-10 22:43:27,048 INFO CMD: sudo renice -15 -p 114662
2026-03-10 22:43:28,067 INFO CMD: sudo renice 15 -p 114663
2026-03-10 22:43:28,087 INFO CMD: sudo renice -15 -p 114662
2026-03-10 22:43:29,107 INFO CMD: sudo renice 15 -p 114663
2026-03-10 22:43:29,127 INFO CMD: sudo renice -15 -p 114662
2026-03-10 22:43:30,148 INFO CMD: sudo renice 15 -p 114663
2026-03-10 22:43:30,168 INFO CMD: sudo renice -15 -p 114662
2026-03-10 22:43:31,186 INFO CMD: sudo renice 15 -p 114663
2026-03-10 22:43:31,205 INFO CMD: sudo renice -15 -p 114662
2026-03-10 22:43:32,225 INFO CMD: sudo renice 15 -p 114663
2026-03-10 22:43:32,244 INFO CMD: sudo renice -15 -p 114662
2026-03-10 22:43:33,261 INFO CMD: sudo renice 15 -p 114663
2026-03-10 22:43:33,281 INFO CMD: sudo renice -15 -p 114662
2026-03-10 22:43:34,300 INFO CMD: sudo renice 15 -p 114663
2026-03-10 22:43:34,320 INFO CMD: sudo renice -15 -p 114662
2026-03-10 22:43:35,339 INFO CMD: sudo renice 15 -p 114663
2026-03-10 22:43:35,359 INFO CMD: sudo renice -15 -p 114662
2026-03-10 22:43:36,378 INFO CMD: sudo renice 15 -p 114663
2026-03-10 22:43:36,396 INFO CMD: sudo renice -15 -p 114662
2026-03-10 22:43:37,414 INFO CMD: sudo renice 15 -p 114663
2026-03-10 22:43:37,433 INFO CMD: sudo renice -15 -p 114662
2026-03-10 22:43:38,450 INFO CMD: sudo renice 15 -p 114663
2026-03-10 22:43:38,470 INFO CMD: sudo renice -15 -p 114662
2026-03-10 22:43:39,489 INFO CMD: sudo renice 15 -p 114663
2026-03-10 22:43:39,509 INFO CMD: sudo renice -15 -p 114662
2026-03-10 22:43:40,528 INFO CMD: sudo renice 15 -p 114663
2026-03-10 22:43:40,548 INFO CMD: sudo renice -15 -p 114662
2026-03-10 22:43:41,565 INFO CMD: sudo renice 15 -p 114663
2026-03-10 22:43:41,585 INFO CMD: sudo renice -15 -p 114662
2026-03-10 22:43:42,603 INFO CMD: sudo renice 15 -p 114663
2026-03-10 22:43:42,623 INFO CMD: sudo renice -15 -p 114662
2026-03-10 22:43:43,641 INFO CMD: sudo renice 15 -p 114663
2026-03-10 22:43:43,660 INFO CMD: sudo renice -15 -p 114662
2026-03-10 22:43:44,679 INFO CMD: sudo renice 15 -p 114663
2026-03-10 22:43:44,699 INFO CMD: sudo renice -15 -p 114662
2026-03-10 22:43:45,717 INFO CMD: sudo renice 15 -p 114663
2026-03-10 22:43:45,735 INFO CMD: sudo renice -15 -p 114662
2026-03-10 22:43:46,753 INFO CMD: sudo renice 15 -p 114663
2026-03-10 22:43:46,772 INFO CMD: sudo renice -15 -p 114662
2026-03-10 22:43:47,790 INFO CMD: sudo renice 15 -p 114663
2026-03-10 22:43:47,810 INFO CMD: sudo renice -15 -p 114662
2026-03-10 22:43:48,830 INFO CMD: sudo renice 15 -p 114663
2026-03-10 22:43:48,851 INFO CMD: sudo renice -15 -p 114662
2026-03-10 22:43:49,869 INFO CMD: sudo renice 15 -p 114663
2026-03-10 22:43:49,889 INFO CMD: sudo renice -15 -p 114662
2026-03-10 22:43:50,908 INFO CMD: sudo renice 15 -p 114663
2026-03-10 22:43:50,926 INFO CMD: sudo renice -15 -p 114662
2026-03-10 22:43:51,944 INFO CMD: sudo renice 15 -p 114663
2026-03-10 22:43:51,964 INFO CMD: sudo renice -15 -p 114662
2026-03-10 22:43:52,982 INFO CMD: sudo renice 15 -p 114663
2026-03-10 22:43:53,002 INFO CMD: sudo renice -15 -p 114662
2026-03-10 22:43:54,019 INFO CMD: sudo renice 15 -p 114663
2026-03-10 22:43:54,038 INFO CMD: sudo renice -15 -p 114662
2026-03-10 22:43:55,057 INFO CMD: sudo renice 15 -p 114663
2026-03-10 22:43:55,077 INFO CMD: sudo renice -15 -p 114662
2026-03-10 22:43:56,097 INFO CMD: sudo renice 15 -p 114663
2026-03-10 22:43:56,115 INFO CMD: sudo renice -15 -p 114662
2026-03-10 22:43:57,133 INFO CMD: sudo renice 15 -p 114663
2026-03-10 22:43:57,153 INFO CMD: sudo renice -15 -p 114662
2026-03-10 22:43:58,171 INFO CMD: sudo renice 15 -p 114663
2026-03-10 22:43:58,190 INFO CMD: sudo renice -15 -p 114662
2026-03-10 22:43:59,209 INFO CMD: sudo renice 15 -p 114663
2026-03-10 22:43:59,227 INFO CMD: sudo renice -15 -p 114662
2026-03-10 22:44:00,245 INFO CMD: sudo renice 15 -p 114663
2026-03-10 22:44:00,264 INFO CMD: sudo renice -15 -p 114662
2026-03-10 22:44:01,281 INFO CMD: sudo renice 15 -p 114663
2026-03-10 22:44:01,299 INFO CMD: sudo renice -15 -p 114662
2026-03-10 22:44:02,316 INFO CMD: sudo renice 15 -p 114663
2026-03-10 22:44:02,335 INFO CMD: sudo renice -15 -p 114662
2026-03-10 22:44:03,352 INFO CMD: sudo renice 15 -p 114663
2026-03-10 22:44:03,371 INFO CMD: sudo renice -15 -p 114662
2026-03-10 22:44:04,389 INFO CMD: sudo renice 15 -p 114663
2026-03-10 22:44:04,409 INFO CMD: sudo renice -15 -p 114662
2026-03-10 22:44:05,426 INFO CMD: sudo renice 15 -p 114663
2026-03-10 22:44:05,446 INFO CMD: sudo renice -15 -p 114662
2026-03-10 22:44:06,465 INFO CMD: sudo renice 15 -p 114663
2026-03-10 22:44:06,484 INFO CMD: sudo renice -15 -p 114662
2026-03-10 22:44:07,502 INFO CMD: sudo renice 15 -p 114663
2026-03-10 22:44:07,521 INFO CMD: sudo renice -15 -p 114662
2026-03-10 22:44:08,540 INFO CMD: sudo renice 15 -p 114663
2026-03-10 22:44:08,559 INFO CMD: sudo renice -15 -p 114662
2026-03-10 22:44:09,578 INFO Process reader_alpha: throughput=2039.99
2026-03-10 22:44:09,578 INFO Process reader_beta: throughput=251.02
2026-03-10 22:44:09,578 INFO File workload combined throughput: 2291.01 ops/sec
2026-03-10 22:44:09,584 INFO Trace file_niceness: throughput=2291.01 ops/sec
2026-03-10 22:44:09,592 INFO === Evaluation complete ===
2026-03-10 22:44:09,592 INFO Combined score (harmonic mean): 2480.18  (2/2 traces passed)
2026-03-10 22:44:09,592 INFO   file_priority: 2703.39 ops/sec
2026-03-10 22:44:09,592 INFO   file_niceness: 2291.01 ops/sec
2026-03-10 22:44:09,592 INFO Unloading BPF policy (PID 114293)
2026-03-10 22:44:09,592 INFO CMD: sudo kill -2 114293
2026-03-10 22:44:09,931 INFO CMD: sudo rm -f /sys/fs/bpf/cache_ext/scan_pids
2026-03-10 22:44:09,965 INFO CMD: sudo cgdelete memory:cache_ext_test
2026-03-10 22:44:09,992 INFO CMD: sudo sh -c echo 0x0007 > /sys/kernel/mm/lru_gen/enabled
2026-03-10 22:44:10,114 INFO MGLRU re-enabled (restored to 0x0007).
