--- wan_reader ---
ZipfianWorkload: start initializing zipfian variables, might take a while
Zipfian (Warm-Up) (epoch 0, progress 0.00%): UPDATE throughput 0.00 ops/sec, INSERT throughput 0.00 ops/sec, READ throughput 0.00 ops/sec, SCAN throughput 0.00 ops/sec, READ_MODIFY_WRITE throughput 0.00 ops/sec, total throughput 0.00 ops/sec
Zipfian (Warm-Up) (epoch 1, progress 0.00%): UPDATE throughput 9.00 ops/sec, INSERT throughput 0.00 ops/sec, READ throughput 222.98 ops/sec, SCAN throughput 0.00 ops/sec, READ_MODIFY_WRITE throughput 0.00 ops/sec, total throughput 231.97 ops/sec
Zipfian (Warm-Up) (epoch 2, progress 0.00%): UPDATE throughput 4.00 ops/sec, INSERT throughput 0.00 ops/sec, READ throughput 220.97 ops/sec, SCAN throughput 0.00 ops/sec, READ_MODIFY_WRITE throughput 0.00 ops/sec, total throughput 224.97 ops/sec
Zipfian (Warm-Up) (epoch 3, progress 0.00%): UPDATE throughput 16.00 ops/sec, INSERT throughput 0.00 ops/sec, READ throughput 250.96 ops/sec, SCAN throughput 0.00 ops/sec, READ_MODIFY_WRITE throughput 0.00 ops/sec, total throughput 266.96 ops/sec
Zipfian (Warm-Up) (epoch 4, progress 0.00%): UPDATE throughput 16.00 ops/sec, INSERT throughput 0.00 ops/sec, READ throughput 246.96 ops/sec, SCAN throughput 0.00 ops/sec, READ_MODIFY_WRITE throughput 0.00 ops/sec, total throughput 262.96 ops/sec
Zipfian (Warm-Up) (epoch 5, progress 0.00%): UPDATE throughput 14.00 ops/sec, INSERT throughput 0.00 ops/sec, READ throughput 317.95 ops/sec, SCAN throughput 0.00 ops/sec, READ_MODIFY_WRITE throughput 0.00 ops/sec, total throughput 331.95 ops/sec
Zipfian (Warm-Up) (epoch 6, progress 0.00%): UPDATE throughput 11.00 ops/sec, INSERT throughput 0.00 ops/sec, READ throughput 263.96 ops/sec, SCAN throughput 0.00 ops/sec, READ_MODIFY_WRITE throughput 0.00 ops/sec, total throughput 274.96 ops/sec
Zipfian (Warm-Up) (epoch 7, progress 0.00%): UPDATE throughput 17.00 ops/sec, INSERT throughput 0.00 ops/sec, READ throughput 294.96 ops/sec, SCAN throughput 0.00 ops/sec, READ_MODIFY_WRITE throughput 0.00 ops/sec, total throughput 311.96 ops/sec
Zipfian (Warm-Up) (epoch 8, progress 0.01%): UPDATE throughput 13.00 ops/sec, INSERT throughput 0.00 ops/sec, READ throughput 341.95 ops/sec, SCAN throughput 0.00 ops/sec, READ_MODIFY_WRITE throughput 0.00 ops/sec, total throughput 354.95 ops/sec
Zipfian (Warm-Up) (epoch 9, progress 0.01%): UPDATE throughput 10.00 ops/sec, INSERT throughput 0.00 ops/sec, READ throughput 315.96 ops/sec, SCAN throughput 0.00 ops/sec, READ_MODIFY_WRITE throughput 0.00 ops/sec, total throughput 325.95 ops/sec
Zipfian (Warm-Up) (epoch 10, progress 0.01%): UPDATE throughput 17.00 ops/sec, INSERT throughput 0.00 ops/sec, READ throughput 351.95 ops/sec, SCAN throughput 0.00 ops/sec, READ_MODIFY_WRITE throughput 0.00 ops/sec, total throughput 368.95 ops/sec
Zipfian (Warm-Up) (epoch 11, progress 0.01%): UPDATE throughput 14.00 ops/sec, INSERT throughput 0.00 ops/sec, READ throughput 307.95 ops/sec, SCAN throughput 0.00 ops/sec, READ_MODIFY_WRITE throughput 0.00 ops/sec, total throughput 321.95 ops/sec
Zipfian (Warm-Up) (epoch 12, progress 0.01%): UPDATE throughput 22.00 ops/sec, INSERT throughput 0.00 ops/sec, READ throughput 400.94 ops/sec, SCAN throughput 0.00 ops/sec, READ_MODIFY_WRITE throughput 0.00 ops/sec, total throughput 422.94 ops/sec
Zipfian (Warm-Up) (epoch 13, progress 0.01%): UPDATE throughput 24.00 ops/sec, INSERT throughput 0.00 ops/sec, READ throughput 341.95 ops/sec, SCAN throughput 0.00 ops/sec, READ_MODIFY_WRITE throughput 0.00 ops/sec, total throughput 365.95 ops/sec
Zipfian (Warm-Up) (epoch 14, progress 0.01%): UPDATE throughput 18.00 ops/sec, INSERT throughput 0.00 ops/sec, READ throughput 364.95 ops/sec, SCAN throughput 0.00 ops/sec, READ_MODIFY_WRITE throughput 0.00 ops/sec, total throughput 382.95 ops/sec
Zipfian (Warm-Up) (epoch 15, progress 0.01%): UPDATE throughput 19.00 ops/sec, INSERT throughput 0.00 ops/sec, READ throughput 392.95 ops/sec, SCAN throughput 0.00 ops/sec, READ_MODIFY_WRITE throughput 0.00 ops/sec, total throughput 411.94 ops/sec
Zipfian (Warm-Up) (epoch 16, progress 0.01%): UPDATE throughput 15.00 ops/sec, INSERT throughput 0.00 ops/sec, READ throughput 338.95 ops/sec, SCAN throughput 0.00 ops/sec, READ_MODIFY_WRITE throughput 0.00 ops/sec, total throughput 353.95 ops/sec
Zipfian (Warm-Up) (epoch 17, progress 0.01%): UPDATE throughput 16.00 ops/sec, INSERT throughput 0.00 ops/sec, READ throughput 457.94 ops/sec, SCAN throughput 0.00 ops/sec, READ_MODIFY_WRITE throughput 0.00 ops/sec, total throughput 473.93 ops/sec
Zipfian (Warm-Up) (epoch 18, progress 0.02%): UPDATE throughput 17.00 ops/sec, INSERT throughput 0.00 ops/sec, READ throughput 391.95 ops/sec, SCAN throughput 0.00 ops/sec, READ_MODIFY_WRITE throughput 0.00 ops/sec, total throughput 408.94 ops/sec
Zipfian (Warm-Up) (epoch 19, progress 0.02%): UPDATE throughput 21.00 ops/sec, INSERT throughput 0.00 ops/sec, READ throughput 389.95 ops/sec, SCAN throughput 0.00 ops/sec, READ_MODIFY_WRITE throughput 0.00 ops/sec, total throughput 410.94 ops/sec
Zipfian (Warm-Up) (epoch 20, progress 0.02%): UPDATE throughput 20.00 ops/sec, INSERT throughput 0.00 ops/sec, READ throughput 433.94 ops/sec, SCAN throughput 0.00 ops/sec, READ_MODIFY_WRITE throughput 0.00 ops/sec, total throughput 453.94 ops/sec
Zipfian (Warm-Up) (epoch 21, progress 0.02%): UPDATE throughput 32.00 ops/sec, INSERT throughput 0.00 ops/sec, READ throughput 427.94 ops/sec, SCAN throughput 0.00 ops/sec, READ_MODIFY_WRITE throughput 0.00 ops/sec, total throughput 459.94 ops/sec
Zipfian (Warm-Up) (epoch 22, progress 0.02%): UPDATE throughput 22.00 ops/sec, INSERT throughput 0.00 ops/sec, READ throughput 489.93 ops/sec, SCAN throughput 0.00 ops/sec, READ_MODIFY_WRITE throughput 0.00 ops/sec, total throughput 511.93 ops/sec
Zipfian (Warm-Up) (epoch 23, progress 0.02%): UPDATE throughput 21.00 ops/sec, INSERT throughput 0.00 ops/sec, READ throughput 519.92 ops/sec, SCAN throughput 0.00 ops/sec, READ_MODIFY_WRITE throughput 0.00 ops/sec, total throughput 540.91 ops/sec
Zipfian (Warm-Up) (epoch 24, progress 0.02%): UPDATE throughput 21.00 ops/sec, INSERT throughput 0.00 ops/sec, READ throughput 463.93 ops/sec, SCAN throughput 0.00 ops/sec, READ_MODIFY_WRITE throughput 0.00 ops/sec, total throughput 484.93 ops/sec
Zipfian (Warm-Up) (epoch 25, progress 0.02%): UPDATE throughput 34.00 ops/sec, INSERT throughput 0.00 ops/sec, READ throughput 582.92 ops/sec, SCAN throughput 0.00 ops/sec, READ_MODIFY_WRITE throughput 0.00 ops/sec, total throughput 616.91 ops/sec
Zipfian (Warm-Up) (epoch 26, progress 0.03%): UPDATE throughput 23.00 ops/sec, INSERT throughput 0.00 ops/sec, READ throughput 463.93 ops/sec, SCAN throughput 0.00 ops/sec, READ_MODIFY_WRITE throughput 0.00 ops/sec, total throughput 486.93 ops/sec
Zipfian (Warm-Up) (epoch 27, progress 0.03%): UPDATE throughput 39.99 ops/sec, INSERT throughput 0.00 ops/sec, READ throughput 585.92 ops/sec, SCAN throughput 0.00 ops/sec, READ_MODIFY_WRITE throughput 0.00 ops/sec, total throughput 625.91 ops/sec
Zipfian (Warm-Up) (epoch 28, progress 0.03%): UPDATE throughput 23.00 ops/sec, INSERT throughput 0.00 ops/sec, READ throughput 462.94 ops/sec, SCAN throughput 0.00 ops/sec, READ_MODIFY_WRITE throughput 0.00 ops/sec, total throughput 485.93 ops/sec
Zipfian (Warm-Up) (epoch 29, progress 0.03%): UPDATE throughput 37.99 ops/sec, INSERT throughput 0.00 ops/sec, READ throughput 626.91 ops/sec, SCAN throughput 0.00 ops/sec, READ_MODIFY_WRITE throughput 0.00 ops/sec, total throughput 664.90 ops/sec
Zipfian (Warm-Up) (epoch 30, progress 0.03%): UPDATE throughput 26.00 ops/sec, INSERT throughput 0.00 ops/sec, READ throughput 607.92 ops/sec, SCAN throughput 0.00 ops/sec, READ_MODIFY_WRITE throughput 0.00 ops/sec, total throughput 633.91 ops/sec
time's up!
Zipfian (Warm-Up): calculating overall performance metrics... (might take a while)
Zipfian (Warm-Up) overall: UPDATE throughput 19.76 ops/sec, INSERT throughput 0.00 ops/sec, READ throughput 396.04 ops/sec, SCAN throughput 0.00 ops/sec, READ_MODIFY_WRITE throughput 0.00 ops/sec, total throughput 415.80 ops/sec
Zipfian (Warm-Up) overall: UPDATE average latency 166199.60 ns, UPDATE p99 latency 321603.13 ns, INSERT average latency 0.00 ns, INSERT p99 latency 0.00 ns, READ average latency 10079975.10 ns, READ p99 latency 82910691.46 ns, SCAN average latency 0.00 ns, SCAN p99 latency 0.00 ns, READ_MODIFY_WRITE average latency 0.00 ns, READ_MODIFY_WRITE p99 latency 0.00 ns
ZipfianWorkload: start initializing zipfian variables, might take a while
Zipfian (epoch 0, progress 0.00%): UPDATE throughput 0.00 ops/sec, INSERT throughput 0.00 ops/sec, READ throughput 0.00 ops/sec, SCAN throughput 0.00 ops/sec, READ_MODIFY_WRITE throughput 0.00 ops/sec, total throughput 0.00 ops/sec
Zipfian (epoch 1, progress 0.03%): UPDATE throughput 619.91 ops/sec, INSERT throughput 0.00 ops/sec, READ throughput 12424.19 ops/sec, SCAN throughput 0.00 ops/sec, READ_MODIFY_WRITE throughput 0.00 ops/sec, total throughput 13044.10 ops/sec
Zipfian (epoch 2, progress 0.03%): UPDATE throughput 44.99 ops/sec, INSERT throughput 0.00 ops/sec, READ throughput 846.88 ops/sec, SCAN throughput 0.00 ops/sec, READ_MODIFY_WRITE throughput 0.00 ops/sec, total throughput 891.87 ops/sec
Zipfian (epoch 3, progress 0.04%): UPDATE throughput 40.99 ops/sec, INSERT throughput 0.00 ops/sec, READ throughput 659.91 ops/sec, SCAN throughput 0.00 ops/sec, READ_MODIFY_WRITE throughput 0.00 ops/sec, total throughput 700.91 ops/sec
Zipfian (epoch 4, progress 0.04%): UPDATE throughput 46.99 ops/sec, INSERT throughput 0.00 ops/sec, READ throughput 826.89 ops/sec, SCAN throughput 0.00 ops/sec, READ_MODIFY_WRITE throughput 0.00 ops/sec, total throughput 873.88 ops/sec
Zipfian (epoch 5, progress 0.04%): UPDATE throughput 48.99 ops/sec, INSERT throughput 0.00 ops/sec, READ throughput 906.88 ops/sec, SCAN throughput 0.00 ops/sec, READ_MODIFY_WRITE throughput 0.00 ops/sec, total throughput 955.87 ops/sec
Zipfian (epoch 6, progress 0.04%): UPDATE throughput 44.99 ops/sec, INSERT throughput 0.00 ops/sec, READ throughput 818.89 ops/sec, SCAN throughput 0.00 ops/sec, READ_MODIFY_WRITE throughput 0.00 ops/sec, total throughput 863.89 ops/sec
Zipfian (epoch 7, progress 0.05%): UPDATE throughput 47.99 ops/sec, INSERT throughput 0.00 ops/sec, READ throughput 873.89 ops/sec, SCAN throughput 0.00 ops/sec, READ_MODIFY_WRITE throughput 0.00 ops/sec, total throughput 921.88 ops/sec
Zipfian (epoch 8, progress 0.05%): UPDATE throughput 47.00 ops/sec, INSERT throughput 0.00 ops/sec, READ throughput 979.91 ops/sec, SCAN throughput 0.00 ops/sec, READ_MODIFY_WRITE throughput 0.00 ops/sec, total throughput 1026.90 ops/sec
Zipfian (epoch 9, progress 0.05%): UPDATE throughput 42.99 ops/sec, INSERT throughput 0.00 ops/sec, READ throughput 881.88 ops/sec, SCAN throughput 0.00 ops/sec, READ_MODIFY_WRITE throughput 0.00 ops/sec, total throughput 924.87 ops/sec
Zipfian (epoch 10, progress 0.05%): UPDATE throughput 52.99 ops/sec, INSERT throughput 0.00 ops/sec, READ throughput 870.87 ops/sec, SCAN throughput 0.00 ops/sec, READ_MODIFY_WRITE throughput 0.00 ops/sec, total throughput 923.86 ops/sec
Zipfian (epoch 11, progress 0.06%): UPDATE throughput 58.99 ops/sec, INSERT throughput 0.00 ops/sec, READ throughput 1131.85 ops/sec, SCAN throughput 0.00 ops/sec, READ_MODIFY_WRITE throughput 0.00 ops/sec, total throughput 1190.84 ops/sec
Zipfian (epoch 12, progress 0.06%): UPDATE throughput 46.99 ops/sec, INSERT throughput 0.00 ops/sec, READ throughput 932.87 ops/sec, SCAN throughput 0.00 ops/sec, READ_MODIFY_WRITE throughput 0.00 ops/sec, total throughput 979.87 ops/sec
Zipfian (epoch 13, progress 0.06%): UPDATE throughput 70.99 ops/sec, INSERT throughput 0.00 ops/sec, READ throughput 1258.83 ops/sec, SCAN throughput 0.00 ops/sec, READ_MODIFY_WRITE throughput 0.00 ops/sec, total throughput 1329.82 ops/sec
Zipfian (epoch 14, progress 0.06%): UPDATE throughput 62.99 ops/sec, INSERT throughput 0.00 ops/sec, READ throughput 1115.85 ops/sec, SCAN throughput 0.00 ops/sec, READ_MODIFY_WRITE throughput 0.00 ops/sec, total throughput 1178.84 ops/sec
Zipfian (epoch 15, progress 0.07%): UPDATE throughput 69.99 ops/sec, INSERT throughput 0.00 ops/sec, READ throughput 1090.85 ops/sec, SCAN throughput 0.00 ops/sec, READ_MODIFY_WRITE throughput 0.00 ops/sec, total throughput 1160.84 ops/sec
Zipfian (epoch 16, progress 0.07%): UPDATE throughput 58.99 ops/sec, INSERT throughput 0.00 ops/sec, READ throughput 1142.85 ops/sec, SCAN throughput 0.00 ops/sec, READ_MODIFY_WRITE throughput 0.00 ops/sec, total throughput 1201.84 ops/sec
Zipfian (epoch 17, progress 0.07%): UPDATE throughput 67.99 ops/sec, INSERT throughput 0.00 ops/sec, READ throughput 1068.85 ops/sec, SCAN throughput 0.00 ops/sec, READ_MODIFY_WRITE throughput 0.00 ops/sec, total throughput 1136.84 ops/sec
Zipfian (epoch 18, progress 0.08%): UPDATE throughput 62.99 ops/sec, INSERT throughput 0.00 ops/sec, READ throughput 1156.85 ops/sec, SCAN throughput 0.00 ops/sec, READ_MODIFY_WRITE throughput 0.00 ops/sec, total throughput 1219.84 ops/sec
Zipfian (epoch 19, progress 0.08%): UPDATE throughput 43.99 ops/sec, INSERT throughput 0.00 ops/sec, READ throughput 885.88 ops/sec, SCAN throughput 0.00 ops/sec, READ_MODIFY_WRITE throughput 0.00 ops/sec, total throughput 929.88 ops/sec
Zipfian (epoch 20, progress 0.08%): UPDATE throughput 37.99 ops/sec, INSERT throughput 0.00 ops/sec, READ throughput 813.89 ops/sec, SCAN throughput 0.00 ops/sec, READ_MODIFY_WRITE throughput 0.00 ops/sec, total throughput 851.88 ops/sec
Zipfian (epoch 21, progress 0.08%): UPDATE throughput 47.99 ops/sec, INSERT throughput 0.00 ops/sec, READ throughput 915.88 ops/sec, SCAN throughput 0.00 ops/sec, READ_MODIFY_WRITE throughput 0.00 ops/sec, total throughput 963.87 ops/sec
Zipfian (epoch 22, progress 0.09%): UPDATE throughput 58.99 ops/sec, INSERT throughput 0.00 ops/sec, READ throughput 1082.90 ops/sec, SCAN throughput 0.00 ops/sec, READ_MODIFY_WRITE throughput 0.00 ops/sec, total throughput 1141.89 ops/sec
Zipfian (epoch 23, progress 0.09%): UPDATE throughput 54.99 ops/sec, INSERT throughput 0.00 ops/sec, READ throughput 1044.86 ops/sec, SCAN throughput 0.00 ops/sec, READ_MODIFY_WRITE throughput 0.00 ops/sec, total throughput 1099.86 ops/sec
Zipfian (epoch 24, progress 0.09%): UPDATE throughput 55.99 ops/sec, INSERT throughput 0.00 ops/sec, READ throughput 1004.87 ops/sec, SCAN throughput 0.00 ops/sec, READ_MODIFY_WRITE throughput 0.00 ops/sec, total throughput 1060.86 ops/sec
Zipfian (epoch 25, progress 0.09%): UPDATE throughput 52.99 ops/sec, INSERT throughput 0.00 ops/sec, READ throughput 1058.86 ops/sec, SCAN throughput 0.00 ops/sec, READ_MODIFY_WRITE throughput 0.00 ops/sec, total throughput 1111.86 ops/sec
Zipfian (epoch 26, progress 0.10%): UPDATE throughput 41.99 ops/sec, INSERT throughput 0.00 ops/sec, READ throughput 979.87 ops/sec, SCAN throughput 0.00 ops/sec, READ_MODIFY_WRITE throughput 0.00 ops/sec, total throughput 1021.87 ops/sec
Zipfian (epoch 27, progress 0.10%): UPDATE throughput 54.99 ops/sec, INSERT throughput 0.00 ops/sec, READ throughput 1082.85 ops/sec, SCAN throughput 0.00 ops/sec, READ_MODIFY_WRITE throughput 0.00 ops/sec, total throughput 1137.84 ops/sec
Zipfian (epoch 28, progress 0.10%): UPDATE throughput 49.99 ops/sec, INSERT throughput 0.00 ops/sec, READ throughput 1034.86 ops/sec, SCAN throughput 0.00 ops/sec, READ_MODIFY_WRITE throughput 0.00 ops/sec, total throughput 1084.85 ops/sec
Zipfian (epoch 29, progress 0.10%): UPDATE throughput 44.99 ops/sec, INSERT throughput 0.00 ops/sec, READ throughput 930.87 ops/sec, SCAN throughput 0.00 ops/sec, READ_MODIFY_WRITE throughput 0.00 ops/sec, total throughput 975.87 ops/sec
Zipfian (epoch 30, progress 0.11%): UPDATE throughput 59.99 ops/sec, INSERT throughput 0.00 ops/sec, READ throughput 1055.86 ops/sec, SCAN throughput 0.00 ops/sec, READ_MODIFY_WRITE throughput 0.00 ops/sec, total throughput 1115.85 ops/sec
Zipfian (epoch 31, progress 0.11%): UPDATE throughput 49.99 ops/sec, INSERT throughput 0.00 ops/sec, READ throughput 1078.86 ops/sec, SCAN throughput 0.00 ops/sec, READ_MODIFY_WRITE throughput 0.00 ops/sec, total throughput 1128.85 ops/sec
Zipfian (epoch 32, progress 0.11%): UPDATE throughput 43.99 ops/sec, INSERT throughput 0.00 ops/sec, READ throughput 951.87 ops/sec, SCAN throughput 0.00 ops/sec, READ_MODIFY_WRITE throughput 0.00 ops/sec, total throughput 995.87 ops/sec
Zipfian (epoch 33, progress 0.12%): UPDATE throughput 60.99 ops/sec, INSERT throughput 0.00 ops/sec, READ throughput 988.87 ops/sec, SCAN throughput 0.00 ops/sec, READ_MODIFY_WRITE throughput 0.00 ops/sec, total throughput 1049.86 ops/sec
Zipfian (epoch 34, progress 0.12%): UPDATE throughput 52.99 ops/sec, INSERT throughput 0.00 ops/sec, READ throughput 986.87 ops/sec, SCAN throughput 0.00 ops/sec, READ_MODIFY_WRITE throughput 0.00 ops/sec, total throughput 1039.86 ops/sec
Zipfian (epoch 35, progress 0.12%): UPDATE throughput 38.99 ops/sec, INSERT throughput 0.00 ops/sec, READ throughput 927.87 ops/sec, SCAN throughput 0.00 ops/sec, READ_MODIFY_WRITE throughput 0.00 ops/sec, total throughput 966.87 ops/sec
Zipfian (epoch 36, progress 0.12%): UPDATE throughput 66.99 ops/sec, INSERT throughput 0.00 ops/sec, READ throughput 886.89 ops/sec, SCAN throughput 0.00 ops/sec, READ_MODIFY_WRITE throughput 0.00 ops/sec, total throughput 953.88 ops/sec
Zipfian (epoch 37, progress 0.13%): UPDATE throughput 48.99 ops/sec, INSERT throughput 0.00 ops/sec, READ throughput 996.86 ops/sec, SCAN throughput 0.00 ops/sec, READ_MODIFY_WRITE throughput 0.00 ops/sec, total throughput 1045.85 ops/sec
Zipfian (epoch 38, progress 0.13%): UPDATE throughput 50.99 ops/sec, INSERT throughput 0.00 ops/sec, READ throughput 898.88 ops/sec, SCAN throughput 0.00 ops/sec, READ_MODIFY_WRITE throughput 0.00 ops/sec, total throughput 949.88 ops/sec
Zipfian (epoch 39, progress 0.13%): UPDATE throughput 58.99 ops/sec, INSERT throughput 0.00 ops/sec, READ throughput 843.90 ops/sec, SCAN throughput 0.00 ops/sec, READ_MODIFY_WRITE throughput 0.00 ops/sec, total throughput 902.89 ops/sec
Zipfian (epoch 40, progress 0.13%): UPDATE throughput 31.00 ops/sec, INSERT throughput 0.00 ops/sec, READ throughput 830.88 ops/sec, SCAN throughput 0.00 ops/sec, READ_MODIFY_WRITE throughput 0.00 ops/sec, total throughput 861.88 ops/sec
Zipfian (epoch 41, progress 0.13%): UPDATE throughput 12.00 ops/sec, INSERT throughput 0.00 ops/sec, READ throughput 208.98 ops/sec, SCAN throughput 0.00 ops/sec, READ_MODIFY_WRITE throughput 0.00 ops/sec, total throughput 220.98 ops/sec
Zipfian (epoch 42, progress 0.14%): UPDATE throughput 50.00 ops/sec, INSERT throughput 0.00 ops/sec, READ throughput 900.92 ops/sec, SCAN throughput 0.00 ops/sec, READ_MODIFY_WRITE throughput 0.00 ops/sec, total throughput 950.91 ops/sec
Zipfian (epoch 43, progress 0.14%): UPDATE throughput 37.99 ops/sec, INSERT throughput 0.00 ops/sec, READ throughput 844.89 ops/sec, SCAN throughput 0.00 ops/sec, READ_MODIFY_WRITE throughput 0.00 ops/sec, total throughput 882.88 ops/sec
Zipfian (epoch 44, progress 0.14%): UPDATE throughput 46.99 ops/sec, INSERT throughput 0.00 ops/sec, READ throughput 873.88 ops/sec, SCAN throughput 0.00 ops/sec, READ_MODIFY_WRITE throughput 0.00 ops/sec, total throughput 920.87 ops/sec
Zipfian (epoch 45, progress 0.14%): UPDATE throughput 49.99 ops/sec, INSERT throughput 0.00 ops/sec, READ throughput 1048.85 ops/sec, SCAN throughput 0.00 ops/sec, READ_MODIFY_WRITE throughput 0.00 ops/sec, total throughput 1098.85 ops/sec
Zipfian (epoch 46, progress 0.14%): UPDATE throughput 54.99 ops/sec, INSERT throughput 0.00 ops/sec, READ throughput 908.90 ops/sec, SCAN throughput 0.00 ops/sec, READ_MODIFY_WRITE throughput 0.00 ops/sec, total throughput 963.90 ops/sec
Zipfian (epoch 47, progress 0.15%): UPDATE throughput 57.99 ops/sec, INSERT throughput 0.00 ops/sec, READ throughput 1089.84 ops/sec, SCAN throughput 0.00 ops/sec, READ_MODIFY_WRITE throughput 0.00 ops/sec, total throughput 1147.84 ops/sec
Zipfian (epoch 48, progress 0.15%): UPDATE throughput 44.99 ops/sec, INSERT throughput 0.00 ops/sec, READ throughput 933.87 ops/sec, SCAN throughput 0.00 ops/sec, READ_MODIFY_WRITE throughput 0.00 ops/sec, total throughput 978.86 ops/sec
Zipfian (epoch 49, progress 0.15%): UPDATE throughput 65.99 ops/sec, INSERT throughput 0.00 ops/sec, READ throughput 1014.89 ops/sec, SCAN throughput 0.00 ops/sec, READ_MODIFY_WRITE throughput 0.00 ops/sec, total throughput 1080.88 ops/sec
Zipfian (epoch 50, progress 0.16%): UPDATE throughput 70.99 ops/sec, INSERT throughput 0.00 ops/sec, READ throughput 1135.84 ops/sec, SCAN throughput 0.00 ops/sec, READ_MODIFY_WRITE throughput 0.00 ops/sec, total throughput 1206.83 ops/sec
Zipfian (epoch 51, progress 0.16%): UPDATE throughput 46.99 ops/sec, INSERT throughput 0.00 ops/sec, READ throughput 1084.85 ops/sec, SCAN throughput 0.00 ops/sec, READ_MODIFY_WRITE throughput 0.00 ops/sec, total throughput 1131.85 ops/sec
Zipfian (epoch 52, progress 0.16%): UPDATE throughput 55.99 ops/sec, INSERT throughput 0.00 ops/sec, READ throughput 890.88 ops/sec, SCAN throughput 0.00 ops/sec, READ_MODIFY_WRITE throughput 0.00 ops/sec, total throughput 946.87 ops/sec
Zipfian (epoch 53, progress 0.16%): UPDATE throughput 48.99 ops/sec, INSERT throughput 0.00 ops/sec, READ throughput 989.87 ops/sec, SCAN throughput 0.00 ops/sec, READ_MODIFY_WRITE throughput 0.00 ops/sec, total throughput 1038.86 ops/sec
Zipfian (epoch 54, progress 0.17%): UPDATE throughput 47.99 ops/sec, INSERT throughput 0.00 ops/sec, READ throughput 872.88 ops/sec, SCAN throughput 0.00 ops/sec, READ_MODIFY_WRITE throughput 0.00 ops/sec, total throughput 920.87 ops/sec
Zipfian (epoch 55, progress 0.17%): UPDATE throughput 60.99 ops/sec, INSERT throughput 0.00 ops/sec, READ throughput 1060.85 ops/sec, SCAN throughput 0.00 ops/sec, READ_MODIFY_WRITE throughput 0.00 ops/sec, total throughput 1121.84 ops/sec
Zipfian (epoch 56, progress 0.17%): UPDATE throughput 50.99 ops/sec, INSERT throughput 0.00 ops/sec, READ throughput 897.87 ops/sec, SCAN throughput 0.00 ops/sec, READ_MODIFY_WRITE throughput 0.00 ops/sec, total throughput 948.86 ops/sec
Zipfian (epoch 57, progress 0.17%): UPDATE throughput 54.99 ops/sec, INSERT throughput 0.00 ops/sec, READ throughput 896.87 ops/sec, SCAN throughput 0.00 ops/sec, READ_MODIFY_WRITE throughput 0.00 ops/sec, total throughput 951.86 ops/sec
Zipfian (epoch 58, progress 0.18%): UPDATE throughput 50.99 ops/sec, INSERT throughput 0.00 ops/sec, READ throughput 1182.84 ops/sec, SCAN throughput 0.00 ops/sec, READ_MODIFY_WRITE throughput 0.00 ops/sec, total throughput 1233.83 ops/sec
Zipfian (epoch 59, progress 0.18%): UPDATE throughput 51.99 ops/sec, INSERT throughput 0.00 ops/sec, READ throughput 898.89 ops/sec, SCAN throughput 0.00 ops/sec, READ_MODIFY_WRITE throughput 0.00 ops/sec, total throughput 950.89 ops/sec
Zipfian (epoch 60, progress 0.18%): UPDATE throughput 43.99 ops/sec, INSERT throughput 0.00 ops/sec, READ throughput 884.87 ops/sec, SCAN throughput 0.00 ops/sec, READ_MODIFY_WRITE throughput 0.00 ops/sec, total throughput 928.87 ops/sec
Zipfian (epoch 61, progress 0.18%): UPDATE throughput 66.99 ops/sec, INSERT throughput 0.00 ops/sec, READ throughput 1006.86 ops/sec, SCAN throughput 0.00 ops/sec, READ_MODIFY_WRITE throughput 0.00 ops/sec, total throughput 1073.85 ops/sec
Zipfian (epoch 62, progress 0.19%): UPDATE throughput 52.99 ops/sec, INSERT throughput 0.00 ops/sec, READ throughput 1014.86 ops/sec, SCAN throughput 0.00 ops/sec, READ_MODIFY_WRITE throughput 0.00 ops/sec, total throughput 1067.85 ops/sec
Zipfian (epoch 63, progress 0.19%): UPDATE throughput 59.99 ops/sec, INSERT throughput 0.00 ops/sec, READ throughput 996.87 ops/sec, SCAN throughput 0.00 ops/sec, READ_MODIFY_WRITE throughput 0.00 ops/sec, total throughput 1056.86 ops/sec
Zipfian (epoch 64, progress 0.19%): UPDATE throughput 43.99 ops/sec, INSERT throughput 0.00 ops/sec, READ throughput 970.89 ops/sec, SCAN throughput 0.00 ops/sec, READ_MODIFY_WRITE throughput 0.00 ops/sec, total throughput 1014.88 ops/sec
Zipfian (epoch 65, progress 0.19%): UPDATE throughput 57.99 ops/sec, INSERT throughput 0.00 ops/sec, READ throughput 981.86 ops/sec, SCAN throughput 0.00 ops/sec, READ_MODIFY_WRITE throughput 0.00 ops/sec, total throughput 1039.85 ops/sec
Zipfian (epoch 66, progress 0.20%): UPDATE throughput 51.99 ops/sec, INSERT throughput 0.00 ops/sec, READ throughput 1172.84 ops/sec, SCAN throughput 0.00 ops/sec, READ_MODIFY_WRITE throughput 0.00 ops/sec, total throughput 1224.83 ops/sec
Zipfian (epoch 67, progress 0.20%): UPDATE throughput 37.99 ops/sec, INSERT throughput 0.00 ops/sec, READ throughput 955.87 ops/sec, SCAN throughput 0.00 ops/sec, READ_MODIFY_WRITE throughput 0.00 ops/sec, total throughput 993.86 ops/sec
Zipfian (epoch 68, progress 0.20%): UPDATE throughput 63.99 ops/sec, INSERT throughput 0.00 ops/sec, READ throughput 961.90 ops/sec, SCAN throughput 0.00 ops/sec, READ_MODIFY_WRITE throughput 0.00 ops/sec, total throughput 1025.89 ops/sec
Zipfian (epoch 69, progress 0.21%): UPDATE throughput 51.99 ops/sec, INSERT throughput 0.00 ops/sec, READ throughput 1090.89 ops/sec, SCAN throughput 0.00 ops/sec, READ_MODIFY_WRITE throughput 0.00 ops/sec, total throughput 1142.88 ops/sec
Zipfian (epoch 70, progress 0.21%): UPDATE throughput 42.99 ops/sec, INSERT throughput 0.00 ops/sec, READ throughput 841.86 ops/sec, SCAN throughput 0.00 ops/sec, READ_MODIFY_WRITE throughput 0.00 ops/sec, total throughput 884.86 ops/sec
Zipfian (epoch 71, progress 0.21%): UPDATE throughput 53.99 ops/sec, INSERT throughput 0.00 ops/sec, READ throughput 1047.86 ops/sec, SCAN throughput 0.00 ops/sec, READ_MODIFY_WRITE throughput 0.00 ops/sec, total throughput 1101.86 ops/sec
Zipfian (epoch 72, progress 0.21%): UPDATE throughput 55.99 ops/sec, INSERT throughput 0.00 ops/sec, READ throughput 1021.85 ops/sec, SCAN throughput 0.00 ops/sec, READ_MODIFY_WRITE throughput 0.00 ops/sec, total throughput 1077.84 ops/sec
Zipfian (epoch 73, progress 0.22%): UPDATE throughput 59.99 ops/sec, INSERT throughput 0.00 ops/sec, READ throughput 1045.85 ops/sec, SCAN throughput 0.00 ops/sec, READ_MODIFY_WRITE throughput 0.00 ops/sec, total throughput 1105.84 ops/sec
Zipfian (epoch 74, progress 0.22%): UPDATE throughput 45.99 ops/sec, INSERT throughput 0.00 ops/sec, READ throughput 868.88 ops/sec, SCAN throughput 0.00 ops/sec, READ_MODIFY_WRITE throughput 0.00 ops/sec, total throughput 914.87 ops/sec
Zipfian (epoch 75, progress 0.22%): UPDATE throughput 58.99 ops/sec, INSERT throughput 0.00 ops/sec, READ throughput 1043.86 ops/sec, SCAN throughput 0.00 ops/sec, READ_MODIFY_WRITE throughput 0.00 ops/sec, total throughput 1102.85 ops/sec
Zipfian (epoch 76, progress 0.22%): UPDATE throughput 62.99 ops/sec, INSERT throughput 0.00 ops/sec, READ throughput 1077.82 ops/sec, SCAN throughput 0.00 ops/sec, READ_MODIFY_WRITE throughput 0.00 ops/sec, total throughput 1140.81 ops/sec
Zipfian (epoch 77, progress 0.23%): UPDATE throughput 37.99 ops/sec, INSERT throughput 0.00 ops/sec, READ throughput 853.88 ops/sec, SCAN throughput 0.00 ops/sec, READ_MODIFY_WRITE throughput 0.00 ops/sec, total throughput 891.88 ops/sec
Zipfian (epoch 78, progress 0.23%): UPDATE throughput 41.99 ops/sec, INSERT throughput 0.00 ops/sec, READ throughput 861.88 ops/sec, SCAN throughput 0.00 ops/sec, READ_MODIFY_WRITE throughput 0.00 ops/sec, total throughput 903.88 ops/sec
Zipfian (epoch 79, progress 0.23%): UPDATE throughput 61.99 ops/sec, INSERT throughput 0.00 ops/sec, READ throughput 892.90 ops/sec, SCAN throughput 0.00 ops/sec, READ_MODIFY_WRITE throughput 0.00 ops/sec, total throughput 954.90 ops/sec
Zipfian (epoch 80, progress 0.23%): UPDATE throughput 35.99 ops/sec, INSERT throughput 0.00 ops/sec, READ throughput 754.89 ops/sec, SCAN throughput 0.00 ops/sec, READ_MODIFY_WRITE throughput 0.00 ops/sec, total throughput 790.88 ops/sec
Zipfian (epoch 81, progress 0.24%): UPDATE throughput 54.99 ops/sec, INSERT throughput 0.00 ops/sec, READ throughput 964.86 ops/sec, SCAN throughput 0.00 ops/sec, READ_MODIFY_WRITE throughput 0.00 ops/sec, total throughput 1019.85 ops/sec
Zipfian (epoch 82, progress 0.24%): UPDATE throughput 37.99 ops/sec, INSERT throughput 0.00 ops/sec, READ throughput 966.86 ops/sec, SCAN throughput 0.00 ops/sec, READ_MODIFY_WRITE throughput 0.00 ops/sec, total throughput 1004.86 ops/sec
Zipfian (epoch 83, progress 0.24%): UPDATE throughput 47.99 ops/sec, INSERT throughput 0.00 ops/sec, READ throughput 753.90 ops/sec, SCAN throughput 0.00 ops/sec, READ_MODIFY_WRITE throughput 0.00 ops/sec, total throughput 801.89 ops/sec
Zipfian (epoch 84, progress 0.24%): UPDATE throughput 47.99 ops/sec, INSERT throughput 0.00 ops/sec, READ throughput 935.87 ops/sec, SCAN throughput 0.00 ops/sec, READ_MODIFY_WRITE throughput 0.00 ops/sec, total throughput 983.86 ops/sec
Zipfian (epoch 85, progress 0.24%): UPDATE throughput 41.99 ops/sec, INSERT throughput 0.00 ops/sec, READ throughput 941.86 ops/sec, SCAN throughput 0.00 ops/sec, READ_MODIFY_WRITE throughput 0.00 ops/sec, total throughput 983.86 ops/sec
Zipfian (epoch 86, progress 0.25%): UPDATE throughput 44.99 ops/sec, INSERT throughput 0.00 ops/sec, READ throughput 989.85 ops/sec, SCAN throughput 0.00 ops/sec, READ_MODIFY_WRITE throughput 0.00 ops/sec, total throughput 1034.84 ops/sec
Zipfian (epoch 87, progress 0.25%): UPDATE throughput 37.99 ops/sec, INSERT throughput 0.00 ops/sec, READ throughput 909.88 ops/sec, SCAN throughput 0.00 ops/sec, READ_MODIFY_WRITE throughput 0.00 ops/sec, total throughput 947.87 ops/sec
Zipfian (epoch 88, progress 0.25%): UPDATE throughput 53.99 ops/sec, INSERT throughput 0.00 ops/sec, READ throughput 888.88 ops/sec, SCAN throughput 0.00 ops/sec, READ_MODIFY_WRITE throughput 0.00 ops/sec, total throughput 942.87 ops/sec
Zipfian (epoch 89, progress 0.25%): UPDATE throughput 53.99 ops/sec, INSERT throughput 0.00 ops/sec, READ throughput 1013.87 ops/sec, SCAN throughput 0.00 ops/sec, READ_MODIFY_WRITE throughput 0.00 ops/sec, total throughput 1067.86 ops/sec
Zipfian (epoch 90, progress 0.26%): UPDATE throughput 49.99 ops/sec, INSERT throughput 0.00 ops/sec, READ throughput 966.87 ops/sec, SCAN throughput 0.00 ops/sec, READ_MODIFY_WRITE throughput 0.00 ops/sec, total throughput 1016.86 ops/sec
Zipfian (epoch 91, progress 0.26%): UPDATE throughput 44.99 ops/sec, INSERT throughput 0.00 ops/sec, READ throughput 939.88 ops/sec, SCAN throughput 0.00 ops/sec, READ_MODIFY_WRITE throughput 0.00 ops/sec, total throughput 984.87 ops/sec
Zipfian (epoch 92, progress 0.26%): UPDATE throughput 41.99 ops/sec, INSERT throughput 0.00 ops/sec, READ throughput 1056.86 ops/sec, SCAN throughput 0.00 ops/sec, READ_MODIFY_WRITE throughput 0.00 ops/sec, total throughput 1098.85 ops/sec
Zipfian (epoch 93, progress 0.26%): UPDATE throughput 53.99 ops/sec, INSERT throughput 0.00 ops/sec, READ throughput 864.88 ops/sec, SCAN throughput 0.00 ops/sec, READ_MODIFY_WRITE throughput 0.00 ops/sec, total throughput 918.87 ops/sec
Zipfian (epoch 94, progress 0.26%): UPDATE throughput 0.00 ops/sec, INSERT throughput 0.00 ops/sec, READ throughput 39.99 ops/sec, SCAN throughput 0.00 ops/sec, READ_MODIFY_WRITE throughput 0.00 ops/sec, total throughput 39.99 ops/sec
Zipfian (epoch 95, progress 0.26%): UPDATE throughput 0.00 ops/sec, INSERT throughput 0.00 ops/sec, READ throughput 0.00 ops/sec, SCAN throughput 0.00 ops/sec, READ_MODIFY_WRITE throughput 0.00 ops/sec, total throughput 0.00 ops/sec
Zipfian (epoch 96, progress 0.26%): UPDATE throughput 0.00 ops/sec, INSERT throughput 0.00 ops/sec, READ throughput 0.00 ops/sec, SCAN throughput 0.00 ops/sec, READ_MODIFY_WRITE throughput 0.00 ops/sec, total throughput 0.00 ops/sec
Zipfian (epoch 97, progress 0.27%): UPDATE throughput 42.99 ops/sec, INSERT throughput 0.00 ops/sec, READ throughput 701.91 ops/sec, SCAN throughput 0.00 ops/sec, READ_MODIFY_WRITE throughput 0.00 ops/sec, total throughput 744.90 ops/sec
Zipfian (epoch 98, progress 0.27%): UPDATE throughput 40.00 ops/sec, INSERT throughput 0.00 ops/sec, READ throughput 663.93 ops/sec, SCAN throughput 0.00 ops/sec, READ_MODIFY_WRITE throughput 0.00 ops/sec, total throughput 703.93 ops/sec
Zipfian (epoch 99, progress 0.27%): UPDATE throughput 42.00 ops/sec, INSERT throughput 0.00 ops/sec, READ throughput 869.92 ops/sec, SCAN throughput 0.00 ops/sec, READ_MODIFY_WRITE throughput 0.00 ops/sec, total throughput 911.91 ops/sec
Zipfian (epoch 100, progress 0.27%): UPDATE throughput 36.00 ops/sec, INSERT throughput 0.00 ops/sec, READ throughput 757.91 ops/sec, SCAN throughput 0.00 ops/sec, READ_MODIFY_WRITE throughput 0.00 ops/sec, total throughput 793.91 ops/sec
Zipfian (epoch 101, progress 0.28%): UPDATE throughput 54.99 ops/sec, INSERT throughput 0.00 ops/sec, READ throughput 989.89 ops/sec, SCAN throughput 0.00 ops/sec, READ_MODIFY_WRITE throughput 0.00 ops/sec, total throughput 1044.89 ops/sec
Zipfian (epoch 102, progress 0.28%): UPDATE throughput 47.99 ops/sec, INSERT throughput 0.00 ops/sec, READ throughput 801.89 ops/sec, SCAN throughput 0.00 ops/sec, READ_MODIFY_WRITE throughput 0.00 ops/sec, total throughput 849.89 ops/sec
Zipfian (epoch 103, progress 0.28%): UPDATE throughput 31.00 ops/sec, INSERT throughput 0.00 ops/sec, READ throughput 784.92 ops/sec, SCAN throughput 0.00 ops/sec, READ_MODIFY_WRITE throughput 0.00 ops/sec, total throughput 815.92 ops/sec
Zipfian (epoch 104, progress 0.28%): UPDATE throughput 45.99 ops/sec, INSERT throughput 0.00 ops/sec, READ throughput 1056.86 ops/sec, SCAN throughput 0.00 ops/sec, READ_MODIFY_WRITE throughput 0.00 ops/sec, total throughput 1102.85 ops/sec
Zipfian (epoch 105, progress 0.29%): UPDATE throughput 58.99 ops/sec, INSERT throughput 0.00 ops/sec, READ throughput 1062.90 ops/sec, SCAN throughput 0.00 ops/sec, READ_MODIFY_WRITE throughput 0.00 ops/sec, total throughput 1121.90 ops/sec
Zipfian (epoch 106, progress 0.29%): UPDATE throughput 41.00 ops/sec, INSERT throughput 0.00 ops/sec, READ throughput 933.91 ops/sec, SCAN throughput 0.00 ops/sec, READ_MODIFY_WRITE throughput 0.00 ops/sec, total throughput 974.91 ops/sec
Zipfian (epoch 107, progress 0.29%): UPDATE throughput 48.99 ops/sec, INSERT throughput 0.00 ops/sec, READ throughput 967.88 ops/sec, SCAN throughput 0.00 ops/sec, READ_MODIFY_WRITE throughput 0.00 ops/sec, total throughput 1016.87 ops/sec
Zipfian (epoch 108, progress 0.29%): UPDATE throughput 46.99 ops/sec, INSERT throughput 0.00 ops/sec, READ throughput 1026.86 ops/sec, SCAN throughput 0.00 ops/sec, READ_MODIFY_WRITE throughput 0.00 ops/sec, total throughput 1073.86 ops/sec
Zipfian (epoch 109, progress 0.30%): UPDATE throughput 47.00 ops/sec, INSERT throughput 0.00 ops/sec, READ throughput 1035.90 ops/sec, SCAN throughput 0.00 ops/sec, READ_MODIFY_WRITE throughput 0.00 ops/sec, total throughput 1082.90 ops/sec
Zipfian (epoch 110, progress 0.30%): UPDATE throughput 50.00 ops/sec, INSERT throughput 0.00 ops/sec, READ throughput 897.91 ops/sec, SCAN throughput 0.00 ops/sec, READ_MODIFY_WRITE throughput 0.00 ops/sec, total throughput 947.91 ops/sec
Zipfian (epoch 111, progress 0.30%): UPDATE throughput 65.99 ops/sec, INSERT throughput 0.00 ops/sec, READ throughput 1158.88 ops/sec, SCAN throughput 0.00 ops/sec, READ_MODIFY_WRITE throughput 0.00 ops/sec, total throughput 1224.88 ops/sec
Zipfian (epoch 112, progress 0.30%): UPDATE throughput 47.00 ops/sec, INSERT throughput 0.00 ops/sec, READ throughput 1024.90 ops/sec, SCAN throughput 0.00 ops/sec, READ_MODIFY_WRITE throughput 0.00 ops/sec, total throughput 1071.90 ops/sec
Zipfian (epoch 113, progress 0.31%): UPDATE throughput 63.99 ops/sec, INSERT throughput 0.00 ops/sec, READ throughput 1077.86 ops/sec, SCAN throughput 0.00 ops/sec, READ_MODIFY_WRITE throughput 0.00 ops/sec, total throughput 1141.85 ops/sec
Zipfian (epoch 114, progress 0.31%): UPDATE throughput 60.99 ops/sec, INSERT throughput 0.00 ops/sec, READ throughput 1017.87 ops/sec, SCAN throughput 0.00 ops/sec, READ_MODIFY_WRITE throughput 0.00 ops/sec, total throughput 1078.86 ops/sec
Zipfian (epoch 115, progress 0.31%): UPDATE throughput 46.00 ops/sec, INSERT throughput 0.00 ops/sec, READ throughput 809.92 ops/sec, SCAN throughput 0.00 ops/sec, READ_MODIFY_WRITE throughput 0.00 ops/sec, total throughput 855.92 ops/sec
Zipfian (epoch 116, progress 0.31%): UPDATE throughput 46.00 ops/sec, INSERT throughput 0.00 ops/sec, READ throughput 1007.91 ops/sec, SCAN throughput 0.00 ops/sec, READ_MODIFY_WRITE throughput 0.00 ops/sec, total throughput 1053.90 ops/sec
Zipfian (epoch 117, progress 0.32%): UPDATE throughput 52.99 ops/sec, INSERT throughput 0.00 ops/sec, READ throughput 1041.90 ops/sec, SCAN throughput 0.00 ops/sec, READ_MODIFY_WRITE throughput 0.00 ops/sec, total throughput 1094.89 ops/sec
Zipfian (epoch 118, progress 0.32%): UPDATE throughput 40.99 ops/sec, INSERT throughput 0.00 ops/sec, READ throughput 903.88 ops/sec, SCAN throughput 0.00 ops/sec, READ_MODIFY_WRITE throughput 0.00 ops/sec, total throughput 944.88 ops/sec
Zipfian (epoch 119, progress 0.32%): UPDATE throughput 46.00 ops/sec, INSERT throughput 0.00 ops/sec, READ throughput 1043.90 ops/sec, SCAN throughput 0.00 ops/sec, READ_MODIFY_WRITE throughput 0.00 ops/sec, total throughput 1089.90 ops/sec
Zipfian (epoch 120, progress 0.32%): UPDATE throughput 45.00 ops/sec, INSERT throughput 0.00 ops/sec, READ throughput 978.90 ops/sec, SCAN throughput 0.00 ops/sec, READ_MODIFY_WRITE throughput 0.00 ops/sec, total throughput 1023.90 ops/sec
time's up!
Zipfian: calculating overall performance metrics... (might take a while)
Zipfian overall: UPDATE throughput 53.84 ops/sec, INSERT throughput 0.00 ops/sec, READ throughput 1026.76 ops/sec, SCAN throughput 0.00 ops/sec, READ_MODIFY_WRITE throughput 0.00 ops/sec, total throughput 1080.60 ops/sec
Zipfian overall: UPDATE average latency 3068021.05 ns, UPDATE p99 latency 1377936.62 ns, INSERT average latency 0.00 ns, INSERT p99 latency 0.00 ns, READ average latency 3727183.28 ns, READ p99 latency 51989803.42 ns, SCAN average latency 0.00 ns, SCAN p99 latency 0.00 ns, READ_MODIFY_WRITE average latency 0.00 ns, READ_MODIFY_WRITE p99 latency 0.00 ns

--- wan_writer ---
ZipfianWorkload: start initializing zipfian variables, might take a while
Zipfian (Warm-Up) (epoch 0, progress 0.00%): UPDATE throughput 0.00 ops/sec, INSERT throughput 0.00 ops/sec, READ throughput 0.00 ops/sec, SCAN throughput 0.00 ops/sec, READ_MODIFY_WRITE throughput 0.00 ops/sec, total throughput 0.00 ops/sec
Zipfian (Warm-Up) (epoch 1, progress 0.00%): UPDATE throughput 0.00 ops/sec, INSERT throughput 0.00 ops/sec, READ throughput 131.99 ops/sec, SCAN throughput 0.00 ops/sec, READ_MODIFY_WRITE throughput 147.99 ops/sec, total throughput 279.98 ops/sec
Zipfian (Warm-Up) (epoch 2, progress 0.00%): UPDATE throughput 0.00 ops/sec, INSERT throughput 0.00 ops/sec, READ throughput 189.97 ops/sec, SCAN throughput 0.00 ops/sec, READ_MODIFY_WRITE throughput 170.98 ops/sec, total throughput 360.95 ops/sec
Zipfian (Warm-Up) (epoch 3, progress 0.00%): UPDATE throughput 0.00 ops/sec, INSERT throughput 0.00 ops/sec, READ throughput 179.98 ops/sec, SCAN throughput 0.00 ops/sec, READ_MODIFY_WRITE throughput 221.97 ops/sec, total throughput 401.95 ops/sec
Zipfian (Warm-Up) (epoch 4, progress 0.00%): UPDATE throughput 0.00 ops/sec, INSERT throughput 0.00 ops/sec, READ throughput 179.98 ops/sec, SCAN throughput 0.00 ops/sec, READ_MODIFY_WRITE throughput 183.98 ops/sec, total throughput 363.95 ops/sec
Zipfian (Warm-Up) (epoch 5, progress 0.00%): UPDATE throughput 0.00 ops/sec, INSERT throughput 0.00 ops/sec, READ throughput 156.98 ops/sec, SCAN throughput 0.00 ops/sec, READ_MODIFY_WRITE throughput 163.98 ops/sec, total throughput 320.96 ops/sec
Zipfian (Warm-Up) (epoch 6, progress 0.01%): UPDATE throughput 0.00 ops/sec, INSERT throughput 0.00 ops/sec, READ throughput 202.97 ops/sec, SCAN throughput 0.00 ops/sec, READ_MODIFY_WRITE throughput 192.97 ops/sec, total throughput 395.95 ops/sec
Zipfian (Warm-Up) (epoch 7, progress 0.01%): UPDATE throughput 0.00 ops/sec, INSERT throughput 0.00 ops/sec, READ throughput 224.97 ops/sec, SCAN throughput 0.00 ops/sec, READ_MODIFY_WRITE throughput 232.97 ops/sec, total throughput 457.94 ops/sec
Zipfian (Warm-Up) (epoch 8, progress 0.01%): UPDATE throughput 0.00 ops/sec, INSERT throughput 0.00 ops/sec, READ throughput 263.96 ops/sec, SCAN throughput 0.00 ops/sec, READ_MODIFY_WRITE throughput 240.97 ops/sec, total throughput 504.93 ops/sec
Zipfian (Warm-Up) (epoch 9, progress 0.01%): UPDATE throughput 0.00 ops/sec, INSERT throughput 0.00 ops/sec, READ throughput 227.97 ops/sec, SCAN throughput 0.00 ops/sec, READ_MODIFY_WRITE throughput 225.97 ops/sec, total throughput 453.94 ops/sec
Zipfian (Warm-Up) (epoch 10, progress 0.01%): UPDATE throughput 0.00 ops/sec, INSERT throughput 0.00 ops/sec, READ throughput 244.97 ops/sec, SCAN throughput 0.00 ops/sec, READ_MODIFY_WRITE throughput 244.97 ops/sec, total throughput 489.93 ops/sec
Zipfian (Warm-Up) (epoch 11, progress 0.01%): UPDATE throughput 0.00 ops/sec, INSERT throughput 0.00 ops/sec, READ throughput 273.96 ops/sec, SCAN throughput 0.00 ops/sec, READ_MODIFY_WRITE throughput 295.96 ops/sec, total throughput 569.92 ops/sec
Zipfian (Warm-Up) (epoch 12, progress 0.01%): UPDATE throughput 0.00 ops/sec, INSERT throughput 0.00 ops/sec, READ throughput 250.97 ops/sec, SCAN throughput 0.00 ops/sec, READ_MODIFY_WRITE throughput 287.96 ops/sec, total throughput 538.93 ops/sec
Zipfian (Warm-Up) (epoch 13, progress 0.01%): UPDATE throughput 0.00 ops/sec, INSERT throughput 0.00 ops/sec, READ throughput 280.96 ops/sec, SCAN throughput 0.00 ops/sec, READ_MODIFY_WRITE throughput 244.97 ops/sec, total throughput 525.93 ops/sec
Zipfian (Warm-Up) (epoch 14, progress 0.02%): UPDATE throughput 0.00 ops/sec, INSERT throughput 0.00 ops/sec, READ throughput 243.97 ops/sec, SCAN throughput 0.00 ops/sec, READ_MODIFY_WRITE throughput 269.96 ops/sec, total throughput 513.93 ops/sec
Zipfian (Warm-Up) (epoch 15, progress 0.02%): UPDATE throughput 0.00 ops/sec, INSERT throughput 0.00 ops/sec, READ throughput 328.95 ops/sec, SCAN throughput 0.00 ops/sec, READ_MODIFY_WRITE throughput 327.95 ops/sec, total throughput 656.91 ops/sec
Zipfian (Warm-Up) (epoch 16, progress 0.02%): UPDATE throughput 0.00 ops/sec, INSERT throughput 0.00 ops/sec, READ throughput 233.97 ops/sec, SCAN throughput 0.00 ops/sec, READ_MODIFY_WRITE throughput 210.97 ops/sec, total throughput 444.94 ops/sec
Zipfian (Warm-Up) (epoch 17, progress 0.02%): UPDATE throughput 0.00 ops/sec, INSERT throughput 0.00 ops/sec, READ throughput 341.95 ops/sec, SCAN throughput 0.00 ops/sec, READ_MODIFY_WRITE throughput 333.95 ops/sec, total throughput 675.91 ops/sec
Zipfian (Warm-Up) (epoch 18, progress 0.02%): UPDATE throughput 0.00 ops/sec, INSERT throughput 0.00 ops/sec, READ throughput 353.95 ops/sec, SCAN throughput 0.00 ops/sec, READ_MODIFY_WRITE throughput 316.96 ops/sec, total throughput 670.91 ops/sec
Zipfian (Warm-Up) (epoch 19, progress 0.02%): UPDATE throughput 0.00 ops/sec, INSERT throughput 0.00 ops/sec, READ throughput 299.96 ops/sec, SCAN throughput 0.00 ops/sec, READ_MODIFY_WRITE throughput 326.95 ops/sec, total throughput 626.91 ops/sec
Zipfian (Warm-Up) (epoch 20, progress 0.03%): UPDATE throughput 0.00 ops/sec, INSERT throughput 0.00 ops/sec, READ throughput 387.95 ops/sec, SCAN throughput 0.00 ops/sec, READ_MODIFY_WRITE throughput 370.95 ops/sec, total throughput 758.90 ops/sec
Zipfian (Warm-Up) (epoch 21, progress 0.03%): UPDATE throughput 0.00 ops/sec, INSERT throughput 0.00 ops/sec, READ throughput 433.94 ops/sec, SCAN throughput 0.00 ops/sec, READ_MODIFY_WRITE throughput 415.94 ops/sec, total throughput 849.88 ops/sec
Zipfian (Warm-Up) (epoch 22, progress 0.03%): UPDATE throughput 0.00 ops/sec, INSERT throughput 0.00 ops/sec, READ throughput 348.95 ops/sec, SCAN throughput 0.00 ops/sec, READ_MODIFY_WRITE throughput 376.95 ops/sec, total throughput 725.90 ops/sec
Zipfian (Warm-Up) (epoch 23, progress 0.03%): UPDATE throughput 0.00 ops/sec, INSERT throughput 0.00 ops/sec, READ throughput 372.95 ops/sec, SCAN throughput 0.00 ops/sec, READ_MODIFY_WRITE throughput 357.95 ops/sec, total throughput 730.90 ops/sec
Zipfian (Warm-Up) (epoch 24, progress 0.03%): UPDATE throughput 0.00 ops/sec, INSERT throughput 0.00 ops/sec, READ throughput 370.95 ops/sec, SCAN throughput 0.00 ops/sec, READ_MODIFY_WRITE throughput 314.96 ops/sec, total throughput 685.90 ops/sec
Zipfian (Warm-Up) (epoch 25, progress 0.03%): UPDATE throughput 0.00 ops/sec, INSERT throughput 0.00 ops/sec, READ throughput 446.95 ops/sec, SCAN throughput 0.00 ops/sec, READ_MODIFY_WRITE throughput 381.96 ops/sec, total throughput 828.91 ops/sec
Zipfian (Warm-Up) (epoch 26, progress 0.04%): UPDATE throughput 0.00 ops/sec, INSERT throughput 0.00 ops/sec, READ throughput 410.94 ops/sec, SCAN throughput 0.00 ops/sec, READ_MODIFY_WRITE throughput 353.95 ops/sec, total throughput 764.90 ops/sec
Zipfian (Warm-Up) (epoch 27, progress 0.04%): UPDATE throughput 0.00 ops/sec, INSERT throughput 0.00 ops/sec, READ throughput 479.93 ops/sec, SCAN throughput 0.00 ops/sec, READ_MODIFY_WRITE throughput 461.94 ops/sec, total throughput 941.87 ops/sec
Zipfian (Warm-Up) (epoch 28, progress 0.04%): UPDATE throughput 0.00 ops/sec, INSERT throughput 0.00 ops/sec, READ throughput 445.95 ops/sec, SCAN throughput 0.00 ops/sec, READ_MODIFY_WRITE throughput 392.96 ops/sec, total throughput 838.92 ops/sec
Zipfian (Warm-Up) (epoch 29, progress 0.04%): UPDATE throughput 0.00 ops/sec, INSERT throughput 0.00 ops/sec, READ throughput 448.94 ops/sec, SCAN throughput 0.00 ops/sec, READ_MODIFY_WRITE throughput 441.94 ops/sec, total throughput 890.88 ops/sec
Zipfian (Warm-Up) (epoch 30, progress 0.05%): UPDATE throughput 0.00 ops/sec, INSERT throughput 0.00 ops/sec, READ throughput 504.93 ops/sec, SCAN throughput 0.00 ops/sec, READ_MODIFY_WRITE throughput 543.93 ops/sec, total throughput 1048.86 ops/sec
time's up!
Zipfian (Warm-Up): calculating overall performance metrics... (might take a while)
Zipfian (Warm-Up) overall: UPDATE throughput 0.00 ops/sec, INSERT throughput 0.00 ops/sec, READ throughput 308.81 ops/sec, SCAN throughput 0.00 ops/sec, READ_MODIFY_WRITE throughput 301.81 ops/sec, total throughput 610.61 ops/sec
Zipfian (Warm-Up) overall: UPDATE average latency 0.00 ns, UPDATE p99 latency 0.00 ns, INSERT average latency 0.00 ns, INSERT p99 latency 0.00 ns, READ average latency 9898982.50 ns, READ p99 latency 82163267.33 ns, SCAN average latency 0.00 ns, SCAN p99 latency 0.00 ns, READ_MODIFY_WRITE average latency 3085769.05 ns, READ_MODIFY_WRITE p99 latency 46810481.55 ns
ZipfianWorkload: start initializing zipfian variables, might take a while
Zipfian (epoch 0, progress 0.00%): UPDATE throughput 0.00 ops/sec, INSERT throughput 0.00 ops/sec, READ throughput 0.00 ops/sec, SCAN throughput 0.00 ops/sec, READ_MODIFY_WRITE throughput 0.00 ops/sec, total throughput 0.00 ops/sec
Zipfian (epoch 1, progress 0.05%): UPDATE throughput 0.00 ops/sec, INSERT throughput 0.00 ops/sec, READ throughput 9588.65 ops/sec, SCAN throughput 0.00 ops/sec, READ_MODIFY_WRITE throughput 9395.68 ops/sec, total throughput 18984.32 ops/sec
Zipfian (epoch 2, progress 0.05%): UPDATE throughput 0.00 ops/sec, INSERT throughput 0.00 ops/sec, READ throughput 692.89 ops/sec, SCAN throughput 0.00 ops/sec, READ_MODIFY_WRITE throughput 693.89 ops/sec, total throughput 1386.79 ops/sec
Zipfian (epoch 3, progress 0.05%): UPDATE throughput 0.00 ops/sec, INSERT throughput 0.00 ops/sec, READ throughput 606.92 ops/sec, SCAN throughput 0.00 ops/sec, READ_MODIFY_WRITE throughput 593.92 ops/sec, total throughput 1200.83 ops/sec
Zipfian (epoch 4, progress 0.06%): UPDATE throughput 0.00 ops/sec, INSERT throughput 0.00 ops/sec, READ throughput 651.90 ops/sec, SCAN throughput 0.00 ops/sec, READ_MODIFY_WRITE throughput 618.90 ops/sec, total throughput 1270.80 ops/sec
Zipfian (epoch 5, progress 0.06%): UPDATE throughput 0.00 ops/sec, INSERT throughput 0.00 ops/sec, READ throughput 762.89 ops/sec, SCAN throughput 0.00 ops/sec, READ_MODIFY_WRITE throughput 805.89 ops/sec, total throughput 1568.78 ops/sec
Zipfian (epoch 6, progress 0.07%): UPDATE throughput 0.00 ops/sec, INSERT throughput 0.00 ops/sec, READ throughput 834.88 ops/sec, SCAN throughput 0.00 ops/sec, READ_MODIFY_WRITE throughput 835.88 ops/sec, total throughput 1670.77 ops/sec
Zipfian (epoch 7, progress 0.07%): UPDATE throughput 0.00 ops/sec, INSERT throughput 0.00 ops/sec, READ throughput 865.88 ops/sec, SCAN throughput 0.00 ops/sec, READ_MODIFY_WRITE throughput 872.88 ops/sec, total throughput 1738.75 ops/sec
Zipfian (epoch 8, progress 0.07%): UPDATE throughput 0.00 ops/sec, INSERT throughput 0.00 ops/sec, READ throughput 886.86 ops/sec, SCAN throughput 0.00 ops/sec, READ_MODIFY_WRITE throughput 911.86 ops/sec, total throughput 1798.72 ops/sec
Zipfian (epoch 9, progress 0.08%): UPDATE throughput 0.00 ops/sec, INSERT throughput 0.00 ops/sec, READ throughput 792.89 ops/sec, SCAN throughput 0.00 ops/sec, READ_MODIFY_WRITE throughput 820.89 ops/sec, total throughput 1613.77 ops/sec
Zipfian (epoch 10, progress 0.08%): UPDATE throughput 0.00 ops/sec, INSERT throughput 0.00 ops/sec, READ throughput 771.88 ops/sec, SCAN throughput 0.00 ops/sec, READ_MODIFY_WRITE throughput 801.88 ops/sec, total throughput 1573.76 ops/sec
Zipfian (epoch 11, progress 0.09%): UPDATE throughput 0.00 ops/sec, INSERT throughput 0.00 ops/sec, READ throughput 971.86 ops/sec, SCAN throughput 0.00 ops/sec, READ_MODIFY_WRITE throughput 966.86 ops/sec, total throughput 1938.73 ops/sec
Zipfian (epoch 12, progress 0.09%): UPDATE throughput 0.00 ops/sec, INSERT throughput 0.00 ops/sec, READ throughput 965.85 ops/sec, SCAN throughput 0.00 ops/sec, READ_MODIFY_WRITE throughput 957.85 ops/sec, total throughput 1923.70 ops/sec
Zipfian (epoch 13, progress 0.10%): UPDATE throughput 0.00 ops/sec, INSERT throughput 0.00 ops/sec, READ throughput 1047.85 ops/sec, SCAN throughput 0.00 ops/sec, READ_MODIFY_WRITE throughput 1060.85 ops/sec, total throughput 2108.70 ops/sec
Zipfian (epoch 14, progress 0.10%): UPDATE throughput 0.00 ops/sec, INSERT throughput 0.00 ops/sec, READ throughput 1119.83 ops/sec, SCAN throughput 0.00 ops/sec, READ_MODIFY_WRITE throughput 1139.83 ops/sec, total throughput 2259.66 ops/sec
Zipfian (epoch 15, progress 0.11%): UPDATE throughput 0.00 ops/sec, INSERT throughput 0.00 ops/sec, READ throughput 907.87 ops/sec, SCAN throughput 0.00 ops/sec, READ_MODIFY_WRITE throughput 852.88 ops/sec, total throughput 1760.75 ops/sec
Zipfian (epoch 16, progress 0.11%): UPDATE throughput 0.00 ops/sec, INSERT throughput 0.00 ops/sec, READ throughput 832.87 ops/sec, SCAN throughput 0.00 ops/sec, READ_MODIFY_WRITE throughput 803.88 ops/sec, total throughput 1636.75 ops/sec
Zipfian (epoch 17, progress 0.11%): UPDATE throughput 0.00 ops/sec, INSERT throughput 0.00 ops/sec, READ throughput 643.90 ops/sec, SCAN throughput 0.00 ops/sec, READ_MODIFY_WRITE throughput 666.90 ops/sec, total throughput 1310.80 ops/sec
Zipfian (epoch 18, progress 0.12%): UPDATE throughput 0.00 ops/sec, INSERT throughput 0.00 ops/sec, READ throughput 694.90 ops/sec, SCAN throughput 0.00 ops/sec, READ_MODIFY_WRITE throughput 630.91 ops/sec, total throughput 1325.80 ops/sec
Zipfian (epoch 19, progress 0.12%): UPDATE throughput 0.00 ops/sec, INSERT throughput 0.00 ops/sec, READ throughput 586.92 ops/sec, SCAN throughput 0.00 ops/sec, READ_MODIFY_WRITE throughput 541.92 ops/sec, total throughput 1128.84 ops/sec
Zipfian (epoch 20, progress 0.12%): UPDATE throughput 0.00 ops/sec, INSERT throughput 0.00 ops/sec, READ throughput 547.92 ops/sec, SCAN throughput 0.00 ops/sec, READ_MODIFY_WRITE throughput 563.91 ops/sec, total throughput 1111.83 ops/sec
Zipfian (epoch 21, progress 0.13%): UPDATE throughput 0.00 ops/sec, INSERT throughput 0.00 ops/sec, READ throughput 588.92 ops/sec, SCAN throughput 0.00 ops/sec, READ_MODIFY_WRITE throughput 588.92 ops/sec, total throughput 1177.84 ops/sec
Zipfian (epoch 22, progress 0.13%): UPDATE throughput 0.00 ops/sec, INSERT throughput 0.00 ops/sec, READ throughput 582.91 ops/sec, SCAN throughput 0.00 ops/sec, READ_MODIFY_WRITE throughput 582.91 ops/sec, total throughput 1165.82 ops/sec
Zipfian (epoch 23, progress 0.13%): UPDATE throughput 0.00 ops/sec, INSERT throughput 0.00 ops/sec, READ throughput 672.91 ops/sec, SCAN throughput 0.00 ops/sec, READ_MODIFY_WRITE throughput 627.91 ops/sec, total throughput 1300.82 ops/sec
Zipfian (epoch 24, progress 0.14%): UPDATE throughput 0.00 ops/sec, INSERT throughput 0.00 ops/sec, READ throughput 689.90 ops/sec, SCAN throughput 0.00 ops/sec, READ_MODIFY_WRITE throughput 709.89 ops/sec, total throughput 1399.79 ops/sec
Zipfian (epoch 25, progress 0.14%): UPDATE throughput 0.00 ops/sec, INSERT throughput 0.00 ops/sec, READ throughput 663.91 ops/sec, SCAN throughput 0.00 ops/sec, READ_MODIFY_WRITE throughput 746.90 ops/sec, total throughput 1410.81 ops/sec
Zipfian (epoch 26, progress 0.14%): UPDATE throughput 0.00 ops/sec, INSERT throughput 0.00 ops/sec, READ throughput 520.92 ops/sec, SCAN throughput 0.00 ops/sec, READ_MODIFY_WRITE throughput 529.92 ops/sec, total throughput 1050.84 ops/sec
Zipfian (epoch 27, progress 0.15%): UPDATE throughput 0.00 ops/sec, INSERT throughput 0.00 ops/sec, READ throughput 618.91 ops/sec, SCAN throughput 0.00 ops/sec, READ_MODIFY_WRITE throughput 656.91 ops/sec, total throughput 1275.82 ops/sec
Zipfian (epoch 28, progress 0.15%): UPDATE throughput 0.00 ops/sec, INSERT throughput 0.00 ops/sec, READ throughput 774.89 ops/sec, SCAN throughput 0.00 ops/sec, READ_MODIFY_WRITE throughput 708.90 ops/sec, total throughput 1483.79 ops/sec
Zipfian (epoch 29, progress 0.15%): UPDATE throughput 0.00 ops/sec, INSERT throughput 0.00 ops/sec, READ throughput 627.91 ops/sec, SCAN throughput 0.00 ops/sec, READ_MODIFY_WRITE throughput 660.91 ops/sec, total throughput 1288.82 ops/sec
Zipfian (epoch 30, progress 0.16%): UPDATE throughput 0.00 ops/sec, INSERT throughput 0.00 ops/sec, READ throughput 629.90 ops/sec, SCAN throughput 0.00 ops/sec, READ_MODIFY_WRITE throughput 596.91 ops/sec, total throughput 1226.81 ops/sec
Zipfian (epoch 31, progress 0.16%): UPDATE throughput 0.00 ops/sec, INSERT throughput 0.00 ops/sec, READ throughput 675.89 ops/sec, SCAN throughput 0.00 ops/sec, READ_MODIFY_WRITE throughput 643.89 ops/sec, total throughput 1319.78 ops/sec
Zipfian (epoch 32, progress 0.16%): UPDATE throughput 0.00 ops/sec, INSERT throughput 0.00 ops/sec, READ throughput 578.91 ops/sec, SCAN throughput 0.00 ops/sec, READ_MODIFY_WRITE throughput 650.90 ops/sec, total throughput 1229.81 ops/sec
Zipfian (epoch 33, progress 0.16%): UPDATE throughput 0.00 ops/sec, INSERT throughput 0.00 ops/sec, READ throughput 653.91 ops/sec, SCAN throughput 0.00 ops/sec, READ_MODIFY_WRITE throughput 635.91 ops/sec, total throughput 1289.81 ops/sec
Zipfian (epoch 34, progress 0.17%): UPDATE throughput 0.00 ops/sec, INSERT throughput 0.00 ops/sec, READ throughput 628.90 ops/sec, SCAN throughput 0.00 ops/sec, READ_MODIFY_WRITE throughput 660.90 ops/sec, total throughput 1289.80 ops/sec
Zipfian (epoch 35, progress 0.17%): UPDATE throughput 0.00 ops/sec, INSERT throughput 0.00 ops/sec, READ throughput 527.93 ops/sec, SCAN throughput 0.00 ops/sec, READ_MODIFY_WRITE throughput 571.92 ops/sec, total throughput 1099.85 ops/sec
Zipfian (epoch 36, progress 0.17%): UPDATE throughput 0.00 ops/sec, INSERT throughput 0.00 ops/sec, READ throughput 662.90 ops/sec, SCAN throughput 0.00 ops/sec, READ_MODIFY_WRITE throughput 586.91 ops/sec, total throughput 1249.81 ops/sec
Zipfian (epoch 37, progress 0.18%): UPDATE throughput 0.00 ops/sec, INSERT throughput 0.00 ops/sec, READ throughput 511.93 ops/sec, SCAN throughput 0.00 ops/sec, READ_MODIFY_WRITE throughput 523.93 ops/sec, total throughput 1035.85 ops/sec
Zipfian (epoch 38, progress 0.18%): UPDATE throughput 0.00 ops/sec, INSERT throughput 0.00 ops/sec, READ throughput 590.92 ops/sec, SCAN throughput 0.00 ops/sec, READ_MODIFY_WRITE throughput 570.92 ops/sec, total throughput 1161.84 ops/sec
Zipfian (epoch 39, progress 0.18%): UPDATE throughput 0.00 ops/sec, INSERT throughput 0.00 ops/sec, READ throughput 673.90 ops/sec, SCAN throughput 0.00 ops/sec, READ_MODIFY_WRITE throughput 646.91 ops/sec, total throughput 1320.81 ops/sec
Zipfian (epoch 40, progress 0.18%): UPDATE throughput 0.00 ops/sec, INSERT throughput 0.00 ops/sec, READ throughput 477.93 ops/sec, SCAN throughput 0.00 ops/sec, READ_MODIFY_WRITE throughput 419.94 ops/sec, total throughput 897.87 ops/sec
Zipfian (epoch 41, progress 0.19%): UPDATE throughput 0.00 ops/sec, INSERT throughput 0.00 ops/sec, READ throughput 137.98 ops/sec, SCAN throughput 0.00 ops/sec, READ_MODIFY_WRITE throughput 159.98 ops/sec, total throughput 297.96 ops/sec
Zipfian (epoch 42, progress 0.19%): UPDATE throughput 0.00 ops/sec, INSERT throughput 0.00 ops/sec, READ throughput 669.90 ops/sec, SCAN throughput 0.00 ops/sec, READ_MODIFY_WRITE throughput 651.90 ops/sec, total throughput 1321.81 ops/sec
Zipfian (epoch 43, progress 0.19%): UPDATE throughput 0.00 ops/sec, INSERT throughput 0.00 ops/sec, READ throughput 629.91 ops/sec, SCAN throughput 0.00 ops/sec, READ_MODIFY_WRITE throughput 648.91 ops/sec, total throughput 1278.82 ops/sec
Zipfian (epoch 44, progress 0.20%): UPDATE throughput 0.00 ops/sec, INSERT throughput 0.00 ops/sec, READ throughput 676.90 ops/sec, SCAN throughput 0.00 ops/sec, READ_MODIFY_WRITE throughput 719.89 ops/sec, total throughput 1396.79 ops/sec
Zipfian (epoch 45, progress 0.20%): UPDATE throughput 0.00 ops/sec, INSERT throughput 0.00 ops/sec, READ throughput 847.88 ops/sec, SCAN throughput 0.00 ops/sec, READ_MODIFY_WRITE throughput 817.88 ops/sec, total throughput 1665.77 ops/sec
Zipfian (epoch 46, progress 0.20%): UPDATE throughput 0.00 ops/sec, INSERT throughput 0.00 ops/sec, READ throughput 731.89 ops/sec, SCAN throughput 0.00 ops/sec, READ_MODIFY_WRITE throughput 750.89 ops/sec, total throughput 1482.78 ops/sec
Zipfian (epoch 47, progress 0.21%): UPDATE throughput 0.00 ops/sec, INSERT throughput 0.00 ops/sec, READ throughput 747.89 ops/sec, SCAN throughput 0.00 ops/sec, READ_MODIFY_WRITE throughput 753.89 ops/sec, total throughput 1501.79 ops/sec
Zipfian (epoch 48, progress 0.21%): UPDATE throughput 0.00 ops/sec, INSERT throughput 0.00 ops/sec, READ throughput 674.90 ops/sec, SCAN throughput 0.00 ops/sec, READ_MODIFY_WRITE throughput 645.90 ops/sec, total throughput 1320.80 ops/sec
Zipfian (epoch 49, progress 0.21%): UPDATE throughput 0.00 ops/sec, INSERT throughput 0.00 ops/sec, READ throughput 740.90 ops/sec, SCAN throughput 0.00 ops/sec, READ_MODIFY_WRITE throughput 720.90 ops/sec, total throughput 1461.80 ops/sec
Zipfian (epoch 50, progress 0.22%): UPDATE throughput 0.00 ops/sec, INSERT throughput 0.00 ops/sec, READ throughput 623.91 ops/sec, SCAN throughput 0.00 ops/sec, READ_MODIFY_WRITE throughput 687.90 ops/sec, total throughput 1311.81 ops/sec
Zipfian (epoch 51, progress 0.22%): UPDATE throughput 0.00 ops/sec, INSERT throughput 0.00 ops/sec, READ throughput 715.90 ops/sec, SCAN throughput 0.00 ops/sec, READ_MODIFY_WRITE throughput 699.90 ops/sec, total throughput 1415.80 ops/sec
Zipfian (epoch 52, progress 0.23%): UPDATE throughput 0.00 ops/sec, INSERT throughput 0.00 ops/sec, READ throughput 828.87 ops/sec, SCAN throughput 0.00 ops/sec, READ_MODIFY_WRITE throughput 793.88 ops/sec, total throughput 1622.75 ops/sec
Zipfian (epoch 53, progress 0.23%): UPDATE throughput 0.00 ops/sec, INSERT throughput 0.00 ops/sec, READ throughput 788.87 ops/sec, SCAN throughput 0.00 ops/sec, READ_MODIFY_WRITE throughput 862.86 ops/sec, total throughput 1651.73 ops/sec
Zipfian (epoch 54, progress 0.23%): UPDATE throughput 0.00 ops/sec, INSERT throughput 0.00 ops/sec, READ throughput 806.88 ops/sec, SCAN throughput 0.00 ops/sec, READ_MODIFY_WRITE throughput 838.88 ops/sec, total throughput 1645.76 ops/sec
Zipfian (epoch 55, progress 0.24%): UPDATE throughput 0.00 ops/sec, INSERT throughput 0.00 ops/sec, READ throughput 712.90 ops/sec, SCAN throughput 0.00 ops/sec, READ_MODIFY_WRITE throughput 752.89 ops/sec, total throughput 1465.79 ops/sec
Zipfian (epoch 56, progress 0.24%): UPDATE throughput 0.00 ops/sec, INSERT throughput 0.00 ops/sec, READ throughput 886.87 ops/sec, SCAN throughput 0.00 ops/sec, READ_MODIFY_WRITE throughput 886.87 ops/sec, total throughput 1773.74 ops/sec
Zipfian (epoch 57, progress 0.25%): UPDATE throughput 0.00 ops/sec, INSERT throughput 0.00 ops/sec, READ throughput 851.88 ops/sec, SCAN throughput 0.00 ops/sec, READ_MODIFY_WRITE throughput 821.88 ops/sec, total throughput 1673.76 ops/sec
Zipfian (epoch 58, progress 0.25%): UPDATE throughput 0.00 ops/sec, INSERT throughput 0.00 ops/sec, READ throughput 798.88 ops/sec, SCAN throughput 0.00 ops/sec, READ_MODIFY_WRITE throughput 842.88 ops/sec, total throughput 1641.76 ops/sec
Zipfian (epoch 59, progress 0.25%): UPDATE throughput 0.00 ops/sec, INSERT throughput 0.00 ops/sec, READ throughput 639.90 ops/sec, SCAN throughput 0.00 ops/sec, READ_MODIFY_WRITE throughput 623.90 ops/sec, total throughput 1263.80 ops/sec
Zipfian (epoch 60, progress 0.26%): UPDATE throughput 0.00 ops/sec, INSERT throughput 0.00 ops/sec, READ throughput 717.90 ops/sec, SCAN throughput 0.00 ops/sec, READ_MODIFY_WRITE throughput 748.89 ops/sec, total throughput 1466.79 ops/sec
Zipfian (epoch 61, progress 0.26%): UPDATE throughput 0.00 ops/sec, INSERT throughput 0.00 ops/sec, READ throughput 823.88 ops/sec, SCAN throughput 0.00 ops/sec, READ_MODIFY_WRITE throughput 823.88 ops/sec, total throughput 1647.77 ops/sec
Zipfian (epoch 62, progress 0.26%): UPDATE throughput 0.00 ops/sec, INSERT throughput 0.00 ops/sec, READ throughput 636.91 ops/sec, SCAN throughput 0.00 ops/sec, READ_MODIFY_WRITE throughput 626.91 ops/sec, total throughput 1263.82 ops/sec
Zipfian (epoch 63, progress 0.27%): UPDATE throughput 0.00 ops/sec, INSERT throughput 0.00 ops/sec, READ throughput 743.89 ops/sec, SCAN throughput 0.00 ops/sec, READ_MODIFY_WRITE throughput 685.90 ops/sec, total throughput 1429.80 ops/sec
Zipfian (epoch 64, progress 0.27%): UPDATE throughput 0.00 ops/sec, INSERT throughput 0.00 ops/sec, READ throughput 895.87 ops/sec, SCAN throughput 0.00 ops/sec, READ_MODIFY_WRITE throughput 856.88 ops/sec, total throughput 1752.75 ops/sec
Zipfian (epoch 65, progress 0.28%): UPDATE throughput 0.00 ops/sec, INSERT throughput 0.00 ops/sec, READ throughput 626.91 ops/sec, SCAN throughput 0.00 ops/sec, READ_MODIFY_WRITE throughput 628.91 ops/sec, total throughput 1255.82 ops/sec
Zipfian (epoch 66, progress 0.28%): UPDATE throughput 0.00 ops/sec, INSERT throughput 0.00 ops/sec, READ throughput 643.91 ops/sec, SCAN throughput 0.00 ops/sec, READ_MODIFY_WRITE throughput 688.90 ops/sec, total throughput 1332.81 ops/sec
Zipfian (epoch 67, progress 0.28%): UPDATE throughput 0.00 ops/sec, INSERT throughput 0.00 ops/sec, READ throughput 556.92 ops/sec, SCAN throughput 0.00 ops/sec, READ_MODIFY_WRITE throughput 626.91 ops/sec, total throughput 1183.83 ops/sec
Zipfian (epoch 68, progress 0.28%): UPDATE throughput 0.00 ops/sec, INSERT throughput 0.00 ops/sec, READ throughput 605.91 ops/sec, SCAN throughput 0.00 ops/sec, READ_MODIFY_WRITE throughput 585.92 ops/sec, total throughput 1191.83 ops/sec
Zipfian (epoch 69, progress 0.29%): UPDATE throughput 0.00 ops/sec, INSERT throughput 0.00 ops/sec, READ throughput 670.91 ops/sec, SCAN throughput 0.00 ops/sec, READ_MODIFY_WRITE throughput 658.91 ops/sec, total throughput 1329.81 ops/sec
Zipfian (epoch 70, progress 0.29%): UPDATE throughput 0.00 ops/sec, INSERT throughput 0.00 ops/sec, READ throughput 562.91 ops/sec, SCAN throughput 0.00 ops/sec, READ_MODIFY_WRITE throughput 548.91 ops/sec, total throughput 1111.83 ops/sec
Zipfian (epoch 71, progress 0.29%): UPDATE throughput 0.00 ops/sec, INSERT throughput 0.00 ops/sec, READ throughput 677.89 ops/sec, SCAN throughput 0.00 ops/sec, READ_MODIFY_WRITE throughput 685.89 ops/sec, total throughput 1363.79 ops/sec
Zipfian (epoch 72, progress 0.30%): UPDATE throughput 0.00 ops/sec, INSERT throughput 0.00 ops/sec, READ throughput 674.91 ops/sec, SCAN throughput 0.00 ops/sec, READ_MODIFY_WRITE throughput 635.91 ops/sec, total throughput 1310.82 ops/sec
Zipfian (epoch 73, progress 0.30%): UPDATE throughput 0.00 ops/sec, INSERT throughput 0.00 ops/sec, READ throughput 609.91 ops/sec, SCAN throughput 0.00 ops/sec, READ_MODIFY_WRITE throughput 665.91 ops/sec, total throughput 1275.82 ops/sec
Zipfian (epoch 74, progress 0.30%): UPDATE throughput 0.00 ops/sec, INSERT throughput 0.00 ops/sec, READ throughput 617.91 ops/sec, SCAN throughput 0.00 ops/sec, READ_MODIFY_WRITE throughput 579.92 ops/sec, total throughput 1197.83 ops/sec
Zipfian (epoch 75, progress 0.31%): UPDATE throughput 0.00 ops/sec, INSERT throughput 0.00 ops/sec, READ throughput 544.92 ops/sec, SCAN throughput 0.00 ops/sec, READ_MODIFY_WRITE throughput 536.93 ops/sec, total throughput 1081.85 ops/sec
Zipfian (epoch 76, progress 0.31%): UPDATE throughput 0.00 ops/sec, INSERT throughput 0.00 ops/sec, READ throughput 644.91 ops/sec, SCAN throughput 0.00 ops/sec, READ_MODIFY_WRITE throughput 617.91 ops/sec, total throughput 1262.82 ops/sec
Zipfian (epoch 77, progress 0.31%): UPDATE throughput 0.00 ops/sec, INSERT throughput 0.00 ops/sec, READ throughput 523.93 ops/sec, SCAN throughput 0.00 ops/sec, READ_MODIFY_WRITE throughput 558.92 ops/sec, total throughput 1082.85 ops/sec
Zipfian (epoch 78, progress 0.31%): UPDATE throughput 0.00 ops/sec, INSERT throughput 0.00 ops/sec, READ throughput 596.92 ops/sec, SCAN throughput 0.00 ops/sec, READ_MODIFY_WRITE throughput 590.92 ops/sec, total throughput 1187.83 ops/sec
Zipfian (epoch 79, progress 0.32%): UPDATE throughput 0.00 ops/sec, INSERT throughput 0.00 ops/sec, READ throughput 607.91 ops/sec, SCAN throughput 0.00 ops/sec, READ_MODIFY_WRITE throughput 664.90 ops/sec, total throughput 1272.82 ops/sec
Zipfian (epoch 80, progress 0.32%): UPDATE throughput 0.00 ops/sec, INSERT throughput 0.00 ops/sec, READ throughput 545.92 ops/sec, SCAN throughput 0.00 ops/sec, READ_MODIFY_WRITE throughput 565.92 ops/sec, total throughput 1111.84 ops/sec
Zipfian (epoch 81, progress 0.32%): UPDATE throughput 0.00 ops/sec, INSERT throughput 0.00 ops/sec, READ throughput 533.92 ops/sec, SCAN throughput 0.00 ops/sec, READ_MODIFY_WRITE throughput 544.92 ops/sec, total throughput 1078.85 ops/sec
Zipfian (epoch 82, progress 0.33%): UPDATE throughput 0.00 ops/sec, INSERT throughput 0.00 ops/sec, READ throughput 529.92 ops/sec, SCAN throughput 0.00 ops/sec, READ_MODIFY_WRITE throughput 527.92 ops/sec, total throughput 1057.83 ops/sec
Zipfian (epoch 83, progress 0.33%): UPDATE throughput 0.00 ops/sec, INSERT throughput 0.00 ops/sec, READ throughput 559.92 ops/sec, SCAN throughput 0.00 ops/sec, READ_MODIFY_WRITE throughput 539.92 ops/sec, total throughput 1099.84 ops/sec
Zipfian (epoch 84, progress 0.33%): UPDATE throughput 0.00 ops/sec, INSERT throughput 0.00 ops/sec, READ throughput 558.91 ops/sec, SCAN throughput 0.00 ops/sec, READ_MODIFY_WRITE throughput 555.91 ops/sec, total throughput 1114.83 ops/sec
Zipfian (epoch 85, progress 0.33%): UPDATE throughput 0.00 ops/sec, INSERT throughput 0.00 ops/sec, READ throughput 583.92 ops/sec, SCAN throughput 0.00 ops/sec, READ_MODIFY_WRITE throughput 616.91 ops/sec, total throughput 1200.83 ops/sec
Zipfian (epoch 86, progress 0.34%): UPDATE throughput 0.00 ops/sec, INSERT throughput 0.00 ops/sec, READ throughput 434.93 ops/sec, SCAN throughput 0.00 ops/sec, READ_MODIFY_WRITE throughput 433.93 ops/sec, total throughput 868.86 ops/sec
Zipfian (epoch 87, progress 0.34%): UPDATE throughput 0.00 ops/sec, INSERT throughput 0.00 ops/sec, READ throughput 569.92 ops/sec, SCAN throughput 0.00 ops/sec, READ_MODIFY_WRITE throughput 518.93 ops/sec, total throughput 1088.84 ops/sec
Zipfian (epoch 88, progress 0.34%): UPDATE throughput 0.00 ops/sec, INSERT throughput 0.00 ops/sec, READ throughput 555.91 ops/sec, SCAN throughput 0.00 ops/sec, READ_MODIFY_WRITE throughput 512.92 ops/sec, total throughput 1068.83 ops/sec
Zipfian (epoch 89, progress 0.35%): UPDATE throughput 0.00 ops/sec, INSERT throughput 0.00 ops/sec, READ throughput 572.92 ops/sec, SCAN throughput 0.00 ops/sec, READ_MODIFY_WRITE throughput 589.92 ops/sec, total throughput 1162.84 ops/sec
Zipfian (epoch 90, progress 0.35%): UPDATE throughput 0.00 ops/sec, INSERT throughput 0.00 ops/sec, READ throughput 588.91 ops/sec, SCAN throughput 0.00 ops/sec, READ_MODIFY_WRITE throughput 605.91 ops/sec, total throughput 1194.82 ops/sec
Zipfian (epoch 91, progress 0.35%): UPDATE throughput 0.00 ops/sec, INSERT throughput 0.00 ops/sec, READ throughput 552.92 ops/sec, SCAN throughput 0.00 ops/sec, READ_MODIFY_WRITE throughput 520.93 ops/sec, total throughput 1073.85 ops/sec
Zipfian (epoch 92, progress 0.35%): UPDATE throughput 0.00 ops/sec, INSERT throughput 0.00 ops/sec, READ throughput 563.92 ops/sec, SCAN throughput 0.00 ops/sec, READ_MODIFY_WRITE throughput 616.91 ops/sec, total throughput 1180.83 ops/sec
Zipfian (epoch 93, progress 0.36%): UPDATE throughput 0.00 ops/sec, INSERT throughput 0.00 ops/sec, READ throughput 581.91 ops/sec, SCAN throughput 0.00 ops/sec, READ_MODIFY_WRITE throughput 534.92 ops/sec, total throughput 1116.83 ops/sec
Zipfian (epoch 94, progress 0.36%): UPDATE throughput 0.00 ops/sec, INSERT throughput 0.00 ops/sec, READ throughput 0.00 ops/sec, SCAN throughput 0.00 ops/sec, READ_MODIFY_WRITE throughput 0.00 ops/sec, total throughput 0.00 ops/sec
Zipfian (epoch 95, progress 0.36%): UPDATE throughput 0.00 ops/sec, INSERT throughput 0.00 ops/sec, READ throughput 0.00 ops/sec, SCAN throughput 0.00 ops/sec, READ_MODIFY_WRITE throughput 0.00 ops/sec, total throughput 0.00 ops/sec
Zipfian (epoch 96, progress 0.36%): UPDATE throughput 0.00 ops/sec, INSERT throughput 0.00 ops/sec, READ throughput 0.00 ops/sec, SCAN throughput 0.00 ops/sec, READ_MODIFY_WRITE throughput 0.00 ops/sec, total throughput 0.00 ops/sec
Zipfian (epoch 97, progress 0.36%): UPDATE throughput 0.00 ops/sec, INSERT throughput 0.00 ops/sec, READ throughput 585.92 ops/sec, SCAN throughput 0.00 ops/sec, READ_MODIFY_WRITE throughput 571.92 ops/sec, total throughput 1157.84 ops/sec
Zipfian (epoch 98, progress 0.36%): UPDATE throughput 0.00 ops/sec, INSERT throughput 0.00 ops/sec, READ throughput 540.92 ops/sec, SCAN throughput 0.00 ops/sec, READ_MODIFY_WRITE throughput 530.92 ops/sec, total throughput 1071.83 ops/sec
Zipfian (epoch 99, progress 0.37%): UPDATE throughput 0.00 ops/sec, INSERT throughput 0.00 ops/sec, READ throughput 636.91 ops/sec, SCAN throughput 0.00 ops/sec, READ_MODIFY_WRITE throughput 626.91 ops/sec, total throughput 1263.82 ops/sec
Zipfian (epoch 100, progress 0.37%): UPDATE throughput 0.00 ops/sec, INSERT throughput 0.00 ops/sec, READ throughput 554.91 ops/sec, SCAN throughput 0.00 ops/sec, READ_MODIFY_WRITE throughput 531.92 ops/sec, total throughput 1086.83 ops/sec
Zipfian (epoch 101, progress 0.37%): UPDATE throughput 0.00 ops/sec, INSERT throughput 0.00 ops/sec, READ throughput 708.90 ops/sec, SCAN throughput 0.00 ops/sec, READ_MODIFY_WRITE throughput 656.91 ops/sec, total throughput 1365.80 ops/sec
Zipfian (epoch 102, progress 0.37%): UPDATE throughput 0.00 ops/sec, INSERT throughput 0.00 ops/sec, READ throughput 636.91 ops/sec, SCAN throughput 0.00 ops/sec, READ_MODIFY_WRITE throughput 699.90 ops/sec, total throughput 1336.81 ops/sec
Zipfian (epoch 103, progress 0.38%): UPDATE throughput 0.00 ops/sec, INSERT throughput 0.00 ops/sec, READ throughput 744.89 ops/sec, SCAN throughput 0.00 ops/sec, READ_MODIFY_WRITE throughput 682.90 ops/sec, total throughput 1427.80 ops/sec
Zipfian (epoch 104, progress 0.38%): UPDATE throughput 0.00 ops/sec, INSERT throughput 0.00 ops/sec, READ throughput 737.89 ops/sec, SCAN throughput 0.00 ops/sec, READ_MODIFY_WRITE throughput 704.89 ops/sec, total throughput 1442.78 ops/sec
Zipfian (epoch 105, progress 0.39%): UPDATE throughput 0.00 ops/sec, INSERT throughput 0.00 ops/sec, READ throughput 731.90 ops/sec, SCAN throughput 0.00 ops/sec, READ_MODIFY_WRITE throughput 650.91 ops/sec, total throughput 1382.80 ops/sec
Zipfian (epoch 106, progress 0.39%): UPDATE throughput 0.00 ops/sec, INSERT throughput 0.00 ops/sec, READ throughput 715.89 ops/sec, SCAN throughput 0.00 ops/sec, READ_MODIFY_WRITE throughput 745.89 ops/sec, total throughput 1461.78 ops/sec
Zipfian (epoch 107, progress 0.39%): UPDATE throughput 0.00 ops/sec, INSERT throughput 0.00 ops/sec, READ throughput 817.88 ops/sec, SCAN throughput 0.00 ops/sec, READ_MODIFY_WRITE throughput 768.89 ops/sec, total throughput 1586.78 ops/sec
Zipfian (epoch 108, progress 0.40%): UPDATE throughput 0.00 ops/sec, INSERT throughput 0.00 ops/sec, READ throughput 682.89 ops/sec, SCAN throughput 0.00 ops/sec, READ_MODIFY_WRITE throughput 672.90 ops/sec, total throughput 1355.79 ops/sec
Zipfian (epoch 109, progress 0.40%): UPDATE throughput 0.00 ops/sec, INSERT throughput 0.00 ops/sec, READ throughput 811.88 ops/sec, SCAN throughput 0.00 ops/sec, READ_MODIFY_WRITE throughput 842.88 ops/sec, total throughput 1654.77 ops/sec
Zipfian (epoch 110, progress 0.40%): UPDATE throughput 0.00 ops/sec, INSERT throughput 0.00 ops/sec, READ throughput 736.89 ops/sec, SCAN throughput 0.00 ops/sec, READ_MODIFY_WRITE throughput 751.88 ops/sec, total throughput 1488.77 ops/sec
Zipfian (epoch 111, progress 0.41%): UPDATE throughput 0.00 ops/sec, INSERT throughput 0.00 ops/sec, READ throughput 795.89 ops/sec, SCAN throughput 0.00 ops/sec, READ_MODIFY_WRITE throughput 753.89 ops/sec, total throughput 1549.78 ops/sec
Zipfian (epoch 112, progress 0.41%): UPDATE throughput 0.00 ops/sec, INSERT throughput 0.00 ops/sec, READ throughput 687.89 ops/sec, SCAN throughput 0.00 ops/sec, READ_MODIFY_WRITE throughput 661.90 ops/sec, total throughput 1349.79 ops/sec
Zipfian (epoch 113, progress 0.41%): UPDATE throughput 0.00 ops/sec, INSERT throughput 0.00 ops/sec, READ throughput 688.90 ops/sec, SCAN throughput 0.00 ops/sec, READ_MODIFY_WRITE throughput 645.91 ops/sec, total throughput 1334.81 ops/sec
Zipfian (epoch 114, progress 0.42%): UPDATE throughput 0.00 ops/sec, INSERT throughput 0.00 ops/sec, READ throughput 767.88 ops/sec, SCAN throughput 0.00 ops/sec, READ_MODIFY_WRITE throughput 804.87 ops/sec, total throughput 1572.75 ops/sec
Zipfian (epoch 115, progress 0.42%): UPDATE throughput 0.00 ops/sec, INSERT throughput 0.00 ops/sec, READ throughput 648.91 ops/sec, SCAN throughput 0.00 ops/sec, READ_MODIFY_WRITE throughput 612.91 ops/sec, total throughput 1261.82 ops/sec
Zipfian (epoch 116, progress 0.42%): UPDATE throughput 0.00 ops/sec, INSERT throughput 0.00 ops/sec, READ throughput 522.92 ops/sec, SCAN throughput 0.00 ops/sec, READ_MODIFY_WRITE throughput 534.92 ops/sec, total throughput 1057.84 ops/sec
Zipfian (epoch 117, progress 0.43%): UPDATE throughput 0.00 ops/sec, INSERT throughput 0.00 ops/sec, READ throughput 475.93 ops/sec, SCAN throughput 0.00 ops/sec, READ_MODIFY_WRITE throughput 526.93 ops/sec, total throughput 1002.86 ops/sec
Zipfian (epoch 118, progress 0.43%): UPDATE throughput 0.00 ops/sec, INSERT throughput 0.00 ops/sec, READ throughput 473.93 ops/sec, SCAN throughput 0.00 ops/sec, READ_MODIFY_WRITE throughput 490.93 ops/sec, total throughput 964.85 ops/sec
Zipfian (epoch 119, progress 0.43%): UPDATE throughput 0.00 ops/sec, INSERT throughput 0.00 ops/sec, READ throughput 544.92 ops/sec, SCAN throughput 0.00 ops/sec, READ_MODIFY_WRITE throughput 490.93 ops/sec, total throughput 1035.85 ops/sec
Zipfian (epoch 120, progress 0.43%): UPDATE throughput 0.00 ops/sec, INSERT throughput 0.00 ops/sec, READ throughput 537.92 ops/sec, SCAN throughput 0.00 ops/sec, READ_MODIFY_WRITE throughput 545.92 ops/sec, total throughput 1083.83 ops/sec
time's up!
Zipfian: calculating overall performance metrics... (might take a while)
Zipfian overall: UPDATE throughput 0.00 ops/sec, INSERT throughput 0.00 ops/sec, READ throughput 726.26 ops/sec, SCAN throughput 0.00 ops/sec, READ_MODIFY_WRITE throughput 722.96 ops/sec, total throughput 1449.21 ops/sec
Zipfian overall: UPDATE average latency 0.00 ns, UPDATE p99 latency 0.00 ns, INSERT average latency 0.00 ns, INSERT p99 latency 0.00 ns, READ average latency 3610572.37 ns, READ p99 latency 51805427.26 ns, SCAN average latency 0.00 ns, SCAN p99 latency 0.00 ns, READ_MODIFY_WRITE average latency 1874104.10 ns, READ_MODIFY_WRITE p99 latency 29112197.79 ns

total_throughput 2529.81
read_p99_ns 51989803.42
wan_reader_throughput 1080.6
wan_writer_throughput 1449.21
