2026-03-09 22:04:53,221 INFO Waiting for evaluation lock /tmp/cache_ext_evaluate.lock ...
2026-03-09 22:10:37,314 INFO Acquired evaluation lock.
2026-03-09 22:10:37,314 INFO === Step 0: Drop page cache ===
2026-03-09 22:10:37,314 INFO Database already exists at /mydata/leveldb_temp (CURRENT file found), skipping rsync
2026-03-09 22:10:37,314 INFO CMD: sudo sync
2026-03-09 22:10:37,545 INFO CMD: sudo sh -c echo 3 > /proc/sys/vm/drop_caches
2026-03-09 22:10:37,879 INFO Page cache dropped.
2026-03-09 22:10:37,880 INFO === Step 1: Compile evolved policy ===
2026-03-09 22:10:37,891 INFO CMD: sudo chown -R root: /mydata/cache_ext/eviction_evo/build
2026-03-09 22:10:38,163 INFO CMD: clang-14 -O2 -target bpf -D__TARGET_ARCH_x86 -c -g -Wall -idirafter /usr/lib/llvm-14/lib/clang/14.0.0/include -idirafter /usr/local/include -idirafter /usr/include/x86_64-linux-gnu -idirafter /usr/include /mydata/cache_ext/eviction_evo/build/cache_ext_evolved.bpf.c -o /mydata/cache_ext/eviction_evo/build/cache_ext_evolved.bpf.o
2026-03-09 22:10:41,329 INFO CMD: /usr/local/sbin/bpftool gen skeleton /mydata/cache_ext/eviction_evo/build/cache_ext_evolved.bpf.o name cache_ext_evolved_bpf
2026-03-09 22:10:41,514 INFO CMD: clang-14 -O2 -g -Wall -I/mydata/cache_ext/eviction_evo/build -I/mydata/cache_ext/policies /mydata/cache_ext/eviction_evo/cache_ext_evolved.c -o /mydata/cache_ext/eviction_evo/build/cache_ext_evolved.out -L/usr/local/lib64 -lbpf
2026-03-09 22:10:42,407 INFO Compilation successful: /mydata/cache_ext/eviction_evo/build/cache_ext_evolved.out
2026-03-09 22:10:42,408 INFO === Step 2: Disable MGLRU ===
2026-03-09 22:10:42,408 INFO MGLRU current state: 0x0000 — disabling
2026-03-09 22:10:42,408 INFO CMD: sudo sh -c echo 0 > /sys/kernel/mm/lru_gen/enabled
2026-03-09 22:10:42,427 INFO MGLRU disabled.
2026-03-09 22:10:42,427 INFO === Step 3: Create cgroup ===
2026-03-09 22:10:42,427 INFO CMD: sudo cgdelete memory:cache_ext_test
2026-03-09 22:10:42,465 INFO CMD: sudo cgcreate -g memory:cache_ext_test
2026-03-09 22:10:42,577 INFO CMD: sudo sh -c echo 536870912 > /sys/fs/cgroup/cache_ext_test/memory.max
2026-03-09 22:10:42,593 INFO Created cgroup cache_ext_test with limit 536870912 bytes
2026-03-09 22:10:42,594 INFO === Step 4: Load BPF policy ===
2026-03-09 22:10:42,594 INFO Loading policy: sudo /mydata/cache_ext/eviction_evo/build/cache_ext_evolved.out --watch_dir /mydata/leveldb_temp --cgroup_path /sys/fs/cgroup/cache_ext_test
2026-03-09 22:10:52,605 INFO Policy loaded (PID 255408)
2026-03-09 22:10:52,605 INFO === Step 5: Start server ===
2026-03-09 22:10:52,605 INFO Starting server: sudo cgexec -g memory:cache_ext_test /mydata/cache_ext/net_leveldb_server 9100 /mydata/leveldb_temp
2026-03-09 22:10:52,606 INFO Waiting for server on port 9100 ...
2026-03-09 22:10:53,752 INFO Server ready (PID 255411) on port 9100
2026-03-09 22:10:53,752 INFO === Step 6: Run 2 trace benchmarks ===
2026-03-09 22:10:53,752 INFO --- Trace 1/2: dual_small_vs_large ---
2026-03-09 22:10:53,784 INFO Starting proxy: /usr/bin/python /mydata/cache_ext/eviction_evo/tcp_delay_proxy.py --listen-port 9101 --target-port 9100 --delay-ms 1 --bandwidth-kbps 500000
2026-03-09 22:10:54,794 INFO Proxy ready on port 9101
2026-03-09 22:10:54,799 INFO Starting client reader_fast: /mydata/cache_ext/My-YCSB/build/run_net_leveldb /tmp/dual_reader_fast_pd61z77n.yaml
2026-03-09 22:10:54,826 INFO Starting client writer_slow: /mydata/cache_ext/My-YCSB/build/run_net_leveldb /tmp/dual_writer_slow_hkbgguvw.yaml
2026-03-09 22:13:52,553 INFO Client reader_fast: throughput=180.35
2026-03-09 22:13:52,554 INFO Client writer_slow: throughput=133.97
2026-03-09 22:13:52,554 INFO Dual-client combined throughput: 314.32 ops/sec
2026-03-09 22:13:52,558 INFO Trace dual_small_vs_large: throughput=314.32 ops/sec
2026-03-09 22:13:52,558 INFO --- Trace 2/2: dual_congested ---
2026-03-09 22:13:52,558 INFO CMD: sudo sync
2026-03-09 22:13:52,735 INFO CMD: sudo sh -c echo 3 > /proc/sys/vm/drop_caches
2026-03-09 22:13:53,326 INFO Page cache dropped.
2026-03-09 22:13:55,358 INFO Starting proxy: /usr/bin/python /mydata/cache_ext/eviction_evo/tcp_delay_proxy.py --listen-port 9101 --target-port 9100 --delay-ms 2 --bandwidth-kbps 100000
2026-03-09 22:13:56,397 INFO Proxy ready on port 9101
2026-03-09 22:13:56,398 INFO Starting proxy: /usr/bin/python /mydata/cache_ext/eviction_evo/tcp_delay_proxy.py --listen-port 9102 --target-port 9100 --delay-ms 5 --bandwidth-kbps 50000
2026-03-09 22:13:57,400 INFO Proxy ready on port 9102
2026-03-09 22:13:57,430 INFO Starting client wan_reader: /mydata/cache_ext/My-YCSB/build/run_net_leveldb /tmp/dual_wan_reader__mvtxek3.yaml
2026-03-09 22:13:57,457 INFO Starting client wan_writer: /mydata/cache_ext/My-YCSB/build/run_net_leveldb /tmp/dual_wan_writer_6_4ygula.yaml
2026-03-09 22:16:54,299 INFO Client wan_reader: throughput=163.28
2026-03-09 22:16:54,511 INFO Client wan_writer: throughput=171.64
2026-03-09 22:16:54,511 INFO Dual-client combined throughput: 334.92 ops/sec
2026-03-09 22:16:54,518 INFO Trace dual_congested: throughput=334.92 ops/sec
2026-03-09 22:16:54,536 INFO === Evaluation complete ===
2026-03-09 22:16:54,536 INFO Combined score (harmonic mean): 324.29  (2/2 traces passed)
2026-03-09 22:16:54,536 INFO   dual_small_vs_large: 314.32 ops/sec
2026-03-09 22:16:54,536 INFO   dual_congested: 334.92 ops/sec
2026-03-09 22:16:54,537 INFO Stopping net_leveldb_server (PID 255411)
2026-03-09 22:16:54,537 INFO CMD: sudo kill 255411
2026-03-09 22:16:54,701 INFO Unloading BPF policy (PID 255408)
2026-03-09 22:16:54,701 INFO CMD: sudo kill -2 255408
2026-03-09 22:16:54,933 INFO CMD: sudo rm -f /sys/fs/bpf/cache_ext/scan_pids
2026-03-09 22:16:54,976 INFO CMD: sudo cgdelete memory:cache_ext_test
2026-03-09 22:16:55,011 INFO CMD: sudo sh -c echo 0x0000 > /sys/kernel/mm/lru_gen/enabled
2026-03-09 22:16:55,030 INFO MGLRU re-enabled (restored to 0x0000).
