2026-03-23 23:11:46,088 INFO Waiting for evaluation lock /tmp/cache_ext_evaluate_0.lock ...
2026-03-23 23:40:08,440 INFO Acquired evaluation lock.
2026-03-23 23:40:08,483 INFO === Step 0: Drop page cache ===
2026-03-23 23:40:08,483 INFO Database already exists at /mydata/leveldb_temp (CURRENT file found), skipping copy
2026-03-23 23:40:08,484 INFO CMD: sudo sync
2026-03-23 23:40:08,628 INFO CMD: sudo sh -c echo 3 > /proc/sys/vm/drop_caches
2026-03-23 23:40:08,863 INFO Page cache dropped.
2026-03-23 23:40:08,864 INFO === Step 1: Compile evolved policy ===
2026-03-23 23:40:08,876 INFO CMD: sudo chown -R root: /mydata/cache_ext/eviction_evo/build
2026-03-23 23:40:09,202 INFO CMD: clang-14 -O2 -target bpf -D__TARGET_ARCH_x86 -c -g -Wall -idirafter /usr/lib/llvm-14/lib/clang/14.0.0/include -idirafter /usr/local/include -idirafter /usr/include/x86_64-linux-gnu -idirafter /usr/include /mydata/cache_ext/eviction_evo/build/cache_ext_evolved.bpf.c -o /mydata/cache_ext/eviction_evo/build/cache_ext_evolved.bpf.o
2026-03-23 23:40:12,007 INFO CMD: /usr/local/sbin/bpftool gen skeleton /mydata/cache_ext/eviction_evo/build/cache_ext_evolved.bpf.o name cache_ext_evolved_bpf
2026-03-23 23:40:12,181 INFO CMD: clang-14 -O2 -g -Wall -I/mydata/cache_ext/eviction_evo/build -I/mydata/cache_ext/policies /mydata/cache_ext/eviction_evo/cache_ext_evolved.c -o /mydata/cache_ext/eviction_evo/build/cache_ext_evolved.out -L/usr/local/lib64 -lbpf
2026-03-23 23:40:13,026 INFO Compilation successful: /mydata/cache_ext/eviction_evo/build/cache_ext_evolved.out
2026-03-23 23:40:13,026 INFO === Step 2: Disable MGLRU ===
2026-03-23 23:40:13,028 INFO MGLRU watchdog started (PID 360833, will restore in 7800 s)
2026-03-23 23:40:13,028 INFO MGLRU current state: 0x0007 - disabling
2026-03-23 23:40:13,028 INFO CMD: sudo sh -c echo 0 > /sys/kernel/mm/lru_gen/enabled
2026-03-23 23:40:13,067 INFO MGLRU disabled.
2026-03-23 23:40:13,067 INFO === Step 3: Create cgroup ===
2026-03-23 23:40:13,149 INFO CMD: sudo cgcreate -g memory:cache_ext_test
2026-03-23 23:40:13,258 INFO CMD: sudo sh -c echo 536870912 > /sys/fs/cgroup/cache_ext_test/memory.max
2026-03-23 23:40:13,273 INFO Created cgroup cache_ext_test with limit 536870912 bytes
2026-03-23 23:40:13,273 INFO === Step 4: Load BPF policy ===
2026-03-23 23:40:13,273 INFO Loading policy: sudo /mydata/cache_ext/eviction_evo/build/cache_ext_evolved.out --watch_dir /mydata/leveldb_temp --cgroup_path /sys/fs/cgroup/cache_ext_test
2026-03-23 23:40:23,283 INFO Policy loaded (PID 360854)
2026-03-23 23:40:23,284 INFO === Step 5: Start server ===
2026-03-23 23:40:23,284 INFO Starting server: sudo cgexec -g memory:cache_ext_test /mydata/cache_ext/net_leveldb_server 9100 /mydata/leveldb_temp
2026-03-23 23:40:23,285 INFO Waiting for server on port 9100 ...
2026-03-23 23:40:24,328 INFO Server ready (PID 360857) on port 9100
2026-03-23 23:40:24,328 INFO === Step 6: Run 2 traces x 5 runs = 10 total benchmarks ===
2026-03-23 23:40:24,421 INFO --- Trace 1/2 (dual_small_vs_large) run 1/5  [1/10 overall] ---
2026-03-23 23:40:24,421 INFO CMD: sudo sync
2026-03-23 23:40:24,592 INFO CMD: sudo sh -c echo 3 > /proc/sys/vm/drop_caches
2026-03-23 23:40:24,886 INFO Page cache dropped.
2026-03-23 23:40:27,725 INFO Starting remote client reader_fast on krisub@node1: ssh -o StrictHostKeyChecking=no -o BatchMode=yes -i /users/krisub/.ssh/id_ed25519 krisub@node1 sh -lc 'exec /mydata/cache_ext/My-YCSB/build/run_net_leveldb /tmp/dual_reader_fast_nd51yul6.yaml'
2026-03-23 23:40:27,973 INFO Starting remote client writer_slow on krisub@node1: ssh -o StrictHostKeyChecking=no -o BatchMode=yes -i /users/krisub/.ssh/id_ed25519 krisub@node1 sh -lc 'exec /mydata/cache_ext/My-YCSB/build/run_net_leveldb /tmp/dual_writer_slow_9cx2ghgd.yaml'
2026-03-23 23:43:26,081 INFO Client reader_fast: throughput=962.21
2026-03-23 23:43:26,083 INFO Client writer_slow: throughput=552.69
2026-03-23 23:43:26,083 INFO Dual-client combined throughput: 1514.90 ops/sec
2026-03-23 23:43:26,549 INFO Trace dual_small_vs_large run 1: throughput=1514.90 ops/sec
2026-03-23 23:43:26,549 INFO --- Trace 1/2 (dual_small_vs_large) run 2/5  [2/10 overall] ---
2026-03-23 23:43:26,549 INFO CMD: sudo sync
2026-03-23 23:43:26,845 INFO CMD: sudo sh -c echo 3 > /proc/sys/vm/drop_caches
2026-03-23 23:43:27,156 INFO Page cache dropped.
2026-03-23 23:43:29,961 INFO Starting remote client reader_fast on krisub@node1: ssh -o StrictHostKeyChecking=no -o BatchMode=yes -i /users/krisub/.ssh/id_ed25519 krisub@node1 sh -lc 'exec /mydata/cache_ext/My-YCSB/build/run_net_leveldb /tmp/dual_reader_fast_g2eg_yt6.yaml'
2026-03-23 23:43:30,213 INFO Starting remote client writer_slow on krisub@node1: ssh -o StrictHostKeyChecking=no -o BatchMode=yes -i /users/krisub/.ssh/id_ed25519 krisub@node1 sh -lc 'exec /mydata/cache_ext/My-YCSB/build/run_net_leveldb /tmp/dual_writer_slow_enw98f7m.yaml'
2026-03-23 23:46:28,163 INFO Client reader_fast: throughput=669.48
2026-03-23 23:46:28,165 INFO Client writer_slow: throughput=569.09
2026-03-23 23:46:28,165 INFO Dual-client combined throughput: 1238.57 ops/sec
2026-03-23 23:46:28,605 INFO Trace dual_small_vs_large run 2: throughput=1238.57 ops/sec
2026-03-23 23:46:28,605 INFO --- Trace 1/2 (dual_small_vs_large) run 3/5  [3/10 overall] ---
2026-03-23 23:46:28,605 INFO CMD: sudo sync
2026-03-23 23:46:28,993 INFO CMD: sudo sh -c echo 3 > /proc/sys/vm/drop_caches
2026-03-23 23:46:29,294 INFO Page cache dropped.
2026-03-23 23:46:32,062 INFO Starting remote client reader_fast on krisub@node1: ssh -o StrictHostKeyChecking=no -o BatchMode=yes -i /users/krisub/.ssh/id_ed25519 krisub@node1 sh -lc 'exec /mydata/cache_ext/My-YCSB/build/run_net_leveldb /tmp/dual_reader_fast_p3q01lzf.yaml'
2026-03-23 23:46:32,313 INFO Starting remote client writer_slow on krisub@node1: ssh -o StrictHostKeyChecking=no -o BatchMode=yes -i /users/krisub/.ssh/id_ed25519 krisub@node1 sh -lc 'exec /mydata/cache_ext/My-YCSB/build/run_net_leveldb /tmp/dual_writer_slow_pndks_qv.yaml'
2026-03-23 23:49:30,421 INFO Client reader_fast: throughput=617.17
2026-03-23 23:49:30,423 INFO Client writer_slow: throughput=421.09
2026-03-23 23:49:30,423 INFO Dual-client combined throughput: 1038.26 ops/sec
2026-03-23 23:49:30,881 INFO Trace dual_small_vs_large run 3: throughput=1038.26 ops/sec
2026-03-23 23:49:30,881 INFO --- Trace 1/2 (dual_small_vs_large) run 4/5  [4/10 overall] ---
2026-03-23 23:49:30,881 INFO CMD: sudo sync
2026-03-23 23:49:31,229 INFO CMD: sudo sh -c echo 3 > /proc/sys/vm/drop_caches
2026-03-23 23:49:31,536 INFO Page cache dropped.
2026-03-23 23:49:34,362 INFO Starting remote client reader_fast on krisub@node1: ssh -o StrictHostKeyChecking=no -o BatchMode=yes -i /users/krisub/.ssh/id_ed25519 krisub@node1 sh -lc 'exec /mydata/cache_ext/My-YCSB/build/run_net_leveldb /tmp/dual_reader_fast_a5nw3ob7.yaml'
2026-03-23 23:49:34,637 INFO Starting remote client writer_slow on krisub@node1: ssh -o StrictHostKeyChecking=no -o BatchMode=yes -i /users/krisub/.ssh/id_ed25519 krisub@node1 sh -lc 'exec /mydata/cache_ext/My-YCSB/build/run_net_leveldb /tmp/dual_writer_slow_jfgu9wc2.yaml'
2026-03-23 23:52:32,670 INFO Client reader_fast: throughput=628.60
2026-03-23 23:52:32,672 INFO Client writer_slow: throughput=448.36
2026-03-23 23:52:32,672 INFO Dual-client combined throughput: 1076.96 ops/sec
2026-03-23 23:52:33,161 INFO Trace dual_small_vs_large run 4: throughput=1076.96 ops/sec
2026-03-23 23:52:33,161 INFO --- Trace 1/2 (dual_small_vs_large) run 5/5  [5/10 overall] ---
2026-03-23 23:52:33,161 INFO CMD: sudo sync
2026-03-23 23:52:33,379 INFO CMD: sudo sh -c echo 3 > /proc/sys/vm/drop_caches
2026-03-23 23:52:33,685 INFO Page cache dropped.
2026-03-23 23:52:36,449 INFO Starting remote client reader_fast on krisub@node1: ssh -o StrictHostKeyChecking=no -o BatchMode=yes -i /users/krisub/.ssh/id_ed25519 krisub@node1 sh -lc 'exec /mydata/cache_ext/My-YCSB/build/run_net_leveldb /tmp/dual_reader_fast_9k23qwxl.yaml'
2026-03-23 23:52:36,688 INFO Starting remote client writer_slow on krisub@node1: ssh -o StrictHostKeyChecking=no -o BatchMode=yes -i /users/krisub/.ssh/id_ed25519 krisub@node1 sh -lc 'exec /mydata/cache_ext/My-YCSB/build/run_net_leveldb /tmp/dual_writer_slow_3xlmc6u6.yaml'
2026-03-23 23:55:34,772 INFO Client reader_fast: throughput=716.03
2026-03-23 23:55:34,773 INFO Client writer_slow: throughput=475.90
2026-03-23 23:55:34,773 INFO Dual-client combined throughput: 1191.93 ops/sec
2026-03-23 23:55:35,249 INFO Trace dual_small_vs_large run 5: throughput=1191.93 ops/sec
2026-03-23 23:55:35,250 INFO Trace dual_small_vs_large summary: mean=1212.12 std=187.94 min=1038.26 max=1514.90 (CV=15.5%)
2026-03-23 23:55:35,310 INFO --- Trace 2/2 (dual_congested) run 1/5  [6/10 overall] ---
2026-03-23 23:55:35,310 INFO CMD: sudo sync
2026-03-23 23:55:35,601 INFO CMD: sudo sh -c echo 3 > /proc/sys/vm/drop_caches
2026-03-23 23:55:35,972 INFO Page cache dropped.
2026-03-23 23:55:38,757 INFO Starting remote client wan_reader on krisub@node1: ssh -o StrictHostKeyChecking=no -o BatchMode=yes -i /users/krisub/.ssh/id_ed25519 krisub@node1 sh -lc 'exec /mydata/cache_ext/My-YCSB/build/run_net_leveldb /tmp/dual_wan_reader_7u6l3nd2.yaml'
2026-03-23 23:55:39,004 INFO Starting remote client wan_writer on krisub@node1: ssh -o StrictHostKeyChecking=no -o BatchMode=yes -i /users/krisub/.ssh/id_ed25519 krisub@node1 sh -lc 'exec /mydata/cache_ext/My-YCSB/build/run_net_leveldb /tmp/dual_wan_writer_yjld0nl_.yaml'
2026-03-23 23:58:37,188 INFO Client wan_reader: throughput=1130.54
2026-03-23 23:58:37,404 INFO Client wan_writer: throughput=1250.70
2026-03-23 23:58:37,404 INFO Dual-client combined throughput: 2381.24 ops/sec
2026-03-23 23:58:37,869 INFO Trace dual_congested run 1: throughput=2381.24 ops/sec
2026-03-23 23:58:37,869 INFO --- Trace 2/2 (dual_congested) run 2/5  [7/10 overall] ---
2026-03-23 23:58:37,869 INFO CMD: sudo sync
2026-03-23 23:58:38,164 INFO CMD: sudo sh -c echo 3 > /proc/sys/vm/drop_caches
2026-03-23 23:58:38,494 INFO Page cache dropped.
2026-03-23 23:58:41,292 INFO Starting remote client wan_reader on krisub@node1: ssh -o StrictHostKeyChecking=no -o BatchMode=yes -i /users/krisub/.ssh/id_ed25519 krisub@node1 sh -lc 'exec /mydata/cache_ext/My-YCSB/build/run_net_leveldb /tmp/dual_wan_reader_p13z0ce2.yaml'
2026-03-23 23:58:41,544 INFO Starting remote client wan_writer on krisub@node1: ssh -o StrictHostKeyChecking=no -o BatchMode=yes -i /users/krisub/.ssh/id_ed25519 krisub@node1 sh -lc 'exec /mydata/cache_ext/My-YCSB/build/run_net_leveldb /tmp/dual_wan_writer_una0fr9z.yaml'
2026-03-24 00:01:39,675 INFO Client wan_reader: throughput=1112.33
2026-03-24 00:01:39,790 INFO Client wan_writer: throughput=1519.33
2026-03-24 00:01:39,791 INFO Dual-client combined throughput: 2631.66 ops/sec
2026-03-24 00:01:40,269 INFO Trace dual_congested run 2: throughput=2631.66 ops/sec
2026-03-24 00:01:40,269 INFO --- Trace 2/2 (dual_congested) run 3/5  [8/10 overall] ---
2026-03-24 00:01:40,269 INFO CMD: sudo sync
2026-03-24 00:01:40,503 INFO CMD: sudo sh -c echo 3 > /proc/sys/vm/drop_caches
2026-03-24 00:01:40,786 INFO Page cache dropped.
2026-03-24 00:01:43,546 INFO Starting remote client wan_reader on krisub@node1: ssh -o StrictHostKeyChecking=no -o BatchMode=yes -i /users/krisub/.ssh/id_ed25519 krisub@node1 sh -lc 'exec /mydata/cache_ext/My-YCSB/build/run_net_leveldb /tmp/dual_wan_reader_y0jthyzb.yaml'
2026-03-24 00:01:43,809 INFO Starting remote client wan_writer on krisub@node1: ssh -o StrictHostKeyChecking=no -o BatchMode=yes -i /users/krisub/.ssh/id_ed25519 krisub@node1 sh -lc 'exec /mydata/cache_ext/My-YCSB/build/run_net_leveldb /tmp/dual_wan_writer_yu140y8t.yaml'
2026-03-24 00:04:41,939 INFO Client wan_reader: throughput=1167.90
2026-03-24 00:04:41,941 INFO Client wan_writer: throughput=1637.75
2026-03-24 00:04:41,941 INFO Dual-client combined throughput: 2805.65 ops/sec
2026-03-24 00:04:42,429 INFO Trace dual_congested run 3: throughput=2805.65 ops/sec
2026-03-24 00:04:42,429 INFO --- Trace 2/2 (dual_congested) run 4/5  [9/10 overall] ---
2026-03-24 00:04:42,429 INFO CMD: sudo sync
2026-03-24 00:04:42,687 INFO CMD: sudo sh -c echo 3 > /proc/sys/vm/drop_caches
2026-03-24 00:04:42,999 INFO Page cache dropped.
2026-03-24 00:04:45,768 INFO Starting remote client wan_reader on krisub@node1: ssh -o StrictHostKeyChecking=no -o BatchMode=yes -i /users/krisub/.ssh/id_ed25519 krisub@node1 sh -lc 'exec /mydata/cache_ext/My-YCSB/build/run_net_leveldb /tmp/dual_wan_reader_j84ufg76.yaml'
2026-03-24 00:04:46,024 INFO Starting remote client wan_writer on krisub@node1: ssh -o StrictHostKeyChecking=no -o BatchMode=yes -i /users/krisub/.ssh/id_ed25519 krisub@node1 sh -lc 'exec /mydata/cache_ext/My-YCSB/build/run_net_leveldb /tmp/dual_wan_writer_i_fec_z1.yaml'
2026-03-24 00:07:44,006 INFO Client wan_reader: throughput=1170.28
2026-03-24 00:07:44,422 INFO Client wan_writer: throughput=1672.11
2026-03-24 00:07:44,422 INFO Dual-client combined throughput: 2842.39 ops/sec
2026-03-24 00:07:44,866 INFO Trace dual_congested run 4: throughput=2842.39 ops/sec
2026-03-24 00:07:44,866 INFO --- Trace 2/2 (dual_congested) run 5/5  [10/10 overall] ---
2026-03-24 00:07:44,866 INFO CMD: sudo sync
2026-03-24 00:07:45,191 INFO CMD: sudo sh -c echo 3 > /proc/sys/vm/drop_caches
2026-03-24 00:07:45,532 INFO Page cache dropped.
2026-03-24 00:07:48,294 INFO Starting remote client wan_reader on krisub@node1: ssh -o StrictHostKeyChecking=no -o BatchMode=yes -i /users/krisub/.ssh/id_ed25519 krisub@node1 sh -lc 'exec /mydata/cache_ext/My-YCSB/build/run_net_leveldb /tmp/dual_wan_reader_lsutoe6z.yaml'
2026-03-24 00:07:48,565 INFO Starting remote client wan_writer on krisub@node1: ssh -o StrictHostKeyChecking=no -o BatchMode=yes -i /users/krisub/.ssh/id_ed25519 krisub@node1 sh -lc 'exec /mydata/cache_ext/My-YCSB/build/run_net_leveldb /tmp/dual_wan_writer_6h884mcb.yaml'
2026-03-24 00:10:46,597 INFO Client wan_reader: throughput=1193.99
2026-03-24 00:10:46,712 INFO Client wan_writer: throughput=1723.96
2026-03-24 00:10:46,712 INFO Dual-client combined throughput: 2917.95 ops/sec
2026-03-24 00:10:47,177 INFO Trace dual_congested run 5: throughput=2917.95 ops/sec
2026-03-24 00:10:47,178 INFO Trace dual_congested summary: mean=2715.78 std=214.46 min=2381.24 max=2917.95 (CV=7.9%)
2026-03-24 00:10:47,203 INFO === Evaluation complete (5 runs per trace) ===
2026-03-24 00:10:47,203 INFO Combined score (harmonic mean of means): 1676.14  (2/2 traces passed)
2026-03-24 00:10:47,203 INFO   dual_small_vs_large: mean=1212.12 std=187.94 [1038.26 .. 1514.90]
2026-03-24 00:10:47,203 INFO   dual_congested: mean=2715.78 std=214.46 [2381.24 .. 2917.95]
2026-03-24 00:10:47,203 INFO Stopping net_leveldb_server (PID 360857)
2026-03-24 00:10:47,203 INFO CMD: sudo kill 360857
2026-03-24 00:10:47,329 INFO Unloading BPF policy (PID 360854)
2026-03-24 00:10:47,330 INFO CMD: sudo kill -2 360854
2026-03-24 00:10:47,660 INFO CMD: sudo rm -f /sys/fs/bpf/cache_ext/scan_pids
2026-03-24 00:10:47,749 INFO CMD: sudo sh -c echo 0x0007 > /sys/kernel/mm/lru_gen/enabled
2026-03-24 00:10:47,817 INFO MGLRU re-enabled (restored to 0x0007).
2026-03-24 00:10:47,817 INFO MGLRU watchdog stopped (PID 360833)
