2026-03-15 21:13:40,885 INFO Waiting for evaluation lock /tmp/cache_ext_evaluate.lock ...
2026-03-15 21:13:40,885 INFO Acquired evaluation lock.
2026-03-15 21:13:40,885 INFO === Step 0: Drop page cache ===
2026-03-15 21:13:40,885 INFO Database already exists at /mydata/leveldb_temp (CURRENT file found), skipping rsync
2026-03-15 21:13:40,885 INFO CMD: sudo sync
2026-03-15 21:13:40,993 INFO CMD: sudo sh -c echo 3 > /proc/sys/vm/drop_caches
2026-03-15 21:13:41,303 INFO Page cache dropped.
2026-03-15 21:13:41,304 INFO === Step 1: Compile evolved policy ===
2026-03-15 21:13:41,311 INFO CMD: sudo chown -R root: /mydata/cache_ext/eviction_evo/build
2026-03-15 21:13:41,756 INFO CMD: clang-14 -O2 -target bpf -D__TARGET_ARCH_x86 -c -g -Wall -idirafter /usr/lib/llvm-14/lib/clang/14.0.0/include -idirafter /usr/local/include -idirafter /usr/include/x86_64-linux-gnu -idirafter /usr/include /mydata/cache_ext/eviction_evo/build/cache_ext_evolved.bpf.c -o /mydata/cache_ext/eviction_evo/build/cache_ext_evolved.bpf.o
2026-03-15 21:13:44,821 INFO CMD: /usr/local/sbin/bpftool gen skeleton /mydata/cache_ext/eviction_evo/build/cache_ext_evolved.bpf.o name cache_ext_evolved_bpf
2026-03-15 21:13:45,017 INFO CMD: clang-14 -O2 -g -Wall -I/mydata/cache_ext/eviction_evo/build -I/mydata/cache_ext/policies /mydata/cache_ext/eviction_evo/cache_ext_evolved.c -o /mydata/cache_ext/eviction_evo/build/cache_ext_evolved.out -L/usr/local/lib64 -lbpf
2026-03-15 21:13:45,946 INFO Compilation successful: /mydata/cache_ext/eviction_evo/build/cache_ext_evolved.out
2026-03-15 21:13:45,946 INFO === Step 2: Disable MGLRU ===
2026-03-15 21:13:45,947 INFO MGLRU current state: 0x0007 — disabling
2026-03-15 21:13:45,947 INFO CMD: sudo sh -c echo 0 > /sys/kernel/mm/lru_gen/enabled
2026-03-15 21:13:46,021 INFO MGLRU disabled.
2026-03-15 21:13:46,021 INFO === Step 3: Create cgroup ===
2026-03-15 21:13:46,021 INFO CMD: sudo cgdelete memory:cache_ext_test
2026-03-15 21:13:46,104 INFO CMD: sudo cgcreate -g memory:cache_ext_test
2026-03-15 21:13:46,219 INFO CMD: sudo sh -c echo 536870912 > /sys/fs/cgroup/cache_ext_test/memory.max
2026-03-15 21:13:46,235 INFO Created cgroup cache_ext_test with limit 536870912 bytes
2026-03-15 21:13:46,235 INFO === Step 4: Load BPF policy ===
2026-03-15 21:13:46,235 INFO Loading policy: sudo /mydata/cache_ext/eviction_evo/build/cache_ext_evolved.out --watch_dir /mydata/leveldb_temp --cgroup_path /sys/fs/cgroup/cache_ext_test
2026-03-15 21:13:56,243 INFO Policy loaded (PID 154519)
2026-03-15 21:13:56,243 INFO === Step 5: Start server ===
2026-03-15 21:13:56,243 INFO Starting server: sudo cgexec -g memory:cache_ext_test /mydata/cache_ext/net_leveldb_server 9100 /mydata/leveldb_temp
2026-03-15 21:13:56,244 INFO Waiting for server on port 9100 ...
2026-03-15 21:13:57,333 INFO Server ready (PID 154578) on port 9100
2026-03-15 21:13:57,333 INFO === Step 6: Run 2 trace benchmarks ===
2026-03-15 21:13:57,333 INFO --- Trace 1/2: dual_small_vs_large ---
2026-03-15 21:13:58,170 INFO Starting remote client reader_fast on krisub@node1: ssh -o StrictHostKeyChecking=no -o BatchMode=yes -i /users/krisub/.ssh/id_ed25519 krisub@node1 sh -lc 'if command -v cgexec >/dev/null 2>&1; then cgexec -g memory:cache_ext_remote_clients /mydata/cache_ext/My-YCSB/build/run_net_leveldb /tmp/dual_reader_fast_4fmrf8yq.yaml && exit 0; fi; exec /mydata/cache_ext/My-YCSB/build/run_net_leveldb /tmp/dual_reader_fast_4fmrf8yq.yaml'
2026-03-15 21:13:58,422 INFO Starting remote client writer_slow on krisub@node1: ssh -o StrictHostKeyChecking=no -o BatchMode=yes -i /users/krisub/.ssh/id_ed25519 krisub@node1 sh -lc 'if command -v cgexec >/dev/null 2>&1; then cgexec -g memory:cache_ext_remote_clients /mydata/cache_ext/My-YCSB/build/run_net_leveldb /tmp/dual_writer_slow_9n7gp8n6.yaml && exit 0; fi; exec /mydata/cache_ext/My-YCSB/build/run_net_leveldb /tmp/dual_writer_slow_9n7gp8n6.yaml'
2026-03-15 21:16:57,026 INFO Client reader_fast: throughput=1024.02
2026-03-15 21:16:57,027 INFO Client writer_slow: throughput=334.16
2026-03-15 21:16:57,027 INFO Dual-client combined throughput: 1358.18 ops/sec
2026-03-15 21:16:57,514 INFO Trace dual_small_vs_large: throughput=1358.18 ops/sec
2026-03-15 21:16:57,514 INFO --- Trace 2/2: dual_congested ---
2026-03-15 21:16:57,514 INFO CMD: sudo sync
2026-03-15 21:16:57,641 INFO CMD: sudo sh -c echo 3 > /proc/sys/vm/drop_caches
2026-03-15 21:16:58,220 INFO Page cache dropped.
2026-03-15 21:17:00,954 INFO Starting remote client wan_reader on krisub@node1: ssh -o StrictHostKeyChecking=no -o BatchMode=yes -i /users/krisub/.ssh/id_ed25519 krisub@node1 sh -lc 'if command -v cgexec >/dev/null 2>&1; then cgexec -g memory:cache_ext_remote_clients /mydata/cache_ext/My-YCSB/build/run_net_leveldb /tmp/dual_wan_reader_ez6rlvvj.yaml && exit 0; fi; exec /mydata/cache_ext/My-YCSB/build/run_net_leveldb /tmp/dual_wan_reader_ez6rlvvj.yaml'
2026-03-15 21:17:01,202 INFO Starting remote client wan_writer on krisub@node1: ssh -o StrictHostKeyChecking=no -o BatchMode=yes -i /users/krisub/.ssh/id_ed25519 krisub@node1 sh -lc 'if command -v cgexec >/dev/null 2>&1; then cgexec -g memory:cache_ext_remote_clients /mydata/cache_ext/My-YCSB/build/run_net_leveldb /tmp/dual_wan_writer_21rdptj9.yaml && exit 0; fi; exec /mydata/cache_ext/My-YCSB/build/run_net_leveldb /tmp/dual_wan_writer_21rdptj9.yaml'
2026-03-15 21:19:59,328 INFO Client wan_reader: throughput=1132.26
2026-03-15 21:19:59,469 INFO Client wan_writer: throughput=1430.13
2026-03-15 21:19:59,469 INFO Dual-client combined throughput: 2562.39 ops/sec
2026-03-15 21:19:59,947 INFO Trace dual_congested: throughput=2562.39 ops/sec
2026-03-15 21:19:59,969 INFO === Evaluation complete ===
2026-03-15 21:19:59,969 INFO Combined score (harmonic mean): 1775.35  (2/2 traces passed)
2026-03-15 21:19:59,969 INFO   dual_small_vs_large: 1358.18 ops/sec
2026-03-15 21:19:59,969 INFO   dual_congested: 2562.39 ops/sec
2026-03-15 21:19:59,969 INFO Stopping net_leveldb_server (PID 154578)
2026-03-15 21:19:59,970 INFO CMD: sudo kill 154578
2026-03-15 21:20:00,063 INFO Unloading BPF policy (PID 154519)
2026-03-15 21:20:00,063 INFO CMD: sudo kill -2 154519
2026-03-15 21:20:00,345 INFO CMD: sudo rm -f /sys/fs/bpf/cache_ext/scan_pids
2026-03-15 21:20:00,367 INFO CMD: sudo cgdelete memory:cache_ext_test
2026-03-15 21:20:00,395 INFO CMD: sudo sh -c echo 0x0007 > /sys/kernel/mm/lru_gen/enabled
2026-03-15 21:20:00,494 INFO MGLRU re-enabled (restored to 0x0007).
