2026-03-26 22:50:43,345 INFO Waiting for evaluation lock /tmp/cache_ext_evaluate_0.lock ...
2026-03-26 23:26:31,706 INFO Acquired evaluation lock.
2026-03-26 23:26:31,749 INFO === Step 0: Drop page cache ===
2026-03-26 23:26:31,749 INFO Database already exists at /mydata/leveldb_temp (CURRENT file found), skipping copy
2026-03-26 23:26:31,749 INFO CMD: sudo sync
2026-03-26 23:26:31,917 INFO CMD: sudo sh -c echo 3 > /proc/sys/vm/drop_caches
2026-03-26 23:26:32,146 INFO Page cache dropped.
2026-03-26 23:26:32,146 INFO === Step 1: Compile evolved policy ===
2026-03-26 23:26:32,153 INFO CMD: sudo chown -R root: /mydata/cache_ext/eviction_evo/build
2026-03-26 23:26:32,478 INFO CMD: clang-14 -O2 -target bpf -D__TARGET_ARCH_x86 -c -g -Wall -idirafter /usr/lib/llvm-14/lib/clang/14.0.0/include -idirafter /usr/local/include -idirafter /usr/include/x86_64-linux-gnu -idirafter /usr/include /mydata/cache_ext/eviction_evo/build/cache_ext_evolved.bpf.c -o /mydata/cache_ext/eviction_evo/build/cache_ext_evolved.bpf.o
2026-03-26 23:26:35,615 INFO CMD: /usr/local/sbin/bpftool gen skeleton /mydata/cache_ext/eviction_evo/build/cache_ext_evolved.bpf.o name cache_ext_evolved_bpf
2026-03-26 23:26:35,789 INFO CMD: clang-14 -O2 -g -Wall -I/mydata/cache_ext/eviction_evo/build -I/mydata/cache_ext/policies /mydata/cache_ext/eviction_evo/cache_ext_evolved.c -o /mydata/cache_ext/eviction_evo/build/cache_ext_evolved.out -L/usr/local/lib64 -lbpf
2026-03-26 23:26:36,633 INFO Compilation successful: /mydata/cache_ext/eviction_evo/build/cache_ext_evolved.out
2026-03-26 23:26:36,633 INFO === Step 2: Disable MGLRU ===
2026-03-26 23:26:36,634 INFO MGLRU watchdog started (PID 548435, will restore in 7800 s)
2026-03-26 23:26:36,635 INFO MGLRU current state: 0x0007 - disabling
2026-03-26 23:26:36,635 INFO CMD: sudo sh -c echo 0 > /sys/kernel/mm/lru_gen/enabled
2026-03-26 23:26:36,740 INFO MGLRU disabled.
2026-03-26 23:26:36,741 INFO === Step 3: Create cgroup ===
2026-03-26 23:26:36,815 INFO CMD: sudo cgcreate -g memory:cache_ext_test
2026-03-26 23:26:36,912 INFO CMD: sudo sh -c echo 536870912 > /sys/fs/cgroup/cache_ext_test/memory.max
2026-03-26 23:26:36,926 INFO Created cgroup cache_ext_test with limit 536870912 bytes
2026-03-26 23:26:36,926 INFO === Step 4: Load BPF policy ===
2026-03-26 23:26:36,926 INFO Loading policy: sudo /mydata/cache_ext/eviction_evo/build/cache_ext_evolved.out --watch_dir /mydata/leveldb_temp --cgroup_path /sys/fs/cgroup/cache_ext_test
2026-03-26 23:26:46,937 INFO Policy loaded (PID 548456)
2026-03-26 23:26:46,937 INFO === Step 5: Start server ===
2026-03-26 23:26:46,937 INFO Starting server: sudo cgexec -g memory:cache_ext_test /mydata/cache_ext/net_leveldb_server 9100 /mydata/leveldb_temp
2026-03-26 23:26:46,938 INFO Waiting for server on port 9100 ...
2026-03-26 23:26:47,982 INFO Server ready (PID 548492) on port 9100
2026-03-26 23:26:47,982 INFO === Step 6: Run 7 traces x 3 runs = 21 total benchmarks ===
2026-03-26 23:26:48,010 INFO --- Trace 1/7 (ycsb_c_a) run 1/3  [1/21 overall] ---
2026-03-26 23:26:48,010 INFO CMD: sudo sync
2026-03-26 23:26:48,151 INFO CMD: sudo sh -c echo 3 > /proc/sys/vm/drop_caches
2026-03-26 23:26:48,408 INFO Page cache dropped.
2026-03-26 23:26:51,149 INFO Starting remote client client_ycsb_c on krisub@node1: ssh -o StrictHostKeyChecking=no -o BatchMode=yes -i /users/krisub/.ssh/id_ed25519 krisub@node1 sh -lc 'exec /mydata/cache_ext/My-YCSB/build/run_net_leveldb /tmp/dual_client_ycsb_c_94_re1vc.yaml'
2026-03-26 23:26:51,396 INFO Starting remote client client_ycsb_a on krisub@node1: ssh -o StrictHostKeyChecking=no -o BatchMode=yes -i /users/krisub/.ssh/id_ed25519 krisub@node1 sh -lc 'exec /mydata/cache_ext/My-YCSB/build/run_net_leveldb /tmp/dual_client_ycsb_a_ba95scsf.yaml'
2026-03-26 23:28:29,530 INFO Client client_ycsb_c: throughput=815.45
2026-03-26 23:28:29,696 INFO Client client_ycsb_a: throughput=1613.95
2026-03-26 23:28:29,696 INFO Dual-client combined throughput: 2429.40 ops/sec
2026-03-26 23:28:30,169 INFO Trace ycsb_c_a run 1: throughput=2429.40 ops/sec
2026-03-26 23:28:30,169 INFO --- Trace 1/7 (ycsb_c_a) run 2/3  [2/21 overall] ---
2026-03-26 23:28:30,169 INFO CMD: sudo sync
2026-03-26 23:28:30,380 INFO CMD: sudo sh -c echo 3 > /proc/sys/vm/drop_caches
2026-03-26 23:28:30,623 INFO Page cache dropped.
2026-03-26 23:28:33,340 INFO Starting remote client client_ycsb_c on krisub@node1: ssh -o StrictHostKeyChecking=no -o BatchMode=yes -i /users/krisub/.ssh/id_ed25519 krisub@node1 sh -lc 'exec /mydata/cache_ext/My-YCSB/build/run_net_leveldb /tmp/dual_client_ycsb_c_8_l2oy8l.yaml'
2026-03-26 23:28:33,608 INFO Starting remote client client_ycsb_a on krisub@node1: ssh -o StrictHostKeyChecking=no -o BatchMode=yes -i /users/krisub/.ssh/id_ed25519 krisub@node1 sh -lc 'exec /mydata/cache_ext/My-YCSB/build/run_net_leveldb /tmp/dual_client_ycsb_a_8jr04o88.yaml'
2026-03-26 23:30:11,583 INFO Client client_ycsb_c: throughput=845.79
2026-03-26 23:30:11,899 INFO Client client_ycsb_a: throughput=1686.86
2026-03-26 23:30:11,899 INFO Dual-client combined throughput: 2532.65 ops/sec
2026-03-26 23:30:12,385 INFO Trace ycsb_c_a run 2: throughput=2532.65 ops/sec
2026-03-26 23:30:12,385 INFO --- Trace 1/7 (ycsb_c_a) run 3/3  [3/21 overall] ---
2026-03-26 23:30:12,385 INFO CMD: sudo sync
2026-03-26 23:30:12,676 INFO CMD: sudo sh -c echo 3 > /proc/sys/vm/drop_caches
2026-03-26 23:30:12,969 INFO Page cache dropped.
2026-03-26 23:30:15,644 INFO Starting remote client client_ycsb_c on krisub@node1: ssh -o StrictHostKeyChecking=no -o BatchMode=yes -i /users/krisub/.ssh/id_ed25519 krisub@node1 sh -lc 'exec /mydata/cache_ext/My-YCSB/build/run_net_leveldb /tmp/dual_client_ycsb_c__nflh_bx.yaml'
2026-03-26 23:30:15,892 INFO Starting remote client client_ycsb_a on krisub@node1: ssh -o StrictHostKeyChecking=no -o BatchMode=yes -i /users/krisub/.ssh/id_ed25519 krisub@node1 sh -lc 'exec /mydata/cache_ext/My-YCSB/build/run_net_leveldb /tmp/dual_client_ycsb_a_j1go02ga.yaml'
2026-03-26 23:31:54,016 INFO Client client_ycsb_c: throughput=847.06
2026-03-26 23:31:54,382 INFO Client client_ycsb_a: throughput=1713.36
2026-03-26 23:31:54,382 INFO Dual-client combined throughput: 2560.42 ops/sec
2026-03-26 23:31:54,857 INFO Trace ycsb_c_a run 3: throughput=2560.42 ops/sec
2026-03-26 23:31:54,858 INFO Trace ycsb_c_a summary: mean=2507.49 std=69.04 min=2429.40 max=2560.42 (CV=2.8%)
2026-03-26 23:31:54,903 INFO --- Trace 2/7 (ycsb_c_e) run 1/3  [4/21 overall] ---
2026-03-26 23:31:54,903 INFO CMD: sudo sync
2026-03-26 23:31:55,107 INFO CMD: sudo sh -c echo 3 > /proc/sys/vm/drop_caches
2026-03-26 23:31:55,361 INFO Page cache dropped.
2026-03-26 23:31:58,045 INFO Starting remote client client_ycsb_c on krisub@node1: ssh -o StrictHostKeyChecking=no -o BatchMode=yes -i /users/krisub/.ssh/id_ed25519 krisub@node1 sh -lc 'exec /mydata/cache_ext/My-YCSB/build/run_net_leveldb /tmp/dual_client_ycsb_c_x8zyeh9y.yaml'
2026-03-26 23:31:58,304 INFO Starting remote client client_ycsb_e on krisub@node1: ssh -o StrictHostKeyChecking=no -o BatchMode=yes -i /users/krisub/.ssh/id_ed25519 krisub@node1 sh -lc 'exec /mydata/cache_ext/My-YCSB/build/run_net_leveldb /tmp/dual_client_ycsb_e_70yf2wfa.yaml'
2026-03-26 23:33:36,359 INFO Client client_ycsb_c: throughput=1216.91
2026-03-26 23:33:37,528 INFO Client client_ycsb_e: throughput=77601.76
2026-03-26 23:33:37,528 INFO Dual-client combined throughput: 78818.67 ops/sec
2026-03-26 23:33:38,005 INFO Trace ycsb_c_e run 1: throughput=78818.67 ops/sec
2026-03-26 23:33:38,005 INFO --- Trace 2/7 (ycsb_c_e) run 2/3  [5/21 overall] ---
2026-03-26 23:33:38,005 INFO CMD: sudo sync
2026-03-26 23:33:38,232 INFO CMD: sudo sh -c echo 3 > /proc/sys/vm/drop_caches
2026-03-26 23:33:38,450 INFO Page cache dropped.
2026-03-26 23:33:41,180 INFO Starting remote client client_ycsb_c on krisub@node1: ssh -o StrictHostKeyChecking=no -o BatchMode=yes -i /users/krisub/.ssh/id_ed25519 krisub@node1 sh -lc 'exec /mydata/cache_ext/My-YCSB/build/run_net_leveldb /tmp/dual_client_ycsb_c_xraze888.yaml'
2026-03-26 23:33:41,444 INFO Starting remote client client_ycsb_e on krisub@node1: ssh -o StrictHostKeyChecking=no -o BatchMode=yes -i /users/krisub/.ssh/id_ed25519 krisub@node1 sh -lc 'exec /mydata/cache_ext/My-YCSB/build/run_net_leveldb /tmp/dual_client_ycsb_e_0__9dhq2.yaml'
2026-03-26 23:35:19,450 INFO Client client_ycsb_c: throughput=1250.26
2026-03-26 23:35:21,019 INFO Client client_ycsb_e: throughput=77664.42
2026-03-26 23:35:21,019 INFO Dual-client combined throughput: 78914.68 ops/sec
2026-03-26 23:35:21,497 INFO Trace ycsb_c_e run 2: throughput=78914.68 ops/sec
2026-03-26 23:35:21,497 INFO --- Trace 2/7 (ycsb_c_e) run 3/3  [6/21 overall] ---
2026-03-26 23:35:21,497 INFO CMD: sudo sync
2026-03-26 23:35:21,690 INFO CMD: sudo sh -c echo 3 > /proc/sys/vm/drop_caches
2026-03-26 23:35:21,910 INFO Page cache dropped.
2026-03-26 23:35:24,648 INFO Starting remote client client_ycsb_c on krisub@node1: ssh -o StrictHostKeyChecking=no -o BatchMode=yes -i /users/krisub/.ssh/id_ed25519 krisub@node1 sh -lc 'exec /mydata/cache_ext/My-YCSB/build/run_net_leveldb /tmp/dual_client_ycsb_c_t9y10isp.yaml'
2026-03-26 23:35:24,900 INFO Starting remote client client_ycsb_e on krisub@node1: ssh -o StrictHostKeyChecking=no -o BatchMode=yes -i /users/krisub/.ssh/id_ed25519 krisub@node1 sh -lc 'exec /mydata/cache_ext/My-YCSB/build/run_net_leveldb /tmp/dual_client_ycsb_e_q5h0qdno.yaml'
2026-03-26 23:37:02,960 INFO Client client_ycsb_c: throughput=1213.48
2026-03-26 23:37:04,229 INFO Client client_ycsb_e: throughput=76396.94
2026-03-26 23:37:04,229 INFO Dual-client combined throughput: 77610.42 ops/sec
2026-03-26 23:37:04,705 INFO Trace ycsb_c_e run 3: throughput=77610.42 ops/sec
2026-03-26 23:37:04,706 INFO Trace ycsb_c_e summary: mean=78447.92 std=726.89 min=77610.42 max=78914.68 (CV=0.9%)
2026-03-26 23:37:04,746 INFO --- Trace 3/7 (ycsb_c_f) run 1/3  [7/21 overall] ---
2026-03-26 23:37:04,747 INFO CMD: sudo sync
2026-03-26 23:37:04,954 INFO CMD: sudo sh -c echo 3 > /proc/sys/vm/drop_caches
2026-03-26 23:37:05,165 INFO Page cache dropped.
2026-03-26 23:37:07,793 INFO Starting remote client client_ycsb_c on krisub@node1: ssh -o StrictHostKeyChecking=no -o BatchMode=yes -i /users/krisub/.ssh/id_ed25519 krisub@node1 sh -lc 'exec /mydata/cache_ext/My-YCSB/build/run_net_leveldb /tmp/dual_client_ycsb_c_n51zibr2.yaml'
2026-03-26 23:37:08,060 INFO Starting remote client client_ycsb_f on krisub@node1: ssh -o StrictHostKeyChecking=no -o BatchMode=yes -i /users/krisub/.ssh/id_ed25519 krisub@node1 sh -lc 'exec /mydata/cache_ext/My-YCSB/build/run_net_leveldb /tmp/dual_client_ycsb_f_kupqij10.yaml'
2026-03-26 23:38:46,045 INFO Client client_ycsb_c: throughput=1109.22
2026-03-26 23:38:46,311 INFO Client client_ycsb_f: throughput=172.75
2026-03-26 23:38:46,311 INFO Dual-client combined throughput: 1281.97 ops/sec
2026-03-26 23:38:46,781 INFO Trace ycsb_c_f run 1: throughput=1281.97 ops/sec
2026-03-26 23:38:46,781 INFO --- Trace 3/7 (ycsb_c_f) run 2/3  [8/21 overall] ---
2026-03-26 23:38:46,781 INFO CMD: sudo sync
2026-03-26 23:38:47,026 INFO CMD: sudo sh -c echo 3 > /proc/sys/vm/drop_caches
2026-03-26 23:38:47,334 INFO Page cache dropped.
2026-03-26 23:38:50,017 INFO Starting remote client client_ycsb_c on krisub@node1: ssh -o StrictHostKeyChecking=no -o BatchMode=yes -i /users/krisub/.ssh/id_ed25519 krisub@node1 sh -lc 'exec /mydata/cache_ext/My-YCSB/build/run_net_leveldb /tmp/dual_client_ycsb_c_9ztyisr7.yaml'
2026-03-26 23:38:50,264 INFO Starting remote client client_ycsb_f on krisub@node1: ssh -o StrictHostKeyChecking=no -o BatchMode=yes -i /users/krisub/.ssh/id_ed25519 krisub@node1 sh -lc 'exec /mydata/cache_ext/My-YCSB/build/run_net_leveldb /tmp/dual_client_ycsb_f_f553q5ne.yaml'
2026-03-26 23:40:28,503 INFO Client client_ycsb_c: throughput=1180.64
2026-03-26 23:40:28,568 INFO Client client_ycsb_f: throughput=176.27
2026-03-26 23:40:28,568 INFO Dual-client combined throughput: 1356.91 ops/sec
2026-03-26 23:40:29,041 INFO Trace ycsb_c_f run 2: throughput=1356.91 ops/sec
2026-03-26 23:40:29,041 INFO --- Trace 3/7 (ycsb_c_f) run 3/3  [9/21 overall] ---
2026-03-26 23:40:29,041 INFO CMD: sudo sync
2026-03-26 23:40:29,230 INFO CMD: sudo sh -c echo 3 > /proc/sys/vm/drop_caches
2026-03-26 23:40:29,520 INFO Page cache dropped.
2026-03-26 23:40:32,161 INFO Starting remote client client_ycsb_c on krisub@node1: ssh -o StrictHostKeyChecking=no -o BatchMode=yes -i /users/krisub/.ssh/id_ed25519 krisub@node1 sh -lc 'exec /mydata/cache_ext/My-YCSB/build/run_net_leveldb /tmp/dual_client_ycsb_c_6ykyzw27.yaml'
2026-03-26 23:40:32,409 INFO Starting remote client client_ycsb_f on krisub@node1: ssh -o StrictHostKeyChecking=no -o BatchMode=yes -i /users/krisub/.ssh/id_ed25519 krisub@node1 sh -lc 'exec /mydata/cache_ext/My-YCSB/build/run_net_leveldb /tmp/dual_client_ycsb_f_d_pqf64u.yaml'
2026-03-26 23:42:10,544 INFO Client client_ycsb_c: throughput=1325.22
2026-03-26 23:42:10,909 INFO Client client_ycsb_f: throughput=187.13
2026-03-26 23:42:10,910 INFO Dual-client combined throughput: 1512.35 ops/sec
2026-03-26 23:42:11,385 INFO Trace ycsb_c_f run 3: throughput=1512.35 ops/sec
2026-03-26 23:42:11,385 INFO Trace ycsb_c_f summary: mean=1383.74 std=117.51 min=1281.97 max=1512.35 (CV=8.5%)
2026-03-26 23:42:11,420 INFO --- Trace 4/7 (ycsb_b_a) run 1/3  [10/21 overall] ---
2026-03-26 23:42:11,421 INFO CMD: sudo sync
2026-03-26 23:42:11,596 INFO CMD: sudo sh -c echo 3 > /proc/sys/vm/drop_caches
2026-03-26 23:42:11,872 INFO Page cache dropped.
2026-03-26 23:42:14,441 INFO Starting remote client client_ycsb_b on krisub@node1: ssh -o StrictHostKeyChecking=no -o BatchMode=yes -i /users/krisub/.ssh/id_ed25519 krisub@node1 sh -lc 'exec /mydata/cache_ext/My-YCSB/build/run_net_leveldb /tmp/dual_client_ycsb_b_qrtc8c6u.yaml'
2026-03-26 23:42:14,700 INFO Starting remote client client_ycsb_a on krisub@node1: ssh -o StrictHostKeyChecking=no -o BatchMode=yes -i /users/krisub/.ssh/id_ed25519 krisub@node1 sh -lc 'exec /mydata/cache_ext/My-YCSB/build/run_net_leveldb /tmp/dual_client_ycsb_a_ar7stk7g.yaml'
2026-03-26 23:43:52,685 INFO Client client_ycsb_b: throughput=1293.39
2026-03-26 23:43:53,001 INFO Client client_ycsb_a: throughput=2380.55
2026-03-26 23:43:53,001 INFO Dual-client combined throughput: 3673.94 ops/sec
2026-03-26 23:43:53,473 INFO Trace ycsb_b_a run 1: throughput=3673.94 ops/sec
2026-03-26 23:43:53,473 INFO --- Trace 4/7 (ycsb_b_a) run 2/3  [11/21 overall] ---
2026-03-26 23:43:53,473 INFO CMD: sudo sync
2026-03-26 23:43:53,686 INFO CMD: sudo sh -c echo 3 > /proc/sys/vm/drop_caches
2026-03-26 23:43:53,955 INFO Page cache dropped.
2026-03-26 23:43:56,709 INFO Starting remote client client_ycsb_b on krisub@node1: ssh -o StrictHostKeyChecking=no -o BatchMode=yes -i /users/krisub/.ssh/id_ed25519 krisub@node1 sh -lc 'exec /mydata/cache_ext/My-YCSB/build/run_net_leveldb /tmp/dual_client_ycsb_b_eobcahkq.yaml'
2026-03-26 23:43:56,968 INFO Starting remote client client_ycsb_a on krisub@node1: ssh -o StrictHostKeyChecking=no -o BatchMode=yes -i /users/krisub/.ssh/id_ed25519 krisub@node1 sh -lc 'exec /mydata/cache_ext/My-YCSB/build/run_net_leveldb /tmp/dual_client_ycsb_a_rw4i7yuv.yaml'
2026-03-26 23:45:34,995 INFO Client client_ycsb_b: throughput=1213.94
2026-03-26 23:45:35,211 INFO Client client_ycsb_a: throughput=2217.07
2026-03-26 23:45:35,211 INFO Dual-client combined throughput: 3431.01 ops/sec
2026-03-26 23:45:35,697 INFO Trace ycsb_b_a run 2: throughput=3431.01 ops/sec
2026-03-26 23:45:35,697 INFO --- Trace 4/7 (ycsb_b_a) run 3/3  [12/21 overall] ---
2026-03-26 23:45:35,697 INFO CMD: sudo sync
2026-03-26 23:45:35,912 INFO CMD: sudo sh -c echo 3 > /proc/sys/vm/drop_caches
2026-03-26 23:45:36,199 INFO Page cache dropped.
2026-03-26 23:45:38,881 INFO Starting remote client client_ycsb_b on krisub@node1: ssh -o StrictHostKeyChecking=no -o BatchMode=yes -i /users/krisub/.ssh/id_ed25519 krisub@node1 sh -lc 'exec /mydata/cache_ext/My-YCSB/build/run_net_leveldb /tmp/dual_client_ycsb_b_02qix1pm.yaml'
2026-03-26 23:45:39,149 INFO Starting remote client client_ycsb_a on krisub@node1: ssh -o StrictHostKeyChecking=no -o BatchMode=yes -i /users/krisub/.ssh/id_ed25519 krisub@node1 sh -lc 'exec /mydata/cache_ext/My-YCSB/build/run_net_leveldb /tmp/dual_client_ycsb_a_9ts4yajj.yaml'
2026-03-26 23:47:28,007 INFO Client client_ycsb_b: throughput=1694.33
2026-03-26 23:47:28,008 INFO Client client_ycsb_a: throughput=2394.82
2026-03-26 23:47:28,008 INFO Dual-client combined throughput: 4089.15 ops/sec
2026-03-26 23:47:28,462 INFO Trace ycsb_b_a run 3: throughput=4089.15 ops/sec
2026-03-26 23:47:28,462 INFO Trace ycsb_b_a summary: mean=3731.37 std=332.81 min=3431.01 max=4089.15 (CV=8.9%)
2026-03-26 23:47:28,491 INFO --- Trace 5/7 (ycsb_a_d) run 1/3  [13/21 overall] ---
2026-03-26 23:47:28,492 INFO CMD: sudo sync
2026-03-26 23:47:28,697 INFO CMD: sudo sh -c echo 3 > /proc/sys/vm/drop_caches
2026-03-26 23:47:28,962 INFO Page cache dropped.
2026-03-26 23:47:31,573 INFO Starting remote client client_ycsb_a on krisub@node1: ssh -o StrictHostKeyChecking=no -o BatchMode=yes -i /users/krisub/.ssh/id_ed25519 krisub@node1 sh -lc 'exec /mydata/cache_ext/My-YCSB/build/run_net_leveldb /tmp/dual_client_ycsb_a_k41wn7fz.yaml'
2026-03-26 23:47:31,824 INFO Starting remote client client_ycsb_d on krisub@node1: ssh -o StrictHostKeyChecking=no -o BatchMode=yes -i /users/krisub/.ssh/id_ed25519 krisub@node1 sh -lc 'exec /mydata/cache_ext/My-YCSB/build/run_net_leveldb /tmp/dual_client_ycsb_d_5_cxqq6y.yaml'
2026-03-26 23:49:12,459 INFO Client client_ycsb_a: throughput=2278.28
2026-03-26 23:49:12,460 INFO Client client_ycsb_d: throughput=1763.53
2026-03-26 23:49:12,460 INFO Dual-client combined throughput: 4041.81 ops/sec
2026-03-26 23:49:12,933 INFO Trace ycsb_a_d run 1: throughput=4041.81 ops/sec
2026-03-26 23:49:12,933 INFO --- Trace 5/7 (ycsb_a_d) run 2/3  [14/21 overall] ---
2026-03-26 23:49:12,933 INFO CMD: sudo sync
2026-03-26 23:49:13,151 INFO CMD: sudo sh -c echo 3 > /proc/sys/vm/drop_caches
2026-03-26 23:49:13,439 INFO Page cache dropped.
2026-03-26 23:49:16,185 INFO Starting remote client client_ycsb_a on krisub@node1: ssh -o StrictHostKeyChecking=no -o BatchMode=yes -i /users/krisub/.ssh/id_ed25519 krisub@node1 sh -lc 'exec /mydata/cache_ext/My-YCSB/build/run_net_leveldb /tmp/dual_client_ycsb_a_dhaw435v.yaml'
2026-03-26 23:49:16,420 INFO Starting remote client client_ycsb_d on krisub@node1: ssh -o StrictHostKeyChecking=no -o BatchMode=yes -i /users/krisub/.ssh/id_ed25519 krisub@node1 sh -lc 'exec /mydata/cache_ext/My-YCSB/build/run_net_leveldb /tmp/dual_client_ycsb_d_w2jo05c6.yaml'
2026-03-26 23:50:54,892 INFO Client client_ycsb_a: throughput=2453.38
2026-03-26 23:51:09,844 INFO Client client_ycsb_d: throughput=2613.84
2026-03-26 23:51:09,844 INFO Dual-client combined throughput: 5067.22 ops/sec
2026-03-26 23:51:10,321 INFO Trace ycsb_a_d run 2: throughput=5067.22 ops/sec
2026-03-26 23:51:10,321 INFO --- Trace 5/7 (ycsb_a_d) run 3/3  [15/21 overall] ---
2026-03-26 23:51:10,321 INFO CMD: sudo sync
2026-03-26 23:51:10,556 INFO CMD: sudo sh -c echo 3 > /proc/sys/vm/drop_caches
2026-03-26 23:51:10,825 INFO Page cache dropped.
2026-03-26 23:51:13,489 INFO Starting remote client client_ycsb_a on krisub@node1: ssh -o StrictHostKeyChecking=no -o BatchMode=yes -i /users/krisub/.ssh/id_ed25519 krisub@node1 sh -lc 'exec /mydata/cache_ext/My-YCSB/build/run_net_leveldb /tmp/dual_client_ycsb_a_605byoqy.yaml'
2026-03-26 23:51:13,765 INFO Starting remote client client_ycsb_d on krisub@node1: ssh -o StrictHostKeyChecking=no -o BatchMode=yes -i /users/krisub/.ssh/id_ed25519 krisub@node1 sh -lc 'exec /mydata/cache_ext/My-YCSB/build/run_net_leveldb /tmp/dual_client_ycsb_d__derx11r.yaml'
2026-03-26 23:52:51,985 INFO Client client_ycsb_a: throughput=2099.32
2026-03-26 23:52:52,151 INFO Client client_ycsb_d: throughput=2188.49
2026-03-26 23:52:52,151 INFO Dual-client combined throughput: 4287.81 ops/sec
2026-03-26 23:52:52,589 INFO Trace ycsb_a_d run 3: throughput=4287.81 ops/sec
2026-03-26 23:52:52,590 INFO Trace ycsb_a_d summary: mean=4465.61 std=535.33 min=4041.81 max=5067.22 (CV=12.0%)
2026-03-26 23:52:52,638 INFO --- Trace 6/7 (ycsb_e_a) run 1/3  [16/21 overall] ---
2026-03-26 23:52:52,638 INFO CMD: sudo sync
2026-03-26 23:52:52,892 INFO CMD: sudo sh -c echo 3 > /proc/sys/vm/drop_caches
2026-03-26 23:52:53,177 INFO Page cache dropped.
2026-03-26 23:52:55,817 INFO Starting remote client client_ycsb_e on krisub@node1: ssh -o StrictHostKeyChecking=no -o BatchMode=yes -i /users/krisub/.ssh/id_ed25519 krisub@node1 sh -lc 'exec /mydata/cache_ext/My-YCSB/build/run_net_leveldb /tmp/dual_client_ycsb_e_ndo83bv_.yaml'
2026-03-26 23:52:56,064 INFO Starting remote client client_ycsb_a on krisub@node1: ssh -o StrictHostKeyChecking=no -o BatchMode=yes -i /users/krisub/.ssh/id_ed25519 krisub@node1 sh -lc 'exec /mydata/cache_ext/My-YCSB/build/run_net_leveldb /tmp/dual_client_ycsb_a_6uaamro0.yaml'
2026-03-26 23:54:35,036 INFO Client client_ycsb_e: throughput=75270.05
2026-03-26 23:54:46,082 INFO Client client_ycsb_a: throughput=3198.08
2026-03-26 23:54:46,082 INFO Dual-client combined throughput: 78468.13 ops/sec
2026-03-26 23:54:46,553 INFO Trace ycsb_e_a run 1: throughput=78468.13 ops/sec
2026-03-26 23:54:46,553 INFO --- Trace 6/7 (ycsb_e_a) run 2/3  [17/21 overall] ---
2026-03-26 23:54:46,554 INFO CMD: sudo sync
2026-03-26 23:54:46,775 INFO CMD: sudo sh -c echo 3 > /proc/sys/vm/drop_caches
2026-03-26 23:54:47,009 INFO Page cache dropped.
2026-03-26 23:54:49,777 INFO Starting remote client client_ycsb_e on krisub@node1: ssh -o StrictHostKeyChecking=no -o BatchMode=yes -i /users/krisub/.ssh/id_ed25519 krisub@node1 sh -lc 'exec /mydata/cache_ext/My-YCSB/build/run_net_leveldb /tmp/dual_client_ycsb_e_k7qulr_d.yaml'
2026-03-26 23:54:50,037 INFO Starting remote client client_ycsb_a on krisub@node1: ssh -o StrictHostKeyChecking=no -o BatchMode=yes -i /users/krisub/.ssh/id_ed25519 krisub@node1 sh -lc 'exec /mydata/cache_ext/My-YCSB/build/run_net_leveldb /tmp/dual_client_ycsb_a_7k9en2wg.yaml'
2026-03-26 23:56:30,659 INFO Client client_ycsb_e: throughput=76440.23
2026-03-26 23:56:30,660 INFO Client client_ycsb_a: throughput=2952.39
2026-03-26 23:56:30,660 INFO Dual-client combined throughput: 79392.62 ops/sec
2026-03-26 23:56:31,153 INFO Trace ycsb_e_a run 2: throughput=79392.62 ops/sec
2026-03-26 23:56:31,153 INFO --- Trace 6/7 (ycsb_e_a) run 3/3  [18/21 overall] ---
2026-03-26 23:56:31,153 INFO CMD: sudo sync
2026-03-26 23:56:31,335 INFO CMD: sudo sh -c echo 3 > /proc/sys/vm/drop_caches
2026-03-26 23:56:31,578 INFO Page cache dropped.
2026-03-26 23:56:34,249 INFO Starting remote client client_ycsb_e on krisub@node1: ssh -o StrictHostKeyChecking=no -o BatchMode=yes -i /users/krisub/.ssh/id_ed25519 krisub@node1 sh -lc 'exec /mydata/cache_ext/My-YCSB/build/run_net_leveldb /tmp/dual_client_ycsb_e_x2l6kiv2.yaml'
2026-03-26 23:56:34,516 INFO Starting remote client client_ycsb_a on krisub@node1: ssh -o StrictHostKeyChecking=no -o BatchMode=yes -i /users/krisub/.ssh/id_ed25519 krisub@node1 sh -lc 'exec /mydata/cache_ext/My-YCSB/build/run_net_leveldb /tmp/dual_client_ycsb_a_qij5zxbc.yaml'
2026-03-26 23:58:13,491 INFO Client client_ycsb_e: throughput=74316.43
2026-03-26 23:58:13,493 INFO Client client_ycsb_a: throughput=3090.21
2026-03-26 23:58:13,493 INFO Dual-client combined throughput: 77406.64 ops/sec
2026-03-26 23:58:13,953 INFO Trace ycsb_e_a run 3: throughput=77406.64 ops/sec
2026-03-26 23:58:13,953 INFO Trace ycsb_e_a summary: mean=78422.46 std=993.78 min=77406.64 max=79392.62 (CV=1.3%)
2026-03-26 23:58:14,054 INFO --- Trace 7/7 (ycsb_e_f) run 1/3  [19/21 overall] ---
2026-03-26 23:58:14,055 INFO CMD: sudo sync
2026-03-26 23:58:14,259 INFO CMD: sudo sh -c echo 3 > /proc/sys/vm/drop_caches
2026-03-26 23:58:14,518 INFO Page cache dropped.
2026-03-26 23:58:17,193 INFO Starting remote client client_ycsb_e on krisub@node1: ssh -o StrictHostKeyChecking=no -o BatchMode=yes -i /users/krisub/.ssh/id_ed25519 krisub@node1 sh -lc 'exec /mydata/cache_ext/My-YCSB/build/run_net_leveldb /tmp/dual_client_ycsb_e_1o8we_zt.yaml'
2026-03-26 23:58:17,465 INFO Starting remote client client_ycsb_f on krisub@node1: ssh -o StrictHostKeyChecking=no -o BatchMode=yes -i /users/krisub/.ssh/id_ed25519 krisub@node1 sh -lc 'exec /mydata/cache_ext/My-YCSB/build/run_net_leveldb /tmp/dual_client_ycsb_f_ltd8x789.yaml'
2026-03-26 23:59:56,695 INFO Client client_ycsb_e: throughput=75203.26
2026-03-26 23:59:56,696 INFO Client client_ycsb_f: throughput=392.86
2026-03-26 23:59:56,696 INFO Dual-client combined throughput: 75596.12 ops/sec
2026-03-26 23:59:57,166 INFO Trace ycsb_e_f run 1: throughput=75596.12 ops/sec
2026-03-26 23:59:57,166 INFO --- Trace 7/7 (ycsb_e_f) run 2/3  [20/21 overall] ---
2026-03-26 23:59:57,166 INFO CMD: sudo sync
2026-03-26 23:59:57,376 INFO CMD: sudo sh -c echo 3 > /proc/sys/vm/drop_caches
2026-03-26 23:59:57,647 INFO Page cache dropped.
2026-03-27 00:00:00,409 INFO Starting remote client client_ycsb_e on krisub@node1: ssh -o StrictHostKeyChecking=no -o BatchMode=yes -i /users/krisub/.ssh/id_ed25519 krisub@node1 sh -lc 'exec /mydata/cache_ext/My-YCSB/build/run_net_leveldb /tmp/dual_client_ycsb_e_bmod69t1.yaml'
2026-03-27 00:00:00,665 INFO Starting remote client client_ycsb_f on krisub@node1: ssh -o StrictHostKeyChecking=no -o BatchMode=yes -i /users/krisub/.ssh/id_ed25519 krisub@node1 sh -lc 'exec /mydata/cache_ext/My-YCSB/build/run_net_leveldb /tmp/dual_client_ycsb_f_00wsga5t.yaml'
2026-03-27 00:01:40,047 INFO Client client_ycsb_e: throughput=77858.82
2026-03-27 00:01:40,048 INFO Client client_ycsb_f: throughput=415.05
2026-03-27 00:01:40,048 INFO Dual-client combined throughput: 78273.87 ops/sec
2026-03-27 00:01:40,549 INFO Trace ycsb_e_f run 2: throughput=78273.87 ops/sec
2026-03-27 00:01:40,549 INFO --- Trace 7/7 (ycsb_e_f) run 3/3  [21/21 overall] ---
2026-03-27 00:01:40,549 INFO CMD: sudo sync
2026-03-27 00:01:40,737 INFO CMD: sudo sh -c echo 3 > /proc/sys/vm/drop_caches
2026-03-27 00:01:41,016 INFO Page cache dropped.
2026-03-27 00:01:43,764 INFO Starting remote client client_ycsb_e on krisub@node1: ssh -o StrictHostKeyChecking=no -o BatchMode=yes -i /users/krisub/.ssh/id_ed25519 krisub@node1 sh -lc 'exec /mydata/cache_ext/My-YCSB/build/run_net_leveldb /tmp/dual_client_ycsb_e_3sz6mqm9.yaml'
2026-03-27 00:01:44,004 INFO Starting remote client client_ycsb_f on krisub@node1: ssh -o StrictHostKeyChecking=no -o BatchMode=yes -i /users/krisub/.ssh/id_ed25519 krisub@node1 sh -lc 'exec /mydata/cache_ext/My-YCSB/build/run_net_leveldb /tmp/dual_client_ycsb_f_m5tup8yw.yaml'
2026-03-27 00:03:23,031 INFO Client client_ycsb_e: throughput=77292.25
2026-03-27 00:03:23,032 INFO Client client_ycsb_f: throughput=410.88
2026-03-27 00:03:23,032 INFO Dual-client combined throughput: 77703.13 ops/sec
2026-03-27 00:03:23,509 INFO Trace ycsb_e_f run 3: throughput=77703.13 ops/sec
2026-03-27 00:03:23,510 INFO Trace ycsb_e_f summary: mean=77191.04 std=1410.41 min=75596.12 max=78273.87 (CV=1.8%)
2026-03-27 00:03:23,529 INFO === Evaluation complete (3 runs per trace) ===
2026-03-27 00:03:23,530 INFO Combined score (harmonic mean of means): 4237.63  (7/7 traces passed)
2026-03-27 00:03:23,530 INFO   ycsb_c_a: mean=2507.49 std=69.04 [2429.40 .. 2560.42]
2026-03-27 00:03:23,530 INFO   ycsb_c_e: mean=78447.92 std=726.89 [77610.42 .. 78914.68]
2026-03-27 00:03:23,530 INFO   ycsb_c_f: mean=1383.74 std=117.51 [1281.97 .. 1512.35]
2026-03-27 00:03:23,530 INFO   ycsb_b_a: mean=3731.37 std=332.81 [3431.01 .. 4089.15]
2026-03-27 00:03:23,530 INFO   ycsb_a_d: mean=4465.61 std=535.33 [4041.81 .. 5067.22]
2026-03-27 00:03:23,530 INFO   ycsb_e_a: mean=78422.46 std=993.78 [77406.64 .. 79392.62]
2026-03-27 00:03:23,530 INFO   ycsb_e_f: mean=77191.04 std=1410.41 [75596.12 .. 78273.87]
2026-03-27 00:03:23,530 INFO Stopping net_leveldb_server (PID 548492)
2026-03-27 00:03:23,530 INFO CMD: sudo kill 548492
2026-03-27 00:03:23,646 INFO Unloading BPF policy (PID 548456)
2026-03-27 00:03:23,646 INFO CMD: sudo kill -2 548456
2026-03-27 00:03:23,979 INFO CMD: sudo rm -f /sys/fs/bpf/cache_ext/scan_pids
2026-03-27 00:03:24,070 INFO CMD: sudo sh -c echo 0x0007 > /sys/kernel/mm/lru_gen/enabled
2026-03-27 00:03:24,086 INFO MGLRU re-enabled (restored to 0x0007).
2026-03-27 00:03:24,086 INFO MGLRU watchdog stopped (PID 548435)
