2026-03-22 01:39:00,059 INFO Waiting for evaluation lock /tmp/cache_ext_evaluate_0.lock ...
2026-03-22 01:39:00,060 INFO Acquired evaluation lock.
2026-03-22 01:39:00,109 INFO === Step 0: Drop page cache ===
2026-03-22 01:39:00,121 INFO Database already exists at /mydata/leveldb_temp (CURRENT file found), skipping copy
2026-03-22 01:39:00,121 INFO CMD: sudo sync
2026-03-22 01:39:00,224 INFO CMD: sudo sh -c echo 3 > /proc/sys/vm/drop_caches
2026-03-22 01:39:00,323 INFO Page cache dropped.
2026-03-22 01:39:00,323 INFO === Step 1: Compile evolved policy ===
2026-03-22 01:39:00,334 INFO CMD: sudo chown -R root: /mydata/cache_ext/eviction_evo/build
2026-03-22 01:39:00,622 INFO CMD: clang-14 -O2 -target bpf -D__TARGET_ARCH_x86 -c -g -Wall -idirafter /usr/lib/llvm-14/lib/clang/14.0.0/include -idirafter /usr/local/include -idirafter /usr/include/x86_64-linux-gnu -idirafter /usr/include /mydata/cache_ext/eviction_evo/build/cache_ext_evolved.bpf.c -o /mydata/cache_ext/eviction_evo/build/cache_ext_evolved.bpf.o
2026-03-22 01:39:02,982 ERROR Evaluation failed: RuntimeError: BPF compilation failed:
STDOUT: 
STDERR: /mydata/cache_ext/eviction_evo/build/cache_ext_evolved.bpf.c:297:1: error: expected identifier or '('
>>>>>>> REPLACE
^
/mydata/cache_ext/eviction_evo/build/cache_ext_evolved.bpf.c:389:1: error: expected identifier or '('
=======
^
/mydata/cache_ext/eviction_evo/build/cache_ext_evolved.bpf.c:522:37: error: use of undeclared identifier 'last_loss_ts'
        u64 time_since_loss = now - last_loss_ts;
                                    ^
3 errors generated.

Traceback (most recent call last):
  File "/mydata/cache_ext/eviction_evo/evaluate.py", line 882, in evaluate
    loader_path = compile_bpf_policy(program_path, BUILD_DIR)
  File "/mydata/cache_ext/eviction_evo/evaluate.py", line 238, in compile_bpf_policy
    raise RuntimeError(f"BPF compilation failed:\nSTDOUT: {result.stdout}\nSTDERR: {result.stderr}")
RuntimeError: BPF compilation failed:
STDOUT: 
STDERR: /mydata/cache_ext/eviction_evo/build/cache_ext_evolved.bpf.c:297:1: error: expected identifier or '('
>>>>>>> REPLACE
^
/mydata/cache_ext/eviction_evo/build/cache_ext_evolved.bpf.c:389:1: error: expected identifier or '('
=======
^
/mydata/cache_ext/eviction_evo/build/cache_ext_evolved.bpf.c:522:37: error: use of undeclared identifier 'last_loss_ts'
        u64 time_since_loss = now - last_loss_ts;
                                    ^
3 errors generated.


