2026-03-23 14:47:09,749 INFO Waiting for evaluation lock /tmp/cache_ext_evaluate_0.lock ...
2026-03-23 15:17:19,139 INFO Acquired evaluation lock.
2026-03-23 15:17:19,185 INFO === Step 0: Drop page cache ===
2026-03-23 15:17:19,185 INFO Database already exists at /mydata/leveldb_temp (CURRENT file found), skipping copy
2026-03-23 15:17:19,185 INFO CMD: sudo sync
2026-03-23 15:17:19,349 INFO CMD: sudo sh -c echo 3 > /proc/sys/vm/drop_caches
2026-03-23 15:17:19,573 INFO Page cache dropped.
2026-03-23 15:17:19,573 INFO === Step 1: Compile evolved policy ===
2026-03-23 15:17:19,584 INFO CMD: sudo chown -R root: /mydata/cache_ext/eviction_evo/build
2026-03-23 15:17:19,888 INFO CMD: clang-14 -O2 -target bpf -D__TARGET_ARCH_x86 -c -g -Wall -idirafter /usr/lib/llvm-14/lib/clang/14.0.0/include -idirafter /usr/local/include -idirafter /usr/include/x86_64-linux-gnu -idirafter /usr/include /mydata/cache_ext/eviction_evo/build/cache_ext_evolved.bpf.c -o /mydata/cache_ext/eviction_evo/build/cache_ext_evolved.bpf.o
2026-03-23 15:17:22,955 INFO CMD: /usr/local/sbin/bpftool gen skeleton /mydata/cache_ext/eviction_evo/build/cache_ext_evolved.bpf.o name cache_ext_evolved_bpf
2026-03-23 15:17:23,131 INFO CMD: clang-14 -O2 -g -Wall -I/mydata/cache_ext/eviction_evo/build -I/mydata/cache_ext/policies /mydata/cache_ext/eviction_evo/cache_ext_evolved.c -o /mydata/cache_ext/eviction_evo/build/cache_ext_evolved.out -L/usr/local/lib64 -lbpf
2026-03-23 15:17:23,948 INFO Compilation successful: /mydata/cache_ext/eviction_evo/build/cache_ext_evolved.out
2026-03-23 15:17:23,948 INFO === Step 2: Disable MGLRU ===
2026-03-23 15:17:23,949 INFO MGLRU watchdog started (PID 329492, will restore in 7800 s)
2026-03-23 15:17:23,950 INFO MGLRU current state: 0x0007 - disabling
2026-03-23 15:17:23,950 INFO CMD: sudo sh -c echo 0 > /sys/kernel/mm/lru_gen/enabled
2026-03-23 15:17:23,991 INFO MGLRU disabled.
2026-03-23 15:17:23,992 INFO === Step 3: Create cgroup ===
2026-03-23 15:17:24,066 INFO CMD: sudo cgcreate -g memory:cache_ext_test
2026-03-23 15:17:24,178 INFO CMD: sudo sh -c echo 536870912 > /sys/fs/cgroup/cache_ext_test/memory.max
2026-03-23 15:17:24,193 INFO Created cgroup cache_ext_test with limit 536870912 bytes
2026-03-23 15:17:24,194 INFO === Step 4: Load BPF policy ===
2026-03-23 15:17:24,194 INFO Loading policy: sudo /mydata/cache_ext/eviction_evo/build/cache_ext_evolved.out --watch_dir /mydata/leveldb_temp --cgroup_path /sys/fs/cgroup/cache_ext_test
2026-03-23 15:17:34,205 INFO Policy loaded (PID 329513)
2026-03-23 15:17:34,205 INFO === Step 5: Start server ===
2026-03-23 15:17:34,205 INFO Starting server: sudo cgexec -g memory:cache_ext_test /mydata/cache_ext/net_leveldb_server 9100 /mydata/leveldb_temp
2026-03-23 15:17:34,206 INFO Waiting for server on port 9100 ...
2026-03-23 15:17:35,255 INFO Server ready (PID 329518) on port 9100
2026-03-23 15:17:35,255 INFO === Step 6: Run 2 traces x 5 runs = 10 total benchmarks ===
2026-03-23 15:17:35,306 INFO --- Trace 1/2 (dual_small_vs_large) run 1/5  [1/10 overall] ---
2026-03-23 15:17:35,306 INFO CMD: sudo sync
2026-03-23 15:17:35,453 INFO CMD: sudo sh -c echo 3 > /proc/sys/vm/drop_caches
2026-03-23 15:17:35,847 INFO Page cache dropped.
2026-03-23 15:17:38,549 INFO Starting remote client reader_fast on krisub@node1: ssh -o StrictHostKeyChecking=no -o BatchMode=yes -i /users/krisub/.ssh/id_ed25519 krisub@node1 sh -lc 'exec /mydata/cache_ext/My-YCSB/build/run_net_leveldb /tmp/dual_reader_fast_s_wva7j5.yaml'
2026-03-23 15:17:38,804 INFO Starting remote client writer_slow on krisub@node1: ssh -o StrictHostKeyChecking=no -o BatchMode=yes -i /users/krisub/.ssh/id_ed25519 krisub@node1 sh -lc 'exec /mydata/cache_ext/My-YCSB/build/run_net_leveldb /tmp/dual_writer_slow_edpnq7bu.yaml'
2026-03-23 15:20:36,802 INFO Client reader_fast: throughput=1623.39
2026-03-23 15:20:36,804 INFO Client writer_slow: throughput=234.66
2026-03-23 15:20:36,804 INFO Dual-client combined throughput: 1858.05 ops/sec
2026-03-23 15:20:37,285 INFO Trace dual_small_vs_large run 1: throughput=1858.05 ops/sec
2026-03-23 15:20:37,285 INFO --- Trace 1/2 (dual_small_vs_large) run 2/5  [2/10 overall] ---
2026-03-23 15:20:37,285 INFO CMD: sudo sync
2026-03-23 15:20:37,505 INFO CMD: sudo sh -c echo 3 > /proc/sys/vm/drop_caches
2026-03-23 15:20:37,780 INFO Page cache dropped.
2026-03-23 15:20:40,520 INFO Starting remote client reader_fast on krisub@node1: ssh -o StrictHostKeyChecking=no -o BatchMode=yes -i /users/krisub/.ssh/id_ed25519 krisub@node1 sh -lc 'exec /mydata/cache_ext/My-YCSB/build/run_net_leveldb /tmp/dual_reader_fast_y36c54sl.yaml'
2026-03-23 15:20:40,781 INFO Starting remote client writer_slow on krisub@node1: ssh -o StrictHostKeyChecking=no -o BatchMode=yes -i /users/krisub/.ssh/id_ed25519 krisub@node1 sh -lc 'exec /mydata/cache_ext/My-YCSB/build/run_net_leveldb /tmp/dual_writer_slow_3tchjono.yaml'
2026-03-23 15:23:38,784 INFO Client reader_fast: throughput=1213.11
2026-03-23 15:23:38,786 INFO Client writer_slow: throughput=258.48
2026-03-23 15:23:38,786 INFO Dual-client combined throughput: 1471.59 ops/sec
2026-03-23 15:23:39,253 INFO Trace dual_small_vs_large run 2: throughput=1471.59 ops/sec
2026-03-23 15:23:39,253 INFO --- Trace 1/2 (dual_small_vs_large) run 3/5  [3/10 overall] ---
2026-03-23 15:23:39,253 INFO CMD: sudo sync
2026-03-23 15:23:39,494 INFO CMD: sudo sh -c echo 3 > /proc/sys/vm/drop_caches
2026-03-23 15:23:39,759 INFO Page cache dropped.
2026-03-23 15:23:42,549 INFO Starting remote client reader_fast on krisub@node1: ssh -o StrictHostKeyChecking=no -o BatchMode=yes -i /users/krisub/.ssh/id_ed25519 krisub@node1 sh -lc 'exec /mydata/cache_ext/My-YCSB/build/run_net_leveldb /tmp/dual_reader_fast_vj93w_0f.yaml'
2026-03-23 15:23:42,792 INFO Starting remote client writer_slow on krisub@node1: ssh -o StrictHostKeyChecking=no -o BatchMode=yes -i /users/krisub/.ssh/id_ed25519 krisub@node1 sh -lc 'exec /mydata/cache_ext/My-YCSB/build/run_net_leveldb /tmp/dual_writer_slow_ck5cy5st.yaml'
2026-03-23 15:26:40,836 INFO Client reader_fast: throughput=1229.11
2026-03-23 15:26:40,838 INFO Client writer_slow: throughput=244.30
2026-03-23 15:26:40,838 INFO Dual-client combined throughput: 1473.41 ops/sec
2026-03-23 15:26:41,293 INFO Trace dual_small_vs_large run 3: throughput=1473.41 ops/sec
2026-03-23 15:26:41,293 INFO --- Trace 1/2 (dual_small_vs_large) run 4/5  [4/10 overall] ---
2026-03-23 15:26:41,293 INFO CMD: sudo sync
2026-03-23 15:26:41,528 INFO CMD: sudo sh -c echo 3 > /proc/sys/vm/drop_caches
2026-03-23 15:26:41,783 INFO Page cache dropped.
2026-03-23 15:26:44,370 INFO Starting remote client reader_fast on krisub@node1: ssh -o StrictHostKeyChecking=no -o BatchMode=yes -i /users/krisub/.ssh/id_ed25519 krisub@node1 sh -lc 'exec /mydata/cache_ext/My-YCSB/build/run_net_leveldb /tmp/dual_reader_fast_t2d8nutv.yaml'
2026-03-23 15:26:44,653 INFO Starting remote client writer_slow on krisub@node1: ssh -o StrictHostKeyChecking=no -o BatchMode=yes -i /users/krisub/.ssh/id_ed25519 krisub@node1 sh -lc 'exec /mydata/cache_ext/My-YCSB/build/run_net_leveldb /tmp/dual_writer_slow_r2kehdnk.yaml'
2026-03-23 15:29:42,765 INFO Client reader_fast: throughput=1113.69
2026-03-23 15:29:42,767 INFO Client writer_slow: throughput=246.09
2026-03-23 15:29:42,768 INFO Dual-client combined throughput: 1359.78 ops/sec
2026-03-23 15:29:43,233 INFO Trace dual_small_vs_large run 4: throughput=1359.78 ops/sec
2026-03-23 15:29:43,234 INFO --- Trace 1/2 (dual_small_vs_large) run 5/5  [5/10 overall] ---
2026-03-23 15:29:43,234 INFO CMD: sudo sync
2026-03-23 15:29:43,488 INFO CMD: sudo sh -c echo 3 > /proc/sys/vm/drop_caches
2026-03-23 15:29:43,767 INFO Page cache dropped.
2026-03-23 15:29:46,613 INFO Starting remote client reader_fast on krisub@node1: ssh -o StrictHostKeyChecking=no -o BatchMode=yes -i /users/krisub/.ssh/id_ed25519 krisub@node1 sh -lc 'exec /mydata/cache_ext/My-YCSB/build/run_net_leveldb /tmp/dual_reader_fast_u3ztd0lc.yaml'
2026-03-23 15:29:46,865 INFO Starting remote client writer_slow on krisub@node1: ssh -o StrictHostKeyChecking=no -o BatchMode=yes -i /users/krisub/.ssh/id_ed25519 krisub@node1 sh -lc 'exec /mydata/cache_ext/My-YCSB/build/run_net_leveldb /tmp/dual_writer_slow_fioj8_7h.yaml'
2026-03-23 15:32:45,174 INFO Client reader_fast: throughput=1045.07
2026-03-23 15:32:45,176 INFO Client writer_slow: throughput=241.23
2026-03-23 15:32:45,176 INFO Dual-client combined throughput: 1286.30 ops/sec
2026-03-23 15:32:45,661 INFO Trace dual_small_vs_large run 5: throughput=1286.30 ops/sec
2026-03-23 15:32:45,662 INFO Trace dual_small_vs_large summary: mean=1489.83 std=220.53 min=1286.30 max=1858.05 (CV=14.8%)
2026-03-23 15:32:45,750 INFO --- Trace 2/2 (dual_congested) run 1/5  [6/10 overall] ---
2026-03-23 15:32:45,750 INFO CMD: sudo sync
2026-03-23 15:32:45,949 INFO CMD: sudo sh -c echo 3 > /proc/sys/vm/drop_caches
2026-03-23 15:32:46,208 INFO Page cache dropped.
2026-03-23 15:32:48,982 INFO Starting remote client wan_reader on krisub@node1: ssh -o StrictHostKeyChecking=no -o BatchMode=yes -i /users/krisub/.ssh/id_ed25519 krisub@node1 sh -lc 'exec /mydata/cache_ext/My-YCSB/build/run_net_leveldb /tmp/dual_wan_reader_zozt7s7u.yaml'
2026-03-23 15:32:49,241 INFO Starting remote client wan_writer on krisub@node1: ssh -o StrictHostKeyChecking=no -o BatchMode=yes -i /users/krisub/.ssh/id_ed25519 krisub@node1 sh -lc 'exec /mydata/cache_ext/My-YCSB/build/run_net_leveldb /tmp/dual_wan_writer_toykfiwj.yaml'
2026-03-23 15:35:47,321 INFO Client wan_reader: throughput=1097.95
2026-03-23 15:35:47,437 INFO Client wan_writer: throughput=1401.36
2026-03-23 15:35:47,437 INFO Dual-client combined throughput: 2499.31 ops/sec
2026-03-23 15:35:47,914 INFO Trace dual_congested run 1: throughput=2499.31 ops/sec
2026-03-23 15:35:47,914 INFO --- Trace 2/2 (dual_congested) run 2/5  [7/10 overall] ---
2026-03-23 15:35:47,914 INFO CMD: sudo sync
2026-03-23 15:35:48,269 INFO CMD: sudo sh -c echo 3 > /proc/sys/vm/drop_caches
2026-03-23 15:35:49,701 INFO Page cache dropped.
2026-03-23 15:35:52,462 INFO Starting remote client wan_reader on krisub@node1: ssh -o StrictHostKeyChecking=no -o BatchMode=yes -i /users/krisub/.ssh/id_ed25519 krisub@node1 sh -lc 'exec /mydata/cache_ext/My-YCSB/build/run_net_leveldb /tmp/dual_wan_reader_yfokapoi.yaml'
2026-03-23 15:35:52,725 INFO Starting remote client wan_writer on krisub@node1: ssh -o StrictHostKeyChecking=no -o BatchMode=yes -i /users/krisub/.ssh/id_ed25519 krisub@node1 sh -lc 'exec /mydata/cache_ext/My-YCSB/build/run_net_leveldb /tmp/dual_wan_writer_hxuo_mes.yaml'
2026-03-23 15:38:50,813 INFO Client wan_reader: throughput=905.24
2026-03-23 15:38:50,979 INFO Client wan_writer: throughput=1364.51
2026-03-23 15:38:50,979 INFO Dual-client combined throughput: 2269.75 ops/sec
2026-03-23 15:38:51,470 INFO Trace dual_congested run 2: throughput=2269.75 ops/sec
2026-03-23 15:38:51,470 INFO --- Trace 2/2 (dual_congested) run 3/5  [8/10 overall] ---
2026-03-23 15:38:51,470 INFO CMD: sudo sync
2026-03-23 15:38:51,819 INFO CMD: sudo sh -c echo 3 > /proc/sys/vm/drop_caches
2026-03-23 15:38:52,331 INFO Page cache dropped.
2026-03-23 15:38:55,110 INFO Starting remote client wan_reader on krisub@node1: ssh -o StrictHostKeyChecking=no -o BatchMode=yes -i /users/krisub/.ssh/id_ed25519 krisub@node1 sh -lc 'exec /mydata/cache_ext/My-YCSB/build/run_net_leveldb /tmp/dual_wan_reader_d__ba7sb.yaml'
2026-03-23 15:38:55,353 INFO Starting remote client wan_writer on krisub@node1: ssh -o StrictHostKeyChecking=no -o BatchMode=yes -i /users/krisub/.ssh/id_ed25519 krisub@node1 sh -lc 'exec /mydata/cache_ext/My-YCSB/build/run_net_leveldb /tmp/dual_wan_writer_08kgt5p8.yaml'
2026-03-23 15:41:53,452 INFO Client wan_reader: throughput=851.32
2026-03-23 15:41:53,454 INFO Client wan_writer: throughput=1269.36
2026-03-23 15:41:53,454 INFO Dual-client combined throughput: 2120.68 ops/sec
2026-03-23 15:41:53,937 INFO Trace dual_congested run 3: throughput=2120.68 ops/sec
2026-03-23 15:41:53,937 INFO --- Trace 2/2 (dual_congested) run 4/5  [9/10 overall] ---
2026-03-23 15:41:53,937 INFO CMD: sudo sync
2026-03-23 15:41:55,063 INFO CMD: sudo sh -c echo 3 > /proc/sys/vm/drop_caches
2026-03-23 15:41:55,607 INFO Page cache dropped.
2026-03-23 15:41:58,337 INFO Starting remote client wan_reader on krisub@node1: ssh -o StrictHostKeyChecking=no -o BatchMode=yes -i /users/krisub/.ssh/id_ed25519 krisub@node1 sh -lc 'exec /mydata/cache_ext/My-YCSB/build/run_net_leveldb /tmp/dual_wan_reader_hp9v4kzt.yaml'
2026-03-23 15:41:58,589 INFO Starting remote client wan_writer on krisub@node1: ssh -o StrictHostKeyChecking=no -o BatchMode=yes -i /users/krisub/.ssh/id_ed25519 krisub@node1 sh -lc 'exec /mydata/cache_ext/My-YCSB/build/run_net_leveldb /tmp/dual_wan_writer_1l1a0vd_.yaml'
2026-03-23 15:44:56,933 INFO Client wan_reader: throughput=958.69
2026-03-23 15:44:56,998 INFO Client wan_writer: throughput=1395.01
2026-03-23 15:44:56,998 INFO Dual-client combined throughput: 2353.70 ops/sec
2026-03-23 15:44:57,453 INFO Trace dual_congested run 4: throughput=2353.70 ops/sec
2026-03-23 15:44:57,453 INFO --- Trace 2/2 (dual_congested) run 5/5  [10/10 overall] ---
2026-03-23 15:44:57,453 INFO CMD: sudo sync
2026-03-23 15:44:57,914 INFO CMD: sudo sh -c echo 3 > /proc/sys/vm/drop_caches
2026-03-23 15:44:58,511 INFO Page cache dropped.
2026-03-23 15:45:01,401 INFO Starting remote client wan_reader on krisub@node1: ssh -o StrictHostKeyChecking=no -o BatchMode=yes -i /users/krisub/.ssh/id_ed25519 krisub@node1 sh -lc 'exec /mydata/cache_ext/My-YCSB/build/run_net_leveldb /tmp/dual_wan_reader_kyecs3x7.yaml'
2026-03-23 15:45:01,648 INFO Starting remote client wan_writer on krisub@node1: ssh -o StrictHostKeyChecking=no -o BatchMode=yes -i /users/krisub/.ssh/id_ed25519 krisub@node1 sh -lc 'exec /mydata/cache_ext/My-YCSB/build/run_net_leveldb /tmp/dual_wan_writer_ln2e1mnr.yaml'
2026-03-23 15:47:59,744 INFO Client wan_reader: throughput=1251.19
2026-03-23 15:48:00,010 INFO Client wan_writer: throughput=1699.23
2026-03-23 15:48:00,011 INFO Dual-client combined throughput: 2950.42 ops/sec
2026-03-23 15:48:00,485 INFO Trace dual_congested run 5: throughput=2950.42 ops/sec
2026-03-23 15:48:00,485 INFO Trace dual_congested summary: mean=2438.77 std=317.19 min=2120.68 max=2950.42 (CV=13.0%)
2026-03-23 15:48:00,502 INFO === Evaluation complete (5 runs per trace) ===
2026-03-23 15:48:00,503 INFO Combined score (harmonic mean of means): 1849.69  (2/2 traces passed)
2026-03-23 15:48:00,503 INFO   dual_small_vs_large: mean=1489.83 std=220.53 [1286.30 .. 1858.05]
2026-03-23 15:48:00,503 INFO   dual_congested: mean=2438.77 std=317.19 [2120.68 .. 2950.42]
2026-03-23 15:48:00,503 INFO Stopping net_leveldb_server (PID 329518)
2026-03-23 15:48:00,503 INFO CMD: sudo kill 329518
2026-03-23 15:48:00,811 INFO Unloading BPF policy (PID 329513)
2026-03-23 15:48:00,811 INFO CMD: sudo kill -2 329513
2026-03-23 15:48:01,144 INFO CMD: sudo rm -f /sys/fs/bpf/cache_ext/scan_pids
2026-03-23 15:48:01,235 INFO CMD: sudo sh -c echo 0x0007 > /sys/kernel/mm/lru_gen/enabled
2026-03-23 15:48:01,335 INFO MGLRU re-enabled (restored to 0x0007).
2026-03-23 15:48:01,335 INFO MGLRU watchdog stopped (PID 329492)
