2026-03-27 01:56:56,745 INFO Waiting for evaluation lock /tmp/cache_ext_evaluate_0.lock ...
2026-03-27 02:30:21,987 INFO Acquired evaluation lock.
2026-03-27 02:30:22,031 INFO === Step 0: Drop page cache ===
2026-03-27 02:30:22,036 INFO Database already exists at /mydata/leveldb_temp (CURRENT file found), skipping copy
2026-03-27 02:30:22,036 INFO CMD: sudo sync
2026-03-27 02:30:22,228 INFO CMD: sudo sh -c echo 3 > /proc/sys/vm/drop_caches
2026-03-27 02:30:22,463 INFO Page cache dropped.
2026-03-27 02:30:22,464 INFO === Step 1: Compile evolved policy ===
2026-03-27 02:30:22,472 INFO CMD: sudo chown -R root: /mydata/cache_ext/eviction_evo/build
2026-03-27 02:30:22,782 INFO CMD: clang-14 -O2 -target bpf -D__TARGET_ARCH_x86 -c -g -Wall -idirafter /usr/lib/llvm-14/lib/clang/14.0.0/include -idirafter /usr/local/include -idirafter /usr/include/x86_64-linux-gnu -idirafter /usr/include /mydata/cache_ext/eviction_evo/build/cache_ext_evolved.bpf.c -o /mydata/cache_ext/eviction_evo/build/cache_ext_evolved.bpf.o
2026-03-27 02:30:25,695 INFO CMD: /usr/local/sbin/bpftool gen skeleton /mydata/cache_ext/eviction_evo/build/cache_ext_evolved.bpf.o name cache_ext_evolved_bpf
2026-03-27 02:30:25,931 INFO CMD: clang-14 -O2 -g -Wall -I/mydata/cache_ext/eviction_evo/build -I/mydata/cache_ext/policies /mydata/cache_ext/eviction_evo/cache_ext_evolved.c -o /mydata/cache_ext/eviction_evo/build/cache_ext_evolved.out -L/usr/local/lib64 -lbpf
2026-03-27 02:30:26,764 INFO Compilation successful: /mydata/cache_ext/eviction_evo/build/cache_ext_evolved.out
2026-03-27 02:30:26,764 INFO === Step 2: Disable MGLRU ===
2026-03-27 02:30:26,765 INFO MGLRU watchdog started (PID 574376, will restore in 7800 s)
2026-03-27 02:30:26,765 INFO MGLRU current state: 0x0007 - disabling
2026-03-27 02:30:26,765 INFO CMD: sudo sh -c echo 0 > /sys/kernel/mm/lru_gen/enabled
2026-03-27 02:30:26,861 INFO MGLRU disabled.
2026-03-27 02:30:26,861 INFO === Step 3: Create cgroup ===
2026-03-27 02:30:26,930 INFO CMD: sudo cgcreate -g memory:cache_ext_test
2026-03-27 02:30:27,030 INFO CMD: sudo sh -c echo 536870912 > /sys/fs/cgroup/cache_ext_test/memory.max
2026-03-27 02:30:27,044 INFO Created cgroup cache_ext_test with limit 536870912 bytes
2026-03-27 02:30:27,044 INFO === Step 4: Load BPF policy ===
2026-03-27 02:30:27,044 INFO Loading policy: sudo /mydata/cache_ext/eviction_evo/build/cache_ext_evolved.out --watch_dir /mydata/leveldb_temp --cgroup_path /sys/fs/cgroup/cache_ext_test
2026-03-27 02:30:37,055 INFO Policy loaded (PID 574397)
2026-03-27 02:30:37,055 INFO === Step 5: Start server ===
2026-03-27 02:30:37,055 INFO Starting server: sudo cgexec -g memory:cache_ext_test /mydata/cache_ext/net_leveldb_server 9100 /mydata/leveldb_temp
2026-03-27 02:30:37,057 INFO Waiting for server on port 9100 ...
2026-03-27 02:30:38,100 INFO Server ready (PID 574426) on port 9100
2026-03-27 02:30:38,100 INFO === Step 6: Run 7 traces x 3 runs = 21 total benchmarks ===
2026-03-27 02:30:38,135 INFO --- Trace 1/7 (ycsb_c_a) run 1/3  [1/21 overall] ---
2026-03-27 02:30:38,135 INFO CMD: sudo sync
2026-03-27 02:30:38,270 INFO CMD: sudo sh -c echo 3 > /proc/sys/vm/drop_caches
2026-03-27 02:30:38,509 INFO Page cache dropped.
2026-03-27 02:30:41,241 INFO Starting remote client client_ycsb_c on krisub@node1: ssh -o StrictHostKeyChecking=no -o BatchMode=yes -i /users/krisub/.ssh/id_ed25519 krisub@node1 sh -lc 'exec /mydata/cache_ext/My-YCSB/build/run_net_leveldb /tmp/dual_client_ycsb_c_v0pc77g1.yaml'
2026-03-27 02:30:41,521 INFO Starting remote client client_ycsb_a on krisub@node1: ssh -o StrictHostKeyChecking=no -o BatchMode=yes -i /users/krisub/.ssh/id_ed25519 krisub@node1 sh -lc 'exec /mydata/cache_ext/My-YCSB/build/run_net_leveldb /tmp/dual_client_ycsb_a_aauofjrx.yaml'
2026-03-27 02:32:19,509 INFO Client client_ycsb_c: throughput=1395.78
2026-03-27 02:32:35,718 INFO Client client_ycsb_a: throughput=3988.46
2026-03-27 02:32:35,718 INFO Dual-client combined throughput: 5384.24 ops/sec
2026-03-27 02:32:36,197 INFO Trace ycsb_c_a run 1: throughput=5384.24 ops/sec
2026-03-27 02:32:36,197 INFO --- Trace 1/7 (ycsb_c_a) run 2/3  [2/21 overall] ---
2026-03-27 02:32:36,197 INFO CMD: sudo sync
2026-03-27 02:32:36,428 INFO CMD: sudo sh -c echo 3 > /proc/sys/vm/drop_caches
2026-03-27 02:32:36,769 INFO Page cache dropped.
2026-03-27 02:32:39,509 INFO Starting remote client client_ycsb_c on krisub@node1: ssh -o StrictHostKeyChecking=no -o BatchMode=yes -i /users/krisub/.ssh/id_ed25519 krisub@node1 sh -lc 'exec /mydata/cache_ext/My-YCSB/build/run_net_leveldb /tmp/dual_client_ycsb_c_u1rd21fo.yaml'
2026-03-27 02:32:39,745 INFO Starting remote client client_ycsb_a on krisub@node1: ssh -o StrictHostKeyChecking=no -o BatchMode=yes -i /users/krisub/.ssh/id_ed25519 krisub@node1 sh -lc 'exec /mydata/cache_ext/My-YCSB/build/run_net_leveldb /tmp/dual_client_ycsb_a_km_91o1c.yaml'
2026-03-27 02:34:17,738 INFO Client client_ycsb_c: throughput=1182.80
2026-03-27 02:34:18,254 INFO Client client_ycsb_a: throughput=2377.59
2026-03-27 02:34:18,254 INFO Dual-client combined throughput: 3560.39 ops/sec
2026-03-27 02:34:18,713 INFO Trace ycsb_c_a run 2: throughput=3560.39 ops/sec
2026-03-27 02:34:18,713 INFO --- Trace 1/7 (ycsb_c_a) run 3/3  [3/21 overall] ---
2026-03-27 02:34:18,713 INFO CMD: sudo sync
2026-03-27 02:34:18,955 INFO CMD: sudo sh -c echo 3 > /proc/sys/vm/drop_caches
2026-03-27 02:34:19,235 INFO Page cache dropped.
2026-03-27 02:34:21,973 INFO Starting remote client client_ycsb_c on krisub@node1: ssh -o StrictHostKeyChecking=no -o BatchMode=yes -i /users/krisub/.ssh/id_ed25519 krisub@node1 sh -lc 'exec /mydata/cache_ext/My-YCSB/build/run_net_leveldb /tmp/dual_client_ycsb_c_alt4jvnh.yaml'
2026-03-27 02:34:22,217 INFO Starting remote client client_ycsb_a on krisub@node1: ssh -o StrictHostKeyChecking=no -o BatchMode=yes -i /users/krisub/.ssh/id_ed25519 krisub@node1 sh -lc 'exec /mydata/cache_ext/My-YCSB/build/run_net_leveldb /tmp/dual_client_ycsb_a_0d0dscgo.yaml'
2026-03-27 02:36:00,161 INFO Client client_ycsb_c: throughput=1195.59
2026-03-27 02:36:00,477 INFO Client client_ycsb_a: throughput=2330.31
2026-03-27 02:36:00,477 INFO Dual-client combined throughput: 3525.90 ops/sec
2026-03-27 02:36:00,949 INFO Trace ycsb_c_a run 3: throughput=3525.90 ops/sec
2026-03-27 02:36:00,950 INFO Trace ycsb_c_a summary: mean=4156.84 std=1063.10 min=3525.90 max=5384.24 (CV=25.6%)
2026-03-27 02:36:00,988 INFO --- Trace 2/7 (ycsb_c_e) run 1/3  [4/21 overall] ---
2026-03-27 02:36:00,988 INFO CMD: sudo sync
2026-03-27 02:36:01,204 INFO CMD: sudo sh -c echo 3 > /proc/sys/vm/drop_caches
2026-03-27 02:36:01,478 INFO Page cache dropped.
2026-03-27 02:36:04,193 INFO Starting remote client client_ycsb_c on krisub@node1: ssh -o StrictHostKeyChecking=no -o BatchMode=yes -i /users/krisub/.ssh/id_ed25519 krisub@node1 sh -lc 'exec /mydata/cache_ext/My-YCSB/build/run_net_leveldb /tmp/dual_client_ycsb_c_xihbxt93.yaml'
2026-03-27 02:36:04,440 INFO Starting remote client client_ycsb_e on krisub@node1: ssh -o StrictHostKeyChecking=no -o BatchMode=yes -i /users/krisub/.ssh/id_ed25519 krisub@node1 sh -lc 'exec /mydata/cache_ext/My-YCSB/build/run_net_leveldb /tmp/dual_client_ycsb_e_qsbqp7s5.yaml'
2026-03-27 02:37:42,569 INFO Client client_ycsb_c: throughput=1629.75
2026-03-27 02:37:44,088 INFO Client client_ycsb_e: throughput=77014.30
2026-03-27 02:37:44,089 INFO Dual-client combined throughput: 78644.05 ops/sec
2026-03-27 02:37:44,577 INFO Trace ycsb_c_e run 1: throughput=78644.05 ops/sec
2026-03-27 02:37:44,577 INFO --- Trace 2/7 (ycsb_c_e) run 2/3  [5/21 overall] ---
2026-03-27 02:37:44,577 INFO CMD: sudo sync
2026-03-27 02:37:44,759 INFO CMD: sudo sh -c echo 3 > /proc/sys/vm/drop_caches
2026-03-27 02:37:45,070 INFO Page cache dropped.
2026-03-27 02:37:47,717 INFO Starting remote client client_ycsb_c on krisub@node1: ssh -o StrictHostKeyChecking=no -o BatchMode=yes -i /users/krisub/.ssh/id_ed25519 krisub@node1 sh -lc 'exec /mydata/cache_ext/My-YCSB/build/run_net_leveldb /tmp/dual_client_ycsb_c_63sddczn.yaml'
2026-03-27 02:37:47,968 INFO Starting remote client client_ycsb_e on krisub@node1: ssh -o StrictHostKeyChecking=no -o BatchMode=yes -i /users/krisub/.ssh/id_ed25519 krisub@node1 sh -lc 'exec /mydata/cache_ext/My-YCSB/build/run_net_leveldb /tmp/dual_client_ycsb_e_ucd7z7ly.yaml'
2026-03-27 02:39:26,150 INFO Client client_ycsb_c: throughput=1658.50
2026-03-27 02:39:27,218 INFO Client client_ycsb_e: throughput=77133.95
2026-03-27 02:39:27,218 INFO Dual-client combined throughput: 78792.45 ops/sec
2026-03-27 02:39:27,661 INFO Trace ycsb_c_e run 2: throughput=78792.45 ops/sec
2026-03-27 02:39:27,662 INFO --- Trace 2/7 (ycsb_c_e) run 3/3  [6/21 overall] ---
2026-03-27 02:39:27,662 INFO CMD: sudo sync
2026-03-27 02:39:27,857 INFO CMD: sudo sh -c echo 3 > /proc/sys/vm/drop_caches
2026-03-27 02:39:28,102 INFO Page cache dropped.
2026-03-27 02:39:30,813 INFO Starting remote client client_ycsb_c on krisub@node1: ssh -o StrictHostKeyChecking=no -o BatchMode=yes -i /users/krisub/.ssh/id_ed25519 krisub@node1 sh -lc 'exec /mydata/cache_ext/My-YCSB/build/run_net_leveldb /tmp/dual_client_ycsb_c_em5rnn3h.yaml'
2026-03-27 02:39:31,072 INFO Starting remote client client_ycsb_e on krisub@node1: ssh -o StrictHostKeyChecking=no -o BatchMode=yes -i /users/krisub/.ssh/id_ed25519 krisub@node1 sh -lc 'exec /mydata/cache_ext/My-YCSB/build/run_net_leveldb /tmp/dual_client_ycsb_e_rc4zn9hy.yaml'
2026-03-27 02:41:09,152 INFO Client client_ycsb_c: throughput=1625.28
2026-03-27 02:41:10,672 INFO Client client_ycsb_e: throughput=78606.56
2026-03-27 02:41:10,672 INFO Dual-client combined throughput: 80231.84 ops/sec
2026-03-27 02:41:11,145 INFO Trace ycsb_c_e run 3: throughput=80231.84 ops/sec
2026-03-27 02:41:11,146 INFO Trace ycsb_c_e summary: mean=79222.78 std=877.02 min=78644.05 max=80231.84 (CV=1.1%)
2026-03-27 02:41:11,173 INFO --- Trace 3/7 (ycsb_c_f) run 1/3  [7/21 overall] ---
2026-03-27 02:41:11,173 INFO CMD: sudo sync
2026-03-27 02:41:11,475 INFO CMD: sudo sh -c echo 3 > /proc/sys/vm/drop_caches
2026-03-27 02:41:11,728 INFO Page cache dropped.
2026-03-27 02:41:14,346 INFO Starting remote client client_ycsb_c on krisub@node1: ssh -o StrictHostKeyChecking=no -o BatchMode=yes -i /users/krisub/.ssh/id_ed25519 krisub@node1 sh -lc 'exec /mydata/cache_ext/My-YCSB/build/run_net_leveldb /tmp/dual_client_ycsb_c_9bth44s5.yaml'
2026-03-27 02:41:14,609 INFO Starting remote client client_ycsb_f on krisub@node1: ssh -o StrictHostKeyChecking=no -o BatchMode=yes -i /users/krisub/.ssh/id_ed25519 krisub@node1 sh -lc 'exec /mydata/cache_ext/My-YCSB/build/run_net_leveldb /tmp/dual_client_ycsb_f_2skpwwa1.yaml'
2026-03-27 02:42:52,556 INFO Client client_ycsb_c: throughput=1314.62
2026-03-27 02:42:52,972 INFO Client client_ycsb_f: throughput=180.92
2026-03-27 02:42:52,972 INFO Dual-client combined throughput: 1495.54 ops/sec
2026-03-27 02:42:53,430 INFO Trace ycsb_c_f run 1: throughput=1495.54 ops/sec
2026-03-27 02:42:53,430 INFO --- Trace 3/7 (ycsb_c_f) run 2/3  [8/21 overall] ---
2026-03-27 02:42:53,430 INFO CMD: sudo sync
2026-03-27 02:42:53,651 INFO CMD: sudo sh -c echo 3 > /proc/sys/vm/drop_caches
2026-03-27 02:42:53,960 INFO Page cache dropped.
2026-03-27 02:42:56,585 INFO Starting remote client client_ycsb_c on krisub@node1: ssh -o StrictHostKeyChecking=no -o BatchMode=yes -i /users/krisub/.ssh/id_ed25519 krisub@node1 sh -lc 'exec /mydata/cache_ext/My-YCSB/build/run_net_leveldb /tmp/dual_client_ycsb_c_954srdfk.yaml'
2026-03-27 02:42:56,857 INFO Starting remote client client_ycsb_f on krisub@node1: ssh -o StrictHostKeyChecking=no -o BatchMode=yes -i /users/krisub/.ssh/id_ed25519 krisub@node1 sh -lc 'exec /mydata/cache_ext/My-YCSB/build/run_net_leveldb /tmp/dual_client_ycsb_f_ayjqf7yb.yaml'
2026-03-27 02:44:34,854 INFO Client client_ycsb_c: throughput=1340.01
2026-03-27 02:44:35,270 INFO Client client_ycsb_f: throughput=187.03
2026-03-27 02:44:35,271 INFO Dual-client combined throughput: 1527.04 ops/sec
2026-03-27 02:44:35,741 INFO Trace ycsb_c_f run 2: throughput=1527.04 ops/sec
2026-03-27 02:44:35,742 INFO --- Trace 3/7 (ycsb_c_f) run 3/3  [9/21 overall] ---
2026-03-27 02:44:35,742 INFO CMD: sudo sync
2026-03-27 02:44:35,939 INFO CMD: sudo sh -c echo 3 > /proc/sys/vm/drop_caches
2026-03-27 02:44:36,232 INFO Page cache dropped.
2026-03-27 02:44:38,941 INFO Starting remote client client_ycsb_c on krisub@node1: ssh -o StrictHostKeyChecking=no -o BatchMode=yes -i /users/krisub/.ssh/id_ed25519 krisub@node1 sh -lc 'exec /mydata/cache_ext/My-YCSB/build/run_net_leveldb /tmp/dual_client_ycsb_c_zacfkf9u.yaml'
2026-03-27 02:44:39,190 INFO Starting remote client client_ycsb_f on krisub@node1: ssh -o StrictHostKeyChecking=no -o BatchMode=yes -i /users/krisub/.ssh/id_ed25519 krisub@node1 sh -lc 'exec /mydata/cache_ext/My-YCSB/build/run_net_leveldb /tmp/dual_client_ycsb_f_t6fcpach.yaml'
2026-03-27 02:46:17,088 INFO Client client_ycsb_c: throughput=1326.14
2026-03-27 02:46:17,454 INFO Client client_ycsb_f: throughput=186.97
2026-03-27 02:46:17,454 INFO Dual-client combined throughput: 1513.11 ops/sec
2026-03-27 02:46:17,945 INFO Trace ycsb_c_f run 3: throughput=1513.11 ops/sec
2026-03-27 02:46:17,945 INFO Trace ycsb_c_f summary: mean=1511.90 std=15.79 min=1495.54 max=1527.04 (CV=1.0%)
2026-03-27 02:46:17,979 INFO --- Trace 4/7 (ycsb_b_a) run 1/3  [10/21 overall] ---
2026-03-27 02:46:17,979 INFO CMD: sudo sync
2026-03-27 02:46:18,205 INFO CMD: sudo sh -c echo 3 > /proc/sys/vm/drop_caches
2026-03-27 02:46:18,486 INFO Page cache dropped.
2026-03-27 02:46:21,222 INFO Starting remote client client_ycsb_b on krisub@node1: ssh -o StrictHostKeyChecking=no -o BatchMode=yes -i /users/krisub/.ssh/id_ed25519 krisub@node1 sh -lc 'exec /mydata/cache_ext/My-YCSB/build/run_net_leveldb /tmp/dual_client_ycsb_b_0oxwfhd3.yaml'
2026-03-27 02:46:21,497 INFO Starting remote client client_ycsb_a on krisub@node1: ssh -o StrictHostKeyChecking=no -o BatchMode=yes -i /users/krisub/.ssh/id_ed25519 krisub@node1 sh -lc 'exec /mydata/cache_ext/My-YCSB/build/run_net_leveldb /tmp/dual_client_ycsb_a_3u2i1qfo.yaml'
2026-03-27 02:47:59,490 INFO Client client_ycsb_b: throughput=1423.71
2026-03-27 02:47:59,806 INFO Client client_ycsb_a: throughput=2556.26
2026-03-27 02:47:59,807 INFO Dual-client combined throughput: 3979.97 ops/sec
2026-03-27 02:48:00,265 INFO Trace ycsb_b_a run 1: throughput=3979.97 ops/sec
2026-03-27 02:48:00,265 INFO --- Trace 4/7 (ycsb_b_a) run 2/3  [11/21 overall] ---
2026-03-27 02:48:00,265 INFO CMD: sudo sync
2026-03-27 02:48:00,459 INFO CMD: sudo sh -c echo 3 > /proc/sys/vm/drop_caches
2026-03-27 02:48:00,753 INFO Page cache dropped.
2026-03-27 02:48:03,429 INFO Starting remote client client_ycsb_b on krisub@node1: ssh -o StrictHostKeyChecking=no -o BatchMode=yes -i /users/krisub/.ssh/id_ed25519 krisub@node1 sh -lc 'exec /mydata/cache_ext/My-YCSB/build/run_net_leveldb /tmp/dual_client_ycsb_b_70xntok2.yaml'
2026-03-27 02:48:03,676 INFO Starting remote client client_ycsb_a on krisub@node1: ssh -o StrictHostKeyChecking=no -o BatchMode=yes -i /users/krisub/.ssh/id_ed25519 krisub@node1 sh -lc 'exec /mydata/cache_ext/My-YCSB/build/run_net_leveldb /tmp/dual_client_ycsb_a_9pjrc_pf.yaml'
2026-03-27 02:49:41,819 INFO Client client_ycsb_b: throughput=1378.64
2026-03-27 02:49:42,035 INFO Client client_ycsb_a: throughput=2507.57
2026-03-27 02:49:42,035 INFO Dual-client combined throughput: 3886.21 ops/sec
2026-03-27 02:49:42,489 INFO Trace ycsb_b_a run 2: throughput=3886.21 ops/sec
2026-03-27 02:49:42,489 INFO --- Trace 4/7 (ycsb_b_a) run 3/3  [12/21 overall] ---
2026-03-27 02:49:42,489 INFO CMD: sudo sync
2026-03-27 02:49:42,706 INFO CMD: sudo sh -c echo 3 > /proc/sys/vm/drop_caches
2026-03-27 02:49:43,070 INFO Page cache dropped.
2026-03-27 02:49:45,874 INFO Starting remote client client_ycsb_b on krisub@node1: ssh -o StrictHostKeyChecking=no -o BatchMode=yes -i /users/krisub/.ssh/id_ed25519 krisub@node1 sh -lc 'exec /mydata/cache_ext/My-YCSB/build/run_net_leveldb /tmp/dual_client_ycsb_b__wp3yik3.yaml'
2026-03-27 02:49:46,128 INFO Starting remote client client_ycsb_a on krisub@node1: ssh -o StrictHostKeyChecking=no -o BatchMode=yes -i /users/krisub/.ssh/id_ed25519 krisub@node1 sh -lc 'exec /mydata/cache_ext/My-YCSB/build/run_net_leveldb /tmp/dual_client_ycsb_a_q_9__0n2.yaml'
2026-03-27 02:51:24,275 INFO Client client_ycsb_b: throughput=1321.09
2026-03-27 02:51:24,490 INFO Client client_ycsb_a: throughput=2517.67
2026-03-27 02:51:24,491 INFO Dual-client combined throughput: 3838.76 ops/sec
2026-03-27 02:51:24,962 INFO Trace ycsb_b_a run 3: throughput=3838.76 ops/sec
2026-03-27 02:51:24,963 INFO Trace ycsb_b_a summary: mean=3901.65 std=71.86 min=3838.76 max=3979.97 (CV=1.8%)
2026-03-27 02:51:24,993 INFO --- Trace 5/7 (ycsb_a_d) run 1/3  [13/21 overall] ---
2026-03-27 02:51:24,993 INFO CMD: sudo sync
2026-03-27 02:51:25,188 INFO CMD: sudo sh -c echo 3 > /proc/sys/vm/drop_caches
2026-03-27 02:51:25,474 INFO Page cache dropped.
2026-03-27 02:51:28,261 INFO Starting remote client client_ycsb_a on krisub@node1: ssh -o StrictHostKeyChecking=no -o BatchMode=yes -i /users/krisub/.ssh/id_ed25519 krisub@node1 sh -lc 'exec /mydata/cache_ext/My-YCSB/build/run_net_leveldb /tmp/dual_client_ycsb_a_tsy6cdh4.yaml'
2026-03-27 02:51:28,500 INFO Starting remote client client_ycsb_d on krisub@node1: ssh -o StrictHostKeyChecking=no -o BatchMode=yes -i /users/krisub/.ssh/id_ed25519 krisub@node1 sh -lc 'exec /mydata/cache_ext/My-YCSB/build/run_net_leveldb /tmp/dual_client_ycsb_d_cetp8pr0.yaml'
2026-03-27 02:53:06,747 INFO Client client_ycsb_a: throughput=2373.85
2026-03-27 02:53:06,863 INFO Client client_ycsb_d: throughput=1940.75
2026-03-27 02:53:06,863 INFO Dual-client combined throughput: 4314.60 ops/sec
2026-03-27 02:53:07,365 INFO Trace ycsb_a_d run 1: throughput=4314.60 ops/sec
2026-03-27 02:53:07,365 INFO --- Trace 5/7 (ycsb_a_d) run 2/3  [14/21 overall] ---
2026-03-27 02:53:07,366 INFO CMD: sudo sync
2026-03-27 02:53:07,651 INFO CMD: sudo sh -c echo 3 > /proc/sys/vm/drop_caches
2026-03-27 02:53:07,928 INFO Page cache dropped.
2026-03-27 02:53:10,745 INFO Starting remote client client_ycsb_a on krisub@node1: ssh -o StrictHostKeyChecking=no -o BatchMode=yes -i /users/krisub/.ssh/id_ed25519 krisub@node1 sh -lc 'exec /mydata/cache_ext/My-YCSB/build/run_net_leveldb /tmp/dual_client_ycsb_a_ggl5us8c.yaml'
2026-03-27 02:53:10,997 INFO Starting remote client client_ycsb_d on krisub@node1: ssh -o StrictHostKeyChecking=no -o BatchMode=yes -i /users/krisub/.ssh/id_ed25519 krisub@node1 sh -lc 'exec /mydata/cache_ext/My-YCSB/build/run_net_leveldb /tmp/dual_client_ycsb_d__pf6g07f.yaml'
2026-03-27 02:54:49,040 INFO Client client_ycsb_a: throughput=2375.95
2026-03-27 02:54:49,306 INFO Client client_ycsb_d: throughput=2365.62
2026-03-27 02:54:49,306 INFO Dual-client combined throughput: 4741.57 ops/sec
2026-03-27 02:54:49,797 INFO Trace ycsb_a_d run 2: throughput=4741.57 ops/sec
2026-03-27 02:54:49,797 INFO --- Trace 5/7 (ycsb_a_d) run 3/3  [15/21 overall] ---
2026-03-27 02:54:49,797 INFO CMD: sudo sync
2026-03-27 02:54:49,966 INFO CMD: sudo sh -c echo 3 > /proc/sys/vm/drop_caches
2026-03-27 02:54:50,240 INFO Page cache dropped.
2026-03-27 02:54:52,928 INFO Starting remote client client_ycsb_a on krisub@node1: ssh -o StrictHostKeyChecking=no -o BatchMode=yes -i /users/krisub/.ssh/id_ed25519 krisub@node1 sh -lc 'exec /mydata/cache_ext/My-YCSB/build/run_net_leveldb /tmp/dual_client_ycsb_a_r2u611nm.yaml'
2026-03-27 02:54:53,184 INFO Starting remote client client_ycsb_d on krisub@node1: ssh -o StrictHostKeyChecking=no -o BatchMode=yes -i /users/krisub/.ssh/id_ed25519 krisub@node1 sh -lc 'exec /mydata/cache_ext/My-YCSB/build/run_net_leveldb /tmp/dual_client_ycsb_d_nefan1v7.yaml'
2026-03-27 02:56:31,225 INFO Client client_ycsb_a: throughput=2415.62
2026-03-27 02:56:31,440 INFO Client client_ycsb_d: throughput=2477.25
2026-03-27 02:56:31,440 INFO Dual-client combined throughput: 4892.87 ops/sec
2026-03-27 02:56:31,910 INFO Trace ycsb_a_d run 3: throughput=4892.87 ops/sec
2026-03-27 02:56:31,910 INFO Trace ycsb_a_d summary: mean=4649.68 std=299.89 min=4314.60 max=4892.87 (CV=6.4%)
2026-03-27 02:56:31,957 INFO --- Trace 6/7 (ycsb_e_a) run 1/3  [16/21 overall] ---
2026-03-27 02:56:31,957 INFO CMD: sudo sync
2026-03-27 02:56:32,180 INFO CMD: sudo sh -c echo 3 > /proc/sys/vm/drop_caches
2026-03-27 02:56:32,467 INFO Page cache dropped.
2026-03-27 02:56:35,098 INFO Starting remote client client_ycsb_e on krisub@node1: ssh -o StrictHostKeyChecking=no -o BatchMode=yes -i /users/krisub/.ssh/id_ed25519 krisub@node1 sh -lc 'exec /mydata/cache_ext/My-YCSB/build/run_net_leveldb /tmp/dual_client_ycsb_e_yxm429p9.yaml'
2026-03-27 02:56:35,352 INFO Starting remote client client_ycsb_a on krisub@node1: ssh -o StrictHostKeyChecking=no -o BatchMode=yes -i /users/krisub/.ssh/id_ed25519 krisub@node1 sh -lc 'exec /mydata/cache_ext/My-YCSB/build/run_net_leveldb /tmp/dual_client_ycsb_a_w8u9vevx.yaml'
2026-03-27 02:58:14,378 INFO Client client_ycsb_e: throughput=74375.08
2026-03-27 02:58:14,380 INFO Client client_ycsb_a: throughput=3640.01
2026-03-27 02:58:14,380 INFO Dual-client combined throughput: 78015.09 ops/sec
2026-03-27 02:58:14,829 INFO Trace ycsb_e_a run 1: throughput=78015.09 ops/sec
2026-03-27 02:58:14,829 INFO --- Trace 6/7 (ycsb_e_a) run 2/3  [17/21 overall] ---
2026-03-27 02:58:14,829 INFO CMD: sudo sync
2026-03-27 02:58:15,039 INFO CMD: sudo sh -c echo 3 > /proc/sys/vm/drop_caches
2026-03-27 02:58:15,316 INFO Page cache dropped.
2026-03-27 02:58:17,945 INFO Starting remote client client_ycsb_e on krisub@node1: ssh -o StrictHostKeyChecking=no -o BatchMode=yes -i /users/krisub/.ssh/id_ed25519 krisub@node1 sh -lc 'exec /mydata/cache_ext/My-YCSB/build/run_net_leveldb /tmp/dual_client_ycsb_e_ajew_qhv.yaml'
2026-03-27 02:58:18,213 INFO Starting remote client client_ycsb_a on krisub@node1: ssh -o StrictHostKeyChecking=no -o BatchMode=yes -i /users/krisub/.ssh/id_ed25519 krisub@node1 sh -lc 'exec /mydata/cache_ext/My-YCSB/build/run_net_leveldb /tmp/dual_client_ycsb_a_dlz314im.yaml'
2026-03-27 02:59:57,192 INFO Client client_ycsb_e: throughput=72379.85
2026-03-27 02:59:57,193 INFO Client client_ycsb_a: throughput=3635.01
2026-03-27 02:59:57,194 INFO Dual-client combined throughput: 76014.86 ops/sec
2026-03-27 02:59:57,717 INFO Trace ycsb_e_a run 2: throughput=76014.86 ops/sec
2026-03-27 02:59:57,717 INFO --- Trace 6/7 (ycsb_e_a) run 3/3  [18/21 overall] ---
2026-03-27 02:59:57,717 INFO CMD: sudo sync
2026-03-27 02:59:57,915 INFO CMD: sudo sh -c echo 3 > /proc/sys/vm/drop_caches
2026-03-27 02:59:58,176 INFO Page cache dropped.
2026-03-27 03:00:00,838 INFO Starting remote client client_ycsb_e on krisub@node1: ssh -o StrictHostKeyChecking=no -o BatchMode=yes -i /users/krisub/.ssh/id_ed25519 krisub@node1 sh -lc 'exec /mydata/cache_ext/My-YCSB/build/run_net_leveldb /tmp/dual_client_ycsb_e_m0ig0f30.yaml'
2026-03-27 03:00:01,120 INFO Starting remote client client_ycsb_a on krisub@node1: ssh -o StrictHostKeyChecking=no -o BatchMode=yes -i /users/krisub/.ssh/id_ed25519 krisub@node1 sh -lc 'exec /mydata/cache_ext/My-YCSB/build/run_net_leveldb /tmp/dual_client_ycsb_a_3f51m7x9.yaml'
2026-03-27 03:01:40,052 INFO Client client_ycsb_e: throughput=72375.39
2026-03-27 03:01:40,053 INFO Client client_ycsb_a: throughput=3688.89
2026-03-27 03:01:40,053 INFO Dual-client combined throughput: 76064.28 ops/sec
2026-03-27 03:01:40,516 INFO Trace ycsb_e_a run 3: throughput=76064.28 ops/sec
2026-03-27 03:01:40,517 INFO Trace ycsb_e_a summary: mean=76698.08 std=1140.83 min=76014.86 max=78015.09 (CV=1.5%)
2026-03-27 03:01:40,551 INFO --- Trace 7/7 (ycsb_e_f) run 1/3  [19/21 overall] ---
2026-03-27 03:01:40,551 INFO CMD: sudo sync
2026-03-27 03:01:40,791 INFO CMD: sudo sh -c echo 3 > /proc/sys/vm/drop_caches
2026-03-27 03:01:41,042 INFO Page cache dropped.
2026-03-27 03:01:43,753 INFO Starting remote client client_ycsb_e on krisub@node1: ssh -o StrictHostKeyChecking=no -o BatchMode=yes -i /users/krisub/.ssh/id_ed25519 krisub@node1 sh -lc 'exec /mydata/cache_ext/My-YCSB/build/run_net_leveldb /tmp/dual_client_ycsb_e_qa8x0zl2.yaml'
2026-03-27 03:01:44,008 INFO Starting remote client client_ycsb_f on krisub@node1: ssh -o StrictHostKeyChecking=no -o BatchMode=yes -i /users/krisub/.ssh/id_ed25519 krisub@node1 sh -lc 'exec /mydata/cache_ext/My-YCSB/build/run_net_leveldb /tmp/dual_client_ycsb_f_9xppi0b2.yaml'
2026-03-27 03:03:23,137 INFO Client client_ycsb_e: throughput=73176.07
2026-03-27 03:03:23,139 INFO Client client_ycsb_f: throughput=268.02
2026-03-27 03:03:23,139 INFO Dual-client combined throughput: 73444.09 ops/sec
2026-03-27 03:03:23,602 INFO Trace ycsb_e_f run 1: throughput=73444.09 ops/sec
2026-03-27 03:03:23,602 INFO --- Trace 7/7 (ycsb_e_f) run 2/3  [20/21 overall] ---
2026-03-27 03:03:23,602 INFO CMD: sudo sync
2026-03-27 03:03:23,846 INFO CMD: sudo sh -c echo 3 > /proc/sys/vm/drop_caches
2026-03-27 03:03:24,165 INFO Page cache dropped.
2026-03-27 03:03:26,921 INFO Starting remote client client_ycsb_e on krisub@node1: ssh -o StrictHostKeyChecking=no -o BatchMode=yes -i /users/krisub/.ssh/id_ed25519 krisub@node1 sh -lc 'exec /mydata/cache_ext/My-YCSB/build/run_net_leveldb /tmp/dual_client_ycsb_e_zbqqk51e.yaml'
2026-03-27 03:03:27,196 INFO Starting remote client client_ycsb_f on krisub@node1: ssh -o StrictHostKeyChecking=no -o BatchMode=yes -i /users/krisub/.ssh/id_ed25519 krisub@node1 sh -lc 'exec /mydata/cache_ext/My-YCSB/build/run_net_leveldb /tmp/dual_client_ycsb_f_i_mps8_v.yaml'
2026-03-27 03:05:06,130 INFO Client client_ycsb_e: throughput=75222.90
2026-03-27 03:05:06,132 INFO Client client_ycsb_f: throughput=268.67
2026-03-27 03:05:06,132 INFO Dual-client combined throughput: 75491.57 ops/sec
2026-03-27 03:05:06,609 INFO Trace ycsb_e_f run 2: throughput=75491.57 ops/sec
2026-03-27 03:05:06,609 INFO --- Trace 7/7 (ycsb_e_f) run 3/3  [21/21 overall] ---
2026-03-27 03:05:06,609 INFO CMD: sudo sync
2026-03-27 03:05:06,801 INFO CMD: sudo sh -c echo 3 > /proc/sys/vm/drop_caches
2026-03-27 03:05:07,089 INFO Page cache dropped.
2026-03-27 03:05:09,785 INFO Starting remote client client_ycsb_e on krisub@node1: ssh -o StrictHostKeyChecking=no -o BatchMode=yes -i /users/krisub/.ssh/id_ed25519 krisub@node1 sh -lc 'exec /mydata/cache_ext/My-YCSB/build/run_net_leveldb /tmp/dual_client_ycsb_e_u29555yl.yaml'
2026-03-27 03:05:10,041 INFO Starting remote client client_ycsb_f on krisub@node1: ssh -o StrictHostKeyChecking=no -o BatchMode=yes -i /users/krisub/.ssh/id_ed25519 krisub@node1 sh -lc 'exec /mydata/cache_ext/My-YCSB/build/run_net_leveldb /tmp/dual_client_ycsb_f_cd6uke4t.yaml'
2026-03-27 03:06:49,315 INFO Client client_ycsb_e: throughput=74628.05
2026-03-27 03:06:49,316 INFO Client client_ycsb_f: throughput=265.85
2026-03-27 03:06:49,316 INFO Dual-client combined throughput: 74893.90 ops/sec
2026-03-27 03:06:49,785 INFO Trace ycsb_e_f run 3: throughput=74893.90 ops/sec
2026-03-27 03:06:49,785 INFO Trace ycsb_e_f summary: mean=74609.85 std=1052.88 min=73444.09 max=75491.57 (CV=1.4%)
2026-03-27 03:06:49,803 INFO === Evaluation complete (3 runs per trace) ===
2026-03-27 03:06:49,803 INFO Combined score (harmonic mean of means): 4956.02  (7/7 traces passed)
2026-03-27 03:06:49,803 INFO   ycsb_c_a: mean=4156.84 std=1063.10 [3525.90 .. 5384.24]
2026-03-27 03:06:49,803 INFO   ycsb_c_e: mean=79222.78 std=877.02 [78644.05 .. 80231.84]
2026-03-27 03:06:49,803 INFO   ycsb_c_f: mean=1511.90 std=15.79 [1495.54 .. 1527.04]
2026-03-27 03:06:49,803 INFO   ycsb_b_a: mean=3901.65 std=71.86 [3838.76 .. 3979.97]
2026-03-27 03:06:49,804 INFO   ycsb_a_d: mean=4649.68 std=299.89 [4314.60 .. 4892.87]
2026-03-27 03:06:49,804 INFO   ycsb_e_a: mean=76698.08 std=1140.83 [76014.86 .. 78015.09]
2026-03-27 03:06:49,804 INFO   ycsb_e_f: mean=74609.85 std=1052.88 [73444.09 .. 75491.57]
2026-03-27 03:06:49,804 INFO Stopping net_leveldb_server (PID 574426)
2026-03-27 03:06:49,804 INFO CMD: sudo kill 574426
2026-03-27 03:06:49,933 INFO Unloading BPF policy (PID 574397)
2026-03-27 03:06:49,934 INFO CMD: sudo kill -2 574397
2026-03-27 03:06:50,266 INFO CMD: sudo rm -f /sys/fs/bpf/cache_ext/scan_pids
2026-03-27 03:06:50,357 INFO CMD: sudo sh -c echo 0x0007 > /sys/kernel/mm/lru_gen/enabled
2026-03-27 03:06:50,482 INFO MGLRU re-enabled (restored to 0x0007).
2026-03-27 03:06:50,482 INFO MGLRU watchdog stopped (PID 574376)
