2026-03-11 00:00:15,442 INFO Waiting for evaluation lock /tmp/cache_ext_file_evaluate.lock ...
2026-03-11 00:03:56,524 INFO Acquired evaluation lock.
2026-03-11 00:03:56,524 INFO === Step 0: Drop page cache ===
2026-03-11 00:03:56,524 INFO CMD: sudo sync
2026-03-11 00:03:56,702 INFO CMD: sudo sh -c echo 3 > /proc/sys/vm/drop_caches
2026-03-11 00:03:56,919 INFO Page cache dropped.
2026-03-11 00:03:56,920 INFO === Step 1: Compile evolved policy ===
2026-03-11 00:03:56,934 INFO CMD: sudo chown -R root: /mydata/cache_ext/eviction_evo/build
2026-03-11 00:03:57,351 INFO CMD: clang-14 -O2 -target bpf -D__TARGET_ARCH_x86 -c -g -Wall -idirafter /usr/lib/llvm-14/lib/clang/14.0.0/include -idirafter /usr/local/include -idirafter /usr/include/x86_64-linux-gnu -idirafter /usr/include /mydata/cache_ext/eviction_evo/build/cache_ext_evolved.bpf.c -o /mydata/cache_ext/eviction_evo/build/cache_ext_evolved.bpf.o
2026-03-11 00:04:00,146 INFO CMD: /usr/local/sbin/bpftool gen skeleton /mydata/cache_ext/eviction_evo/build/cache_ext_evolved.bpf.o name cache_ext_evolved_bpf
2026-03-11 00:04:00,333 INFO CMD: clang-14 -O2 -g -Wall -I/mydata/cache_ext/eviction_evo/build -I/mydata/cache_ext/policies /mydata/cache_ext/eviction_evo/cache_ext_evolved.c -o /mydata/cache_ext/eviction_evo/build/cache_ext_evolved.out -L/usr/local/lib64 -lbpf
2026-03-11 00:04:01,255 INFO Compilation successful: /mydata/cache_ext/eviction_evo/build/cache_ext_evolved.out
2026-03-11 00:04:01,256 INFO === Step 2: Disable MGLRU ===
2026-03-11 00:04:01,256 INFO MGLRU current state: 0x0007 — disabling
2026-03-11 00:04:01,256 INFO CMD: sudo sh -c echo 0 > /sys/kernel/mm/lru_gen/enabled
2026-03-11 00:04:01,299 INFO MGLRU disabled.
2026-03-11 00:04:01,299 INFO === Step 3: Create cgroup ===
2026-03-11 00:04:01,299 INFO CMD: sudo cgdelete memory:cache_ext_test
2026-03-11 00:04:01,330 INFO CMD: sudo cgcreate -g memory:cache_ext_test
2026-03-11 00:04:01,439 INFO CMD: sudo sh -c echo 134217728 > /sys/fs/cgroup/cache_ext_test/memory.max
2026-03-11 00:04:01,453 INFO CMD: sudo sh -c echo 268435456 > /sys/fs/cgroup/cache_ext_test/memory.swap.max
2026-03-11 00:04:01,465 INFO Created cgroup cache_ext_test with limit 134217728 bytes, swap limit 268435456 bytes
2026-03-11 00:04:01,466 INFO === Step 4: Load BPF policy ===
2026-03-11 00:04:01,466 INFO Loading policy: sudo /mydata/cache_ext/eviction_evo/build/cache_ext_evolved.out --watch_dir /mydata/file_workload_data --cgroup_path /sys/fs/cgroup/cache_ext_test
2026-03-11 00:04:11,477 INFO Policy loaded (PID 131572)
2026-03-11 00:04:11,477 INFO === Step 5: Run 2 file workload traces ===
2026-03-11 00:04:11,477 INFO --- Trace 1/2: file_priority ---
2026-03-11 00:04:11,506 INFO Starting process high_prio_reader: sudo cgexec -g memory:cache_ext_test sh -c echo $$ > "/tmp/file_workload_high_prio_reader_130665.pid" && exec "/mydata/cache_ext/eviction_evo/build/file_workload" "/tmp/file_high_prio_reader_69nkpw4e.yaml"
2026-03-11 00:04:11,509 INFO Starting process low_prio_reader: sudo cgexec -g memory:cache_ext_test sh -c echo $$ > "/tmp/file_workload_low_prio_reader_130665.pid" && exec "/mydata/cache_ext/eviction_evo/build/file_workload" "/tmp/file_low_prio_reader_ytg2e9ns.yaml"
2026-03-11 00:04:14,514 INFO Process high_prio_reader actual PID: 131579 (wrapper PID: 131575)
2026-03-11 00:04:14,514 INFO Process low_prio_reader actual PID: 131580 (wrapper PID: 131576)
2026-03-11 00:06:21,723 INFO Process high_prio_reader: throughput=2998.25
2026-03-11 00:06:21,724 INFO Process low_prio_reader: throughput=180.03
2026-03-11 00:06:21,724 INFO File workload combined throughput: 3178.28 ops/sec
2026-03-11 00:06:21,724 INFO Trace file_priority: throughput=3178.28 ops/sec
2026-03-11 00:06:21,724 INFO --- Trace 2/2: file_niceness ---
2026-03-11 00:06:21,724 INFO CMD: sudo sync
2026-03-11 00:06:21,849 INFO CMD: sudo sh -c echo 3 > /proc/sys/vm/drop_caches
2026-03-11 00:06:22,100 INFO Page cache dropped.
2026-03-11 00:06:24,142 INFO Starting process reader_alpha: sudo cgexec -g memory:cache_ext_test sh -c echo $$ > "/tmp/file_workload_reader_alpha_130665.pid" && exec "/mydata/cache_ext/eviction_evo/build/file_workload" "/tmp/file_reader_alpha_dfnzxsed.yaml"
2026-03-11 00:06:24,156 INFO Starting process reader_beta: sudo cgexec -g memory:cache_ext_test sh -c echo $$ > "/tmp/file_workload_reader_beta_130665.pid" && exec "/mydata/cache_ext/eviction_evo/build/file_workload" "/tmp/file_reader_beta_okjqyf9b.yaml"
2026-03-11 00:06:27,161 INFO Process reader_alpha actual PID: 131631 (wrapper PID: 131626)
2026-03-11 00:06:27,161 INFO Process reader_beta actual PID: 131630 (wrapper PID: 131627)
2026-03-11 00:06:27,161 INFO CMD: sudo renice -15 -p 131631
2026-03-11 00:06:27,241 INFO CMD: sudo renice 15 -p 131630
2026-03-11 00:06:28,261 INFO CMD: sudo renice -15 -p 131631
2026-03-11 00:06:28,279 INFO CMD: sudo renice 15 -p 131630
2026-03-11 00:06:29,296 INFO CMD: sudo renice -15 -p 131631
2026-03-11 00:06:29,312 INFO CMD: sudo renice 15 -p 131630
2026-03-11 00:06:30,328 INFO CMD: sudo renice -15 -p 131631
2026-03-11 00:06:30,346 INFO CMD: sudo renice 15 -p 131630
2026-03-11 00:06:31,363 INFO CMD: sudo renice -15 -p 131631
2026-03-11 00:06:31,381 INFO CMD: sudo renice 15 -p 131630
2026-03-11 00:06:32,398 INFO CMD: sudo renice -15 -p 131631
2026-03-11 00:06:32,416 INFO CMD: sudo renice 15 -p 131630
2026-03-11 00:06:33,433 INFO CMD: sudo renice -15 -p 131631
2026-03-11 00:06:33,450 INFO CMD: sudo renice 15 -p 131630
2026-03-11 00:06:34,467 INFO CMD: sudo renice -15 -p 131631
2026-03-11 00:06:34,485 INFO CMD: sudo renice 15 -p 131630
2026-03-11 00:06:35,501 INFO CMD: sudo renice -15 -p 131631
2026-03-11 00:06:35,520 INFO CMD: sudo renice 15 -p 131630
2026-03-11 00:06:36,538 INFO CMD: sudo renice -15 -p 131631
2026-03-11 00:06:36,555 INFO CMD: sudo renice 15 -p 131630
2026-03-11 00:06:37,571 INFO CMD: sudo renice -15 -p 131631
2026-03-11 00:06:37,587 INFO CMD: sudo renice 15 -p 131630
2026-03-11 00:06:38,602 INFO CMD: sudo renice -15 -p 131631
2026-03-11 00:06:38,619 INFO CMD: sudo renice 15 -p 131630
2026-03-11 00:06:39,634 INFO CMD: sudo renice -15 -p 131631
2026-03-11 00:06:39,652 INFO CMD: sudo renice 15 -p 131630
2026-03-11 00:06:40,668 INFO CMD: sudo renice -15 -p 131631
2026-03-11 00:06:40,686 INFO CMD: sudo renice 15 -p 131630
2026-03-11 00:06:41,702 INFO CMD: sudo renice -15 -p 131631
2026-03-11 00:06:41,720 INFO CMD: sudo renice 15 -p 131630
2026-03-11 00:06:42,736 INFO CMD: sudo renice -15 -p 131631
2026-03-11 00:06:42,752 INFO CMD: sudo renice 15 -p 131630
2026-03-11 00:06:43,767 INFO CMD: sudo renice -15 -p 131631
2026-03-11 00:06:43,785 INFO CMD: sudo renice 15 -p 131630
2026-03-11 00:06:44,800 INFO CMD: sudo renice -15 -p 131631
2026-03-11 00:06:44,817 INFO CMD: sudo renice 15 -p 131630
2026-03-11 00:06:45,832 INFO CMD: sudo renice -15 -p 131631
2026-03-11 00:06:45,850 INFO CMD: sudo renice 15 -p 131630
2026-03-11 00:06:46,865 INFO CMD: sudo renice -15 -p 131631
2026-03-11 00:06:46,885 INFO CMD: sudo renice 15 -p 131630
2026-03-11 00:06:47,902 INFO CMD: sudo renice -15 -p 131631
2026-03-11 00:06:47,919 INFO CMD: sudo renice 15 -p 131630
2026-03-11 00:06:48,936 INFO CMD: sudo renice -15 -p 131631
2026-03-11 00:06:48,952 INFO CMD: sudo renice 15 -p 131630
2026-03-11 00:06:49,969 INFO CMD: sudo renice -15 -p 131631
2026-03-11 00:06:49,986 INFO CMD: sudo renice 15 -p 131630
2026-03-11 00:06:51,002 INFO CMD: sudo renice -15 -p 131631
2026-03-11 00:06:51,020 INFO CMD: sudo renice 15 -p 131630
2026-03-11 00:06:52,036 INFO CMD: sudo renice -15 -p 131631
2026-03-11 00:06:52,053 INFO CMD: sudo renice 15 -p 131630
2026-03-11 00:06:53,070 INFO CMD: sudo renice -15 -p 131631
2026-03-11 00:06:53,088 INFO CMD: sudo renice 15 -p 131630
2026-03-11 00:06:54,104 INFO CMD: sudo renice -15 -p 131631
2026-03-11 00:06:54,121 INFO CMD: sudo renice 15 -p 131630
2026-03-11 00:06:55,137 INFO CMD: sudo renice -15 -p 131631
2026-03-11 00:06:55,154 INFO CMD: sudo renice 15 -p 131630
2026-03-11 00:06:56,169 INFO CMD: sudo renice -15 -p 131631
2026-03-11 00:06:56,188 INFO CMD: sudo renice 15 -p 131630
2026-03-11 00:06:57,204 INFO CMD: sudo renice -15 -p 131631
2026-03-11 00:06:57,220 INFO CMD: sudo renice 15 -p 131630
2026-03-11 00:06:58,235 INFO CMD: sudo renice -15 -p 131631
2026-03-11 00:06:58,253 INFO CMD: sudo renice 15 -p 131630
2026-03-11 00:06:59,267 INFO CMD: sudo renice -15 -p 131631
2026-03-11 00:06:59,284 INFO CMD: sudo renice 15 -p 131630
2026-03-11 00:07:00,300 INFO CMD: sudo renice -15 -p 131631
2026-03-11 00:07:00,316 INFO CMD: sudo renice 15 -p 131630
2026-03-11 00:07:01,332 INFO CMD: sudo renice -15 -p 131631
2026-03-11 00:07:01,350 INFO CMD: sudo renice 15 -p 131630
2026-03-11 00:07:02,368 INFO CMD: sudo renice -15 -p 131631
2026-03-11 00:07:02,388 INFO CMD: sudo renice 15 -p 131630
2026-03-11 00:07:03,405 INFO CMD: sudo renice -15 -p 131631
2026-03-11 00:07:03,424 INFO CMD: sudo renice 15 -p 131630
2026-03-11 00:07:04,441 INFO CMD: sudo renice -15 -p 131631
2026-03-11 00:07:04,459 INFO CMD: sudo renice 15 -p 131630
2026-03-11 00:07:05,475 INFO CMD: sudo renice -15 -p 131631
2026-03-11 00:07:05,492 INFO CMD: sudo renice 15 -p 131630
2026-03-11 00:07:06,508 INFO CMD: sudo renice -15 -p 131631
2026-03-11 00:07:06,523 INFO CMD: sudo renice 15 -p 131630
2026-03-11 00:07:07,541 INFO CMD: sudo renice -15 -p 131631
2026-03-11 00:07:07,558 INFO CMD: sudo renice 15 -p 131630
2026-03-11 00:07:08,573 INFO CMD: sudo renice -15 -p 131631
2026-03-11 00:07:08,591 INFO CMD: sudo renice 15 -p 131630
2026-03-11 00:07:09,606 INFO CMD: sudo renice -15 -p 131631
2026-03-11 00:07:09,624 INFO CMD: sudo renice 15 -p 131630
2026-03-11 00:07:10,640 INFO CMD: sudo renice -15 -p 131631
2026-03-11 00:07:10,656 INFO CMD: sudo renice 15 -p 131630
2026-03-11 00:07:11,672 INFO CMD: sudo renice -15 -p 131631
2026-03-11 00:07:11,688 INFO CMD: sudo renice 15 -p 131630
2026-03-11 00:07:12,704 INFO CMD: sudo renice -15 -p 131631
2026-03-11 00:07:12,721 INFO CMD: sudo renice 15 -p 131630
2026-03-11 00:07:13,736 INFO CMD: sudo renice -15 -p 131631
2026-03-11 00:07:13,754 INFO CMD: sudo renice 15 -p 131630
2026-03-11 00:07:14,769 INFO CMD: sudo renice -15 -p 131631
2026-03-11 00:07:14,788 INFO CMD: sudo renice 15 -p 131630
2026-03-11 00:07:15,805 INFO CMD: sudo renice -15 -p 131631
2026-03-11 00:07:15,823 INFO CMD: sudo renice 15 -p 131630
2026-03-11 00:07:16,839 INFO CMD: sudo renice -15 -p 131631
2026-03-11 00:07:16,856 INFO CMD: sudo renice 15 -p 131630
2026-03-11 00:07:17,872 INFO CMD: sudo renice -15 -p 131631
2026-03-11 00:07:17,889 INFO CMD: sudo renice 15 -p 131630
2026-03-11 00:07:18,905 INFO CMD: sudo renice -15 -p 131631
2026-03-11 00:07:18,923 INFO CMD: sudo renice 15 -p 131630
2026-03-11 00:07:19,939 INFO CMD: sudo renice -15 -p 131631
2026-03-11 00:07:19,958 INFO CMD: sudo renice 15 -p 131630
2026-03-11 00:07:20,976 INFO CMD: sudo renice -15 -p 131631
2026-03-11 00:07:20,993 INFO CMD: sudo renice 15 -p 131630
2026-03-11 00:07:22,008 INFO CMD: sudo renice -15 -p 131631
2026-03-11 00:07:22,027 INFO CMD: sudo renice 15 -p 131630
2026-03-11 00:07:23,042 INFO CMD: sudo renice -15 -p 131631
2026-03-11 00:07:23,059 INFO CMD: sudo renice 15 -p 131630
2026-03-11 00:07:24,074 INFO CMD: sudo renice -15 -p 131631
2026-03-11 00:07:24,091 INFO CMD: sudo renice 15 -p 131630
2026-03-11 00:07:25,106 INFO CMD: sudo renice -15 -p 131631
2026-03-11 00:07:25,124 INFO CMD: sudo renice 15 -p 131630
2026-03-11 00:07:26,140 INFO CMD: sudo renice -15 -p 131631
2026-03-11 00:07:26,157 INFO CMD: sudo renice 15 -p 131630
2026-03-11 00:07:27,172 INFO CMD: sudo renice 15 -p 131631
2026-03-11 00:07:27,189 INFO CMD: sudo renice -15 -p 131630
2026-03-11 00:07:28,207 INFO CMD: sudo renice 15 -p 131631
2026-03-11 00:07:28,225 INFO CMD: sudo renice -15 -p 131630
2026-03-11 00:07:29,240 INFO CMD: sudo renice 15 -p 131631
2026-03-11 00:07:29,257 INFO CMD: sudo renice -15 -p 131630
2026-03-11 00:07:30,274 INFO CMD: sudo renice 15 -p 131631
2026-03-11 00:07:30,291 INFO CMD: sudo renice -15 -p 131630
2026-03-11 00:07:31,308 INFO CMD: sudo renice 15 -p 131631
2026-03-11 00:07:31,325 INFO CMD: sudo renice -15 -p 131630
2026-03-11 00:07:32,341 INFO CMD: sudo renice 15 -p 131631
2026-03-11 00:07:32,359 INFO CMD: sudo renice -15 -p 131630
2026-03-11 00:07:33,377 INFO CMD: sudo renice 15 -p 131631
2026-03-11 00:07:33,394 INFO CMD: sudo renice -15 -p 131630
2026-03-11 00:07:34,410 INFO CMD: sudo renice 15 -p 131631
2026-03-11 00:07:34,428 INFO CMD: sudo renice -15 -p 131630
2026-03-11 00:07:35,443 INFO CMD: sudo renice 15 -p 131631
2026-03-11 00:07:35,462 INFO CMD: sudo renice -15 -p 131630
2026-03-11 00:07:36,479 INFO CMD: sudo renice 15 -p 131631
2026-03-11 00:07:36,496 INFO CMD: sudo renice -15 -p 131630
2026-03-11 00:07:37,512 INFO CMD: sudo renice 15 -p 131631
2026-03-11 00:07:37,528 INFO CMD: sudo renice -15 -p 131630
2026-03-11 00:07:38,544 INFO CMD: sudo renice 15 -p 131631
2026-03-11 00:07:38,559 INFO CMD: sudo renice -15 -p 131630
2026-03-11 00:07:39,575 INFO CMD: sudo renice 15 -p 131631
2026-03-11 00:07:39,593 INFO CMD: sudo renice -15 -p 131630
2026-03-11 00:07:40,609 INFO CMD: sudo renice 15 -p 131631
2026-03-11 00:07:40,626 INFO CMD: sudo renice -15 -p 131630
2026-03-11 00:07:41,640 INFO CMD: sudo renice 15 -p 131631
2026-03-11 00:07:41,657 INFO CMD: sudo renice -15 -p 131630
2026-03-11 00:07:42,673 INFO CMD: sudo renice 15 -p 131631
2026-03-11 00:07:42,690 INFO CMD: sudo renice -15 -p 131630
2026-03-11 00:07:43,707 INFO CMD: sudo renice 15 -p 131631
2026-03-11 00:07:43,724 INFO CMD: sudo renice -15 -p 131630
2026-03-11 00:07:44,740 INFO CMD: sudo renice 15 -p 131631
2026-03-11 00:07:44,758 INFO CMD: sudo renice -15 -p 131630
2026-03-11 00:07:45,773 INFO CMD: sudo renice 15 -p 131631
2026-03-11 00:07:45,789 INFO CMD: sudo renice -15 -p 131630
2026-03-11 00:07:46,805 INFO CMD: sudo renice 15 -p 131631
2026-03-11 00:07:46,824 INFO CMD: sudo renice -15 -p 131630
2026-03-11 00:07:47,841 INFO CMD: sudo renice 15 -p 131631
2026-03-11 00:07:47,860 INFO CMD: sudo renice -15 -p 131630
2026-03-11 00:07:48,876 INFO CMD: sudo renice 15 -p 131631
2026-03-11 00:07:48,892 INFO CMD: sudo renice -15 -p 131630
2026-03-11 00:07:49,909 INFO CMD: sudo renice 15 -p 131631
2026-03-11 00:07:49,926 INFO CMD: sudo renice -15 -p 131630
2026-03-11 00:07:50,944 INFO CMD: sudo renice 15 -p 131631
2026-03-11 00:07:50,961 INFO CMD: sudo renice -15 -p 131630
2026-03-11 00:07:51,979 INFO CMD: sudo renice 15 -p 131631
2026-03-11 00:07:51,996 INFO CMD: sudo renice -15 -p 131630
2026-03-11 00:07:53,012 INFO CMD: sudo renice 15 -p 131631
2026-03-11 00:07:53,029 INFO CMD: sudo renice -15 -p 131630
2026-03-11 00:07:54,045 INFO CMD: sudo renice 15 -p 131631
2026-03-11 00:07:54,062 INFO CMD: sudo renice -15 -p 131630
2026-03-11 00:07:55,079 INFO CMD: sudo renice 15 -p 131631
2026-03-11 00:07:55,096 INFO CMD: sudo renice -15 -p 131630
2026-03-11 00:07:56,113 INFO CMD: sudo renice 15 -p 131631
2026-03-11 00:07:56,130 INFO CMD: sudo renice -15 -p 131630
2026-03-11 00:07:57,146 INFO CMD: sudo renice 15 -p 131631
2026-03-11 00:07:57,164 INFO CMD: sudo renice -15 -p 131630
2026-03-11 00:07:58,181 INFO CMD: sudo renice 15 -p 131631
2026-03-11 00:07:58,200 INFO CMD: sudo renice -15 -p 131630
2026-03-11 00:07:59,217 INFO CMD: sudo renice 15 -p 131631
2026-03-11 00:07:59,233 INFO CMD: sudo renice -15 -p 131630
2026-03-11 00:08:00,248 INFO CMD: sudo renice 15 -p 131631
2026-03-11 00:08:00,264 INFO CMD: sudo renice -15 -p 131630
2026-03-11 00:08:01,280 INFO CMD: sudo renice 15 -p 131631
2026-03-11 00:08:01,297 INFO CMD: sudo renice -15 -p 131630
2026-03-11 00:08:02,315 INFO CMD: sudo renice 15 -p 131631
2026-03-11 00:08:02,332 INFO CMD: sudo renice -15 -p 131630
2026-03-11 00:08:03,347 INFO CMD: sudo renice 15 -p 131631
2026-03-11 00:08:03,365 INFO CMD: sudo renice -15 -p 131630
2026-03-11 00:08:04,383 INFO CMD: sudo renice 15 -p 131631
2026-03-11 00:08:04,400 INFO CMD: sudo renice -15 -p 131630
2026-03-11 00:08:05,416 INFO CMD: sudo renice 15 -p 131631
2026-03-11 00:08:05,433 INFO CMD: sudo renice -15 -p 131630
2026-03-11 00:08:06,449 INFO CMD: sudo renice 15 -p 131631
2026-03-11 00:08:06,468 INFO CMD: sudo renice -15 -p 131630
2026-03-11 00:08:07,484 INFO CMD: sudo renice 15 -p 131631
2026-03-11 00:08:07,502 INFO CMD: sudo renice -15 -p 131630
2026-03-11 00:08:08,517 INFO CMD: sudo renice 15 -p 131631
2026-03-11 00:08:08,534 INFO CMD: sudo renice -15 -p 131630
2026-03-11 00:08:09,551 INFO CMD: sudo renice 15 -p 131631
2026-03-11 00:08:09,567 INFO CMD: sudo renice -15 -p 131630
2026-03-11 00:08:10,583 INFO CMD: sudo renice 15 -p 131631
2026-03-11 00:08:11,924 INFO CMD: sudo renice -15 -p 131630
2026-03-11 00:08:13,071 INFO CMD: sudo renice 15 -p 131631
2026-03-11 00:08:13,089 INFO CMD: sudo renice -15 -p 131630
2026-03-11 00:08:14,107 INFO CMD: sudo renice 15 -p 131631
2026-03-11 00:08:14,124 INFO CMD: sudo renice -15 -p 131630
2026-03-11 00:08:15,139 INFO CMD: sudo renice 15 -p 131631
2026-03-11 00:08:15,157 INFO CMD: sudo renice -15 -p 131630
2026-03-11 00:08:16,173 INFO CMD: sudo renice 15 -p 131631
2026-03-11 00:08:16,189 INFO CMD: sudo renice -15 -p 131630
2026-03-11 00:08:17,204 INFO CMD: sudo renice 15 -p 131631
2026-03-11 00:08:17,222 INFO CMD: sudo renice -15 -p 131630
2026-03-11 00:08:18,239 INFO CMD: sudo renice 15 -p 131631
2026-03-11 00:08:18,256 INFO CMD: sudo renice -15 -p 131630
2026-03-11 00:08:19,273 INFO CMD: sudo renice 15 -p 131631
2026-03-11 00:08:19,288 INFO CMD: sudo renice -15 -p 131630
2026-03-11 00:08:20,304 INFO CMD: sudo renice 15 -p 131631
2026-03-11 00:08:20,322 INFO CMD: sudo renice -15 -p 131630
2026-03-11 00:08:21,339 INFO CMD: sudo renice 15 -p 131631
2026-03-11 00:08:21,356 INFO CMD: sudo renice -15 -p 131630
2026-03-11 00:08:22,372 INFO CMD: sudo renice 15 -p 131631
2026-03-11 00:08:22,389 INFO CMD: sudo renice -15 -p 131630
2026-03-11 00:08:23,405 INFO CMD: sudo renice 15 -p 131631
2026-03-11 00:08:23,419 INFO CMD: sudo renice -15 -p 131630
2026-03-11 00:08:24,435 INFO CMD: sudo renice 15 -p 131631
2026-03-11 00:08:24,454 INFO CMD: sudo renice -15 -p 131630
2026-03-11 00:08:25,471 INFO CMD: sudo renice 15 -p 131631
2026-03-11 00:08:25,488 INFO CMD: sudo renice -15 -p 131630
2026-03-11 00:08:26,504 INFO CMD: sudo renice 15 -p 131631
2026-03-11 00:08:26,521 INFO CMD: sudo renice -15 -p 131630
2026-03-11 00:08:27,537 INFO CMD: sudo renice 15 -p 131631
2026-03-11 00:08:27,554 INFO CMD: sudo renice -15 -p 131630
2026-03-11 00:08:28,569 INFO CMD: sudo renice 15 -p 131631
2026-03-11 00:08:28,587 INFO CMD: sudo renice -15 -p 131630
2026-03-11 00:08:29,604 INFO CMD: sudo renice 15 -p 131631
2026-03-11 00:08:29,621 INFO CMD: sudo renice -15 -p 131630
2026-03-11 00:08:30,636 INFO CMD: sudo renice 15 -p 131631
2026-03-11 00:08:30,655 INFO CMD: sudo renice -15 -p 131630
2026-03-11 00:08:31,670 INFO CMD: sudo renice 15 -p 131631
2026-03-11 00:08:31,687 INFO CMD: sudo renice -15 -p 131630
2026-03-11 00:08:32,705 INFO CMD: sudo renice 15 -p 131631
2026-03-11 00:08:32,723 INFO CMD: sudo renice -15 -p 131630
2026-03-11 00:08:33,740 INFO CMD: sudo renice 15 -p 131631
2026-03-11 00:08:33,757 INFO CMD: sudo renice -15 -p 131630
2026-03-11 00:08:34,773 INFO Process reader_alpha: throughput=2430.51
2026-03-11 00:08:34,773 INFO Process reader_beta: throughput=194.37
2026-03-11 00:08:34,773 INFO File workload combined throughput: 2624.88 ops/sec
2026-03-11 00:08:34,784 INFO Trace file_niceness: throughput=2624.88 ops/sec
2026-03-11 00:08:34,796 INFO === Evaluation complete ===
2026-03-11 00:08:34,796 INFO Combined score (harmonic mean): 2875.19  (2/2 traces passed)
2026-03-11 00:08:34,796 INFO   file_priority: 3178.28 ops/sec
2026-03-11 00:08:34,796 INFO   file_niceness: 2624.88 ops/sec
2026-03-11 00:08:34,796 INFO Unloading BPF policy (PID 131572)
2026-03-11 00:08:34,796 INFO CMD: sudo kill -2 131572
2026-03-11 00:08:35,133 INFO CMD: sudo rm -f /sys/fs/bpf/cache_ext/scan_pids
2026-03-11 00:08:35,155 INFO CMD: sudo cgdelete memory:cache_ext_test
2026-03-11 00:08:35,176 INFO CMD: sudo sh -c echo 0x0007 > /sys/kernel/mm/lru_gen/enabled
2026-03-11 00:08:35,242 INFO MGLRU re-enabled (restored to 0x0007).
