2026-03-09 17:00:13,850 INFO Waiting for evaluation lock /tmp/cache_ext_evaluate.lock ...
2026-03-09 17:23:20,526 INFO Acquired evaluation lock.
2026-03-09 17:23:20,526 INFO === Step 0: Drop page cache ===
2026-03-09 17:23:20,526 INFO Database already exists at /mydata/leveldb_temp (CURRENT file found), skipping rsync
2026-03-09 17:23:20,526 INFO CMD: sudo sync
2026-03-09 17:23:20,710 INFO CMD: sudo sh -c echo 3 > /proc/sys/vm/drop_caches
2026-03-09 17:23:21,264 INFO Page cache dropped.
2026-03-09 17:23:21,265 INFO === Step 1: Compile evolved policy ===
2026-03-09 17:23:21,274 INFO CMD: sudo chown -R root: /mydata/cache_ext/eviction_evo/build
2026-03-09 17:23:21,631 INFO CMD: clang-14 -O2 -target bpf -D__TARGET_ARCH_x86 -c -g -Wall -idirafter /usr/lib/llvm-14/lib/clang/14.0.0/include -idirafter /usr/local/include -idirafter /usr/include/x86_64-linux-gnu -idirafter /usr/include /mydata/cache_ext/eviction_evo/build/cache_ext_evolved.bpf.c -o /mydata/cache_ext/eviction_evo/build/cache_ext_evolved.bpf.o
2026-03-09 17:23:24,804 INFO CMD: /usr/local/sbin/bpftool gen skeleton /mydata/cache_ext/eviction_evo/build/cache_ext_evolved.bpf.o name cache_ext_evolved_bpf
2026-03-09 17:23:24,994 INFO CMD: clang-14 -O2 -g -Wall -I/mydata/cache_ext/eviction_evo/build -I/mydata/cache_ext/policies /mydata/cache_ext/eviction_evo/cache_ext_evolved.c -o /mydata/cache_ext/eviction_evo/build/cache_ext_evolved.out -L/usr/local/lib64 -lbpf
2026-03-09 17:23:26,008 INFO Compilation successful: /mydata/cache_ext/eviction_evo/build/cache_ext_evolved.out
2026-03-09 17:23:26,008 INFO === Step 2: Disable MGLRU ===
2026-03-09 17:23:26,009 INFO MGLRU current state: 0x0000 — disabling
2026-03-09 17:23:26,009 INFO CMD: sudo sh -c echo 0 > /sys/kernel/mm/lru_gen/enabled
2026-03-09 17:23:26,027 INFO MGLRU disabled.
2026-03-09 17:23:26,027 INFO === Step 3: Create cgroup ===
2026-03-09 17:23:26,027 INFO CMD: sudo cgdelete memory:cache_ext_test
2026-03-09 17:23:26,066 INFO CMD: sudo cgcreate -g memory:cache_ext_test
2026-03-09 17:23:26,181 INFO CMD: sudo sh -c echo 536870912 > /sys/fs/cgroup/cache_ext_test/memory.max
2026-03-09 17:23:26,196 INFO Created cgroup cache_ext_test with limit 536870912 bytes
2026-03-09 17:23:26,196 INFO === Step 4: Load BPF policy ===
2026-03-09 17:23:26,197 INFO Loading policy: sudo /mydata/cache_ext/eviction_evo/build/cache_ext_evolved.out --watch_dir /mydata/leveldb_temp --cgroup_path /sys/fs/cgroup/cache_ext_test
2026-03-09 17:23:36,208 INFO Policy loaded (PID 213933)
2026-03-09 17:23:36,208 INFO === Step 5: Start server ===
2026-03-09 17:23:36,208 INFO Starting server: sudo cgexec -g memory:cache_ext_test /mydata/cache_ext/net_leveldb_server 9100 /mydata/leveldb_temp
2026-03-09 17:23:36,209 INFO Waiting for server on port 9100 ...
2026-03-09 17:23:37,312 INFO Server ready (PID 213937) on port 9100
2026-03-09 17:23:37,313 INFO === Step 6: Run 8 trace benchmarks ===
2026-03-09 17:23:37,313 INFO --- Trace 1/8: ycsb_a ---
2026-03-09 17:23:37,322 INFO Running benchmark: /mydata/cache_ext/My-YCSB/build/run_net_leveldb /mydata/cache_ext/eviction_evo/traces/ycsb_a.yaml
2026-03-09 17:23:37,459 INFO CMD: /mydata/cache_ext/My-YCSB/build/run_net_leveldb /mydata/cache_ext/eviction_evo/traces/ycsb_a.yaml
2026-03-09 17:26:34,410 INFO Benchmark stdout:
ZipfianWorkload: start initializing zipfian variables, might take a while
Zipfian (Warm-Up) (epoch 0, progress 0.00%): UPDATE throughput 0.00 ops/sec, INSERT throughput 0.00 ops/sec, READ throughput 0.00 ops/sec, SCAN throughput 0.00 ops/sec, READ_MODIFY_WRITE throughput 0.00 ops/sec, total throughput 0.00 ops/sec
Zipfian (Warm-Up) (epoch 1, progress 0.00%): UPDATE throughput 138.98 ops/sec, INSERT throughput 0.00 ops/sec, READ throughput 116.98 ops/sec, SCAN throughput 0.00 ops/sec, READ_MODIFY_WRITE throughput 0.00 ops/sec, total throughput 255.97 ops/sec
Zipfian (Warm-Up) (epoch 2, progress 0.00%): UPDATE throughput 187.97 ops/sec, INSERT throughput 0.00 ops/sec, READ throughput 181.98 ops/sec, SCAN throughput 0.00 ops/sec, READ_MODIFY_WRITE throughput 0.00 ops/sec, total throughput 369.95 ops/sec
Zipfian (Warm-Up) (epoch 3, progress 0.00%): UPDATE throughput 197.97 ops/sec, INSERT throughput 0.00 ops/sec, READ throughput 203.97 ops/sec, SCAN throughput 0.00 ops/sec, READ_MODIFY_WRITE throughput 0.00 ops/sec, total throughput 401.94 ops/sec
Zipfian (Warm-Up) (epoch 4, progress 0.00%): UPDATE throughput 204.98 ops/sec, INSERT throughput 0.00 ops/sec, READ throughput 209.98 ops/sec, SCAN throughput 0.00 ops/sec, READ_MODIFY_WRITE throughput 0.00 ops/sec, total throughput 414.96 ops/sec
Zipfian (Warm-Up) (epoch 5, progress 0.00%): UPDATE throughput 192.97 ops/sec, INSERT throughput 0.00 ops/sec, READ throughput 190.97 ops/sec, SCAN throughput 0.00 ops/sec, READ_MODIFY_WRITE throughput 0.00 ops/sec, total throughput 383.95 ops/sec
Zipfian (Warm-Up) (epoch 6, progress 0.00%): UPDATE throughput 175.98 ops/sec, INSERT throughput 0.00 ops/sec, READ throughput 181.98 ops/sec, SCAN throughput 0.00 ops/sec, READ_MODIFY_WRITE throughput 0.00 ops/sec, total throughput 357.95 ops/sec
Zipfian (Warm-Up) (epoch 7, progress 0.00%): UPDATE throughput 216.97 ops/sec, INSERT throughput 0.00 ops/sec, READ throughput 185.97 ops/sec, SCAN throughput 0.00 ops/sec, READ_MODIFY_WRITE throu
2026-03-09 17:26:34,412 INFO Trace ycsb_a: throughput=627.42 ops/sec
2026-03-09 17:26:34,412 INFO --- Trace 2/8: ycsb_b ---
2026-03-09 17:26:34,412 INFO CMD: sudo sync
2026-03-09 17:26:34,527 INFO CMD: sudo sh -c echo 3 > /proc/sys/vm/drop_caches
2026-03-09 17:26:35,266 INFO Page cache dropped.
2026-03-09 17:26:37,281 INFO Running benchmark: /mydata/cache_ext/My-YCSB/build/run_net_leveldb /mydata/cache_ext/eviction_evo/traces/ycsb_b.yaml
2026-03-09 17:26:37,302 INFO CMD: /mydata/cache_ext/My-YCSB/build/run_net_leveldb /mydata/cache_ext/eviction_evo/traces/ycsb_b.yaml
2026-03-09 17:29:34,890 INFO Benchmark stdout:
ZipfianWorkload: start initializing zipfian variables, might take a while
Zipfian (Warm-Up) (epoch 0, progress 0.00%): UPDATE throughput 0.00 ops/sec, INSERT throughput 0.00 ops/sec, READ throughput 0.00 ops/sec, SCAN throughput 0.00 ops/sec, READ_MODIFY_WRITE throughput 0.00 ops/sec, total throughput 0.00 ops/sec
Zipfian (Warm-Up) (epoch 1, progress 0.00%): UPDATE throughput 4.00 ops/sec, INSERT throughput 0.00 ops/sec, READ throughput 123.99 ops/sec, SCAN throughput 0.00 ops/sec, READ_MODIFY_WRITE throughput 0.00 ops/sec, total throughput 127.99 ops/sec
Zipfian (Warm-Up) (epoch 2, progress 0.00%): UPDATE throughput 9.00 ops/sec, INSERT throughput 0.00 ops/sec, READ throughput 125.99 ops/sec, SCAN throughput 0.00 ops/sec, READ_MODIFY_WRITE throughput 0.00 ops/sec, total throughput 134.99 ops/sec
Zipfian (Warm-Up) (epoch 3, progress 0.00%): UPDATE throughput 10.00 ops/sec, INSERT throughput 0.00 ops/sec, READ throughput 148.98 ops/sec, SCAN throughput 0.00 ops/sec, READ_MODIFY_WRITE throughput 0.00 ops/sec, total throughput 158.98 ops/sec
Zipfian (Warm-Up) (epoch 4, progress 0.00%): UPDATE throughput 4.00 ops/sec, INSERT throughput 0.00 ops/sec, READ throughput 161.98 ops/sec, SCAN throughput 0.00 ops/sec, READ_MODIFY_WRITE throughput 0.00 ops/sec, total throughput 165.98 ops/sec
Zipfian (Warm-Up) (epoch 5, progress 0.00%): UPDATE throughput 9.00 ops/sec, INSERT throughput 0.00 ops/sec, READ throughput 197.97 ops/sec, SCAN throughput 0.00 ops/sec, READ_MODIFY_WRITE throughput 0.00 ops/sec, total throughput 206.97 ops/sec
Zipfian (Warm-Up) (epoch 6, progress 0.00%): UPDATE throughput 5.00 ops/sec, INSERT throughput 0.00 ops/sec, READ throughput 205.97 ops/sec, SCAN throughput 0.00 ops/sec, READ_MODIFY_WRITE throughput 0.00 ops/sec, total throughput 210.97 ops/sec
Zipfian (Warm-Up) (epoch 7, progress 0.00%): UPDATE throughput 15.00 ops/sec, INSERT throughput 0.00 ops/sec, READ throughput 185.98 ops/sec, SCAN throughput 0.00 ops/sec, READ_MODIFY_WRITE throughput 0.00 o
2026-03-09 17:29:34,890 INFO Trace ycsb_b: throughput=318.21 ops/sec
2026-03-09 17:29:34,890 INFO --- Trace 3/8: ycsb_c ---
2026-03-09 17:29:34,891 INFO CMD: sudo sync
2026-03-09 17:29:35,283 INFO CMD: sudo sh -c echo 3 > /proc/sys/vm/drop_caches
2026-03-09 17:29:36,789 INFO Page cache dropped.
2026-03-09 17:29:38,799 INFO Running benchmark: /mydata/cache_ext/My-YCSB/build/run_net_leveldb /mydata/cache_ext/eviction_evo/traces/ycsb_c.yaml
2026-03-09 17:29:38,818 INFO CMD: /mydata/cache_ext/My-YCSB/build/run_net_leveldb /mydata/cache_ext/eviction_evo/traces/ycsb_c.yaml
2026-03-09 17:32:36,020 INFO Benchmark stdout:
ZipfianWorkload: start initializing zipfian variables, might take a while
Zipfian (Warm-Up) (epoch 0, progress 0.00%): UPDATE throughput 0.00 ops/sec, INSERT throughput 0.00 ops/sec, READ throughput 0.00 ops/sec, SCAN throughput 0.00 ops/sec, READ_MODIFY_WRITE throughput 0.00 ops/sec, total throughput 0.00 ops/sec
Zipfian (Warm-Up) (epoch 1, progress 0.00%): UPDATE throughput 0.00 ops/sec, INSERT throughput 0.00 ops/sec, READ throughput 108.98 ops/sec, SCAN throughput 0.00 ops/sec, READ_MODIFY_WRITE throughput 0.00 ops/sec, total throughput 108.98 ops/sec
Zipfian (Warm-Up) (epoch 2, progress 0.00%): UPDATE throughput 0.00 ops/sec, INSERT throughput 0.00 ops/sec, READ throughput 126.98 ops/sec, SCAN throughput 0.00 ops/sec, READ_MODIFY_WRITE throughput 0.00 ops/sec, total throughput 126.98 ops/sec
Zipfian (Warm-Up) (epoch 3, progress 0.00%): UPDATE throughput 0.00 ops/sec, INSERT throughput 0.00 ops/sec, READ throughput 133.98 ops/sec, SCAN throughput 0.00 ops/sec, READ_MODIFY_WRITE throughput 0.00 ops/sec, total throughput 133.98 ops/sec
Zipfian (Warm-Up) (epoch 4, progress 0.00%): UPDATE throughput 0.00 ops/sec, INSERT throughput 0.00 ops/sec, READ throughput 175.97 ops/sec, SCAN throughput 0.00 ops/sec, READ_MODIFY_WRITE throughput 0.00 ops/sec, total throughput 175.97 ops/sec
Zipfian (Warm-Up) (epoch 5, progress 0.00%): UPDATE throughput 0.00 ops/sec, INSERT throughput 0.00 ops/sec, READ throughput 144.98 ops/sec, SCAN throughput 0.00 ops/sec, READ_MODIFY_WRITE throughput 0.00 ops/sec, total throughput 144.98 ops/sec
Zipfian (Warm-Up) (epoch 6, progress 0.00%): UPDATE throughput 0.00 ops/sec, INSERT throughput 0.00 ops/sec, READ throughput 176.97 ops/sec, SCAN throughput 0.00 ops/sec, READ_MODIFY_WRITE throughput 0.00 ops/sec, total throughput 176.97 ops/sec
Zipfian (Warm-Up) (epoch 7, progress 0.00%): UPDATE throughput 0.00 ops/sec, INSERT throughput 0.00 ops/sec, READ throughput 180.97 ops/sec, SCAN throughput 0.00 ops/sec, READ_MODIFY_WRITE throughput 0.00 ops
2026-03-09 17:32:36,021 INFO Trace ycsb_c: throughput=302.28 ops/sec
2026-03-09 17:32:36,021 INFO --- Trace 4/8: ycsb_d ---
2026-03-09 17:32:36,021 INFO CMD: sudo sync
2026-03-09 17:32:36,236 INFO CMD: sudo sh -c echo 3 > /proc/sys/vm/drop_caches
2026-03-09 17:32:37,034 INFO Page cache dropped.
2026-03-09 17:32:39,050 INFO Running benchmark: /mydata/cache_ext/My-YCSB/build/run_net_leveldb /mydata/cache_ext/eviction_evo/traces/ycsb_d.yaml
2026-03-09 17:32:39,065 INFO CMD: /mydata/cache_ext/My-YCSB/build/run_net_leveldb /mydata/cache_ext/eviction_evo/traces/ycsb_d.yaml
2026-03-09 17:35:36,511 INFO Benchmark stdout:
LatestWorkload: start initializing zipfian variables, might take a while
Latest (Warm-Up) (epoch 0, progress 0.00%): UPDATE throughput 0.00 ops/sec, INSERT throughput 0.00 ops/sec, READ throughput 0.00 ops/sec, SCAN throughput 0.00 ops/sec, READ_MODIFY_WRITE throughput 0.00 ops/sec, total throughput 0.00 ops/sec
Latest (Warm-Up) (epoch 1, progress 0.18%): UPDATE throughput 0.00 ops/sec, INSERT throughput 7318.38 ops/sec, READ throughput 139267.16 ops/sec, SCAN throughput 0.00 ops/sec, READ_MODIFY_WRITE throughput 0.00 ops/sec, total throughput 146585.54 ops/sec
Latest (Warm-Up) (epoch 2, progress 0.45%): UPDATE throughput 0.00 ops/sec, INSERT throughput 10871.12 ops/sec, READ throughput 201167.71 ops/sec, SCAN throughput 0.00 ops/sec, READ_MODIFY_WRITE throughput 0.00 ops/sec, total throughput 212038.82 ops/sec
Latest (Warm-Up) (epoch 3, progress 0.63%): UPDATE throughput 0.00 ops/sec, INSERT throughput 7385.29 ops/sec, READ throughput 139833.58 ops/sec, SCAN throughput 0.00 ops/sec, READ_MODIFY_WRITE throughput 0.00 ops/sec, total throughput 147218.87 ops/sec
Latest (Warm-Up) (epoch 4, progress 0.88%): UPDATE throughput 0.00 ops/sec, INSERT throughput 9834.05 ops/sec, READ throughput 186451.91 ops/sec, SCAN throughput 0.00 ops/sec, READ_MODIFY_WRITE throughput 0.00 ops/sec, total throughput 196285.96 ops/sec
Latest (Warm-Up) (epoch 5, progress 1.05%): UPDATE throughput 0.00 ops/sec, INSERT throughput 7101.35 ops/sec, READ throughput 133886.68 ops/sec, SCAN throughput 0.00 ops/sec, READ_MODIFY_WRITE throughput 0.00 ops/sec, total throughput 140988.03 ops/sec
Latest (Warm-Up) (epoch 6, progress 1.30%): UPDATE throughput 0.00 ops/sec, INSERT throughput 10079.90 ops/sec, READ throughput 190058.28 ops/sec, SCAN throughput 0.00 ops/sec, READ_MODIFY_WRITE throughput 0.00 ops/sec, total throughput 200138.18 ops/sec
Latest (Warm-Up) (epoch 7, progress 1.49%): UPDATE throughput 0.00 ops/sec, INSERT throughput 7490.37 ops/sec, READ throughput 141538.11 ops/sec, SCAN throughpu
2026-03-09 17:35:36,512 INFO Trace ycsb_d: throughput=150835.04 ops/sec
2026-03-09 17:35:36,512 INFO --- Trace 5/8: ycsb_e ---
2026-03-09 17:35:36,512 INFO CMD: sudo sync
2026-03-09 17:35:36,908 INFO CMD: sudo sh -c echo 3 > /proc/sys/vm/drop_caches
2026-03-09 17:35:37,310 INFO Page cache dropped.
2026-03-09 17:35:39,325 INFO Running benchmark: /mydata/cache_ext/My-YCSB/build/run_net_leveldb /mydata/cache_ext/eviction_evo/traces/ycsb_e.yaml
2026-03-09 17:35:39,345 INFO CMD: /mydata/cache_ext/My-YCSB/build/run_net_leveldb /mydata/cache_ext/eviction_evo/traces/ycsb_e.yaml
2026-03-09 17:38:36,344 INFO Benchmark stdout:
ZipfianWorkload: start initializing zipfian variables, might take a while
Zipfian (Warm-Up) (epoch 0, progress 0.00%): UPDATE throughput 0.00 ops/sec, INSERT throughput 0.00 ops/sec, READ throughput 0.00 ops/sec, SCAN throughput 0.00 ops/sec, READ_MODIFY_WRITE throughput 0.00 ops/sec, total throughput 0.00 ops/sec
Zipfian (Warm-Up) (epoch 1, progress 0.00%): UPDATE throughput 0.00 ops/sec, INSERT throughput 3.00 ops/sec, READ throughput 0.00 ops/sec, SCAN throughput 40.99 ops/sec, READ_MODIFY_WRITE throughput 0.00 ops/sec, total throughput 43.99 ops/sec
Zipfian (Warm-Up) (epoch 2, progress 0.00%): UPDATE throughput 0.00 ops/sec, INSERT throughput 2.00 ops/sec, READ throughput 0.00 ops/sec, SCAN throughput 62.99 ops/sec, READ_MODIFY_WRITE throughput 0.00 ops/sec, total throughput 64.99 ops/sec
Zipfian (Warm-Up) (epoch 3, progress 0.00%): UPDATE throughput 0.00 ops/sec, INSERT throughput 1.00 ops/sec, READ throughput 0.00 ops/sec, SCAN throughput 60.99 ops/sec, READ_MODIFY_WRITE throughput 0.00 ops/sec, total throughput 61.99 ops/sec
Zipfian (Warm-Up) (epoch 4, progress 0.00%): UPDATE throughput 0.00 ops/sec, INSERT throughput 5.00 ops/sec, READ throughput 0.00 ops/sec, SCAN throughput 58.99 ops/sec, READ_MODIFY_WRITE throughput 0.00 ops/sec, total throughput 63.99 ops/sec
Zipfian (Warm-Up) (epoch 5, progress 0.00%): UPDATE throughput 0.00 ops/sec, INSERT throughput 4.00 ops/sec, READ throughput 0.00 ops/sec, SCAN throughput 57.99 ops/sec, READ_MODIFY_WRITE throughput 0.00 ops/sec, total throughput 61.99 ops/sec
Zipfian (Warm-Up) (epoch 6, progress 0.00%): UPDATE throughput 0.00 ops/sec, INSERT throughput 0.00 ops/sec, READ throughput 0.00 ops/sec, SCAN throughput 1.00 ops/sec, READ_MODIFY_WRITE throughput 0.00 ops/sec, total throughput 1.00 ops/sec
Zipfian (Warm-Up) (epoch 7, progress 0.00%): UPDATE throughput 0.00 ops/sec, INSERT throughput 3.00 ops/sec, READ throughput 0.00 ops/sec, SCAN throughput 46.99 ops/sec, READ_MODIFY_WRITE throughput 0.00 ops/sec, total thr
2026-03-09 17:38:36,345 INFO Trace ycsb_e: throughput=116.20 ops/sec
2026-03-09 17:38:36,345 INFO --- Trace 6/8: ycsb_f ---
2026-03-09 17:38:36,345 INFO CMD: sudo sync
2026-03-09 17:38:36,567 INFO CMD: sudo sh -c echo 3 > /proc/sys/vm/drop_caches
2026-03-09 17:38:37,369 INFO Page cache dropped.
2026-03-09 17:38:39,378 INFO Running benchmark: /mydata/cache_ext/My-YCSB/build/run_net_leveldb /mydata/cache_ext/eviction_evo/traces/ycsb_f.yaml
2026-03-09 17:38:39,400 INFO CMD: /mydata/cache_ext/My-YCSB/build/run_net_leveldb /mydata/cache_ext/eviction_evo/traces/ycsb_f.yaml
2026-03-09 17:41:50,359 INFO Benchmark stdout:
ZipfianWorkload: start initializing zipfian variables, might take a while
Zipfian (Warm-Up) (epoch 0, progress 0.00%): UPDATE throughput 0.00 ops/sec, INSERT throughput 0.00 ops/sec, READ throughput 0.00 ops/sec, SCAN throughput 0.00 ops/sec, READ_MODIFY_WRITE throughput 0.00 ops/sec, total throughput 0.00 ops/sec
Zipfian (Warm-Up) (epoch 1, progress 0.00%): UPDATE throughput 0.00 ops/sec, INSERT throughput 0.00 ops/sec, READ throughput 95.99 ops/sec, SCAN throughput 0.00 ops/sec, READ_MODIFY_WRITE throughput 114.98 ops/sec, total throughput 210.97 ops/sec
Zipfian (Warm-Up) (epoch 2, progress 0.00%): UPDATE throughput 0.00 ops/sec, INSERT throughput 0.00 ops/sec, READ throughput 107.98 ops/sec, SCAN throughput 0.00 ops/sec, READ_MODIFY_WRITE throughput 125.98 ops/sec, total throughput 233.97 ops/sec
Zipfian (Warm-Up) (epoch 3, progress 0.00%): UPDATE throughput 0.00 ops/sec, INSERT throughput 0.00 ops/sec, READ throughput 111.98 ops/sec, SCAN throughput 0.00 ops/sec, READ_MODIFY_WRITE throughput 110.98 ops/sec, total throughput 222.97 ops/sec
Zipfian (Warm-Up) (epoch 4, progress 0.00%): UPDATE throughput 0.00 ops/sec, INSERT throughput 0.00 ops/sec, READ throughput 139.98 ops/sec, SCAN throughput 0.00 ops/sec, READ_MODIFY_WRITE throughput 118.98 ops/sec, total throughput 258.96 ops/sec
Zipfian (Warm-Up) (epoch 5, progress 0.00%): UPDATE throughput 0.00 ops/sec, INSERT throughput 0.00 ops/sec, READ throughput 119.98 ops/sec, SCAN throughput 0.00 ops/sec, READ_MODIFY_WRITE throughput 141.98 ops/sec, total throughput 261.96 ops/sec
Zipfian (Warm-Up) (epoch 6, progress 0.00%): UPDATE throughput 0.00 ops/sec, INSERT throughput 0.00 ops/sec, READ throughput 133.98 ops/sec, SCAN throughput 0.00 ops/sec, READ_MODIFY_WRITE throughput 140.98 ops/sec, total throughput 274.96 ops/sec
Zipfian (Warm-Up) (epoch 7, progress 0.00%): UPDATE throughput 0.00 ops/sec, INSERT throughput 0.00 ops/sec, READ throughput 192.97 ops/sec, SCAN throughput 0.00 ops/sec, READ_MODIFY_WRITE throughp
2026-03-09 17:41:50,359 INFO Trace ycsb_f: throughput=590.62 ops/sec
2026-03-09 17:41:50,359 INFO --- Trace 7/8: uniform ---
2026-03-09 17:41:50,359 INFO CMD: sudo sync
2026-03-09 17:41:50,993 INFO CMD: sudo sh -c echo 3 > /proc/sys/vm/drop_caches
2026-03-09 17:41:52,022 INFO Page cache dropped.
2026-03-09 17:41:54,074 INFO Running benchmark: /mydata/cache_ext/My-YCSB/build/run_net_leveldb /mydata/cache_ext/eviction_evo/traces/uniform.yaml
2026-03-09 17:41:54,118 INFO CMD: /mydata/cache_ext/My-YCSB/build/run_net_leveldb /mydata/cache_ext/eviction_evo/traces/uniform.yaml
2026-03-09 17:44:26,327 INFO Benchmark stdout:
Uniform (Warm-Up) (epoch 0, progress 0.00%): UPDATE throughput 0.00 ops/sec, INSERT throughput 0.00 ops/sec, READ throughput 0.00 ops/sec, SCAN throughput 0.00 ops/sec, READ_MODIFY_WRITE throughput 0.00 ops/sec, total throughput 0.00 ops/sec
Uniform (Warm-Up) (epoch 1, progress 0.00%): UPDATE throughput 0.00 ops/sec, INSERT throughput 0.00 ops/sec, READ throughput 51.99 ops/sec, SCAN throughput 0.00 ops/sec, READ_MODIFY_WRITE throughput 0.00 ops/sec, total throughput 51.99 ops/sec
Uniform (Warm-Up) (epoch 2, progress 0.00%): UPDATE throughput 0.00 ops/sec, INSERT throughput 0.00 ops/sec, READ throughput 76.99 ops/sec, SCAN throughput 0.00 ops/sec, READ_MODIFY_WRITE throughput 0.00 ops/sec, total throughput 76.99 ops/sec
Uniform (Warm-Up) (epoch 3, progress 0.00%): UPDATE throughput 0.00 ops/sec, INSERT throughput 0.00 ops/sec, READ throughput 84.99 ops/sec, SCAN throughput 0.00 ops/sec, READ_MODIFY_WRITE throughput 0.00 ops/sec, total throughput 84.99 ops/sec
Uniform (Warm-Up) (epoch 4, progress 0.00%): UPDATE throughput 0.00 ops/sec, INSERT throughput 0.00 ops/sec, READ throughput 76.99 ops/sec, SCAN throughput 0.00 ops/sec, READ_MODIFY_WRITE throughput 0.00 ops/sec, total throughput 76.99 ops/sec
Uniform (Warm-Up) (epoch 5, progress 0.00%): UPDATE throughput 0.00 ops/sec, INSERT throughput 0.00 ops/sec, READ throughput 89.99 ops/sec, SCAN throughput 0.00 ops/sec, READ_MODIFY_WRITE throughput 0.00 ops/sec, total throughput 89.99 ops/sec
Uniform (Warm-Up) (epoch 6, progress 0.00%): UPDATE throughput 0.00 ops/sec, INSERT throughput 0.00 ops/sec, READ throughput 84.99 ops/sec, SCAN throughput 0.00 ops/sec, READ_MODIFY_WRITE throughput 0.00 ops/sec, total throughput 84.99 ops/sec
Uniform (Warm-Up) (epoch 7, progress 0.00%): UPDATE throughput 0.00 ops/sec, INSERT throughput 0.00 ops/sec, READ throughput 87.99 ops/sec, SCAN throughput 0.00 ops/sec, READ_MODIFY_WRITE throughput 0.00 ops/sec, total throughput 87.99 ops/sec
Uniform (Warm-Up) (epoch 8, progress 0.00%): UPDAT
2026-03-09 17:44:26,328 INFO Trace uniform: throughput=125.95 ops/sec
2026-03-09 17:44:26,328 INFO --- Trace 8/8: uniform_rw ---
2026-03-09 17:44:26,328 INFO CMD: sudo sync
2026-03-09 17:44:26,572 INFO CMD: sudo sh -c echo 3 > /proc/sys/vm/drop_caches
2026-03-09 17:44:28,035 INFO Page cache dropped.
2026-03-09 17:44:30,156 INFO Running benchmark: /mydata/cache_ext/My-YCSB/build/run_net_leveldb /mydata/cache_ext/eviction_evo/traces/uniform_read_write.yaml
2026-03-09 17:44:30,830 INFO CMD: /mydata/cache_ext/My-YCSB/build/run_net_leveldb /mydata/cache_ext/eviction_evo/traces/uniform_read_write.yaml
2026-03-09 17:47:03,032 INFO Benchmark stdout:
Uniform (Warm-Up) (epoch 0, progress 0.00%): UPDATE throughput 0.00 ops/sec, INSERT throughput 0.00 ops/sec, READ throughput 0.00 ops/sec, SCAN throughput 0.00 ops/sec, READ_MODIFY_WRITE throughput 0.00 ops/sec, total throughput 0.00 ops/sec
Uniform (Warm-Up) (epoch 1, progress 0.00%): UPDATE throughput 0.00 ops/sec, INSERT throughput 41.99 ops/sec, READ throughput 33.99 ops/sec, SCAN throughput 0.00 ops/sec, READ_MODIFY_WRITE throughput 0.00 ops/sec, total throughput 75.99 ops/sec
Uniform (Warm-Up) (epoch 2, progress 0.00%): UPDATE throughput 0.00 ops/sec, INSERT throughput 49.99 ops/sec, READ throughput 64.99 ops/sec, SCAN throughput 0.00 ops/sec, READ_MODIFY_WRITE throughput 0.00 ops/sec, total throughput 114.99 ops/sec
Uniform (Warm-Up) (epoch 3, progress 0.00%): UPDATE throughput 0.00 ops/sec, INSERT throughput 52.99 ops/sec, READ throughput 67.99 ops/sec, SCAN throughput 0.00 ops/sec, READ_MODIFY_WRITE throughput 0.00 ops/sec, total throughput 120.99 ops/sec
Uniform (Warm-Up) (epoch 4, progress 0.00%): UPDATE throughput 0.00 ops/sec, INSERT throughput 86.99 ops/sec, READ throughput 76.99 ops/sec, SCAN throughput 0.00 ops/sec, READ_MODIFY_WRITE throughput 0.00 ops/sec, total throughput 163.98 ops/sec
Uniform (Warm-Up) (epoch 5, progress 0.00%): UPDATE throughput 0.00 ops/sec, INSERT throughput 77.99 ops/sec, READ throughput 78.99 ops/sec, SCAN throughput 0.00 ops/sec, READ_MODIFY_WRITE throughput 0.00 ops/sec, total throughput 156.98 ops/sec
Uniform (Warm-Up) (epoch 6, progress 0.00%): UPDATE throughput 0.00 ops/sec, INSERT throughput 60.99 ops/sec, READ throughput 73.99 ops/sec, SCAN throughput 0.00 ops/sec, READ_MODIFY_WRITE throughput 0.00 ops/sec, total throughput 134.98 ops/sec
Uniform (Warm-Up) (epoch 7, progress 0.00%): UPDATE throughput 0.00 ops/sec, INSERT throughput 67.99 ops/sec, READ throughput 65.99 ops/sec, SCAN throughput 0.00 ops/sec, READ_MODIFY_WRITE throughput 0.00 ops/sec, total throughput 133.99 ops/sec
Uniform (Warm-Up) (epoch 8, progress 
2026-03-09 17:47:03,033 INFO Trace uniform_rw: throughput=263.88 ops/sec
2026-03-09 17:47:03,045 INFO === Evaluation complete ===
2026-03-09 17:47:03,046 INFO Combined score (harmonic mean): 265.96  (8/8 traces passed)
2026-03-09 17:47:03,046 INFO   ycsb_a: 627.42 ops/sec
2026-03-09 17:47:03,046 INFO   ycsb_b: 318.21 ops/sec
2026-03-09 17:47:03,046 INFO   ycsb_c: 302.28 ops/sec
2026-03-09 17:47:03,046 INFO   ycsb_d: 150835.04 ops/sec
2026-03-09 17:47:03,046 INFO   ycsb_e: 116.20 ops/sec
2026-03-09 17:47:03,046 INFO   ycsb_f: 590.62 ops/sec
2026-03-09 17:47:03,046 INFO   uniform: 125.95 ops/sec
2026-03-09 17:47:03,046 INFO   uniform_rw: 263.88 ops/sec
2026-03-09 17:47:03,046 INFO Stopping net_leveldb_server (PID 213937)
2026-03-09 17:47:03,046 INFO CMD: sudo kill 213937
2026-03-09 17:47:03,406 INFO Unloading BPF policy (PID 213933)
2026-03-09 17:47:03,406 INFO CMD: sudo kill -2 213933
2026-03-09 17:47:03,689 INFO CMD: sudo rm -f /sys/fs/bpf/cache_ext/scan_pids
2026-03-09 17:47:03,729 INFO CMD: sudo cgdelete memory:cache_ext_test
2026-03-09 17:47:03,776 INFO CMD: sudo sh -c echo 0x0000 > /sys/kernel/mm/lru_gen/enabled
2026-03-09 17:47:03,791 INFO MGLRU re-enabled (restored to 0x0000).
