2026-03-09 22:04:19,654 INFO Waiting for evaluation lock /tmp/cache_ext_evaluate.lock ...
2026-03-09 22:04:19,654 INFO Acquired evaluation lock.
2026-03-09 22:04:19,654 INFO === Step 0: Drop page cache ===
2026-03-09 22:04:19,660 INFO Database already exists at /mydata/leveldb_temp (CURRENT file found), skipping rsync
2026-03-09 22:04:19,661 INFO CMD: sudo sync
2026-03-09 22:04:19,728 INFO CMD: sudo sh -c echo 3 > /proc/sys/vm/drop_caches
2026-03-09 22:04:20,105 INFO Page cache dropped.
2026-03-09 22:04:20,105 INFO === Step 1: Compile evolved policy ===
2026-03-09 22:04:20,134 INFO CMD: sudo chown -R root: /mydata/cache_ext/eviction_evo/build
2026-03-09 22:04:20,508 INFO CMD: clang-14 -O2 -target bpf -D__TARGET_ARCH_x86 -c -g -Wall -idirafter /usr/lib/llvm-14/lib/clang/14.0.0/include -idirafter /usr/local/include -idirafter /usr/include/x86_64-linux-gnu -idirafter /usr/include /mydata/cache_ext/eviction_evo/build/cache_ext_evolved.bpf.c -o /mydata/cache_ext/eviction_evo/build/cache_ext_evolved.bpf.o
2026-03-09 22:04:23,475 INFO CMD: /usr/local/sbin/bpftool gen skeleton /mydata/cache_ext/eviction_evo/build/cache_ext_evolved.bpf.o name cache_ext_evolved_bpf
2026-03-09 22:04:23,659 INFO CMD: clang-14 -O2 -g -Wall -I/mydata/cache_ext/eviction_evo/build -I/mydata/cache_ext/policies /mydata/cache_ext/eviction_evo/cache_ext_evolved.c -o /mydata/cache_ext/eviction_evo/build/cache_ext_evolved.out -L/usr/local/lib64 -lbpf
2026-03-09 22:04:24,582 INFO Compilation successful: /mydata/cache_ext/eviction_evo/build/cache_ext_evolved.out
2026-03-09 22:04:24,582 INFO === Step 2: Disable MGLRU ===
2026-03-09 22:04:24,583 INFO MGLRU current state: 0x0000 — disabling
2026-03-09 22:04:24,583 INFO CMD: sudo sh -c echo 0 > /sys/kernel/mm/lru_gen/enabled
2026-03-09 22:04:24,601 INFO MGLRU disabled.
2026-03-09 22:04:24,601 INFO === Step 3: Create cgroup ===
2026-03-09 22:04:24,601 INFO CMD: sudo cgdelete memory:cache_ext_test
2026-03-09 22:04:24,640 INFO CMD: sudo cgcreate -g memory:cache_ext_test
2026-03-09 22:04:24,754 INFO CMD: sudo sh -c echo 536870912 > /sys/fs/cgroup/cache_ext_test/memory.max
2026-03-09 22:04:24,770 INFO Created cgroup cache_ext_test with limit 536870912 bytes
2026-03-09 22:04:24,770 INFO === Step 4: Load BPF policy ===
2026-03-09 22:04:24,770 INFO Loading policy: sudo /mydata/cache_ext/eviction_evo/build/cache_ext_evolved.out --watch_dir /mydata/leveldb_temp --cgroup_path /sys/fs/cgroup/cache_ext_test
2026-03-09 22:04:34,781 INFO Policy loaded (PID 254819)
2026-03-09 22:04:34,782 INFO === Step 5: Start server ===
2026-03-09 22:04:34,782 INFO Starting server: sudo cgexec -g memory:cache_ext_test /mydata/cache_ext/net_leveldb_server 9100 /mydata/leveldb_temp
2026-03-09 22:04:34,783 INFO Waiting for server on port 9100 ...
2026-03-09 22:04:35,892 INFO Server ready (PID 254822) on port 9100
2026-03-09 22:04:35,892 INFO === Step 6: Run 2 trace benchmarks ===
2026-03-09 22:04:35,892 INFO --- Trace 1/2: dual_small_vs_large ---
2026-03-09 22:04:35,930 INFO Starting proxy: /usr/bin/python /mydata/cache_ext/eviction_evo/tcp_delay_proxy.py --listen-port 9101 --target-port 9100 --delay-ms 1 --bandwidth-kbps 500000
2026-03-09 22:04:36,940 INFO Proxy ready on port 9101
2026-03-09 22:04:36,956 INFO Starting client reader_fast: /mydata/cache_ext/My-YCSB/build/run_net_leveldb /tmp/dual_reader_fast_d_9w3eah.yaml
2026-03-09 22:04:36,972 INFO Starting client writer_slow: /mydata/cache_ext/My-YCSB/build/run_net_leveldb /tmp/dual_writer_slow_y5x8u0o6.yaml
2026-03-09 22:07:34,519 INFO Client reader_fast: throughput=169.35
2026-03-09 22:07:34,520 INFO Client writer_slow: throughput=130.35
2026-03-09 22:07:34,520 INFO Dual-client combined throughput: 299.70 ops/sec
2026-03-09 22:07:34,524 INFO Trace dual_small_vs_large: throughput=299.70 ops/sec
2026-03-09 22:07:34,524 INFO --- Trace 2/2: dual_congested ---
2026-03-09 22:07:34,524 INFO CMD: sudo sync
2026-03-09 22:07:34,651 INFO CMD: sudo sh -c echo 3 > /proc/sys/vm/drop_caches
2026-03-09 22:07:35,656 INFO Page cache dropped.
2026-03-09 22:07:37,710 INFO Starting proxy: /usr/bin/python /mydata/cache_ext/eviction_evo/tcp_delay_proxy.py --listen-port 9101 --target-port 9100 --delay-ms 2 --bandwidth-kbps 100000
2026-03-09 22:07:38,755 INFO Proxy ready on port 9101
2026-03-09 22:07:38,755 INFO Starting proxy: /usr/bin/python /mydata/cache_ext/eviction_evo/tcp_delay_proxy.py --listen-port 9102 --target-port 9100 --delay-ms 5 --bandwidth-kbps 50000
2026-03-09 22:07:39,758 INFO Proxy ready on port 9102
2026-03-09 22:07:39,784 INFO Starting client wan_reader: /mydata/cache_ext/My-YCSB/build/run_net_leveldb /tmp/dual_wan_reader_f9ikmzko.yaml
2026-03-09 22:07:39,888 INFO Starting client wan_writer: /mydata/cache_ext/My-YCSB/build/run_net_leveldb /tmp/dual_wan_writer__kdmvgj6.yaml
2026-03-09 22:10:36,611 INFO Client wan_reader: throughput=156.35
2026-03-09 22:10:36,787 INFO Client wan_writer: throughput=164.10
2026-03-09 22:10:36,787 INFO Dual-client combined throughput: 320.45 ops/sec
2026-03-09 22:10:36,794 INFO Trace dual_congested: throughput=320.45 ops/sec
2026-03-09 22:10:36,808 INFO === Evaluation complete ===
2026-03-09 22:10:36,808 INFO Combined score (harmonic mean): 309.73  (2/2 traces passed)
2026-03-09 22:10:36,808 INFO   dual_small_vs_large: 299.70 ops/sec
2026-03-09 22:10:36,808 INFO   dual_congested: 320.45 ops/sec
2026-03-09 22:10:36,808 INFO Stopping net_leveldb_server (PID 254822)
2026-03-09 22:10:36,808 INFO CMD: sudo kill 254822
2026-03-09 22:10:36,991 INFO Unloading BPF policy (PID 254819)
2026-03-09 22:10:36,991 INFO CMD: sudo kill -2 254819
2026-03-09 22:10:37,222 INFO CMD: sudo rm -f /sys/fs/bpf/cache_ext/scan_pids
2026-03-09 22:10:37,259 INFO CMD: sudo cgdelete memory:cache_ext_test
2026-03-09 22:10:37,294 INFO CMD: sudo sh -c echo 0x0000 > /sys/kernel/mm/lru_gen/enabled
2026-03-09 22:10:37,313 INFO MGLRU re-enabled (restored to 0x0000).
