2026-03-27 11:01:52,139 INFO Waiting for evaluation lock /tmp/cache_ext_evaluate_0.lock ...
2026-03-27 11:01:52,139 INFO Acquired evaluation lock.
2026-03-27 11:01:52,184 INFO === Step 0: Drop page cache ===
2026-03-27 11:01:52,202 INFO Database already exists at /mydata/leveldb_temp (CURRENT file found), skipping copy
2026-03-27 11:01:52,202 INFO CMD: sudo sync
2026-03-27 11:01:52,390 INFO CMD: sudo sh -c echo 3 > /proc/sys/vm/drop_caches
2026-03-27 11:01:52,510 INFO Page cache dropped.
2026-03-27 11:01:52,510 INFO === Step 1: Compile evolved policy ===
2026-03-27 11:01:52,518 INFO CMD: sudo chown -R root: /mydata/cache_ext/eviction_evo/build
2026-03-27 11:01:52,805 INFO CMD: clang-14 -O2 -target bpf -D__TARGET_ARCH_x86 -c -g -Wall -idirafter /usr/lib/llvm-14/lib/clang/14.0.0/include -idirafter /usr/local/include -idirafter /usr/include/x86_64-linux-gnu -idirafter /usr/include /mydata/cache_ext/eviction_evo/build/cache_ext_evolved.bpf.c -o /mydata/cache_ext/eviction_evo/build/cache_ext_evolved.bpf.o
2026-03-27 11:01:55,528 INFO CMD: /usr/local/sbin/bpftool gen skeleton /mydata/cache_ext/eviction_evo/build/cache_ext_evolved.bpf.o name cache_ext_evolved_bpf
2026-03-27 11:01:55,708 INFO CMD: clang-14 -O2 -g -Wall -I/mydata/cache_ext/eviction_evo/build -I/mydata/cache_ext/policies /mydata/cache_ext/eviction_evo/cache_ext_evolved.c -o /mydata/cache_ext/eviction_evo/build/cache_ext_evolved.out -L/usr/local/lib64 -lbpf
2026-03-27 11:01:56,598 INFO Compilation successful: /mydata/cache_ext/eviction_evo/build/cache_ext_evolved.out
2026-03-27 11:01:56,598 INFO === Step 2: Disable MGLRU ===
2026-03-27 11:01:56,600 INFO MGLRU watchdog started (PID 657999, will restore in 7800 s)
2026-03-27 11:01:56,600 INFO MGLRU current state: 0x0007 - disabling
2026-03-27 11:01:56,600 INFO CMD: sudo sh -c echo 0 > /sys/kernel/mm/lru_gen/enabled
2026-03-27 11:01:56,646 INFO MGLRU disabled.
2026-03-27 11:01:56,646 INFO === Step 3: Create cgroup ===
2026-03-27 11:01:56,731 INFO CMD: sudo cgcreate -g memory:cache_ext_test
2026-03-27 11:01:56,837 INFO CMD: sudo sh -c echo 536870912 > /sys/fs/cgroup/cache_ext_test/memory.max
2026-03-27 11:01:56,850 INFO Created cgroup cache_ext_test with limit 536870912 bytes
2026-03-27 11:01:56,850 INFO === Step 4: Load BPF policy ===
2026-03-27 11:01:56,850 INFO Loading policy: sudo /mydata/cache_ext/eviction_evo/build/cache_ext_evolved.out --watch_dir /mydata/leveldb_temp --cgroup_path /sys/fs/cgroup/cache_ext_test
2026-03-27 11:02:06,854 INFO Policy loaded (PID 658021)
2026-03-27 11:02:06,854 INFO === Step 5: Start server ===
2026-03-27 11:02:06,854 INFO Starting server: sudo cgexec -g memory:cache_ext_test /mydata/cache_ext/net_leveldb_server 9100 /mydata/leveldb_temp
2026-03-27 11:02:06,855 INFO Waiting for server on port 9100 ...
2026-03-27 11:02:07,906 INFO Server ready (PID 658026) on port 9100
2026-03-27 11:02:07,906 INFO === Step 6: Run 7 traces x 3 runs = 21 total benchmarks ===
2026-03-27 11:02:07,941 INFO --- Trace 1/7 (ycsb_c_a) run 1/3  [1/21 overall] ---
2026-03-27 11:02:07,941 INFO CMD: sudo sync
2026-03-27 11:02:08,108 INFO CMD: sudo sh -c echo 3 > /proc/sys/vm/drop_caches
2026-03-27 11:02:08,338 INFO Page cache dropped.
2026-03-27 11:02:11,097 INFO Starting remote client client_ycsb_c on krisub@node1: ssh -o StrictHostKeyChecking=no -o BatchMode=yes -i /users/krisub/.ssh/id_ed25519 krisub@node1 sh -lc 'exec /mydata/cache_ext/My-YCSB/build/run_net_leveldb /tmp/dual_client_ycsb_c_f79bfzw4.yaml'
2026-03-27 11:02:11,348 INFO Starting remote client client_ycsb_a on krisub@node1: ssh -o StrictHostKeyChecking=no -o BatchMode=yes -i /users/krisub/.ssh/id_ed25519 krisub@node1 sh -lc 'exec /mydata/cache_ext/My-YCSB/build/run_net_leveldb /tmp/dual_client_ycsb_a_2_876859.yaml'
2026-03-27 11:03:49,499 INFO Client client_ycsb_c: throughput=897.03
2026-03-27 11:03:49,714 INFO Client client_ycsb_a: throughput=1774.11
2026-03-27 11:03:49,715 INFO Dual-client combined throughput: 2671.14 ops/sec
2026-03-27 11:03:50,181 INFO Trace ycsb_c_a run 1: throughput=2671.14 ops/sec
2026-03-27 11:03:50,181 INFO --- Trace 1/7 (ycsb_c_a) run 2/3  [2/21 overall] ---
2026-03-27 11:03:50,181 INFO CMD: sudo sync
2026-03-27 11:03:50,403 INFO CMD: sudo sh -c echo 3 > /proc/sys/vm/drop_caches
2026-03-27 11:03:50,655 INFO Page cache dropped.
2026-03-27 11:03:53,389 INFO Starting remote client client_ycsb_c on krisub@node1: ssh -o StrictHostKeyChecking=no -o BatchMode=yes -i /users/krisub/.ssh/id_ed25519 krisub@node1 sh -lc 'exec /mydata/cache_ext/My-YCSB/build/run_net_leveldb /tmp/dual_client_ycsb_c_l6grnsja.yaml'
2026-03-27 11:03:53,644 INFO Starting remote client client_ycsb_a on krisub@node1: ssh -o StrictHostKeyChecking=no -o BatchMode=yes -i /users/krisub/.ssh/id_ed25519 krisub@node1 sh -lc 'exec /mydata/cache_ext/My-YCSB/build/run_net_leveldb /tmp/dual_client_ycsb_a_kiks2wp2.yaml'
2026-03-27 11:05:31,795 INFO Client client_ycsb_c: throughput=963.89
2026-03-27 11:05:32,010 INFO Client client_ycsb_a: throughput=1928.26
2026-03-27 11:05:32,011 INFO Dual-client combined throughput: 2892.15 ops/sec
2026-03-27 11:05:32,481 INFO Trace ycsb_c_a run 2: throughput=2892.15 ops/sec
2026-03-27 11:05:32,481 INFO --- Trace 1/7 (ycsb_c_a) run 3/3  [3/21 overall] ---
2026-03-27 11:05:32,481 INFO CMD: sudo sync
2026-03-27 11:05:32,703 INFO CMD: sudo sh -c echo 3 > /proc/sys/vm/drop_caches
2026-03-27 11:05:32,973 INFO Page cache dropped.
2026-03-27 11:05:35,749 INFO Starting remote client client_ycsb_c on krisub@node1: ssh -o StrictHostKeyChecking=no -o BatchMode=yes -i /users/krisub/.ssh/id_ed25519 krisub@node1 sh -lc 'exec /mydata/cache_ext/My-YCSB/build/run_net_leveldb /tmp/dual_client_ycsb_c_2s8ulq6o.yaml'
2026-03-27 11:05:35,997 INFO Starting remote client client_ycsb_a on krisub@node1: ssh -o StrictHostKeyChecking=no -o BatchMode=yes -i /users/krisub/.ssh/id_ed25519 krisub@node1 sh -lc 'exec /mydata/cache_ext/My-YCSB/build/run_net_leveldb /tmp/dual_client_ycsb_a_ksrmhu4v.yaml'
2026-03-27 11:07:13,997 INFO Client client_ycsb_c: throughput=933.17
2026-03-27 11:07:14,263 INFO Client client_ycsb_a: throughput=1850.27
2026-03-27 11:07:14,263 INFO Dual-client combined throughput: 2783.44 ops/sec
2026-03-27 11:07:14,737 INFO Trace ycsb_c_a run 3: throughput=2783.44 ops/sec
2026-03-27 11:07:14,738 INFO Trace ycsb_c_a summary: mean=2782.24 std=110.51 min=2671.14 max=2892.15 (CV=4.0%)
2026-03-27 11:07:14,777 INFO --- Trace 2/7 (ycsb_c_e) run 1/3  [4/21 overall] ---
2026-03-27 11:07:14,777 INFO CMD: sudo sync
2026-03-27 11:07:14,991 INFO CMD: sudo sh -c echo 3 > /proc/sys/vm/drop_caches
2026-03-27 11:07:15,251 INFO Page cache dropped.
2026-03-27 11:07:17,997 INFO Starting remote client client_ycsb_c on krisub@node1: ssh -o StrictHostKeyChecking=no -o BatchMode=yes -i /users/krisub/.ssh/id_ed25519 krisub@node1 sh -lc 'exec /mydata/cache_ext/My-YCSB/build/run_net_leveldb /tmp/dual_client_ycsb_c_gemqn99z.yaml'
2026-03-27 11:07:18,256 INFO Starting remote client client_ycsb_e on krisub@node1: ssh -o StrictHostKeyChecking=no -o BatchMode=yes -i /users/krisub/.ssh/id_ed25519 krisub@node1 sh -lc 'exec /mydata/cache_ext/My-YCSB/build/run_net_leveldb /tmp/dual_client_ycsb_e_605ztjau.yaml'
2026-03-27 11:08:56,248 INFO Client client_ycsb_c: throughput=884.72
2026-03-27 11:08:57,768 INFO Client client_ycsb_e: throughput=77121.70
2026-03-27 11:08:57,768 INFO Dual-client combined throughput: 78006.42 ops/sec
2026-03-27 11:08:58,229 INFO Trace ycsb_c_e run 1: throughput=78006.42 ops/sec
2026-03-27 11:08:58,229 INFO --- Trace 2/7 (ycsb_c_e) run 2/3  [5/21 overall] ---
2026-03-27 11:08:58,230 INFO CMD: sudo sync
2026-03-27 11:08:58,465 INFO CMD: sudo sh -c echo 3 > /proc/sys/vm/drop_caches
2026-03-27 11:08:58,671 INFO Page cache dropped.
2026-03-27 11:09:01,309 INFO Starting remote client client_ycsb_c on krisub@node1: ssh -o StrictHostKeyChecking=no -o BatchMode=yes -i /users/krisub/.ssh/id_ed25519 krisub@node1 sh -lc 'exec /mydata/cache_ext/My-YCSB/build/run_net_leveldb /tmp/dual_client_ycsb_c_mpolgz3v.yaml'
2026-03-27 11:09:01,577 INFO Starting remote client client_ycsb_e on krisub@node1: ssh -o StrictHostKeyChecking=no -o BatchMode=yes -i /users/krisub/.ssh/id_ed25519 krisub@node1 sh -lc 'exec /mydata/cache_ext/My-YCSB/build/run_net_leveldb /tmp/dual_client_ycsb_e_wkt8gi5t.yaml'
2026-03-27 11:10:39,620 INFO Client client_ycsb_c: throughput=932.07
2026-03-27 11:10:41,189 INFO Client client_ycsb_e: throughput=76835.44
2026-03-27 11:10:41,190 INFO Dual-client combined throughput: 77767.51 ops/sec
2026-03-27 11:10:41,673 INFO Trace ycsb_c_e run 2: throughput=77767.51 ops/sec
2026-03-27 11:10:41,673 INFO --- Trace 2/7 (ycsb_c_e) run 3/3  [6/21 overall] ---
2026-03-27 11:10:41,673 INFO CMD: sudo sync
2026-03-27 11:10:41,840 INFO CMD: sudo sh -c echo 3 > /proc/sys/vm/drop_caches
2026-03-27 11:10:42,063 INFO Page cache dropped.
2026-03-27 11:10:44,801 INFO Starting remote client client_ycsb_c on krisub@node1: ssh -o StrictHostKeyChecking=no -o BatchMode=yes -i /users/krisub/.ssh/id_ed25519 krisub@node1 sh -lc 'exec /mydata/cache_ext/My-YCSB/build/run_net_leveldb /tmp/dual_client_ycsb_c_u5hibp0q.yaml'
2026-03-27 11:10:45,036 INFO Starting remote client client_ycsb_e on krisub@node1: ssh -o StrictHostKeyChecking=no -o BatchMode=yes -i /users/krisub/.ssh/id_ed25519 krisub@node1 sh -lc 'exec /mydata/cache_ext/My-YCSB/build/run_net_leveldb /tmp/dual_client_ycsb_e_8q1ws8w9.yaml'
2026-03-27 11:12:23,079 INFO Client client_ycsb_c: throughput=924.92
2026-03-27 11:12:24,448 INFO Client client_ycsb_e: throughput=77290.08
2026-03-27 11:12:24,448 INFO Dual-client combined throughput: 78215.00 ops/sec
2026-03-27 11:12:24,925 INFO Trace ycsb_c_e run 3: throughput=78215.00 ops/sec
2026-03-27 11:12:24,926 INFO Trace ycsb_c_e summary: mean=77996.31 std=223.92 min=77767.51 max=78215.00 (CV=0.3%)
2026-03-27 11:12:24,963 INFO --- Trace 3/7 (ycsb_c_f) run 1/3  [7/21 overall] ---
2026-03-27 11:12:24,963 INFO CMD: sudo sync
2026-03-27 11:12:25,175 INFO CMD: sudo sh -c echo 3 > /proc/sys/vm/drop_caches
2026-03-27 11:12:25,363 INFO Page cache dropped.
2026-03-27 11:12:28,101 INFO Starting remote client client_ycsb_c on krisub@node1: ssh -o StrictHostKeyChecking=no -o BatchMode=yes -i /users/krisub/.ssh/id_ed25519 krisub@node1 sh -lc 'exec /mydata/cache_ext/My-YCSB/build/run_net_leveldb /tmp/dual_client_ycsb_c_v1bu65vo.yaml'
2026-03-27 11:12:28,352 INFO Starting remote client client_ycsb_f on krisub@node1: ssh -o StrictHostKeyChecking=no -o BatchMode=yes -i /users/krisub/.ssh/id_ed25519 krisub@node1 sh -lc 'exec /mydata/cache_ext/My-YCSB/build/run_net_leveldb /tmp/dual_client_ycsb_f_3yxmbulp.yaml'
2026-03-27 11:14:06,455 INFO Client client_ycsb_c: throughput=851.74
2026-03-27 11:14:06,620 INFO Client client_ycsb_f: throughput=212.05
2026-03-27 11:14:06,620 INFO Dual-client combined throughput: 1063.79 ops/sec
2026-03-27 11:14:07,081 INFO Trace ycsb_c_f run 1: throughput=1063.79 ops/sec
2026-03-27 11:14:07,081 INFO --- Trace 3/7 (ycsb_c_f) run 2/3  [8/21 overall] ---
2026-03-27 11:14:07,081 INFO CMD: sudo sync
2026-03-27 11:14:07,369 INFO CMD: sudo sh -c echo 3 > /proc/sys/vm/drop_caches
2026-03-27 11:14:07,624 INFO Page cache dropped.
2026-03-27 11:14:10,397 INFO Starting remote client client_ycsb_c on krisub@node1: ssh -o StrictHostKeyChecking=no -o BatchMode=yes -i /users/krisub/.ssh/id_ed25519 krisub@node1 sh -lc 'exec /mydata/cache_ext/My-YCSB/build/run_net_leveldb /tmp/dual_client_ycsb_c_6fl6r45b.yaml'
2026-03-27 11:14:10,653 INFO Starting remote client client_ycsb_f on krisub@node1: ssh -o StrictHostKeyChecking=no -o BatchMode=yes -i /users/krisub/.ssh/id_ed25519 krisub@node1 sh -lc 'exec /mydata/cache_ext/My-YCSB/build/run_net_leveldb /tmp/dual_client_ycsb_f_qpue7dhw.yaml'
2026-03-27 11:15:48,653 INFO Client client_ycsb_c: throughput=845.51
2026-03-27 11:15:48,969 INFO Client client_ycsb_f: throughput=213.79
2026-03-27 11:15:48,969 INFO Dual-client combined throughput: 1059.30 ops/sec
2026-03-27 11:15:49,433 INFO Trace ycsb_c_f run 2: throughput=1059.30 ops/sec
2026-03-27 11:15:49,433 INFO --- Trace 3/7 (ycsb_c_f) run 3/3  [9/21 overall] ---
2026-03-27 11:15:49,433 INFO CMD: sudo sync
2026-03-27 11:15:49,632 INFO CMD: sudo sh -c echo 3 > /proc/sys/vm/drop_caches
2026-03-27 11:15:49,924 INFO Page cache dropped.
2026-03-27 11:15:52,682 INFO Starting remote client client_ycsb_c on krisub@node1: ssh -o StrictHostKeyChecking=no -o BatchMode=yes -i /users/krisub/.ssh/id_ed25519 krisub@node1 sh -lc 'exec /mydata/cache_ext/My-YCSB/build/run_net_leveldb /tmp/dual_client_ycsb_c_1m5e131c.yaml'
2026-03-27 11:15:52,932 INFO Starting remote client client_ycsb_f on krisub@node1: ssh -o StrictHostKeyChecking=no -o BatchMode=yes -i /users/krisub/.ssh/id_ed25519 krisub@node1 sh -lc 'exec /mydata/cache_ext/My-YCSB/build/run_net_leveldb /tmp/dual_client_ycsb_f_cuqq9h5_.yaml'
2026-03-27 11:17:30,986 INFO Client client_ycsb_c: throughput=825.47
2026-03-27 11:17:31,302 INFO Client client_ycsb_f: throughput=214.19
2026-03-27 11:17:31,303 INFO Dual-client combined throughput: 1039.66 ops/sec
2026-03-27 11:17:31,761 INFO Trace ycsb_c_f run 3: throughput=1039.66 ops/sec
2026-03-27 11:17:31,761 INFO Trace ycsb_c_f summary: mean=1054.25 std=12.83 min=1039.66 max=1063.79 (CV=1.2%)
2026-03-27 11:17:31,797 INFO --- Trace 4/7 (ycsb_b_a) run 1/3  [10/21 overall] ---
2026-03-27 11:17:31,798 INFO CMD: sudo sync
2026-03-27 11:17:31,993 INFO CMD: sudo sh -c echo 3 > /proc/sys/vm/drop_caches
2026-03-27 11:17:32,328 INFO Page cache dropped.
2026-03-27 11:17:35,069 INFO Starting remote client client_ycsb_b on krisub@node1: ssh -o StrictHostKeyChecking=no -o BatchMode=yes -i /users/krisub/.ssh/id_ed25519 krisub@node1 sh -lc 'exec /mydata/cache_ext/My-YCSB/build/run_net_leveldb /tmp/dual_client_ycsb_b_3p979vi2.yaml'
2026-03-27 11:17:35,332 INFO Starting remote client client_ycsb_a on krisub@node1: ssh -o StrictHostKeyChecking=no -o BatchMode=yes -i /users/krisub/.ssh/id_ed25519 krisub@node1 sh -lc 'exec /mydata/cache_ext/My-YCSB/build/run_net_leveldb /tmp/dual_client_ycsb_a_j2ghmlvj.yaml'
2026-03-27 11:19:13,332 INFO Client client_ycsb_b: throughput=990.11
2026-03-27 11:19:13,648 INFO Client client_ycsb_a: throughput=1840.44
2026-03-27 11:19:13,648 INFO Dual-client combined throughput: 2830.55 ops/sec
2026-03-27 11:19:14,105 INFO Trace ycsb_b_a run 1: throughput=2830.55 ops/sec
2026-03-27 11:19:14,105 INFO --- Trace 4/7 (ycsb_b_a) run 2/3  [11/21 overall] ---
2026-03-27 11:19:14,105 INFO CMD: sudo sync
2026-03-27 11:19:14,318 INFO CMD: sudo sh -c echo 3 > /proc/sys/vm/drop_caches
2026-03-27 11:19:14,628 INFO Page cache dropped.
2026-03-27 11:19:17,389 INFO Starting remote client client_ycsb_b on krisub@node1: ssh -o StrictHostKeyChecking=no -o BatchMode=yes -i /users/krisub/.ssh/id_ed25519 krisub@node1 sh -lc 'exec /mydata/cache_ext/My-YCSB/build/run_net_leveldb /tmp/dual_client_ycsb_b_4jr3xk3g.yaml'
2026-03-27 11:19:17,644 INFO Starting remote client client_ycsb_a on krisub@node1: ssh -o StrictHostKeyChecking=no -o BatchMode=yes -i /users/krisub/.ssh/id_ed25519 krisub@node1 sh -lc 'exec /mydata/cache_ext/My-YCSB/build/run_net_leveldb /tmp/dual_client_ycsb_a_5ofoubfl.yaml'
2026-03-27 11:20:55,643 INFO Client client_ycsb_b: throughput=933.28
2026-03-27 11:20:56,009 INFO Client client_ycsb_a: throughput=1729.37
2026-03-27 11:20:56,009 INFO Dual-client combined throughput: 2662.65 ops/sec
2026-03-27 11:20:56,485 INFO Trace ycsb_b_a run 2: throughput=2662.65 ops/sec
2026-03-27 11:20:56,485 INFO --- Trace 4/7 (ycsb_b_a) run 3/3  [12/21 overall] ---
2026-03-27 11:20:56,485 INFO CMD: sudo sync
2026-03-27 11:20:56,713 INFO CMD: sudo sh -c echo 3 > /proc/sys/vm/drop_caches
2026-03-27 11:20:56,986 INFO Page cache dropped.
2026-03-27 11:20:59,722 INFO Starting remote client client_ycsb_b on krisub@node1: ssh -o StrictHostKeyChecking=no -o BatchMode=yes -i /users/krisub/.ssh/id_ed25519 krisub@node1 sh -lc 'exec /mydata/cache_ext/My-YCSB/build/run_net_leveldb /tmp/dual_client_ycsb_b_cnwdit9r.yaml'
2026-03-27 11:20:59,969 INFO Starting remote client client_ycsb_a on krisub@node1: ssh -o StrictHostKeyChecking=no -o BatchMode=yes -i /users/krisub/.ssh/id_ed25519 krisub@node1 sh -lc 'exec /mydata/cache_ext/My-YCSB/build/run_net_leveldb /tmp/dual_client_ycsb_a_kgqu7crw.yaml'
2026-03-27 11:22:37,968 INFO Client client_ycsb_b: throughput=923.96
2026-03-27 11:22:38,134 INFO Client client_ycsb_a: throughput=1717.47
2026-03-27 11:22:38,134 INFO Dual-client combined throughput: 2641.43 ops/sec
2026-03-27 11:22:38,610 INFO Trace ycsb_b_a run 3: throughput=2641.43 ops/sec
2026-03-27 11:22:38,611 INFO Trace ycsb_b_a summary: mean=2711.54 std=103.61 min=2641.43 max=2830.55 (CV=3.8%)
2026-03-27 11:22:38,646 INFO --- Trace 5/7 (ycsb_a_d) run 1/3  [13/21 overall] ---
2026-03-27 11:22:38,646 INFO CMD: sudo sync
2026-03-27 11:22:38,854 INFO CMD: sudo sh -c echo 3 > /proc/sys/vm/drop_caches
2026-03-27 11:22:39,109 INFO Page cache dropped.
2026-03-27 11:22:41,832 INFO Starting remote client client_ycsb_a on krisub@node1: ssh -o StrictHostKeyChecking=no -o BatchMode=yes -i /users/krisub/.ssh/id_ed25519 krisub@node1 sh -lc 'exec /mydata/cache_ext/My-YCSB/build/run_net_leveldb /tmp/dual_client_ycsb_a__imbjzn0.yaml'
2026-03-27 11:22:42,084 INFO Starting remote client client_ycsb_d on krisub@node1: ssh -o StrictHostKeyChecking=no -o BatchMode=yes -i /users/krisub/.ssh/id_ed25519 krisub@node1 sh -lc 'exec /mydata/cache_ext/My-YCSB/build/run_net_leveldb /tmp/dual_client_ycsb_d_jnf8xpjk.yaml'
2026-03-27 11:24:20,080 INFO Client client_ycsb_a: throughput=1520.78
2026-03-27 11:24:20,697 INFO Client client_ycsb_d: throughput=1063.28
2026-03-27 11:24:20,697 INFO Dual-client combined throughput: 2584.06 ops/sec
2026-03-27 11:24:21,161 INFO Trace ycsb_a_d run 1: throughput=2584.06 ops/sec
2026-03-27 11:24:21,161 INFO --- Trace 5/7 (ycsb_a_d) run 2/3  [14/21 overall] ---
2026-03-27 11:24:21,161 INFO CMD: sudo sync
2026-03-27 11:24:21,479 INFO CMD: sudo sh -c echo 3 > /proc/sys/vm/drop_caches
2026-03-27 11:24:21,747 INFO Page cache dropped.
2026-03-27 11:24:24,493 INFO Starting remote client client_ycsb_a on krisub@node1: ssh -o StrictHostKeyChecking=no -o BatchMode=yes -i /users/krisub/.ssh/id_ed25519 krisub@node1 sh -lc 'exec /mydata/cache_ext/My-YCSB/build/run_net_leveldb /tmp/dual_client_ycsb_a_wiljlsqp.yaml'
2026-03-27 11:24:24,757 INFO Starting remote client client_ycsb_d on krisub@node1: ssh -o StrictHostKeyChecking=no -o BatchMode=yes -i /users/krisub/.ssh/id_ed25519 krisub@node1 sh -lc 'exec /mydata/cache_ext/My-YCSB/build/run_net_leveldb /tmp/dual_client_ycsb_d_o_zm7rff.yaml'
2026-03-27 11:26:02,905 INFO Client client_ycsb_a: throughput=1670.29
2026-03-27 11:26:03,020 INFO Client client_ycsb_d: throughput=1451.26
2026-03-27 11:26:03,020 INFO Dual-client combined throughput: 3121.55 ops/sec
2026-03-27 11:26:03,469 INFO Trace ycsb_a_d run 2: throughput=3121.55 ops/sec
2026-03-27 11:26:03,469 INFO --- Trace 5/7 (ycsb_a_d) run 3/3  [15/21 overall] ---
2026-03-27 11:26:03,469 INFO CMD: sudo sync
2026-03-27 11:26:03,655 INFO CMD: sudo sh -c echo 3 > /proc/sys/vm/drop_caches
2026-03-27 11:26:03,910 INFO Page cache dropped.
2026-03-27 11:26:06,654 INFO Starting remote client client_ycsb_a on krisub@node1: ssh -o StrictHostKeyChecking=no -o BatchMode=yes -i /users/krisub/.ssh/id_ed25519 krisub@node1 sh -lc 'exec /mydata/cache_ext/My-YCSB/build/run_net_leveldb /tmp/dual_client_ycsb_a_t7guql6i.yaml'
2026-03-27 11:26:06,904 INFO Starting remote client client_ycsb_d on krisub@node1: ssh -o StrictHostKeyChecking=no -o BatchMode=yes -i /users/krisub/.ssh/id_ed25519 krisub@node1 sh -lc 'exec /mydata/cache_ext/My-YCSB/build/run_net_leveldb /tmp/dual_client_ycsb_d_76r6doml.yaml'
2026-03-27 11:27:44,952 INFO Client client_ycsb_a: throughput=1538.94
2026-03-27 11:27:45,318 INFO Client client_ycsb_d: throughput=1495.38
2026-03-27 11:27:45,318 INFO Dual-client combined throughput: 3034.32 ops/sec
2026-03-27 11:27:45,785 INFO Trace ycsb_a_d run 3: throughput=3034.32 ops/sec
2026-03-27 11:27:45,786 INFO Trace ycsb_a_d summary: mean=2913.31 std=288.46 min=2584.06 max=3121.55 (CV=9.9%)
2026-03-27 11:27:45,827 INFO --- Trace 6/7 (ycsb_e_a) run 1/3  [16/21 overall] ---
2026-03-27 11:27:45,827 INFO CMD: sudo sync
2026-03-27 11:27:46,028 INFO CMD: sudo sh -c echo 3 > /proc/sys/vm/drop_caches
2026-03-27 11:27:46,262 INFO Page cache dropped.
2026-03-27 11:27:49,017 INFO Starting remote client client_ycsb_e on krisub@node1: ssh -o StrictHostKeyChecking=no -o BatchMode=yes -i /users/krisub/.ssh/id_ed25519 krisub@node1 sh -lc 'exec /mydata/cache_ext/My-YCSB/build/run_net_leveldb /tmp/dual_client_ycsb_e_5l29b59c.yaml'
2026-03-27 11:27:49,265 INFO Starting remote client client_ycsb_a on krisub@node1: ssh -o StrictHostKeyChecking=no -o BatchMode=yes -i /users/krisub/.ssh/id_ed25519 krisub@node1 sh -lc 'exec /mydata/cache_ext/My-YCSB/build/run_net_leveldb /tmp/dual_client_ycsb_a_1qqz5pyv.yaml'
2026-03-27 11:29:28,259 INFO Client client_ycsb_e: throughput=76802.60
2026-03-27 11:29:28,260 INFO Client client_ycsb_a: throughput=1740.87
2026-03-27 11:29:28,260 INFO Dual-client combined throughput: 78543.47 ops/sec
2026-03-27 11:29:28,701 INFO Trace ycsb_e_a run 1: throughput=78543.47 ops/sec
2026-03-27 11:29:28,701 INFO --- Trace 6/7 (ycsb_e_a) run 2/3  [17/21 overall] ---
2026-03-27 11:29:28,701 INFO CMD: sudo sync
2026-03-27 11:29:29,004 INFO CMD: sudo sh -c echo 3 > /proc/sys/vm/drop_caches
2026-03-27 11:29:29,179 INFO Page cache dropped.
2026-03-27 11:29:31,941 INFO Starting remote client client_ycsb_e on krisub@node1: ssh -o StrictHostKeyChecking=no -o BatchMode=yes -i /users/krisub/.ssh/id_ed25519 krisub@node1 sh -lc 'exec /mydata/cache_ext/My-YCSB/build/run_net_leveldb /tmp/dual_client_ycsb_e_bn2rsm64.yaml'
2026-03-27 11:29:32,173 INFO Starting remote client client_ycsb_a on krisub@node1: ssh -o StrictHostKeyChecking=no -o BatchMode=yes -i /users/krisub/.ssh/id_ed25519 krisub@node1 sh -lc 'exec /mydata/cache_ext/My-YCSB/build/run_net_leveldb /tmp/dual_client_ycsb_a_fsdyy2nk.yaml'
2026-03-27 11:31:11,370 INFO Client client_ycsb_e: throughput=76562.83
2026-03-27 11:31:11,371 INFO Client client_ycsb_a: throughput=1866.68
2026-03-27 11:31:11,371 INFO Dual-client combined throughput: 78429.51 ops/sec
2026-03-27 11:31:11,821 INFO Trace ycsb_e_a run 2: throughput=78429.51 ops/sec
2026-03-27 11:31:11,821 INFO --- Trace 6/7 (ycsb_e_a) run 3/3  [18/21 overall] ---
2026-03-27 11:31:11,821 INFO CMD: sudo sync
2026-03-27 11:31:12,023 INFO CMD: sudo sh -c echo 3 > /proc/sys/vm/drop_caches
2026-03-27 11:31:12,240 INFO Page cache dropped.
2026-03-27 11:31:15,001 INFO Starting remote client client_ycsb_e on krisub@node1: ssh -o StrictHostKeyChecking=no -o BatchMode=yes -i /users/krisub/.ssh/id_ed25519 krisub@node1 sh -lc 'exec /mydata/cache_ext/My-YCSB/build/run_net_leveldb /tmp/dual_client_ycsb_e_kxy1unsh.yaml'
2026-03-27 11:31:15,268 INFO Starting remote client client_ycsb_a on krisub@node1: ssh -o StrictHostKeyChecking=no -o BatchMode=yes -i /users/krisub/.ssh/id_ed25519 krisub@node1 sh -lc 'exec /mydata/cache_ext/My-YCSB/build/run_net_leveldb /tmp/dual_client_ycsb_a_xxwvac6o.yaml'
2026-03-27 11:32:56,771 INFO Client client_ycsb_e: throughput=75921.39
2026-03-27 11:32:56,773 INFO Client client_ycsb_a: throughput=1870.78
2026-03-27 11:32:56,773 INFO Dual-client combined throughput: 77792.17 ops/sec
2026-03-27 11:32:57,225 INFO Trace ycsb_e_a run 3: throughput=77792.17 ops/sec
2026-03-27 11:32:57,225 INFO Trace ycsb_e_a summary: mean=78255.05 std=404.90 min=77792.17 max=78543.47 (CV=0.5%)
2026-03-27 11:32:57,267 INFO --- Trace 7/7 (ycsb_e_f) run 1/3  [19/21 overall] ---
2026-03-27 11:32:57,267 INFO CMD: sudo sync
2026-03-27 11:32:57,496 INFO CMD: sudo sh -c echo 3 > /proc/sys/vm/drop_caches
2026-03-27 11:32:57,689 INFO Page cache dropped.
2026-03-27 11:33:00,430 INFO Starting remote client client_ycsb_e on krisub@node1: ssh -o StrictHostKeyChecking=no -o BatchMode=yes -i /users/krisub/.ssh/id_ed25519 krisub@node1 sh -lc 'exec /mydata/cache_ext/My-YCSB/build/run_net_leveldb /tmp/dual_client_ycsb_e_8raoozqq.yaml'
2026-03-27 11:33:00,673 INFO Starting remote client client_ycsb_f on krisub@node1: ssh -o StrictHostKeyChecking=no -o BatchMode=yes -i /users/krisub/.ssh/id_ed25519 krisub@node1 sh -lc 'exec /mydata/cache_ext/My-YCSB/build/run_net_leveldb /tmp/dual_client_ycsb_f_j468xito.yaml'
2026-03-27 11:34:40,021 INFO Client client_ycsb_e: throughput=80020.30
2026-03-27 11:34:40,022 INFO Client client_ycsb_f: throughput=277.70
2026-03-27 11:34:40,022 INFO Dual-client combined throughput: 80298.00 ops/sec
2026-03-27 11:34:40,509 INFO Trace ycsb_e_f run 1: throughput=80298.00 ops/sec
2026-03-27 11:34:40,509 INFO --- Trace 7/7 (ycsb_e_f) run 2/3  [20/21 overall] ---
2026-03-27 11:34:40,509 INFO CMD: sudo sync
2026-03-27 11:34:40,766 INFO CMD: sudo sh -c echo 3 > /proc/sys/vm/drop_caches
2026-03-27 11:34:41,041 INFO Page cache dropped.
2026-03-27 11:34:43,813 INFO Starting remote client client_ycsb_e on krisub@node1: ssh -o StrictHostKeyChecking=no -o BatchMode=yes -i /users/krisub/.ssh/id_ed25519 krisub@node1 sh -lc 'exec /mydata/cache_ext/My-YCSB/build/run_net_leveldb /tmp/dual_client_ycsb_e_r3vf4yvf.yaml'
2026-03-27 11:34:44,064 INFO Starting remote client client_ycsb_f on krisub@node1: ssh -o StrictHostKeyChecking=no -o BatchMode=yes -i /users/krisub/.ssh/id_ed25519 krisub@node1 sh -lc 'exec /mydata/cache_ext/My-YCSB/build/run_net_leveldb /tmp/dual_client_ycsb_f_89g86c47.yaml'
2026-03-27 11:36:23,262 INFO Client client_ycsb_e: throughput=79621.86
2026-03-27 11:36:23,263 INFO Client client_ycsb_f: throughput=247.59
2026-03-27 11:36:23,263 INFO Dual-client combined throughput: 79869.45 ops/sec
2026-03-27 11:36:23,733 INFO Trace ycsb_e_f run 2: throughput=79869.45 ops/sec
2026-03-27 11:36:23,733 INFO --- Trace 7/7 (ycsb_e_f) run 3/3  [21/21 overall] ---
2026-03-27 11:36:23,733 INFO CMD: sudo sync
2026-03-27 11:36:23,970 INFO CMD: sudo sh -c echo 3 > /proc/sys/vm/drop_caches
2026-03-27 11:36:24,273 INFO Page cache dropped.
2026-03-27 11:36:27,017 INFO Starting remote client client_ycsb_e on krisub@node1: ssh -o StrictHostKeyChecking=no -o BatchMode=yes -i /users/krisub/.ssh/id_ed25519 krisub@node1 sh -lc 'exec /mydata/cache_ext/My-YCSB/build/run_net_leveldb /tmp/dual_client_ycsb_e_yygawftv.yaml'
2026-03-27 11:36:27,276 INFO Starting remote client client_ycsb_f on krisub@node1: ssh -o StrictHostKeyChecking=no -o BatchMode=yes -i /users/krisub/.ssh/id_ed25519 krisub@node1 sh -lc 'exec /mydata/cache_ext/My-YCSB/build/run_net_leveldb /tmp/dual_client_ycsb_f_ot0ce9xu.yaml'
2026-03-27 11:38:06,424 INFO Client client_ycsb_e: throughput=79862.72
2026-03-27 11:38:06,425 INFO Client client_ycsb_f: throughput=250.47
2026-03-27 11:38:06,425 INFO Dual-client combined throughput: 80113.19 ops/sec
2026-03-27 11:38:06,901 INFO Trace ycsb_e_f run 3: throughput=80113.19 ops/sec
2026-03-27 11:38:06,902 INFO Trace ycsb_e_f summary: mean=80093.55 std=214.95 min=79869.45 max=80298.00 (CV=0.3%)
2026-03-27 11:38:06,919 INFO === Evaluation complete (3 runs per trace) ===
2026-03-27 11:38:06,919 INFO Combined score (harmonic mean of means): 3401.20  (7/7 traces passed)
2026-03-27 11:38:06,919 INFO   ycsb_c_a: mean=2782.24 std=110.51 [2671.14 .. 2892.15]
2026-03-27 11:38:06,919 INFO   ycsb_c_e: mean=77996.31 std=223.92 [77767.51 .. 78215.00]
2026-03-27 11:38:06,919 INFO   ycsb_c_f: mean=1054.25 std=12.83 [1039.66 .. 1063.79]
2026-03-27 11:38:06,919 INFO   ycsb_b_a: mean=2711.54 std=103.61 [2641.43 .. 2830.55]
2026-03-27 11:38:06,919 INFO   ycsb_a_d: mean=2913.31 std=288.46 [2584.06 .. 3121.55]
2026-03-27 11:38:06,919 INFO   ycsb_e_a: mean=78255.05 std=404.90 [77792.17 .. 78543.47]
2026-03-27 11:38:06,919 INFO   ycsb_e_f: mean=80093.55 std=214.95 [79869.45 .. 80298.00]
2026-03-27 11:38:06,919 INFO Stopping net_leveldb_server (PID 658026)
2026-03-27 11:38:06,920 INFO CMD: sudo kill 658026
2026-03-27 11:38:07,078 INFO Unloading BPF policy (PID 658021)
2026-03-27 11:38:07,078 INFO CMD: sudo kill -2 658021
2026-03-27 11:38:07,410 INFO CMD: sudo rm -f /sys/fs/bpf/cache_ext/scan_pids
2026-03-27 11:38:07,501 INFO CMD: sudo sh -c echo 0x0007 > /sys/kernel/mm/lru_gen/enabled
2026-03-27 11:38:07,585 INFO MGLRU re-enabled (restored to 0x0007).
2026-03-27 11:38:07,586 INFO MGLRU watchdog stopped (PID 657999)
