2026-03-10 23:21:25,067 INFO Waiting for evaluation lock /tmp/cache_ext_file_evaluate.lock ...
2026-03-10 23:23:37,484 INFO Acquired evaluation lock.
2026-03-10 23:23:37,484 INFO === Step 0: Drop page cache ===
2026-03-10 23:23:37,484 INFO CMD: sudo sync
2026-03-10 23:23:37,641 INFO CMD: sudo sh -c echo 3 > /proc/sys/vm/drop_caches
2026-03-10 23:23:37,876 INFO Page cache dropped.
2026-03-10 23:23:37,877 INFO === Step 1: Compile evolved policy ===
2026-03-10 23:23:37,892 INFO CMD: sudo chown -R root: /mydata/cache_ext/eviction_evo/build
2026-03-10 23:23:38,257 INFO CMD: clang-14 -O2 -target bpf -D__TARGET_ARCH_x86 -c -g -Wall -idirafter /usr/lib/llvm-14/lib/clang/14.0.0/include -idirafter /usr/local/include -idirafter /usr/include/x86_64-linux-gnu -idirafter /usr/include /mydata/cache_ext/eviction_evo/build/cache_ext_evolved.bpf.c -o /mydata/cache_ext/eviction_evo/build/cache_ext_evolved.bpf.o
2026-03-10 23:23:41,127 INFO CMD: /usr/local/sbin/bpftool gen skeleton /mydata/cache_ext/eviction_evo/build/cache_ext_evolved.bpf.o name cache_ext_evolved_bpf
2026-03-10 23:23:41,313 INFO CMD: clang-14 -O2 -g -Wall -I/mydata/cache_ext/eviction_evo/build -I/mydata/cache_ext/policies /mydata/cache_ext/eviction_evo/cache_ext_evolved.c -o /mydata/cache_ext/eviction_evo/build/cache_ext_evolved.out -L/usr/local/lib64 -lbpf
2026-03-10 23:23:42,283 INFO Compilation successful: /mydata/cache_ext/eviction_evo/build/cache_ext_evolved.out
2026-03-10 23:23:42,283 INFO === Step 2: Disable MGLRU ===
2026-03-10 23:23:42,284 INFO MGLRU current state: 0x0007 — disabling
2026-03-10 23:23:42,284 INFO CMD: sudo sh -c echo 0 > /sys/kernel/mm/lru_gen/enabled
2026-03-10 23:23:42,328 INFO MGLRU disabled.
2026-03-10 23:23:42,328 INFO === Step 3: Create cgroup ===
2026-03-10 23:23:42,328 INFO CMD: sudo cgdelete memory:cache_ext_test
2026-03-10 23:23:42,357 INFO CMD: sudo cgcreate -g memory:cache_ext_test
2026-03-10 23:23:42,466 INFO CMD: sudo sh -c echo 134217728 > /sys/fs/cgroup/cache_ext_test/memory.max
2026-03-10 23:23:42,481 INFO CMD: sudo sh -c echo 268435456 > /sys/fs/cgroup/cache_ext_test/memory.swap.max
2026-03-10 23:23:42,494 INFO Created cgroup cache_ext_test with limit 134217728 bytes, swap limit 268435456 bytes
2026-03-10 23:23:42,494 INFO === Step 4: Load BPF policy ===
2026-03-10 23:23:42,494 INFO Loading policy: sudo /mydata/cache_ext/eviction_evo/build/cache_ext_evolved.out --watch_dir /mydata/file_workload_data --cgroup_path /sys/fs/cgroup/cache_ext_test
2026-03-10 23:23:52,505 INFO Policy loaded (PID 124410)
2026-03-10 23:23:52,505 INFO === Step 5: Run 2 file workload traces ===
2026-03-10 23:23:52,505 INFO --- Trace 1/2: file_priority ---
2026-03-10 23:23:52,527 INFO Starting process high_prio_reader: sudo cgexec -g memory:cache_ext_test sh -c echo $$ > "/tmp/file_workload_high_prio_reader_123546.pid" && exec "/mydata/cache_ext/eviction_evo/build/file_workload" "/tmp/file_high_prio_reader_4bcgafda.yaml"
2026-03-10 23:23:52,530 INFO Starting process low_prio_reader: sudo cgexec -g memory:cache_ext_test sh -c echo $$ > "/tmp/file_workload_low_prio_reader_123546.pid" && exec "/mydata/cache_ext/eviction_evo/build/file_workload" "/tmp/file_low_prio_reader_wvipqma7.yaml"
2026-03-10 23:23:55,534 INFO Process high_prio_reader actual PID: 124417 (wrapper PID: 124413)
2026-03-10 23:23:55,535 INFO Process low_prio_reader actual PID: 124418 (wrapper PID: 124414)
2026-03-10 23:26:04,198 INFO Process high_prio_reader: throughput=2676.72
2026-03-10 23:26:04,199 INFO Process low_prio_reader: throughput=246.85
2026-03-10 23:26:04,199 INFO File workload combined throughput: 2923.57 ops/sec
2026-03-10 23:26:04,199 INFO Trace file_priority: throughput=2923.57 ops/sec
2026-03-10 23:26:04,199 INFO --- Trace 2/2: file_niceness ---
2026-03-10 23:26:04,199 INFO CMD: sudo sync
2026-03-10 23:26:04,333 INFO CMD: sudo sh -c echo 3 > /proc/sys/vm/drop_caches
2026-03-10 23:26:04,669 INFO Page cache dropped.
2026-03-10 23:26:06,722 INFO Starting process reader_alpha: sudo cgexec -g memory:cache_ext_test sh -c echo $$ > "/tmp/file_workload_reader_alpha_123546.pid" && exec "/mydata/cache_ext/eviction_evo/build/file_workload" "/tmp/file_reader_alpha_198ess_v.yaml"
2026-03-10 23:26:06,757 INFO Starting process reader_beta: sudo cgexec -g memory:cache_ext_test sh -c echo $$ > "/tmp/file_workload_reader_beta_123546.pid" && exec "/mydata/cache_ext/eviction_evo/build/file_workload" "/tmp/file_reader_beta_nl7m72ho.yaml"
2026-03-10 23:26:09,761 INFO Process reader_alpha actual PID: 124451 (wrapper PID: 124447)
2026-03-10 23:26:09,761 INFO Process reader_beta actual PID: 124452 (wrapper PID: 124448)
2026-03-10 23:26:09,762 INFO CMD: sudo renice -15 -p 124451
2026-03-10 23:26:10,542 INFO CMD: sudo renice 15 -p 124452
2026-03-10 23:26:11,562 INFO CMD: sudo renice -15 -p 124451
2026-03-10 23:26:11,581 INFO CMD: sudo renice 15 -p 124452
2026-03-10 23:26:12,599 INFO CMD: sudo renice -15 -p 124451
2026-03-10 23:26:12,619 INFO CMD: sudo renice 15 -p 124452
2026-03-10 23:26:13,636 INFO CMD: sudo renice -15 -p 124451
2026-03-10 23:26:13,656 INFO CMD: sudo renice 15 -p 124452
2026-03-10 23:26:14,673 INFO CMD: sudo renice -15 -p 124451
2026-03-10 23:26:14,693 INFO CMD: sudo renice 15 -p 124452
2026-03-10 23:26:15,711 INFO CMD: sudo renice -15 -p 124451
2026-03-10 23:26:15,731 INFO CMD: sudo renice 15 -p 124452
2026-03-10 23:26:16,750 INFO CMD: sudo renice -15 -p 124451
2026-03-10 23:26:16,769 INFO CMD: sudo renice 15 -p 124452
2026-03-10 23:26:17,789 INFO CMD: sudo renice -15 -p 124451
2026-03-10 23:26:17,807 INFO CMD: sudo renice 15 -p 124452
2026-03-10 23:26:18,826 INFO CMD: sudo renice -15 -p 124451
2026-03-10 23:26:18,845 INFO CMD: sudo renice 15 -p 124452
2026-03-10 23:26:19,861 INFO CMD: sudo renice -15 -p 124451
2026-03-10 23:26:19,881 INFO CMD: sudo renice 15 -p 124452
2026-03-10 23:26:20,897 INFO CMD: sudo renice -15 -p 124451
2026-03-10 23:26:20,917 INFO CMD: sudo renice 15 -p 124452
2026-03-10 23:26:21,934 INFO CMD: sudo renice -15 -p 124451
2026-03-10 23:26:21,953 INFO CMD: sudo renice 15 -p 124452
2026-03-10 23:26:22,970 INFO CMD: sudo renice -15 -p 124451
2026-03-10 23:26:22,990 INFO CMD: sudo renice 15 -p 124452
2026-03-10 23:26:24,008 INFO CMD: sudo renice -15 -p 124451
2026-03-10 23:26:24,028 INFO CMD: sudo renice 15 -p 124452
2026-03-10 23:26:25,045 INFO CMD: sudo renice -15 -p 124451
2026-03-10 23:26:25,065 INFO CMD: sudo renice 15 -p 124452
2026-03-10 23:26:26,083 INFO CMD: sudo renice -15 -p 124451
2026-03-10 23:26:26,104 INFO CMD: sudo renice 15 -p 124452
2026-03-10 23:26:27,122 INFO CMD: sudo renice -15 -p 124451
2026-03-10 23:26:27,141 INFO CMD: sudo renice 15 -p 124452
2026-03-10 23:26:28,161 INFO CMD: sudo renice -15 -p 124451
2026-03-10 23:26:28,181 INFO CMD: sudo renice 15 -p 124452
2026-03-10 23:26:29,200 INFO CMD: sudo renice -15 -p 124451
2026-03-10 23:26:29,219 INFO CMD: sudo renice 15 -p 124452
2026-03-10 23:26:30,238 INFO CMD: sudo renice -15 -p 124451
2026-03-10 23:26:30,256 INFO CMD: sudo renice 15 -p 124452
2026-03-10 23:26:31,273 INFO CMD: sudo renice -15 -p 124451
2026-03-10 23:26:31,292 INFO CMD: sudo renice 15 -p 124452
2026-03-10 23:26:32,310 INFO CMD: sudo renice -15 -p 124451
2026-03-10 23:26:32,329 INFO CMD: sudo renice 15 -p 124452
2026-03-10 23:26:33,346 INFO CMD: sudo renice -15 -p 124451
2026-03-10 23:26:33,366 INFO CMD: sudo renice 15 -p 124452
2026-03-10 23:26:34,384 INFO CMD: sudo renice -15 -p 124451
2026-03-10 23:26:34,403 INFO CMD: sudo renice 15 -p 124452
2026-03-10 23:26:35,420 INFO CMD: sudo renice -15 -p 124451
2026-03-10 23:26:35,440 INFO CMD: sudo renice 15 -p 124452
2026-03-10 23:26:36,457 INFO CMD: sudo renice -15 -p 124451
2026-03-10 23:26:36,477 INFO CMD: sudo renice 15 -p 124452
2026-03-10 23:26:37,495 INFO CMD: sudo renice -15 -p 124451
2026-03-10 23:26:37,515 INFO CMD: sudo renice 15 -p 124452
2026-03-10 23:26:38,533 INFO CMD: sudo renice -15 -p 124451
2026-03-10 23:26:38,553 INFO CMD: sudo renice 15 -p 124452
2026-03-10 23:26:39,570 INFO CMD: sudo renice -15 -p 124451
2026-03-10 23:26:39,590 INFO CMD: sudo renice 15 -p 124452
2026-03-10 23:26:40,608 INFO CMD: sudo renice -15 -p 124451
2026-03-10 23:26:40,627 INFO CMD: sudo renice 15 -p 124452
2026-03-10 23:26:41,645 INFO CMD: sudo renice -15 -p 124451
2026-03-10 23:26:41,665 INFO CMD: sudo renice 15 -p 124452
2026-03-10 23:26:42,683 INFO CMD: sudo renice -15 -p 124451
2026-03-10 23:26:42,703 INFO CMD: sudo renice 15 -p 124452
2026-03-10 23:26:43,721 INFO CMD: sudo renice -15 -p 124451
2026-03-10 23:26:43,741 INFO CMD: sudo renice 15 -p 124452
2026-03-10 23:26:44,757 INFO CMD: sudo renice -15 -p 124451
2026-03-10 23:26:44,777 INFO CMD: sudo renice 15 -p 124452
2026-03-10 23:26:45,795 INFO CMD: sudo renice -15 -p 124451
2026-03-10 23:26:45,813 INFO CMD: sudo renice 15 -p 124452
2026-03-10 23:26:46,832 INFO CMD: sudo renice -15 -p 124451
2026-03-10 23:26:46,849 INFO CMD: sudo renice 15 -p 124452
2026-03-10 23:26:47,868 INFO CMD: sudo renice -15 -p 124451
2026-03-10 23:26:47,888 INFO CMD: sudo renice 15 -p 124452
2026-03-10 23:26:48,905 INFO CMD: sudo renice -15 -p 124451
2026-03-10 23:26:48,925 INFO CMD: sudo renice 15 -p 124452
2026-03-10 23:26:49,943 INFO CMD: sudo renice -15 -p 124451
2026-03-10 23:26:49,962 INFO CMD: sudo renice 15 -p 124452
2026-03-10 23:26:50,981 INFO CMD: sudo renice -15 -p 124451
2026-03-10 23:26:50,999 INFO CMD: sudo renice 15 -p 124452
2026-03-10 23:26:52,017 INFO CMD: sudo renice -15 -p 124451
2026-03-10 23:26:52,037 INFO CMD: sudo renice 15 -p 124452
2026-03-10 23:26:53,055 INFO CMD: sudo renice -15 -p 124451
2026-03-10 23:26:53,075 INFO CMD: sudo renice 15 -p 124452
2026-03-10 23:26:54,094 INFO CMD: sudo renice -15 -p 124451
2026-03-10 23:26:54,113 INFO CMD: sudo renice 15 -p 124452
2026-03-10 23:26:55,130 INFO CMD: sudo renice -15 -p 124451
2026-03-10 23:26:55,150 INFO CMD: sudo renice 15 -p 124452
2026-03-10 23:26:56,168 INFO CMD: sudo renice -15 -p 124451
2026-03-10 23:26:56,188 INFO CMD: sudo renice 15 -p 124452
2026-03-10 23:26:57,205 INFO CMD: sudo renice -15 -p 124451
2026-03-10 23:26:57,225 INFO CMD: sudo renice 15 -p 124452
2026-03-10 23:26:58,244 INFO CMD: sudo renice -15 -p 124451
2026-03-10 23:26:58,264 INFO CMD: sudo renice 15 -p 124452
2026-03-10 23:26:59,281 INFO CMD: sudo renice -15 -p 124451
2026-03-10 23:26:59,301 INFO CMD: sudo renice 15 -p 124452
2026-03-10 23:27:00,317 INFO CMD: sudo renice -15 -p 124451
2026-03-10 23:27:00,337 INFO CMD: sudo renice 15 -p 124452
2026-03-10 23:27:01,355 INFO CMD: sudo renice -15 -p 124451
2026-03-10 23:27:01,374 INFO CMD: sudo renice 15 -p 124452
2026-03-10 23:27:02,393 INFO CMD: sudo renice -15 -p 124451
2026-03-10 23:27:02,412 INFO CMD: sudo renice 15 -p 124452
2026-03-10 23:27:03,429 INFO CMD: sudo renice -15 -p 124451
2026-03-10 23:27:03,449 INFO CMD: sudo renice 15 -p 124452
2026-03-10 23:27:04,468 INFO CMD: sudo renice -15 -p 124451
2026-03-10 23:27:04,488 INFO CMD: sudo renice 15 -p 124452
2026-03-10 23:27:05,505 INFO CMD: sudo renice -15 -p 124451
2026-03-10 23:27:05,525 INFO CMD: sudo renice 15 -p 124452
2026-03-10 23:27:06,544 INFO CMD: sudo renice -15 -p 124451
2026-03-10 23:27:06,564 INFO CMD: sudo renice 15 -p 124452
2026-03-10 23:27:07,582 INFO CMD: sudo renice -15 -p 124451
2026-03-10 23:27:07,601 INFO CMD: sudo renice 15 -p 124452
2026-03-10 23:27:08,618 INFO CMD: sudo renice -15 -p 124451
2026-03-10 23:27:08,637 INFO CMD: sudo renice 15 -p 124452
2026-03-10 23:27:09,655 INFO CMD: sudo renice -15 -p 124451
2026-03-10 23:27:09,675 INFO CMD: sudo renice 15 -p 124452
2026-03-10 23:27:10,693 INFO CMD: sudo renice 15 -p 124451
2026-03-10 23:27:10,712 INFO CMD: sudo renice -15 -p 124452
2026-03-10 23:27:11,731 INFO CMD: sudo renice 15 -p 124451
2026-03-10 23:27:11,751 INFO CMD: sudo renice -15 -p 124452
2026-03-10 23:27:12,769 INFO CMD: sudo renice 15 -p 124451
2026-03-10 23:27:12,790 INFO CMD: sudo renice -15 -p 124452
2026-03-10 23:27:13,808 INFO CMD: sudo renice 15 -p 124451
2026-03-10 23:27:13,828 INFO CMD: sudo renice -15 -p 124452
2026-03-10 23:27:14,846 INFO CMD: sudo renice 15 -p 124451
2026-03-10 23:27:14,866 INFO CMD: sudo renice -15 -p 124452
2026-03-10 23:27:15,886 INFO CMD: sudo renice 15 -p 124451
2026-03-10 23:27:15,905 INFO CMD: sudo renice -15 -p 124452
2026-03-10 23:27:16,924 INFO CMD: sudo renice 15 -p 124451
2026-03-10 23:27:16,943 INFO CMD: sudo renice -15 -p 124452
2026-03-10 23:27:17,963 INFO CMD: sudo renice 15 -p 124451
2026-03-10 23:27:17,982 INFO CMD: sudo renice -15 -p 124452
2026-03-10 23:27:19,001 INFO CMD: sudo renice 15 -p 124451
2026-03-10 23:27:19,020 INFO CMD: sudo renice -15 -p 124452
2026-03-10 23:27:20,038 INFO CMD: sudo renice 15 -p 124451
2026-03-10 23:27:20,057 INFO CMD: sudo renice -15 -p 124452
2026-03-10 23:27:21,074 INFO CMD: sudo renice 15 -p 124451
2026-03-10 23:27:21,093 INFO CMD: sudo renice -15 -p 124452
2026-03-10 23:27:22,111 INFO CMD: sudo renice 15 -p 124451
2026-03-10 23:27:22,130 INFO CMD: sudo renice -15 -p 124452
2026-03-10 23:27:23,147 INFO CMD: sudo renice 15 -p 124451
2026-03-10 23:27:23,168 INFO CMD: sudo renice -15 -p 124452
2026-03-10 23:27:24,186 INFO CMD: sudo renice 15 -p 124451
2026-03-10 23:27:24,205 INFO CMD: sudo renice -15 -p 124452
2026-03-10 23:27:25,223 INFO CMD: sudo renice 15 -p 124451
2026-03-10 23:27:25,242 INFO CMD: sudo renice -15 -p 124452
2026-03-10 23:27:26,260 INFO CMD: sudo renice 15 -p 124451
2026-03-10 23:27:26,279 INFO CMD: sudo renice -15 -p 124452
2026-03-10 23:27:27,295 INFO CMD: sudo renice 15 -p 124451
2026-03-10 23:27:27,316 INFO CMD: sudo renice -15 -p 124452
2026-03-10 23:27:28,332 INFO CMD: sudo renice 15 -p 124451
2026-03-10 23:27:28,351 INFO CMD: sudo renice -15 -p 124452
2026-03-10 23:27:29,368 INFO CMD: sudo renice 15 -p 124451
2026-03-10 23:27:29,387 INFO CMD: sudo renice -15 -p 124452
2026-03-10 23:27:30,405 INFO CMD: sudo renice 15 -p 124451
2026-03-10 23:27:30,425 INFO CMD: sudo renice -15 -p 124452
2026-03-10 23:27:31,442 INFO CMD: sudo renice 15 -p 124451
2026-03-10 23:27:31,461 INFO CMD: sudo renice -15 -p 124452
2026-03-10 23:27:32,479 INFO CMD: sudo renice 15 -p 124451
2026-03-10 23:27:32,497 INFO CMD: sudo renice -15 -p 124452
2026-03-10 23:27:33,516 INFO CMD: sudo renice 15 -p 124451
2026-03-10 23:27:33,536 INFO CMD: sudo renice -15 -p 124452
2026-03-10 23:27:34,554 INFO CMD: sudo renice 15 -p 124451
2026-03-10 23:27:34,573 INFO CMD: sudo renice -15 -p 124452
2026-03-10 23:27:35,592 INFO CMD: sudo renice 15 -p 124451
2026-03-10 23:27:35,613 INFO CMD: sudo renice -15 -p 124452
2026-03-10 23:27:36,631 INFO CMD: sudo renice 15 -p 124451
2026-03-10 23:27:36,650 INFO CMD: sudo renice -15 -p 124452
2026-03-10 23:27:37,666 INFO CMD: sudo renice 15 -p 124451
2026-03-10 23:27:37,685 INFO CMD: sudo renice -15 -p 124452
2026-03-10 23:27:38,702 INFO CMD: sudo renice 15 -p 124451
2026-03-10 23:27:38,722 INFO CMD: sudo renice -15 -p 124452
2026-03-10 23:27:39,739 INFO CMD: sudo renice 15 -p 124451
2026-03-10 23:27:39,757 INFO CMD: sudo renice -15 -p 124452
2026-03-10 23:27:40,776 INFO CMD: sudo renice 15 -p 124451
2026-03-10 23:27:40,794 INFO CMD: sudo renice -15 -p 124452
2026-03-10 23:27:41,813 INFO CMD: sudo renice 15 -p 124451
2026-03-10 23:27:41,832 INFO CMD: sudo renice -15 -p 124452
2026-03-10 23:27:42,851 INFO CMD: sudo renice 15 -p 124451
2026-03-10 23:27:42,872 INFO CMD: sudo renice -15 -p 124452
2026-03-10 23:27:43,889 INFO CMD: sudo renice 15 -p 124451
2026-03-10 23:27:43,909 INFO CMD: sudo renice -15 -p 124452
2026-03-10 23:27:44,926 INFO CMD: sudo renice 15 -p 124451
2026-03-10 23:27:44,945 INFO CMD: sudo renice -15 -p 124452
2026-03-10 23:27:45,961 INFO CMD: sudo renice 15 -p 124451
2026-03-10 23:27:45,981 INFO CMD: sudo renice -15 -p 124452
2026-03-10 23:27:47,000 INFO CMD: sudo renice 15 -p 124451
2026-03-10 23:27:47,020 INFO CMD: sudo renice -15 -p 124452
2026-03-10 23:27:48,037 INFO CMD: sudo renice 15 -p 124451
2026-03-10 23:27:48,057 INFO CMD: sudo renice -15 -p 124452
2026-03-10 23:27:49,074 INFO CMD: sudo renice 15 -p 124451
2026-03-10 23:27:49,095 INFO CMD: sudo renice -15 -p 124452
2026-03-10 23:27:50,113 INFO CMD: sudo renice 15 -p 124451
2026-03-10 23:27:50,131 INFO CMD: sudo renice -15 -p 124452
2026-03-10 23:27:51,150 INFO CMD: sudo renice 15 -p 124451
2026-03-10 23:27:51,170 INFO CMD: sudo renice -15 -p 124452
2026-03-10 23:27:52,189 INFO CMD: sudo renice 15 -p 124451
2026-03-10 23:27:52,208 INFO CMD: sudo renice -15 -p 124452
2026-03-10 23:27:53,227 INFO CMD: sudo renice 15 -p 124451
2026-03-10 23:27:53,246 INFO CMD: sudo renice -15 -p 124452
2026-03-10 23:27:54,264 INFO CMD: sudo renice 15 -p 124451
2026-03-10 23:27:54,283 INFO CMD: sudo renice -15 -p 124452
2026-03-10 23:27:55,300 INFO CMD: sudo renice 15 -p 124451
2026-03-10 23:27:55,319 INFO CMD: sudo renice -15 -p 124452
2026-03-10 23:27:56,337 INFO CMD: sudo renice 15 -p 124451
2026-03-10 23:27:56,357 INFO CMD: sudo renice -15 -p 124452
2026-03-10 23:27:57,374 INFO CMD: sudo renice 15 -p 124451
2026-03-10 23:27:57,394 INFO CMD: sudo renice -15 -p 124452
2026-03-10 23:27:58,413 INFO CMD: sudo renice 15 -p 124451
2026-03-10 23:27:58,434 INFO CMD: sudo renice -15 -p 124452
2026-03-10 23:27:59,451 INFO CMD: sudo renice 15 -p 124451
2026-03-10 23:27:59,472 INFO CMD: sudo renice -15 -p 124452
2026-03-10 23:28:00,491 INFO CMD: sudo renice 15 -p 124451
2026-03-10 23:28:00,510 INFO CMD: sudo renice -15 -p 124452
2026-03-10 23:28:01,529 INFO CMD: sudo renice 15 -p 124451
2026-03-10 23:28:01,548 INFO CMD: sudo renice -15 -p 124452
2026-03-10 23:28:02,566 INFO CMD: sudo renice 15 -p 124451
2026-03-10 23:28:02,585 INFO CMD: sudo renice -15 -p 124452
2026-03-10 23:28:03,603 INFO CMD: sudo renice 15 -p 124451
2026-03-10 23:28:03,623 INFO CMD: sudo renice -15 -p 124452
2026-03-10 23:28:04,641 INFO CMD: sudo renice 15 -p 124451
2026-03-10 23:28:04,661 INFO CMD: sudo renice -15 -p 124452
2026-03-10 23:28:05,678 INFO CMD: sudo renice 15 -p 124451
2026-03-10 23:28:05,697 INFO CMD: sudo renice -15 -p 124452
2026-03-10 23:28:06,715 INFO CMD: sudo renice 15 -p 124451
2026-03-10 23:28:06,734 INFO CMD: sudo renice -15 -p 124452
2026-03-10 23:28:07,753 INFO CMD: sudo renice 15 -p 124451
2026-03-10 23:28:07,773 INFO CMD: sudo renice -15 -p 124452
2026-03-10 23:28:08,793 INFO CMD: sudo renice 15 -p 124451
2026-03-10 23:28:08,811 INFO CMD: sudo renice -15 -p 124452
2026-03-10 23:28:09,829 INFO CMD: sudo renice 15 -p 124451
2026-03-10 23:28:09,848 INFO CMD: sudo renice -15 -p 124452
2026-03-10 23:28:10,866 INFO CMD: sudo renice 15 -p 124451
2026-03-10 23:28:10,886 INFO CMD: sudo renice -15 -p 124452
2026-03-10 23:28:11,903 INFO CMD: sudo renice 15 -p 124451
2026-03-10 23:28:11,923 INFO CMD: sudo renice -15 -p 124452
2026-03-10 23:28:12,941 INFO CMD: sudo renice 15 -p 124451
2026-03-10 23:28:12,959 INFO CMD: sudo renice -15 -p 124452
2026-03-10 23:28:13,977 INFO CMD: sudo renice 15 -p 124451
2026-03-10 23:28:13,997 INFO CMD: sudo renice -15 -p 124452
2026-03-10 23:28:15,014 INFO CMD: sudo renice 15 -p 124451
2026-03-10 23:28:15,034 INFO CMD: sudo renice -15 -p 124452
2026-03-10 23:28:16,052 INFO CMD: sudo renice 15 -p 124451
2026-03-10 23:28:16,071 INFO CMD: sudo renice -15 -p 124452
2026-03-10 23:28:17,089 INFO CMD: sudo renice 15 -p 124451
2026-03-10 23:28:17,107 INFO CMD: sudo renice -15 -p 124452
2026-03-10 23:28:18,124 INFO Process reader_alpha: throughput=1899.04
2026-03-10 23:28:18,125 INFO Process reader_beta: throughput=252.32
2026-03-10 23:28:18,125 INFO File workload combined throughput: 2151.36 ops/sec
2026-03-10 23:28:18,133 INFO Trace file_niceness: throughput=2151.36 ops/sec
2026-03-10 23:28:18,147 INFO === Evaluation complete ===
2026-03-10 23:28:18,147 INFO Combined score (harmonic mean): 2478.71  (2/2 traces passed)
2026-03-10 23:28:18,148 INFO   file_priority: 2923.57 ops/sec
2026-03-10 23:28:18,148 INFO   file_niceness: 2151.36 ops/sec
2026-03-10 23:28:18,148 INFO Unloading BPF policy (PID 124410)
2026-03-10 23:28:18,148 INFO CMD: sudo kill -2 124410
2026-03-10 23:28:18,491 INFO CMD: sudo rm -f /sys/fs/bpf/cache_ext/scan_pids
2026-03-10 23:28:18,518 INFO CMD: sudo cgdelete memory:cache_ext_test
2026-03-10 23:28:18,545 INFO CMD: sudo sh -c echo 0x0007 > /sys/kernel/mm/lru_gen/enabled
2026-03-10 23:28:18,589 INFO MGLRU re-enabled (restored to 0x0007).
