2026-03-10 23:33:51,044 INFO Waiting for evaluation lock /tmp/cache_ext_file_evaluate.lock ...
2026-03-10 23:33:51,044 INFO Acquired evaluation lock.
2026-03-10 23:33:51,044 INFO === Step 0: Drop page cache ===
2026-03-10 23:33:51,044 INFO CMD: sudo sync
2026-03-10 23:33:51,148 INFO CMD: sudo sh -c echo 3 > /proc/sys/vm/drop_caches
2026-03-10 23:33:51,256 INFO Page cache dropped.
2026-03-10 23:33:51,256 INFO === Step 1: Compile evolved policy ===
2026-03-10 23:33:51,266 INFO CMD: sudo chown -R root: /mydata/cache_ext/eviction_evo/build
2026-03-10 23:33:51,615 INFO CMD: clang-14 -O2 -target bpf -D__TARGET_ARCH_x86 -c -g -Wall -idirafter /usr/lib/llvm-14/lib/clang/14.0.0/include -idirafter /usr/local/include -idirafter /usr/include/x86_64-linux-gnu -idirafter /usr/include /mydata/cache_ext/eviction_evo/build/cache_ext_evolved.bpf.c -o /mydata/cache_ext/eviction_evo/build/cache_ext_evolved.bpf.o
2026-03-10 23:33:54,443 INFO CMD: /usr/local/sbin/bpftool gen skeleton /mydata/cache_ext/eviction_evo/build/cache_ext_evolved.bpf.o name cache_ext_evolved_bpf
2026-03-10 23:33:54,630 INFO CMD: clang-14 -O2 -g -Wall -I/mydata/cache_ext/eviction_evo/build -I/mydata/cache_ext/policies /mydata/cache_ext/eviction_evo/cache_ext_evolved.c -o /mydata/cache_ext/eviction_evo/build/cache_ext_evolved.out -L/usr/local/lib64 -lbpf
2026-03-10 23:33:55,540 INFO Compilation successful: /mydata/cache_ext/eviction_evo/build/cache_ext_evolved.out
2026-03-10 23:33:55,541 INFO === Step 2: Disable MGLRU ===
2026-03-10 23:33:55,541 INFO MGLRU current state: 0x0007 — disabling
2026-03-10 23:33:55,541 INFO CMD: sudo sh -c echo 0 > /sys/kernel/mm/lru_gen/enabled
2026-03-10 23:33:55,585 INFO MGLRU disabled.
2026-03-10 23:33:55,585 INFO === Step 3: Create cgroup ===
2026-03-10 23:33:55,585 INFO CMD: sudo cgdelete memory:cache_ext_test
2026-03-10 23:33:55,615 INFO CMD: sudo cgcreate -g memory:cache_ext_test
2026-03-10 23:33:55,725 INFO CMD: sudo sh -c echo 134217728 > /sys/fs/cgroup/cache_ext_test/memory.max
2026-03-10 23:33:55,739 INFO CMD: sudo sh -c echo 268435456 > /sys/fs/cgroup/cache_ext_test/memory.swap.max
2026-03-10 23:33:55,752 INFO Created cgroup cache_ext_test with limit 134217728 bytes, swap limit 268435456 bytes
2026-03-10 23:33:55,752 INFO === Step 4: Load BPF policy ===
2026-03-10 23:33:55,752 INFO Loading policy: sudo /mydata/cache_ext/eviction_evo/build/cache_ext_evolved.out --watch_dir /mydata/file_workload_data --cgroup_path /sys/fs/cgroup/cache_ext_test
2026-03-10 23:34:05,763 INFO Policy loaded (PID 126138)
2026-03-10 23:34:05,763 INFO === Step 5: Run 2 file workload traces ===
2026-03-10 23:34:05,763 INFO --- Trace 1/2: file_priority ---
2026-03-10 23:34:05,793 INFO Starting process high_prio_reader: sudo cgexec -g memory:cache_ext_test sh -c echo $$ > "/tmp/file_workload_high_prio_reader_126097.pid" && exec "/mydata/cache_ext/eviction_evo/build/file_workload" "/tmp/file_high_prio_reader_r009_zv0.yaml"
2026-03-10 23:34:05,796 INFO Starting process low_prio_reader: sudo cgexec -g memory:cache_ext_test sh -c echo $$ > "/tmp/file_workload_low_prio_reader_126097.pid" && exec "/mydata/cache_ext/eviction_evo/build/file_workload" "/tmp/file_low_prio_reader_4f2itau4.yaml"
2026-03-10 23:34:08,801 INFO Process high_prio_reader actual PID: 126154 (wrapper PID: 126150)
2026-03-10 23:34:08,801 INFO Process low_prio_reader actual PID: 126155 (wrapper PID: 126151)
2026-03-10 23:36:17,338 INFO Process high_prio_reader: throughput=2709.77
2026-03-10 23:36:17,338 INFO Process low_prio_reader: throughput=201.43
2026-03-10 23:36:17,339 INFO File workload combined throughput: 2911.20 ops/sec
2026-03-10 23:36:17,339 INFO Trace file_priority: throughput=2911.20 ops/sec
2026-03-10 23:36:17,339 INFO --- Trace 2/2: file_niceness ---
2026-03-10 23:36:17,339 INFO CMD: sudo sync
2026-03-10 23:36:17,462 INFO CMD: sudo sh -c echo 3 > /proc/sys/vm/drop_caches
2026-03-10 23:36:17,722 INFO Page cache dropped.
2026-03-10 23:36:19,769 INFO Starting process reader_alpha: sudo cgexec -g memory:cache_ext_test sh -c echo $$ > "/tmp/file_workload_reader_alpha_126097.pid" && exec "/mydata/cache_ext/eviction_evo/build/file_workload" "/tmp/file_reader_alpha_f04nqe1g.yaml"
2026-03-10 23:36:19,816 INFO Starting process reader_beta: sudo cgexec -g memory:cache_ext_test sh -c echo $$ > "/tmp/file_workload_reader_beta_126097.pid" && exec "/mydata/cache_ext/eviction_evo/build/file_workload" "/tmp/file_reader_beta_pw4b_vqq.yaml"
2026-03-10 23:36:22,820 INFO Process reader_alpha actual PID: 126184 (wrapper PID: 126179)
2026-03-10 23:36:22,821 INFO Process reader_beta actual PID: 126183 (wrapper PID: 126180)
2026-03-10 23:36:22,821 INFO CMD: sudo renice -15 -p 126184
2026-03-10 23:36:22,949 INFO CMD: sudo renice 15 -p 126183
2026-03-10 23:36:23,968 INFO CMD: sudo renice -15 -p 126184
2026-03-10 23:36:23,987 INFO CMD: sudo renice 15 -p 126183
2026-03-10 23:36:25,005 INFO CMD: sudo renice -15 -p 126184
2026-03-10 23:36:25,024 INFO CMD: sudo renice 15 -p 126183
2026-03-10 23:36:26,041 INFO CMD: sudo renice -15 -p 126184
2026-03-10 23:36:26,060 INFO CMD: sudo renice 15 -p 126183
2026-03-10 23:36:27,076 INFO CMD: sudo renice -15 -p 126184
2026-03-10 23:36:27,094 INFO CMD: sudo renice 15 -p 126183
2026-03-10 23:36:28,112 INFO CMD: sudo renice -15 -p 126184
2026-03-10 23:36:28,131 INFO CMD: sudo renice 15 -p 126183
2026-03-10 23:36:29,149 INFO CMD: sudo renice -15 -p 126184
2026-03-10 23:36:29,166 INFO CMD: sudo renice 15 -p 126183
2026-03-10 23:36:30,184 INFO CMD: sudo renice -15 -p 126184
2026-03-10 23:36:30,203 INFO CMD: sudo renice 15 -p 126183
2026-03-10 23:36:31,221 INFO CMD: sudo renice -15 -p 126184
2026-03-10 23:36:31,239 INFO CMD: sudo renice 15 -p 126183
2026-03-10 23:36:32,256 INFO CMD: sudo renice -15 -p 126184
2026-03-10 23:36:32,274 INFO CMD: sudo renice 15 -p 126183
2026-03-10 23:36:33,291 INFO CMD: sudo renice -15 -p 126184
2026-03-10 23:36:33,309 INFO CMD: sudo renice 15 -p 126183
2026-03-10 23:36:34,325 INFO CMD: sudo renice -15 -p 126184
2026-03-10 23:36:34,344 INFO CMD: sudo renice 15 -p 126183
2026-03-10 23:36:35,363 INFO CMD: sudo renice -15 -p 126184
2026-03-10 23:36:35,380 INFO CMD: sudo renice 15 -p 126183
2026-03-10 23:36:36,397 INFO CMD: sudo renice -15 -p 126184
2026-03-10 23:36:36,416 INFO CMD: sudo renice 15 -p 126183
2026-03-10 23:36:37,433 INFO CMD: sudo renice -15 -p 126184
2026-03-10 23:36:37,451 INFO CMD: sudo renice 15 -p 126183
2026-03-10 23:36:38,469 INFO CMD: sudo renice -15 -p 126184
2026-03-10 23:36:38,489 INFO CMD: sudo renice 15 -p 126183
2026-03-10 23:36:39,506 INFO CMD: sudo renice -15 -p 126184
2026-03-10 23:36:39,526 INFO CMD: sudo renice 15 -p 126183
2026-03-10 23:36:40,545 INFO CMD: sudo renice -15 -p 126184
2026-03-10 23:36:40,564 INFO CMD: sudo renice 15 -p 126183
2026-03-10 23:36:41,582 INFO CMD: sudo renice -15 -p 126184
2026-03-10 23:36:41,600 INFO CMD: sudo renice 15 -p 126183
2026-03-10 23:36:42,616 INFO CMD: sudo renice -15 -p 126184
2026-03-10 23:36:42,634 INFO CMD: sudo renice 15 -p 126183
2026-03-10 23:36:43,651 INFO CMD: sudo renice -15 -p 126184
2026-03-10 23:36:43,668 INFO CMD: sudo renice 15 -p 126183
2026-03-10 23:36:44,684 INFO CMD: sudo renice -15 -p 126184
2026-03-10 23:36:44,702 INFO CMD: sudo renice 15 -p 126183
2026-03-10 23:36:45,720 INFO CMD: sudo renice -15 -p 126184
2026-03-10 23:36:45,739 INFO CMD: sudo renice 15 -p 126183
2026-03-10 23:36:46,758 INFO CMD: sudo renice -15 -p 126184
2026-03-10 23:36:46,777 INFO CMD: sudo renice 15 -p 126183
2026-03-10 23:36:47,796 INFO CMD: sudo renice -15 -p 126184
2026-03-10 23:36:47,814 INFO CMD: sudo renice 15 -p 126183
2026-03-10 23:36:48,833 INFO CMD: sudo renice -15 -p 126184
2026-03-10 23:36:48,851 INFO CMD: sudo renice 15 -p 126183
2026-03-10 23:36:49,868 INFO CMD: sudo renice -15 -p 126184
2026-03-10 23:36:49,887 INFO CMD: sudo renice 15 -p 126183
2026-03-10 23:36:50,905 INFO CMD: sudo renice -15 -p 126184
2026-03-10 23:36:50,923 INFO CMD: sudo renice 15 -p 126183
2026-03-10 23:36:51,941 INFO CMD: sudo renice -15 -p 126184
2026-03-10 23:36:51,960 INFO CMD: sudo renice 15 -p 126183
2026-03-10 23:36:52,977 INFO CMD: sudo renice -15 -p 126184
2026-03-10 23:36:52,996 INFO CMD: sudo renice 15 -p 126183
2026-03-10 23:36:54,014 INFO CMD: sudo renice -15 -p 126184
2026-03-10 23:36:54,033 INFO CMD: sudo renice 15 -p 126183
2026-03-10 23:36:55,050 INFO CMD: sudo renice -15 -p 126184
2026-03-10 23:36:55,070 INFO CMD: sudo renice 15 -p 126183
2026-03-10 23:36:56,088 INFO CMD: sudo renice -15 -p 126184
2026-03-10 23:36:56,107 INFO CMD: sudo renice 15 -p 126183
2026-03-10 23:36:57,124 INFO CMD: sudo renice -15 -p 126184
2026-03-10 23:36:57,143 INFO CMD: sudo renice 15 -p 126183
2026-03-10 23:36:58,161 INFO CMD: sudo renice -15 -p 126184
2026-03-10 23:36:58,180 INFO CMD: sudo renice 15 -p 126183
2026-03-10 23:36:59,196 INFO CMD: sudo renice -15 -p 126184
2026-03-10 23:36:59,214 INFO CMD: sudo renice 15 -p 126183
2026-03-10 23:37:00,232 INFO CMD: sudo renice -15 -p 126184
2026-03-10 23:37:00,249 INFO CMD: sudo renice 15 -p 126183
2026-03-10 23:37:01,265 INFO CMD: sudo renice -15 -p 126184
2026-03-10 23:37:01,284 INFO CMD: sudo renice 15 -p 126183
2026-03-10 23:37:02,303 INFO CMD: sudo renice -15 -p 126184
2026-03-10 23:37:02,323 INFO CMD: sudo renice 15 -p 126183
2026-03-10 23:37:03,341 INFO CMD: sudo renice -15 -p 126184
2026-03-10 23:37:03,360 INFO CMD: sudo renice 15 -p 126183
2026-03-10 23:37:04,377 INFO CMD: sudo renice -15 -p 126184
2026-03-10 23:37:04,395 INFO CMD: sudo renice 15 -p 126183
2026-03-10 23:37:05,413 INFO CMD: sudo renice -15 -p 126184
2026-03-10 23:37:05,430 INFO CMD: sudo renice 15 -p 126183
2026-03-10 23:37:06,450 INFO CMD: sudo renice -15 -p 126184
2026-03-10 23:37:06,470 INFO CMD: sudo renice 15 -p 126183
2026-03-10 23:37:07,488 INFO CMD: sudo renice -15 -p 126184
2026-03-10 23:37:07,506 INFO CMD: sudo renice 15 -p 126183
2026-03-10 23:37:08,526 INFO CMD: sudo renice -15 -p 126184
2026-03-10 23:37:08,544 INFO CMD: sudo renice 15 -p 126183
2026-03-10 23:37:09,562 INFO CMD: sudo renice -15 -p 126184
2026-03-10 23:37:09,581 INFO CMD: sudo renice 15 -p 126183
2026-03-10 23:37:10,599 INFO CMD: sudo renice -15 -p 126184
2026-03-10 23:37:10,619 INFO CMD: sudo renice 15 -p 126183
2026-03-10 23:37:11,637 INFO CMD: sudo renice -15 -p 126184
2026-03-10 23:37:11,656 INFO CMD: sudo renice 15 -p 126183
2026-03-10 23:37:12,673 INFO CMD: sudo renice -15 -p 126184
2026-03-10 23:37:12,692 INFO CMD: sudo renice 15 -p 126183
2026-03-10 23:37:13,709 INFO CMD: sudo renice -15 -p 126184
2026-03-10 23:37:13,727 INFO CMD: sudo renice 15 -p 126183
2026-03-10 23:37:14,744 INFO CMD: sudo renice -15 -p 126184
2026-03-10 23:37:14,762 INFO CMD: sudo renice 15 -p 126183
2026-03-10 23:37:15,778 INFO CMD: sudo renice -15 -p 126184
2026-03-10 23:37:15,797 INFO CMD: sudo renice 15 -p 126183
2026-03-10 23:37:16,815 INFO CMD: sudo renice -15 -p 126184
2026-03-10 23:37:16,833 INFO CMD: sudo renice 15 -p 126183
2026-03-10 23:37:17,849 INFO CMD: sudo renice -15 -p 126184
2026-03-10 23:37:17,868 INFO CMD: sudo renice 15 -p 126183
2026-03-10 23:37:18,885 INFO CMD: sudo renice -15 -p 126184
2026-03-10 23:37:18,902 INFO CMD: sudo renice 15 -p 126183
2026-03-10 23:37:19,918 INFO CMD: sudo renice -15 -p 126184
2026-03-10 23:37:19,937 INFO CMD: sudo renice 15 -p 126183
2026-03-10 23:37:20,955 INFO CMD: sudo renice -15 -p 126184
2026-03-10 23:37:20,973 INFO CMD: sudo renice 15 -p 126183
2026-03-10 23:37:21,989 INFO CMD: sudo renice -15 -p 126184
2026-03-10 23:37:22,007 INFO CMD: sudo renice 15 -p 126183
2026-03-10 23:37:23,025 INFO CMD: sudo renice 15 -p 126184
2026-03-10 23:37:23,044 INFO CMD: sudo renice -15 -p 126183
2026-03-10 23:37:24,061 INFO CMD: sudo renice 15 -p 126184
2026-03-10 23:37:24,081 INFO CMD: sudo renice -15 -p 126183
2026-03-10 23:37:25,098 INFO CMD: sudo renice 15 -p 126184
2026-03-10 23:37:25,116 INFO CMD: sudo renice -15 -p 126183
2026-03-10 23:37:26,133 INFO CMD: sudo renice 15 -p 126184
2026-03-10 23:37:26,151 INFO CMD: sudo renice -15 -p 126183
2026-03-10 23:37:27,169 INFO CMD: sudo renice 15 -p 126184
2026-03-10 23:37:27,186 INFO CMD: sudo renice -15 -p 126183
2026-03-10 23:37:28,205 INFO CMD: sudo renice 15 -p 126184
2026-03-10 23:37:28,223 INFO CMD: sudo renice -15 -p 126183
2026-03-10 23:37:29,240 INFO CMD: sudo renice 15 -p 126184
2026-03-10 23:37:29,259 INFO CMD: sudo renice -15 -p 126183
2026-03-10 23:37:30,276 INFO CMD: sudo renice 15 -p 126184
2026-03-10 23:37:30,295 INFO CMD: sudo renice -15 -p 126183
2026-03-10 23:37:31,312 INFO CMD: sudo renice 15 -p 126184
2026-03-10 23:37:31,330 INFO CMD: sudo renice -15 -p 126183
2026-03-10 23:37:32,346 INFO CMD: sudo renice 15 -p 126184
2026-03-10 23:37:32,364 INFO CMD: sudo renice -15 -p 126183
2026-03-10 23:37:33,380 INFO CMD: sudo renice 15 -p 126184
2026-03-10 23:37:33,398 INFO CMD: sudo renice -15 -p 126183
2026-03-10 23:37:34,416 INFO CMD: sudo renice 15 -p 126184
2026-03-10 23:37:34,436 INFO CMD: sudo renice -15 -p 126183
2026-03-10 23:37:35,453 INFO CMD: sudo renice 15 -p 126184
2026-03-10 23:37:35,473 INFO CMD: sudo renice -15 -p 126183
2026-03-10 23:37:36,489 INFO CMD: sudo renice 15 -p 126184
2026-03-10 23:37:36,508 INFO CMD: sudo renice -15 -p 126183
2026-03-10 23:37:37,526 INFO CMD: sudo renice 15 -p 126184
2026-03-10 23:37:37,544 INFO CMD: sudo renice -15 -p 126183
2026-03-10 23:37:38,562 INFO CMD: sudo renice 15 -p 126184
2026-03-10 23:37:38,581 INFO CMD: sudo renice -15 -p 126183
2026-03-10 23:37:39,598 INFO CMD: sudo renice 15 -p 126184
2026-03-10 23:37:39,618 INFO CMD: sudo renice -15 -p 126183
2026-03-10 23:37:40,635 INFO CMD: sudo renice 15 -p 126184
2026-03-10 23:37:40,654 INFO CMD: sudo renice -15 -p 126183
2026-03-10 23:37:41,673 INFO CMD: sudo renice 15 -p 126184
2026-03-10 23:37:41,691 INFO CMD: sudo renice -15 -p 126183
2026-03-10 23:37:42,709 INFO CMD: sudo renice 15 -p 126184
2026-03-10 23:37:42,729 INFO CMD: sudo renice -15 -p 126183
2026-03-10 23:37:43,747 INFO CMD: sudo renice 15 -p 126184
2026-03-10 23:37:43,766 INFO CMD: sudo renice -15 -p 126183
2026-03-10 23:37:44,785 INFO CMD: sudo renice 15 -p 126184
2026-03-10 23:37:44,804 INFO CMD: sudo renice -15 -p 126183
2026-03-10 23:37:45,822 INFO CMD: sudo renice 15 -p 126184
2026-03-10 23:37:45,841 INFO CMD: sudo renice -15 -p 126183
2026-03-10 23:37:46,858 INFO CMD: sudo renice 15 -p 126184
2026-03-10 23:37:46,877 INFO CMD: sudo renice -15 -p 126183
2026-03-10 23:37:47,893 INFO CMD: sudo renice 15 -p 126184
2026-03-10 23:37:47,913 INFO CMD: sudo renice -15 -p 126183
2026-03-10 23:37:48,929 INFO CMD: sudo renice 15 -p 126184
2026-03-10 23:37:48,948 INFO CMD: sudo renice -15 -p 126183
2026-03-10 23:37:49,964 INFO CMD: sudo renice 15 -p 126184
2026-03-10 23:37:49,982 INFO CMD: sudo renice -15 -p 126183
2026-03-10 23:37:50,998 INFO CMD: sudo renice 15 -p 126184
2026-03-10 23:37:51,016 INFO CMD: sudo renice -15 -p 126183
2026-03-10 23:37:52,034 INFO CMD: sudo renice 15 -p 126184
2026-03-10 23:37:52,053 INFO CMD: sudo renice -15 -p 126183
2026-03-10 23:37:53,071 INFO CMD: sudo renice 15 -p 126184
2026-03-10 23:37:53,091 INFO CMD: sudo renice -15 -p 126183
2026-03-10 23:37:54,109 INFO CMD: sudo renice 15 -p 126184
2026-03-10 23:37:54,127 INFO CMD: sudo renice -15 -p 126183
2026-03-10 23:37:55,145 INFO CMD: sudo renice 15 -p 126184
2026-03-10 23:37:55,165 INFO CMD: sudo renice -15 -p 126183
2026-03-10 23:37:56,181 INFO CMD: sudo renice 15 -p 126184
2026-03-10 23:37:56,200 INFO CMD: sudo renice -15 -p 126183
2026-03-10 23:37:57,217 INFO CMD: sudo renice 15 -p 126184
2026-03-10 23:37:57,234 INFO CMD: sudo renice -15 -p 126183
2026-03-10 23:37:58,251 INFO CMD: sudo renice 15 -p 126184
2026-03-10 23:37:58,269 INFO CMD: sudo renice -15 -p 126183
2026-03-10 23:37:59,287 INFO CMD: sudo renice 15 -p 126184
2026-03-10 23:37:59,306 INFO CMD: sudo renice -15 -p 126183
2026-03-10 23:38:00,325 INFO CMD: sudo renice 15 -p 126184
2026-03-10 23:38:00,343 INFO CMD: sudo renice -15 -p 126183
2026-03-10 23:38:01,361 INFO CMD: sudo renice 15 -p 126184
2026-03-10 23:38:01,381 INFO CMD: sudo renice -15 -p 126183
2026-03-10 23:38:02,398 INFO CMD: sudo renice 15 -p 126184
2026-03-10 23:38:02,416 INFO CMD: sudo renice -15 -p 126183
2026-03-10 23:38:03,433 INFO CMD: sudo renice 15 -p 126184
2026-03-10 23:38:03,453 INFO CMD: sudo renice -15 -p 126183
2026-03-10 23:38:04,469 INFO CMD: sudo renice 15 -p 126184
2026-03-10 23:38:04,488 INFO CMD: sudo renice -15 -p 126183
2026-03-10 23:38:05,506 INFO CMD: sudo renice 15 -p 126184
2026-03-10 23:38:05,524 INFO CMD: sudo renice -15 -p 126183
2026-03-10 23:38:06,540 INFO CMD: sudo renice 15 -p 126184
2026-03-10 23:38:06,558 INFO CMD: sudo renice -15 -p 126183
2026-03-10 23:38:07,576 INFO CMD: sudo renice 15 -p 126184
2026-03-10 23:38:07,596 INFO CMD: sudo renice -15 -p 126183
2026-03-10 23:38:08,613 INFO CMD: sudo renice 15 -p 126184
2026-03-10 23:38:08,632 INFO CMD: sudo renice -15 -p 126183
2026-03-10 23:38:09,648 INFO CMD: sudo renice 15 -p 126184
2026-03-10 23:38:09,667 INFO CMD: sudo renice -15 -p 126183
2026-03-10 23:38:10,684 INFO CMD: sudo renice 15 -p 126184
2026-03-10 23:38:10,702 INFO CMD: sudo renice -15 -p 126183
2026-03-10 23:38:11,720 INFO CMD: sudo renice 15 -p 126184
2026-03-10 23:38:11,738 INFO CMD: sudo renice -15 -p 126183
2026-03-10 23:38:12,756 INFO CMD: sudo renice 15 -p 126184
2026-03-10 23:38:12,775 INFO CMD: sudo renice -15 -p 126183
2026-03-10 23:38:13,792 INFO CMD: sudo renice 15 -p 126184
2026-03-10 23:38:13,811 INFO CMD: sudo renice -15 -p 126183
2026-03-10 23:38:14,829 INFO CMD: sudo renice 15 -p 126184
2026-03-10 23:38:14,847 INFO CMD: sudo renice -15 -p 126183
2026-03-10 23:38:15,865 INFO CMD: sudo renice 15 -p 126184
2026-03-10 23:38:15,882 INFO CMD: sudo renice -15 -p 126183
2026-03-10 23:38:16,900 INFO CMD: sudo renice 15 -p 126184
2026-03-10 23:38:16,919 INFO CMD: sudo renice -15 -p 126183
2026-03-10 23:38:17,937 INFO CMD: sudo renice 15 -p 126184
2026-03-10 23:38:17,955 INFO CMD: sudo renice -15 -p 126183
2026-03-10 23:38:18,973 INFO CMD: sudo renice 15 -p 126184
2026-03-10 23:38:18,992 INFO CMD: sudo renice -15 -p 126183
2026-03-10 23:38:20,010 INFO CMD: sudo renice 15 -p 126184
2026-03-10 23:38:20,027 INFO CMD: sudo renice -15 -p 126183
2026-03-10 23:38:21,045 INFO CMD: sudo renice 15 -p 126184
2026-03-10 23:38:21,063 INFO CMD: sudo renice -15 -p 126183
2026-03-10 23:38:22,080 INFO CMD: sudo renice 15 -p 126184
2026-03-10 23:38:22,098 INFO CMD: sudo renice -15 -p 126183
2026-03-10 23:38:23,116 INFO CMD: sudo renice 15 -p 126184
2026-03-10 23:38:23,134 INFO CMD: sudo renice -15 -p 126183
2026-03-10 23:38:24,153 INFO CMD: sudo renice 15 -p 126184
2026-03-10 23:38:24,170 INFO CMD: sudo renice -15 -p 126183
2026-03-10 23:38:25,187 INFO CMD: sudo renice 15 -p 126184
2026-03-10 23:38:25,205 INFO CMD: sudo renice -15 -p 126183
2026-03-10 23:38:26,221 INFO CMD: sudo renice 15 -p 126184
2026-03-10 23:38:26,239 INFO CMD: sudo renice -15 -p 126183
2026-03-10 23:38:27,256 INFO CMD: sudo renice 15 -p 126184
2026-03-10 23:38:27,274 INFO CMD: sudo renice -15 -p 126183
2026-03-10 23:38:28,293 INFO CMD: sudo renice 15 -p 126184
2026-03-10 23:38:28,311 INFO CMD: sudo renice -15 -p 126183
2026-03-10 23:38:29,329 INFO CMD: sudo renice 15 -p 126184
2026-03-10 23:38:29,347 INFO CMD: sudo renice -15 -p 126183
2026-03-10 23:38:30,364 INFO CMD: sudo renice 15 -p 126184
2026-03-10 23:38:31,385 INFO Process reader_alpha: throughput=2189.50
2026-03-10 23:38:31,385 INFO Process reader_beta: throughput=228.66
2026-03-10 23:38:31,385 INFO File workload combined throughput: 2418.16 ops/sec
2026-03-10 23:38:31,398 INFO Trace file_niceness: throughput=2418.16 ops/sec
2026-03-10 23:38:31,405 INFO === Evaluation complete ===
2026-03-10 23:38:31,405 INFO Combined score (harmonic mean): 2641.87  (2/2 traces passed)
2026-03-10 23:38:31,406 INFO   file_priority: 2911.20 ops/sec
2026-03-10 23:38:31,406 INFO   file_niceness: 2418.16 ops/sec
2026-03-10 23:38:31,406 INFO Unloading BPF policy (PID 126138)
2026-03-10 23:38:31,406 INFO CMD: sudo kill -2 126138
2026-03-10 23:38:31,750 INFO CMD: sudo rm -f /sys/fs/bpf/cache_ext/scan_pids
2026-03-10 23:38:31,783 INFO CMD: sudo cgdelete memory:cache_ext_test
2026-03-10 23:38:31,804 INFO CMD: sudo sh -c echo 0x0007 > /sys/kernel/mm/lru_gen/enabled
2026-03-10 23:38:31,855 INFO MGLRU re-enabled (restored to 0x0007).
