2026-03-09 22:24:10,899 INFO Waiting for evaluation lock /tmp/cache_ext_evaluate.lock ...
2026-03-09 22:29:30,167 INFO Acquired evaluation lock.
2026-03-09 22:29:30,167 INFO === Step 0: Drop page cache ===
2026-03-09 22:29:30,168 INFO Database already exists at /mydata/leveldb_temp (CURRENT file found), skipping rsync
2026-03-09 22:29:30,168 INFO CMD: sudo sync
2026-03-09 22:29:30,403 INFO CMD: sudo sh -c echo 3 > /proc/sys/vm/drop_caches
2026-03-09 22:29:30,733 INFO Page cache dropped.
2026-03-09 22:29:30,733 INFO === Step 1: Compile evolved policy ===
2026-03-09 22:29:30,745 INFO CMD: sudo chown -R root: /mydata/cache_ext/eviction_evo/build
2026-03-09 22:29:31,050 INFO CMD: clang-14 -O2 -target bpf -D__TARGET_ARCH_x86 -c -g -Wall -idirafter /usr/lib/llvm-14/lib/clang/14.0.0/include -idirafter /usr/local/include -idirafter /usr/include/x86_64-linux-gnu -idirafter /usr/include /mydata/cache_ext/eviction_evo/build/cache_ext_evolved.bpf.c -o /mydata/cache_ext/eviction_evo/build/cache_ext_evolved.bpf.o
2026-03-09 22:29:34,159 INFO CMD: /usr/local/sbin/bpftool gen skeleton /mydata/cache_ext/eviction_evo/build/cache_ext_evolved.bpf.o name cache_ext_evolved_bpf
2026-03-09 22:29:34,344 INFO CMD: clang-14 -O2 -g -Wall -I/mydata/cache_ext/eviction_evo/build -I/mydata/cache_ext/policies /mydata/cache_ext/eviction_evo/cache_ext_evolved.c -o /mydata/cache_ext/eviction_evo/build/cache_ext_evolved.out -L/usr/local/lib64 -lbpf
2026-03-09 22:29:35,210 INFO Compilation successful: /mydata/cache_ext/eviction_evo/build/cache_ext_evolved.out
2026-03-09 22:29:35,210 INFO === Step 2: Disable MGLRU ===
2026-03-09 22:29:35,210 INFO MGLRU current state: 0x0000 — disabling
2026-03-09 22:29:35,210 INFO CMD: sudo sh -c echo 0 > /sys/kernel/mm/lru_gen/enabled
2026-03-09 22:29:35,227 INFO MGLRU disabled.
2026-03-09 22:29:35,227 INFO === Step 3: Create cgroup ===
2026-03-09 22:29:35,227 INFO CMD: sudo cgdelete memory:cache_ext_test
2026-03-09 22:29:35,267 INFO CMD: sudo cgcreate -g memory:cache_ext_test
2026-03-09 22:29:35,379 INFO CMD: sudo sh -c echo 536870912 > /sys/fs/cgroup/cache_ext_test/memory.max
2026-03-09 22:29:35,393 INFO Created cgroup cache_ext_test with limit 536870912 bytes
2026-03-09 22:29:35,393 INFO === Step 4: Load BPF policy ===
2026-03-09 22:29:35,393 INFO Loading policy: sudo /mydata/cache_ext/eviction_evo/build/cache_ext_evolved.out --watch_dir /mydata/leveldb_temp --cgroup_path /sys/fs/cgroup/cache_ext_test
2026-03-09 22:29:45,404 INFO Policy loaded (PID 255951)
2026-03-09 22:29:45,405 INFO === Step 5: Start server ===
2026-03-09 22:29:45,405 INFO Starting server: sudo cgexec -g memory:cache_ext_test /mydata/cache_ext/net_leveldb_server 9100 /mydata/leveldb_temp
2026-03-09 22:29:45,406 INFO Waiting for server on port 9100 ...
2026-03-09 22:29:46,531 INFO Server ready (PID 255955) on port 9100
2026-03-09 22:29:46,531 INFO === Step 6: Run 2 trace benchmarks ===
2026-03-09 22:29:46,531 INFO --- Trace 1/2: dual_small_vs_large ---
2026-03-09 22:29:46,563 INFO Starting proxy: /usr/bin/python /mydata/cache_ext/eviction_evo/tcp_delay_proxy.py --listen-port 9101 --target-port 9100 --delay-ms 1 --bandwidth-kbps 500000
2026-03-09 22:29:47,573 INFO Proxy ready on port 9101
2026-03-09 22:29:47,586 INFO Starting client reader_fast: /mydata/cache_ext/My-YCSB/build/run_net_leveldb /tmp/dual_reader_fast_l4sa09c6.yaml
2026-03-09 22:29:47,611 INFO Starting client writer_slow: /mydata/cache_ext/My-YCSB/build/run_net_leveldb /tmp/dual_writer_slow_81wtljn6.yaml
2026-03-09 22:32:45,203 INFO Client reader_fast: throughput=164.27
2026-03-09 22:32:45,204 INFO Client writer_slow: throughput=127.86
2026-03-09 22:32:45,204 INFO Dual-client combined throughput: 292.13 ops/sec
2026-03-09 22:32:45,208 INFO Trace dual_small_vs_large: throughput=292.13 ops/sec
2026-03-09 22:32:45,209 INFO --- Trace 2/2: dual_congested ---
2026-03-09 22:32:45,209 INFO CMD: sudo sync
2026-03-09 22:32:45,330 INFO CMD: sudo sh -c echo 3 > /proc/sys/vm/drop_caches
2026-03-09 22:32:45,837 INFO Page cache dropped.
2026-03-09 22:32:47,869 INFO Starting proxy: /usr/bin/python /mydata/cache_ext/eviction_evo/tcp_delay_proxy.py --listen-port 9101 --target-port 9100 --delay-ms 2 --bandwidth-kbps 100000
2026-03-09 22:32:48,919 INFO Proxy ready on port 9101
2026-03-09 22:32:48,920 INFO Starting proxy: /usr/bin/python /mydata/cache_ext/eviction_evo/tcp_delay_proxy.py --listen-port 9102 --target-port 9100 --delay-ms 5 --bandwidth-kbps 50000
2026-03-09 22:32:49,922 INFO Proxy ready on port 9102
2026-03-09 22:32:49,939 INFO Starting client wan_reader: /mydata/cache_ext/My-YCSB/build/run_net_leveldb /tmp/dual_wan_reader_dngsgou1.yaml
2026-03-09 22:32:49,961 INFO Starting client wan_writer: /mydata/cache_ext/My-YCSB/build/run_net_leveldb /tmp/dual_wan_writer_2m0zpc48.yaml
2026-03-09 22:35:47,005 INFO Client wan_reader: throughput=160.05
2026-03-09 22:35:47,177 INFO Client wan_writer: throughput=170.76
2026-03-09 22:35:47,177 INFO Dual-client combined throughput: 330.81 ops/sec
2026-03-09 22:35:47,184 INFO Trace dual_congested: throughput=330.81 ops/sec
2026-03-09 22:35:47,201 INFO === Evaluation complete ===
2026-03-09 22:35:47,201 INFO Combined score (harmonic mean): 310.27  (2/2 traces passed)
2026-03-09 22:35:47,201 INFO   dual_small_vs_large: 292.13 ops/sec
2026-03-09 22:35:47,201 INFO   dual_congested: 330.81 ops/sec
2026-03-09 22:35:47,202 INFO Stopping net_leveldb_server (PID 255955)
2026-03-09 22:35:47,202 INFO CMD: sudo kill 255955
2026-03-09 22:35:47,357 INFO Unloading BPF policy (PID 255951)
2026-03-09 22:35:47,357 INFO CMD: sudo kill -2 255951
2026-03-09 22:35:47,589 INFO CMD: sudo rm -f /sys/fs/bpf/cache_ext/scan_pids
2026-03-09 22:35:47,635 INFO CMD: sudo cgdelete memory:cache_ext_test
2026-03-09 22:35:47,671 INFO CMD: sudo sh -c echo 0x0000 > /sys/kernel/mm/lru_gen/enabled
2026-03-09 22:35:47,690 INFO MGLRU re-enabled (restored to 0x0000).
