--- wan_reader ---
ZipfianWorkload: start initializing zipfian variables, might take a while
Zipfian (Warm-Up) (epoch 0, progress 0.00%): UPDATE throughput 0.00 ops/sec, INSERT throughput 0.00 ops/sec, READ throughput 0.00 ops/sec, SCAN throughput 0.00 ops/sec, READ_MODIFY_WRITE throughput 0.00 ops/sec, total throughput 0.00 ops/sec
Zipfian (Warm-Up) (epoch 1, progress 0.00%): UPDATE throughput 9.00 ops/sec, INSERT throughput 0.00 ops/sec, READ throughput 209.96 ops/sec, SCAN throughput 0.00 ops/sec, READ_MODIFY_WRITE throughput 0.00 ops/sec, total throughput 218.96 ops/sec
Zipfian (Warm-Up) (epoch 2, progress 0.00%): UPDATE throughput 8.00 ops/sec, INSERT throughput 0.00 ops/sec, READ throughput 332.95 ops/sec, SCAN throughput 0.00 ops/sec, READ_MODIFY_WRITE throughput 0.00 ops/sec, total throughput 340.95 ops/sec
Zipfian (Warm-Up) (epoch 3, progress 0.00%): UPDATE throughput 25.00 ops/sec, INSERT throughput 0.00 ops/sec, READ throughput 367.95 ops/sec, SCAN throughput 0.00 ops/sec, READ_MODIFY_WRITE throughput 0.00 ops/sec, total throughput 392.95 ops/sec
Zipfian (Warm-Up) (epoch 4, progress 0.00%): UPDATE throughput 16.00 ops/sec, INSERT throughput 0.00 ops/sec, READ throughput 387.95 ops/sec, SCAN throughput 0.00 ops/sec, READ_MODIFY_WRITE throughput 0.00 ops/sec, total throughput 403.94 ops/sec
Zipfian (Warm-Up) (epoch 5, progress 0.00%): UPDATE throughput 28.00 ops/sec, INSERT throughput 0.00 ops/sec, READ throughput 494.93 ops/sec, SCAN throughput 0.00 ops/sec, READ_MODIFY_WRITE throughput 0.00 ops/sec, total throughput 522.93 ops/sec
Zipfian (Warm-Up) (epoch 6, progress 0.01%): UPDATE throughput 15.00 ops/sec, INSERT throughput 0.00 ops/sec, READ throughput 443.95 ops/sec, SCAN throughput 0.00 ops/sec, READ_MODIFY_WRITE throughput 0.00 ops/sec, total throughput 458.95 ops/sec
Zipfian (Warm-Up) (epoch 7, progress 0.01%): UPDATE throughput 21.00 ops/sec, INSERT throughput 0.00 ops/sec, READ throughput 489.94 ops/sec, SCAN throughput 0.00 ops/sec, READ_MODIFY_WRITE throughput 0.00 ops/sec, total throughput 510.94 ops/sec
Zipfian (Warm-Up) (epoch 8, progress 0.01%): UPDATE throughput 27.00 ops/sec, INSERT throughput 0.00 ops/sec, READ throughput 523.93 ops/sec, SCAN throughput 0.00 ops/sec, READ_MODIFY_WRITE throughput 0.00 ops/sec, total throughput 550.92 ops/sec
Zipfian (Warm-Up) (epoch 9, progress 0.01%): UPDATE throughput 30.00 ops/sec, INSERT throughput 0.00 ops/sec, READ throughput 509.93 ops/sec, SCAN throughput 0.00 ops/sec, READ_MODIFY_WRITE throughput 0.00 ops/sec, total throughput 539.93 ops/sec
Zipfian (Warm-Up) (epoch 10, progress 0.01%): UPDATE throughput 33.00 ops/sec, INSERT throughput 0.00 ops/sec, READ throughput 597.92 ops/sec, SCAN throughput 0.00 ops/sec, READ_MODIFY_WRITE throughput 0.00 ops/sec, total throughput 630.91 ops/sec
Zipfian (Warm-Up) (epoch 11, progress 0.01%): UPDATE throughput 24.00 ops/sec, INSERT throughput 0.00 ops/sec, READ throughput 632.93 ops/sec, SCAN throughput 0.00 ops/sec, READ_MODIFY_WRITE throughput 0.00 ops/sec, total throughput 656.93 ops/sec
Zipfian (Warm-Up) (epoch 12, progress 0.01%): UPDATE throughput 25.00 ops/sec, INSERT throughput 0.00 ops/sec, READ throughput 538.93 ops/sec, SCAN throughput 0.00 ops/sec, READ_MODIFY_WRITE throughput 0.00 ops/sec, total throughput 563.92 ops/sec
Zipfian (Warm-Up) (epoch 13, progress 0.02%): UPDATE throughput 20.00 ops/sec, INSERT throughput 0.00 ops/sec, READ throughput 557.94 ops/sec, SCAN throughput 0.00 ops/sec, READ_MODIFY_WRITE throughput 0.00 ops/sec, total throughput 577.94 ops/sec
Zipfian (Warm-Up) (epoch 14, progress 0.02%): UPDATE throughput 38.99 ops/sec, INSERT throughput 0.00 ops/sec, READ throughput 667.91 ops/sec, SCAN throughput 0.00 ops/sec, READ_MODIFY_WRITE throughput 0.00 ops/sec, total throughput 706.91 ops/sec
Zipfian (Warm-Up) (epoch 15, progress 0.02%): UPDATE throughput 37.99 ops/sec, INSERT throughput 0.00 ops/sec, READ throughput 653.91 ops/sec, SCAN throughput 0.00 ops/sec, READ_MODIFY_WRITE throughput 0.00 ops/sec, total throughput 691.91 ops/sec
Zipfian (Warm-Up) (epoch 16, progress 0.02%): UPDATE throughput 42.99 ops/sec, INSERT throughput 0.00 ops/sec, READ throughput 668.91 ops/sec, SCAN throughput 0.00 ops/sec, READ_MODIFY_WRITE throughput 0.00 ops/sec, total throughput 711.90 ops/sec
Zipfian (Warm-Up) (epoch 17, progress 0.02%): UPDATE throughput 21.00 ops/sec, INSERT throughput 0.00 ops/sec, READ throughput 727.93 ops/sec, SCAN throughput 0.00 ops/sec, READ_MODIFY_WRITE throughput 0.00 ops/sec, total throughput 748.93 ops/sec
Zipfian (Warm-Up) (epoch 18, progress 0.03%): UPDATE throughput 37.00 ops/sec, INSERT throughput 0.00 ops/sec, READ throughput 745.91 ops/sec, SCAN throughput 0.00 ops/sec, READ_MODIFY_WRITE throughput 0.00 ops/sec, total throughput 782.91 ops/sec
Zipfian (Warm-Up) (epoch 19, progress 0.03%): UPDATE throughput 52.99 ops/sec, INSERT throughput 0.00 ops/sec, READ throughput 805.92 ops/sec, SCAN throughput 0.00 ops/sec, READ_MODIFY_WRITE throughput 0.00 ops/sec, total throughput 858.91 ops/sec
Zipfian (Warm-Up) (epoch 20, progress 0.03%): UPDATE throughput 36.99 ops/sec, INSERT throughput 0.00 ops/sec, READ throughput 708.90 ops/sec, SCAN throughput 0.00 ops/sec, READ_MODIFY_WRITE throughput 0.00 ops/sec, total throughput 745.90 ops/sec
Zipfian (Warm-Up) (epoch 21, progress 0.03%): UPDATE throughput 53.99 ops/sec, INSERT throughput 0.00 ops/sec, READ throughput 950.91 ops/sec, SCAN throughput 0.00 ops/sec, READ_MODIFY_WRITE throughput 0.00 ops/sec, total throughput 1004.90 ops/sec
Zipfian (Warm-Up) (epoch 22, progress 0.03%): UPDATE throughput 49.00 ops/sec, INSERT throughput 0.00 ops/sec, READ throughput 877.91 ops/sec, SCAN throughput 0.00 ops/sec, READ_MODIFY_WRITE throughput 0.00 ops/sec, total throughput 926.91 ops/sec
Zipfian (Warm-Up) (epoch 23, progress 0.04%): UPDATE throughput 45.00 ops/sec, INSERT throughput 0.00 ops/sec, READ throughput 913.91 ops/sec, SCAN throughput 0.00 ops/sec, READ_MODIFY_WRITE throughput 0.00 ops/sec, total throughput 958.91 ops/sec
Zipfian (Warm-Up) (epoch 24, progress 0.04%): UPDATE throughput 57.99 ops/sec, INSERT throughput 0.00 ops/sec, READ throughput 973.91 ops/sec, SCAN throughput 0.00 ops/sec, READ_MODIFY_WRITE throughput 0.00 ops/sec, total throughput 1031.90 ops/sec
Zipfian (Warm-Up) (epoch 25, progress 0.04%): UPDATE throughput 53.00 ops/sec, INSERT throughput 0.00 ops/sec, READ throughput 984.91 ops/sec, SCAN throughput 0.00 ops/sec, READ_MODIFY_WRITE throughput 0.00 ops/sec, total throughput 1037.90 ops/sec
Zipfian (Warm-Up) (epoch 26, progress 0.04%): UPDATE throughput 38.99 ops/sec, INSERT throughput 0.00 ops/sec, READ throughput 834.89 ops/sec, SCAN throughput 0.00 ops/sec, READ_MODIFY_WRITE throughput 0.00 ops/sec, total throughput 873.88 ops/sec
Zipfian (Warm-Up) (epoch 27, progress 0.05%): UPDATE throughput 54.99 ops/sec, INSERT throughput 0.00 ops/sec, READ throughput 997.90 ops/sec, SCAN throughput 0.00 ops/sec, READ_MODIFY_WRITE throughput 0.00 ops/sec, total throughput 1052.90 ops/sec
Zipfian (Warm-Up) (epoch 28, progress 0.05%): UPDATE throughput 54.99 ops/sec, INSERT throughput 0.00 ops/sec, READ throughput 988.89 ops/sec, SCAN throughput 0.00 ops/sec, READ_MODIFY_WRITE throughput 0.00 ops/sec, total throughput 1043.88 ops/sec
Zipfian (Warm-Up) (epoch 29, progress 0.05%): UPDATE throughput 55.99 ops/sec, INSERT throughput 0.00 ops/sec, READ throughput 1063.85 ops/sec, SCAN throughput 0.00 ops/sec, READ_MODIFY_WRITE throughput 0.00 ops/sec, total throughput 1119.84 ops/sec
Zipfian (Warm-Up) (epoch 30, progress 0.05%): UPDATE throughput 59.99 ops/sec, INSERT throughput 0.00 ops/sec, READ throughput 1006.86 ops/sec, SCAN throughput 0.00 ops/sec, READ_MODIFY_WRITE throughput 0.00 ops/sec, total throughput 1066.85 ops/sec
time's up!
Zipfian (Warm-Up): calculating overall performance metrics... (might take a while)
Zipfian (Warm-Up) overall: UPDATE throughput 35.76 ops/sec, INSERT throughput 0.00 ops/sec, READ throughput 688.76 ops/sec, SCAN throughput 0.00 ops/sec, READ_MODIFY_WRITE throughput 0.00 ops/sec, total throughput 724.52 ops/sec
Zipfian (Warm-Up) overall: UPDATE average latency 340304.07 ns, UPDATE p99 latency 310828.04 ns, INSERT average latency 0.00 ns, INSERT p99 latency 0.00 ns, READ average latency 5778682.43 ns, READ p99 latency 60372136.02 ns, SCAN average latency 0.00 ns, SCAN p99 latency 0.00 ns, READ_MODIFY_WRITE average latency 0.00 ns, READ_MODIFY_WRITE p99 latency 0.00 ns
ZipfianWorkload: start initializing zipfian variables, might take a while
Zipfian (epoch 0, progress 0.00%): UPDATE throughput 0.00 ops/sec, INSERT throughput 0.00 ops/sec, READ throughput 0.00 ops/sec, SCAN throughput 0.00 ops/sec, READ_MODIFY_WRITE throughput 0.00 ops/sec, total throughput 0.00 ops/sec
Zipfian (epoch 1, progress 0.06%): UPDATE throughput 1094.88 ops/sec, INSERT throughput 0.00 ops/sec, READ throughput 21268.70 ops/sec, SCAN throughput 0.00 ops/sec, READ_MODIFY_WRITE throughput 0.00 ops/sec, total throughput 22363.58 ops/sec
Zipfian (epoch 2, progress 0.06%): UPDATE throughput 80.99 ops/sec, INSERT throughput 0.00 ops/sec, READ throughput 1458.82 ops/sec, SCAN throughput 0.00 ops/sec, READ_MODIFY_WRITE throughput 0.00 ops/sec, total throughput 1539.81 ops/sec
Zipfian (epoch 3, progress 0.06%): UPDATE throughput 87.99 ops/sec, INSERT throughput 0.00 ops/sec, READ throughput 1466.80 ops/sec, SCAN throughput 0.00 ops/sec, READ_MODIFY_WRITE throughput 0.00 ops/sec, total throughput 1554.79 ops/sec
Zipfian (epoch 4, progress 0.07%): UPDATE throughput 63.99 ops/sec, INSERT throughput 0.00 ops/sec, READ throughput 1242.83 ops/sec, SCAN throughput 0.00 ops/sec, READ_MODIFY_WRITE throughput 0.00 ops/sec, total throughput 1306.82 ops/sec
Zipfian (epoch 5, progress 0.07%): UPDATE throughput 86.99 ops/sec, INSERT throughput 0.00 ops/sec, READ throughput 1367.86 ops/sec, SCAN throughput 0.00 ops/sec, READ_MODIFY_WRITE throughput 0.00 ops/sec, total throughput 1454.85 ops/sec
Zipfian (epoch 6, progress 0.07%): UPDATE throughput 58.99 ops/sec, INSERT throughput 0.00 ops/sec, READ throughput 1243.83 ops/sec, SCAN throughput 0.00 ops/sec, READ_MODIFY_WRITE throughput 0.00 ops/sec, total throughput 1302.83 ops/sec
Zipfian (epoch 7, progress 0.08%): UPDATE throughput 79.99 ops/sec, INSERT throughput 0.00 ops/sec, READ throughput 1240.83 ops/sec, SCAN throughput 0.00 ops/sec, READ_MODIFY_WRITE throughput 0.00 ops/sec, total throughput 1320.82 ops/sec
Zipfian (epoch 8, progress 0.08%): UPDATE throughput 61.99 ops/sec, INSERT throughput 0.00 ops/sec, READ throughput 1151.88 ops/sec, SCAN throughput 0.00 ops/sec, READ_MODIFY_WRITE throughput 0.00 ops/sec, total throughput 1213.87 ops/sec
Zipfian (epoch 9, progress 0.08%): UPDATE throughput 60.99 ops/sec, INSERT throughput 0.00 ops/sec, READ throughput 1168.88 ops/sec, SCAN throughput 0.00 ops/sec, READ_MODIFY_WRITE throughput 0.00 ops/sec, total throughput 1229.87 ops/sec
Zipfian (epoch 10, progress 0.09%): UPDATE throughput 60.99 ops/sec, INSERT throughput 0.00 ops/sec, READ throughput 1151.83 ops/sec, SCAN throughput 0.00 ops/sec, READ_MODIFY_WRITE throughput 0.00 ops/sec, total throughput 1212.83 ops/sec
Zipfian (epoch 11, progress 0.09%): UPDATE throughput 70.99 ops/sec, INSERT throughput 0.00 ops/sec, READ throughput 1240.86 ops/sec, SCAN throughput 0.00 ops/sec, READ_MODIFY_WRITE throughput 0.00 ops/sec, total throughput 1311.86 ops/sec
Zipfian (epoch 12, progress 0.09%): UPDATE throughput 49.99 ops/sec, INSERT throughput 0.00 ops/sec, READ throughput 1274.82 ops/sec, SCAN throughput 0.00 ops/sec, READ_MODIFY_WRITE throughput 0.00 ops/sec, total throughput 1324.81 ops/sec
Zipfian (epoch 13, progress 0.10%): UPDATE throughput 59.99 ops/sec, INSERT throughput 0.00 ops/sec, READ throughput 1290.87 ops/sec, SCAN throughput 0.00 ops/sec, READ_MODIFY_WRITE throughput 0.00 ops/sec, total throughput 1350.86 ops/sec
Zipfian (epoch 14, progress 0.10%): UPDATE throughput 55.99 ops/sec, INSERT throughput 0.00 ops/sec, READ throughput 1105.87 ops/sec, SCAN throughput 0.00 ops/sec, READ_MODIFY_WRITE throughput 0.00 ops/sec, total throughput 1161.87 ops/sec
Zipfian (epoch 15, progress 0.10%): UPDATE throughput 56.99 ops/sec, INSERT throughput 0.00 ops/sec, READ throughput 1251.87 ops/sec, SCAN throughput 0.00 ops/sec, READ_MODIFY_WRITE throughput 0.00 ops/sec, total throughput 1308.86 ops/sec
Zipfian (epoch 16, progress 0.11%): UPDATE throughput 62.99 ops/sec, INSERT throughput 0.00 ops/sec, READ throughput 1294.83 ops/sec, SCAN throughput 0.00 ops/sec, READ_MODIFY_WRITE throughput 0.00 ops/sec, total throughput 1357.82 ops/sec
Zipfian (epoch 17, progress 0.11%): UPDATE throughput 68.99 ops/sec, INSERT throughput 0.00 ops/sec, READ throughput 1140.85 ops/sec, SCAN throughput 0.00 ops/sec, READ_MODIFY_WRITE throughput 0.00 ops/sec, total throughput 1209.84 ops/sec
Zipfian (epoch 18, progress 0.11%): UPDATE throughput 75.99 ops/sec, INSERT throughput 0.00 ops/sec, READ throughput 1271.83 ops/sec, SCAN throughput 0.00 ops/sec, READ_MODIFY_WRITE throughput 0.00 ops/sec, total throughput 1347.82 ops/sec
Zipfian (epoch 19, progress 0.12%): UPDATE throughput 53.99 ops/sec, INSERT throughput 0.00 ops/sec, READ throughput 1183.88 ops/sec, SCAN throughput 0.00 ops/sec, READ_MODIFY_WRITE throughput 0.00 ops/sec, total throughput 1237.88 ops/sec
Zipfian (epoch 20, progress 0.12%): UPDATE throughput 72.99 ops/sec, INSERT throughput 0.00 ops/sec, READ throughput 1241.84 ops/sec, SCAN throughput 0.00 ops/sec, READ_MODIFY_WRITE throughput 0.00 ops/sec, total throughput 1314.83 ops/sec
Zipfian (epoch 21, progress 0.12%): UPDATE throughput 62.99 ops/sec, INSERT throughput 0.00 ops/sec, READ throughput 1222.84 ops/sec, SCAN throughput 0.00 ops/sec, READ_MODIFY_WRITE throughput 0.00 ops/sec, total throughput 1285.83 ops/sec
Zipfian (epoch 22, progress 0.12%): UPDATE throughput 74.99 ops/sec, INSERT throughput 0.00 ops/sec, READ throughput 1189.87 ops/sec, SCAN throughput 0.00 ops/sec, READ_MODIFY_WRITE throughput 0.00 ops/sec, total throughput 1264.87 ops/sec
Zipfian (epoch 23, progress 0.13%): UPDATE throughput 68.99 ops/sec, INSERT throughput 0.00 ops/sec, READ throughput 1334.82 ops/sec, SCAN throughput 0.00 ops/sec, READ_MODIFY_WRITE throughput 0.00 ops/sec, total throughput 1403.81 ops/sec
Zipfian (epoch 24, progress 0.13%): UPDATE throughput 68.99 ops/sec, INSERT throughput 0.00 ops/sec, READ throughput 1338.86 ops/sec, SCAN throughput 0.00 ops/sec, READ_MODIFY_WRITE throughput 0.00 ops/sec, total throughput 1407.85 ops/sec
Zipfian (epoch 25, progress 0.14%): UPDATE throughput 76.99 ops/sec, INSERT throughput 0.00 ops/sec, READ throughput 1558.78 ops/sec, SCAN throughput 0.00 ops/sec, READ_MODIFY_WRITE throughput 0.00 ops/sec, total throughput 1635.77 ops/sec
Zipfian (epoch 26, progress 0.14%): UPDATE throughput 86.99 ops/sec, INSERT throughput 0.00 ops/sec, READ throughput 1427.81 ops/sec, SCAN throughput 0.00 ops/sec, READ_MODIFY_WRITE throughput 0.00 ops/sec, total throughput 1514.80 ops/sec
Zipfian (epoch 27, progress 0.14%): UPDATE throughput 75.99 ops/sec, INSERT throughput 0.00 ops/sec, READ throughput 1437.86 ops/sec, SCAN throughput 0.00 ops/sec, READ_MODIFY_WRITE throughput 0.00 ops/sec, total throughput 1513.85 ops/sec
Zipfian (epoch 28, progress 0.15%): UPDATE throughput 52.99 ops/sec, INSERT throughput 0.00 ops/sec, READ throughput 1131.89 ops/sec, SCAN throughput 0.00 ops/sec, READ_MODIFY_WRITE throughput 0.00 ops/sec, total throughput 1184.89 ops/sec
Zipfian (epoch 29, progress 0.15%): UPDATE throughput 58.99 ops/sec, INSERT throughput 0.00 ops/sec, READ throughput 1357.82 ops/sec, SCAN throughput 0.00 ops/sec, READ_MODIFY_WRITE throughput 0.00 ops/sec, total throughput 1416.82 ops/sec
Zipfian (epoch 30, progress 0.15%): UPDATE throughput 75.99 ops/sec, INSERT throughput 0.00 ops/sec, READ throughput 1248.83 ops/sec, SCAN throughput 0.00 ops/sec, READ_MODIFY_WRITE throughput 0.00 ops/sec, total throughput 1324.82 ops/sec
Zipfian (epoch 31, progress 0.16%): UPDATE throughput 77.99 ops/sec, INSERT throughput 0.00 ops/sec, READ throughput 1306.83 ops/sec, SCAN throughput 0.00 ops/sec, READ_MODIFY_WRITE throughput 0.00 ops/sec, total throughput 1384.82 ops/sec
Zipfian (epoch 32, progress 0.16%): UPDATE throughput 79.99 ops/sec, INSERT throughput 0.00 ops/sec, READ throughput 1273.83 ops/sec, SCAN throughput 0.00 ops/sec, READ_MODIFY_WRITE throughput 0.00 ops/sec, total throughput 1353.82 ops/sec
Zipfian (epoch 33, progress 0.16%): UPDATE throughput 59.99 ops/sec, INSERT throughput 0.00 ops/sec, READ throughput 1295.83 ops/sec, SCAN throughput 0.00 ops/sec, READ_MODIFY_WRITE throughput 0.00 ops/sec, total throughput 1355.82 ops/sec
Zipfian (epoch 34, progress 0.17%): UPDATE throughput 59.99 ops/sec, INSERT throughput 0.00 ops/sec, READ throughput 1032.90 ops/sec, SCAN throughput 0.00 ops/sec, READ_MODIFY_WRITE throughput 0.00 ops/sec, total throughput 1092.89 ops/sec
Zipfian (epoch 35, progress 0.17%): UPDATE throughput 61.99 ops/sec, INSERT throughput 0.00 ops/sec, READ throughput 1130.85 ops/sec, SCAN throughput 0.00 ops/sec, READ_MODIFY_WRITE throughput 0.00 ops/sec, total throughput 1192.84 ops/sec
Zipfian (epoch 36, progress 0.17%): UPDATE throughput 48.00 ops/sec, INSERT throughput 0.00 ops/sec, READ throughput 968.91 ops/sec, SCAN throughput 0.00 ops/sec, READ_MODIFY_WRITE throughput 0.00 ops/sec, total throughput 1016.90 ops/sec
Zipfian (epoch 37, progress 0.18%): UPDATE throughput 79.99 ops/sec, INSERT throughput 0.00 ops/sec, READ throughput 1233.88 ops/sec, SCAN throughput 0.00 ops/sec, READ_MODIFY_WRITE throughput 0.00 ops/sec, total throughput 1313.88 ops/sec
Zipfian (epoch 38, progress 0.18%): UPDATE throughput 42.99 ops/sec, INSERT throughput 0.00 ops/sec, READ throughput 1035.86 ops/sec, SCAN throughput 0.00 ops/sec, READ_MODIFY_WRITE throughput 0.00 ops/sec, total throughput 1078.86 ops/sec
Zipfian (epoch 39, progress 0.18%): UPDATE throughput 45.00 ops/sec, INSERT throughput 0.00 ops/sec, READ throughput 651.94 ops/sec, SCAN throughput 0.00 ops/sec, READ_MODIFY_WRITE throughput 0.00 ops/sec, total throughput 696.93 ops/sec
Zipfian (epoch 40, progress 0.18%): UPDATE throughput 48.99 ops/sec, INSERT throughput 0.00 ops/sec, READ throughput 975.87 ops/sec, SCAN throughput 0.00 ops/sec, READ_MODIFY_WRITE throughput 0.00 ops/sec, total throughput 1024.87 ops/sec
Zipfian (epoch 41, progress 0.19%): UPDATE throughput 63.99 ops/sec, INSERT throughput 0.00 ops/sec, READ throughput 1138.89 ops/sec, SCAN throughput 0.00 ops/sec, READ_MODIFY_WRITE throughput 0.00 ops/sec, total throughput 1202.88 ops/sec
Zipfian (epoch 42, progress 0.19%): UPDATE throughput 57.99 ops/sec, INSERT throughput 0.00 ops/sec, READ throughput 1000.90 ops/sec, SCAN throughput 0.00 ops/sec, READ_MODIFY_WRITE throughput 0.00 ops/sec, total throughput 1058.90 ops/sec
Zipfian (epoch 43, progress 0.19%): UPDATE throughput 60.99 ops/sec, INSERT throughput 0.00 ops/sec, READ throughput 1189.84 ops/sec, SCAN throughput 0.00 ops/sec, READ_MODIFY_WRITE throughput 0.00 ops/sec, total throughput 1250.83 ops/sec
Zipfian (epoch 44, progress 0.19%): UPDATE throughput 69.99 ops/sec, INSERT throughput 0.00 ops/sec, READ throughput 1296.87 ops/sec, SCAN throughput 0.00 ops/sec, READ_MODIFY_WRITE throughput 0.00 ops/sec, total throughput 1366.86 ops/sec
Zipfian (epoch 45, progress 0.20%): UPDATE throughput 49.99 ops/sec, INSERT throughput 0.00 ops/sec, READ throughput 886.88 ops/sec, SCAN throughput 0.00 ops/sec, READ_MODIFY_WRITE throughput 0.00 ops/sec, total throughput 936.87 ops/sec
Zipfian (epoch 46, progress 0.20%): UPDATE throughput 49.00 ops/sec, INSERT throughput 0.00 ops/sec, READ throughput 1108.89 ops/sec, SCAN throughput 0.00 ops/sec, READ_MODIFY_WRITE throughput 0.00 ops/sec, total throughput 1157.89 ops/sec
Zipfian (epoch 47, progress 0.20%): UPDATE throughput 54.99 ops/sec, INSERT throughput 0.00 ops/sec, READ throughput 1055.90 ops/sec, SCAN throughput 0.00 ops/sec, READ_MODIFY_WRITE throughput 0.00 ops/sec, total throughput 1110.89 ops/sec
Zipfian (epoch 48, progress 0.21%): UPDATE throughput 53.99 ops/sec, INSERT throughput 0.00 ops/sec, READ throughput 1023.90 ops/sec, SCAN throughput 0.00 ops/sec, READ_MODIFY_WRITE throughput 0.00 ops/sec, total throughput 1077.89 ops/sec
Zipfian (epoch 49, progress 0.21%): UPDATE throughput 69.99 ops/sec, INSERT throughput 0.00 ops/sec, READ throughput 1236.88 ops/sec, SCAN throughput 0.00 ops/sec, READ_MODIFY_WRITE throughput 0.00 ops/sec, total throughput 1306.87 ops/sec
Zipfian (epoch 50, progress 0.21%): UPDATE throughput 52.99 ops/sec, INSERT throughput 0.00 ops/sec, READ throughput 1004.86 ops/sec, SCAN throughput 0.00 ops/sec, READ_MODIFY_WRITE throughput 0.00 ops/sec, total throughput 1057.86 ops/sec
Zipfian (epoch 51, progress 0.21%): UPDATE throughput 58.99 ops/sec, INSERT throughput 0.00 ops/sec, READ throughput 1244.82 ops/sec, SCAN throughput 0.00 ops/sec, READ_MODIFY_WRITE throughput 0.00 ops/sec, total throughput 1303.81 ops/sec
Zipfian (epoch 52, progress 0.22%): UPDATE throughput 62.99 ops/sec, INSERT throughput 0.00 ops/sec, READ throughput 1153.84 ops/sec, SCAN throughput 0.00 ops/sec, READ_MODIFY_WRITE throughput 0.00 ops/sec, total throughput 1216.83 ops/sec
Zipfian (epoch 53, progress 0.22%): UPDATE throughput 55.99 ops/sec, INSERT throughput 0.00 ops/sec, READ throughput 997.86 ops/sec, SCAN throughput 0.00 ops/sec, READ_MODIFY_WRITE throughput 0.00 ops/sec, total throughput 1053.85 ops/sec
Zipfian (epoch 54, progress 0.22%): UPDATE throughput 70.99 ops/sec, INSERT throughput 0.00 ops/sec, READ throughput 1235.83 ops/sec, SCAN throughput 0.00 ops/sec, READ_MODIFY_WRITE throughput 0.00 ops/sec, total throughput 1306.82 ops/sec
Zipfian (epoch 55, progress 0.23%): UPDATE throughput 63.99 ops/sec, INSERT throughput 0.00 ops/sec, READ throughput 1071.84 ops/sec, SCAN throughput 0.00 ops/sec, READ_MODIFY_WRITE throughput 0.00 ops/sec, total throughput 1135.83 ops/sec
Zipfian (epoch 56, progress 0.23%): UPDATE throughput 49.99 ops/sec, INSERT throughput 0.00 ops/sec, READ throughput 1116.85 ops/sec, SCAN throughput 0.00 ops/sec, READ_MODIFY_WRITE throughput 0.00 ops/sec, total throughput 1166.84 ops/sec
Zipfian (epoch 57, progress 0.23%): UPDATE throughput 61.99 ops/sec, INSERT throughput 0.00 ops/sec, READ throughput 1126.83 ops/sec, SCAN throughput 0.00 ops/sec, READ_MODIFY_WRITE throughput 0.00 ops/sec, total throughput 1188.82 ops/sec
Zipfian (epoch 58, progress 0.24%): UPDATE throughput 63.99 ops/sec, INSERT throughput 0.00 ops/sec, READ throughput 1235.83 ops/sec, SCAN throughput 0.00 ops/sec, READ_MODIFY_WRITE throughput 0.00 ops/sec, total throughput 1299.82 ops/sec
Zipfian (epoch 59, progress 0.24%): UPDATE throughput 58.99 ops/sec, INSERT throughput 0.00 ops/sec, READ throughput 1040.84 ops/sec, SCAN throughput 0.00 ops/sec, READ_MODIFY_WRITE throughput 0.00 ops/sec, total throughput 1099.84 ops/sec
Zipfian (epoch 60, progress 0.24%): UPDATE throughput 60.99 ops/sec, INSERT throughput 0.00 ops/sec, READ throughput 1227.83 ops/sec, SCAN throughput 0.00 ops/sec, READ_MODIFY_WRITE throughput 0.00 ops/sec, total throughput 1288.82 ops/sec
Zipfian (epoch 61, progress 0.24%): UPDATE throughput 56.99 ops/sec, INSERT throughput 0.00 ops/sec, READ throughput 1204.82 ops/sec, SCAN throughput 0.00 ops/sec, READ_MODIFY_WRITE throughput 0.00 ops/sec, total throughput 1261.82 ops/sec
Zipfian (epoch 62, progress 0.25%): UPDATE throughput 50.99 ops/sec, INSERT throughput 0.00 ops/sec, READ throughput 1062.88 ops/sec, SCAN throughput 0.00 ops/sec, READ_MODIFY_WRITE throughput 0.00 ops/sec, total throughput 1113.88 ops/sec
Zipfian (epoch 63, progress 0.25%): UPDATE throughput 57.99 ops/sec, INSERT throughput 0.00 ops/sec, READ throughput 1204.83 ops/sec, SCAN throughput 0.00 ops/sec, READ_MODIFY_WRITE throughput 0.00 ops/sec, total throughput 1262.82 ops/sec
Zipfian (epoch 64, progress 0.25%): UPDATE throughput 67.99 ops/sec, INSERT throughput 0.00 ops/sec, READ throughput 1255.83 ops/sec, SCAN throughput 0.00 ops/sec, READ_MODIFY_WRITE throughput 0.00 ops/sec, total throughput 1323.82 ops/sec
Zipfian (epoch 65, progress 0.26%): UPDATE throughput 57.99 ops/sec, INSERT throughput 0.00 ops/sec, READ throughput 1242.82 ops/sec, SCAN throughput 0.00 ops/sec, READ_MODIFY_WRITE throughput 0.00 ops/sec, total throughput 1300.81 ops/sec
Zipfian (epoch 66, progress 0.26%): UPDATE throughput 58.99 ops/sec, INSERT throughput 0.00 ops/sec, READ throughput 1092.90 ops/sec, SCAN throughput 0.00 ops/sec, READ_MODIFY_WRITE throughput 0.00 ops/sec, total throughput 1151.89 ops/sec
Zipfian (epoch 67, progress 0.26%): UPDATE throughput 65.99 ops/sec, INSERT throughput 0.00 ops/sec, READ throughput 1419.82 ops/sec, SCAN throughput 0.00 ops/sec, READ_MODIFY_WRITE throughput 0.00 ops/sec, total throughput 1485.81 ops/sec
Zipfian (epoch 68, progress 0.27%): UPDATE throughput 61.99 ops/sec, INSERT throughput 0.00 ops/sec, READ throughput 1115.90 ops/sec, SCAN throughput 0.00 ops/sec, READ_MODIFY_WRITE throughput 0.00 ops/sec, total throughput 1177.89 ops/sec
Zipfian (epoch 69, progress 0.27%): UPDATE throughput 69.99 ops/sec, INSERT throughput 0.00 ops/sec, READ throughput 1320.83 ops/sec, SCAN throughput 0.00 ops/sec, READ_MODIFY_WRITE throughput 0.00 ops/sec, total throughput 1390.82 ops/sec
Zipfian (epoch 70, progress 0.27%): UPDATE throughput 68.99 ops/sec, INSERT throughput 0.00 ops/sec, READ throughput 1140.89 ops/sec, SCAN throughput 0.00 ops/sec, READ_MODIFY_WRITE throughput 0.00 ops/sec, total throughput 1209.88 ops/sec
Zipfian (epoch 71, progress 0.28%): UPDATE throughput 62.99 ops/sec, INSERT throughput 0.00 ops/sec, READ throughput 1340.83 ops/sec, SCAN throughput 0.00 ops/sec, READ_MODIFY_WRITE throughput 0.00 ops/sec, total throughput 1403.82 ops/sec
Zipfian (epoch 72, progress 0.28%): UPDATE throughput 60.99 ops/sec, INSERT throughput 0.00 ops/sec, READ throughput 1157.84 ops/sec, SCAN throughput 0.00 ops/sec, READ_MODIFY_WRITE throughput 0.00 ops/sec, total throughput 1218.83 ops/sec
Zipfian (epoch 73, progress 0.28%): UPDATE throughput 48.99 ops/sec, INSERT throughput 0.00 ops/sec, READ throughput 1200.82 ops/sec, SCAN throughput 0.00 ops/sec, READ_MODIFY_WRITE throughput 0.00 ops/sec, total throughput 1249.81 ops/sec
Zipfian (epoch 74, progress 0.29%): UPDATE throughput 63.99 ops/sec, INSERT throughput 0.00 ops/sec, READ throughput 1106.83 ops/sec, SCAN throughput 0.00 ops/sec, READ_MODIFY_WRITE throughput 0.00 ops/sec, total throughput 1170.82 ops/sec
Zipfian (epoch 75, progress 0.29%): UPDATE throughput 44.00 ops/sec, INSERT throughput 0.00 ops/sec, READ throughput 1207.88 ops/sec, SCAN throughput 0.00 ops/sec, READ_MODIFY_WRITE throughput 0.00 ops/sec, total throughput 1251.88 ops/sec
Zipfian (epoch 76, progress 0.29%): UPDATE throughput 64.99 ops/sec, INSERT throughput 0.00 ops/sec, READ throughput 1088.86 ops/sec, SCAN throughput 0.00 ops/sec, READ_MODIFY_WRITE throughput 0.00 ops/sec, total throughput 1153.86 ops/sec
Zipfian (epoch 77, progress 0.30%): UPDATE throughput 69.99 ops/sec, INSERT throughput 0.00 ops/sec, READ throughput 1334.79 ops/sec, SCAN throughput 0.00 ops/sec, READ_MODIFY_WRITE throughput 0.00 ops/sec, total throughput 1404.78 ops/sec
Zipfian (epoch 78, progress 0.30%): UPDATE throughput 55.99 ops/sec, INSERT throughput 0.00 ops/sec, READ throughput 1211.84 ops/sec, SCAN throughput 0.00 ops/sec, READ_MODIFY_WRITE throughput 0.00 ops/sec, total throughput 1267.83 ops/sec
Zipfian (epoch 79, progress 0.30%): UPDATE throughput 61.99 ops/sec, INSERT throughput 0.00 ops/sec, READ throughput 1193.84 ops/sec, SCAN throughput 0.00 ops/sec, READ_MODIFY_WRITE throughput 0.00 ops/sec, total throughput 1255.83 ops/sec
Zipfian (epoch 80, progress 0.30%): UPDATE throughput 71.99 ops/sec, INSERT throughput 0.00 ops/sec, READ throughput 1205.88 ops/sec, SCAN throughput 0.00 ops/sec, READ_MODIFY_WRITE throughput 0.00 ops/sec, total throughput 1277.87 ops/sec
Zipfian (epoch 81, progress 0.31%): UPDATE throughput 49.99 ops/sec, INSERT throughput 0.00 ops/sec, READ throughput 999.86 ops/sec, SCAN throughput 0.00 ops/sec, READ_MODIFY_WRITE throughput 0.00 ops/sec, total throughput 1049.86 ops/sec
Zipfian (epoch 82, progress 0.31%): UPDATE throughput 66.99 ops/sec, INSERT throughput 0.00 ops/sec, READ throughput 1279.84 ops/sec, SCAN throughput 0.00 ops/sec, READ_MODIFY_WRITE throughput 0.00 ops/sec, total throughput 1346.83 ops/sec
Zipfian (epoch 83, progress 0.31%): UPDATE throughput 82.99 ops/sec, INSERT throughput 0.00 ops/sec, READ throughput 1273.88 ops/sec, SCAN throughput 0.00 ops/sec, READ_MODIFY_WRITE throughput 0.00 ops/sec, total throughput 1356.88 ops/sec
Zipfian (epoch 84, progress 0.32%): UPDATE throughput 58.99 ops/sec, INSERT throughput 0.00 ops/sec, READ throughput 1308.87 ops/sec, SCAN throughput 0.00 ops/sec, READ_MODIFY_WRITE throughput 0.00 ops/sec, total throughput 1367.87 ops/sec
Zipfian (epoch 85, progress 0.32%): UPDATE throughput 47.99 ops/sec, INSERT throughput 0.00 ops/sec, READ throughput 1291.83 ops/sec, SCAN throughput 0.00 ops/sec, READ_MODIFY_WRITE throughput 0.00 ops/sec, total throughput 1339.83 ops/sec
Zipfian (epoch 86, progress 0.32%): UPDATE throughput 44.00 ops/sec, INSERT throughput 0.00 ops/sec, READ throughput 1157.89 ops/sec, SCAN throughput 0.00 ops/sec, READ_MODIFY_WRITE throughput 0.00 ops/sec, total throughput 1201.88 ops/sec
Zipfian (epoch 87, progress 0.33%): UPDATE throughput 47.00 ops/sec, INSERT throughput 0.00 ops/sec, READ throughput 1191.89 ops/sec, SCAN throughput 0.00 ops/sec, READ_MODIFY_WRITE throughput 0.00 ops/sec, total throughput 1238.89 ops/sec
Zipfian (epoch 88, progress 0.33%): UPDATE throughput 30.00 ops/sec, INSERT throughput 0.00 ops/sec, READ throughput 652.91 ops/sec, SCAN throughput 0.00 ops/sec, READ_MODIFY_WRITE throughput 0.00 ops/sec, total throughput 682.91 ops/sec
Zipfian (epoch 89, progress 0.33%): UPDATE throughput 0.00 ops/sec, INSERT throughput 0.00 ops/sec, READ throughput 0.00 ops/sec, SCAN throughput 0.00 ops/sec, READ_MODIFY_WRITE throughput 0.00 ops/sec, total throughput 0.00 ops/sec
Zipfian (epoch 90, progress 0.33%): UPDATE throughput 25.00 ops/sec, INSERT throughput 0.00 ops/sec, READ throughput 450.94 ops/sec, SCAN throughput 0.00 ops/sec, READ_MODIFY_WRITE throughput 0.00 ops/sec, total throughput 475.94 ops/sec
Zipfian (epoch 91, progress 0.33%): UPDATE throughput 40.99 ops/sec, INSERT throughput 0.00 ops/sec, READ throughput 1008.86 ops/sec, SCAN throughput 0.00 ops/sec, READ_MODIFY_WRITE throughput 0.00 ops/sec, total throughput 1049.86 ops/sec
Zipfian (epoch 92, progress 0.34%): UPDATE throughput 49.99 ops/sec, INSERT throughput 0.00 ops/sec, READ throughput 1142.82 ops/sec, SCAN throughput 0.00 ops/sec, READ_MODIFY_WRITE throughput 0.00 ops/sec, total throughput 1192.82 ops/sec
Zipfian (epoch 93, progress 0.34%): UPDATE throughput 47.99 ops/sec, INSERT throughput 0.00 ops/sec, READ throughput 855.88 ops/sec, SCAN throughput 0.00 ops/sec, READ_MODIFY_WRITE throughput 0.00 ops/sec, total throughput 903.88 ops/sec
Zipfian (epoch 94, progress 0.34%): UPDATE throughput 49.99 ops/sec, INSERT throughput 0.00 ops/sec, READ throughput 974.86 ops/sec, SCAN throughput 0.00 ops/sec, READ_MODIFY_WRITE throughput 0.00 ops/sec, total throughput 1024.86 ops/sec
Zipfian (epoch 95, progress 0.34%): UPDATE throughput 36.00 ops/sec, INSERT throughput 0.00 ops/sec, READ throughput 780.93 ops/sec, SCAN throughput 0.00 ops/sec, READ_MODIFY_WRITE throughput 0.00 ops/sec, total throughput 816.92 ops/sec
Zipfian (epoch 96, progress 0.34%): UPDATE throughput 52.99 ops/sec, INSERT throughput 0.00 ops/sec, READ throughput 1063.86 ops/sec, SCAN throughput 0.00 ops/sec, READ_MODIFY_WRITE throughput 0.00 ops/sec, total throughput 1116.86 ops/sec
Zipfian (epoch 97, progress 0.35%): UPDATE throughput 50.99 ops/sec, INSERT throughput 0.00 ops/sec, READ throughput 1107.86 ops/sec, SCAN throughput 0.00 ops/sec, READ_MODIFY_WRITE throughput 0.00 ops/sec, total throughput 1158.85 ops/sec
Zipfian (epoch 98, progress 0.35%): UPDATE throughput 72.99 ops/sec, INSERT throughput 0.00 ops/sec, READ throughput 1235.89 ops/sec, SCAN throughput 0.00 ops/sec, READ_MODIFY_WRITE throughput 0.00 ops/sec, total throughput 1308.88 ops/sec
Zipfian (epoch 99, progress 0.35%): UPDATE throughput 56.99 ops/sec, INSERT throughput 0.00 ops/sec, READ throughput 1117.85 ops/sec, SCAN throughput 0.00 ops/sec, READ_MODIFY_WRITE throughput 0.00 ops/sec, total throughput 1174.84 ops/sec
Zipfian (epoch 100, progress 0.36%): UPDATE throughput 53.99 ops/sec, INSERT throughput 0.00 ops/sec, READ throughput 1212.84 ops/sec, SCAN throughput 0.00 ops/sec, READ_MODIFY_WRITE throughput 0.00 ops/sec, total throughput 1266.83 ops/sec
Zipfian (epoch 101, progress 0.36%): UPDATE throughput 63.99 ops/sec, INSERT throughput 0.00 ops/sec, READ throughput 1146.85 ops/sec, SCAN throughput 0.00 ops/sec, READ_MODIFY_WRITE throughput 0.00 ops/sec, total throughput 1210.84 ops/sec
Zipfian (epoch 102, progress 0.36%): UPDATE throughput 59.99 ops/sec, INSERT throughput 0.00 ops/sec, READ throughput 1192.84 ops/sec, SCAN throughput 0.00 ops/sec, READ_MODIFY_WRITE throughput 0.00 ops/sec, total throughput 1252.83 ops/sec
Zipfian (epoch 103, progress 0.37%): UPDATE throughput 60.99 ops/sec, INSERT throughput 0.00 ops/sec, READ throughput 1047.90 ops/sec, SCAN throughput 0.00 ops/sec, READ_MODIFY_WRITE throughput 0.00 ops/sec, total throughput 1108.89 ops/sec
Zipfian (epoch 104, progress 0.37%): UPDATE throughput 49.99 ops/sec, INSERT throughput 0.00 ops/sec, READ throughput 997.87 ops/sec, SCAN throughput 0.00 ops/sec, READ_MODIFY_WRITE throughput 0.00 ops/sec, total throughput 1047.86 ops/sec
Zipfian (epoch 105, progress 0.37%): UPDATE throughput 62.99 ops/sec, INSERT throughput 0.00 ops/sec, READ throughput 1157.84 ops/sec, SCAN throughput 0.00 ops/sec, READ_MODIFY_WRITE throughput 0.00 ops/sec, total throughput 1220.83 ops/sec
Zipfian (epoch 106, progress 0.37%): UPDATE throughput 64.99 ops/sec, INSERT throughput 0.00 ops/sec, READ throughput 1139.85 ops/sec, SCAN throughput 0.00 ops/sec, READ_MODIFY_WRITE throughput 0.00 ops/sec, total throughput 1204.84 ops/sec
Zipfian (epoch 107, progress 0.38%): UPDATE throughput 54.99 ops/sec, INSERT throughput 0.00 ops/sec, READ throughput 1188.86 ops/sec, SCAN throughput 0.00 ops/sec, READ_MODIFY_WRITE throughput 0.00 ops/sec, total throughput 1243.85 ops/sec
Zipfian (epoch 108, progress 0.38%): UPDATE throughput 68.99 ops/sec, INSERT throughput 0.00 ops/sec, READ throughput 970.91 ops/sec, SCAN throughput 0.00 ops/sec, READ_MODIFY_WRITE throughput 0.00 ops/sec, total throughput 1039.91 ops/sec
Zipfian (epoch 109, progress 0.38%): UPDATE throughput 43.00 ops/sec, INSERT throughput 0.00 ops/sec, READ throughput 746.93 ops/sec, SCAN throughput 0.00 ops/sec, READ_MODIFY_WRITE throughput 0.00 ops/sec, total throughput 789.92 ops/sec
Zipfian (epoch 110, progress 0.38%): UPDATE throughput 41.00 ops/sec, INSERT throughput 0.00 ops/sec, READ throughput 783.92 ops/sec, SCAN throughput 0.00 ops/sec, READ_MODIFY_WRITE throughput 0.00 ops/sec, total throughput 824.91 ops/sec
Zipfian (epoch 111, progress 0.39%): UPDATE throughput 49.00 ops/sec, INSERT throughput 0.00 ops/sec, READ throughput 937.91 ops/sec, SCAN throughput 0.00 ops/sec, READ_MODIFY_WRITE throughput 0.00 ops/sec, total throughput 986.91 ops/sec
Zipfian (epoch 112, progress 0.39%): UPDATE throughput 53.99 ops/sec, INSERT throughput 0.00 ops/sec, READ throughput 922.91 ops/sec, SCAN throughput 0.00 ops/sec, READ_MODIFY_WRITE throughput 0.00 ops/sec, total throughput 976.91 ops/sec
Zipfian (epoch 113, progress 0.39%): UPDATE throughput 39.99 ops/sec, INSERT throughput 0.00 ops/sec, READ throughput 1021.84 ops/sec, SCAN throughput 0.00 ops/sec, READ_MODIFY_WRITE throughput 0.00 ops/sec, total throughput 1061.84 ops/sec
Zipfian (epoch 114, progress 0.40%): UPDATE throughput 70.99 ops/sec, INSERT throughput 0.00 ops/sec, READ throughput 1051.86 ops/sec, SCAN throughput 0.00 ops/sec, READ_MODIFY_WRITE throughput 0.00 ops/sec, total throughput 1122.85 ops/sec
Zipfian (epoch 115, progress 0.40%): UPDATE throughput 42.00 ops/sec, INSERT throughput 0.00 ops/sec, READ throughput 1086.90 ops/sec, SCAN throughput 0.00 ops/sec, READ_MODIFY_WRITE throughput 0.00 ops/sec, total throughput 1128.89 ops/sec
Zipfian (epoch 116, progress 0.40%): UPDATE throughput 50.00 ops/sec, INSERT throughput 0.00 ops/sec, READ throughput 1031.90 ops/sec, SCAN throughput 0.00 ops/sec, READ_MODIFY_WRITE throughput 0.00 ops/sec, total throughput 1081.90 ops/sec
Zipfian (epoch 117, progress 0.40%): UPDATE throughput 43.99 ops/sec, INSERT throughput 0.00 ops/sec, READ throughput 1136.85 ops/sec, SCAN throughput 0.00 ops/sec, READ_MODIFY_WRITE throughput 0.00 ops/sec, total throughput 1180.84 ops/sec
Zipfian (epoch 118, progress 0.41%): UPDATE throughput 53.99 ops/sec, INSERT throughput 0.00 ops/sec, READ throughput 1080.86 ops/sec, SCAN throughput 0.00 ops/sec, READ_MODIFY_WRITE throughput 0.00 ops/sec, total throughput 1134.85 ops/sec
Zipfian (epoch 119, progress 0.41%): UPDATE throughput 48.99 ops/sec, INSERT throughput 0.00 ops/sec, READ throughput 1027.89 ops/sec, SCAN throughput 0.00 ops/sec, READ_MODIFY_WRITE throughput 0.00 ops/sec, total throughput 1076.89 ops/sec
Zipfian (epoch 120, progress 0.41%): UPDATE throughput 57.99 ops/sec, INSERT throughput 0.00 ops/sec, READ throughput 969.84 ops/sec, SCAN throughput 0.00 ops/sec, READ_MODIFY_WRITE throughput 0.00 ops/sec, total throughput 1027.84 ops/sec
time's up!
Zipfian: calculating overall performance metrics... (might take a while)
Zipfian overall: UPDATE throughput 67.83 ops/sec, INSERT throughput 0.00 ops/sec, READ throughput 1303.96 ops/sec, SCAN throughput 0.00 ops/sec, READ_MODIFY_WRITE throughput 0.00 ops/sec, total throughput 1371.80 ops/sec
Zipfian overall: UPDATE average latency 1785142.69 ns, UPDATE p99 latency 1391999.49 ns, INSERT average latency 0.00 ns, INSERT p99 latency 0.00 ns, READ average latency 2967671.08 ns, READ p99 latency 43734034.77 ns, SCAN average latency 0.00 ns, SCAN p99 latency 0.00 ns, READ_MODIFY_WRITE average latency 0.00 ns, READ_MODIFY_WRITE p99 latency 0.00 ns

--- wan_writer ---
ZipfianWorkload: start initializing zipfian variables, might take a while
Zipfian (Warm-Up) (epoch 0, progress 0.00%): UPDATE throughput 0.00 ops/sec, INSERT throughput 0.00 ops/sec, READ throughput 0.00 ops/sec, SCAN throughput 0.00 ops/sec, READ_MODIFY_WRITE throughput 0.00 ops/sec, total throughput 0.00 ops/sec
Zipfian (Warm-Up) (epoch 1, progress 0.00%): UPDATE throughput 0.00 ops/sec, INSERT throughput 0.00 ops/sec, READ throughput 172.98 ops/sec, SCAN throughput 0.00 ops/sec, READ_MODIFY_WRITE throughput 175.98 ops/sec, total throughput 348.96 ops/sec
Zipfian (Warm-Up) (epoch 2, progress 0.00%): UPDATE throughput 0.00 ops/sec, INSERT throughput 0.00 ops/sec, READ throughput 228.97 ops/sec, SCAN throughput 0.00 ops/sec, READ_MODIFY_WRITE throughput 235.97 ops/sec, total throughput 464.93 ops/sec
Zipfian (Warm-Up) (epoch 3, progress 0.00%): UPDATE throughput 0.00 ops/sec, INSERT throughput 0.00 ops/sec, READ throughput 267.96 ops/sec, SCAN throughput 0.00 ops/sec, READ_MODIFY_WRITE throughput 289.96 ops/sec, total throughput 557.93 ops/sec
Zipfian (Warm-Up) (epoch 4, progress 0.00%): UPDATE throughput 0.00 ops/sec, INSERT throughput 0.00 ops/sec, READ throughput 293.96 ops/sec, SCAN throughput 0.00 ops/sec, READ_MODIFY_WRITE throughput 302.96 ops/sec, total throughput 596.92 ops/sec
Zipfian (Warm-Up) (epoch 5, progress 0.01%): UPDATE throughput 0.00 ops/sec, INSERT throughput 0.00 ops/sec, READ throughput 365.95 ops/sec, SCAN throughput 0.00 ops/sec, READ_MODIFY_WRITE throughput 366.95 ops/sec, total throughput 732.90 ops/sec
Zipfian (Warm-Up) (epoch 6, progress 0.01%): UPDATE throughput 0.00 ops/sec, INSERT throughput 0.00 ops/sec, READ throughput 332.95 ops/sec, SCAN throughput 0.00 ops/sec, READ_MODIFY_WRITE throughput 309.96 ops/sec, total throughput 642.91 ops/sec
Zipfian (Warm-Up) (epoch 7, progress 0.01%): UPDATE throughput 0.00 ops/sec, INSERT throughput 0.00 ops/sec, READ throughput 328.95 ops/sec, SCAN throughput 0.00 ops/sec, READ_MODIFY_WRITE throughput 322.95 ops/sec, total throughput 651.91 ops/sec
Zipfian (Warm-Up) (epoch 8, progress 0.01%): UPDATE throughput 0.00 ops/sec, INSERT throughput 0.00 ops/sec, READ throughput 342.96 ops/sec, SCAN throughput 0.00 ops/sec, READ_MODIFY_WRITE throughput 383.95 ops/sec, total throughput 726.91 ops/sec
Zipfian (Warm-Up) (epoch 9, progress 0.01%): UPDATE throughput 0.00 ops/sec, INSERT throughput 0.00 ops/sec, READ throughput 329.96 ops/sec, SCAN throughput 0.00 ops/sec, READ_MODIFY_WRITE throughput 335.95 ops/sec, total throughput 665.91 ops/sec
Zipfian (Warm-Up) (epoch 10, progress 0.02%): UPDATE throughput 0.00 ops/sec, INSERT throughput 0.00 ops/sec, READ throughput 359.96 ops/sec, SCAN throughput 0.00 ops/sec, READ_MODIFY_WRITE throughput 389.96 ops/sec, total throughput 749.92 ops/sec
Zipfian (Warm-Up) (epoch 11, progress 0.02%): UPDATE throughput 0.00 ops/sec, INSERT throughput 0.00 ops/sec, READ throughput 418.96 ops/sec, SCAN throughput 0.00 ops/sec, READ_MODIFY_WRITE throughput 384.96 ops/sec, total throughput 803.92 ops/sec
Zipfian (Warm-Up) (epoch 12, progress 0.02%): UPDATE throughput 0.00 ops/sec, INSERT throughput 0.00 ops/sec, READ throughput 436.94 ops/sec, SCAN throughput 0.00 ops/sec, READ_MODIFY_WRITE throughput 423.94 ops/sec, total throughput 860.88 ops/sec
Zipfian (Warm-Up) (epoch 13, progress 0.02%): UPDATE throughput 0.00 ops/sec, INSERT throughput 0.00 ops/sec, READ throughput 454.94 ops/sec, SCAN throughput 0.00 ops/sec, READ_MODIFY_WRITE throughput 402.95 ops/sec, total throughput 857.89 ops/sec
Zipfian (Warm-Up) (epoch 14, progress 0.02%): UPDATE throughput 0.00 ops/sec, INSERT throughput 0.00 ops/sec, READ throughput 513.93 ops/sec, SCAN throughput 0.00 ops/sec, READ_MODIFY_WRITE throughput 536.93 ops/sec, total throughput 1050.86 ops/sec
Zipfian (Warm-Up) (epoch 15, progress 0.03%): UPDATE throughput 0.00 ops/sec, INSERT throughput 0.00 ops/sec, READ throughput 513.93 ops/sec, SCAN throughput 0.00 ops/sec, READ_MODIFY_WRITE throughput 498.93 ops/sec, total throughput 1012.86 ops/sec
Zipfian (Warm-Up) (epoch 16, progress 0.03%): UPDATE throughput 0.00 ops/sec, INSERT throughput 0.00 ops/sec, READ throughput 536.95 ops/sec, SCAN throughput 0.00 ops/sec, READ_MODIFY_WRITE throughput 539.95 ops/sec, total throughput 1076.90 ops/sec
Zipfian (Warm-Up) (epoch 17, progress 0.03%): UPDATE throughput 0.00 ops/sec, INSERT throughput 0.00 ops/sec, READ throughput 529.93 ops/sec, SCAN throughput 0.00 ops/sec, READ_MODIFY_WRITE throughput 459.94 ops/sec, total throughput 989.87 ops/sec
Zipfian (Warm-Up) (epoch 18, progress 0.03%): UPDATE throughput 0.00 ops/sec, INSERT throughput 0.00 ops/sec, READ throughput 576.92 ops/sec, SCAN throughput 0.00 ops/sec, READ_MODIFY_WRITE throughput 533.93 ops/sec, total throughput 1110.85 ops/sec
Zipfian (Warm-Up) (epoch 19, progress 0.04%): UPDATE throughput 0.00 ops/sec, INSERT throughput 0.00 ops/sec, READ throughput 674.93 ops/sec, SCAN throughput 0.00 ops/sec, READ_MODIFY_WRITE throughput 608.94 ops/sec, total throughput 1283.87 ops/sec
Zipfian (Warm-Up) (epoch 20, progress 0.04%): UPDATE throughput 0.00 ops/sec, INSERT throughput 0.00 ops/sec, READ throughput 722.90 ops/sec, SCAN throughput 0.00 ops/sec, READ_MODIFY_WRITE throughput 659.91 ops/sec, total throughput 1382.81 ops/sec
Zipfian (Warm-Up) (epoch 21, progress 0.04%): UPDATE throughput 0.00 ops/sec, INSERT throughput 0.00 ops/sec, READ throughput 682.91 ops/sec, SCAN throughput 0.00 ops/sec, READ_MODIFY_WRITE throughput 706.90 ops/sec, total throughput 1389.81 ops/sec
Zipfian (Warm-Up) (epoch 22, progress 0.05%): UPDATE throughput 0.00 ops/sec, INSERT throughput 0.00 ops/sec, READ throughput 734.92 ops/sec, SCAN throughput 0.00 ops/sec, READ_MODIFY_WRITE throughput 739.92 ops/sec, total throughput 1474.84 ops/sec
Zipfian (Warm-Up) (epoch 23, progress 0.05%): UPDATE throughput 0.00 ops/sec, INSERT throughput 0.00 ops/sec, READ throughput 719.90 ops/sec, SCAN throughput 0.00 ops/sec, READ_MODIFY_WRITE throughput 726.90 ops/sec, total throughput 1446.80 ops/sec
Zipfian (Warm-Up) (epoch 24, progress 0.06%): UPDATE throughput 0.00 ops/sec, INSERT throughput 0.00 ops/sec, READ throughput 872.88 ops/sec, SCAN throughput 0.00 ops/sec, READ_MODIFY_WRITE throughput 911.88 ops/sec, total throughput 1784.76 ops/sec
Zipfian (Warm-Up) (epoch 25, progress 0.06%): UPDATE throughput 0.00 ops/sec, INSERT throughput 0.00 ops/sec, READ throughput 869.88 ops/sec, SCAN throughput 0.00 ops/sec, READ_MODIFY_WRITE throughput 797.89 ops/sec, total throughput 1667.77 ops/sec
Zipfian (Warm-Up) (epoch 26, progress 0.07%): UPDATE throughput 0.00 ops/sec, INSERT throughput 0.00 ops/sec, READ throughput 899.88 ops/sec, SCAN throughput 0.00 ops/sec, READ_MODIFY_WRITE throughput 911.88 ops/sec, total throughput 1811.76 ops/sec
Zipfian (Warm-Up) (epoch 27, progress 0.07%): UPDATE throughput 0.00 ops/sec, INSERT throughput 0.00 ops/sec, READ throughput 1014.87 ops/sec, SCAN throughput 0.00 ops/sec, READ_MODIFY_WRITE throughput 1047.86 ops/sec, total throughput 2062.73 ops/sec
Zipfian (Warm-Up) (epoch 28, progress 0.07%): UPDATE throughput 0.00 ops/sec, INSERT throughput 0.00 ops/sec, READ throughput 808.89 ops/sec, SCAN throughput 0.00 ops/sec, READ_MODIFY_WRITE throughput 859.89 ops/sec, total throughput 1668.78 ops/sec
Zipfian (Warm-Up) (epoch 29, progress 0.08%): UPDATE throughput 0.00 ops/sec, INSERT throughput 0.00 ops/sec, READ throughput 1047.86 ops/sec, SCAN throughput 0.00 ops/sec, READ_MODIFY_WRITE throughput 1069.86 ops/sec, total throughput 2117.72 ops/sec
Zipfian (Warm-Up) (epoch 30, progress 0.09%): UPDATE throughput 0.00 ops/sec, INSERT throughput 0.00 ops/sec, READ throughput 1111.84 ops/sec, SCAN throughput 0.00 ops/sec, READ_MODIFY_WRITE throughput 1130.84 ops/sec, total throughput 2242.68 ops/sec
time's up!
Zipfian (Warm-Up): calculating overall performance metrics... (might take a while)
Zipfian (Warm-Up) overall: UPDATE throughput 0.00 ops/sec, INSERT throughput 0.00 ops/sec, READ throughput 572.32 ops/sec, SCAN throughput 0.00 ops/sec, READ_MODIFY_WRITE throughput 568.95 ops/sec, total throughput 1141.27 ops/sec
Zipfian (Warm-Up) overall: UPDATE average latency 0.00 ns, UPDATE p99 latency 0.00 ns, INSERT average latency 0.00 ns, INSERT p99 latency 0.00 ns, READ average latency 5432834.26 ns, READ p99 latency 58401397.84 ns, SCAN average latency 0.00 ns, SCAN p99 latency 0.00 ns, READ_MODIFY_WRITE average latency 1535041.54 ns, READ_MODIFY_WRITE p99 latency 33385669.32 ns
ZipfianWorkload: start initializing zipfian variables, might take a while
Zipfian (epoch 0, progress 0.00%): UPDATE throughput 0.00 ops/sec, INSERT throughput 0.00 ops/sec, READ throughput 0.00 ops/sec, SCAN throughput 0.00 ops/sec, READ_MODIFY_WRITE throughput 0.00 ops/sec, total throughput 0.00 ops/sec
Zipfian (epoch 1, progress 0.06%): UPDATE throughput 0.00 ops/sec, INSERT throughput 0.00 ops/sec, READ throughput 12638.85 ops/sec, SCAN throughput 0.00 ops/sec, READ_MODIFY_WRITE throughput 12435.87 ops/sec, total throughput 25074.72 ops/sec
Zipfian (epoch 2, progress 0.09%): UPDATE throughput 0.00 ops/sec, INSERT throughput 0.00 ops/sec, READ throughput 5178.50 ops/sec, SCAN throughput 0.00 ops/sec, READ_MODIFY_WRITE throughput 5248.50 ops/sec, total throughput 10427.00 ops/sec
Zipfian (epoch 3, progress 0.09%): UPDATE throughput 0.00 ops/sec, INSERT throughput 0.00 ops/sec, READ throughput 1066.90 ops/sec, SCAN throughput 0.00 ops/sec, READ_MODIFY_WRITE throughput 1049.90 ops/sec, total throughput 2116.79 ops/sec
Zipfian (epoch 4, progress 0.10%): UPDATE throughput 0.00 ops/sec, INSERT throughput 0.00 ops/sec, READ throughput 1146.84 ops/sec, SCAN throughput 0.00 ops/sec, READ_MODIFY_WRITE throughput 1199.84 ops/sec, total throughput 2346.68 ops/sec
Zipfian (epoch 5, progress 0.11%): UPDATE throughput 0.00 ops/sec, INSERT throughput 0.00 ops/sec, READ throughput 1177.88 ops/sec, SCAN throughput 0.00 ops/sec, READ_MODIFY_WRITE throughput 1120.89 ops/sec, total throughput 2298.77 ops/sec
Zipfian (epoch 6, progress 0.11%): UPDATE throughput 0.00 ops/sec, INSERT throughput 0.00 ops/sec, READ throughput 1194.88 ops/sec, SCAN throughput 0.00 ops/sec, READ_MODIFY_WRITE throughput 1213.88 ops/sec, total throughput 2408.76 ops/sec
Zipfian (epoch 7, progress 0.12%): UPDATE throughput 0.00 ops/sec, INSERT throughput 0.00 ops/sec, READ throughput 1096.86 ops/sec, SCAN throughput 0.00 ops/sec, READ_MODIFY_WRITE throughput 1045.87 ops/sec, total throughput 2142.73 ops/sec
Zipfian (epoch 8, progress 0.12%): UPDATE throughput 0.00 ops/sec, INSERT throughput 0.00 ops/sec, READ throughput 979.90 ops/sec, SCAN throughput 0.00 ops/sec, READ_MODIFY_WRITE throughput 927.90 ops/sec, total throughput 1907.80 ops/sec
Zipfian (epoch 9, progress 0.13%): UPDATE throughput 0.00 ops/sec, INSERT throughput 0.00 ops/sec, READ throughput 1076.86 ops/sec, SCAN throughput 0.00 ops/sec, READ_MODIFY_WRITE throughput 1050.86 ops/sec, total throughput 2127.71 ops/sec
Zipfian (epoch 10, progress 0.13%): UPDATE throughput 0.00 ops/sec, INSERT throughput 0.00 ops/sec, READ throughput 1158.88 ops/sec, SCAN throughput 0.00 ops/sec, READ_MODIFY_WRITE throughput 1130.88 ops/sec, total throughput 2289.76 ops/sec
Zipfian (epoch 11, progress 0.14%): UPDATE throughput 0.00 ops/sec, INSERT throughput 0.00 ops/sec, READ throughput 851.89 ops/sec, SCAN throughput 0.00 ops/sec, READ_MODIFY_WRITE throughput 947.87 ops/sec, total throughput 1799.76 ops/sec
Zipfian (epoch 12, progress 0.14%): UPDATE throughput 0.00 ops/sec, INSERT throughput 0.00 ops/sec, READ throughput 1016.90 ops/sec, SCAN throughput 0.00 ops/sec, READ_MODIFY_WRITE throughput 1060.89 ops/sec, total throughput 2077.79 ops/sec
Zipfian (epoch 13, progress 0.15%): UPDATE throughput 0.00 ops/sec, INSERT throughput 0.00 ops/sec, READ throughput 876.89 ops/sec, SCAN throughput 0.00 ops/sec, READ_MODIFY_WRITE throughput 896.88 ops/sec, total throughput 1773.77 ops/sec
Zipfian (epoch 14, progress 0.15%): UPDATE throughput 0.00 ops/sec, INSERT throughput 0.00 ops/sec, READ throughput 746.89 ops/sec, SCAN throughput 0.00 ops/sec, READ_MODIFY_WRITE throughput 693.90 ops/sec, total throughput 1440.79 ops/sec
Zipfian (epoch 15, progress 0.16%): UPDATE throughput 0.00 ops/sec, INSERT throughput 0.00 ops/sec, READ throughput 889.90 ops/sec, SCAN throughput 0.00 ops/sec, READ_MODIFY_WRITE throughput 903.90 ops/sec, total throughput 1793.80 ops/sec
Zipfian (epoch 16, progress 0.16%): UPDATE throughput 0.00 ops/sec, INSERT throughput 0.00 ops/sec, READ throughput 645.91 ops/sec, SCAN throughput 0.00 ops/sec, READ_MODIFY_WRITE throughput 656.91 ops/sec, total throughput 1302.82 ops/sec
Zipfian (epoch 17, progress 0.16%): UPDATE throughput 0.00 ops/sec, INSERT throughput 0.00 ops/sec, READ throughput 624.92 ops/sec, SCAN throughput 0.00 ops/sec, READ_MODIFY_WRITE throughput 656.91 ops/sec, total throughput 1281.83 ops/sec
Zipfian (epoch 18, progress 0.17%): UPDATE throughput 0.00 ops/sec, INSERT throughput 0.00 ops/sec, READ throughput 760.92 ops/sec, SCAN throughput 0.00 ops/sec, READ_MODIFY_WRITE throughput 714.93 ops/sec, total throughput 1475.85 ops/sec
Zipfian (epoch 19, progress 0.17%): UPDATE throughput 0.00 ops/sec, INSERT throughput 0.00 ops/sec, READ throughput 715.90 ops/sec, SCAN throughput 0.00 ops/sec, READ_MODIFY_WRITE throughput 715.90 ops/sec, total throughput 1431.81 ops/sec
Zipfian (epoch 20, progress 0.17%): UPDATE throughput 0.00 ops/sec, INSERT throughput 0.00 ops/sec, READ throughput 658.91 ops/sec, SCAN throughput 0.00 ops/sec, READ_MODIFY_WRITE throughput 673.91 ops/sec, total throughput 1332.82 ops/sec
Zipfian (epoch 21, progress 0.18%): UPDATE throughput 0.00 ops/sec, INSERT throughput 0.00 ops/sec, READ throughput 685.91 ops/sec, SCAN throughput 0.00 ops/sec, READ_MODIFY_WRITE throughput 650.91 ops/sec, total throughput 1336.82 ops/sec
Zipfian (epoch 22, progress 0.18%): UPDATE throughput 0.00 ops/sec, INSERT throughput 0.00 ops/sec, READ throughput 700.91 ops/sec, SCAN throughput 0.00 ops/sec, READ_MODIFY_WRITE throughput 660.91 ops/sec, total throughput 1361.82 ops/sec
Zipfian (epoch 23, progress 0.18%): UPDATE throughput 0.00 ops/sec, INSERT throughput 0.00 ops/sec, READ throughput 702.93 ops/sec, SCAN throughput 0.00 ops/sec, READ_MODIFY_WRITE throughput 739.92 ops/sec, total throughput 1442.85 ops/sec
Zipfian (epoch 24, progress 0.19%): UPDATE throughput 0.00 ops/sec, INSERT throughput 0.00 ops/sec, READ throughput 693.91 ops/sec, SCAN throughput 0.00 ops/sec, READ_MODIFY_WRITE throughput 674.91 ops/sec, total throughput 1368.82 ops/sec
Zipfian (epoch 25, progress 0.19%): UPDATE throughput 0.00 ops/sec, INSERT throughput 0.00 ops/sec, READ throughput 712.93 ops/sec, SCAN throughput 0.00 ops/sec, READ_MODIFY_WRITE throughput 703.93 ops/sec, total throughput 1416.85 ops/sec
Zipfian (epoch 26, progress 0.19%): UPDATE throughput 0.00 ops/sec, INSERT throughput 0.00 ops/sec, READ throughput 684.91 ops/sec, SCAN throughput 0.00 ops/sec, READ_MODIFY_WRITE throughput 705.90 ops/sec, total throughput 1390.81 ops/sec
Zipfian (epoch 27, progress 0.20%): UPDATE throughput 0.00 ops/sec, INSERT throughput 0.00 ops/sec, READ throughput 752.90 ops/sec, SCAN throughput 0.00 ops/sec, READ_MODIFY_WRITE throughput 759.90 ops/sec, total throughput 1512.80 ops/sec
Zipfian (epoch 28, progress 0.20%): UPDATE throughput 0.00 ops/sec, INSERT throughput 0.00 ops/sec, READ throughput 662.91 ops/sec, SCAN throughput 0.00 ops/sec, READ_MODIFY_WRITE throughput 667.91 ops/sec, total throughput 1330.82 ops/sec
Zipfian (epoch 29, progress 0.20%): UPDATE throughput 0.00 ops/sec, INSERT throughput 0.00 ops/sec, READ throughput 733.93 ops/sec, SCAN throughput 0.00 ops/sec, READ_MODIFY_WRITE throughput 733.93 ops/sec, total throughput 1467.86 ops/sec
Zipfian (epoch 30, progress 0.21%): UPDATE throughput 0.00 ops/sec, INSERT throughput 0.00 ops/sec, READ throughput 769.93 ops/sec, SCAN throughput 0.00 ops/sec, READ_MODIFY_WRITE throughput 749.93 ops/sec, total throughput 1519.85 ops/sec
Zipfian (epoch 31, progress 0.21%): UPDATE throughput 0.00 ops/sec, INSERT throughput 0.00 ops/sec, READ throughput 676.93 ops/sec, SCAN throughput 0.00 ops/sec, READ_MODIFY_WRITE throughput 659.93 ops/sec, total throughput 1336.86 ops/sec
Zipfian (epoch 32, progress 0.21%): UPDATE throughput 0.00 ops/sec, INSERT throughput 0.00 ops/sec, READ throughput 840.92 ops/sec, SCAN throughput 0.00 ops/sec, READ_MODIFY_WRITE throughput 803.92 ops/sec, total throughput 1644.84 ops/sec
Zipfian (epoch 33, progress 0.22%): UPDATE throughput 0.00 ops/sec, INSERT throughput 0.00 ops/sec, READ throughput 681.93 ops/sec, SCAN throughput 0.00 ops/sec, READ_MODIFY_WRITE throughput 699.93 ops/sec, total throughput 1381.87 ops/sec
Zipfian (epoch 34, progress 0.22%): UPDATE throughput 0.00 ops/sec, INSERT throughput 0.00 ops/sec, READ throughput 668.91 ops/sec, SCAN throughput 0.00 ops/sec, READ_MODIFY_WRITE throughput 746.90 ops/sec, total throughput 1415.81 ops/sec
Zipfian (epoch 35, progress 0.23%): UPDATE throughput 0.00 ops/sec, INSERT throughput 0.00 ops/sec, READ throughput 645.94 ops/sec, SCAN throughput 0.00 ops/sec, READ_MODIFY_WRITE throughput 643.94 ops/sec, total throughput 1289.87 ops/sec
Zipfian (epoch 36, progress 0.23%): UPDATE throughput 0.00 ops/sec, INSERT throughput 0.00 ops/sec, READ throughput 659.90 ops/sec, SCAN throughput 0.00 ops/sec, READ_MODIFY_WRITE throughput 666.90 ops/sec, total throughput 1326.80 ops/sec
Zipfian (epoch 37, progress 0.23%): UPDATE throughput 0.00 ops/sec, INSERT throughput 0.00 ops/sec, READ throughput 650.88 ops/sec, SCAN throughput 0.00 ops/sec, READ_MODIFY_WRITE throughput 619.88 ops/sec, total throughput 1270.76 ops/sec
Zipfian (epoch 38, progress 0.23%): UPDATE throughput 0.00 ops/sec, INSERT throughput 0.00 ops/sec, READ throughput 338.95 ops/sec, SCAN throughput 0.00 ops/sec, READ_MODIFY_WRITE throughput 406.94 ops/sec, total throughput 745.90 ops/sec
Zipfian (epoch 39, progress 0.24%): UPDATE throughput 0.00 ops/sec, INSERT throughput 0.00 ops/sec, READ throughput 488.93 ops/sec, SCAN throughput 0.00 ops/sec, READ_MODIFY_WRITE throughput 500.93 ops/sec, total throughput 989.86 ops/sec
Zipfian (epoch 40, progress 0.24%): UPDATE throughput 0.00 ops/sec, INSERT throughput 0.00 ops/sec, READ throughput 722.91 ops/sec, SCAN throughput 0.00 ops/sec, READ_MODIFY_WRITE throughput 676.91 ops/sec, total throughput 1399.82 ops/sec
Zipfian (epoch 41, progress 0.24%): UPDATE throughput 0.00 ops/sec, INSERT throughput 0.00 ops/sec, READ throughput 706.91 ops/sec, SCAN throughput 0.00 ops/sec, READ_MODIFY_WRITE throughput 736.90 ops/sec, total throughput 1443.81 ops/sec
Zipfian (epoch 42, progress 0.25%): UPDATE throughput 0.00 ops/sec, INSERT throughput 0.00 ops/sec, READ throughput 670.91 ops/sec, SCAN throughput 0.00 ops/sec, READ_MODIFY_WRITE throughput 681.91 ops/sec, total throughput 1352.82 ops/sec
Zipfian (epoch 43, progress 0.25%): UPDATE throughput 0.00 ops/sec, INSERT throughput 0.00 ops/sec, READ throughput 639.92 ops/sec, SCAN throughput 0.00 ops/sec, READ_MODIFY_WRITE throughput 668.91 ops/sec, total throughput 1308.83 ops/sec
Zipfian (epoch 44, progress 0.25%): UPDATE throughput 0.00 ops/sec, INSERT throughput 0.00 ops/sec, READ throughput 783.89 ops/sec, SCAN throughput 0.00 ops/sec, READ_MODIFY_WRITE throughput 795.89 ops/sec, total throughput 1579.78 ops/sec
Zipfian (epoch 45, progress 0.26%): UPDATE throughput 0.00 ops/sec, INSERT throughput 0.00 ops/sec, READ throughput 739.90 ops/sec, SCAN throughput 0.00 ops/sec, READ_MODIFY_WRITE throughput 723.91 ops/sec, total throughput 1463.81 ops/sec
Zipfian (epoch 46, progress 0.26%): UPDATE throughput 0.00 ops/sec, INSERT throughput 0.00 ops/sec, READ throughput 758.90 ops/sec, SCAN throughput 0.00 ops/sec, READ_MODIFY_WRITE throughput 765.90 ops/sec, total throughput 1524.80 ops/sec
Zipfian (epoch 47, progress 0.27%): UPDATE throughput 0.00 ops/sec, INSERT throughput 0.00 ops/sec, READ throughput 833.89 ops/sec, SCAN throughput 0.00 ops/sec, READ_MODIFY_WRITE throughput 802.89 ops/sec, total throughput 1636.78 ops/sec
Zipfian (epoch 48, progress 0.27%): UPDATE throughput 0.00 ops/sec, INSERT throughput 0.00 ops/sec, READ throughput 670.91 ops/sec, SCAN throughput 0.00 ops/sec, READ_MODIFY_WRITE throughput 657.91 ops/sec, total throughput 1328.83 ops/sec
Zipfian (epoch 49, progress 0.27%): UPDATE throughput 0.00 ops/sec, INSERT throughput 0.00 ops/sec, READ throughput 718.90 ops/sec, SCAN throughput 0.00 ops/sec, READ_MODIFY_WRITE throughput 685.91 ops/sec, total throughput 1404.81 ops/sec
Zipfian (epoch 50, progress 0.28%): UPDATE throughput 0.00 ops/sec, INSERT throughput 0.00 ops/sec, READ throughput 818.89 ops/sec, SCAN throughput 0.00 ops/sec, READ_MODIFY_WRITE throughput 828.89 ops/sec, total throughput 1647.78 ops/sec
Zipfian (epoch 51, progress 0.28%): UPDATE throughput 0.00 ops/sec, INSERT throughput 0.00 ops/sec, READ throughput 728.90 ops/sec, SCAN throughput 0.00 ops/sec, READ_MODIFY_WRITE throughput 742.90 ops/sec, total throughput 1471.81 ops/sec
Zipfian (epoch 52, progress 0.28%): UPDATE throughput 0.00 ops/sec, INSERT throughput 0.00 ops/sec, READ throughput 769.90 ops/sec, SCAN throughput 0.00 ops/sec, READ_MODIFY_WRITE throughput 798.89 ops/sec, total throughput 1568.79 ops/sec
Zipfian (epoch 53, progress 0.29%): UPDATE throughput 0.00 ops/sec, INSERT throughput 0.00 ops/sec, READ throughput 736.92 ops/sec, SCAN throughput 0.00 ops/sec, READ_MODIFY_WRITE throughput 765.92 ops/sec, total throughput 1502.84 ops/sec
Zipfian (epoch 54, progress 0.29%): UPDATE throughput 0.00 ops/sec, INSERT throughput 0.00 ops/sec, READ throughput 759.93 ops/sec, SCAN throughput 0.00 ops/sec, READ_MODIFY_WRITE throughput 770.93 ops/sec, total throughput 1530.86 ops/sec
Zipfian (epoch 55, progress 0.30%): UPDATE throughput 0.00 ops/sec, INSERT throughput 0.00 ops/sec, READ throughput 883.92 ops/sec, SCAN throughput 0.00 ops/sec, READ_MODIFY_WRITE throughput 861.92 ops/sec, total throughput 1745.84 ops/sec
Zipfian (epoch 56, progress 0.30%): UPDATE throughput 0.00 ops/sec, INSERT throughput 0.00 ops/sec, READ throughput 728.93 ops/sec, SCAN throughput 0.00 ops/sec, READ_MODIFY_WRITE throughput 734.93 ops/sec, total throughput 1463.86 ops/sec
Zipfian (epoch 57, progress 0.30%): UPDATE throughput 0.00 ops/sec, INSERT throughput 0.00 ops/sec, READ throughput 847.89 ops/sec, SCAN throughput 0.00 ops/sec, READ_MODIFY_WRITE throughput 852.89 ops/sec, total throughput 1700.78 ops/sec
Zipfian (epoch 58, progress 0.31%): UPDATE throughput 0.00 ops/sec, INSERT throughput 0.00 ops/sec, READ throughput 809.86 ops/sec, SCAN throughput 0.00 ops/sec, READ_MODIFY_WRITE throughput 794.86 ops/sec, total throughput 1604.72 ops/sec
Zipfian (epoch 59, progress 0.31%): UPDATE throughput 0.00 ops/sec, INSERT throughput 0.00 ops/sec, READ throughput 665.90 ops/sec, SCAN throughput 0.00 ops/sec, READ_MODIFY_WRITE throughput 636.91 ops/sec, total throughput 1302.81 ops/sec
Zipfian (epoch 60, progress 0.32%): UPDATE throughput 0.00 ops/sec, INSERT throughput 0.00 ops/sec, READ throughput 810.88 ops/sec, SCAN throughput 0.00 ops/sec, READ_MODIFY_WRITE throughput 799.88 ops/sec, total throughput 1610.76 ops/sec
Zipfian (epoch 61, progress 0.32%): UPDATE throughput 0.00 ops/sec, INSERT throughput 0.00 ops/sec, READ throughput 780.90 ops/sec, SCAN throughput 0.00 ops/sec, READ_MODIFY_WRITE throughput 840.89 ops/sec, total throughput 1621.78 ops/sec
Zipfian (epoch 62, progress 0.32%): UPDATE throughput 0.00 ops/sec, INSERT throughput 0.00 ops/sec, READ throughput 838.91 ops/sec, SCAN throughput 0.00 ops/sec, READ_MODIFY_WRITE throughput 841.91 ops/sec, total throughput 1680.83 ops/sec
Zipfian (epoch 63, progress 0.33%): UPDATE throughput 0.00 ops/sec, INSERT throughput 0.00 ops/sec, READ throughput 671.91 ops/sec, SCAN throughput 0.00 ops/sec, READ_MODIFY_WRITE throughput 738.90 ops/sec, total throughput 1410.81 ops/sec
Zipfian (epoch 64, progress 0.33%): UPDATE throughput 0.00 ops/sec, INSERT throughput 0.00 ops/sec, READ throughput 722.92 ops/sec, SCAN throughput 0.00 ops/sec, READ_MODIFY_WRITE throughput 697.93 ops/sec, total throughput 1420.85 ops/sec
Zipfian (epoch 65, progress 0.33%): UPDATE throughput 0.00 ops/sec, INSERT throughput 0.00 ops/sec, READ throughput 709.90 ops/sec, SCAN throughput 0.00 ops/sec, READ_MODIFY_WRITE throughput 729.89 ops/sec, total throughput 1439.79 ops/sec
Zipfian (epoch 66, progress 0.34%): UPDATE throughput 0.00 ops/sec, INSERT throughput 0.00 ops/sec, READ throughput 630.91 ops/sec, SCAN throughput 0.00 ops/sec, READ_MODIFY_WRITE throughput 568.92 ops/sec, total throughput 1199.84 ops/sec
Zipfian (epoch 67, progress 0.34%): UPDATE throughput 0.00 ops/sec, INSERT throughput 0.00 ops/sec, READ throughput 652.91 ops/sec, SCAN throughput 0.00 ops/sec, READ_MODIFY_WRITE throughput 652.91 ops/sec, total throughput 1305.82 ops/sec
Zipfian (epoch 68, progress 0.34%): UPDATE throughput 0.00 ops/sec, INSERT throughput 0.00 ops/sec, READ throughput 694.90 ops/sec, SCAN throughput 0.00 ops/sec, READ_MODIFY_WRITE throughput 761.89 ops/sec, total throughput 1456.80 ops/sec
Zipfian (epoch 69, progress 0.35%): UPDATE throughput 0.00 ops/sec, INSERT throughput 0.00 ops/sec, READ throughput 695.90 ops/sec, SCAN throughput 0.00 ops/sec, READ_MODIFY_WRITE throughput 697.90 ops/sec, total throughput 1393.79 ops/sec
Zipfian (epoch 70, progress 0.35%): UPDATE throughput 0.00 ops/sec, INSERT throughput 0.00 ops/sec, READ throughput 659.91 ops/sec, SCAN throughput 0.00 ops/sec, READ_MODIFY_WRITE throughput 593.92 ops/sec, total throughput 1253.83 ops/sec
Zipfian (epoch 71, progress 0.35%): UPDATE throughput 0.00 ops/sec, INSERT throughput 0.00 ops/sec, READ throughput 600.92 ops/sec, SCAN throughput 0.00 ops/sec, READ_MODIFY_WRITE throughput 540.93 ops/sec, total throughput 1141.84 ops/sec
Zipfian (epoch 72, progress 0.36%): UPDATE throughput 0.00 ops/sec, INSERT throughput 0.00 ops/sec, READ throughput 709.90 ops/sec, SCAN throughput 0.00 ops/sec, READ_MODIFY_WRITE throughput 729.90 ops/sec, total throughput 1439.81 ops/sec
Zipfian (epoch 73, progress 0.36%): UPDATE throughput 0.00 ops/sec, INSERT throughput 0.00 ops/sec, READ throughput 616.92 ops/sec, SCAN throughput 0.00 ops/sec, READ_MODIFY_WRITE throughput 577.92 ops/sec, total throughput 1194.84 ops/sec
Zipfian (epoch 74, progress 0.36%): UPDATE throughput 0.00 ops/sec, INSERT throughput 0.00 ops/sec, READ throughput 600.92 ops/sec, SCAN throughput 0.00 ops/sec, READ_MODIFY_WRITE throughput 628.91 ops/sec, total throughput 1229.83 ops/sec
Zipfian (epoch 75, progress 0.37%): UPDATE throughput 0.00 ops/sec, INSERT throughput 0.00 ops/sec, READ throughput 593.92 ops/sec, SCAN throughput 0.00 ops/sec, READ_MODIFY_WRITE throughput 611.92 ops/sec, total throughput 1205.84 ops/sec
Zipfian (epoch 76, progress 0.37%): UPDATE throughput 0.00 ops/sec, INSERT throughput 0.00 ops/sec, READ throughput 648.91 ops/sec, SCAN throughput 0.00 ops/sec, READ_MODIFY_WRITE throughput 619.92 ops/sec, total throughput 1268.83 ops/sec
Zipfian (epoch 77, progress 0.37%): UPDATE throughput 0.00 ops/sec, INSERT throughput 0.00 ops/sec, READ throughput 661.91 ops/sec, SCAN throughput 0.00 ops/sec, READ_MODIFY_WRITE throughput 653.91 ops/sec, total throughput 1315.81 ops/sec
Zipfian (epoch 78, progress 0.38%): UPDATE throughput 0.00 ops/sec, INSERT throughput 0.00 ops/sec, READ throughput 708.93 ops/sec, SCAN throughput 0.00 ops/sec, READ_MODIFY_WRITE throughput 639.93 ops/sec, total throughput 1348.86 ops/sec
Zipfian (epoch 79, progress 0.38%): UPDATE throughput 0.00 ops/sec, INSERT throughput 0.00 ops/sec, READ throughput 572.92 ops/sec, SCAN throughput 0.00 ops/sec, READ_MODIFY_WRITE throughput 607.92 ops/sec, total throughput 1180.84 ops/sec
Zipfian (epoch 80, progress 0.38%): UPDATE throughput 0.00 ops/sec, INSERT throughput 0.00 ops/sec, READ throughput 693.93 ops/sec, SCAN throughput 0.00 ops/sec, READ_MODIFY_WRITE throughput 706.93 ops/sec, total throughput 1400.85 ops/sec
Zipfian (epoch 81, progress 0.39%): UPDATE throughput 0.00 ops/sec, INSERT throughput 0.00 ops/sec, READ throughput 674.90 ops/sec, SCAN throughput 0.00 ops/sec, READ_MODIFY_WRITE throughput 655.90 ops/sec, total throughput 1330.80 ops/sec
Zipfian (epoch 82, progress 0.39%): UPDATE throughput 0.00 ops/sec, INSERT throughput 0.00 ops/sec, READ throughput 683.91 ops/sec, SCAN throughput 0.00 ops/sec, READ_MODIFY_WRITE throughput 668.91 ops/sec, total throughput 1352.81 ops/sec
Zipfian (epoch 83, progress 0.39%): UPDATE throughput 0.00 ops/sec, INSERT throughput 0.00 ops/sec, READ throughput 645.91 ops/sec, SCAN throughput 0.00 ops/sec, READ_MODIFY_WRITE throughput 542.93 ops/sec, total throughput 1188.84 ops/sec
Zipfian (epoch 84, progress 0.40%): UPDATE throughput 0.00 ops/sec, INSERT throughput 0.00 ops/sec, READ throughput 650.91 ops/sec, SCAN throughput 0.00 ops/sec, READ_MODIFY_WRITE throughput 618.91 ops/sec, total throughput 1269.82 ops/sec
Zipfian (epoch 85, progress 0.40%): UPDATE throughput 0.00 ops/sec, INSERT throughput 0.00 ops/sec, READ throughput 693.91 ops/sec, SCAN throughput 0.00 ops/sec, READ_MODIFY_WRITE throughput 626.92 ops/sec, total throughput 1320.82 ops/sec
Zipfian (epoch 86, progress 0.40%): UPDATE throughput 0.00 ops/sec, INSERT throughput 0.00 ops/sec, READ throughput 712.92 ops/sec, SCAN throughput 0.00 ops/sec, READ_MODIFY_WRITE throughput 690.93 ops/sec, total throughput 1403.85 ops/sec
Zipfian (epoch 87, progress 0.41%): UPDATE throughput 0.00 ops/sec, INSERT throughput 0.00 ops/sec, READ throughput 661.91 ops/sec, SCAN throughput 0.00 ops/sec, READ_MODIFY_WRITE throughput 636.91 ops/sec, total throughput 1298.82 ops/sec
Zipfian (epoch 88, progress 0.41%): UPDATE throughput 0.00 ops/sec, INSERT throughput 0.00 ops/sec, READ throughput 136.98 ops/sec, SCAN throughput 0.00 ops/sec, READ_MODIFY_WRITE throughput 153.98 ops/sec, total throughput 290.96 ops/sec
Zipfian (epoch 89, progress 0.41%): UPDATE throughput 0.00 ops/sec, INSERT throughput 0.00 ops/sec, READ throughput 0.00 ops/sec, SCAN throughput 0.00 ops/sec, READ_MODIFY_WRITE throughput 0.00 ops/sec, total throughput 0.00 ops/sec
Zipfian (epoch 90, progress 0.41%): UPDATE throughput 0.00 ops/sec, INSERT throughput 0.00 ops/sec, READ throughput 415.93 ops/sec, SCAN throughput 0.00 ops/sec, READ_MODIFY_WRITE throughput 395.94 ops/sec, total throughput 811.87 ops/sec
Zipfian (epoch 91, progress 0.41%): UPDATE throughput 0.00 ops/sec, INSERT throughput 0.00 ops/sec, READ throughput 511.93 ops/sec, SCAN throughput 0.00 ops/sec, READ_MODIFY_WRITE throughput 559.92 ops/sec, total throughput 1071.85 ops/sec
Zipfian (epoch 92, progress 0.41%): UPDATE throughput 0.00 ops/sec, INSERT throughput 0.00 ops/sec, READ throughput 581.92 ops/sec, SCAN throughput 0.00 ops/sec, READ_MODIFY_WRITE throughput 610.91 ops/sec, total throughput 1192.83 ops/sec
Zipfian (epoch 93, progress 0.42%): UPDATE throughput 0.00 ops/sec, INSERT throughput 0.00 ops/sec, READ throughput 651.94 ops/sec, SCAN throughput 0.00 ops/sec, READ_MODIFY_WRITE throughput 659.94 ops/sec, total throughput 1311.88 ops/sec
Zipfian (epoch 94, progress 0.42%): UPDATE throughput 0.00 ops/sec, INSERT throughput 0.00 ops/sec, READ throughput 714.93 ops/sec, SCAN throughput 0.00 ops/sec, READ_MODIFY_WRITE throughput 771.93 ops/sec, total throughput 1486.86 ops/sec
Zipfian (epoch 95, progress 0.42%): UPDATE throughput 0.00 ops/sec, INSERT throughput 0.00 ops/sec, READ throughput 692.91 ops/sec, SCAN throughput 0.00 ops/sec, READ_MODIFY_WRITE throughput 634.91 ops/sec, total throughput 1327.82 ops/sec
Zipfian (epoch 96, progress 0.43%): UPDATE throughput 0.00 ops/sec, INSERT throughput 0.00 ops/sec, READ throughput 684.91 ops/sec, SCAN throughput 0.00 ops/sec, READ_MODIFY_WRITE throughput 665.91 ops/sec, total throughput 1350.81 ops/sec
Zipfian (epoch 97, progress 0.43%): UPDATE throughput 0.00 ops/sec, INSERT throughput 0.00 ops/sec, READ throughput 882.88 ops/sec, SCAN throughput 0.00 ops/sec, READ_MODIFY_WRITE throughput 845.88 ops/sec, total throughput 1728.76 ops/sec
Zipfian (epoch 98, progress 0.44%): UPDATE throughput 0.00 ops/sec, INSERT throughput 0.00 ops/sec, READ throughput 710.91 ops/sec, SCAN throughput 0.00 ops/sec, READ_MODIFY_WRITE throughput 673.91 ops/sec, total throughput 1384.82 ops/sec
Zipfian (epoch 99, progress 0.44%): UPDATE throughput 0.00 ops/sec, INSERT throughput 0.00 ops/sec, READ throughput 808.92 ops/sec, SCAN throughput 0.00 ops/sec, READ_MODIFY_WRITE throughput 793.92 ops/sec, total throughput 1602.84 ops/sec
Zipfian (epoch 100, progress 0.44%): UPDATE throughput 0.00 ops/sec, INSERT throughput 0.00 ops/sec, READ throughput 855.89 ops/sec, SCAN throughput 0.00 ops/sec, READ_MODIFY_WRITE throughput 866.88 ops/sec, total throughput 1722.77 ops/sec
Zipfian (epoch 101, progress 0.45%): UPDATE throughput 0.00 ops/sec, INSERT throughput 0.00 ops/sec, READ throughput 746.93 ops/sec, SCAN throughput 0.00 ops/sec, READ_MODIFY_WRITE throughput 738.93 ops/sec, total throughput 1485.86 ops/sec
Zipfian (epoch 102, progress 0.45%): UPDATE throughput 0.00 ops/sec, INSERT throughput 0.00 ops/sec, READ throughput 821.89 ops/sec, SCAN throughput 0.00 ops/sec, READ_MODIFY_WRITE throughput 820.89 ops/sec, total throughput 1642.78 ops/sec
Zipfian (epoch 103, progress 0.46%): UPDATE throughput 0.00 ops/sec, INSERT throughput 0.00 ops/sec, READ throughput 817.89 ops/sec, SCAN throughput 0.00 ops/sec, READ_MODIFY_WRITE throughput 800.89 ops/sec, total throughput 1618.78 ops/sec
Zipfian (epoch 104, progress 0.46%): UPDATE throughput 0.00 ops/sec, INSERT throughput 0.00 ops/sec, READ throughput 724.90 ops/sec, SCAN throughput 0.00 ops/sec, READ_MODIFY_WRITE throughput 751.90 ops/sec, total throughput 1476.81 ops/sec
Zipfian (epoch 105, progress 0.46%): UPDATE throughput 0.00 ops/sec, INSERT throughput 0.00 ops/sec, READ throughput 846.90 ops/sec, SCAN throughput 0.00 ops/sec, READ_MODIFY_WRITE throughput 890.90 ops/sec, total throughput 1737.80 ops/sec
Zipfian (epoch 106, progress 0.47%): UPDATE throughput 0.00 ops/sec, INSERT throughput 0.00 ops/sec, READ throughput 821.89 ops/sec, SCAN throughput 0.00 ops/sec, READ_MODIFY_WRITE throughput 812.89 ops/sec, total throughput 1634.78 ops/sec
Zipfian (epoch 107, progress 0.47%): UPDATE throughput 0.00 ops/sec, INSERT throughput 0.00 ops/sec, READ throughput 740.92 ops/sec, SCAN throughput 0.00 ops/sec, READ_MODIFY_WRITE throughput 772.92 ops/sec, total throughput 1513.84 ops/sec
Zipfian (epoch 108, progress 0.47%): UPDATE throughput 0.00 ops/sec, INSERT throughput 0.00 ops/sec, READ throughput 605.91 ops/sec, SCAN throughput 0.00 ops/sec, READ_MODIFY_WRITE throughput 593.92 ops/sec, total throughput 1199.83 ops/sec
Zipfian (epoch 109, progress 0.48%): UPDATE throughput 0.00 ops/sec, INSERT throughput 0.00 ops/sec, READ throughput 496.93 ops/sec, SCAN throughput 0.00 ops/sec, READ_MODIFY_WRITE throughput 466.93 ops/sec, total throughput 963.86 ops/sec
Zipfian (epoch 110, progress 0.48%): UPDATE throughput 0.00 ops/sec, INSERT throughput 0.00 ops/sec, READ throughput 471.95 ops/sec, SCAN throughput 0.00 ops/sec, READ_MODIFY_WRITE throughput 514.94 ops/sec, total throughput 986.89 ops/sec
Zipfian (epoch 111, progress 0.48%): UPDATE throughput 0.00 ops/sec, INSERT throughput 0.00 ops/sec, READ throughput 648.93 ops/sec, SCAN throughput 0.00 ops/sec, READ_MODIFY_WRITE throughput 640.93 ops/sec, total throughput 1289.86 ops/sec
Zipfian (epoch 112, progress 0.49%): UPDATE throughput 0.00 ops/sec, INSERT throughput 0.00 ops/sec, READ throughput 604.91 ops/sec, SCAN throughput 0.00 ops/sec, READ_MODIFY_WRITE throughput 616.91 ops/sec, total throughput 1221.82 ops/sec
Zipfian (epoch 113, progress 0.49%): UPDATE throughput 0.00 ops/sec, INSERT throughput 0.00 ops/sec, READ throughput 668.91 ops/sec, SCAN throughput 0.00 ops/sec, READ_MODIFY_WRITE throughput 610.91 ops/sec, total throughput 1279.82 ops/sec
Zipfian (epoch 114, progress 0.49%): UPDATE throughput 0.00 ops/sec, INSERT throughput 0.00 ops/sec, READ throughput 643.91 ops/sec, SCAN throughput 0.00 ops/sec, READ_MODIFY_WRITE throughput 679.91 ops/sec, total throughput 1323.82 ops/sec
Zipfian (epoch 115, progress 0.50%): UPDATE throughput 0.00 ops/sec, INSERT throughput 0.00 ops/sec, READ throughput 672.93 ops/sec, SCAN throughput 0.00 ops/sec, READ_MODIFY_WRITE throughput 643.93 ops/sec, total throughput 1316.86 ops/sec
Zipfian (epoch 116, progress 0.50%): UPDATE throughput 0.00 ops/sec, INSERT throughput 0.00 ops/sec, READ throughput 597.92 ops/sec, SCAN throughput 0.00 ops/sec, READ_MODIFY_WRITE throughput 619.92 ops/sec, total throughput 1217.83 ops/sec
Zipfian (epoch 117, progress 0.50%): UPDATE throughput 0.00 ops/sec, INSERT throughput 0.00 ops/sec, READ throughput 648.91 ops/sec, SCAN throughput 0.00 ops/sec, READ_MODIFY_WRITE throughput 711.90 ops/sec, total throughput 1360.81 ops/sec
Zipfian (epoch 118, progress 0.50%): UPDATE throughput 0.00 ops/sec, INSERT throughput 0.00 ops/sec, READ throughput 525.93 ops/sec, SCAN throughput 0.00 ops/sec, READ_MODIFY_WRITE throughput 515.93 ops/sec, total throughput 1041.86 ops/sec
Zipfian (epoch 119, progress 0.51%): UPDATE throughput 0.00 ops/sec, INSERT throughput 0.00 ops/sec, READ throughput 539.93 ops/sec, SCAN throughput 0.00 ops/sec, READ_MODIFY_WRITE throughput 543.93 ops/sec, total throughput 1083.85 ops/sec
Zipfian (epoch 120, progress 0.51%): UPDATE throughput 0.00 ops/sec, INSERT throughput 0.00 ops/sec, READ throughput 613.91 ops/sec, SCAN throughput 0.00 ops/sec, READ_MODIFY_WRITE throughput 604.92 ops/sec, total throughput 1218.83 ops/sec
time's up!
Zipfian: calculating overall performance metrics... (might take a while)
Zipfian overall: UPDATE throughput 0.00 ops/sec, INSERT throughput 0.00 ops/sec, READ throughput 851.44 ops/sec, SCAN throughput 0.00 ops/sec, READ_MODIFY_WRITE throughput 848.36 ops/sec, total throughput 1699.80 ops/sec
Zipfian overall: UPDATE average latency 0.00 ns, UPDATE p99 latency 0.00 ns, INSERT average latency 0.00 ns, INSERT p99 latency 0.00 ns, READ average latency 2863344.53 ns, READ p99 latency 43698626.93 ns, SCAN average latency 0.00 ns, SCAN p99 latency 0.00 ns, READ_MODIFY_WRITE average latency 1810480.98 ns, READ_MODIFY_WRITE p99 latency 29178021.61 ns

total_throughput 3071.6
read_p99_ns 43734034.77
wan_reader_throughput 1371.8
wan_writer_throughput 1699.8
