--- reader_fast ---
ZipfianWorkload: start initializing zipfian variables, might take a while
Zipfian (Warm-Up) (epoch 0, progress 0.00%): UPDATE throughput 0.00 ops/sec, INSERT throughput 0.00 ops/sec, READ throughput 0.00 ops/sec, SCAN throughput 0.00 ops/sec, READ_MODIFY_WRITE throughput 0.00 ops/sec, total throughput 0.00 ops/sec
Zipfian (Warm-Up) (epoch 1, progress 0.00%): UPDATE throughput 0.00 ops/sec, INSERT throughput 0.00 ops/sec, READ throughput 323.96 ops/sec, SCAN throughput 0.00 ops/sec, READ_MODIFY_WRITE throughput 0.00 ops/sec, total throughput 323.96 ops/sec
Zipfian (Warm-Up) (epoch 2, progress 0.00%): UPDATE throughput 0.00 ops/sec, INSERT throughput 0.00 ops/sec, READ throughput 301.95 ops/sec, SCAN throughput 0.00 ops/sec, READ_MODIFY_WRITE throughput 0.00 ops/sec, total throughput 301.95 ops/sec
Zipfian (Warm-Up) (epoch 3, progress 0.00%): UPDATE throughput 0.00 ops/sec, INSERT throughput 0.00 ops/sec, READ throughput 310.96 ops/sec, SCAN throughput 0.00 ops/sec, READ_MODIFY_WRITE throughput 0.00 ops/sec, total throughput 310.96 ops/sec
Zipfian (Warm-Up) (epoch 4, progress 0.00%): UPDATE throughput 0.00 ops/sec, INSERT throughput 0.00 ops/sec, READ throughput 314.96 ops/sec, SCAN throughput 0.00 ops/sec, READ_MODIFY_WRITE throughput 0.00 ops/sec, total throughput 314.96 ops/sec
Zipfian (Warm-Up) (epoch 5, progress 0.00%): UPDATE throughput 0.00 ops/sec, INSERT throughput 0.00 ops/sec, READ throughput 318.95 ops/sec, SCAN throughput 0.00 ops/sec, READ_MODIFY_WRITE throughput 0.00 ops/sec, total throughput 318.95 ops/sec
Zipfian (Warm-Up) (epoch 6, progress 0.00%): UPDATE throughput 0.00 ops/sec, INSERT throughput 0.00 ops/sec, READ throughput 372.95 ops/sec, SCAN throughput 0.00 ops/sec, READ_MODIFY_WRITE throughput 0.00 ops/sec, total throughput 372.95 ops/sec
Zipfian (Warm-Up) (epoch 7, progress 0.01%): UPDATE throughput 0.00 ops/sec, INSERT throughput 0.00 ops/sec, READ throughput 351.95 ops/sec, SCAN throughput 0.00 ops/sec, READ_MODIFY_WRITE throughput 0.00 ops/sec, total throughput 351.95 ops/sec
Zipfian (Warm-Up) (epoch 8, progress 0.01%): UPDATE throughput 0.00 ops/sec, INSERT throughput 0.00 ops/sec, READ throughput 336.95 ops/sec, SCAN throughput 0.00 ops/sec, READ_MODIFY_WRITE throughput 0.00 ops/sec, total throughput 336.95 ops/sec
Zipfian (Warm-Up) (epoch 9, progress 0.01%): UPDATE throughput 0.00 ops/sec, INSERT throughput 0.00 ops/sec, READ throughput 346.95 ops/sec, SCAN throughput 0.00 ops/sec, READ_MODIFY_WRITE throughput 0.00 ops/sec, total throughput 346.95 ops/sec
Zipfian (Warm-Up) (epoch 10, progress 0.01%): UPDATE throughput 0.00 ops/sec, INSERT throughput 0.00 ops/sec, READ throughput 371.95 ops/sec, SCAN throughput 0.00 ops/sec, READ_MODIFY_WRITE throughput 0.00 ops/sec, total throughput 371.95 ops/sec
Zipfian (Warm-Up) (epoch 11, progress 0.01%): UPDATE throughput 0.00 ops/sec, INSERT throughput 0.00 ops/sec, READ throughput 367.95 ops/sec, SCAN throughput 0.00 ops/sec, READ_MODIFY_WRITE throughput 0.00 ops/sec, total throughput 367.95 ops/sec
Zipfian (Warm-Up) (epoch 12, progress 0.01%): UPDATE throughput 0.00 ops/sec, INSERT throughput 0.00 ops/sec, READ throughput 396.94 ops/sec, SCAN throughput 0.00 ops/sec, READ_MODIFY_WRITE throughput 0.00 ops/sec, total throughput 396.94 ops/sec
Zipfian (Warm-Up) (epoch 13, progress 0.01%): UPDATE throughput 0.00 ops/sec, INSERT throughput 0.00 ops/sec, READ throughput 343.95 ops/sec, SCAN throughput 0.00 ops/sec, READ_MODIFY_WRITE throughput 0.00 ops/sec, total throughput 343.95 ops/sec
Zipfian (Warm-Up) (epoch 14, progress 0.01%): UPDATE throughput 0.00 ops/sec, INSERT throughput 0.00 ops/sec, READ throughput 399.94 ops/sec, SCAN throughput 0.00 ops/sec, READ_MODIFY_WRITE throughput 0.00 ops/sec, total throughput 399.94 ops/sec
Zipfian (Warm-Up) (epoch 15, progress 0.01%): UPDATE throughput 0.00 ops/sec, INSERT throughput 0.00 ops/sec, READ throughput 448.94 ops/sec, SCAN throughput 0.00 ops/sec, READ_MODIFY_WRITE throughput 0.00 ops/sec, total throughput 448.94 ops/sec
Zipfian (Warm-Up) (epoch 16, progress 0.01%): UPDATE throughput 0.00 ops/sec, INSERT throughput 0.00 ops/sec, READ throughput 394.94 ops/sec, SCAN throughput 0.00 ops/sec, READ_MODIFY_WRITE throughput 0.00 ops/sec, total throughput 394.94 ops/sec
Zipfian (Warm-Up) (epoch 17, progress 0.02%): UPDATE throughput 0.00 ops/sec, INSERT throughput 0.00 ops/sec, READ throughput 413.94 ops/sec, SCAN throughput 0.00 ops/sec, READ_MODIFY_WRITE throughput 0.00 ops/sec, total throughput 413.94 ops/sec
Zipfian (Warm-Up) (epoch 18, progress 0.02%): UPDATE throughput 0.00 ops/sec, INSERT throughput 0.00 ops/sec, READ throughput 532.92 ops/sec, SCAN throughput 0.00 ops/sec, READ_MODIFY_WRITE throughput 0.00 ops/sec, total throughput 532.92 ops/sec
Zipfian (Warm-Up) (epoch 19, progress 0.02%): UPDATE throughput 0.00 ops/sec, INSERT throughput 0.00 ops/sec, READ throughput 694.90 ops/sec, SCAN throughput 0.00 ops/sec, READ_MODIFY_WRITE throughput 0.00 ops/sec, total throughput 694.90 ops/sec
Zipfian (Warm-Up) (epoch 20, progress 0.02%): UPDATE throughput 0.00 ops/sec, INSERT throughput 0.00 ops/sec, READ throughput 683.90 ops/sec, SCAN throughput 0.00 ops/sec, READ_MODIFY_WRITE throughput 0.00 ops/sec, total throughput 683.90 ops/sec
Zipfian (Warm-Up) (epoch 21, progress 0.02%): UPDATE throughput 0.00 ops/sec, INSERT throughput 0.00 ops/sec, READ throughput 717.90 ops/sec, SCAN throughput 0.00 ops/sec, READ_MODIFY_WRITE throughput 0.00 ops/sec, total throughput 717.90 ops/sec
Zipfian (Warm-Up) (epoch 22, progress 0.02%): UPDATE throughput 0.00 ops/sec, INSERT throughput 0.00 ops/sec, READ throughput 650.91 ops/sec, SCAN throughput 0.00 ops/sec, READ_MODIFY_WRITE throughput 0.00 ops/sec, total throughput 650.91 ops/sec
Zipfian (Warm-Up) (epoch 23, progress 0.03%): UPDATE throughput 0.00 ops/sec, INSERT throughput 0.00 ops/sec, READ throughput 714.90 ops/sec, SCAN throughput 0.00 ops/sec, READ_MODIFY_WRITE throughput 0.00 ops/sec, total throughput 714.90 ops/sec
Zipfian (Warm-Up) (epoch 24, progress 0.03%): UPDATE throughput 0.00 ops/sec, INSERT throughput 0.00 ops/sec, READ throughput 715.90 ops/sec, SCAN throughput 0.00 ops/sec, READ_MODIFY_WRITE throughput 0.00 ops/sec, total throughput 715.90 ops/sec
Zipfian (Warm-Up) (epoch 25, progress 0.03%): UPDATE throughput 0.00 ops/sec, INSERT throughput 0.00 ops/sec, READ throughput 788.89 ops/sec, SCAN throughput 0.00 ops/sec, READ_MODIFY_WRITE throughput 0.00 ops/sec, total throughput 788.89 ops/sec
Zipfian (Warm-Up) (epoch 26, progress 0.03%): UPDATE throughput 0.00 ops/sec, INSERT throughput 0.00 ops/sec, READ throughput 555.92 ops/sec, SCAN throughput 0.00 ops/sec, READ_MODIFY_WRITE throughput 0.00 ops/sec, total throughput 555.92 ops/sec
Zipfian (Warm-Up) (epoch 27, progress 0.03%): UPDATE throughput 0.00 ops/sec, INSERT throughput 0.00 ops/sec, READ throughput 518.93 ops/sec, SCAN throughput 0.00 ops/sec, READ_MODIFY_WRITE throughput 0.00 ops/sec, total throughput 518.93 ops/sec
Zipfian (Warm-Up) (epoch 28, progress 0.03%): UPDATE throughput 0.00 ops/sec, INSERT throughput 0.00 ops/sec, READ throughput 509.93 ops/sec, SCAN throughput 0.00 ops/sec, READ_MODIFY_WRITE throughput 0.00 ops/sec, total throughput 509.93 ops/sec
Zipfian (Warm-Up) (epoch 29, progress 0.03%): UPDATE throughput 0.00 ops/sec, INSERT throughput 0.00 ops/sec, READ throughput 578.92 ops/sec, SCAN throughput 0.00 ops/sec, READ_MODIFY_WRITE throughput 0.00 ops/sec, total throughput 578.92 ops/sec
Zipfian (Warm-Up) (epoch 30, progress 0.04%): UPDATE throughput 0.00 ops/sec, INSERT throughput 0.00 ops/sec, READ throughput 516.93 ops/sec, SCAN throughput 0.00 ops/sec, READ_MODIFY_WRITE throughput 0.00 ops/sec, total throughput 516.93 ops/sec
time's up!
Zipfian (Warm-Up): calculating overall performance metrics... (might take a while)
Zipfian (Warm-Up) overall: UPDATE throughput 0.00 ops/sec, INSERT throughput 0.00 ops/sec, READ throughput 476.66 ops/sec, SCAN throughput 0.00 ops/sec, READ_MODIFY_WRITE throughput 0.00 ops/sec, total throughput 476.66 ops/sec
Zipfian (Warm-Up) overall: UPDATE average latency 0.00 ns, UPDATE p99 latency 0.00 ns, INSERT average latency 0.00 ns, INSERT p99 latency 0.00 ns, READ average latency 8378460.80 ns, READ p99 latency 68524136.32 ns, SCAN average latency 0.00 ns, SCAN p99 latency 0.00 ns, READ_MODIFY_WRITE average latency 0.00 ns, READ_MODIFY_WRITE p99 latency 0.00 ns
ZipfianWorkload: start initializing zipfian variables, might take a while
Zipfian (epoch 0, progress 0.00%): UPDATE throughput 0.00 ops/sec, INSERT throughput 0.00 ops/sec, READ throughput 0.00 ops/sec, SCAN throughput 0.00 ops/sec, READ_MODIFY_WRITE throughput 0.00 ops/sec, total throughput 0.00 ops/sec
Zipfian (epoch 1, progress 0.04%): UPDATE throughput 0.00 ops/sec, INSERT throughput 0.00 ops/sec, READ throughput 14667.93 ops/sec, SCAN throughput 0.00 ops/sec, READ_MODIFY_WRITE throughput 0.00 ops/sec, total throughput 14667.93 ops/sec
Zipfian (epoch 2, progress 0.04%): UPDATE throughput 0.00 ops/sec, INSERT throughput 0.00 ops/sec, READ throughput 602.92 ops/sec, SCAN throughput 0.00 ops/sec, READ_MODIFY_WRITE throughput 0.00 ops/sec, total throughput 602.92 ops/sec
Zipfian (epoch 3, progress 0.04%): UPDATE throughput 0.00 ops/sec, INSERT throughput 0.00 ops/sec, READ throughput 658.91 ops/sec, SCAN throughput 0.00 ops/sec, READ_MODIFY_WRITE throughput 0.00 ops/sec, total throughput 658.91 ops/sec
Zipfian (epoch 4, progress 0.04%): UPDATE throughput 0.00 ops/sec, INSERT throughput 0.00 ops/sec, READ throughput 702.90 ops/sec, SCAN throughput 0.00 ops/sec, READ_MODIFY_WRITE throughput 0.00 ops/sec, total throughput 702.90 ops/sec
Zipfian (epoch 5, progress 0.04%): UPDATE throughput 0.00 ops/sec, INSERT throughput 0.00 ops/sec, READ throughput 723.90 ops/sec, SCAN throughput 0.00 ops/sec, READ_MODIFY_WRITE throughput 0.00 ops/sec, total throughput 723.90 ops/sec
Zipfian (epoch 6, progress 0.05%): UPDATE throughput 0.00 ops/sec, INSERT throughput 0.00 ops/sec, READ throughput 802.89 ops/sec, SCAN throughput 0.00 ops/sec, READ_MODIFY_WRITE throughput 0.00 ops/sec, total throughput 802.89 ops/sec
Zipfian (epoch 7, progress 0.05%): UPDATE throughput 0.00 ops/sec, INSERT throughput 0.00 ops/sec, READ throughput 855.88 ops/sec, SCAN throughput 0.00 ops/sec, READ_MODIFY_WRITE throughput 0.00 ops/sec, total throughput 855.88 ops/sec
Zipfian (epoch 8, progress 0.05%): UPDATE throughput 0.00 ops/sec, INSERT throughput 0.00 ops/sec, READ throughput 786.89 ops/sec, SCAN throughput 0.00 ops/sec, READ_MODIFY_WRITE throughput 0.00 ops/sec, total throughput 786.89 ops/sec
Zipfian (epoch 9, progress 0.05%): UPDATE throughput 0.00 ops/sec, INSERT throughput 0.00 ops/sec, READ throughput 669.91 ops/sec, SCAN throughput 0.00 ops/sec, READ_MODIFY_WRITE throughput 0.00 ops/sec, total throughput 669.91 ops/sec
Zipfian (epoch 10, progress 0.05%): UPDATE throughput 0.00 ops/sec, INSERT throughput 0.00 ops/sec, READ throughput 793.89 ops/sec, SCAN throughput 0.00 ops/sec, READ_MODIFY_WRITE throughput 0.00 ops/sec, total throughput 793.89 ops/sec
Zipfian (epoch 11, progress 0.06%): UPDATE throughput 0.00 ops/sec, INSERT throughput 0.00 ops/sec, READ throughput 841.88 ops/sec, SCAN throughput 0.00 ops/sec, READ_MODIFY_WRITE throughput 0.00 ops/sec, total throughput 841.88 ops/sec
Zipfian (epoch 12, progress 0.06%): UPDATE throughput 0.00 ops/sec, INSERT throughput 0.00 ops/sec, READ throughput 933.87 ops/sec, SCAN throughput 0.00 ops/sec, READ_MODIFY_WRITE throughput 0.00 ops/sec, total throughput 933.87 ops/sec
Zipfian (epoch 13, progress 0.06%): UPDATE throughput 0.00 ops/sec, INSERT throughput 0.00 ops/sec, READ throughput 946.87 ops/sec, SCAN throughput 0.00 ops/sec, READ_MODIFY_WRITE throughput 0.00 ops/sec, total throughput 946.87 ops/sec
Zipfian (epoch 14, progress 0.06%): UPDATE throughput 0.00 ops/sec, INSERT throughput 0.00 ops/sec, READ throughput 873.88 ops/sec, SCAN throughput 0.00 ops/sec, READ_MODIFY_WRITE throughput 0.00 ops/sec, total throughput 873.88 ops/sec
Zipfian (epoch 15, progress 0.06%): UPDATE throughput 0.00 ops/sec, INSERT throughput 0.00 ops/sec, READ throughput 946.87 ops/sec, SCAN throughput 0.00 ops/sec, READ_MODIFY_WRITE throughput 0.00 ops/sec, total throughput 946.87 ops/sec
Zipfian (epoch 16, progress 0.07%): UPDATE throughput 0.00 ops/sec, INSERT throughput 0.00 ops/sec, READ throughput 861.88 ops/sec, SCAN throughput 0.00 ops/sec, READ_MODIFY_WRITE throughput 0.00 ops/sec, total throughput 861.88 ops/sec
Zipfian (epoch 17, progress 0.07%): UPDATE throughput 0.00 ops/sec, INSERT throughput 0.00 ops/sec, READ throughput 899.88 ops/sec, SCAN throughput 0.00 ops/sec, READ_MODIFY_WRITE throughput 0.00 ops/sec, total throughput 899.88 ops/sec
Zipfian (epoch 18, progress 0.07%): UPDATE throughput 0.00 ops/sec, INSERT throughput 0.00 ops/sec, READ throughput 870.88 ops/sec, SCAN throughput 0.00 ops/sec, READ_MODIFY_WRITE throughput 0.00 ops/sec, total throughput 870.88 ops/sec
Zipfian (epoch 19, progress 0.07%): UPDATE throughput 0.00 ops/sec, INSERT throughput 0.00 ops/sec, READ throughput 950.87 ops/sec, SCAN throughput 0.00 ops/sec, READ_MODIFY_WRITE throughput 0.00 ops/sec, total throughput 950.87 ops/sec
Zipfian (epoch 20, progress 0.08%): UPDATE throughput 0.00 ops/sec, INSERT throughput 0.00 ops/sec, READ throughput 1097.85 ops/sec, SCAN throughput 0.00 ops/sec, READ_MODIFY_WRITE throughput 0.00 ops/sec, total throughput 1097.85 ops/sec
Zipfian (epoch 21, progress 0.08%): UPDATE throughput 0.00 ops/sec, INSERT throughput 0.00 ops/sec, READ throughput 947.86 ops/sec, SCAN throughput 0.00 ops/sec, READ_MODIFY_WRITE throughput 0.00 ops/sec, total throughput 947.86 ops/sec
Zipfian (epoch 22, progress 0.08%): UPDATE throughput 0.00 ops/sec, INSERT throughput 0.00 ops/sec, READ throughput 951.87 ops/sec, SCAN throughput 0.00 ops/sec, READ_MODIFY_WRITE throughput 0.00 ops/sec, total throughput 951.87 ops/sec
Zipfian (epoch 23, progress 0.08%): UPDATE throughput 0.00 ops/sec, INSERT throughput 0.00 ops/sec, READ throughput 907.88 ops/sec, SCAN throughput 0.00 ops/sec, READ_MODIFY_WRITE throughput 0.00 ops/sec, total throughput 907.88 ops/sec
Zipfian (epoch 24, progress 0.09%): UPDATE throughput 0.00 ops/sec, INSERT throughput 0.00 ops/sec, READ throughput 819.89 ops/sec, SCAN throughput 0.00 ops/sec, READ_MODIFY_WRITE throughput 0.00 ops/sec, total throughput 819.89 ops/sec
Zipfian (epoch 25, progress 0.09%): UPDATE throughput 0.00 ops/sec, INSERT throughput 0.00 ops/sec, READ throughput 1249.83 ops/sec, SCAN throughput 0.00 ops/sec, READ_MODIFY_WRITE throughput 0.00 ops/sec, total throughput 1249.83 ops/sec
Zipfian (epoch 26, progress 0.09%): UPDATE throughput 0.00 ops/sec, INSERT throughput 0.00 ops/sec, READ throughput 1470.80 ops/sec, SCAN throughput 0.00 ops/sec, READ_MODIFY_WRITE throughput 0.00 ops/sec, total throughput 1470.80 ops/sec
Zipfian (epoch 27, progress 0.10%): UPDATE throughput 0.00 ops/sec, INSERT throughput 0.00 ops/sec, READ throughput 1265.83 ops/sec, SCAN throughput 0.00 ops/sec, READ_MODIFY_WRITE throughput 0.00 ops/sec, total throughput 1265.83 ops/sec
Zipfian (epoch 28, progress 0.10%): UPDATE throughput 0.00 ops/sec, INSERT throughput 0.00 ops/sec, READ throughput 1165.84 ops/sec, SCAN throughput 0.00 ops/sec, READ_MODIFY_WRITE throughput 0.00 ops/sec, total throughput 1165.84 ops/sec
Zipfian (epoch 29, progress 0.10%): UPDATE throughput 0.00 ops/sec, INSERT throughput 0.00 ops/sec, READ throughput 1163.84 ops/sec, SCAN throughput 0.00 ops/sec, READ_MODIFY_WRITE throughput 0.00 ops/sec, total throughput 1163.84 ops/sec
Zipfian (epoch 30, progress 0.10%): UPDATE throughput 0.00 ops/sec, INSERT throughput 0.00 ops/sec, READ throughput 1322.82 ops/sec, SCAN throughput 0.00 ops/sec, READ_MODIFY_WRITE throughput 0.00 ops/sec, total throughput 1322.82 ops/sec
Zipfian (epoch 31, progress 0.11%): UPDATE throughput 0.00 ops/sec, INSERT throughput 0.00 ops/sec, READ throughput 1139.84 ops/sec, SCAN throughput 0.00 ops/sec, READ_MODIFY_WRITE throughput 0.00 ops/sec, total throughput 1139.84 ops/sec
Zipfian (epoch 32, progress 0.11%): UPDATE throughput 0.00 ops/sec, INSERT throughput 0.00 ops/sec, READ throughput 1223.83 ops/sec, SCAN throughput 0.00 ops/sec, READ_MODIFY_WRITE throughput 0.00 ops/sec, total throughput 1223.83 ops/sec
Zipfian (epoch 33, progress 0.11%): UPDATE throughput 0.00 ops/sec, INSERT throughput 0.00 ops/sec, READ throughput 1222.83 ops/sec, SCAN throughput 0.00 ops/sec, READ_MODIFY_WRITE throughput 0.00 ops/sec, total throughput 1222.83 ops/sec
Zipfian (epoch 34, progress 0.12%): UPDATE throughput 0.00 ops/sec, INSERT throughput 0.00 ops/sec, READ throughput 1405.81 ops/sec, SCAN throughput 0.00 ops/sec, READ_MODIFY_WRITE throughput 0.00 ops/sec, total throughput 1405.81 ops/sec
Zipfian (epoch 35, progress 0.12%): UPDATE throughput 0.00 ops/sec, INSERT throughput 0.00 ops/sec, READ throughput 1145.84 ops/sec, SCAN throughput 0.00 ops/sec, READ_MODIFY_WRITE throughput 0.00 ops/sec, total throughput 1145.84 ops/sec
Zipfian (epoch 36, progress 0.12%): UPDATE throughput 0.00 ops/sec, INSERT throughput 0.00 ops/sec, READ throughput 1307.82 ops/sec, SCAN throughput 0.00 ops/sec, READ_MODIFY_WRITE throughput 0.00 ops/sec, total throughput 1307.82 ops/sec
Zipfian (epoch 37, progress 0.13%): UPDATE throughput 0.00 ops/sec, INSERT throughput 0.00 ops/sec, READ throughput 1133.84 ops/sec, SCAN throughput 0.00 ops/sec, READ_MODIFY_WRITE throughput 0.00 ops/sec, total throughput 1133.84 ops/sec
Zipfian (epoch 38, progress 0.13%): UPDATE throughput 0.00 ops/sec, INSERT throughput 0.00 ops/sec, READ throughput 1150.84 ops/sec, SCAN throughput 0.00 ops/sec, READ_MODIFY_WRITE throughput 0.00 ops/sec, total throughput 1150.84 ops/sec
Zipfian (epoch 39, progress 0.13%): UPDATE throughput 0.00 ops/sec, INSERT throughput 0.00 ops/sec, READ throughput 1157.84 ops/sec, SCAN throughput 0.00 ops/sec, READ_MODIFY_WRITE throughput 0.00 ops/sec, total throughput 1157.84 ops/sec
Zipfian (epoch 40, progress 0.13%): UPDATE throughput 0.00 ops/sec, INSERT throughput 0.00 ops/sec, READ throughput 1322.82 ops/sec, SCAN throughput 0.00 ops/sec, READ_MODIFY_WRITE throughput 0.00 ops/sec, total throughput 1322.82 ops/sec
Zipfian (epoch 41, progress 0.14%): UPDATE throughput 0.00 ops/sec, INSERT throughput 0.00 ops/sec, READ throughput 1279.82 ops/sec, SCAN throughput 0.00 ops/sec, READ_MODIFY_WRITE throughput 0.00 ops/sec, total throughput 1279.82 ops/sec
Zipfian (epoch 42, progress 0.14%): UPDATE throughput 0.00 ops/sec, INSERT throughput 0.00 ops/sec, READ throughput 1182.84 ops/sec, SCAN throughput 0.00 ops/sec, READ_MODIFY_WRITE throughput 0.00 ops/sec, total throughput 1182.84 ops/sec
Zipfian (epoch 43, progress 0.14%): UPDATE throughput 0.00 ops/sec, INSERT throughput 0.00 ops/sec, READ throughput 1301.82 ops/sec, SCAN throughput 0.00 ops/sec, READ_MODIFY_WRITE throughput 0.00 ops/sec, total throughput 1301.82 ops/sec
Zipfian (epoch 44, progress 0.15%): UPDATE throughput 0.00 ops/sec, INSERT throughput 0.00 ops/sec, READ throughput 1213.83 ops/sec, SCAN throughput 0.00 ops/sec, READ_MODIFY_WRITE throughput 0.00 ops/sec, total throughput 1213.83 ops/sec
Zipfian (epoch 45, progress 0.15%): UPDATE throughput 0.00 ops/sec, INSERT throughput 0.00 ops/sec, READ throughput 1403.81 ops/sec, SCAN throughput 0.00 ops/sec, READ_MODIFY_WRITE throughput 0.00 ops/sec, total throughput 1403.81 ops/sec
Zipfian (epoch 46, progress 0.15%): UPDATE throughput 0.00 ops/sec, INSERT throughput 0.00 ops/sec, READ throughput 1227.83 ops/sec, SCAN throughput 0.00 ops/sec, READ_MODIFY_WRITE throughput 0.00 ops/sec, total throughput 1227.83 ops/sec
Zipfian (epoch 47, progress 0.16%): UPDATE throughput 0.00 ops/sec, INSERT throughput 0.00 ops/sec, READ throughput 1339.82 ops/sec, SCAN throughput 0.00 ops/sec, READ_MODIFY_WRITE throughput 0.00 ops/sec, total throughput 1339.82 ops/sec
Zipfian (epoch 48, progress 0.16%): UPDATE throughput 0.00 ops/sec, INSERT throughput 0.00 ops/sec, READ throughput 1164.84 ops/sec, SCAN throughput 0.00 ops/sec, READ_MODIFY_WRITE throughput 0.00 ops/sec, total throughput 1164.84 ops/sec
Zipfian (epoch 49, progress 0.16%): UPDATE throughput 0.00 ops/sec, INSERT throughput 0.00 ops/sec, READ throughput 1208.84 ops/sec, SCAN throughput 0.00 ops/sec, READ_MODIFY_WRITE throughput 0.00 ops/sec, total throughput 1208.84 ops/sec
Zipfian (epoch 50, progress 0.17%): UPDATE throughput 0.00 ops/sec, INSERT throughput 0.00 ops/sec, READ throughput 1128.84 ops/sec, SCAN throughput 0.00 ops/sec, READ_MODIFY_WRITE throughput 0.00 ops/sec, total throughput 1128.84 ops/sec
Zipfian (epoch 51, progress 0.17%): UPDATE throughput 0.00 ops/sec, INSERT throughput 0.00 ops/sec, READ throughput 1145.84 ops/sec, SCAN throughput 0.00 ops/sec, READ_MODIFY_WRITE throughput 0.00 ops/sec, total throughput 1145.84 ops/sec
Zipfian (epoch 52, progress 0.17%): UPDATE throughput 0.00 ops/sec, INSERT throughput 0.00 ops/sec, READ throughput 1270.82 ops/sec, SCAN throughput 0.00 ops/sec, READ_MODIFY_WRITE throughput 0.00 ops/sec, total throughput 1270.82 ops/sec
Zipfian (epoch 53, progress 0.18%): UPDATE throughput 0.00 ops/sec, INSERT throughput 0.00 ops/sec, READ throughput 1275.82 ops/sec, SCAN throughput 0.00 ops/sec, READ_MODIFY_WRITE throughput 0.00 ops/sec, total throughput 1275.82 ops/sec
Zipfian (epoch 54, progress 0.18%): UPDATE throughput 0.00 ops/sec, INSERT throughput 0.00 ops/sec, READ throughput 1169.84 ops/sec, SCAN throughput 0.00 ops/sec, READ_MODIFY_WRITE throughput 0.00 ops/sec, total throughput 1169.84 ops/sec
Zipfian (epoch 55, progress 0.18%): UPDATE throughput 0.00 ops/sec, INSERT throughput 0.00 ops/sec, READ throughput 1097.85 ops/sec, SCAN throughput 0.00 ops/sec, READ_MODIFY_WRITE throughput 0.00 ops/sec, total throughput 1097.85 ops/sec
Zipfian (epoch 56, progress 0.18%): UPDATE throughput 0.00 ops/sec, INSERT throughput 0.00 ops/sec, READ throughput 1211.83 ops/sec, SCAN throughput 0.00 ops/sec, READ_MODIFY_WRITE throughput 0.00 ops/sec, total throughput 1211.83 ops/sec
Zipfian (epoch 57, progress 0.19%): UPDATE throughput 0.00 ops/sec, INSERT throughput 0.00 ops/sec, READ throughput 1093.85 ops/sec, SCAN throughput 0.00 ops/sec, READ_MODIFY_WRITE throughput 0.00 ops/sec, total throughput 1093.85 ops/sec
Zipfian (epoch 58, progress 0.19%): UPDATE throughput 0.00 ops/sec, INSERT throughput 0.00 ops/sec, READ throughput 1062.85 ops/sec, SCAN throughput 0.00 ops/sec, READ_MODIFY_WRITE throughput 0.00 ops/sec, total throughput 1062.85 ops/sec
Zipfian (epoch 59, progress 0.19%): UPDATE throughput 0.00 ops/sec, INSERT throughput 0.00 ops/sec, READ throughput 1097.85 ops/sec, SCAN throughput 0.00 ops/sec, READ_MODIFY_WRITE throughput 0.00 ops/sec, total throughput 1097.85 ops/sec
Zipfian (epoch 60, progress 0.20%): UPDATE throughput 0.00 ops/sec, INSERT throughput 0.00 ops/sec, READ throughput 1255.83 ops/sec, SCAN throughput 0.00 ops/sec, READ_MODIFY_WRITE throughput 0.00 ops/sec, total throughput 1255.83 ops/sec
Zipfian (epoch 61, progress 0.20%): UPDATE throughput 0.00 ops/sec, INSERT throughput 0.00 ops/sec, READ throughput 1136.84 ops/sec, SCAN throughput 0.00 ops/sec, READ_MODIFY_WRITE throughput 0.00 ops/sec, total throughput 1136.84 ops/sec
Zipfian (epoch 62, progress 0.20%): UPDATE throughput 0.00 ops/sec, INSERT throughput 0.00 ops/sec, READ throughput 1318.82 ops/sec, SCAN throughput 0.00 ops/sec, READ_MODIFY_WRITE throughput 0.00 ops/sec, total throughput 1318.82 ops/sec
Zipfian (epoch 63, progress 0.20%): UPDATE throughput 0.00 ops/sec, INSERT throughput 0.00 ops/sec, READ throughput 1076.85 ops/sec, SCAN throughput 0.00 ops/sec, READ_MODIFY_WRITE throughput 0.00 ops/sec, total throughput 1076.85 ops/sec
Zipfian (epoch 64, progress 0.21%): UPDATE throughput 0.00 ops/sec, INSERT throughput 0.00 ops/sec, READ throughput 1188.84 ops/sec, SCAN throughput 0.00 ops/sec, READ_MODIFY_WRITE throughput 0.00 ops/sec, total throughput 1188.84 ops/sec
Zipfian (epoch 65, progress 0.21%): UPDATE throughput 0.00 ops/sec, INSERT throughput 0.00 ops/sec, READ throughput 1257.83 ops/sec, SCAN throughput 0.00 ops/sec, READ_MODIFY_WRITE throughput 0.00 ops/sec, total throughput 1257.83 ops/sec
Zipfian (epoch 66, progress 0.21%): UPDATE throughput 0.00 ops/sec, INSERT throughput 0.00 ops/sec, READ throughput 1356.77 ops/sec, SCAN throughput 0.00 ops/sec, READ_MODIFY_WRITE throughput 0.00 ops/sec, total throughput 1356.77 ops/sec
Zipfian (epoch 67, progress 0.22%): UPDATE throughput 0.00 ops/sec, INSERT throughput 0.00 ops/sec, READ throughput 1066.80 ops/sec, SCAN throughput 0.00 ops/sec, READ_MODIFY_WRITE throughput 0.00 ops/sec, total throughput 1066.80 ops/sec
Zipfian (epoch 68, progress 0.22%): UPDATE throughput 0.00 ops/sec, INSERT throughput 0.00 ops/sec, READ throughput 1062.85 ops/sec, SCAN throughput 0.00 ops/sec, READ_MODIFY_WRITE throughput 0.00 ops/sec, total throughput 1062.85 ops/sec
Zipfian (epoch 69, progress 0.22%): UPDATE throughput 0.00 ops/sec, INSERT throughput 0.00 ops/sec, READ throughput 1082.85 ops/sec, SCAN throughput 0.00 ops/sec, READ_MODIFY_WRITE throughput 0.00 ops/sec, total throughput 1082.85 ops/sec
Zipfian (epoch 70, progress 0.22%): UPDATE throughput 0.00 ops/sec, INSERT throughput 0.00 ops/sec, READ throughput 1231.83 ops/sec, SCAN throughput 0.00 ops/sec, READ_MODIFY_WRITE throughput 0.00 ops/sec, total throughput 1231.83 ops/sec
Zipfian (epoch 71, progress 0.23%): UPDATE throughput 0.00 ops/sec, INSERT throughput 0.00 ops/sec, READ throughput 1227.83 ops/sec, SCAN throughput 0.00 ops/sec, READ_MODIFY_WRITE throughput 0.00 ops/sec, total throughput 1227.83 ops/sec
Zipfian (epoch 72, progress 0.23%): UPDATE throughput 0.00 ops/sec, INSERT throughput 0.00 ops/sec, READ throughput 1073.86 ops/sec, SCAN throughput 0.00 ops/sec, READ_MODIFY_WRITE throughput 0.00 ops/sec, total throughput 1073.86 ops/sec
Zipfian (epoch 73, progress 0.23%): UPDATE throughput 0.00 ops/sec, INSERT throughput 0.00 ops/sec, READ throughput 1302.82 ops/sec, SCAN throughput 0.00 ops/sec, READ_MODIFY_WRITE throughput 0.00 ops/sec, total throughput 1302.82 ops/sec
Zipfian (epoch 74, progress 0.24%): UPDATE throughput 0.00 ops/sec, INSERT throughput 0.00 ops/sec, READ throughput 1083.84 ops/sec, SCAN throughput 0.00 ops/sec, READ_MODIFY_WRITE throughput 0.00 ops/sec, total throughput 1083.84 ops/sec
Zipfian (epoch 75, progress 0.24%): UPDATE throughput 0.00 ops/sec, INSERT throughput 0.00 ops/sec, READ throughput 1080.84 ops/sec, SCAN throughput 0.00 ops/sec, READ_MODIFY_WRITE throughput 0.00 ops/sec, total throughput 1080.84 ops/sec
Zipfian (epoch 76, progress 0.24%): UPDATE throughput 0.00 ops/sec, INSERT throughput 0.00 ops/sec, READ throughput 1108.85 ops/sec, SCAN throughput 0.00 ops/sec, READ_MODIFY_WRITE throughput 0.00 ops/sec, total throughput 1108.85 ops/sec
Zipfian (epoch 77, progress 0.24%): UPDATE throughput 0.00 ops/sec, INSERT throughput 0.00 ops/sec, READ throughput 1076.85 ops/sec, SCAN throughput 0.00 ops/sec, READ_MODIFY_WRITE throughput 0.00 ops/sec, total throughput 1076.85 ops/sec
Zipfian (epoch 78, progress 0.25%): UPDATE throughput 0.00 ops/sec, INSERT throughput 0.00 ops/sec, READ throughput 983.87 ops/sec, SCAN throughput 0.00 ops/sec, READ_MODIFY_WRITE throughput 0.00 ops/sec, total throughput 983.87 ops/sec
Zipfian (epoch 79, progress 0.25%): UPDATE throughput 0.00 ops/sec, INSERT throughput 0.00 ops/sec, READ throughput 1067.85 ops/sec, SCAN throughput 0.00 ops/sec, READ_MODIFY_WRITE throughput 0.00 ops/sec, total throughput 1067.85 ops/sec
Zipfian (epoch 80, progress 0.25%): UPDATE throughput 0.00 ops/sec, INSERT throughput 0.00 ops/sec, READ throughput 926.87 ops/sec, SCAN throughput 0.00 ops/sec, READ_MODIFY_WRITE throughput 0.00 ops/sec, total throughput 926.87 ops/sec
Zipfian (epoch 81, progress 0.25%): UPDATE throughput 0.00 ops/sec, INSERT throughput 0.00 ops/sec, READ throughput 969.87 ops/sec, SCAN throughput 0.00 ops/sec, READ_MODIFY_WRITE throughput 0.00 ops/sec, total throughput 969.87 ops/sec
Zipfian (epoch 82, progress 0.26%): UPDATE throughput 0.00 ops/sec, INSERT throughput 0.00 ops/sec, READ throughput 977.87 ops/sec, SCAN throughput 0.00 ops/sec, READ_MODIFY_WRITE throughput 0.00 ops/sec, total throughput 977.87 ops/sec
Zipfian (epoch 83, progress 0.26%): UPDATE throughput 0.00 ops/sec, INSERT throughput 0.00 ops/sec, READ throughput 918.86 ops/sec, SCAN throughput 0.00 ops/sec, READ_MODIFY_WRITE throughput 0.00 ops/sec, total throughput 918.86 ops/sec
Zipfian (epoch 84, progress 0.26%): UPDATE throughput 0.00 ops/sec, INSERT throughput 0.00 ops/sec, READ throughput 974.87 ops/sec, SCAN throughput 0.00 ops/sec, READ_MODIFY_WRITE throughput 0.00 ops/sec, total throughput 974.87 ops/sec
Zipfian (epoch 85, progress 0.26%): UPDATE throughput 0.00 ops/sec, INSERT throughput 0.00 ops/sec, READ throughput 966.87 ops/sec, SCAN throughput 0.00 ops/sec, READ_MODIFY_WRITE throughput 0.00 ops/sec, total throughput 966.87 ops/sec
Zipfian (epoch 86, progress 0.27%): UPDATE throughput 0.00 ops/sec, INSERT throughput 0.00 ops/sec, READ throughput 842.89 ops/sec, SCAN throughput 0.00 ops/sec, READ_MODIFY_WRITE throughput 0.00 ops/sec, total throughput 842.89 ops/sec
Zipfian (epoch 87, progress 0.27%): UPDATE throughput 0.00 ops/sec, INSERT throughput 0.00 ops/sec, READ throughput 623.91 ops/sec, SCAN throughput 0.00 ops/sec, READ_MODIFY_WRITE throughput 0.00 ops/sec, total throughput 623.91 ops/sec
Zipfian (epoch 88, progress 0.27%): UPDATE throughput 0.00 ops/sec, INSERT throughput 0.00 ops/sec, READ throughput 667.91 ops/sec, SCAN throughput 0.00 ops/sec, READ_MODIFY_WRITE throughput 0.00 ops/sec, total throughput 667.91 ops/sec
Zipfian (epoch 89, progress 0.27%): UPDATE throughput 0.00 ops/sec, INSERT throughput 0.00 ops/sec, READ throughput 680.91 ops/sec, SCAN throughput 0.00 ops/sec, READ_MODIFY_WRITE throughput 0.00 ops/sec, total throughput 680.91 ops/sec
Zipfian (epoch 90, progress 0.27%): UPDATE throughput 0.00 ops/sec, INSERT throughput 0.00 ops/sec, READ throughput 678.91 ops/sec, SCAN throughput 0.00 ops/sec, READ_MODIFY_WRITE throughput 0.00 ops/sec, total throughput 678.91 ops/sec
Zipfian (epoch 91, progress 0.27%): UPDATE throughput 0.00 ops/sec, INSERT throughput 0.00 ops/sec, READ throughput 533.93 ops/sec, SCAN throughput 0.00 ops/sec, READ_MODIFY_WRITE throughput 0.00 ops/sec, total throughput 533.93 ops/sec
Zipfian (epoch 92, progress 0.28%): UPDATE throughput 0.00 ops/sec, INSERT throughput 0.00 ops/sec, READ throughput 698.91 ops/sec, SCAN throughput 0.00 ops/sec, READ_MODIFY_WRITE throughput 0.00 ops/sec, total throughput 698.91 ops/sec
Zipfian (epoch 93, progress 0.28%): UPDATE throughput 0.00 ops/sec, INSERT throughput 0.00 ops/sec, READ throughput 1000.86 ops/sec, SCAN throughput 0.00 ops/sec, READ_MODIFY_WRITE throughput 0.00 ops/sec, total throughput 1000.86 ops/sec
Zipfian (epoch 94, progress 0.28%): UPDATE throughput 0.00 ops/sec, INSERT throughput 0.00 ops/sec, READ throughput 620.91 ops/sec, SCAN throughput 0.00 ops/sec, READ_MODIFY_WRITE throughput 0.00 ops/sec, total throughput 620.91 ops/sec
Zipfian (epoch 95, progress 0.28%): UPDATE throughput 0.00 ops/sec, INSERT throughput 0.00 ops/sec, READ throughput 1185.84 ops/sec, SCAN throughput 0.00 ops/sec, READ_MODIFY_WRITE throughput 0.00 ops/sec, total throughput 1185.84 ops/sec
Zipfian (epoch 96, progress 0.29%): UPDATE throughput 0.00 ops/sec, INSERT throughput 0.00 ops/sec, READ throughput 1021.85 ops/sec, SCAN throughput 0.00 ops/sec, READ_MODIFY_WRITE throughput 0.00 ops/sec, total throughput 1021.85 ops/sec
Zipfian (epoch 97, progress 0.29%): UPDATE throughput 0.00 ops/sec, INSERT throughput 0.00 ops/sec, READ throughput 1198.82 ops/sec, SCAN throughput 0.00 ops/sec, READ_MODIFY_WRITE throughput 0.00 ops/sec, total throughput 1198.82 ops/sec
Zipfian (epoch 98, progress 0.29%): UPDATE throughput 0.00 ops/sec, INSERT throughput 0.00 ops/sec, READ throughput 1258.83 ops/sec, SCAN throughput 0.00 ops/sec, READ_MODIFY_WRITE throughput 0.00 ops/sec, total throughput 1258.83 ops/sec
Zipfian (epoch 99, progress 0.29%): UPDATE throughput 0.00 ops/sec, INSERT throughput 0.00 ops/sec, READ throughput 1213.82 ops/sec, SCAN throughput 0.00 ops/sec, READ_MODIFY_WRITE throughput 0.00 ops/sec, total throughput 1213.82 ops/sec
Zipfian (epoch 100, progress 0.30%): UPDATE throughput 0.00 ops/sec, INSERT throughput 0.00 ops/sec, READ throughput 1180.82 ops/sec, SCAN throughput 0.00 ops/sec, READ_MODIFY_WRITE throughput 0.00 ops/sec, total throughput 1180.82 ops/sec
Zipfian (epoch 101, progress 0.30%): UPDATE throughput 0.00 ops/sec, INSERT throughput 0.00 ops/sec, READ throughput 1192.82 ops/sec, SCAN throughput 0.00 ops/sec, READ_MODIFY_WRITE throughput 0.00 ops/sec, total throughput 1192.82 ops/sec
Zipfian (epoch 102, progress 0.30%): UPDATE throughput 0.00 ops/sec, INSERT throughput 0.00 ops/sec, READ throughput 1194.84 ops/sec, SCAN throughput 0.00 ops/sec, READ_MODIFY_WRITE throughput 0.00 ops/sec, total throughput 1194.84 ops/sec
Zipfian (epoch 103, progress 0.31%): UPDATE throughput 0.00 ops/sec, INSERT throughput 0.00 ops/sec, READ throughput 1238.81 ops/sec, SCAN throughput 0.00 ops/sec, READ_MODIFY_WRITE throughput 0.00 ops/sec, total throughput 1238.81 ops/sec
Zipfian (epoch 104, progress 0.31%): UPDATE throughput 0.00 ops/sec, INSERT throughput 0.00 ops/sec, READ throughput 1296.80 ops/sec, SCAN throughput 0.00 ops/sec, READ_MODIFY_WRITE throughput 0.00 ops/sec, total throughput 1296.80 ops/sec
Zipfian (epoch 105, progress 0.31%): UPDATE throughput 0.00 ops/sec, INSERT throughput 0.00 ops/sec, READ throughput 1177.83 ops/sec, SCAN throughput 0.00 ops/sec, READ_MODIFY_WRITE throughput 0.00 ops/sec, total throughput 1177.83 ops/sec
Zipfian (epoch 106, progress 0.32%): UPDATE throughput 0.00 ops/sec, INSERT throughput 0.00 ops/sec, READ throughput 1272.83 ops/sec, SCAN throughput 0.00 ops/sec, READ_MODIFY_WRITE throughput 0.00 ops/sec, total throughput 1272.83 ops/sec
Zipfian (epoch 107, progress 0.32%): UPDATE throughput 0.00 ops/sec, INSERT throughput 0.00 ops/sec, READ throughput 1169.82 ops/sec, SCAN throughput 0.00 ops/sec, READ_MODIFY_WRITE throughput 0.00 ops/sec, total throughput 1169.82 ops/sec
Zipfian (epoch 108, progress 0.32%): UPDATE throughput 0.00 ops/sec, INSERT throughput 0.00 ops/sec, READ throughput 1309.80 ops/sec, SCAN throughput 0.00 ops/sec, READ_MODIFY_WRITE throughput 0.00 ops/sec, total throughput 1309.80 ops/sec
Zipfian (epoch 109, progress 0.33%): UPDATE throughput 0.00 ops/sec, INSERT throughput 0.00 ops/sec, READ throughput 1126.83 ops/sec, SCAN throughput 0.00 ops/sec, READ_MODIFY_WRITE throughput 0.00 ops/sec, total throughput 1126.83 ops/sec
Zipfian (epoch 110, progress 0.33%): UPDATE throughput 0.00 ops/sec, INSERT throughput 0.00 ops/sec, READ throughput 1087.85 ops/sec, SCAN throughput 0.00 ops/sec, READ_MODIFY_WRITE throughput 0.00 ops/sec, total throughput 1087.85 ops/sec
Zipfian (epoch 111, progress 0.33%): UPDATE throughput 0.00 ops/sec, INSERT throughput 0.00 ops/sec, READ throughput 1246.77 ops/sec, SCAN throughput 0.00 ops/sec, READ_MODIFY_WRITE throughput 0.00 ops/sec, total throughput 1246.77 ops/sec
Zipfian (epoch 112, progress 0.33%): UPDATE throughput 0.00 ops/sec, INSERT throughput 0.00 ops/sec, READ throughput 1222.82 ops/sec, SCAN throughput 0.00 ops/sec, READ_MODIFY_WRITE throughput 0.00 ops/sec, total throughput 1222.82 ops/sec
Zipfian (epoch 113, progress 0.34%): UPDATE throughput 0.00 ops/sec, INSERT throughput 0.00 ops/sec, READ throughput 1165.83 ops/sec, SCAN throughput 0.00 ops/sec, READ_MODIFY_WRITE throughput 0.00 ops/sec, total throughput 1165.83 ops/sec
Zipfian (epoch 114, progress 0.34%): UPDATE throughput 0.00 ops/sec, INSERT throughput 0.00 ops/sec, READ throughput 1259.83 ops/sec, SCAN throughput 0.00 ops/sec, READ_MODIFY_WRITE throughput 0.00 ops/sec, total throughput 1259.83 ops/sec
Zipfian (epoch 115, progress 0.34%): UPDATE throughput 0.00 ops/sec, INSERT throughput 0.00 ops/sec, READ throughput 1271.81 ops/sec, SCAN throughput 0.00 ops/sec, READ_MODIFY_WRITE throughput 0.00 ops/sec, total throughput 1271.81 ops/sec
Zipfian (epoch 116, progress 0.35%): UPDATE throughput 0.00 ops/sec, INSERT throughput 0.00 ops/sec, READ throughput 1119.83 ops/sec, SCAN throughput 0.00 ops/sec, READ_MODIFY_WRITE throughput 0.00 ops/sec, total throughput 1119.83 ops/sec
Zipfian (epoch 117, progress 0.35%): UPDATE throughput 0.00 ops/sec, INSERT throughput 0.00 ops/sec, READ throughput 1332.80 ops/sec, SCAN throughput 0.00 ops/sec, READ_MODIFY_WRITE throughput 0.00 ops/sec, total throughput 1332.80 ops/sec
Zipfian (epoch 118, progress 0.35%): UPDATE throughput 0.00 ops/sec, INSERT throughput 0.00 ops/sec, READ throughput 1180.84 ops/sec, SCAN throughput 0.00 ops/sec, READ_MODIFY_WRITE throughput 0.00 ops/sec, total throughput 1180.84 ops/sec
Zipfian (epoch 119, progress 0.36%): UPDATE throughput 0.00 ops/sec, INSERT throughput 0.00 ops/sec, READ throughput 1200.82 ops/sec, SCAN throughput 0.00 ops/sec, READ_MODIFY_WRITE throughput 0.00 ops/sec, total throughput 1200.82 ops/sec
Zipfian (epoch 120, progress 0.36%): UPDATE throughput 0.00 ops/sec, INSERT throughput 0.00 ops/sec, READ throughput 1126.83 ops/sec, SCAN throughput 0.00 ops/sec, READ_MODIFY_WRITE throughput 0.00 ops/sec, total throughput 1126.83 ops/sec
time's up!
Zipfian: calculating overall performance metrics... (might take a while)
Zipfian overall: UPDATE throughput 0.00 ops/sec, INSERT throughput 0.00 ops/sec, READ throughput 1193.53 ops/sec, SCAN throughput 0.00 ops/sec, READ_MODIFY_WRITE throughput 0.00 ops/sec, total throughput 1193.53 ops/sec
Zipfian overall: UPDATE average latency 0.00 ns, UPDATE p99 latency 0.00 ns, INSERT average latency 0.00 ns, INSERT p99 latency 0.00 ns, READ average latency 3343006.03 ns, READ p99 latency 36842468.92 ns, SCAN average latency 0.00 ns, SCAN p99 latency 0.00 ns, READ_MODIFY_WRITE average latency 0.00 ns, READ_MODIFY_WRITE p99 latency 0.00 ns

--- writer_slow ---
Uniform (Warm-Up) (epoch 0, progress 0.00%): UPDATE throughput 0.00 ops/sec, INSERT throughput 0.00 ops/sec, READ throughput 0.00 ops/sec, SCAN throughput 0.00 ops/sec, READ_MODIFY_WRITE throughput 0.00 ops/sec, total throughput 0.00 ops/sec
Uniform (Warm-Up) (epoch 1, progress 0.00%): UPDATE throughput 28.00 ops/sec, INSERT throughput 0.00 ops/sec, READ throughput 33.99 ops/sec, SCAN throughput 0.00 ops/sec, READ_MODIFY_WRITE throughput 0.00 ops/sec, total throughput 61.99 ops/sec
Uniform (Warm-Up) (epoch 2, progress 0.00%): UPDATE throughput 56.99 ops/sec, INSERT throughput 0.00 ops/sec, READ throughput 54.99 ops/sec, SCAN throughput 0.00 ops/sec, READ_MODIFY_WRITE throughput 0.00 ops/sec, total throughput 111.98 ops/sec
Uniform (Warm-Up) (epoch 3, progress 0.00%): UPDATE throughput 57.99 ops/sec, INSERT throughput 0.00 ops/sec, READ throughput 68.99 ops/sec, SCAN throughput 0.00 ops/sec, READ_MODIFY_WRITE throughput 0.00 ops/sec, total throughput 126.98 ops/sec
Uniform (Warm-Up) (epoch 4, progress 0.00%): UPDATE throughput 66.99 ops/sec, INSERT throughput 0.00 ops/sec, READ throughput 81.99 ops/sec, SCAN throughput 0.00 ops/sec, READ_MODIFY_WRITE throughput 0.00 ops/sec, total throughput 148.98 ops/sec
Uniform (Warm-Up) (epoch 5, progress 0.00%): UPDATE throughput 95.99 ops/sec, INSERT throughput 0.00 ops/sec, READ throughput 109.99 ops/sec, SCAN throughput 0.00 ops/sec, READ_MODIFY_WRITE throughput 0.00 ops/sec, total throughput 205.97 ops/sec
Uniform (Warm-Up) (epoch 6, progress 0.00%): UPDATE throughput 122.98 ops/sec, INSERT throughput 0.00 ops/sec, READ throughput 128.98 ops/sec, SCAN throughput 0.00 ops/sec, READ_MODIFY_WRITE throughput 0.00 ops/sec, total throughput 251.96 ops/sec
Uniform (Warm-Up) (epoch 7, progress 0.00%): UPDATE throughput 203.97 ops/sec, INSERT throughput 0.00 ops/sec, READ throughput 190.97 ops/sec, SCAN throughput 0.00 ops/sec, READ_MODIFY_WRITE throughput 0.00 ops/sec, total throughput 394.94 ops/sec
Uniform (Warm-Up) (epoch 8, progress 0.00%): UPDATE throughput 144.98 ops/sec, INSERT throughput 0.00 ops/sec, READ throughput 162.98 ops/sec, SCAN throughput 0.00 ops/sec, READ_MODIFY_WRITE throughput 0.00 ops/sec, total throughput 307.96 ops/sec
Uniform (Warm-Up) (epoch 9, progress 0.01%): UPDATE throughput 215.97 ops/sec, INSERT throughput 0.00 ops/sec, READ throughput 196.97 ops/sec, SCAN throughput 0.00 ops/sec, READ_MODIFY_WRITE throughput 0.00 ops/sec, total throughput 412.94 ops/sec
Uniform (Warm-Up) (epoch 10, progress 0.01%): UPDATE throughput 229.97 ops/sec, INSERT throughput 0.00 ops/sec, READ throughput 230.97 ops/sec, SCAN throughput 0.00 ops/sec, READ_MODIFY_WRITE throughput 0.00 ops/sec, total throughput 460.93 ops/sec
Uniform (Warm-Up) (epoch 11, progress 0.01%): UPDATE throughput 258.96 ops/sec, INSERT throughput 0.00 ops/sec, READ throughput 242.97 ops/sec, SCAN throughput 0.00 ops/sec, READ_MODIFY_WRITE throughput 0.00 ops/sec, total throughput 501.93 ops/sec
Uniform (Warm-Up) (epoch 12, progress 0.01%): UPDATE throughput 209.97 ops/sec, INSERT throughput 0.00 ops/sec, READ throughput 235.97 ops/sec, SCAN throughput 0.00 ops/sec, READ_MODIFY_WRITE throughput 0.00 ops/sec, total throughput 445.94 ops/sec
Uniform (Warm-Up) (epoch 13, progress 0.01%): UPDATE throughput 251.96 ops/sec, INSERT throughput 0.00 ops/sec, READ throughput 230.97 ops/sec, SCAN throughput 0.00 ops/sec, READ_MODIFY_WRITE throughput 0.00 ops/sec, total throughput 482.93 ops/sec
Uniform (Warm-Up) (epoch 14, progress 0.01%): UPDATE throughput 171.97 ops/sec, INSERT throughput 0.00 ops/sec, READ throughput 157.98 ops/sec, SCAN throughput 0.00 ops/sec, READ_MODIFY_WRITE throughput 0.00 ops/sec, total throughput 329.95 ops/sec
Uniform (Warm-Up) (epoch 15, progress 0.01%): UPDATE throughput 116.98 ops/sec, INSERT throughput 0.00 ops/sec, READ throughput 165.97 ops/sec, SCAN throughput 0.00 ops/sec, READ_MODIFY_WRITE throughput 0.00 ops/sec, total throughput 282.96 ops/sec
Uniform (Warm-Up) (epoch 16, progress 0.01%): UPDATE throughput 162.98 ops/sec, INSERT throughput 0.00 ops/sec, READ throughput 165.97 ops/sec, SCAN throughput 0.00 ops/sec, READ_MODIFY_WRITE throughput 0.00 ops/sec, total throughput 328.95 ops/sec
Uniform (Warm-Up) (epoch 17, progress 0.01%): UPDATE throughput 175.97 ops/sec, INSERT throughput 0.00 ops/sec, READ throughput 179.97 ops/sec, SCAN throughput 0.00 ops/sec, READ_MODIFY_WRITE throughput 0.00 ops/sec, total throughput 355.94 ops/sec
Uniform (Warm-Up) (epoch 18, progress 0.01%): UPDATE throughput 167.97 ops/sec, INSERT throughput 0.00 ops/sec, READ throughput 180.97 ops/sec, SCAN throughput 0.00 ops/sec, READ_MODIFY_WRITE throughput 0.00 ops/sec, total throughput 348.95 ops/sec
Uniform (Warm-Up) (epoch 19, progress 0.01%): UPDATE throughput 145.98 ops/sec, INSERT throughput 0.00 ops/sec, READ throughput 162.97 ops/sec, SCAN throughput 0.00 ops/sec, READ_MODIFY_WRITE throughput 0.00 ops/sec, total throughput 308.95 ops/sec
Uniform (Warm-Up) (epoch 20, progress 0.02%): UPDATE throughput 175.97 ops/sec, INSERT throughput 0.00 ops/sec, READ throughput 196.97 ops/sec, SCAN throughput 0.00 ops/sec, READ_MODIFY_WRITE throughput 0.00 ops/sec, total throughput 372.94 ops/sec
Uniform (Warm-Up) (epoch 21, progress 0.02%): UPDATE throughput 174.97 ops/sec, INSERT throughput 0.00 ops/sec, READ throughput 172.97 ops/sec, SCAN throughput 0.00 ops/sec, READ_MODIFY_WRITE throughput 0.00 ops/sec, total throughput 347.95 ops/sec
Uniform (Warm-Up) (epoch 22, progress 0.02%): UPDATE throughput 205.97 ops/sec, INSERT throughput 0.00 ops/sec, READ throughput 192.97 ops/sec, SCAN throughput 0.00 ops/sec, READ_MODIFY_WRITE throughput 0.00 ops/sec, total throughput 398.94 ops/sec
Uniform (Warm-Up) (epoch 23, progress 0.02%): UPDATE throughput 169.97 ops/sec, INSERT throughput 0.00 ops/sec, READ throughput 185.97 ops/sec, SCAN throughput 0.00 ops/sec, READ_MODIFY_WRITE throughput 0.00 ops/sec, total throughput 355.95 ops/sec
Uniform (Warm-Up) (epoch 24, progress 0.02%): UPDATE throughput 167.97 ops/sec, INSERT throughput 0.00 ops/sec, READ throughput 147.98 ops/sec, SCAN throughput 0.00 ops/sec, READ_MODIFY_WRITE throughput 0.00 ops/sec, total throughput 315.95 ops/sec
Uniform (Warm-Up) (epoch 25, progress 0.02%): UPDATE throughput 172.97 ops/sec, INSERT throughput 0.00 ops/sec, READ throughput 174.97 ops/sec, SCAN throughput 0.00 ops/sec, READ_MODIFY_WRITE throughput 0.00 ops/sec, total throughput 347.95 ops/sec
Uniform (Warm-Up) (epoch 26, progress 0.02%): UPDATE throughput 206.97 ops/sec, INSERT throughput 0.00 ops/sec, READ throughput 217.97 ops/sec, SCAN throughput 0.00 ops/sec, READ_MODIFY_WRITE throughput 0.00 ops/sec, total throughput 424.94 ops/sec
Uniform (Warm-Up) (epoch 27, progress 0.02%): UPDATE throughput 167.97 ops/sec, INSERT throughput 0.00 ops/sec, READ throughput 201.97 ops/sec, SCAN throughput 0.00 ops/sec, READ_MODIFY_WRITE throughput 0.00 ops/sec, total throughput 369.94 ops/sec
Uniform (Warm-Up) (epoch 28, progress 0.02%): UPDATE throughput 262.96 ops/sec, INSERT throughput 0.00 ops/sec, READ throughput 219.97 ops/sec, SCAN throughput 0.00 ops/sec, READ_MODIFY_WRITE throughput 0.00 ops/sec, total throughput 482.93 ops/sec
Uniform (Warm-Up) (epoch 29, progress 0.02%): UPDATE throughput 200.97 ops/sec, INSERT throughput 0.00 ops/sec, READ throughput 221.97 ops/sec, SCAN throughput 0.00 ops/sec, READ_MODIFY_WRITE throughput 0.00 ops/sec, total throughput 422.94 ops/sec
Uniform (Warm-Up) (epoch 30, progress 0.03%): UPDATE throughput 208.97 ops/sec, INSERT throughput 0.00 ops/sec, READ throughput 215.97 ops/sec, SCAN throughput 0.00 ops/sec, READ_MODIFY_WRITE throughput 0.00 ops/sec, total throughput 424.93 ops/sec
time's up!
Uniform (Warm-Up): calculating overall performance metrics... (might take a while)
Uniform (Warm-Up) overall: UPDATE throughput 166.72 ops/sec, INSERT throughput 0.00 ops/sec, READ throughput 171.15 ops/sec, SCAN throughput 0.00 ops/sec, READ_MODIFY_WRITE throughput 0.00 ops/sec, total throughput 337.87 ops/sec
Uniform (Warm-Up) overall: UPDATE average latency 386287.67 ns, UPDATE p99 latency 1488498.67 ns, INSERT average latency 0.00 ns, INSERT p99 latency 0.00 ns, READ average latency 22906213.25 ns, READ p99 latency 112394908.00 ns, SCAN average latency 0.00 ns, SCAN p99 latency 0.00 ns, READ_MODIFY_WRITE average latency 0.00 ns, READ_MODIFY_WRITE p99 latency 0.00 ns
Uniform (epoch 0, progress 0.00%): UPDATE throughput 0.00 ops/sec, INSERT throughput 0.00 ops/sec, READ throughput 0.00 ops/sec, SCAN throughput 0.00 ops/sec, READ_MODIFY_WRITE throughput 0.00 ops/sec, total throughput 0.00 ops/sec
Uniform (epoch 1, progress 0.01%): UPDATE throughput 1062.85 ops/sec, INSERT throughput 0.00 ops/sec, READ throughput 1094.85 ops/sec, SCAN throughput 0.00 ops/sec, READ_MODIFY_WRITE throughput 0.00 ops/sec, total throughput 2157.70 ops/sec
Uniform (epoch 2, progress 0.01%): UPDATE throughput 0.00 ops/sec, INSERT throughput 0.00 ops/sec, READ throughput 0.00 ops/sec, SCAN throughput 0.00 ops/sec, READ_MODIFY_WRITE throughput 0.00 ops/sec, total throughput 0.00 ops/sec
Uniform (epoch 3, progress 0.01%): UPDATE throughput 1223.82 ops/sec, INSERT throughput 0.00 ops/sec, READ throughput 1267.81 ops/sec, SCAN throughput 0.00 ops/sec, READ_MODIFY_WRITE throughput 0.00 ops/sec, total throughput 2491.64 ops/sec
Uniform (epoch 4, progress 0.02%): UPDATE throughput 797.89 ops/sec, INSERT throughput 0.00 ops/sec, READ throughput 832.88 ops/sec, SCAN throughput 0.00 ops/sec, READ_MODIFY_WRITE throughput 0.00 ops/sec, total throughput 1630.77 ops/sec
Uniform (epoch 5, progress 0.02%): UPDATE throughput 1010.84 ops/sec, INSERT throughput 0.00 ops/sec, READ throughput 1008.84 ops/sec, SCAN throughput 0.00 ops/sec, READ_MODIFY_WRITE throughput 0.00 ops/sec, total throughput 2019.68 ops/sec
Uniform (epoch 6, progress 0.02%): UPDATE throughput 0.00 ops/sec, INSERT throughput 0.00 ops/sec, READ throughput 0.00 ops/sec, SCAN throughput 0.00 ops/sec, READ_MODIFY_WRITE throughput 0.00 ops/sec, total throughput 0.00 ops/sec
Uniform (epoch 7, progress 0.02%): UPDATE throughput 603.91 ops/sec, INSERT throughput 0.00 ops/sec, READ throughput 625.91 ops/sec, SCAN throughput 0.00 ops/sec, READ_MODIFY_WRITE throughput 0.00 ops/sec, total throughput 1229.82 ops/sec
Uniform (epoch 8, progress 0.03%): UPDATE throughput 431.93 ops/sec, INSERT throughput 0.00 ops/sec, READ throughput 444.93 ops/sec, SCAN throughput 0.00 ops/sec, READ_MODIFY_WRITE throughput 0.00 ops/sec, total throughput 876.87 ops/sec
Uniform (epoch 9, progress 0.03%): UPDATE throughput 239.96 ops/sec, INSERT throughput 0.00 ops/sec, READ throughput 260.96 ops/sec, SCAN throughput 0.00 ops/sec, READ_MODIFY_WRITE throughput 0.00 ops/sec, total throughput 500.93 ops/sec
Uniform (epoch 10, progress 0.03%): UPDATE throughput 267.96 ops/sec, INSERT throughput 0.00 ops/sec, READ throughput 252.97 ops/sec, SCAN throughput 0.00 ops/sec, READ_MODIFY_WRITE throughput 0.00 ops/sec, total throughput 520.93 ops/sec
Uniform (epoch 11, progress 0.03%): UPDATE throughput 228.97 ops/sec, INSERT throughput 0.00 ops/sec, READ throughput 264.96 ops/sec, SCAN throughput 0.00 ops/sec, READ_MODIFY_WRITE throughput 0.00 ops/sec, total throughput 493.93 ops/sec
Uniform (epoch 12, progress 0.03%): UPDATE throughput 264.96 ops/sec, INSERT throughput 0.00 ops/sec, READ throughput 275.96 ops/sec, SCAN throughput 0.00 ops/sec, READ_MODIFY_WRITE throughput 0.00 ops/sec, total throughput 540.92 ops/sec
Uniform (epoch 13, progress 0.03%): UPDATE throughput 400.94 ops/sec, INSERT throughput 0.00 ops/sec, READ throughput 323.95 ops/sec, SCAN throughput 0.00 ops/sec, READ_MODIFY_WRITE throughput 0.00 ops/sec, total throughput 724.89 ops/sec
Uniform (epoch 14, progress 0.03%): UPDATE throughput 343.95 ops/sec, INSERT throughput 0.00 ops/sec, READ throughput 344.95 ops/sec, SCAN throughput 0.00 ops/sec, READ_MODIFY_WRITE throughput 0.00 ops/sec, total throughput 688.90 ops/sec
Uniform (epoch 15, progress 0.04%): UPDATE throughput 373.95 ops/sec, INSERT throughput 0.00 ops/sec, READ throughput 340.95 ops/sec, SCAN throughput 0.00 ops/sec, READ_MODIFY_WRITE throughput 0.00 ops/sec, total throughput 714.90 ops/sec
Uniform (epoch 16, progress 0.04%): UPDATE throughput 375.95 ops/sec, INSERT throughput 0.00 ops/sec, READ throughput 381.95 ops/sec, SCAN throughput 0.00 ops/sec, READ_MODIFY_WRITE throughput 0.00 ops/sec, total throughput 757.89 ops/sec
Uniform (epoch 17, progress 0.04%): UPDATE throughput 382.95 ops/sec, INSERT throughput 0.00 ops/sec, READ throughput 424.94 ops/sec, SCAN throughput 0.00 ops/sec, READ_MODIFY_WRITE throughput 0.00 ops/sec, total throughput 807.89 ops/sec
Uniform (epoch 18, progress 0.04%): UPDATE throughput 129.98 ops/sec, INSERT throughput 0.00 ops/sec, READ throughput 109.98 ops/sec, SCAN throughput 0.00 ops/sec, READ_MODIFY_WRITE throughput 0.00 ops/sec, total throughput 239.97 ops/sec
Uniform (epoch 19, progress 0.04%): UPDATE throughput 0.00 ops/sec, INSERT throughput 0.00 ops/sec, READ throughput 0.00 ops/sec, SCAN throughput 0.00 ops/sec, READ_MODIFY_WRITE throughput 0.00 ops/sec, total throughput 0.00 ops/sec
Uniform (epoch 20, progress 0.04%): UPDATE throughput 109.98 ops/sec, INSERT throughput 0.00 ops/sec, READ throughput 94.99 ops/sec, SCAN throughput 0.00 ops/sec, READ_MODIFY_WRITE throughput 0.00 ops/sec, total throughput 204.97 ops/sec
Uniform (epoch 21, progress 0.04%): UPDATE throughput 475.93 ops/sec, INSERT throughput 0.00 ops/sec, READ throughput 470.93 ops/sec, SCAN throughput 0.00 ops/sec, READ_MODIFY_WRITE throughput 0.00 ops/sec, total throughput 946.86 ops/sec
Uniform (epoch 22, progress 0.05%): UPDATE throughput 450.94 ops/sec, INSERT throughput 0.00 ops/sec, READ throughput 502.93 ops/sec, SCAN throughput 0.00 ops/sec, READ_MODIFY_WRITE throughput 0.00 ops/sec, total throughput 953.86 ops/sec
Uniform (epoch 23, progress 0.05%): UPDATE throughput 452.93 ops/sec, INSERT throughput 0.00 ops/sec, READ throughput 463.93 ops/sec, SCAN throughput 0.00 ops/sec, READ_MODIFY_WRITE throughput 0.00 ops/sec, total throughput 916.87 ops/sec
Uniform (epoch 24, progress 0.05%): UPDATE throughput 511.93 ops/sec, INSERT throughput 0.00 ops/sec, READ throughput 475.93 ops/sec, SCAN throughput 0.00 ops/sec, READ_MODIFY_WRITE throughput 0.00 ops/sec, total throughput 987.86 ops/sec
Uniform (epoch 25, progress 0.05%): UPDATE throughput 479.93 ops/sec, INSERT throughput 0.00 ops/sec, READ throughput 527.93 ops/sec, SCAN throughput 0.00 ops/sec, READ_MODIFY_WRITE throughput 0.00 ops/sec, total throughput 1007.86 ops/sec
Uniform (epoch 26, progress 0.06%): UPDATE throughput 517.92 ops/sec, INSERT throughput 0.00 ops/sec, READ throughput 575.92 ops/sec, SCAN throughput 0.00 ops/sec, READ_MODIFY_WRITE throughput 0.00 ops/sec, total throughput 1093.84 ops/sec
Uniform (epoch 27, progress 0.06%): UPDATE throughput 405.94 ops/sec, INSERT throughput 0.00 ops/sec, READ throughput 410.94 ops/sec, SCAN throughput 0.00 ops/sec, READ_MODIFY_WRITE throughput 0.00 ops/sec, total throughput 816.89 ops/sec
Uniform (epoch 28, progress 0.06%): UPDATE throughput 335.95 ops/sec, INSERT throughput 0.00 ops/sec, READ throughput 358.95 ops/sec, SCAN throughput 0.00 ops/sec, READ_MODIFY_WRITE throughput 0.00 ops/sec, total throughput 694.89 ops/sec
Uniform (epoch 29, progress 0.06%): UPDATE throughput 367.94 ops/sec, INSERT throughput 0.00 ops/sec, READ throughput 353.95 ops/sec, SCAN throughput 0.00 ops/sec, READ_MODIFY_WRITE throughput 0.00 ops/sec, total throughput 721.89 ops/sec
Uniform (epoch 30, progress 0.06%): UPDATE throughput 365.94 ops/sec, INSERT throughput 0.00 ops/sec, READ throughput 387.94 ops/sec, SCAN throughput 0.00 ops/sec, READ_MODIFY_WRITE throughput 0.00 ops/sec, total throughput 753.89 ops/sec
Uniform (epoch 31, progress 0.07%): UPDATE throughput 342.95 ops/sec, INSERT throughput 0.00 ops/sec, READ throughput 361.95 ops/sec, SCAN throughput 0.00 ops/sec, READ_MODIFY_WRITE throughput 0.00 ops/sec, total throughput 704.89 ops/sec
Uniform (epoch 32, progress 0.07%): UPDATE throughput 235.96 ops/sec, INSERT throughput 0.00 ops/sec, READ throughput 228.97 ops/sec, SCAN throughput 0.00 ops/sec, READ_MODIFY_WRITE throughput 0.00 ops/sec, total throughput 464.93 ops/sec
Uniform (epoch 33, progress 0.07%): UPDATE throughput 269.96 ops/sec, INSERT throughput 0.00 ops/sec, READ throughput 259.96 ops/sec, SCAN throughput 0.00 ops/sec, READ_MODIFY_WRITE throughput 0.00 ops/sec, total throughput 529.92 ops/sec
Uniform (epoch 34, progress 0.07%): UPDATE throughput 351.95 ops/sec, INSERT throughput 0.00 ops/sec, READ throughput 358.95 ops/sec, SCAN throughput 0.00 ops/sec, READ_MODIFY_WRITE throughput 0.00 ops/sec, total throughput 710.89 ops/sec
Uniform (epoch 35, progress 0.07%): UPDATE throughput 374.94 ops/sec, INSERT throughput 0.00 ops/sec, READ throughput 426.94 ops/sec, SCAN throughput 0.00 ops/sec, READ_MODIFY_WRITE throughput 0.00 ops/sec, total throughput 801.88 ops/sec
Uniform (epoch 36, progress 0.07%): UPDATE throughput 259.96 ops/sec, INSERT throughput 0.00 ops/sec, READ throughput 292.96 ops/sec, SCAN throughput 0.00 ops/sec, READ_MODIFY_WRITE throughput 0.00 ops/sec, total throughput 552.92 ops/sec
Uniform (epoch 37, progress 0.08%): UPDATE throughput 427.94 ops/sec, INSERT throughput 0.00 ops/sec, READ throughput 434.94 ops/sec, SCAN throughput 0.00 ops/sec, READ_MODIFY_WRITE throughput 0.00 ops/sec, total throughput 862.87 ops/sec
Uniform (epoch 38, progress 0.08%): UPDATE throughput 336.95 ops/sec, INSERT throughput 0.00 ops/sec, READ throughput 338.95 ops/sec, SCAN throughput 0.00 ops/sec, READ_MODIFY_WRITE throughput 0.00 ops/sec, total throughput 675.90 ops/sec
Uniform (epoch 39, progress 0.08%): UPDATE throughput 296.96 ops/sec, INSERT throughput 0.00 ops/sec, READ throughput 281.96 ops/sec, SCAN throughput 0.00 ops/sec, READ_MODIFY_WRITE throughput 0.00 ops/sec, total throughput 578.91 ops/sec
Uniform (epoch 40, progress 0.08%): UPDATE throughput 442.93 ops/sec, INSERT throughput 0.00 ops/sec, READ throughput 413.94 ops/sec, SCAN throughput 0.00 ops/sec, READ_MODIFY_WRITE throughput 0.00 ops/sec, total throughput 856.87 ops/sec
Uniform (epoch 41, progress 0.08%): UPDATE throughput 387.94 ops/sec, INSERT throughput 0.00 ops/sec, READ throughput 342.95 ops/sec, SCAN throughput 0.00 ops/sec, READ_MODIFY_WRITE throughput 0.00 ops/sec, total throughput 730.89 ops/sec
Uniform (epoch 42, progress 0.08%): UPDATE throughput 402.94 ops/sec, INSERT throughput 0.00 ops/sec, READ throughput 425.94 ops/sec, SCAN throughput 0.00 ops/sec, READ_MODIFY_WRITE throughput 0.00 ops/sec, total throughput 828.88 ops/sec
Uniform (epoch 43, progress 0.09%): UPDATE throughput 486.93 ops/sec, INSERT throughput 0.00 ops/sec, READ throughput 462.93 ops/sec, SCAN throughput 0.00 ops/sec, READ_MODIFY_WRITE throughput 0.00 ops/sec, total throughput 949.86 ops/sec
Uniform (epoch 44, progress 0.09%): UPDATE throughput 325.95 ops/sec, INSERT throughput 0.00 ops/sec, READ throughput 380.94 ops/sec, SCAN throughput 0.00 ops/sec, READ_MODIFY_WRITE throughput 0.00 ops/sec, total throughput 706.89 ops/sec
Uniform (epoch 45, progress 0.09%): UPDATE throughput 438.93 ops/sec, INSERT throughput 0.00 ops/sec, READ throughput 415.94 ops/sec, SCAN throughput 0.00 ops/sec, READ_MODIFY_WRITE throughput 0.00 ops/sec, total throughput 854.87 ops/sec
Uniform (epoch 46, progress 0.09%): UPDATE throughput 459.93 ops/sec, INSERT throughput 0.00 ops/sec, READ throughput 447.93 ops/sec, SCAN throughput 0.00 ops/sec, READ_MODIFY_WRITE throughput 0.00 ops/sec, total throughput 907.86 ops/sec
Uniform (epoch 47, progress 0.10%): UPDATE throughput 450.93 ops/sec, INSERT throughput 0.00 ops/sec, READ throughput 478.93 ops/sec, SCAN throughput 0.00 ops/sec, READ_MODIFY_WRITE throughput 0.00 ops/sec, total throughput 929.86 ops/sec
Uniform (epoch 48, progress 0.10%): UPDATE throughput 350.95 ops/sec, INSERT throughput 0.00 ops/sec, READ throughput 381.94 ops/sec, SCAN throughput 0.00 ops/sec, READ_MODIFY_WRITE throughput 0.00 ops/sec, total throughput 732.89 ops/sec
Uniform (epoch 49, progress 0.10%): UPDATE throughput 473.93 ops/sec, INSERT throughput 0.00 ops/sec, READ throughput 397.94 ops/sec, SCAN throughput 0.00 ops/sec, READ_MODIFY_WRITE throughput 0.00 ops/sec, total throughput 871.87 ops/sec
Uniform (epoch 50, progress 0.10%): UPDATE throughput 411.94 ops/sec, INSERT throughput 0.00 ops/sec, READ throughput 388.94 ops/sec, SCAN throughput 0.00 ops/sec, READ_MODIFY_WRITE throughput 0.00 ops/sec, total throughput 800.88 ops/sec
Uniform (epoch 51, progress 0.10%): UPDATE throughput 124.98 ops/sec, INSERT throughput 0.00 ops/sec, READ throughput 131.98 ops/sec, SCAN throughput 0.00 ops/sec, READ_MODIFY_WRITE throughput 0.00 ops/sec, total throughput 256.96 ops/sec
Uniform (epoch 52, progress 0.10%): UPDATE throughput 0.00 ops/sec, INSERT throughput 0.00 ops/sec, READ throughput 0.00 ops/sec, SCAN throughput 0.00 ops/sec, READ_MODIFY_WRITE throughput 0.00 ops/sec, total throughput 0.00 ops/sec
Uniform (epoch 53, progress 0.10%): UPDATE throughput 0.00 ops/sec, INSERT throughput 0.00 ops/sec, READ throughput 0.00 ops/sec, SCAN throughput 0.00 ops/sec, READ_MODIFY_WRITE throughput 0.00 ops/sec, total throughput 0.00 ops/sec
Uniform (epoch 54, progress 0.10%): UPDATE throughput 0.00 ops/sec, INSERT throughput 0.00 ops/sec, READ throughput 0.00 ops/sec, SCAN throughput 0.00 ops/sec, READ_MODIFY_WRITE throughput 0.00 ops/sec, total throughput 0.00 ops/sec
Uniform (epoch 55, progress 0.10%): UPDATE throughput 0.00 ops/sec, INSERT throughput 0.00 ops/sec, READ throughput 0.00 ops/sec, SCAN throughput 0.00 ops/sec, READ_MODIFY_WRITE throughput 0.00 ops/sec, total throughput 0.00 ops/sec
Uniform (epoch 56, progress 0.10%): UPDATE throughput 0.00 ops/sec, INSERT throughput 0.00 ops/sec, READ throughput 0.00 ops/sec, SCAN throughput 0.00 ops/sec, READ_MODIFY_WRITE throughput 0.00 ops/sec, total throughput 0.00 ops/sec
Uniform (epoch 57, progress 0.10%): UPDATE throughput 0.00 ops/sec, INSERT throughput 0.00 ops/sec, READ throughput 0.00 ops/sec, SCAN throughput 0.00 ops/sec, READ_MODIFY_WRITE throughput 0.00 ops/sec, total throughput 0.00 ops/sec
Uniform (epoch 58, progress 0.10%): UPDATE throughput 0.00 ops/sec, INSERT throughput 0.00 ops/sec, READ throughput 0.00 ops/sec, SCAN throughput 0.00 ops/sec, READ_MODIFY_WRITE throughput 0.00 ops/sec, total throughput 0.00 ops/sec
Uniform (epoch 59, progress 0.10%): UPDATE throughput 0.00 ops/sec, INSERT throughput 0.00 ops/sec, READ throughput 0.00 ops/sec, SCAN throughput 0.00 ops/sec, READ_MODIFY_WRITE throughput 0.00 ops/sec, total throughput 0.00 ops/sec
Uniform (epoch 60, progress 0.10%): UPDATE throughput 0.00 ops/sec, INSERT throughput 0.00 ops/sec, READ throughput 0.00 ops/sec, SCAN throughput 0.00 ops/sec, READ_MODIFY_WRITE throughput 0.00 ops/sec, total throughput 0.00 ops/sec
Uniform (epoch 61, progress 0.10%): UPDATE throughput 0.00 ops/sec, INSERT throughput 0.00 ops/sec, READ throughput 0.00 ops/sec, SCAN throughput 0.00 ops/sec, READ_MODIFY_WRITE throughput 0.00 ops/sec, total throughput 0.00 ops/sec
Uniform (epoch 62, progress 0.10%): UPDATE throughput 0.00 ops/sec, INSERT throughput 0.00 ops/sec, READ throughput 0.00 ops/sec, SCAN throughput 0.00 ops/sec, READ_MODIFY_WRITE throughput 0.00 ops/sec, total throughput 0.00 ops/sec
Uniform (epoch 63, progress 0.10%): UPDATE throughput 0.00 ops/sec, INSERT throughput 0.00 ops/sec, READ throughput 0.00 ops/sec, SCAN throughput 0.00 ops/sec, READ_MODIFY_WRITE throughput 0.00 ops/sec, total throughput 0.00 ops/sec
Uniform (epoch 64, progress 0.10%): UPDATE throughput 0.00 ops/sec, INSERT throughput 0.00 ops/sec, READ throughput 0.00 ops/sec, SCAN throughput 0.00 ops/sec, READ_MODIFY_WRITE throughput 0.00 ops/sec, total throughput 0.00 ops/sec
Uniform (epoch 65, progress 0.10%): UPDATE throughput 0.00 ops/sec, INSERT throughput 0.00 ops/sec, READ throughput 0.00 ops/sec, SCAN throughput 0.00 ops/sec, READ_MODIFY_WRITE throughput 0.00 ops/sec, total throughput 0.00 ops/sec
Uniform (epoch 66, progress 0.10%): UPDATE throughput 0.00 ops/sec, INSERT throughput 0.00 ops/sec, READ throughput 0.00 ops/sec, SCAN throughput 0.00 ops/sec, READ_MODIFY_WRITE throughput 0.00 ops/sec, total throughput 0.00 ops/sec
Uniform (epoch 67, progress 0.10%): UPDATE throughput 0.00 ops/sec, INSERT throughput 0.00 ops/sec, READ throughput 0.00 ops/sec, SCAN throughput 0.00 ops/sec, READ_MODIFY_WRITE throughput 0.00 ops/sec, total throughput 0.00 ops/sec
Uniform (epoch 68, progress 0.10%): UPDATE throughput 0.00 ops/sec, INSERT throughput 0.00 ops/sec, READ throughput 0.00 ops/sec, SCAN throughput 0.00 ops/sec, READ_MODIFY_WRITE throughput 0.00 ops/sec, total throughput 0.00 ops/sec
Uniform (epoch 69, progress 0.10%): UPDATE throughput 0.00 ops/sec, INSERT throughput 0.00 ops/sec, READ throughput 0.00 ops/sec, SCAN throughput 0.00 ops/sec, READ_MODIFY_WRITE throughput 0.00 ops/sec, total throughput 0.00 ops/sec
Uniform (epoch 70, progress 0.10%): UPDATE throughput 0.00 ops/sec, INSERT throughput 0.00 ops/sec, READ throughput 0.00 ops/sec, SCAN throughput 0.00 ops/sec, READ_MODIFY_WRITE throughput 0.00 ops/sec, total throughput 0.00 ops/sec
Uniform (epoch 71, progress 0.10%): UPDATE throughput 0.00 ops/sec, INSERT throughput 0.00 ops/sec, READ throughput 0.00 ops/sec, SCAN throughput 0.00 ops/sec, READ_MODIFY_WRITE throughput 0.00 ops/sec, total throughput 0.00 ops/sec
Uniform (epoch 72, progress 0.10%): UPDATE throughput 0.00 ops/sec, INSERT throughput 0.00 ops/sec, READ throughput 0.00 ops/sec, SCAN throughput 0.00 ops/sec, READ_MODIFY_WRITE throughput 0.00 ops/sec, total throughput 0.00 ops/sec
Uniform (epoch 73, progress 0.10%): UPDATE throughput 0.00 ops/sec, INSERT throughput 0.00 ops/sec, READ throughput 0.00 ops/sec, SCAN throughput 0.00 ops/sec, READ_MODIFY_WRITE throughput 0.00 ops/sec, total throughput 0.00 ops/sec
Uniform (epoch 74, progress 0.10%): UPDATE throughput 0.00 ops/sec, INSERT throughput 0.00 ops/sec, READ throughput 0.00 ops/sec, SCAN throughput 0.00 ops/sec, READ_MODIFY_WRITE throughput 0.00 ops/sec, total throughput 0.00 ops/sec
Uniform (epoch 75, progress 0.10%): UPDATE throughput 0.00 ops/sec, INSERT throughput 0.00 ops/sec, READ throughput 0.00 ops/sec, SCAN throughput 0.00 ops/sec, READ_MODIFY_WRITE throughput 0.00 ops/sec, total throughput 0.00 ops/sec
Uniform (epoch 76, progress 0.10%): UPDATE throughput 0.00 ops/sec, INSERT throughput 0.00 ops/sec, READ throughput 0.00 ops/sec, SCAN throughput 0.00 ops/sec, READ_MODIFY_WRITE throughput 0.00 ops/sec, total throughput 0.00 ops/sec
Uniform (epoch 77, progress 0.10%): UPDATE throughput 0.00 ops/sec, INSERT throughput 0.00 ops/sec, READ throughput 0.00 ops/sec, SCAN throughput 0.00 ops/sec, READ_MODIFY_WRITE throughput 0.00 ops/sec, total throughput 0.00 ops/sec
Uniform (epoch 78, progress 0.10%): UPDATE throughput 0.00 ops/sec, INSERT throughput 0.00 ops/sec, READ throughput 0.00 ops/sec, SCAN throughput 0.00 ops/sec, READ_MODIFY_WRITE throughput 0.00 ops/sec, total throughput 0.00 ops/sec
Uniform (epoch 79, progress 0.10%): UPDATE throughput 0.00 ops/sec, INSERT throughput 0.00 ops/sec, READ throughput 0.00 ops/sec, SCAN throughput 0.00 ops/sec, READ_MODIFY_WRITE throughput 0.00 ops/sec, total throughput 0.00 ops/sec
Uniform (epoch 80, progress 0.10%): UPDATE throughput 0.00 ops/sec, INSERT throughput 0.00 ops/sec, READ throughput 0.00 ops/sec, SCAN throughput 0.00 ops/sec, READ_MODIFY_WRITE throughput 0.00 ops/sec, total throughput 0.00 ops/sec
Uniform (epoch 81, progress 0.10%): UPDATE throughput 0.00 ops/sec, INSERT throughput 0.00 ops/sec, READ throughput 0.00 ops/sec, SCAN throughput 0.00 ops/sec, READ_MODIFY_WRITE throughput 0.00 ops/sec, total throughput 0.00 ops/sec
Uniform (epoch 82, progress 0.10%): UPDATE throughput 0.00 ops/sec, INSERT throughput 0.00 ops/sec, READ throughput 0.00 ops/sec, SCAN throughput 0.00 ops/sec, READ_MODIFY_WRITE throughput 0.00 ops/sec, total throughput 0.00 ops/sec
Uniform (epoch 83, progress 0.10%): UPDATE throughput 0.00 ops/sec, INSERT throughput 0.00 ops/sec, READ throughput 0.00 ops/sec, SCAN throughput 0.00 ops/sec, READ_MODIFY_WRITE throughput 0.00 ops/sec, total throughput 0.00 ops/sec
Uniform (epoch 84, progress 0.10%): UPDATE throughput 0.00 ops/sec, INSERT throughput 0.00 ops/sec, READ throughput 0.00 ops/sec, SCAN throughput 0.00 ops/sec, READ_MODIFY_WRITE throughput 0.00 ops/sec, total throughput 0.00 ops/sec
Uniform (epoch 85, progress 0.10%): UPDATE throughput 0.00 ops/sec, INSERT throughput 0.00 ops/sec, READ throughput 0.00 ops/sec, SCAN throughput 0.00 ops/sec, READ_MODIFY_WRITE throughput 0.00 ops/sec, total throughput 0.00 ops/sec
Uniform (epoch 86, progress 0.10%): UPDATE throughput 0.00 ops/sec, INSERT throughput 0.00 ops/sec, READ throughput 0.00 ops/sec, SCAN throughput 0.00 ops/sec, READ_MODIFY_WRITE throughput 0.00 ops/sec, total throughput 0.00 ops/sec
Uniform (epoch 87, progress 0.10%): UPDATE throughput 0.00 ops/sec, INSERT throughput 0.00 ops/sec, READ throughput 0.00 ops/sec, SCAN throughput 0.00 ops/sec, READ_MODIFY_WRITE throughput 0.00 ops/sec, total throughput 0.00 ops/sec
Uniform (epoch 88, progress 0.10%): UPDATE throughput 0.00 ops/sec, INSERT throughput 0.00 ops/sec, READ throughput 0.00 ops/sec, SCAN throughput 0.00 ops/sec, READ_MODIFY_WRITE throughput 0.00 ops/sec, total throughput 0.00 ops/sec
Uniform (epoch 89, progress 0.10%): UPDATE throughput 0.00 ops/sec, INSERT throughput 0.00 ops/sec, READ throughput 0.00 ops/sec, SCAN throughput 0.00 ops/sec, READ_MODIFY_WRITE throughput 0.00 ops/sec, total throughput 0.00 ops/sec
Uniform (epoch 90, progress 0.10%): UPDATE throughput 0.00 ops/sec, INSERT throughput 0.00 ops/sec, READ throughput 0.00 ops/sec, SCAN throughput 0.00 ops/sec, READ_MODIFY_WRITE throughput 0.00 ops/sec, total throughput 0.00 ops/sec
Uniform (epoch 91, progress 0.10%): UPDATE throughput 0.00 ops/sec, INSERT throughput 0.00 ops/sec, READ throughput 0.00 ops/sec, SCAN throughput 0.00 ops/sec, READ_MODIFY_WRITE throughput 0.00 ops/sec, total throughput 0.00 ops/sec
Uniform (epoch 92, progress 0.10%): UPDATE throughput 0.00 ops/sec, INSERT throughput 0.00 ops/sec, READ throughput 0.00 ops/sec, SCAN throughput 0.00 ops/sec, READ_MODIFY_WRITE throughput 0.00 ops/sec, total throughput 0.00 ops/sec
Uniform (epoch 93, progress 0.10%): UPDATE throughput 0.00 ops/sec, INSERT throughput 0.00 ops/sec, READ throughput 0.00 ops/sec, SCAN throughput 0.00 ops/sec, READ_MODIFY_WRITE throughput 0.00 ops/sec, total throughput 0.00 ops/sec
Uniform (epoch 94, progress 0.10%): UPDATE throughput 0.00 ops/sec, INSERT throughput 0.00 ops/sec, READ throughput 0.00 ops/sec, SCAN throughput 0.00 ops/sec, READ_MODIFY_WRITE throughput 0.00 ops/sec, total throughput 0.00 ops/sec
Uniform (epoch 95, progress 0.10%): UPDATE throughput 0.00 ops/sec, INSERT throughput 0.00 ops/sec, READ throughput 0.00 ops/sec, SCAN throughput 0.00 ops/sec, READ_MODIFY_WRITE throughput 0.00 ops/sec, total throughput 0.00 ops/sec
Uniform (epoch 96, progress 0.10%): UPDATE throughput 0.00 ops/sec, INSERT throughput 0.00 ops/sec, READ throughput 0.00 ops/sec, SCAN throughput 0.00 ops/sec, READ_MODIFY_WRITE throughput 0.00 ops/sec, total throughput 0.00 ops/sec
Uniform (epoch 97, progress 0.10%): UPDATE throughput 0.00 ops/sec, INSERT throughput 0.00 ops/sec, READ throughput 0.00 ops/sec, SCAN throughput 0.00 ops/sec, READ_MODIFY_WRITE throughput 0.00 ops/sec, total throughput 0.00 ops/sec
Uniform (epoch 98, progress 0.10%): UPDATE throughput 0.00 ops/sec, INSERT throughput 0.00 ops/sec, READ throughput 0.00 ops/sec, SCAN throughput 0.00 ops/sec, READ_MODIFY_WRITE throughput 0.00 ops/sec, total throughput 0.00 ops/sec
Uniform (epoch 99, progress 0.10%): UPDATE throughput 0.00 ops/sec, INSERT throughput 0.00 ops/sec, READ throughput 0.00 ops/sec, SCAN throughput 0.00 ops/sec, READ_MODIFY_WRITE throughput 0.00 ops/sec, total throughput 0.00 ops/sec
Uniform (epoch 100, progress 0.10%): UPDATE throughput 0.00 ops/sec, INSERT throughput 0.00 ops/sec, READ throughput 0.00 ops/sec, SCAN throughput 0.00 ops/sec, READ_MODIFY_WRITE throughput 0.00 ops/sec, total throughput 0.00 ops/sec
Uniform (epoch 101, progress 0.10%): UPDATE throughput 0.00 ops/sec, INSERT throughput 0.00 ops/sec, READ throughput 0.00 ops/sec, SCAN throughput 0.00 ops/sec, READ_MODIFY_WRITE throughput 0.00 ops/sec, total throughput 0.00 ops/sec
Uniform (epoch 102, progress 0.10%): UPDATE throughput 0.00 ops/sec, INSERT throughput 0.00 ops/sec, READ throughput 0.00 ops/sec, SCAN throughput 0.00 ops/sec, READ_MODIFY_WRITE throughput 0.00 ops/sec, total throughput 0.00 ops/sec
Uniform (epoch 103, progress 0.10%): UPDATE throughput 0.00 ops/sec, INSERT throughput 0.00 ops/sec, READ throughput 0.00 ops/sec, SCAN throughput 0.00 ops/sec, READ_MODIFY_WRITE throughput 0.00 ops/sec, total throughput 0.00 ops/sec
Uniform (epoch 104, progress 0.10%): UPDATE throughput 0.00 ops/sec, INSERT throughput 0.00 ops/sec, READ throughput 0.00 ops/sec, SCAN throughput 0.00 ops/sec, READ_MODIFY_WRITE throughput 0.00 ops/sec, total throughput 0.00 ops/sec
Uniform (epoch 105, progress 0.10%): UPDATE throughput 0.00 ops/sec, INSERT throughput 0.00 ops/sec, READ throughput 0.00 ops/sec, SCAN throughput 0.00 ops/sec, READ_MODIFY_WRITE throughput 0.00 ops/sec, total throughput 0.00 ops/sec
Uniform (epoch 106, progress 0.10%): UPDATE throughput 0.00 ops/sec, INSERT throughput 0.00 ops/sec, READ throughput 0.00 ops/sec, SCAN throughput 0.00 ops/sec, READ_MODIFY_WRITE throughput 0.00 ops/sec, total throughput 0.00 ops/sec
Uniform (epoch 107, progress 0.10%): UPDATE throughput 0.00 ops/sec, INSERT throughput 0.00 ops/sec, READ throughput 0.00 ops/sec, SCAN throughput 0.00 ops/sec, READ_MODIFY_WRITE throughput 0.00 ops/sec, total throughput 0.00 ops/sec
Uniform (epoch 108, progress 0.10%): UPDATE throughput 0.00 ops/sec, INSERT throughput 0.00 ops/sec, READ throughput 0.00 ops/sec, SCAN throughput 0.00 ops/sec, READ_MODIFY_WRITE throughput 0.00 ops/sec, total throughput 0.00 ops/sec
Uniform (epoch 109, progress 0.10%): UPDATE throughput 0.00 ops/sec, INSERT throughput 0.00 ops/sec, READ throughput 0.00 ops/sec, SCAN throughput 0.00 ops/sec, READ_MODIFY_WRITE throughput 0.00 ops/sec, total throughput 0.00 ops/sec
Uniform (epoch 110, progress 0.10%): UPDATE throughput 0.00 ops/sec, INSERT throughput 0.00 ops/sec, READ throughput 0.00 ops/sec, SCAN throughput 0.00 ops/sec, READ_MODIFY_WRITE throughput 0.00 ops/sec, total throughput 0.00 ops/sec
Uniform (epoch 111, progress 0.10%): UPDATE throughput 0.00 ops/sec, INSERT throughput 0.00 ops/sec, READ throughput 0.00 ops/sec, SCAN throughput 0.00 ops/sec, READ_MODIFY_WRITE throughput 0.00 ops/sec, total throughput 0.00 ops/sec
Uniform (epoch 112, progress 0.10%): UPDATE throughput 16.00 ops/sec, INSERT throughput 0.00 ops/sec, READ throughput 4.00 ops/sec, SCAN throughput 0.00 ops/sec, READ_MODIFY_WRITE throughput 0.00 ops/sec, total throughput 20.00 ops/sec
Uniform (epoch 113, progress 0.10%): UPDATE throughput 294.96 ops/sec, INSERT throughput 0.00 ops/sec, READ throughput 329.95 ops/sec, SCAN throughput 0.00 ops/sec, READ_MODIFY_WRITE throughput 0.00 ops/sec, total throughput 624.91 ops/sec
Uniform (epoch 114, progress 0.11%): UPDATE throughput 335.95 ops/sec, INSERT throughput 0.00 ops/sec, READ throughput 321.96 ops/sec, SCAN throughput 0.00 ops/sec, READ_MODIFY_WRITE throughput 0.00 ops/sec, total throughput 657.91 ops/sec
Uniform (epoch 115, progress 0.11%): UPDATE throughput 361.95 ops/sec, INSERT throughput 0.00 ops/sec, READ throughput 359.95 ops/sec, SCAN throughput 0.00 ops/sec, READ_MODIFY_WRITE throughput 0.00 ops/sec, total throughput 721.90 ops/sec
Uniform (epoch 116, progress 0.11%): UPDATE throughput 296.96 ops/sec, INSERT throughput 0.00 ops/sec, READ throughput 300.95 ops/sec, SCAN throughput 0.00 ops/sec, READ_MODIFY_WRITE throughput 0.00 ops/sec, total throughput 597.91 ops/sec
Uniform (epoch 117, progress 0.11%): UPDATE throughput 345.95 ops/sec, INSERT throughput 0.00 ops/sec, READ throughput 347.95 ops/sec, SCAN throughput 0.00 ops/sec, READ_MODIFY_WRITE throughput 0.00 ops/sec, total throughput 693.90 ops/sec
Uniform (epoch 118, progress 0.11%): UPDATE throughput 369.94 ops/sec, INSERT throughput 0.00 ops/sec, READ throughput 376.94 ops/sec, SCAN throughput 0.00 ops/sec, READ_MODIFY_WRITE throughput 0.00 ops/sec, total throughput 746.89 ops/sec
Uniform (epoch 119, progress 0.11%): UPDATE throughput 0.00 ops/sec, INSERT throughput 0.00 ops/sec, READ throughput 0.00 ops/sec, SCAN throughput 0.00 ops/sec, READ_MODIFY_WRITE throughput 0.00 ops/sec, total throughput 0.00 ops/sec
Uniform (epoch 120, progress 0.11%): UPDATE throughput 348.95 ops/sec, INSERT throughput 0.00 ops/sec, READ throughput 329.95 ops/sec, SCAN throughput 0.00 ops/sec, READ_MODIFY_WRITE throughput 0.00 ops/sec, total throughput 678.91 ops/sec
time's up!
Uniform: calculating overall performance metrics... (might take a while)
Uniform overall: UPDATE throughput 188.69 ops/sec, INSERT throughput 0.00 ops/sec, READ throughput 190.91 ops/sec, SCAN throughput 0.00 ops/sec, READ_MODIFY_WRITE throughput 0.00 ops/sec, total throughput 379.60 ops/sec
Uniform overall: UPDATE average latency 13629406.71 ns, UPDATE p99 latency 1497393.35 ns, INSERT average latency 0.00 ns, INSERT p99 latency 0.00 ns, READ average latency 7402168.45 ns, READ p99 latency 57607815.50 ns, SCAN average latency 0.00 ns, SCAN p99 latency 0.00 ns, READ_MODIFY_WRITE average latency 0.00 ns, READ_MODIFY_WRITE p99 latency 0.00 ns

total_throughput 1573.13
read_p99_ns 57607815.5
reader_fast_throughput 1193.53
writer_slow_throughput 379.6
