2026-03-11 14:20:05,294 INFO Waiting for evaluation lock /tmp/cache_ext_evaluate.lock ...
2026-03-11 14:25:38,768 INFO Acquired evaluation lock.
2026-03-11 14:25:38,768 INFO === Step 0: Drop page cache ===
2026-03-11 14:25:38,768 INFO Database already exists at /mydata/leveldb_temp (CURRENT file found), skipping rsync
2026-03-11 14:25:38,768 INFO CMD: sudo sync
2026-03-11 14:25:38,877 INFO CMD: sudo sh -c echo 3 > /proc/sys/vm/drop_caches
2026-03-11 14:25:39,366 INFO Page cache dropped.
2026-03-11 14:25:39,366 INFO === Step 1: Compile evolved policy ===
2026-03-11 14:25:39,373 INFO CMD: sudo chown -R root: /mydata/cache_ext/eviction_evo/build
2026-03-11 14:25:39,791 INFO CMD: clang-14 -O2 -target bpf -D__TARGET_ARCH_x86 -c -g -Wall -idirafter /usr/lib/llvm-14/lib/clang/14.0.0/include -idirafter /usr/local/include -idirafter /usr/include/x86_64-linux-gnu -idirafter /usr/include /mydata/cache_ext/eviction_evo/build/cache_ext_evolved.bpf.c -o /mydata/cache_ext/eviction_evo/build/cache_ext_evolved.bpf.o
2026-03-11 14:25:42,916 INFO CMD: /usr/local/sbin/bpftool gen skeleton /mydata/cache_ext/eviction_evo/build/cache_ext_evolved.bpf.o name cache_ext_evolved_bpf
2026-03-11 14:25:43,100 INFO CMD: clang-14 -O2 -g -Wall -I/mydata/cache_ext/eviction_evo/build -I/mydata/cache_ext/policies /mydata/cache_ext/eviction_evo/cache_ext_evolved.c -o /mydata/cache_ext/eviction_evo/build/cache_ext_evolved.out -L/usr/local/lib64 -lbpf
2026-03-11 14:25:44,135 INFO Compilation successful: /mydata/cache_ext/eviction_evo/build/cache_ext_evolved.out
2026-03-11 14:25:44,135 INFO === Step 2: Disable MGLRU ===
2026-03-11 14:25:44,135 INFO MGLRU current state: 0x0007 — disabling
2026-03-11 14:25:44,135 INFO CMD: sudo sh -c echo 0 > /sys/kernel/mm/lru_gen/enabled
2026-03-11 14:25:44,228 INFO MGLRU disabled.
2026-03-11 14:25:44,228 INFO === Step 3: Create cgroup ===
2026-03-11 14:25:44,228 INFO CMD: sudo cgdelete memory:cache_ext_test
2026-03-11 14:25:44,256 INFO CMD: sudo cgcreate -g memory:cache_ext_test
2026-03-11 14:25:44,346 INFO CMD: sudo sh -c echo 536870912 > /sys/fs/cgroup/cache_ext_test/memory.max
2026-03-11 14:25:44,360 INFO Created cgroup cache_ext_test with limit 536870912 bytes
2026-03-11 14:25:44,360 INFO === Step 4: Load BPF policy ===
2026-03-11 14:25:44,360 INFO Loading policy: sudo /mydata/cache_ext/eviction_evo/build/cache_ext_evolved.out --watch_dir /mydata/leveldb_temp --cgroup_path /sys/fs/cgroup/cache_ext_test
2026-03-11 14:25:54,371 INFO Policy loaded (PID 43468)
2026-03-11 14:25:54,371 INFO === Step 5: Start server ===
2026-03-11 14:25:54,371 INFO Starting server: sudo cgexec -g memory:cache_ext_test /mydata/cache_ext/net_leveldb_server 9100 /mydata/leveldb_temp
2026-03-11 14:25:54,373 INFO Waiting for server on port 9100 ...
2026-03-11 14:25:55,385 INFO Server ready (PID 43509) on port 9100
2026-03-11 14:25:55,385 INFO === Step 6: Run 2 trace benchmarks ===
2026-03-11 14:25:55,385 INFO --- Trace 1/2: dual_small_vs_large ---
2026-03-11 14:25:56,042 INFO Starting remote client reader_fast on krisub@node1: ssh -o StrictHostKeyChecking=no -o BatchMode=yes -i /users/krisub/.ssh/id_ed25519 krisub@node1 sh -lc 'if command -v cgexec >/dev/null 2>&1; then cgexec -g memory:cache_ext_remote_clients /mydata/cache_ext/My-YCSB/build/run_net_leveldb /tmp/dual_reader_fast_ng29g84h.yaml && exit 0; fi; exec /mydata/cache_ext/My-YCSB/build/run_net_leveldb /tmp/dual_reader_fast_ng29g84h.yaml'
2026-03-11 14:25:56,281 INFO Starting remote client writer_slow on krisub@node1: ssh -o StrictHostKeyChecking=no -o BatchMode=yes -i /users/krisub/.ssh/id_ed25519 krisub@node1 sh -lc 'if command -v cgexec >/dev/null 2>&1; then cgexec -g memory:cache_ext_remote_clients /mydata/cache_ext/My-YCSB/build/run_net_leveldb /tmp/dual_writer_slow_7_p8v_0e.yaml && exit 0; fi; exec /mydata/cache_ext/My-YCSB/build/run_net_leveldb /tmp/dual_writer_slow_7_p8v_0e.yaml'
