2026-03-10 23:26:04,137 INFO Waiting for evaluation lock /tmp/cache_ext_file_evaluate.lock ...
2026-03-10 23:28:18,590 INFO Acquired evaluation lock.
2026-03-10 23:28:18,590 INFO === Step 0: Drop page cache ===
2026-03-10 23:28:18,590 INFO CMD: sudo sync
2026-03-10 23:28:18,757 INFO CMD: sudo sh -c echo 3 > /proc/sys/vm/drop_caches
2026-03-10 23:28:18,975 INFO Page cache dropped.
2026-03-10 23:28:18,975 INFO === Step 1: Compile evolved policy ===
2026-03-10 23:28:18,991 INFO CMD: sudo chown -R root: /mydata/cache_ext/eviction_evo/build
2026-03-10 23:28:19,379 INFO CMD: clang-14 -O2 -target bpf -D__TARGET_ARCH_x86 -c -g -Wall -idirafter /usr/lib/llvm-14/lib/clang/14.0.0/include -idirafter /usr/local/include -idirafter /usr/include/x86_64-linux-gnu -idirafter /usr/include /mydata/cache_ext/eviction_evo/build/cache_ext_evolved.bpf.c -o /mydata/cache_ext/eviction_evo/build/cache_ext_evolved.bpf.o
2026-03-10 23:28:22,248 INFO CMD: /usr/local/sbin/bpftool gen skeleton /mydata/cache_ext/eviction_evo/build/cache_ext_evolved.bpf.o name cache_ext_evolved_bpf
2026-03-10 23:28:22,433 INFO CMD: clang-14 -O2 -g -Wall -I/mydata/cache_ext/eviction_evo/build -I/mydata/cache_ext/policies /mydata/cache_ext/eviction_evo/cache_ext_evolved.c -o /mydata/cache_ext/eviction_evo/build/cache_ext_evolved.out -L/usr/local/lib64 -lbpf
2026-03-10 23:28:23,349 INFO Compilation successful: /mydata/cache_ext/eviction_evo/build/cache_ext_evolved.out
2026-03-10 23:28:23,349 INFO === Step 2: Disable MGLRU ===
2026-03-10 23:28:23,350 INFO MGLRU current state: 0x0007 — disabling
2026-03-10 23:28:23,350 INFO CMD: sudo sh -c echo 0 > /sys/kernel/mm/lru_gen/enabled
2026-03-10 23:28:23,395 INFO MGLRU disabled.
2026-03-10 23:28:23,395 INFO === Step 3: Create cgroup ===
2026-03-10 23:28:23,395 INFO CMD: sudo cgdelete memory:cache_ext_test
2026-03-10 23:28:23,426 INFO CMD: sudo cgcreate -g memory:cache_ext_test
2026-03-10 23:28:23,539 INFO CMD: sudo sh -c echo 134217728 > /sys/fs/cgroup/cache_ext_test/memory.max
2026-03-10 23:28:23,554 INFO CMD: sudo sh -c echo 268435456 > /sys/fs/cgroup/cache_ext_test/memory.swap.max
2026-03-10 23:28:23,567 INFO Created cgroup cache_ext_test with limit 134217728 bytes, swap limit 268435456 bytes
2026-03-10 23:28:23,567 INFO === Step 4: Load BPF policy ===
2026-03-10 23:28:23,567 INFO Loading policy: sudo /mydata/cache_ext/eviction_evo/build/cache_ext_evolved.out --watch_dir /mydata/file_workload_data --cgroup_path /sys/fs/cgroup/cache_ext_test
2026-03-10 23:28:33,578 INFO Policy loaded (PID 125243)
2026-03-10 23:28:33,578 INFO === Step 5: Run 2 file workload traces ===
2026-03-10 23:28:33,578 INFO --- Trace 1/2: file_priority ---
2026-03-10 23:28:33,602 INFO Starting process high_prio_reader: sudo cgexec -g memory:cache_ext_test sh -c echo $$ > "/tmp/file_workload_high_prio_reader_124429.pid" && exec "/mydata/cache_ext/eviction_evo/build/file_workload" "/tmp/file_high_prio_reader_h13ba_hs.yaml"
2026-03-10 23:28:33,605 INFO Starting process low_prio_reader: sudo cgexec -g memory:cache_ext_test sh -c echo $$ > "/tmp/file_workload_low_prio_reader_124429.pid" && exec "/mydata/cache_ext/eviction_evo/build/file_workload" "/tmp/file_low_prio_reader_ngn2efco.yaml"
2026-03-10 23:28:36,610 INFO Process high_prio_reader actual PID: 125259 (wrapper PID: 125255)
2026-03-10 23:28:36,610 INFO Process low_prio_reader actual PID: 125260 (wrapper PID: 125256)
2026-03-10 23:30:44,589 INFO Process high_prio_reader: throughput=3016.18
2026-03-10 23:30:44,589 INFO Process low_prio_reader: throughput=192.17
2026-03-10 23:30:44,589 INFO File workload combined throughput: 3208.35 ops/sec
2026-03-10 23:30:44,590 INFO Trace file_priority: throughput=3208.35 ops/sec
2026-03-10 23:30:44,590 INFO --- Trace 2/2: file_niceness ---
2026-03-10 23:30:44,590 INFO CMD: sudo sync
2026-03-10 23:30:44,717 INFO CMD: sudo sh -c echo 3 > /proc/sys/vm/drop_caches
2026-03-10 23:30:44,967 INFO Page cache dropped.
2026-03-10 23:30:47,015 INFO Starting process reader_alpha: sudo cgexec -g memory:cache_ext_test sh -c echo $$ > "/tmp/file_workload_reader_alpha_124429.pid" && exec "/mydata/cache_ext/eviction_evo/build/file_workload" "/tmp/file_reader_alpha_s7ss3ynm.yaml"
2026-03-10 23:30:47,061 INFO Starting process reader_beta: sudo cgexec -g memory:cache_ext_test sh -c echo $$ > "/tmp/file_workload_reader_beta_124429.pid" && exec "/mydata/cache_ext/eviction_evo/build/file_workload" "/tmp/file_reader_beta_94jndk2f.yaml"
2026-03-10 23:30:50,066 INFO Process reader_alpha actual PID: 125284 (wrapper PID: 125279)
2026-03-10 23:30:50,066 INFO Process reader_beta actual PID: 125283 (wrapper PID: 125280)
2026-03-10 23:30:50,067 INFO CMD: sudo renice -15 -p 125284
2026-03-10 23:30:50,136 INFO CMD: sudo renice 15 -p 125283
2026-03-10 23:30:51,152 INFO CMD: sudo renice -15 -p 125284
2026-03-10 23:30:51,171 INFO CMD: sudo renice 15 -p 125283
2026-03-10 23:30:52,189 INFO CMD: sudo renice -15 -p 125284
2026-03-10 23:30:52,204 INFO CMD: sudo renice 15 -p 125283
2026-03-10 23:30:53,221 INFO CMD: sudo renice -15 -p 125284
2026-03-10 23:30:53,238 INFO CMD: sudo renice 15 -p 125283
2026-03-10 23:30:54,255 INFO CMD: sudo renice -15 -p 125284
2026-03-10 23:30:54,274 INFO CMD: sudo renice 15 -p 125283
2026-03-10 23:30:55,291 INFO CMD: sudo renice -15 -p 125284
2026-03-10 23:30:55,313 INFO CMD: sudo renice 15 -p 125283
2026-03-10 23:30:56,332 INFO CMD: sudo renice -15 -p 125284
2026-03-10 23:30:56,350 INFO CMD: sudo renice 15 -p 125283
2026-03-10 23:30:57,368 INFO CMD: sudo renice -15 -p 125284
2026-03-10 23:30:57,386 INFO CMD: sudo renice 15 -p 125283
2026-03-10 23:30:58,405 INFO CMD: sudo renice -15 -p 125284
2026-03-10 23:30:58,424 INFO CMD: sudo renice 15 -p 125283
2026-03-10 23:30:59,442 INFO CMD: sudo renice -15 -p 125284
2026-03-10 23:30:59,460 INFO CMD: sudo renice 15 -p 125283
2026-03-10 23:31:00,477 INFO CMD: sudo renice -15 -p 125284
2026-03-10 23:31:00,495 INFO CMD: sudo renice 15 -p 125283
2026-03-10 23:31:01,511 INFO CMD: sudo renice -15 -p 125284
2026-03-10 23:31:01,528 INFO CMD: sudo renice 15 -p 125283
2026-03-10 23:31:02,545 INFO CMD: sudo renice -15 -p 125284
2026-03-10 23:31:02,562 INFO CMD: sudo renice 15 -p 125283
2026-03-10 23:31:03,578 INFO CMD: sudo renice -15 -p 125284
2026-03-10 23:31:03,596 INFO CMD: sudo renice 15 -p 125283
2026-03-10 23:31:04,614 INFO CMD: sudo renice -15 -p 125284
2026-03-10 23:31:04,633 INFO CMD: sudo renice 15 -p 125283
2026-03-10 23:31:05,650 INFO CMD: sudo renice -15 -p 125284
2026-03-10 23:31:05,669 INFO CMD: sudo renice 15 -p 125283
2026-03-10 23:31:06,688 INFO CMD: sudo renice -15 -p 125284
2026-03-10 23:31:06,707 INFO CMD: sudo renice 15 -p 125283
2026-03-10 23:31:07,725 INFO CMD: sudo renice -15 -p 125284
2026-03-10 23:31:07,742 INFO CMD: sudo renice 15 -p 125283
2026-03-10 23:31:08,761 INFO CMD: sudo renice -15 -p 125284
2026-03-10 23:31:08,779 INFO CMD: sudo renice 15 -p 125283
2026-03-10 23:31:09,796 INFO CMD: sudo renice -15 -p 125284
2026-03-10 23:31:09,814 INFO CMD: sudo renice 15 -p 125283
2026-03-10 23:31:10,832 INFO CMD: sudo renice -15 -p 125284
2026-03-10 23:31:10,851 INFO CMD: sudo renice 15 -p 125283
2026-03-10 23:31:11,867 INFO CMD: sudo renice -15 -p 125284
2026-03-10 23:31:11,887 INFO CMD: sudo renice 15 -p 125283
2026-03-10 23:31:12,904 INFO CMD: sudo renice -15 -p 125284
2026-03-10 23:31:12,924 INFO CMD: sudo renice 15 -p 125283
2026-03-10 23:31:13,942 INFO CMD: sudo renice -15 -p 125284
2026-03-10 23:31:13,960 INFO CMD: sudo renice 15 -p 125283
2026-03-10 23:31:14,977 INFO CMD: sudo renice -15 -p 125284
2026-03-10 23:31:14,995 INFO CMD: sudo renice 15 -p 125283
2026-03-10 23:31:16,012 INFO CMD: sudo renice -15 -p 125284
2026-03-10 23:31:16,031 INFO CMD: sudo renice 15 -p 125283
2026-03-10 23:31:17,048 INFO CMD: sudo renice -15 -p 125284
2026-03-10 23:31:17,066 INFO CMD: sudo renice 15 -p 125283
2026-03-10 23:31:18,084 INFO CMD: sudo renice -15 -p 125284
2026-03-10 23:31:18,101 INFO CMD: sudo renice 15 -p 125283
2026-03-10 23:31:19,118 INFO CMD: sudo renice -15 -p 125284
2026-03-10 23:31:19,136 INFO CMD: sudo renice 15 -p 125283
2026-03-10 23:31:20,153 INFO CMD: sudo renice -15 -p 125284
2026-03-10 23:31:20,172 INFO CMD: sudo renice 15 -p 125283
2026-03-10 23:31:21,190 INFO CMD: sudo renice -15 -p 125284
2026-03-10 23:31:21,208 INFO CMD: sudo renice 15 -p 125283
2026-03-10 23:31:22,225 INFO CMD: sudo renice -15 -p 125284
2026-03-10 23:31:22,243 INFO CMD: sudo renice 15 -p 125283
2026-03-10 23:31:23,261 INFO CMD: sudo renice -15 -p 125284
2026-03-10 23:31:23,280 INFO CMD: sudo renice 15 -p 125283
2026-03-10 23:31:24,297 INFO CMD: sudo renice -15 -p 125284
2026-03-10 23:31:24,317 INFO CMD: sudo renice 15 -p 125283
2026-03-10 23:31:25,337 INFO CMD: sudo renice -15 -p 125284
2026-03-10 23:31:25,356 INFO CMD: sudo renice 15 -p 125283
2026-03-10 23:31:26,374 INFO CMD: sudo renice -15 -p 125284
2026-03-10 23:31:26,392 INFO CMD: sudo renice 15 -p 125283
2026-03-10 23:31:27,411 INFO CMD: sudo renice -15 -p 125284
2026-03-10 23:31:27,431 INFO CMD: sudo renice 15 -p 125283
2026-03-10 23:31:28,448 INFO CMD: sudo renice -15 -p 125284
2026-03-10 23:31:28,467 INFO CMD: sudo renice 15 -p 125283
2026-03-10 23:31:29,485 INFO CMD: sudo renice -15 -p 125284
2026-03-10 23:31:29,502 INFO CMD: sudo renice 15 -p 125283
2026-03-10 23:31:30,519 INFO CMD: sudo renice -15 -p 125284
2026-03-10 23:31:30,538 INFO CMD: sudo renice 15 -p 125283
2026-03-10 23:31:31,557 INFO CMD: sudo renice -15 -p 125284
2026-03-10 23:31:31,576 INFO CMD: sudo renice 15 -p 125283
2026-03-10 23:31:32,593 INFO CMD: sudo renice -15 -p 125284
2026-03-10 23:31:32,611 INFO CMD: sudo renice 15 -p 125283
2026-03-10 23:31:33,629 INFO CMD: sudo renice -15 -p 125284
2026-03-10 23:31:33,647 INFO CMD: sudo renice 15 -p 125283
2026-03-10 23:31:34,665 INFO CMD: sudo renice -15 -p 125284
2026-03-10 23:31:34,684 INFO CMD: sudo renice 15 -p 125283
2026-03-10 23:31:35,702 INFO CMD: sudo renice -15 -p 125284
2026-03-10 23:31:35,720 INFO CMD: sudo renice 15 -p 125283
2026-03-10 23:31:36,738 INFO CMD: sudo renice -15 -p 125284
2026-03-10 23:31:36,756 INFO CMD: sudo renice 15 -p 125283
2026-03-10 23:31:37,774 INFO CMD: sudo renice -15 -p 125284
2026-03-10 23:31:37,794 INFO CMD: sudo renice 15 -p 125283
2026-03-10 23:31:38,813 INFO CMD: sudo renice -15 -p 125284
2026-03-10 23:31:38,831 INFO CMD: sudo renice 15 -p 125283
2026-03-10 23:31:39,849 INFO CMD: sudo renice -15 -p 125284
2026-03-10 23:31:39,868 INFO CMD: sudo renice 15 -p 125283
2026-03-10 23:31:40,885 INFO CMD: sudo renice -15 -p 125284
2026-03-10 23:31:40,903 INFO CMD: sudo renice 15 -p 125283
2026-03-10 23:31:41,920 INFO CMD: sudo renice -15 -p 125284
2026-03-10 23:31:41,938 INFO CMD: sudo renice 15 -p 125283
2026-03-10 23:31:42,956 INFO CMD: sudo renice -15 -p 125284
2026-03-10 23:31:42,975 INFO CMD: sudo renice 15 -p 125283
2026-03-10 23:31:43,992 INFO CMD: sudo renice -15 -p 125284
2026-03-10 23:31:44,010 INFO CMD: sudo renice 15 -p 125283
2026-03-10 23:31:45,027 INFO CMD: sudo renice -15 -p 125284
2026-03-10 23:31:45,046 INFO CMD: sudo renice 15 -p 125283
2026-03-10 23:31:46,065 INFO CMD: sudo renice -15 -p 125284
2026-03-10 23:31:46,083 INFO CMD: sudo renice 15 -p 125283
2026-03-10 23:31:47,101 INFO CMD: sudo renice -15 -p 125284
2026-03-10 23:31:47,117 INFO CMD: sudo renice 15 -p 125283
2026-03-10 23:31:48,131 INFO CMD: sudo renice -15 -p 125284
2026-03-10 23:31:48,150 INFO CMD: sudo renice 15 -p 125283
2026-03-10 23:31:49,169 INFO CMD: sudo renice -15 -p 125284
2026-03-10 23:31:49,188 INFO CMD: sudo renice 15 -p 125283
2026-03-10 23:31:50,204 INFO CMD: sudo renice 15 -p 125284
2026-03-10 23:31:50,222 INFO CMD: sudo renice -15 -p 125283
2026-03-10 23:31:51,239 INFO CMD: sudo renice 15 -p 125284
2026-03-10 23:31:51,256 INFO CMD: sudo renice -15 -p 125283
2026-03-10 23:31:52,272 INFO CMD: sudo renice 15 -p 125284
2026-03-10 23:31:52,289 INFO CMD: sudo renice -15 -p 125283
2026-03-10 23:31:53,305 INFO CMD: sudo renice 15 -p 125284
2026-03-10 23:31:53,324 INFO CMD: sudo renice -15 -p 125283
2026-03-10 23:31:54,341 INFO CMD: sudo renice 15 -p 125284
2026-03-10 23:31:54,359 INFO CMD: sudo renice -15 -p 125283
2026-03-10 23:31:55,376 INFO CMD: sudo renice 15 -p 125284
2026-03-10 23:31:55,394 INFO CMD: sudo renice -15 -p 125283
2026-03-10 23:31:56,412 INFO CMD: sudo renice 15 -p 125284
2026-03-10 23:31:56,430 INFO CMD: sudo renice -15 -p 125283
2026-03-10 23:31:57,447 INFO CMD: sudo renice 15 -p 125284
2026-03-10 23:31:57,466 INFO CMD: sudo renice -15 -p 125283
2026-03-10 23:31:58,485 INFO CMD: sudo renice 15 -p 125284
2026-03-10 23:31:58,503 INFO CMD: sudo renice -15 -p 125283
2026-03-10 23:31:59,522 INFO CMD: sudo renice 15 -p 125284
2026-03-10 23:31:59,540 INFO CMD: sudo renice -15 -p 125283
2026-03-10 23:32:00,557 INFO CMD: sudo renice 15 -p 125284
2026-03-10 23:32:00,576 INFO CMD: sudo renice -15 -p 125283
2026-03-10 23:32:01,593 INFO CMD: sudo renice 15 -p 125284
2026-03-10 23:32:01,613 INFO CMD: sudo renice -15 -p 125283
2026-03-10 23:32:02,630 INFO CMD: sudo renice 15 -p 125284
2026-03-10 23:32:02,649 INFO CMD: sudo renice -15 -p 125283
2026-03-10 23:32:03,666 INFO CMD: sudo renice 15 -p 125284
2026-03-10 23:32:03,684 INFO CMD: sudo renice -15 -p 125283
2026-03-10 23:32:04,701 INFO CMD: sudo renice 15 -p 125284
2026-03-10 23:32:04,721 INFO CMD: sudo renice -15 -p 125283
2026-03-10 23:32:05,738 INFO CMD: sudo renice 15 -p 125284
2026-03-10 23:32:05,756 INFO CMD: sudo renice -15 -p 125283
2026-03-10 23:32:06,773 INFO CMD: sudo renice 15 -p 125284
2026-03-10 23:32:06,793 INFO CMD: sudo renice -15 -p 125283
2026-03-10 23:32:07,813 INFO CMD: sudo renice 15 -p 125284
2026-03-10 23:32:07,830 INFO CMD: sudo renice -15 -p 125283
2026-03-10 23:32:08,847 INFO CMD: sudo renice 15 -p 125284
2026-03-10 23:32:08,865 INFO CMD: sudo renice -15 -p 125283
2026-03-10 23:32:09,885 INFO CMD: sudo renice 15 -p 125284
2026-03-10 23:32:09,902 INFO CMD: sudo renice -15 -p 125283
2026-03-10 23:32:10,919 INFO CMD: sudo renice 15 -p 125284
2026-03-10 23:32:10,938 INFO CMD: sudo renice -15 -p 125283
2026-03-10 23:32:11,956 INFO CMD: sudo renice 15 -p 125284
2026-03-10 23:32:11,974 INFO CMD: sudo renice -15 -p 125283
2026-03-10 23:32:12,992 INFO CMD: sudo renice 15 -p 125284
2026-03-10 23:32:13,011 INFO CMD: sudo renice -15 -p 125283
2026-03-10 23:32:14,029 INFO CMD: sudo renice 15 -p 125284
2026-03-10 23:32:14,047 INFO CMD: sudo renice -15 -p 125283
2026-03-10 23:32:15,065 INFO CMD: sudo renice 15 -p 125284
2026-03-10 23:32:15,084 INFO CMD: sudo renice -15 -p 125283
2026-03-10 23:32:16,102 INFO CMD: sudo renice 15 -p 125284
2026-03-10 23:32:16,121 INFO CMD: sudo renice -15 -p 125283
2026-03-10 23:32:17,138 INFO CMD: sudo renice 15 -p 125284
2026-03-10 23:32:17,158 INFO CMD: sudo renice -15 -p 125283
2026-03-10 23:32:18,176 INFO CMD: sudo renice 15 -p 125284
2026-03-10 23:32:18,194 INFO CMD: sudo renice -15 -p 125283
2026-03-10 23:32:19,211 INFO CMD: sudo renice 15 -p 125284
2026-03-10 23:32:19,230 INFO CMD: sudo renice -15 -p 125283
2026-03-10 23:32:20,247 INFO CMD: sudo renice 15 -p 125284
2026-03-10 23:32:20,264 INFO CMD: sudo renice -15 -p 125283
2026-03-10 23:32:21,280 INFO CMD: sudo renice 15 -p 125284
2026-03-10 23:32:21,298 INFO CMD: sudo renice -15 -p 125283
2026-03-10 23:32:22,315 INFO CMD: sudo renice 15 -p 125284
2026-03-10 23:32:22,333 INFO CMD: sudo renice -15 -p 125283
2026-03-10 23:32:23,351 INFO CMD: sudo renice 15 -p 125284
2026-03-10 23:32:23,370 INFO CMD: sudo renice -15 -p 125283
2026-03-10 23:32:24,389 INFO CMD: sudo renice 15 -p 125284
2026-03-10 23:32:24,406 INFO CMD: sudo renice -15 -p 125283
2026-03-10 23:32:25,421 INFO CMD: sudo renice 15 -p 125284
2026-03-10 23:32:25,441 INFO CMD: sudo renice -15 -p 125283
2026-03-10 23:32:26,458 INFO CMD: sudo renice 15 -p 125284
2026-03-10 23:32:26,477 INFO CMD: sudo renice -15 -p 125283
2026-03-10 23:32:27,494 INFO CMD: sudo renice 15 -p 125284
2026-03-10 23:32:27,512 INFO CMD: sudo renice -15 -p 125283
2026-03-10 23:32:28,531 INFO CMD: sudo renice 15 -p 125284
2026-03-10 23:32:28,548 INFO CMD: sudo renice -15 -p 125283
2026-03-10 23:32:29,563 INFO CMD: sudo renice 15 -p 125284
2026-03-10 23:32:29,579 INFO CMD: sudo renice -15 -p 125283
2026-03-10 23:32:30,597 INFO CMD: sudo renice 15 -p 125284
2026-03-10 23:32:30,615 INFO CMD: sudo renice -15 -p 125283
2026-03-10 23:32:31,632 INFO CMD: sudo renice 15 -p 125284
2026-03-10 23:32:31,649 INFO CMD: sudo renice -15 -p 125283
2026-03-10 23:32:32,665 INFO CMD: sudo renice 15 -p 125284
2026-03-10 23:32:32,682 INFO CMD: sudo renice -15 -p 125283
2026-03-10 23:32:33,700 INFO CMD: sudo renice 15 -p 125284
2026-03-10 23:32:33,718 INFO CMD: sudo renice -15 -p 125283
2026-03-10 23:32:34,735 INFO CMD: sudo renice 15 -p 125284
2026-03-10 23:32:34,756 INFO CMD: sudo renice -15 -p 125283
2026-03-10 23:32:35,773 INFO CMD: sudo renice 15 -p 125284
2026-03-10 23:32:35,791 INFO CMD: sudo renice -15 -p 125283
2026-03-10 23:32:36,810 INFO CMD: sudo renice 15 -p 125284
2026-03-10 23:32:36,829 INFO CMD: sudo renice -15 -p 125283
2026-03-10 23:32:37,849 INFO CMD: sudo renice 15 -p 125284
2026-03-10 23:32:37,867 INFO CMD: sudo renice -15 -p 125283
2026-03-10 23:32:38,885 INFO CMD: sudo renice 15 -p 125284
2026-03-10 23:32:38,903 INFO CMD: sudo renice -15 -p 125283
2026-03-10 23:32:39,921 INFO CMD: sudo renice 15 -p 125284
2026-03-10 23:32:39,940 INFO CMD: sudo renice -15 -p 125283
2026-03-10 23:32:40,957 INFO CMD: sudo renice 15 -p 125284
2026-03-10 23:32:40,976 INFO CMD: sudo renice -15 -p 125283
2026-03-10 23:32:41,993 INFO CMD: sudo renice 15 -p 125284
2026-03-10 23:32:42,010 INFO CMD: sudo renice -15 -p 125283
2026-03-10 23:32:43,028 INFO CMD: sudo renice 15 -p 125284
2026-03-10 23:32:43,046 INFO CMD: sudo renice -15 -p 125283
2026-03-10 23:32:44,063 INFO CMD: sudo renice 15 -p 125284
2026-03-10 23:32:44,082 INFO CMD: sudo renice -15 -p 125283
2026-03-10 23:32:45,100 INFO CMD: sudo renice 15 -p 125284
2026-03-10 23:32:45,118 INFO CMD: sudo renice -15 -p 125283
2026-03-10 23:32:46,136 INFO CMD: sudo renice 15 -p 125284
2026-03-10 23:32:46,154 INFO CMD: sudo renice -15 -p 125283
2026-03-10 23:32:47,172 INFO CMD: sudo renice 15 -p 125284
2026-03-10 23:32:47,190 INFO CMD: sudo renice -15 -p 125283
2026-03-10 23:32:48,205 INFO CMD: sudo renice 15 -p 125284
2026-03-10 23:32:48,223 INFO CMD: sudo renice -15 -p 125283
2026-03-10 23:32:49,238 INFO CMD: sudo renice 15 -p 125284
2026-03-10 23:32:49,256 INFO CMD: sudo renice -15 -p 125283
2026-03-10 23:32:50,273 INFO CMD: sudo renice 15 -p 125284
2026-03-10 23:32:50,293 INFO CMD: sudo renice -15 -p 125283
2026-03-10 23:32:51,312 INFO CMD: sudo renice 15 -p 125284
2026-03-10 23:32:51,330 INFO CMD: sudo renice -15 -p 125283
2026-03-10 23:32:52,346 INFO CMD: sudo renice 15 -p 125284
2026-03-10 23:32:52,364 INFO CMD: sudo renice -15 -p 125283
2026-03-10 23:32:53,381 INFO CMD: sudo renice 15 -p 125284
2026-03-10 23:32:53,400 INFO CMD: sudo renice -15 -p 125283
2026-03-10 23:32:54,416 INFO CMD: sudo renice 15 -p 125284
2026-03-10 23:32:54,435 INFO CMD: sudo renice -15 -p 125283
2026-03-10 23:32:55,454 INFO CMD: sudo renice 15 -p 125284
2026-03-10 23:32:55,472 INFO CMD: sudo renice -15 -p 125283
2026-03-10 23:32:56,490 INFO CMD: sudo renice 15 -p 125284
2026-03-10 23:32:56,508 INFO CMD: sudo renice -15 -p 125283
2026-03-10 23:32:57,526 INFO CMD: sudo renice 15 -p 125284
2026-03-10 23:32:57,544 INFO CMD: sudo renice -15 -p 125283
2026-03-10 23:32:58,564 INFO Process reader_alpha: throughput=2146.27
2026-03-10 23:32:58,565 INFO Process reader_beta: throughput=215.17
2026-03-10 23:32:58,565 INFO File workload combined throughput: 2361.44 ops/sec
2026-03-10 23:32:58,583 INFO Trace file_niceness: throughput=2361.44 ops/sec
2026-03-10 23:32:58,595 INFO === Evaluation complete ===
2026-03-10 23:32:58,595 INFO Combined score (harmonic mean): 2720.51  (2/2 traces passed)
2026-03-10 23:32:58,595 INFO   file_priority: 3208.35 ops/sec
2026-03-10 23:32:58,595 INFO   file_niceness: 2361.44 ops/sec
2026-03-10 23:32:58,595 INFO Unloading BPF policy (PID 125243)
2026-03-10 23:32:58,596 INFO CMD: sudo kill -2 125243
2026-03-10 23:32:58,921 INFO CMD: sudo rm -f /sys/fs/bpf/cache_ext/scan_pids
2026-03-10 23:32:58,948 INFO CMD: sudo cgdelete memory:cache_ext_test
2026-03-10 23:32:58,969 INFO CMD: sudo sh -c echo 0x0007 > /sys/kernel/mm/lru_gen/enabled
2026-03-10 23:32:59,020 INFO MGLRU re-enabled (restored to 0x0007).
