2026-03-09 23:43:16,033 INFO Waiting for evaluation lock /tmp/cache_ext_evaluate.lock ...
2026-03-09 23:48:10,955 INFO Acquired evaluation lock.
2026-03-09 23:48:10,955 INFO === Step 0: Drop page cache ===
2026-03-09 23:48:10,955 INFO Database already exists at /mydata/leveldb_temp (CURRENT file found), skipping rsync
2026-03-09 23:48:10,955 INFO CMD: sudo sync
2026-03-09 23:48:11,214 INFO CMD: sudo sh -c echo 3 > /proc/sys/vm/drop_caches
2026-03-09 23:48:11,806 INFO Page cache dropped.
2026-03-09 23:48:11,806 INFO === Step 1: Compile evolved policy ===
2026-03-09 23:48:11,817 INFO CMD: sudo chown -R root: /mydata/cache_ext/eviction_evo/build
2026-03-09 23:48:12,678 INFO CMD: clang-14 -O2 -target bpf -D__TARGET_ARCH_x86 -c -g -Wall -idirafter /usr/lib/llvm-14/lib/clang/14.0.0/include -idirafter /usr/local/include -idirafter /usr/include/x86_64-linux-gnu -idirafter /usr/include /mydata/cache_ext/eviction_evo/build/cache_ext_evolved.bpf.c -o /mydata/cache_ext/eviction_evo/build/cache_ext_evolved.bpf.o
2026-03-09 23:48:15,627 INFO CMD: /usr/local/sbin/bpftool gen skeleton /mydata/cache_ext/eviction_evo/build/cache_ext_evolved.bpf.o name cache_ext_evolved_bpf
2026-03-09 23:48:15,815 INFO CMD: clang-14 -O2 -g -Wall -I/mydata/cache_ext/eviction_evo/build -I/mydata/cache_ext/policies /mydata/cache_ext/eviction_evo/cache_ext_evolved.c -o /mydata/cache_ext/eviction_evo/build/cache_ext_evolved.out -L/usr/local/lib64 -lbpf
2026-03-09 23:48:16,809 INFO Compilation successful: /mydata/cache_ext/eviction_evo/build/cache_ext_evolved.out
2026-03-09 23:48:16,809 INFO === Step 2: Disable MGLRU ===
2026-03-09 23:48:16,809 INFO MGLRU current state: 0x0000 — disabling
2026-03-09 23:48:16,809 INFO CMD: sudo sh -c echo 0 > /sys/kernel/mm/lru_gen/enabled
2026-03-09 23:48:16,828 INFO MGLRU disabled.
2026-03-09 23:48:16,828 INFO === Step 3: Create cgroup ===
2026-03-09 23:48:16,828 INFO CMD: sudo cgdelete memory:cache_ext_test
2026-03-09 23:48:16,867 INFO CMD: sudo cgcreate -g memory:cache_ext_test
2026-03-09 23:48:16,981 INFO CMD: sudo sh -c echo 536870912 > /sys/fs/cgroup/cache_ext_test/memory.max
2026-03-09 23:48:16,997 INFO Created cgroup cache_ext_test with limit 536870912 bytes
2026-03-09 23:48:16,997 INFO === Step 4: Load BPF policy ===
2026-03-09 23:48:16,997 INFO Loading policy: sudo /mydata/cache_ext/eviction_evo/build/cache_ext_evolved.out --watch_dir /mydata/leveldb_temp --cgroup_path /sys/fs/cgroup/cache_ext_test
2026-03-09 23:48:27,008 INFO Policy loaded (PID 261731)
2026-03-09 23:48:27,009 INFO === Step 5: Start server ===
2026-03-09 23:48:27,009 INFO Starting server: sudo cgexec -g memory:cache_ext_test /mydata/cache_ext/net_leveldb_server 9100 /mydata/leveldb_temp
2026-03-09 23:48:27,010 INFO Waiting for server on port 9100 ...
2026-03-09 23:48:28,215 INFO Server ready (PID 261734) on port 9100
2026-03-09 23:48:28,216 INFO === Step 6: Run 2 trace benchmarks ===
2026-03-09 23:48:28,216 INFO --- Trace 1/2: dual_small_vs_large ---
2026-03-09 23:48:28,248 INFO Starting proxy: /usr/bin/python /mydata/cache_ext/eviction_evo/tcp_delay_proxy.py --listen-port 9101 --target-port 9100 --delay-ms 1 --bandwidth-kbps 500000
2026-03-09 23:48:29,258 INFO Proxy ready on port 9101
2026-03-09 23:48:29,272 INFO Starting client reader_fast: /mydata/cache_ext/My-YCSB/build/run_net_leveldb /tmp/dual_reader_fast_jn5txemx.yaml
2026-03-09 23:48:29,296 INFO Starting client writer_slow: /mydata/cache_ext/My-YCSB/build/run_net_leveldb /tmp/dual_writer_slow_zbc0_3mp.yaml
2026-03-09 23:51:26,680 INFO Client reader_fast: throughput=169.77
2026-03-09 23:51:26,681 INFO Client writer_slow: throughput=130.28
2026-03-09 23:51:26,681 INFO Dual-client combined throughput: 300.05 ops/sec
2026-03-09 23:51:26,685 INFO Trace dual_small_vs_large: throughput=300.05 ops/sec
2026-03-09 23:51:26,685 INFO --- Trace 2/2: dual_congested ---
2026-03-09 23:51:26,685 INFO CMD: sudo sync
2026-03-09 23:51:26,763 INFO CMD: sudo sh -c echo 3 > /proc/sys/vm/drop_caches
2026-03-09 23:51:27,556 INFO Page cache dropped.
2026-03-09 23:51:29,594 INFO Starting proxy: /usr/bin/python /mydata/cache_ext/eviction_evo/tcp_delay_proxy.py --listen-port 9101 --target-port 9100 --delay-ms 2 --bandwidth-kbps 100000
2026-03-09 23:51:30,633 INFO Proxy ready on port 9101
2026-03-09 23:51:30,633 INFO Starting proxy: /usr/bin/python /mydata/cache_ext/eviction_evo/tcp_delay_proxy.py --listen-port 9102 --target-port 9100 --delay-ms 5 --bandwidth-kbps 50000
2026-03-09 23:51:31,636 INFO Proxy ready on port 9102
2026-03-09 23:51:31,649 INFO Starting client wan_reader: /mydata/cache_ext/My-YCSB/build/run_net_leveldb /tmp/dual_wan_reader_tuqxcqun.yaml
2026-03-09 23:51:31,675 INFO Starting client wan_writer: /mydata/cache_ext/My-YCSB/build/run_net_leveldb /tmp/dual_wan_writer_o2igfalx.yaml
2026-03-09 23:54:28,675 INFO Client wan_reader: throughput=155.71
2026-03-09 23:54:28,676 INFO Client wan_writer: throughput=169.44
2026-03-09 23:54:28,676 INFO Dual-client combined throughput: 325.15 ops/sec
2026-03-09 23:54:28,683 INFO Trace dual_congested: throughput=325.15 ops/sec
2026-03-09 23:54:28,698 INFO === Evaluation complete ===
2026-03-09 23:54:28,698 INFO Combined score (harmonic mean): 312.10  (2/2 traces passed)
2026-03-09 23:54:28,698 INFO   dual_small_vs_large: 300.05 ops/sec
2026-03-09 23:54:28,698 INFO   dual_congested: 325.15 ops/sec
2026-03-09 23:54:28,699 INFO Stopping net_leveldb_server (PID 261734)
2026-03-09 23:54:28,699 INFO CMD: sudo kill 261734
2026-03-09 23:54:28,897 INFO Unloading BPF policy (PID 261731)
2026-03-09 23:54:28,897 INFO CMD: sudo kill -2 261731
2026-03-09 23:54:29,130 INFO CMD: sudo rm -f /sys/fs/bpf/cache_ext/scan_pids
2026-03-09 23:54:29,171 INFO CMD: sudo cgdelete memory:cache_ext_test
2026-03-09 23:54:29,206 INFO CMD: sudo sh -c echo 0x0000 > /sys/kernel/mm/lru_gen/enabled
2026-03-09 23:54:29,226 INFO MGLRU re-enabled (restored to 0x0000).
