2026-03-25 22:45:57,223 INFO Waiting for evaluation lock /tmp/cache_ext_evaluate_0.lock ...
2026-03-25 22:45:57,223 INFO Acquired evaluation lock.
2026-03-25 22:45:57,272 INFO === Step 0: Drop page cache ===
2026-03-25 22:45:57,273 INFO Database already exists at /mydata/leveldb_temp (CURRENT file found), skipping copy
2026-03-25 22:45:57,273 INFO CMD: sudo sync
2026-03-25 22:45:57,393 INFO CMD: sudo sh -c echo 3 > /proc/sys/vm/drop_caches
2026-03-25 22:45:57,640 INFO Page cache dropped.
2026-03-25 22:45:57,640 INFO === Step 1: Compile evolved policy ===
2026-03-25 22:45:57,644 INFO CMD: sudo chown -R root: /mydata/cache_ext/eviction_evo/build
2026-03-25 22:45:57,964 INFO CMD: clang-14 -O2 -target bpf -D__TARGET_ARCH_x86 -c -g -Wall -idirafter /usr/lib/llvm-14/lib/clang/14.0.0/include -idirafter /usr/local/include -idirafter /usr/include/x86_64-linux-gnu -idirafter /usr/include /mydata/cache_ext/eviction_evo/build/cache_ext_evolved.bpf.c -o /mydata/cache_ext/eviction_evo/build/cache_ext_evolved.bpf.o
2026-03-25 22:46:00,693 INFO CMD: /usr/local/sbin/bpftool gen skeleton /mydata/cache_ext/eviction_evo/build/cache_ext_evolved.bpf.o name cache_ext_evolved_bpf
2026-03-25 22:46:00,864 INFO CMD: clang-14 -O2 -g -Wall -I/mydata/cache_ext/eviction_evo/build -I/mydata/cache_ext/policies /mydata/cache_ext/eviction_evo/cache_ext_evolved.c -o /mydata/cache_ext/eviction_evo/build/cache_ext_evolved.out -L/usr/local/lib64 -lbpf
2026-03-25 22:46:01,803 INFO Compilation successful: /mydata/cache_ext/eviction_evo/build/cache_ext_evolved.out
2026-03-25 22:46:01,803 INFO === Step 2: Disable MGLRU ===
2026-03-25 22:46:01,804 INFO MGLRU watchdog started (PID 459984, will restore in 7800 s)
2026-03-25 22:46:01,805 INFO MGLRU current state: 0x0007 - disabling
2026-03-25 22:46:01,805 INFO CMD: sudo sh -c echo 0 > /sys/kernel/mm/lru_gen/enabled
2026-03-25 22:46:01,843 INFO MGLRU disabled.
2026-03-25 22:46:01,843 INFO === Step 3: Create cgroup ===
2026-03-25 22:46:01,914 INFO CMD: sudo cgcreate -g memory:cache_ext_test
2026-03-25 22:46:02,022 INFO CMD: sudo sh -c echo 536870912 > /sys/fs/cgroup/cache_ext_test/memory.max
2026-03-25 22:46:02,035 INFO Created cgroup cache_ext_test with limit 536870912 bytes
2026-03-25 22:46:02,035 INFO === Step 4: Load BPF policy ===
2026-03-25 22:46:02,035 INFO Loading policy: sudo /mydata/cache_ext/eviction_evo/build/cache_ext_evolved.out --watch_dir /mydata/leveldb_temp --cgroup_path /sys/fs/cgroup/cache_ext_test
2026-03-25 22:46:12,046 INFO Policy loaded (PID 460005)
2026-03-25 22:46:12,047 INFO === Step 5: Start server ===
2026-03-25 22:46:12,047 INFO Starting server: sudo cgexec -g memory:cache_ext_test /mydata/cache_ext/net_leveldb_server 9100 /mydata/leveldb_temp
2026-03-25 22:46:12,048 INFO Waiting for server on port 9100 ...
2026-03-25 22:46:13,094 INFO Server ready (PID 460008) on port 9100
2026-03-25 22:46:13,094 INFO === Step 6: Run 7 traces x 3 runs = 21 total benchmarks ===
2026-03-25 22:46:13,124 INFO --- Trace 1/7 (ycsb_c_a) run 1/3  [1/21 overall] ---
2026-03-25 22:46:13,124 INFO CMD: sudo sync
2026-03-25 22:46:13,266 INFO CMD: sudo sh -c echo 3 > /proc/sys/vm/drop_caches
2026-03-25 22:46:13,502 INFO Page cache dropped.
2026-03-25 22:46:16,313 INFO Starting remote client client_ycsb_c on krisub@node1: ssh -o StrictHostKeyChecking=no -o BatchMode=yes -i /users/krisub/.ssh/id_ed25519 krisub@node1 sh -lc 'exec /mydata/cache_ext/My-YCSB/build/run_net_leveldb /tmp/dual_client_ycsb_c_fu20tauk.yaml'
2026-03-25 22:46:16,572 INFO Starting remote client client_ycsb_a on krisub@node1: ssh -o StrictHostKeyChecking=no -o BatchMode=yes -i /users/krisub/.ssh/id_ed25519 krisub@node1 sh -lc 'exec /mydata/cache_ext/My-YCSB/build/run_net_leveldb /tmp/dual_client_ycsb_a_ma46szvj.yaml'
2026-03-25 22:47:54,551 INFO Client client_ycsb_c: throughput=1106.94
2026-03-25 22:47:54,967 INFO Client client_ycsb_a: throughput=2207.43
2026-03-25 22:47:54,967 INFO Dual-client combined throughput: 3314.37 ops/sec
2026-03-25 22:47:55,409 INFO Trace ycsb_c_a run 1: throughput=3314.37 ops/sec
2026-03-25 22:47:55,409 INFO --- Trace 1/7 (ycsb_c_a) run 2/3  [2/21 overall] ---
2026-03-25 22:47:55,409 INFO CMD: sudo sync
2026-03-25 22:47:55,594 INFO CMD: sudo sh -c echo 3 > /proc/sys/vm/drop_caches
2026-03-25 22:47:55,877 INFO Page cache dropped.
2026-03-25 22:47:58,621 INFO Starting remote client client_ycsb_c on krisub@node1: ssh -o StrictHostKeyChecking=no -o BatchMode=yes -i /users/krisub/.ssh/id_ed25519 krisub@node1 sh -lc 'exec /mydata/cache_ext/My-YCSB/build/run_net_leveldb /tmp/dual_client_ycsb_c_zw1zsauy.yaml'
2026-03-25 22:47:58,889 INFO Starting remote client client_ycsb_a on krisub@node1: ssh -o StrictHostKeyChecking=no -o BatchMode=yes -i /users/krisub/.ssh/id_ed25519 krisub@node1 sh -lc 'exec /mydata/cache_ext/My-YCSB/build/run_net_leveldb /tmp/dual_client_ycsb_a_rg4l1ift.yaml'
2026-03-25 22:49:36,916 INFO Client client_ycsb_c: throughput=1202.13
2026-03-25 22:49:37,132 INFO Client client_ycsb_a: throughput=2348.35
2026-03-25 22:49:37,132 INFO Dual-client combined throughput: 3550.48 ops/sec
2026-03-25 22:49:37,601 INFO Trace ycsb_c_a run 2: throughput=3550.48 ops/sec
2026-03-25 22:49:37,601 INFO --- Trace 1/7 (ycsb_c_a) run 3/3  [3/21 overall] ---
2026-03-25 22:49:37,601 INFO CMD: sudo sync
2026-03-25 22:49:37,895 INFO CMD: sudo sh -c echo 3 > /proc/sys/vm/drop_caches
2026-03-25 22:49:38,183 INFO Page cache dropped.
2026-03-25 22:49:40,937 INFO Starting remote client client_ycsb_c on krisub@node1: ssh -o StrictHostKeyChecking=no -o BatchMode=yes -i /users/krisub/.ssh/id_ed25519 krisub@node1 sh -lc 'exec /mydata/cache_ext/My-YCSB/build/run_net_leveldb /tmp/dual_client_ycsb_c_hc4r7716.yaml'
2026-03-25 22:49:41,192 INFO Starting remote client client_ycsb_a on krisub@node1: ssh -o StrictHostKeyChecking=no -o BatchMode=yes -i /users/krisub/.ssh/id_ed25519 krisub@node1 sh -lc 'exec /mydata/cache_ext/My-YCSB/build/run_net_leveldb /tmp/dual_client_ycsb_a_44p7teba.yaml'
2026-03-25 22:51:19,219 INFO Client client_ycsb_c: throughput=1162.71
2026-03-25 22:51:19,535 INFO Client client_ycsb_a: throughput=2258.80
2026-03-25 22:51:19,535 INFO Dual-client combined throughput: 3421.51 ops/sec
2026-03-25 22:51:20,001 INFO Trace ycsb_c_a run 3: throughput=3421.51 ops/sec
2026-03-25 22:51:20,002 INFO Trace ycsb_c_a summary: mean=3428.79 std=118.22 min=3314.37 max=3550.48 (CV=3.4%)
2026-03-25 22:51:20,041 INFO --- Trace 2/7 (ycsb_c_e) run 1/3  [4/21 overall] ---
2026-03-25 22:51:20,041 INFO CMD: sudo sync
2026-03-25 22:51:20,199 INFO CMD: sudo sh -c echo 3 > /proc/sys/vm/drop_caches
2026-03-25 22:51:20,461 INFO Page cache dropped.
2026-03-25 22:51:23,201 INFO Starting remote client client_ycsb_c on krisub@node1: ssh -o StrictHostKeyChecking=no -o BatchMode=yes -i /users/krisub/.ssh/id_ed25519 krisub@node1 sh -lc 'exec /mydata/cache_ext/My-YCSB/build/run_net_leveldb /tmp/dual_client_ycsb_c_4ixvoc0b.yaml'
2026-03-25 22:51:23,456 INFO Starting remote client client_ycsb_e on krisub@node1: ssh -o StrictHostKeyChecking=no -o BatchMode=yes -i /users/krisub/.ssh/id_ed25519 krisub@node1 sh -lc 'exec /mydata/cache_ext/My-YCSB/build/run_net_leveldb /tmp/dual_client_ycsb_e__wg2lyxo.yaml'
2026-03-25 22:53:01,479 INFO Client client_ycsb_c: throughput=1658.23
2026-03-25 22:53:02,697 INFO Client client_ycsb_e: throughput=75256.48
2026-03-25 22:53:02,697 INFO Dual-client combined throughput: 76914.71 ops/sec
2026-03-25 22:53:03,172 INFO Trace ycsb_c_e run 1: throughput=76914.71 ops/sec
2026-03-25 22:53:03,172 INFO --- Trace 2/7 (ycsb_c_e) run 2/3  [5/21 overall] ---
2026-03-25 22:53:03,173 INFO CMD: sudo sync
2026-03-25 22:53:03,412 INFO CMD: sudo sh -c echo 3 > /proc/sys/vm/drop_caches
2026-03-25 22:53:03,687 INFO Page cache dropped.
2026-03-25 22:53:06,405 INFO Starting remote client client_ycsb_c on krisub@node1: ssh -o StrictHostKeyChecking=no -o BatchMode=yes -i /users/krisub/.ssh/id_ed25519 krisub@node1 sh -lc 'exec /mydata/cache_ext/My-YCSB/build/run_net_leveldb /tmp/dual_client_ycsb_c_wfhuoia9.yaml'
2026-03-25 22:53:06,676 INFO Starting remote client client_ycsb_e on krisub@node1: ssh -o StrictHostKeyChecking=no -o BatchMode=yes -i /users/krisub/.ssh/id_ed25519 krisub@node1 sh -lc 'exec /mydata/cache_ext/My-YCSB/build/run_net_leveldb /tmp/dual_client_ycsb_e_49rf4316.yaml'
2026-03-25 22:54:44,743 INFO Client client_ycsb_c: throughput=1693.54
2026-03-25 22:54:46,213 INFO Client client_ycsb_e: throughput=76984.31
2026-03-25 22:54:46,213 INFO Dual-client combined throughput: 78677.85 ops/sec
2026-03-25 22:54:46,693 INFO Trace ycsb_c_e run 2: throughput=78677.85 ops/sec
2026-03-25 22:54:46,693 INFO --- Trace 2/7 (ycsb_c_e) run 3/3  [6/21 overall] ---
2026-03-25 22:54:46,693 INFO CMD: sudo sync
2026-03-25 22:54:46,936 INFO CMD: sudo sh -c echo 3 > /proc/sys/vm/drop_caches
2026-03-25 22:54:47,182 INFO Page cache dropped.
2026-03-25 22:54:49,921 INFO Starting remote client client_ycsb_c on krisub@node1: ssh -o StrictHostKeyChecking=no -o BatchMode=yes -i /users/krisub/.ssh/id_ed25519 krisub@node1 sh -lc 'exec /mydata/cache_ext/My-YCSB/build/run_net_leveldb /tmp/dual_client_ycsb_c_s5o45nxv.yaml'
2026-03-25 22:54:50,169 INFO Starting remote client client_ycsb_e on krisub@node1: ssh -o StrictHostKeyChecking=no -o BatchMode=yes -i /users/krisub/.ssh/id_ed25519 krisub@node1 sh -lc 'exec /mydata/cache_ext/My-YCSB/build/run_net_leveldb /tmp/dual_client_ycsb_e_799arqsy.yaml'
2026-03-25 22:56:28,188 INFO Client client_ycsb_c: throughput=1643.03
2026-03-25 22:56:29,758 INFO Client client_ycsb_e: throughput=78095.59
2026-03-25 22:56:29,758 INFO Dual-client combined throughput: 79738.62 ops/sec
2026-03-25 22:56:30,225 INFO Trace ycsb_c_e run 3: throughput=79738.62 ops/sec
2026-03-25 22:56:30,226 INFO Trace ycsb_c_e summary: mean=78443.73 std=1426.44 min=76914.71 max=79738.62 (CV=1.8%)
2026-03-25 22:56:30,261 INFO --- Trace 3/7 (ycsb_c_f) run 1/3  [7/21 overall] ---
2026-03-25 22:56:30,261 INFO CMD: sudo sync
2026-03-25 22:56:30,441 INFO CMD: sudo sh -c echo 3 > /proc/sys/vm/drop_caches
2026-03-25 22:56:30,740 INFO Page cache dropped.
2026-03-25 22:56:33,481 INFO Starting remote client client_ycsb_c on krisub@node1: ssh -o StrictHostKeyChecking=no -o BatchMode=yes -i /users/krisub/.ssh/id_ed25519 krisub@node1 sh -lc 'exec /mydata/cache_ext/My-YCSB/build/run_net_leveldb /tmp/dual_client_ycsb_c_1sj9mx84.yaml'
2026-03-25 22:56:33,732 INFO Starting remote client client_ycsb_f on krisub@node1: ssh -o StrictHostKeyChecking=no -o BatchMode=yes -i /users/krisub/.ssh/id_ed25519 krisub@node1 sh -lc 'exec /mydata/cache_ext/My-YCSB/build/run_net_leveldb /tmp/dual_client_ycsb_f_b3kgvkzx.yaml'
2026-03-25 22:58:11,716 INFO Client client_ycsb_c: throughput=1102.63
2026-03-25 22:58:12,031 INFO Client client_ycsb_f: throughput=145.64
2026-03-25 22:58:12,032 INFO Dual-client combined throughput: 1248.27 ops/sec
2026-03-25 22:58:12,493 INFO Trace ycsb_c_f run 1: throughput=1248.27 ops/sec
2026-03-25 22:58:12,493 INFO --- Trace 3/7 (ycsb_c_f) run 2/3  [8/21 overall] ---
2026-03-25 22:58:12,493 INFO CMD: sudo sync
2026-03-25 22:58:12,742 INFO CMD: sudo sh -c echo 3 > /proc/sys/vm/drop_caches
2026-03-25 22:58:13,029 INFO Page cache dropped.
2026-03-25 22:58:15,789 INFO Starting remote client client_ycsb_c on krisub@node1: ssh -o StrictHostKeyChecking=no -o BatchMode=yes -i /users/krisub/.ssh/id_ed25519 krisub@node1 sh -lc 'exec /mydata/cache_ext/My-YCSB/build/run_net_leveldb /tmp/dual_client_ycsb_c_ft2o0ukw.yaml'
2026-03-25 22:58:16,061 INFO Starting remote client client_ycsb_f on krisub@node1: ssh -o StrictHostKeyChecking=no -o BatchMode=yes -i /users/krisub/.ssh/id_ed25519 krisub@node1 sh -lc 'exec /mydata/cache_ext/My-YCSB/build/run_net_leveldb /tmp/dual_client_ycsb_f_0k5nfcu8.yaml'
2026-03-25 22:59:54,144 INFO Client client_ycsb_c: throughput=1040.60
2026-03-25 22:59:54,460 INFO Client client_ycsb_f: throughput=143.89
2026-03-25 22:59:54,460 INFO Dual-client combined throughput: 1184.49 ops/sec
2026-03-25 22:59:54,925 INFO Trace ycsb_c_f run 2: throughput=1184.49 ops/sec
2026-03-25 22:59:54,925 INFO --- Trace 3/7 (ycsb_c_f) run 3/3  [9/21 overall] ---
2026-03-25 22:59:54,925 INFO CMD: sudo sync
2026-03-25 22:59:55,224 INFO CMD: sudo sh -c echo 3 > /proc/sys/vm/drop_caches
2026-03-25 22:59:55,489 INFO Page cache dropped.
2026-03-25 22:59:58,333 INFO Starting remote client client_ycsb_c on krisub@node1: ssh -o StrictHostKeyChecking=no -o BatchMode=yes -i /users/krisub/.ssh/id_ed25519 krisub@node1 sh -lc 'exec /mydata/cache_ext/My-YCSB/build/run_net_leveldb /tmp/dual_client_ycsb_c_kfjz_lrj.yaml'
2026-03-25 22:59:58,617 INFO Starting remote client client_ycsb_f on krisub@node1: ssh -o StrictHostKeyChecking=no -o BatchMode=yes -i /users/krisub/.ssh/id_ed25519 krisub@node1 sh -lc 'exec /mydata/cache_ext/My-YCSB/build/run_net_leveldb /tmp/dual_client_ycsb_f_vumadyt7.yaml'
2026-03-25 23:01:36,498 INFO Client client_ycsb_c: throughput=1090.38
2026-03-25 23:01:39,371 INFO Client client_ycsb_f: throughput=154.69
2026-03-25 23:01:39,372 INFO Dual-client combined throughput: 1245.07 ops/sec
2026-03-25 23:01:39,873 INFO Trace ycsb_c_f run 3: throughput=1245.07 ops/sec
2026-03-25 23:01:39,873 INFO Trace ycsb_c_f summary: mean=1225.94 std=35.94 min=1184.49 max=1248.27 (CV=2.9%)
2026-03-25 23:01:39,906 INFO --- Trace 4/7 (ycsb_b_a) run 1/3  [10/21 overall] ---
2026-03-25 23:01:39,906 INFO CMD: sudo sync
2026-03-25 23:01:40,165 INFO CMD: sudo sh -c echo 3 > /proc/sys/vm/drop_caches
2026-03-25 23:01:40,475 INFO Page cache dropped.
2026-03-25 23:01:43,197 INFO Starting remote client client_ycsb_b on krisub@node1: ssh -o StrictHostKeyChecking=no -o BatchMode=yes -i /users/krisub/.ssh/id_ed25519 krisub@node1 sh -lc 'exec /mydata/cache_ext/My-YCSB/build/run_net_leveldb /tmp/dual_client_ycsb_b__hfto5j0.yaml'
2026-03-25 23:01:43,460 INFO Starting remote client client_ycsb_a on krisub@node1: ssh -o StrictHostKeyChecking=no -o BatchMode=yes -i /users/krisub/.ssh/id_ed25519 krisub@node1 sh -lc 'exec /mydata/cache_ext/My-YCSB/build/run_net_leveldb /tmp/dual_client_ycsb_a_vws4_9zh.yaml'
2026-03-25 23:03:21,488 INFO Client client_ycsb_b: throughput=1278.84
2026-03-25 23:03:21,704 INFO Client client_ycsb_a: throughput=2361.91
2026-03-25 23:03:21,704 INFO Dual-client combined throughput: 3640.75 ops/sec
2026-03-25 23:03:22,189 INFO Trace ycsb_b_a run 1: throughput=3640.75 ops/sec
2026-03-25 23:03:22,189 INFO --- Trace 4/7 (ycsb_b_a) run 2/3  [11/21 overall] ---
2026-03-25 23:03:22,189 INFO CMD: sudo sync
2026-03-25 23:03:22,482 INFO CMD: sudo sh -c echo 3 > /proc/sys/vm/drop_caches
2026-03-25 23:03:22,793 INFO Page cache dropped.
2026-03-25 23:03:25,569 INFO Starting remote client client_ycsb_b on krisub@node1: ssh -o StrictHostKeyChecking=no -o BatchMode=yes -i /users/krisub/.ssh/id_ed25519 krisub@node1 sh -lc 'exec /mydata/cache_ext/My-YCSB/build/run_net_leveldb /tmp/dual_client_ycsb_b_gzto9cp9.yaml'
2026-03-25 23:03:25,824 INFO Starting remote client client_ycsb_a on krisub@node1: ssh -o StrictHostKeyChecking=no -o BatchMode=yes -i /users/krisub/.ssh/id_ed25519 krisub@node1 sh -lc 'exec /mydata/cache_ext/My-YCSB/build/run_net_leveldb /tmp/dual_client_ycsb_a_9flfy34m.yaml'
2026-03-25 23:05:04,003 INFO Client client_ycsb_b: throughput=1215.23
2026-03-25 23:05:04,219 INFO Client client_ycsb_a: throughput=2285.82
2026-03-25 23:05:04,219 INFO Dual-client combined throughput: 3501.05 ops/sec
2026-03-25 23:05:04,693 INFO Trace ycsb_b_a run 2: throughput=3501.05 ops/sec
2026-03-25 23:05:04,693 INFO --- Trace 4/7 (ycsb_b_a) run 3/3  [12/21 overall] ---
2026-03-25 23:05:04,693 INFO CMD: sudo sync
2026-03-25 23:05:04,919 INFO CMD: sudo sh -c echo 3 > /proc/sys/vm/drop_caches
2026-03-25 23:05:05,213 INFO Page cache dropped.
2026-03-25 23:05:07,964 INFO Starting remote client client_ycsb_b on krisub@node1: ssh -o StrictHostKeyChecking=no -o BatchMode=yes -i /users/krisub/.ssh/id_ed25519 krisub@node1 sh -lc 'exec /mydata/cache_ext/My-YCSB/build/run_net_leveldb /tmp/dual_client_ycsb_b_i900k0h0.yaml'
2026-03-25 23:05:08,221 INFO Starting remote client client_ycsb_a on krisub@node1: ssh -o StrictHostKeyChecking=no -o BatchMode=yes -i /users/krisub/.ssh/id_ed25519 krisub@node1 sh -lc 'exec /mydata/cache_ext/My-YCSB/build/run_net_leveldb /tmp/dual_client_ycsb_a_klmtunow.yaml'
2026-03-25 23:06:46,398 INFO Client client_ycsb_b: throughput=1222.63
2026-03-25 23:06:46,563 INFO Client client_ycsb_a: throughput=2250.58
2026-03-25 23:06:46,563 INFO Dual-client combined throughput: 3473.21 ops/sec
2026-03-25 23:06:47,029 INFO Trace ycsb_b_a run 3: throughput=3473.21 ops/sec
2026-03-25 23:06:47,029 INFO Trace ycsb_b_a summary: mean=3538.34 std=89.78 min=3473.21 max=3640.75 (CV=2.5%)
2026-03-25 23:06:47,063 INFO --- Trace 5/7 (ycsb_a_d) run 1/3  [13/21 overall] ---
2026-03-25 23:06:47,063 INFO CMD: sudo sync
2026-03-25 23:06:47,257 INFO CMD: sudo sh -c echo 3 > /proc/sys/vm/drop_caches
2026-03-25 23:06:47,525 INFO Page cache dropped.
2026-03-25 23:06:50,305 INFO Starting remote client client_ycsb_a on krisub@node1: ssh -o StrictHostKeyChecking=no -o BatchMode=yes -i /users/krisub/.ssh/id_ed25519 krisub@node1 sh -lc 'exec /mydata/cache_ext/My-YCSB/build/run_net_leveldb /tmp/dual_client_ycsb_a_015emujx.yaml'
2026-03-25 23:06:50,568 INFO Starting remote client client_ycsb_d on krisub@node1: ssh -o StrictHostKeyChecking=no -o BatchMode=yes -i /users/krisub/.ssh/id_ed25519 krisub@node1 sh -lc 'exec /mydata/cache_ext/My-YCSB/build/run_net_leveldb /tmp/dual_client_ycsb_d_ia31hv1t.yaml'
2026-03-25 23:08:28,546 INFO Client client_ycsb_a: throughput=2262.10
2026-03-25 23:08:29,013 INFO Client client_ycsb_d: throughput=1819.05
2026-03-25 23:08:29,013 INFO Dual-client combined throughput: 4081.15 ops/sec
2026-03-25 23:08:29,485 INFO Trace ycsb_a_d run 1: throughput=4081.15 ops/sec
2026-03-25 23:08:29,485 INFO --- Trace 5/7 (ycsb_a_d) run 2/3  [14/21 overall] ---
2026-03-25 23:08:29,485 INFO CMD: sudo sync
2026-03-25 23:08:29,757 INFO CMD: sudo sh -c echo 3 > /proc/sys/vm/drop_caches
2026-03-25 23:08:30,077 INFO Page cache dropped.
2026-03-25 23:08:32,833 INFO Starting remote client client_ycsb_a on krisub@node1: ssh -o StrictHostKeyChecking=no -o BatchMode=yes -i /users/krisub/.ssh/id_ed25519 krisub@node1 sh -lc 'exec /mydata/cache_ext/My-YCSB/build/run_net_leveldb /tmp/dual_client_ycsb_a_22f1p5hp.yaml'
2026-03-25 23:08:33,072 INFO Starting remote client client_ycsb_d on krisub@node1: ssh -o StrictHostKeyChecking=no -o BatchMode=yes -i /users/krisub/.ssh/id_ed25519 krisub@node1 sh -lc 'exec /mydata/cache_ext/My-YCSB/build/run_net_leveldb /tmp/dual_client_ycsb_d_py1z7t1m.yaml'
2026-03-25 23:10:11,198 INFO Client client_ycsb_a: throughput=2405.77
2026-03-25 23:10:11,413 INFO Client client_ycsb_d: throughput=2302.80
2026-03-25 23:10:11,413 INFO Dual-client combined throughput: 4708.57 ops/sec
2026-03-25 23:10:11,889 INFO Trace ycsb_a_d run 2: throughput=4708.57 ops/sec
2026-03-25 23:10:11,889 INFO --- Trace 5/7 (ycsb_a_d) run 3/3  [15/21 overall] ---
2026-03-25 23:10:11,889 INFO CMD: sudo sync
2026-03-25 23:10:12,103 INFO CMD: sudo sh -c echo 3 > /proc/sys/vm/drop_caches
2026-03-25 23:10:12,383 INFO Page cache dropped.
2026-03-25 23:10:15,151 INFO Starting remote client client_ycsb_a on krisub@node1: ssh -o StrictHostKeyChecking=no -o BatchMode=yes -i /users/krisub/.ssh/id_ed25519 krisub@node1 sh -lc 'exec /mydata/cache_ext/My-YCSB/build/run_net_leveldb /tmp/dual_client_ycsb_a_e3qyg_5r.yaml'
2026-03-25 23:10:15,389 INFO Starting remote client client_ycsb_d on krisub@node1: ssh -o StrictHostKeyChecking=no -o BatchMode=yes -i /users/krisub/.ssh/id_ed25519 krisub@node1 sh -lc 'exec /mydata/cache_ext/My-YCSB/build/run_net_leveldb /tmp/dual_client_ycsb_d_u59h12hl.yaml'
2026-03-25 23:11:53,312 INFO Client client_ycsb_a: throughput=2188.58
2026-03-25 23:11:53,577 INFO Client client_ycsb_d: throughput=2176.15
2026-03-25 23:11:53,578 INFO Dual-client combined throughput: 4364.73 ops/sec
2026-03-25 23:11:54,037 INFO Trace ycsb_a_d run 3: throughput=4364.73 ops/sec
2026-03-25 23:11:54,037 INFO Trace ycsb_a_d summary: mean=4384.82 std=314.19 min=4081.15 max=4708.57 (CV=7.2%)
2026-03-25 23:11:54,129 INFO --- Trace 6/7 (ycsb_e_a) run 1/3  [16/21 overall] ---
2026-03-25 23:11:54,129 INFO CMD: sudo sync
2026-03-25 23:11:54,327 INFO CMD: sudo sh -c echo 3 > /proc/sys/vm/drop_caches
2026-03-25 23:11:54,621 INFO Page cache dropped.
2026-03-25 23:11:57,368 INFO Starting remote client client_ycsb_e on krisub@node1: ssh -o StrictHostKeyChecking=no -o BatchMode=yes -i /users/krisub/.ssh/id_ed25519 krisub@node1 sh -lc 'exec /mydata/cache_ext/My-YCSB/build/run_net_leveldb /tmp/dual_client_ycsb_e_8i50pirq.yaml'
2026-03-25 23:11:57,612 INFO Starting remote client client_ycsb_a on krisub@node1: ssh -o StrictHostKeyChecking=no -o BatchMode=yes -i /users/krisub/.ssh/id_ed25519 krisub@node1 sh -lc 'exec /mydata/cache_ext/My-YCSB/build/run_net_leveldb /tmp/dual_client_ycsb_a_b7pykw3t.yaml'
2026-03-25 23:13:36,499 INFO Client client_ycsb_e: throughput=72100.19
2026-03-25 23:13:36,500 INFO Client client_ycsb_a: throughput=3553.52
2026-03-25 23:13:36,501 INFO Dual-client combined throughput: 75653.71 ops/sec
2026-03-25 23:13:36,973 INFO Trace ycsb_e_a run 1: throughput=75653.71 ops/sec
2026-03-25 23:13:36,973 INFO --- Trace 6/7 (ycsb_e_a) run 2/3  [17/21 overall] ---
2026-03-25 23:13:36,973 INFO CMD: sudo sync
2026-03-25 23:13:37,239 INFO CMD: sudo sh -c echo 3 > /proc/sys/vm/drop_caches
2026-03-25 23:13:37,510 INFO Page cache dropped.
2026-03-25 23:13:40,265 INFO Starting remote client client_ycsb_e on krisub@node1: ssh -o StrictHostKeyChecking=no -o BatchMode=yes -i /users/krisub/.ssh/id_ed25519 krisub@node1 sh -lc 'exec /mydata/cache_ext/My-YCSB/build/run_net_leveldb /tmp/dual_client_ycsb_e_rmamy3zc.yaml'
2026-03-25 23:13:40,504 INFO Starting remote client client_ycsb_a on krisub@node1: ssh -o StrictHostKeyChecking=no -o BatchMode=yes -i /users/krisub/.ssh/id_ed25519 krisub@node1 sh -lc 'exec /mydata/cache_ext/My-YCSB/build/run_net_leveldb /tmp/dual_client_ycsb_a_bronuyw5.yaml'
2026-03-25 23:15:19,390 INFO Client client_ycsb_e: throughput=73526.56
2026-03-25 23:15:19,391 INFO Client client_ycsb_a: throughput=3570.33
2026-03-25 23:15:19,391 INFO Dual-client combined throughput: 77096.89 ops/sec
2026-03-25 23:15:19,837 INFO Trace ycsb_e_a run 2: throughput=77096.89 ops/sec
2026-03-25 23:15:19,837 INFO --- Trace 6/7 (ycsb_e_a) run 3/3  [18/21 overall] ---
2026-03-25 23:15:19,837 INFO CMD: sudo sync
2026-03-25 23:15:20,168 INFO CMD: sudo sh -c echo 3 > /proc/sys/vm/drop_caches
2026-03-25 23:15:20,416 INFO Page cache dropped.
2026-03-25 23:15:23,153 INFO Starting remote client client_ycsb_e on krisub@node1: ssh -o StrictHostKeyChecking=no -o BatchMode=yes -i /users/krisub/.ssh/id_ed25519 krisub@node1 sh -lc 'exec /mydata/cache_ext/My-YCSB/build/run_net_leveldb /tmp/dual_client_ycsb_e_e_vvk3_b.yaml'
2026-03-25 23:15:23,400 INFO Starting remote client client_ycsb_a on krisub@node1: ssh -o StrictHostKeyChecking=no -o BatchMode=yes -i /users/krisub/.ssh/id_ed25519 krisub@node1 sh -lc 'exec /mydata/cache_ext/My-YCSB/build/run_net_leveldb /tmp/dual_client_ycsb_a_hh1pkvk5.yaml'
2026-03-25 23:17:02,233 INFO Client client_ycsb_e: throughput=71084.51
2026-03-25 23:17:02,235 INFO Client client_ycsb_a: throughput=3403.83
2026-03-25 23:17:02,235 INFO Dual-client combined throughput: 74488.34 ops/sec
2026-03-25 23:17:02,701 INFO Trace ycsb_e_a run 3: throughput=74488.34 ops/sec
2026-03-25 23:17:02,701 INFO Trace ycsb_e_a summary: mean=75746.31 std=1306.74 min=74488.34 max=77096.89 (CV=1.7%)
2026-03-25 23:17:02,741 INFO --- Trace 7/7 (ycsb_e_f) run 1/3  [19/21 overall] ---
2026-03-25 23:17:02,741 INFO CMD: sudo sync
2026-03-25 23:17:02,931 INFO CMD: sudo sh -c echo 3 > /proc/sys/vm/drop_caches
2026-03-25 23:17:03,191 INFO Page cache dropped.
2026-03-25 23:17:05,957 INFO Starting remote client client_ycsb_e on krisub@node1: ssh -o StrictHostKeyChecking=no -o BatchMode=yes -i /users/krisub/.ssh/id_ed25519 krisub@node1 sh -lc 'exec /mydata/cache_ext/My-YCSB/build/run_net_leveldb /tmp/dual_client_ycsb_e_w_mes5yh.yaml'
2026-03-25 23:17:06,228 INFO Starting remote client client_ycsb_f on krisub@node1: ssh -o StrictHostKeyChecking=no -o BatchMode=yes -i /users/krisub/.ssh/id_ed25519 krisub@node1 sh -lc 'exec /mydata/cache_ext/My-YCSB/build/run_net_leveldb /tmp/dual_client_ycsb_f_56o6oiuc.yaml'
2026-03-25 23:18:45,162 INFO Client client_ycsb_e: throughput=73669.41
2026-03-25 23:18:45,164 INFO Client client_ycsb_f: throughput=204.84
2026-03-25 23:18:45,164 INFO Dual-client combined throughput: 73874.25 ops/sec
2026-03-25 23:18:45,633 INFO Trace ycsb_e_f run 1: throughput=73874.25 ops/sec
2026-03-25 23:18:45,633 INFO --- Trace 7/7 (ycsb_e_f) run 2/3  [20/21 overall] ---
2026-03-25 23:18:45,633 INFO CMD: sudo sync
2026-03-25 23:18:45,880 INFO CMD: sudo sh -c echo 3 > /proc/sys/vm/drop_caches
2026-03-25 23:18:46,166 INFO Page cache dropped.
2026-03-25 23:18:48,909 INFO Starting remote client client_ycsb_e on krisub@node1: ssh -o StrictHostKeyChecking=no -o BatchMode=yes -i /users/krisub/.ssh/id_ed25519 krisub@node1 sh -lc 'exec /mydata/cache_ext/My-YCSB/build/run_net_leveldb /tmp/dual_client_ycsb_e_t3c4dyzg.yaml'
2026-03-25 23:18:49,157 INFO Starting remote client client_ycsb_f on krisub@node1: ssh -o StrictHostKeyChecking=no -o BatchMode=yes -i /users/krisub/.ssh/id_ed25519 krisub@node1 sh -lc 'exec /mydata/cache_ext/My-YCSB/build/run_net_leveldb /tmp/dual_client_ycsb_f_3vsnqjf3.yaml'
2026-03-25 23:20:28,196 INFO Client client_ycsb_e: throughput=77609.06
2026-03-25 23:20:28,197 INFO Client client_ycsb_f: throughput=208.37
2026-03-25 23:20:28,197 INFO Dual-client combined throughput: 77817.43 ops/sec
2026-03-25 23:20:28,657 INFO Trace ycsb_e_f run 2: throughput=77817.43 ops/sec
2026-03-25 23:20:28,657 INFO --- Trace 7/7 (ycsb_e_f) run 3/3  [21/21 overall] ---
2026-03-25 23:20:28,657 INFO CMD: sudo sync
2026-03-25 23:20:28,861 INFO CMD: sudo sh -c echo 3 > /proc/sys/vm/drop_caches
2026-03-25 23:20:29,140 INFO Page cache dropped.
2026-03-25 23:20:31,917 INFO Starting remote client client_ycsb_e on krisub@node1: ssh -o StrictHostKeyChecking=no -o BatchMode=yes -i /users/krisub/.ssh/id_ed25519 krisub@node1 sh -lc 'exec /mydata/cache_ext/My-YCSB/build/run_net_leveldb /tmp/dual_client_ycsb_e_0zgxa8np.yaml'
2026-03-25 23:20:32,172 INFO Starting remote client client_ycsb_f on krisub@node1: ssh -o StrictHostKeyChecking=no -o BatchMode=yes -i /users/krisub/.ssh/id_ed25519 krisub@node1 sh -lc 'exec /mydata/cache_ext/My-YCSB/build/run_net_leveldb /tmp/dual_client_ycsb_f__z9_5zt3.yaml'
2026-03-25 23:22:11,107 INFO Client client_ycsb_e: throughput=76375.04
2026-03-25 23:22:11,109 INFO Client client_ycsb_f: throughput=204.34
2026-03-25 23:22:11,109 INFO Dual-client combined throughput: 76579.38 ops/sec
2026-03-25 23:22:11,573 INFO Trace ycsb_e_f run 3: throughput=76579.38 ops/sec
2026-03-25 23:22:11,573 INFO Trace ycsb_e_f summary: mean=76090.35 std=2016.56 min=73874.25 max=77817.43 (CV=2.7%)
2026-03-25 23:22:11,592 INFO === Evaluation complete (3 runs per trace) ===
2026-03-25 23:22:11,592 INFO Combined score (harmonic mean of means): 4224.20  (7/7 traces passed)
2026-03-25 23:22:11,592 INFO   ycsb_c_a: mean=3428.79 std=118.22 [3314.37 .. 3550.48]
2026-03-25 23:22:11,592 INFO   ycsb_c_e: mean=78443.73 std=1426.44 [76914.71 .. 79738.62]
2026-03-25 23:22:11,592 INFO   ycsb_c_f: mean=1225.94 std=35.94 [1184.49 .. 1248.27]
2026-03-25 23:22:11,592 INFO   ycsb_b_a: mean=3538.34 std=89.78 [3473.21 .. 3640.75]
2026-03-25 23:22:11,592 INFO   ycsb_a_d: mean=4384.82 std=314.19 [4081.15 .. 4708.57]
2026-03-25 23:22:11,592 INFO   ycsb_e_a: mean=75746.31 std=1306.74 [74488.34 .. 77096.89]
2026-03-25 23:22:11,592 INFO   ycsb_e_f: mean=76090.35 std=2016.56 [73874.25 .. 77817.43]
2026-03-25 23:22:11,592 INFO Stopping net_leveldb_server (PID 460008)
2026-03-25 23:22:11,593 INFO CMD: sudo kill 460008
2026-03-25 23:22:11,723 INFO Unloading BPF policy (PID 460005)
2026-03-25 23:22:11,723 INFO CMD: sudo kill -2 460005
2026-03-25 23:22:12,003 INFO CMD: sudo rm -f /sys/fs/bpf/cache_ext/scan_pids
2026-03-25 23:22:12,086 INFO CMD: sudo sh -c echo 0x0007 > /sys/kernel/mm/lru_gen/enabled
2026-03-25 23:22:12,145 INFO MGLRU re-enabled (restored to 0x0007).
2026-03-25 23:22:12,146 INFO MGLRU watchdog stopped (PID 459984)
