2026-03-09 22:56:27,782 INFO Waiting for evaluation lock /tmp/cache_ext_evaluate.lock ...
2026-03-09 22:56:27,782 INFO Acquired evaluation lock.
2026-03-09 22:56:27,782 INFO === Step 0: Drop page cache ===
2026-03-09 22:56:27,793 INFO Database already exists at /mydata/leveldb_temp (CURRENT file found), skipping rsync
2026-03-09 22:56:27,793 INFO CMD: sudo sync
2026-03-09 22:56:27,925 INFO CMD: sudo sh -c echo 3 > /proc/sys/vm/drop_caches
2026-03-09 22:56:28,074 INFO Page cache dropped.
2026-03-09 22:56:28,074 INFO === Step 1: Compile evolved policy ===
2026-03-09 22:56:28,089 INFO CMD: sudo chown -R root: /mydata/cache_ext/eviction_evo/build
2026-03-09 22:56:28,658 INFO CMD: clang-14 -O2 -target bpf -D__TARGET_ARCH_x86 -c -g -Wall -idirafter /usr/lib/llvm-14/lib/clang/14.0.0/include -idirafter /usr/local/include -idirafter /usr/include/x86_64-linux-gnu -idirafter /usr/include /mydata/cache_ext/eviction_evo/build/cache_ext_evolved.bpf.c -o /mydata/cache_ext/eviction_evo/build/cache_ext_evolved.bpf.o
2026-03-09 22:56:33,509 INFO CMD: /usr/local/sbin/bpftool gen skeleton /mydata/cache_ext/eviction_evo/build/cache_ext_evolved.bpf.o name cache_ext_evolved_bpf
2026-03-09 22:56:33,691 INFO CMD: clang-14 -O2 -g -Wall -I/mydata/cache_ext/eviction_evo/build -I/mydata/cache_ext/policies /mydata/cache_ext/eviction_evo/cache_ext_evolved.c -o /mydata/cache_ext/eviction_evo/build/cache_ext_evolved.out -L/usr/local/lib64 -lbpf
2026-03-09 22:56:34,549 INFO Compilation successful: /mydata/cache_ext/eviction_evo/build/cache_ext_evolved.out
2026-03-09 22:56:34,549 INFO === Step 2: Disable MGLRU ===
2026-03-09 22:56:34,550 INFO MGLRU current state: 0x0000 — disabling
2026-03-09 22:56:34,550 INFO CMD: sudo sh -c echo 0 > /sys/kernel/mm/lru_gen/enabled
2026-03-09 22:56:34,569 INFO MGLRU disabled.
2026-03-09 22:56:34,569 INFO === Step 3: Create cgroup ===
2026-03-09 22:56:34,569 INFO CMD: sudo cgdelete memory:cache_ext_test
2026-03-09 22:56:34,607 INFO CMD: sudo cgcreate -g memory:cache_ext_test
2026-03-09 22:56:34,721 INFO CMD: sudo sh -c echo 536870912 > /sys/fs/cgroup/cache_ext_test/memory.max
2026-03-09 22:56:34,736 INFO Created cgroup cache_ext_test with limit 536870912 bytes
2026-03-09 22:56:34,736 INFO === Step 4: Load BPF policy ===
2026-03-09 22:56:34,736 INFO Loading policy: sudo /mydata/cache_ext/eviction_evo/build/cache_ext_evolved.out --watch_dir /mydata/leveldb_temp --cgroup_path /sys/fs/cgroup/cache_ext_test
2026-03-09 22:56:44,747 INFO Policy loaded (PID 256866)
2026-03-09 22:56:44,748 INFO === Step 5: Start server ===
2026-03-09 22:56:44,748 INFO Starting server: sudo cgexec -g memory:cache_ext_test /mydata/cache_ext/net_leveldb_server 9100 /mydata/leveldb_temp
2026-03-09 22:56:44,749 INFO Waiting for server on port 9100 ...
2026-03-09 22:56:45,842 INFO Server ready (PID 256870) on port 9100
2026-03-09 22:56:45,842 INFO === Step 6: Run 2 trace benchmarks ===
2026-03-09 22:56:45,842 INFO --- Trace 1/2: dual_small_vs_large ---
2026-03-09 22:56:45,869 INFO Starting proxy: /usr/bin/python /mydata/cache_ext/eviction_evo/tcp_delay_proxy.py --listen-port 9101 --target-port 9100 --delay-ms 1 --bandwidth-kbps 500000
2026-03-09 22:56:46,871 INFO Proxy ready on port 9101
2026-03-09 22:56:46,887 INFO Starting client reader_fast: /mydata/cache_ext/My-YCSB/build/run_net_leveldb /tmp/dual_reader_fast_fjqxsf4t.yaml
2026-03-09 22:56:46,911 INFO Starting client writer_slow: /mydata/cache_ext/My-YCSB/build/run_net_leveldb /tmp/dual_writer_slow_ox9pxq7k.yaml
2026-03-09 22:59:44,223 INFO Client reader_fast: throughput=172.70
2026-03-09 22:59:44,224 INFO Client writer_slow: throughput=131.62
2026-03-09 22:59:44,224 INFO Dual-client combined throughput: 304.32 ops/sec
2026-03-09 22:59:44,228 INFO Trace dual_small_vs_large: throughput=304.32 ops/sec
2026-03-09 22:59:44,228 INFO --- Trace 2/2: dual_congested ---
2026-03-09 22:59:44,228 INFO CMD: sudo sync
2026-03-09 22:59:44,422 INFO CMD: sudo sh -c echo 3 > /proc/sys/vm/drop_caches
2026-03-09 22:59:44,990 INFO Page cache dropped.
2026-03-09 22:59:47,020 INFO Starting proxy: /usr/bin/python /mydata/cache_ext/eviction_evo/tcp_delay_proxy.py --listen-port 9101 --target-port 9100 --delay-ms 2 --bandwidth-kbps 100000
2026-03-09 22:59:48,053 INFO Proxy ready on port 9101
2026-03-09 22:59:48,054 INFO Starting proxy: /usr/bin/python /mydata/cache_ext/eviction_evo/tcp_delay_proxy.py --listen-port 9102 --target-port 9100 --delay-ms 5 --bandwidth-kbps 50000
2026-03-09 22:59:49,056 INFO Proxy ready on port 9102
2026-03-09 22:59:49,081 INFO Starting client wan_reader: /mydata/cache_ext/My-YCSB/build/run_net_leveldb /tmp/dual_wan_reader_mznymspy.yaml
2026-03-09 22:59:49,107 INFO Starting client wan_writer: /mydata/cache_ext/My-YCSB/build/run_net_leveldb /tmp/dual_wan_writer_g46wnj0x.yaml
2026-03-09 23:02:46,163 INFO Client wan_reader: throughput=154.75
2026-03-09 23:02:46,164 INFO Client wan_writer: throughput=163.44
2026-03-09 23:02:46,164 INFO Dual-client combined throughput: 318.19 ops/sec
2026-03-09 23:02:46,171 INFO Trace dual_congested: throughput=318.19 ops/sec
2026-03-09 23:02:46,187 INFO === Evaluation complete ===
2026-03-09 23:02:46,187 INFO Combined score (harmonic mean): 311.10  (2/2 traces passed)
2026-03-09 23:02:46,187 INFO   dual_small_vs_large: 304.32 ops/sec
2026-03-09 23:02:46,187 INFO   dual_congested: 318.19 ops/sec
2026-03-09 23:02:46,187 INFO Stopping net_leveldb_server (PID 256870)
2026-03-09 23:02:46,187 INFO CMD: sudo kill 256870
2026-03-09 23:02:46,331 INFO Unloading BPF policy (PID 256866)
2026-03-09 23:02:46,331 INFO CMD: sudo kill -2 256866
2026-03-09 23:02:46,562 INFO CMD: sudo rm -f /sys/fs/bpf/cache_ext/scan_pids
2026-03-09 23:02:46,603 INFO CMD: sudo cgdelete memory:cache_ext_test
2026-03-09 23:02:46,638 INFO CMD: sudo sh -c echo 0x0000 > /sys/kernel/mm/lru_gen/enabled
2026-03-09 23:02:46,651 INFO MGLRU re-enabled (restored to 0x0000).
