--- wan_reader ---
ZipfianWorkload: start initializing zipfian variables, might take a while
Zipfian (Warm-Up) (epoch 0, progress 0.00%): UPDATE throughput 0.00 ops/sec, INSERT throughput 0.00 ops/sec, READ throughput 0.00 ops/sec, SCAN throughput 0.00 ops/sec, READ_MODIFY_WRITE throughput 0.00 ops/sec, total throughput 0.00 ops/sec
Zipfian (Warm-Up) (epoch 1, progress 0.00%): UPDATE throughput 10.00 ops/sec, INSERT throughput 0.00 ops/sec, READ throughput 292.96 ops/sec, SCAN throughput 0.00 ops/sec, READ_MODIFY_WRITE throughput 0.00 ops/sec, total throughput 302.96 ops/sec
Zipfian (Warm-Up) (epoch 2, progress 0.00%): UPDATE throughput 22.00 ops/sec, INSERT throughput 0.00 ops/sec, READ throughput 463.93 ops/sec, SCAN throughput 0.00 ops/sec, READ_MODIFY_WRITE throughput 0.00 ops/sec, total throughput 485.92 ops/sec
Zipfian (Warm-Up) (epoch 3, progress 0.00%): UPDATE throughput 26.00 ops/sec, INSERT throughput 0.00 ops/sec, READ throughput 499.92 ops/sec, SCAN throughput 0.00 ops/sec, READ_MODIFY_WRITE throughput 0.00 ops/sec, total throughput 525.92 ops/sec
Zipfian (Warm-Up) (epoch 4, progress 0.00%): UPDATE throughput 16.00 ops/sec, INSERT throughput 0.00 ops/sec, READ throughput 448.93 ops/sec, SCAN throughput 0.00 ops/sec, READ_MODIFY_WRITE throughput 0.00 ops/sec, total throughput 464.93 ops/sec
Zipfian (Warm-Up) (epoch 5, progress 0.01%): UPDATE throughput 28.00 ops/sec, INSERT throughput 0.00 ops/sec, READ throughput 489.93 ops/sec, SCAN throughput 0.00 ops/sec, READ_MODIFY_WRITE throughput 0.00 ops/sec, total throughput 517.93 ops/sec
Zipfian (Warm-Up) (epoch 6, progress 0.01%): UPDATE throughput 20.00 ops/sec, INSERT throughput 0.00 ops/sec, READ throughput 505.92 ops/sec, SCAN throughput 0.00 ops/sec, READ_MODIFY_WRITE throughput 0.00 ops/sec, total throughput 525.92 ops/sec
Zipfian (Warm-Up) (epoch 7, progress 0.01%): UPDATE throughput 25.00 ops/sec, INSERT throughput 0.00 ops/sec, READ throughput 462.93 ops/sec, SCAN throughput 0.00 ops/sec, READ_MODIFY_WRITE throughput 0.00 ops/sec, total throughput 487.92 ops/sec
Zipfian (Warm-Up) (epoch 8, progress 0.01%): UPDATE throughput 31.00 ops/sec, INSERT throughput 0.00 ops/sec, READ throughput 557.91 ops/sec, SCAN throughput 0.00 ops/sec, READ_MODIFY_WRITE throughput 0.00 ops/sec, total throughput 588.91 ops/sec
Zipfian (Warm-Up) (epoch 9, progress 0.01%): UPDATE throughput 29.00 ops/sec, INSERT throughput 0.00 ops/sec, READ throughput 579.92 ops/sec, SCAN throughput 0.00 ops/sec, READ_MODIFY_WRITE throughput 0.00 ops/sec, total throughput 608.91 ops/sec
Zipfian (Warm-Up) (epoch 10, progress 0.01%): UPDATE throughput 28.00 ops/sec, INSERT throughput 0.00 ops/sec, READ throughput 576.91 ops/sec, SCAN throughput 0.00 ops/sec, READ_MODIFY_WRITE throughput 0.00 ops/sec, total throughput 604.91 ops/sec
Zipfian (Warm-Up) (epoch 11, progress 0.01%): UPDATE throughput 27.00 ops/sec, INSERT throughput 0.00 ops/sec, READ throughput 721.89 ops/sec, SCAN throughput 0.00 ops/sec, READ_MODIFY_WRITE throughput 0.00 ops/sec, total throughput 748.88 ops/sec
Zipfian (Warm-Up) (epoch 12, progress 0.02%): UPDATE throughput 28.00 ops/sec, INSERT throughput 0.00 ops/sec, READ throughput 618.90 ops/sec, SCAN throughput 0.00 ops/sec, READ_MODIFY_WRITE throughput 0.00 ops/sec, total throughput 646.90 ops/sec
Zipfian (Warm-Up) (epoch 13, progress 0.02%): UPDATE throughput 35.00 ops/sec, INSERT throughput 0.00 ops/sec, READ throughput 708.90 ops/sec, SCAN throughput 0.00 ops/sec, READ_MODIFY_WRITE throughput 0.00 ops/sec, total throughput 743.89 ops/sec
Zipfian (Warm-Up) (epoch 14, progress 0.02%): UPDATE throughput 38.99 ops/sec, INSERT throughput 0.00 ops/sec, READ throughput 633.90 ops/sec, SCAN throughput 0.00 ops/sec, READ_MODIFY_WRITE throughput 0.00 ops/sec, total throughput 672.90 ops/sec
Zipfian (Warm-Up) (epoch 15, progress 0.02%): UPDATE throughput 30.00 ops/sec, INSERT throughput 0.00 ops/sec, READ throughput 711.89 ops/sec, SCAN throughput 0.00 ops/sec, READ_MODIFY_WRITE throughput 0.00 ops/sec, total throughput 741.88 ops/sec
Zipfian (Warm-Up) (epoch 16, progress 0.02%): UPDATE throughput 47.99 ops/sec, INSERT throughput 0.00 ops/sec, READ throughput 829.89 ops/sec, SCAN throughput 0.00 ops/sec, READ_MODIFY_WRITE throughput 0.00 ops/sec, total throughput 877.88 ops/sec
Zipfian (Warm-Up) (epoch 17, progress 0.03%): UPDATE throughput 41.99 ops/sec, INSERT throughput 0.00 ops/sec, READ throughput 766.90 ops/sec, SCAN throughput 0.00 ops/sec, READ_MODIFY_WRITE throughput 0.00 ops/sec, total throughput 808.90 ops/sec
Zipfian (Warm-Up) (epoch 18, progress 0.03%): UPDATE throughput 54.99 ops/sec, INSERT throughput 0.00 ops/sec, READ throughput 865.87 ops/sec, SCAN throughput 0.00 ops/sec, READ_MODIFY_WRITE throughput 0.00 ops/sec, total throughput 920.86 ops/sec
Zipfian (Warm-Up) (epoch 19, progress 0.03%): UPDATE throughput 40.99 ops/sec, INSERT throughput 0.00 ops/sec, READ throughput 814.87 ops/sec, SCAN throughput 0.00 ops/sec, READ_MODIFY_WRITE throughput 0.00 ops/sec, total throughput 855.87 ops/sec
Zipfian (Warm-Up) (epoch 20, progress 0.03%): UPDATE throughput 41.99 ops/sec, INSERT throughput 0.00 ops/sec, READ throughput 848.87 ops/sec, SCAN throughput 0.00 ops/sec, READ_MODIFY_WRITE throughput 0.00 ops/sec, total throughput 890.86 ops/sec
Zipfian (Warm-Up) (epoch 21, progress 0.04%): UPDATE throughput 57.99 ops/sec, INSERT throughput 0.00 ops/sec, READ throughput 995.86 ops/sec, SCAN throughput 0.00 ops/sec, READ_MODIFY_WRITE throughput 0.00 ops/sec, total throughput 1053.85 ops/sec
Zipfian (Warm-Up) (epoch 22, progress 0.04%): UPDATE throughput 42.99 ops/sec, INSERT throughput 0.00 ops/sec, READ throughput 820.87 ops/sec, SCAN throughput 0.00 ops/sec, READ_MODIFY_WRITE throughput 0.00 ops/sec, total throughput 863.87 ops/sec
Zipfian (Warm-Up) (epoch 23, progress 0.04%): UPDATE throughput 46.99 ops/sec, INSERT throughput 0.00 ops/sec, READ throughput 954.85 ops/sec, SCAN throughput 0.00 ops/sec, READ_MODIFY_WRITE throughput 0.00 ops/sec, total throughput 1001.85 ops/sec
Zipfian (Warm-Up) (epoch 24, progress 0.04%): UPDATE throughput 59.99 ops/sec, INSERT throughput 0.00 ops/sec, READ throughput 988.85 ops/sec, SCAN throughput 0.00 ops/sec, READ_MODIFY_WRITE throughput 0.00 ops/sec, total throughput 1048.84 ops/sec
Zipfian (Warm-Up) (epoch 25, progress 0.04%): UPDATE throughput 48.99 ops/sec, INSERT throughput 0.00 ops/sec, READ throughput 894.87 ops/sec, SCAN throughput 0.00 ops/sec, READ_MODIFY_WRITE throughput 0.00 ops/sec, total throughput 943.86 ops/sec
Zipfian (Warm-Up) (epoch 26, progress 0.05%): UPDATE throughput 51.99 ops/sec, INSERT throughput 0.00 ops/sec, READ throughput 1045.84 ops/sec, SCAN throughput 0.00 ops/sec, READ_MODIFY_WRITE throughput 0.00 ops/sec, total throughput 1097.83 ops/sec
Zipfian (Warm-Up) (epoch 27, progress 0.05%): UPDATE throughput 58.99 ops/sec, INSERT throughput 0.00 ops/sec, READ throughput 1182.81 ops/sec, SCAN throughput 0.00 ops/sec, READ_MODIFY_WRITE throughput 0.00 ops/sec, total throughput 1241.80 ops/sec
Zipfian (Warm-Up) (epoch 28, progress 0.05%): UPDATE throughput 62.99 ops/sec, INSERT throughput 0.00 ops/sec, READ throughput 1065.83 ops/sec, SCAN throughput 0.00 ops/sec, READ_MODIFY_WRITE throughput 0.00 ops/sec, total throughput 1128.82 ops/sec
Zipfian (Warm-Up) (epoch 29, progress 0.06%): UPDATE throughput 54.99 ops/sec, INSERT throughput 0.00 ops/sec, READ throughput 1132.84 ops/sec, SCAN throughput 0.00 ops/sec, READ_MODIFY_WRITE throughput 0.00 ops/sec, total throughput 1187.83 ops/sec
Zipfian (Warm-Up) (epoch 30, progress 0.06%): UPDATE throughput 53.99 ops/sec, INSERT throughput 0.00 ops/sec, READ throughput 1019.84 ops/sec, SCAN throughput 0.00 ops/sec, READ_MODIFY_WRITE throughput 0.00 ops/sec, total throughput 1073.83 ops/sec
time's up!
Zipfian (Warm-Up): calculating overall performance metrics... (might take a while)
Zipfian (Warm-Up) overall: UPDATE throughput 38.73 ops/sec, INSERT throughput 0.00 ops/sec, READ throughput 750.15 ops/sec, SCAN throughput 0.00 ops/sec, READ_MODIFY_WRITE throughput 0.00 ops/sec, total throughput 788.88 ops/sec
Zipfian (Warm-Up) overall: UPDATE average latency 310141.76 ns, UPDATE p99 latency 321458.19 ns, INSERT average latency 0.00 ns, INSERT p99 latency 0.00 ns, READ average latency 5307226.25 ns, READ p99 latency 56264079.31 ns, SCAN average latency 0.00 ns, SCAN p99 latency 0.00 ns, READ_MODIFY_WRITE average latency 0.00 ns, READ_MODIFY_WRITE p99 latency 0.00 ns
ZipfianWorkload: start initializing zipfian variables, might take a while
Zipfian (epoch 0, progress 0.00%): UPDATE throughput 0.00 ops/sec, INSERT throughput 0.00 ops/sec, READ throughput 0.00 ops/sec, SCAN throughput 0.00 ops/sec, READ_MODIFY_WRITE throughput 0.00 ops/sec, total throughput 0.00 ops/sec
Zipfian (epoch 1, progress 0.05%): UPDATE throughput 1019.89 ops/sec, INSERT throughput 0.00 ops/sec, READ throughput 19779.94 ops/sec, SCAN throughput 0.00 ops/sec, READ_MODIFY_WRITE throughput 0.00 ops/sec, total throughput 20799.84 ops/sec
Zipfian (epoch 2, progress 0.06%): UPDATE throughput 198.97 ops/sec, INSERT throughput 0.00 ops/sec, READ throughput 3785.47 ops/sec, SCAN throughput 0.00 ops/sec, READ_MODIFY_WRITE throughput 0.00 ops/sec, total throughput 3984.44 ops/sec
Zipfian (epoch 3, progress 0.07%): UPDATE throughput 91.99 ops/sec, INSERT throughput 0.00 ops/sec, READ throughput 1423.80 ops/sec, SCAN throughput 0.00 ops/sec, READ_MODIFY_WRITE throughput 0.00 ops/sec, total throughput 1515.79 ops/sec
Zipfian (epoch 4, progress 0.07%): UPDATE throughput 62.99 ops/sec, INSERT throughput 0.00 ops/sec, READ throughput 1220.83 ops/sec, SCAN throughput 0.00 ops/sec, READ_MODIFY_WRITE throughput 0.00 ops/sec, total throughput 1283.82 ops/sec
Zipfian (epoch 5, progress 0.07%): UPDATE throughput 63.99 ops/sec, INSERT throughput 0.00 ops/sec, READ throughput 1134.84 ops/sec, SCAN throughput 0.00 ops/sec, READ_MODIFY_WRITE throughput 0.00 ops/sec, total throughput 1198.83 ops/sec
Zipfian (epoch 6, progress 0.08%): UPDATE throughput 77.99 ops/sec, INSERT throughput 0.00 ops/sec, READ throughput 1253.80 ops/sec, SCAN throughput 0.00 ops/sec, READ_MODIFY_WRITE throughput 0.00 ops/sec, total throughput 1331.79 ops/sec
Zipfian (epoch 7, progress 0.08%): UPDATE throughput 49.99 ops/sec, INSERT throughput 0.00 ops/sec, READ throughput 889.86 ops/sec, SCAN throughput 0.00 ops/sec, READ_MODIFY_WRITE throughput 0.00 ops/sec, total throughput 939.86 ops/sec
Zipfian (epoch 8, progress 0.08%): UPDATE throughput 59.99 ops/sec, INSERT throughput 0.00 ops/sec, READ throughput 1166.82 ops/sec, SCAN throughput 0.00 ops/sec, READ_MODIFY_WRITE throughput 0.00 ops/sec, total throughput 1226.81 ops/sec
Zipfian (epoch 9, progress 0.08%): UPDATE throughput 64.99 ops/sec, INSERT throughput 0.00 ops/sec, READ throughput 1202.83 ops/sec, SCAN throughput 0.00 ops/sec, READ_MODIFY_WRITE throughput 0.00 ops/sec, total throughput 1267.82 ops/sec
Zipfian (epoch 10, progress 0.09%): UPDATE throughput 54.99 ops/sec, INSERT throughput 0.00 ops/sec, READ throughput 1280.80 ops/sec, SCAN throughput 0.00 ops/sec, READ_MODIFY_WRITE throughput 0.00 ops/sec, total throughput 1335.79 ops/sec
Zipfian (epoch 11, progress 0.09%): UPDATE throughput 72.99 ops/sec, INSERT throughput 0.00 ops/sec, READ throughput 1199.81 ops/sec, SCAN throughput 0.00 ops/sec, READ_MODIFY_WRITE throughput 0.00 ops/sec, total throughput 1272.80 ops/sec
Zipfian (epoch 12, progress 0.09%): UPDATE throughput 57.99 ops/sec, INSERT throughput 0.00 ops/sec, READ throughput 1115.83 ops/sec, SCAN throughput 0.00 ops/sec, READ_MODIFY_WRITE throughput 0.00 ops/sec, total throughput 1173.82 ops/sec
Zipfian (epoch 13, progress 0.10%): UPDATE throughput 56.99 ops/sec, INSERT throughput 0.00 ops/sec, READ throughput 1458.79 ops/sec, SCAN throughput 0.00 ops/sec, READ_MODIFY_WRITE throughput 0.00 ops/sec, total throughput 1515.78 ops/sec
Zipfian (epoch 14, progress 0.10%): UPDATE throughput 61.99 ops/sec, INSERT throughput 0.00 ops/sec, READ throughput 1159.82 ops/sec, SCAN throughput 0.00 ops/sec, READ_MODIFY_WRITE throughput 0.00 ops/sec, total throughput 1221.81 ops/sec
Zipfian (epoch 15, progress 0.10%): UPDATE throughput 55.99 ops/sec, INSERT throughput 0.00 ops/sec, READ throughput 1272.80 ops/sec, SCAN throughput 0.00 ops/sec, READ_MODIFY_WRITE throughput 0.00 ops/sec, total throughput 1328.79 ops/sec
Zipfian (epoch 16, progress 0.11%): UPDATE throughput 75.99 ops/sec, INSERT throughput 0.00 ops/sec, READ throughput 1205.81 ops/sec, SCAN throughput 0.00 ops/sec, READ_MODIFY_WRITE throughput 0.00 ops/sec, total throughput 1281.80 ops/sec
Zipfian (epoch 17, progress 0.11%): UPDATE throughput 67.99 ops/sec, INSERT throughput 0.00 ops/sec, READ throughput 1346.83 ops/sec, SCAN throughput 0.00 ops/sec, READ_MODIFY_WRITE throughput 0.00 ops/sec, total throughput 1414.83 ops/sec
Zipfian (epoch 18, progress 0.11%): UPDATE throughput 61.99 ops/sec, INSERT throughput 0.00 ops/sec, READ throughput 1340.78 ops/sec, SCAN throughput 0.00 ops/sec, READ_MODIFY_WRITE throughput 0.00 ops/sec, total throughput 1402.77 ops/sec
Zipfian (epoch 19, progress 0.12%): UPDATE throughput 70.99 ops/sec, INSERT throughput 0.00 ops/sec, READ throughput 1319.80 ops/sec, SCAN throughput 0.00 ops/sec, READ_MODIFY_WRITE throughput 0.00 ops/sec, total throughput 1390.78 ops/sec
Zipfian (epoch 20, progress 0.12%): UPDATE throughput 76.99 ops/sec, INSERT throughput 0.00 ops/sec, READ throughput 1130.83 ops/sec, SCAN throughput 0.00 ops/sec, READ_MODIFY_WRITE throughput 0.00 ops/sec, total throughput 1207.81 ops/sec
Zipfian (epoch 21, progress 0.12%): UPDATE throughput 61.99 ops/sec, INSERT throughput 0.00 ops/sec, READ throughput 1298.82 ops/sec, SCAN throughput 0.00 ops/sec, READ_MODIFY_WRITE throughput 0.00 ops/sec, total throughput 1360.81 ops/sec
Zipfian (epoch 22, progress 0.13%): UPDATE throughput 85.99 ops/sec, INSERT throughput 0.00 ops/sec, READ throughput 1264.80 ops/sec, SCAN throughput 0.00 ops/sec, READ_MODIFY_WRITE throughput 0.00 ops/sec, total throughput 1350.79 ops/sec
Zipfian (epoch 23, progress 0.13%): UPDATE throughput 65.99 ops/sec, INSERT throughput 0.00 ops/sec, READ throughput 1407.78 ops/sec, SCAN throughput 0.00 ops/sec, READ_MODIFY_WRITE throughput 0.00 ops/sec, total throughput 1473.77 ops/sec
Zipfian (epoch 24, progress 0.13%): UPDATE throughput 70.99 ops/sec, INSERT throughput 0.00 ops/sec, READ throughput 1352.79 ops/sec, SCAN throughput 0.00 ops/sec, READ_MODIFY_WRITE throughput 0.00 ops/sec, total throughput 1423.78 ops/sec
Zipfian (epoch 25, progress 0.14%): UPDATE throughput 68.99 ops/sec, INSERT throughput 0.00 ops/sec, READ throughput 1434.80 ops/sec, SCAN throughput 0.00 ops/sec, READ_MODIFY_WRITE throughput 0.00 ops/sec, total throughput 1503.79 ops/sec
Zipfian (epoch 26, progress 0.14%): UPDATE throughput 74.99 ops/sec, INSERT throughput 0.00 ops/sec, READ throughput 1237.81 ops/sec, SCAN throughput 0.00 ops/sec, READ_MODIFY_WRITE throughput 0.00 ops/sec, total throughput 1312.80 ops/sec
Zipfian (epoch 27, progress 0.14%): UPDATE throughput 62.99 ops/sec, INSERT throughput 0.00 ops/sec, READ throughput 1337.79 ops/sec, SCAN throughput 0.00 ops/sec, READ_MODIFY_WRITE throughput 0.00 ops/sec, total throughput 1400.78 ops/sec
Zipfian (epoch 28, progress 0.15%): UPDATE throughput 49.99 ops/sec, INSERT throughput 0.00 ops/sec, READ throughput 1181.82 ops/sec, SCAN throughput 0.00 ops/sec, READ_MODIFY_WRITE throughput 0.00 ops/sec, total throughput 1231.81 ops/sec
Zipfian (epoch 29, progress 0.15%): UPDATE throughput 79.99 ops/sec, INSERT throughput 0.00 ops/sec, READ throughput 1318.82 ops/sec, SCAN throughput 0.00 ops/sec, READ_MODIFY_WRITE throughput 0.00 ops/sec, total throughput 1398.80 ops/sec
Zipfian (epoch 30, progress 0.15%): UPDATE throughput 81.99 ops/sec, INSERT throughput 0.00 ops/sec, READ throughput 1290.80 ops/sec, SCAN throughput 0.00 ops/sec, READ_MODIFY_WRITE throughput 0.00 ops/sec, total throughput 1372.78 ops/sec
Zipfian (epoch 31, progress 0.16%): UPDATE throughput 75.99 ops/sec, INSERT throughput 0.00 ops/sec, READ throughput 1290.80 ops/sec, SCAN throughput 0.00 ops/sec, READ_MODIFY_WRITE throughput 0.00 ops/sec, total throughput 1366.79 ops/sec
Zipfian (epoch 32, progress 0.16%): UPDATE throughput 68.99 ops/sec, INSERT throughput 0.00 ops/sec, READ throughput 1272.80 ops/sec, SCAN throughput 0.00 ops/sec, READ_MODIFY_WRITE throughput 0.00 ops/sec, total throughput 1341.79 ops/sec
Zipfian (epoch 33, progress 0.16%): UPDATE throughput 58.99 ops/sec, INSERT throughput 0.00 ops/sec, READ throughput 1210.83 ops/sec, SCAN throughput 0.00 ops/sec, READ_MODIFY_WRITE throughput 0.00 ops/sec, total throughput 1269.82 ops/sec
Zipfian (epoch 34, progress 0.17%): UPDATE throughput 68.99 ops/sec, INSERT throughput 0.00 ops/sec, READ throughput 1272.80 ops/sec, SCAN throughput 0.00 ops/sec, READ_MODIFY_WRITE throughput 0.00 ops/sec, total throughput 1341.79 ops/sec
Zipfian (epoch 35, progress 0.17%): UPDATE throughput 68.99 ops/sec, INSERT throughput 0.00 ops/sec, READ throughput 1195.81 ops/sec, SCAN throughput 0.00 ops/sec, READ_MODIFY_WRITE throughput 0.00 ops/sec, total throughput 1264.80 ops/sec
Zipfian (epoch 36, progress 0.17%): UPDATE throughput 54.99 ops/sec, INSERT throughput 0.00 ops/sec, READ throughput 1095.83 ops/sec, SCAN throughput 0.00 ops/sec, READ_MODIFY_WRITE throughput 0.00 ops/sec, total throughput 1150.82 ops/sec
Zipfian (epoch 37, progress 0.18%): UPDATE throughput 67.99 ops/sec, INSERT throughput 0.00 ops/sec, READ throughput 1190.83 ops/sec, SCAN throughput 0.00 ops/sec, READ_MODIFY_WRITE throughput 0.00 ops/sec, total throughput 1258.83 ops/sec
Zipfian (epoch 38, progress 0.18%): UPDATE throughput 74.99 ops/sec, INSERT throughput 0.00 ops/sec, READ throughput 1417.78 ops/sec, SCAN throughput 0.00 ops/sec, READ_MODIFY_WRITE throughput 0.00 ops/sec, total throughput 1492.77 ops/sec
Zipfian (epoch 39, progress 0.18%): UPDATE throughput 77.99 ops/sec, INSERT throughput 0.00 ops/sec, READ throughput 1310.80 ops/sec, SCAN throughput 0.00 ops/sec, READ_MODIFY_WRITE throughput 0.00 ops/sec, total throughput 1388.79 ops/sec
Zipfian (epoch 40, progress 0.19%): UPDATE throughput 63.99 ops/sec, INSERT throughput 0.00 ops/sec, READ throughput 1164.83 ops/sec, SCAN throughput 0.00 ops/sec, READ_MODIFY_WRITE throughput 0.00 ops/sec, total throughput 1228.83 ops/sec
Zipfian (epoch 41, progress 0.19%): UPDATE throughput 51.99 ops/sec, INSERT throughput 0.00 ops/sec, READ throughput 1170.83 ops/sec, SCAN throughput 0.00 ops/sec, READ_MODIFY_WRITE throughput 0.00 ops/sec, total throughput 1222.82 ops/sec
Zipfian (epoch 42, progress 0.19%): UPDATE throughput 59.99 ops/sec, INSERT throughput 0.00 ops/sec, READ throughput 1009.84 ops/sec, SCAN throughput 0.00 ops/sec, READ_MODIFY_WRITE throughput 0.00 ops/sec, total throughput 1069.83 ops/sec
Zipfian (epoch 43, progress 0.19%): UPDATE throughput 5.00 ops/sec, INSERT throughput 0.00 ops/sec, READ throughput 15.00 ops/sec, SCAN throughput 0.00 ops/sec, READ_MODIFY_WRITE throughput 0.00 ops/sec, total throughput 20.00 ops/sec
Zipfian (epoch 44, progress 0.20%): UPDATE throughput 49.99 ops/sec, INSERT throughput 0.00 ops/sec, READ throughput 1066.84 ops/sec, SCAN throughput 0.00 ops/sec, READ_MODIFY_WRITE throughput 0.00 ops/sec, total throughput 1116.83 ops/sec
Zipfian (epoch 45, progress 0.20%): UPDATE throughput 61.99 ops/sec, INSERT throughput 0.00 ops/sec, READ throughput 1030.85 ops/sec, SCAN throughput 0.00 ops/sec, READ_MODIFY_WRITE throughput 0.00 ops/sec, total throughput 1092.84 ops/sec
Zipfian (epoch 46, progress 0.20%): UPDATE throughput 48.99 ops/sec, INSERT throughput 0.00 ops/sec, READ throughput 1026.84 ops/sec, SCAN throughput 0.00 ops/sec, READ_MODIFY_WRITE throughput 0.00 ops/sec, total throughput 1075.83 ops/sec
Zipfian (epoch 47, progress 0.20%): UPDATE throughput 54.99 ops/sec, INSERT throughput 0.00 ops/sec, READ throughput 1233.81 ops/sec, SCAN throughput 0.00 ops/sec, READ_MODIFY_WRITE throughput 0.00 ops/sec, total throughput 1288.80 ops/sec
Zipfian (epoch 48, progress 0.21%): UPDATE throughput 50.99 ops/sec, INSERT throughput 0.00 ops/sec, READ throughput 1016.84 ops/sec, SCAN throughput 0.00 ops/sec, READ_MODIFY_WRITE throughput 0.00 ops/sec, total throughput 1067.83 ops/sec
Zipfian (epoch 49, progress 0.21%): UPDATE throughput 92.99 ops/sec, INSERT throughput 0.00 ops/sec, READ throughput 1529.79 ops/sec, SCAN throughput 0.00 ops/sec, READ_MODIFY_WRITE throughput 0.00 ops/sec, total throughput 1622.77 ops/sec
Zipfian (epoch 50, progress 0.21%): UPDATE throughput 57.99 ops/sec, INSERT throughput 0.00 ops/sec, READ throughput 1094.83 ops/sec, SCAN throughput 0.00 ops/sec, READ_MODIFY_WRITE throughput 0.00 ops/sec, total throughput 1152.82 ops/sec
Zipfian (epoch 51, progress 0.22%): UPDATE throughput 64.99 ops/sec, INSERT throughput 0.00 ops/sec, READ throughput 1252.85 ops/sec, SCAN throughput 0.00 ops/sec, READ_MODIFY_WRITE throughput 0.00 ops/sec, total throughput 1317.84 ops/sec
Zipfian (epoch 52, progress 0.22%): UPDATE throughput 77.99 ops/sec, INSERT throughput 0.00 ops/sec, READ throughput 1291.85 ops/sec, SCAN throughput 0.00 ops/sec, READ_MODIFY_WRITE throughput 0.00 ops/sec, total throughput 1369.84 ops/sec
Zipfian (epoch 53, progress 0.22%): UPDATE throughput 57.99 ops/sec, INSERT throughput 0.00 ops/sec, READ throughput 1144.88 ops/sec, SCAN throughput 0.00 ops/sec, READ_MODIFY_WRITE throughput 0.00 ops/sec, total throughput 1202.87 ops/sec
Zipfian (epoch 54, progress 0.23%): UPDATE throughput 77.99 ops/sec, INSERT throughput 0.00 ops/sec, READ throughput 1413.78 ops/sec, SCAN throughput 0.00 ops/sec, READ_MODIFY_WRITE throughput 0.00 ops/sec, total throughput 1491.77 ops/sec
Zipfian (epoch 55, progress 0.23%): UPDATE throughput 69.99 ops/sec, INSERT throughput 0.00 ops/sec, READ throughput 1280.80 ops/sec, SCAN throughput 0.00 ops/sec, READ_MODIFY_WRITE throughput 0.00 ops/sec, total throughput 1350.79 ops/sec
Zipfian (epoch 56, progress 0.23%): UPDATE throughput 64.99 ops/sec, INSERT throughput 0.00 ops/sec, READ throughput 1166.82 ops/sec, SCAN throughput 0.00 ops/sec, READ_MODIFY_WRITE throughput 0.00 ops/sec, total throughput 1231.81 ops/sec
Zipfian (epoch 57, progress 0.24%): UPDATE throughput 69.99 ops/sec, INSERT throughput 0.00 ops/sec, READ throughput 1308.81 ops/sec, SCAN throughput 0.00 ops/sec, READ_MODIFY_WRITE throughput 0.00 ops/sec, total throughput 1378.80 ops/sec
Zipfian (epoch 58, progress 0.24%): UPDATE throughput 50.99 ops/sec, INSERT throughput 0.00 ops/sec, READ throughput 1306.84 ops/sec, SCAN throughput 0.00 ops/sec, READ_MODIFY_WRITE throughput 0.00 ops/sec, total throughput 1357.83 ops/sec
Zipfian (epoch 59, progress 0.24%): UPDATE throughput 67.99 ops/sec, INSERT throughput 0.00 ops/sec, READ throughput 1229.81 ops/sec, SCAN throughput 0.00 ops/sec, READ_MODIFY_WRITE throughput 0.00 ops/sec, total throughput 1297.80 ops/sec
Zipfian (epoch 60, progress 0.25%): UPDATE throughput 58.99 ops/sec, INSERT throughput 0.00 ops/sec, READ throughput 1264.81 ops/sec, SCAN throughput 0.00 ops/sec, READ_MODIFY_WRITE throughput 0.00 ops/sec, total throughput 1323.80 ops/sec
Zipfian (epoch 61, progress 0.25%): UPDATE throughput 53.99 ops/sec, INSERT throughput 0.00 ops/sec, READ throughput 1139.84 ops/sec, SCAN throughput 0.00 ops/sec, READ_MODIFY_WRITE throughput 0.00 ops/sec, total throughput 1193.83 ops/sec
Zipfian (epoch 62, progress 0.25%): UPDATE throughput 54.99 ops/sec, INSERT throughput 0.00 ops/sec, READ throughput 1108.83 ops/sec, SCAN throughput 0.00 ops/sec, READ_MODIFY_WRITE throughput 0.00 ops/sec, total throughput 1163.82 ops/sec
Zipfian (epoch 63, progress 0.26%): UPDATE throughput 60.99 ops/sec, INSERT throughput 0.00 ops/sec, READ throughput 1069.83 ops/sec, SCAN throughput 0.00 ops/sec, READ_MODIFY_WRITE throughput 0.00 ops/sec, total throughput 1130.82 ops/sec
Zipfian (epoch 64, progress 0.26%): UPDATE throughput 60.99 ops/sec, INSERT throughput 0.00 ops/sec, READ throughput 1269.80 ops/sec, SCAN throughput 0.00 ops/sec, READ_MODIFY_WRITE throughput 0.00 ops/sec, total throughput 1330.79 ops/sec
Zipfian (epoch 65, progress 0.26%): UPDATE throughput 48.99 ops/sec, INSERT throughput 0.00 ops/sec, READ throughput 1071.85 ops/sec, SCAN throughput 0.00 ops/sec, READ_MODIFY_WRITE throughput 0.00 ops/sec, total throughput 1120.84 ops/sec
Zipfian (epoch 66, progress 0.27%): UPDATE throughput 66.99 ops/sec, INSERT throughput 0.00 ops/sec, READ throughput 1283.85 ops/sec, SCAN throughput 0.00 ops/sec, READ_MODIFY_WRITE throughput 0.00 ops/sec, total throughput 1350.84 ops/sec
Zipfian (epoch 67, progress 0.27%): UPDATE throughput 67.99 ops/sec, INSERT throughput 0.00 ops/sec, READ throughput 1218.80 ops/sec, SCAN throughput 0.00 ops/sec, READ_MODIFY_WRITE throughput 0.00 ops/sec, total throughput 1286.79 ops/sec
Zipfian (epoch 68, progress 0.27%): UPDATE throughput 63.99 ops/sec, INSERT throughput 0.00 ops/sec, READ throughput 1157.82 ops/sec, SCAN throughput 0.00 ops/sec, READ_MODIFY_WRITE throughput 0.00 ops/sec, total throughput 1221.81 ops/sec
Zipfian (epoch 69, progress 0.28%): UPDATE throughput 54.99 ops/sec, INSERT throughput 0.00 ops/sec, READ throughput 1193.83 ops/sec, SCAN throughput 0.00 ops/sec, READ_MODIFY_WRITE throughput 0.00 ops/sec, total throughput 1248.82 ops/sec
Zipfian (epoch 70, progress 0.28%): UPDATE throughput 56.99 ops/sec, INSERT throughput 0.00 ops/sec, READ throughput 1088.83 ops/sec, SCAN throughput 0.00 ops/sec, READ_MODIFY_WRITE throughput 0.00 ops/sec, total throughput 1145.82 ops/sec
Zipfian (epoch 71, progress 0.28%): UPDATE throughput 61.99 ops/sec, INSERT throughput 0.00 ops/sec, READ throughput 1192.82 ops/sec, SCAN throughput 0.00 ops/sec, READ_MODIFY_WRITE throughput 0.00 ops/sec, total throughput 1254.81 ops/sec
Zipfian (epoch 72, progress 0.28%): UPDATE throughput 43.99 ops/sec, INSERT throughput 0.00 ops/sec, READ throughput 1129.82 ops/sec, SCAN throughput 0.00 ops/sec, READ_MODIFY_WRITE throughput 0.00 ops/sec, total throughput 1173.82 ops/sec
Zipfian (epoch 73, progress 0.29%): UPDATE throughput 61.99 ops/sec, INSERT throughput 0.00 ops/sec, READ throughput 1207.83 ops/sec, SCAN throughput 0.00 ops/sec, READ_MODIFY_WRITE throughput 0.00 ops/sec, total throughput 1269.82 ops/sec
Zipfian (epoch 74, progress 0.29%): UPDATE throughput 66.99 ops/sec, INSERT throughput 0.00 ops/sec, READ throughput 1389.79 ops/sec, SCAN throughput 0.00 ops/sec, READ_MODIFY_WRITE throughput 0.00 ops/sec, total throughput 1456.78 ops/sec
Zipfian (epoch 75, progress 0.29%): UPDATE throughput 76.99 ops/sec, INSERT throughput 0.00 ops/sec, READ throughput 1384.79 ops/sec, SCAN throughput 0.00 ops/sec, READ_MODIFY_WRITE throughput 0.00 ops/sec, total throughput 1461.77 ops/sec
Zipfian (epoch 76, progress 0.30%): UPDATE throughput 65.99 ops/sec, INSERT throughput 0.00 ops/sec, READ throughput 1207.80 ops/sec, SCAN throughput 0.00 ops/sec, READ_MODIFY_WRITE throughput 0.00 ops/sec, total throughput 1273.79 ops/sec
Zipfian (epoch 77, progress 0.30%): UPDATE throughput 78.99 ops/sec, INSERT throughput 0.00 ops/sec, READ throughput 1336.78 ops/sec, SCAN throughput 0.00 ops/sec, READ_MODIFY_WRITE throughput 0.00 ops/sec, total throughput 1415.77 ops/sec
Zipfian (epoch 78, progress 0.30%): UPDATE throughput 51.99 ops/sec, INSERT throughput 0.00 ops/sec, READ throughput 1298.80 ops/sec, SCAN throughput 0.00 ops/sec, READ_MODIFY_WRITE throughput 0.00 ops/sec, total throughput 1350.79 ops/sec
Zipfian (epoch 79, progress 0.31%): UPDATE throughput 79.99 ops/sec, INSERT throughput 0.00 ops/sec, READ throughput 1267.81 ops/sec, SCAN throughput 0.00 ops/sec, READ_MODIFY_WRITE throughput 0.00 ops/sec, total throughput 1347.79 ops/sec
Zipfian (epoch 80, progress 0.31%): UPDATE throughput 61.99 ops/sec, INSERT throughput 0.00 ops/sec, READ throughput 1156.82 ops/sec, SCAN throughput 0.00 ops/sec, READ_MODIFY_WRITE throughput 0.00 ops/sec, total throughput 1218.81 ops/sec
Zipfian (epoch 81, progress 0.31%): UPDATE throughput 61.99 ops/sec, INSERT throughput 0.00 ops/sec, READ throughput 1153.84 ops/sec, SCAN throughput 0.00 ops/sec, READ_MODIFY_WRITE throughput 0.00 ops/sec, total throughput 1215.83 ops/sec
Zipfian (epoch 82, progress 0.32%): UPDATE throughput 44.99 ops/sec, INSERT throughput 0.00 ops/sec, READ throughput 1273.81 ops/sec, SCAN throughput 0.00 ops/sec, READ_MODIFY_WRITE throughput 0.00 ops/sec, total throughput 1318.80 ops/sec
Zipfian (epoch 83, progress 0.32%): UPDATE throughput 57.99 ops/sec, INSERT throughput 0.00 ops/sec, READ throughput 1241.81 ops/sec, SCAN throughput 0.00 ops/sec, READ_MODIFY_WRITE throughput 0.00 ops/sec, total throughput 1299.80 ops/sec
Zipfian (epoch 84, progress 0.32%): UPDATE throughput 59.99 ops/sec, INSERT throughput 0.00 ops/sec, READ throughput 1219.81 ops/sec, SCAN throughput 0.00 ops/sec, READ_MODIFY_WRITE throughput 0.00 ops/sec, total throughput 1279.80 ops/sec
Zipfian (epoch 85, progress 0.33%): UPDATE throughput 60.99 ops/sec, INSERT throughput 0.00 ops/sec, READ throughput 1293.82 ops/sec, SCAN throughput 0.00 ops/sec, READ_MODIFY_WRITE throughput 0.00 ops/sec, total throughput 1354.81 ops/sec
Zipfian (epoch 86, progress 0.33%): UPDATE throughput 60.99 ops/sec, INSERT throughput 0.00 ops/sec, READ throughput 1345.79 ops/sec, SCAN throughput 0.00 ops/sec, READ_MODIFY_WRITE throughput 0.00 ops/sec, total throughput 1406.78 ops/sec
Zipfian (epoch 87, progress 0.33%): UPDATE throughput 48.99 ops/sec, INSERT throughput 0.00 ops/sec, READ throughput 1251.80 ops/sec, SCAN throughput 0.00 ops/sec, READ_MODIFY_WRITE throughput 0.00 ops/sec, total throughput 1300.80 ops/sec
Zipfian (epoch 88, progress 0.34%): UPDATE throughput 52.99 ops/sec, INSERT throughput 0.00 ops/sec, READ throughput 1147.82 ops/sec, SCAN throughput 0.00 ops/sec, READ_MODIFY_WRITE throughput 0.00 ops/sec, total throughput 1200.82 ops/sec
Zipfian (epoch 89, progress 0.34%): UPDATE throughput 57.99 ops/sec, INSERT throughput 0.00 ops/sec, READ throughput 1316.82 ops/sec, SCAN throughput 0.00 ops/sec, READ_MODIFY_WRITE throughput 0.00 ops/sec, total throughput 1374.81 ops/sec
Zipfian (epoch 90, progress 0.34%): UPDATE throughput 72.99 ops/sec, INSERT throughput 0.00 ops/sec, READ throughput 1351.83 ops/sec, SCAN throughput 0.00 ops/sec, READ_MODIFY_WRITE throughput 0.00 ops/sec, total throughput 1424.82 ops/sec
Zipfian (epoch 91, progress 0.35%): UPDATE throughput 75.99 ops/sec, INSERT throughput 0.00 ops/sec, READ throughput 1234.81 ops/sec, SCAN throughput 0.00 ops/sec, READ_MODIFY_WRITE throughput 0.00 ops/sec, total throughput 1310.80 ops/sec
Zipfian (epoch 92, progress 0.35%): UPDATE throughput 61.99 ops/sec, INSERT throughput 0.00 ops/sec, READ throughput 1413.78 ops/sec, SCAN throughput 0.00 ops/sec, READ_MODIFY_WRITE throughput 0.00 ops/sec, total throughput 1475.77 ops/sec
Zipfian (epoch 93, progress 0.35%): UPDATE throughput 62.99 ops/sec, INSERT throughput 0.00 ops/sec, READ throughput 1296.82 ops/sec, SCAN throughput 0.00 ops/sec, READ_MODIFY_WRITE throughput 0.00 ops/sec, total throughput 1359.81 ops/sec
Zipfian (epoch 94, progress 0.36%): UPDATE throughput 60.99 ops/sec, INSERT throughput 0.00 ops/sec, READ throughput 1222.81 ops/sec, SCAN throughput 0.00 ops/sec, READ_MODIFY_WRITE throughput 0.00 ops/sec, total throughput 1283.80 ops/sec
Zipfian (epoch 95, progress 0.36%): UPDATE throughput 51.99 ops/sec, INSERT throughput 0.00 ops/sec, READ throughput 1075.86 ops/sec, SCAN throughput 0.00 ops/sec, READ_MODIFY_WRITE throughput 0.00 ops/sec, total throughput 1127.86 ops/sec
Zipfian (epoch 96, progress 0.36%): UPDATE throughput 52.99 ops/sec, INSERT throughput 0.00 ops/sec, READ throughput 1124.83 ops/sec, SCAN throughput 0.00 ops/sec, READ_MODIFY_WRITE throughput 0.00 ops/sec, total throughput 1177.82 ops/sec
Zipfian (epoch 97, progress 0.37%): UPDATE throughput 77.99 ops/sec, INSERT throughput 0.00 ops/sec, READ throughput 1241.82 ops/sec, SCAN throughput 0.00 ops/sec, READ_MODIFY_WRITE throughput 0.00 ops/sec, total throughput 1319.81 ops/sec
Zipfian (epoch 98, progress 0.37%): UPDATE throughput 74.99 ops/sec, INSERT throughput 0.00 ops/sec, READ throughput 1158.82 ops/sec, SCAN throughput 0.00 ops/sec, READ_MODIFY_WRITE throughput 0.00 ops/sec, total throughput 1233.81 ops/sec
Zipfian (epoch 99, progress 0.37%): UPDATE throughput 42.99 ops/sec, INSERT throughput 0.00 ops/sec, READ throughput 1100.83 ops/sec, SCAN throughput 0.00 ops/sec, READ_MODIFY_WRITE throughput 0.00 ops/sec, total throughput 1143.82 ops/sec
Zipfian (epoch 100, progress 0.38%): UPDATE throughput 84.99 ops/sec, INSERT throughput 0.00 ops/sec, READ throughput 1350.79 ops/sec, SCAN throughput 0.00 ops/sec, READ_MODIFY_WRITE throughput 0.00 ops/sec, total throughput 1435.78 ops/sec
Zipfian (epoch 101, progress 0.38%): UPDATE throughput 55.99 ops/sec, INSERT throughput 0.00 ops/sec, READ throughput 1174.82 ops/sec, SCAN throughput 0.00 ops/sec, READ_MODIFY_WRITE throughput 0.00 ops/sec, total throughput 1230.81 ops/sec
Zipfian (epoch 102, progress 0.38%): UPDATE throughput 58.99 ops/sec, INSERT throughput 0.00 ops/sec, READ throughput 1086.82 ops/sec, SCAN throughput 0.00 ops/sec, READ_MODIFY_WRITE throughput 0.00 ops/sec, total throughput 1145.81 ops/sec
Zipfian (epoch 103, progress 0.39%): UPDATE throughput 72.99 ops/sec, INSERT throughput 0.00 ops/sec, READ throughput 1207.81 ops/sec, SCAN throughput 0.00 ops/sec, READ_MODIFY_WRITE throughput 0.00 ops/sec, total throughput 1280.80 ops/sec
Zipfian (epoch 104, progress 0.39%): UPDATE throughput 18.00 ops/sec, INSERT throughput 0.00 ops/sec, READ throughput 453.93 ops/sec, SCAN throughput 0.00 ops/sec, READ_MODIFY_WRITE throughput 0.00 ops/sec, total throughput 471.93 ops/sec
Zipfian (epoch 105, progress 0.39%): UPDATE throughput 0.00 ops/sec, INSERT throughput 0.00 ops/sec, READ throughput 0.00 ops/sec, SCAN throughput 0.00 ops/sec, READ_MODIFY_WRITE throughput 0.00 ops/sec, total throughput 0.00 ops/sec
Zipfian (epoch 106, progress 0.39%): UPDATE throughput 14.00 ops/sec, INSERT throughput 0.00 ops/sec, READ throughput 262.96 ops/sec, SCAN throughput 0.00 ops/sec, READ_MODIFY_WRITE throughput 0.00 ops/sec, total throughput 276.96 ops/sec
Zipfian (epoch 107, progress 0.39%): UPDATE throughput 53.99 ops/sec, INSERT throughput 0.00 ops/sec, READ throughput 770.88 ops/sec, SCAN throughput 0.00 ops/sec, READ_MODIFY_WRITE throughput 0.00 ops/sec, total throughput 824.87 ops/sec
Zipfian (epoch 108, progress 0.39%): UPDATE throughput 63.99 ops/sec, INSERT throughput 0.00 ops/sec, READ throughput 1137.82 ops/sec, SCAN throughput 0.00 ops/sec, READ_MODIFY_WRITE throughput 0.00 ops/sec, total throughput 1201.81 ops/sec
Zipfian (epoch 109, progress 0.40%): UPDATE throughput 57.99 ops/sec, INSERT throughput 0.00 ops/sec, READ throughput 1098.85 ops/sec, SCAN throughput 0.00 ops/sec, READ_MODIFY_WRITE throughput 0.00 ops/sec, total throughput 1156.84 ops/sec
Zipfian (epoch 110, progress 0.40%): UPDATE throughput 39.99 ops/sec, INSERT throughput 0.00 ops/sec, READ throughput 1022.84 ops/sec, SCAN throughput 0.00 ops/sec, READ_MODIFY_WRITE throughput 0.00 ops/sec, total throughput 1062.84 ops/sec
Zipfian (epoch 111, progress 0.40%): UPDATE throughput 60.99 ops/sec, INSERT throughput 0.00 ops/sec, READ throughput 1286.80 ops/sec, SCAN throughput 0.00 ops/sec, READ_MODIFY_WRITE throughput 0.00 ops/sec, total throughput 1347.79 ops/sec
Zipfian (epoch 112, progress 0.40%): UPDATE throughput 57.99 ops/sec, INSERT throughput 0.00 ops/sec, READ throughput 1160.82 ops/sec, SCAN throughput 0.00 ops/sec, READ_MODIFY_WRITE throughput 0.00 ops/sec, total throughput 1218.81 ops/sec
Zipfian (epoch 113, progress 0.41%): UPDATE throughput 56.99 ops/sec, INSERT throughput 0.00 ops/sec, READ throughput 1090.85 ops/sec, SCAN throughput 0.00 ops/sec, READ_MODIFY_WRITE throughput 0.00 ops/sec, total throughput 1147.84 ops/sec
Zipfian (epoch 114, progress 0.41%): UPDATE throughput 52.99 ops/sec, INSERT throughput 0.00 ops/sec, READ throughput 1236.81 ops/sec, SCAN throughput 0.00 ops/sec, READ_MODIFY_WRITE throughput 0.00 ops/sec, total throughput 1289.80 ops/sec
Zipfian (epoch 115, progress 0.41%): UPDATE throughput 56.99 ops/sec, INSERT throughput 0.00 ops/sec, READ throughput 1208.81 ops/sec, SCAN throughput 0.00 ops/sec, READ_MODIFY_WRITE throughput 0.00 ops/sec, total throughput 1265.81 ops/sec
Zipfian (epoch 116, progress 0.42%): UPDATE throughput 43.99 ops/sec, INSERT throughput 0.00 ops/sec, READ throughput 958.85 ops/sec, SCAN throughput 0.00 ops/sec, READ_MODIFY_WRITE throughput 0.00 ops/sec, total throughput 1002.84 ops/sec
Zipfian (epoch 117, progress 0.42%): UPDATE throughput 54.99 ops/sec, INSERT throughput 0.00 ops/sec, READ throughput 1066.85 ops/sec, SCAN throughput 0.00 ops/sec, READ_MODIFY_WRITE throughput 0.00 ops/sec, total throughput 1121.84 ops/sec
Zipfian (epoch 118, progress 0.42%): UPDATE throughput 34.99 ops/sec, INSERT throughput 0.00 ops/sec, READ throughput 1010.84 ops/sec, SCAN throughput 0.00 ops/sec, READ_MODIFY_WRITE throughput 0.00 ops/sec, total throughput 1045.84 ops/sec
Zipfian (epoch 119, progress 0.42%): UPDATE throughput 48.99 ops/sec, INSERT throughput 0.00 ops/sec, READ throughput 1009.85 ops/sec, SCAN throughput 0.00 ops/sec, READ_MODIFY_WRITE throughput 0.00 ops/sec, total throughput 1058.84 ops/sec
Zipfian (epoch 120, progress 0.43%): UPDATE throughput 32.99 ops/sec, INSERT throughput 0.00 ops/sec, READ throughput 668.90 ops/sec, SCAN throughput 0.00 ops/sec, READ_MODIFY_WRITE throughput 0.00 ops/sec, total throughput 701.89 ops/sec
time's up!
Zipfian: calculating overall performance metrics... (might take a while)
Zipfian overall: UPDATE throughput 69.96 ops/sec, INSERT throughput 0.00 ops/sec, READ throughput 1350.02 ops/sec, SCAN throughput 0.00 ops/sec, READ_MODIFY_WRITE throughput 0.00 ops/sec, total throughput 1419.98 ops/sec
Zipfian overall: UPDATE average latency 2232669.11 ns, UPDATE p99 latency 1375158.25 ns, INSERT average latency 0.00 ns, INSERT p99 latency 0.00 ns, READ average latency 2840353.67 ns, READ p99 latency 42729960.46 ns, SCAN average latency 0.00 ns, SCAN p99 latency 0.00 ns, READ_MODIFY_WRITE average latency 0.00 ns, READ_MODIFY_WRITE p99 latency 0.00 ns

--- wan_writer ---
ZipfianWorkload: start initializing zipfian variables, might take a while
Zipfian (Warm-Up) (epoch 0, progress 0.00%): UPDATE throughput 0.00 ops/sec, INSERT throughput 0.00 ops/sec, READ throughput 0.00 ops/sec, SCAN throughput 0.00 ops/sec, READ_MODIFY_WRITE throughput 0.00 ops/sec, total throughput 0.00 ops/sec
Zipfian (Warm-Up) (epoch 1, progress 0.00%): UPDATE throughput 0.00 ops/sec, INSERT throughput 0.00 ops/sec, READ throughput 264.98 ops/sec, SCAN throughput 0.00 ops/sec, READ_MODIFY_WRITE throughput 281.97 ops/sec, total throughput 546.95 ops/sec
Zipfian (Warm-Up) (epoch 2, progress 0.00%): UPDATE throughput 0.00 ops/sec, INSERT throughput 0.00 ops/sec, READ throughput 282.96 ops/sec, SCAN throughput 0.00 ops/sec, READ_MODIFY_WRITE throughput 298.96 ops/sec, total throughput 581.92 ops/sec
Zipfian (Warm-Up) (epoch 3, progress 0.00%): UPDATE throughput 0.00 ops/sec, INSERT throughput 0.00 ops/sec, READ throughput 328.95 ops/sec, SCAN throughput 0.00 ops/sec, READ_MODIFY_WRITE throughput 347.95 ops/sec, total throughput 676.90 ops/sec
Zipfian (Warm-Up) (epoch 4, progress 0.01%): UPDATE throughput 0.00 ops/sec, INSERT throughput 0.00 ops/sec, READ throughput 346.95 ops/sec, SCAN throughput 0.00 ops/sec, READ_MODIFY_WRITE throughput 343.95 ops/sec, total throughput 690.90 ops/sec
Zipfian (Warm-Up) (epoch 5, progress 0.01%): UPDATE throughput 0.00 ops/sec, INSERT throughput 0.00 ops/sec, READ throughput 399.94 ops/sec, SCAN throughput 0.00 ops/sec, READ_MODIFY_WRITE throughput 376.95 ops/sec, total throughput 776.89 ops/sec
Zipfian (Warm-Up) (epoch 6, progress 0.01%): UPDATE throughput 0.00 ops/sec, INSERT throughput 0.00 ops/sec, READ throughput 484.93 ops/sec, SCAN throughput 0.00 ops/sec, READ_MODIFY_WRITE throughput 502.93 ops/sec, total throughput 987.87 ops/sec
Zipfian (Warm-Up) (epoch 7, progress 0.01%): UPDATE throughput 0.00 ops/sec, INSERT throughput 0.00 ops/sec, READ throughput 396.94 ops/sec, SCAN throughput 0.00 ops/sec, READ_MODIFY_WRITE throughput 420.94 ops/sec, total throughput 817.88 ops/sec
Zipfian (Warm-Up) (epoch 8, progress 0.01%): UPDATE throughput 0.00 ops/sec, INSERT throughput 0.00 ops/sec, READ throughput 433.94 ops/sec, SCAN throughput 0.00 ops/sec, READ_MODIFY_WRITE throughput 464.93 ops/sec, total throughput 898.87 ops/sec
Zipfian (Warm-Up) (epoch 9, progress 0.02%): UPDATE throughput 0.00 ops/sec, INSERT throughput 0.00 ops/sec, READ throughput 400.94 ops/sec, SCAN throughput 0.00 ops/sec, READ_MODIFY_WRITE throughput 376.95 ops/sec, total throughput 777.89 ops/sec
Zipfian (Warm-Up) (epoch 10, progress 0.02%): UPDATE throughput 0.00 ops/sec, INSERT throughput 0.00 ops/sec, READ throughput 558.92 ops/sec, SCAN throughput 0.00 ops/sec, READ_MODIFY_WRITE throughput 518.92 ops/sec, total throughput 1077.84 ops/sec
Zipfian (Warm-Up) (epoch 11, progress 0.02%): UPDATE throughput 0.00 ops/sec, INSERT throughput 0.00 ops/sec, READ throughput 586.92 ops/sec, SCAN throughput 0.00 ops/sec, READ_MODIFY_WRITE throughput 563.92 ops/sec, total throughput 1150.83 ops/sec
Zipfian (Warm-Up) (epoch 12, progress 0.03%): UPDATE throughput 0.00 ops/sec, INSERT throughput 0.00 ops/sec, READ throughput 623.90 ops/sec, SCAN throughput 0.00 ops/sec, READ_MODIFY_WRITE throughput 632.90 ops/sec, total throughput 1256.79 ops/sec
Zipfian (Warm-Up) (epoch 13, progress 0.03%): UPDATE throughput 0.00 ops/sec, INSERT throughput 0.00 ops/sec, READ throughput 620.91 ops/sec, SCAN throughput 0.00 ops/sec, READ_MODIFY_WRITE throughput 588.92 ops/sec, total throughput 1209.83 ops/sec
Zipfian (Warm-Up) (epoch 14, progress 0.03%): UPDATE throughput 0.00 ops/sec, INSERT throughput 0.00 ops/sec, READ throughput 526.92 ops/sec, SCAN throughput 0.00 ops/sec, READ_MODIFY_WRITE throughput 478.93 ops/sec, total throughput 1005.85 ops/sec
Zipfian (Warm-Up) (epoch 15, progress 0.03%): UPDATE throughput 0.00 ops/sec, INSERT throughput 0.00 ops/sec, READ throughput 573.92 ops/sec, SCAN throughput 0.00 ops/sec, READ_MODIFY_WRITE throughput 525.93 ops/sec, total throughput 1099.85 ops/sec
Zipfian (Warm-Up) (epoch 16, progress 0.04%): UPDATE throughput 0.00 ops/sec, INSERT throughput 0.00 ops/sec, READ throughput 759.89 ops/sec, SCAN throughput 0.00 ops/sec, READ_MODIFY_WRITE throughput 695.90 ops/sec, total throughput 1455.80 ops/sec
Zipfian (Warm-Up) (epoch 17, progress 0.04%): UPDATE throughput 0.00 ops/sec, INSERT throughput 0.00 ops/sec, READ throughput 729.90 ops/sec, SCAN throughput 0.00 ops/sec, READ_MODIFY_WRITE throughput 706.90 ops/sec, total throughput 1436.80 ops/sec
Zipfian (Warm-Up) (epoch 18, progress 0.04%): UPDATE throughput 0.00 ops/sec, INSERT throughput 0.00 ops/sec, READ throughput 794.89 ops/sec, SCAN throughput 0.00 ops/sec, READ_MODIFY_WRITE throughput 745.90 ops/sec, total throughput 1540.79 ops/sec
Zipfian (Warm-Up) (epoch 19, progress 0.05%): UPDATE throughput 0.00 ops/sec, INSERT throughput 0.00 ops/sec, READ throughput 833.88 ops/sec, SCAN throughput 0.00 ops/sec, READ_MODIFY_WRITE throughput 856.88 ops/sec, total throughput 1690.76 ops/sec
Zipfian (Warm-Up) (epoch 20, progress 0.05%): UPDATE throughput 0.00 ops/sec, INSERT throughput 0.00 ops/sec, READ throughput 826.88 ops/sec, SCAN throughput 0.00 ops/sec, READ_MODIFY_WRITE throughput 804.88 ops/sec, total throughput 1631.77 ops/sec
Zipfian (Warm-Up) (epoch 21, progress 0.06%): UPDATE throughput 0.00 ops/sec, INSERT throughput 0.00 ops/sec, READ throughput 906.87 ops/sec, SCAN throughput 0.00 ops/sec, READ_MODIFY_WRITE throughput 887.87 ops/sec, total throughput 1794.75 ops/sec
Zipfian (Warm-Up) (epoch 22, progress 0.06%): UPDATE throughput 0.00 ops/sec, INSERT throughput 0.00 ops/sec, READ throughput 707.90 ops/sec, SCAN throughput 0.00 ops/sec, READ_MODIFY_WRITE throughput 737.90 ops/sec, total throughput 1445.80 ops/sec
Zipfian (Warm-Up) (epoch 23, progress 0.06%): UPDATE throughput 0.00 ops/sec, INSERT throughput 0.00 ops/sec, READ throughput 676.91 ops/sec, SCAN throughput 0.00 ops/sec, READ_MODIFY_WRITE throughput 675.91 ops/sec, total throughput 1352.81 ops/sec
Zipfian (Warm-Up) (epoch 24, progress 0.07%): UPDATE throughput 0.00 ops/sec, INSERT throughput 0.00 ops/sec, READ throughput 923.87 ops/sec, SCAN throughput 0.00 ops/sec, READ_MODIFY_WRITE throughput 991.86 ops/sec, total throughput 1915.74 ops/sec
Zipfian (Warm-Up) (epoch 25, progress 0.07%): UPDATE throughput 0.00 ops/sec, INSERT throughput 0.00 ops/sec, READ throughput 812.89 ops/sec, SCAN throughput 0.00 ops/sec, READ_MODIFY_WRITE throughput 818.89 ops/sec, total throughput 1631.77 ops/sec
Zipfian (Warm-Up) (epoch 26, progress 0.08%): UPDATE throughput 0.00 ops/sec, INSERT throughput 0.00 ops/sec, READ throughput 1020.86 ops/sec, SCAN throughput 0.00 ops/sec, READ_MODIFY_WRITE throughput 1058.85 ops/sec, total throughput 2079.71 ops/sec
Zipfian (Warm-Up) (epoch 27, progress 0.08%): UPDATE throughput 0.00 ops/sec, INSERT throughput 0.00 ops/sec, READ throughput 850.88 ops/sec, SCAN throughput 0.00 ops/sec, READ_MODIFY_WRITE throughput 850.88 ops/sec, total throughput 1701.77 ops/sec
Zipfian (Warm-Up) (epoch 28, progress 0.09%): UPDATE throughput 0.00 ops/sec, INSERT throughput 0.00 ops/sec, READ throughput 927.87 ops/sec, SCAN throughput 0.00 ops/sec, READ_MODIFY_WRITE throughput 874.88 ops/sec, total throughput 1802.75 ops/sec
Zipfian (Warm-Up) (epoch 29, progress 0.09%): UPDATE throughput 0.00 ops/sec, INSERT throughput 0.00 ops/sec, READ throughput 1114.84 ops/sec, SCAN throughput 0.00 ops/sec, READ_MODIFY_WRITE throughput 1113.84 ops/sec, total throughput 2228.68 ops/sec
Zipfian (Warm-Up) (epoch 30, progress 0.10%): UPDATE throughput 0.00 ops/sec, INSERT throughput 0.00 ops/sec, READ throughput 1069.85 ops/sec, SCAN throughput 0.00 ops/sec, READ_MODIFY_WRITE throughput 1148.84 ops/sec, total throughput 2218.69 ops/sec
time's up!
Zipfian (Warm-Up): calculating overall performance metrics... (might take a while)
Zipfian (Warm-Up) overall: UPDATE throughput 0.00 ops/sec, INSERT throughput 0.00 ops/sec, READ throughput 659.69 ops/sec, SCAN throughput 0.00 ops/sec, READ_MODIFY_WRITE throughput 656.49 ops/sec, total throughput 1316.18 ops/sec
Zipfian (Warm-Up) overall: UPDATE average latency 0.00 ns, UPDATE p99 latency 0.00 ns, INSERT average latency 0.00 ns, INSERT p99 latency 0.00 ns, READ average latency 5145439.05 ns, READ p99 latency 54681386.23 ns, SCAN average latency 0.00 ns, SCAN p99 latency 0.00 ns, READ_MODIFY_WRITE average latency 892542.12 ns, READ_MODIFY_WRITE p99 latency 23353787.68 ns
ZipfianWorkload: start initializing zipfian variables, might take a while
Zipfian (epoch 0, progress 0.00%): UPDATE throughput 0.00 ops/sec, INSERT throughput 0.00 ops/sec, READ throughput 0.00 ops/sec, SCAN throughput 0.00 ops/sec, READ_MODIFY_WRITE throughput 0.00 ops/sec, total throughput 0.00 ops/sec
Zipfian (epoch 1, progress 0.04%): UPDATE throughput 0.00 ops/sec, INSERT throughput 0.00 ops/sec, READ throughput 7825.85 ops/sec, SCAN throughput 0.00 ops/sec, READ_MODIFY_WRITE throughput 7661.87 ops/sec, total throughput 15487.72 ops/sec
Zipfian (epoch 2, progress 0.07%): UPDATE throughput 0.00 ops/sec, INSERT throughput 0.00 ops/sec, READ throughput 6767.98 ops/sec, SCAN throughput 0.00 ops/sec, READ_MODIFY_WRITE throughput 6746.98 ops/sec, total throughput 13514.96 ops/sec
Zipfian (epoch 3, progress 0.10%): UPDATE throughput 0.00 ops/sec, INSERT throughput 0.00 ops/sec, READ throughput 4592.43 ops/sec, SCAN throughput 0.00 ops/sec, READ_MODIFY_WRITE throughput 4632.43 ops/sec, total throughput 9224.86 ops/sec
Zipfian (epoch 4, progress 0.10%): UPDATE throughput 0.00 ops/sec, INSERT throughput 0.00 ops/sec, READ throughput 1450.80 ops/sec, SCAN throughput 0.00 ops/sec, READ_MODIFY_WRITE throughput 1447.80 ops/sec, total throughput 2898.60 ops/sec
Zipfian (epoch 5, progress 0.11%): UPDATE throughput 0.00 ops/sec, INSERT throughput 0.00 ops/sec, READ throughput 842.92 ops/sec, SCAN throughput 0.00 ops/sec, READ_MODIFY_WRITE throughput 843.92 ops/sec, total throughput 1686.84 ops/sec
Zipfian (epoch 6, progress 0.11%): UPDATE throughput 0.00 ops/sec, INSERT throughput 0.00 ops/sec, READ throughput 860.88 ops/sec, SCAN throughput 0.00 ops/sec, READ_MODIFY_WRITE throughput 870.88 ops/sec, total throughput 1731.77 ops/sec
Zipfian (epoch 7, progress 0.12%): UPDATE throughput 0.00 ops/sec, INSERT throughput 0.00 ops/sec, READ throughput 752.91 ops/sec, SCAN throughput 0.00 ops/sec, READ_MODIFY_WRITE throughput 764.91 ops/sec, total throughput 1517.83 ops/sec
Zipfian (epoch 8, progress 0.12%): UPDATE throughput 0.00 ops/sec, INSERT throughput 0.00 ops/sec, READ throughput 822.89 ops/sec, SCAN throughput 0.00 ops/sec, READ_MODIFY_WRITE throughput 750.90 ops/sec, total throughput 1573.78 ops/sec
Zipfian (epoch 9, progress 0.12%): UPDATE throughput 0.00 ops/sec, INSERT throughput 0.00 ops/sec, READ throughput 745.93 ops/sec, SCAN throughput 0.00 ops/sec, READ_MODIFY_WRITE throughput 726.93 ops/sec, total throughput 1472.86 ops/sec
Zipfian (epoch 10, progress 0.13%): UPDATE throughput 0.00 ops/sec, INSERT throughput 0.00 ops/sec, READ throughput 815.89 ops/sec, SCAN throughput 0.00 ops/sec, READ_MODIFY_WRITE throughput 781.90 ops/sec, total throughput 1597.79 ops/sec
Zipfian (epoch 11, progress 0.13%): UPDATE throughput 0.00 ops/sec, INSERT throughput 0.00 ops/sec, READ throughput 905.91 ops/sec, SCAN throughput 0.00 ops/sec, READ_MODIFY_WRITE throughput 1004.90 ops/sec, total throughput 1910.81 ops/sec
Zipfian (epoch 12, progress 0.14%): UPDATE throughput 0.00 ops/sec, INSERT throughput 0.00 ops/sec, READ throughput 953.88 ops/sec, SCAN throughput 0.00 ops/sec, READ_MODIFY_WRITE throughput 975.87 ops/sec, total throughput 1929.75 ops/sec
Zipfian (epoch 13, progress 0.14%): UPDATE throughput 0.00 ops/sec, INSERT throughput 0.00 ops/sec, READ throughput 904.91 ops/sec, SCAN throughput 0.00 ops/sec, READ_MODIFY_WRITE throughput 862.92 ops/sec, total throughput 1767.83 ops/sec
Zipfian (epoch 14, progress 0.15%): UPDATE throughput 0.00 ops/sec, INSERT throughput 0.00 ops/sec, READ throughput 892.88 ops/sec, SCAN throughput 0.00 ops/sec, READ_MODIFY_WRITE throughput 903.88 ops/sec, total throughput 1796.77 ops/sec
Zipfian (epoch 15, progress 0.15%): UPDATE throughput 0.00 ops/sec, INSERT throughput 0.00 ops/sec, READ throughput 863.92 ops/sec, SCAN throughput 0.00 ops/sec, READ_MODIFY_WRITE throughput 867.92 ops/sec, total throughput 1731.84 ops/sec
Zipfian (epoch 16, progress 0.15%): UPDATE throughput 0.00 ops/sec, INSERT throughput 0.00 ops/sec, READ throughput 837.89 ops/sec, SCAN throughput 0.00 ops/sec, READ_MODIFY_WRITE throughput 815.89 ops/sec, total throughput 1653.78 ops/sec
Zipfian (epoch 17, progress 0.16%): UPDATE throughput 0.00 ops/sec, INSERT throughput 0.00 ops/sec, READ throughput 890.92 ops/sec, SCAN throughput 0.00 ops/sec, READ_MODIFY_WRITE throughput 895.92 ops/sec, total throughput 1786.83 ops/sec
Zipfian (epoch 18, progress 0.16%): UPDATE throughput 0.00 ops/sec, INSERT throughput 0.00 ops/sec, READ throughput 817.93 ops/sec, SCAN throughput 0.00 ops/sec, READ_MODIFY_WRITE throughput 838.93 ops/sec, total throughput 1656.85 ops/sec
Zipfian (epoch 19, progress 0.17%): UPDATE throughput 0.00 ops/sec, INSERT throughput 0.00 ops/sec, READ throughput 1085.90 ops/sec, SCAN throughput 0.00 ops/sec, READ_MODIFY_WRITE throughput 1062.90 ops/sec, total throughput 2148.80 ops/sec
Zipfian (epoch 20, progress 0.17%): UPDATE throughput 0.00 ops/sec, INSERT throughput 0.00 ops/sec, READ throughput 839.88 ops/sec, SCAN throughput 0.00 ops/sec, READ_MODIFY_WRITE throughput 828.88 ops/sec, total throughput 1668.77 ops/sec
Zipfian (epoch 21, progress 0.18%): UPDATE throughput 0.00 ops/sec, INSERT throughput 0.00 ops/sec, READ throughput 654.93 ops/sec, SCAN throughput 0.00 ops/sec, READ_MODIFY_WRITE throughput 731.92 ops/sec, total throughput 1386.85 ops/sec
Zipfian (epoch 22, progress 0.18%): UPDATE throughput 0.00 ops/sec, INSERT throughput 0.00 ops/sec, READ throughput 784.88 ops/sec, SCAN throughput 0.00 ops/sec, READ_MODIFY_WRITE throughput 708.89 ops/sec, total throughput 1493.77 ops/sec
Zipfian (epoch 23, progress 0.18%): UPDATE throughput 0.00 ops/sec, INSERT throughput 0.00 ops/sec, READ throughput 776.89 ops/sec, SCAN throughput 0.00 ops/sec, READ_MODIFY_WRITE throughput 803.89 ops/sec, total throughput 1580.78 ops/sec
Zipfian (epoch 24, progress 0.19%): UPDATE throughput 0.00 ops/sec, INSERT throughput 0.00 ops/sec, READ throughput 817.88 ops/sec, SCAN throughput 0.00 ops/sec, READ_MODIFY_WRITE throughput 836.88 ops/sec, total throughput 1654.76 ops/sec
Zipfian (epoch 25, progress 0.19%): UPDATE throughput 0.00 ops/sec, INSERT throughput 0.00 ops/sec, READ throughput 723.92 ops/sec, SCAN throughput 0.00 ops/sec, READ_MODIFY_WRITE throughput 722.92 ops/sec, total throughput 1446.85 ops/sec
Zipfian (epoch 26, progress 0.19%): UPDATE throughput 0.00 ops/sec, INSERT throughput 0.00 ops/sec, READ throughput 706.90 ops/sec, SCAN throughput 0.00 ops/sec, READ_MODIFY_WRITE throughput 684.91 ops/sec, total throughput 1391.81 ops/sec
Zipfian (epoch 27, progress 0.20%): UPDATE throughput 0.00 ops/sec, INSERT throughput 0.00 ops/sec, READ throughput 757.90 ops/sec, SCAN throughput 0.00 ops/sec, READ_MODIFY_WRITE throughput 734.90 ops/sec, total throughput 1492.80 ops/sec
Zipfian (epoch 28, progress 0.20%): UPDATE throughput 0.00 ops/sec, INSERT throughput 0.00 ops/sec, READ throughput 778.90 ops/sec, SCAN throughput 0.00 ops/sec, READ_MODIFY_WRITE throughput 769.90 ops/sec, total throughput 1548.79 ops/sec
Zipfian (epoch 29, progress 0.21%): UPDATE throughput 0.00 ops/sec, INSERT throughput 0.00 ops/sec, READ throughput 698.91 ops/sec, SCAN throughput 0.00 ops/sec, READ_MODIFY_WRITE throughput 615.92 ops/sec, total throughput 1314.82 ops/sec
Zipfian (epoch 30, progress 0.21%): UPDATE throughput 0.00 ops/sec, INSERT throughput 0.00 ops/sec, READ throughput 683.91 ops/sec, SCAN throughput 0.00 ops/sec, READ_MODIFY_WRITE throughput 714.90 ops/sec, total throughput 1398.81 ops/sec
Zipfian (epoch 31, progress 0.21%): UPDATE throughput 0.00 ops/sec, INSERT throughput 0.00 ops/sec, READ throughput 648.91 ops/sec, SCAN throughput 0.00 ops/sec, READ_MODIFY_WRITE throughput 667.91 ops/sec, total throughput 1316.82 ops/sec
Zipfian (epoch 32, progress 0.22%): UPDATE throughput 0.00 ops/sec, INSERT throughput 0.00 ops/sec, READ throughput 681.91 ops/sec, SCAN throughput 0.00 ops/sec, READ_MODIFY_WRITE throughput 660.91 ops/sec, total throughput 1342.82 ops/sec
Zipfian (epoch 33, progress 0.22%): UPDATE throughput 0.00 ops/sec, INSERT throughput 0.00 ops/sec, READ throughput 662.91 ops/sec, SCAN throughput 0.00 ops/sec, READ_MODIFY_WRITE throughput 650.91 ops/sec, total throughput 1313.82 ops/sec
Zipfian (epoch 34, progress 0.22%): UPDATE throughput 0.00 ops/sec, INSERT throughput 0.00 ops/sec, READ throughput 595.92 ops/sec, SCAN throughput 0.00 ops/sec, READ_MODIFY_WRITE throughput 644.91 ops/sec, total throughput 1240.83 ops/sec
Zipfian (epoch 35, progress 0.22%): UPDATE throughput 0.00 ops/sec, INSERT throughput 0.00 ops/sec, READ throughput 558.92 ops/sec, SCAN throughput 0.00 ops/sec, READ_MODIFY_WRITE throughput 626.91 ops/sec, total throughput 1185.84 ops/sec
Zipfian (epoch 36, progress 0.23%): UPDATE throughput 0.00 ops/sec, INSERT throughput 0.00 ops/sec, READ throughput 613.90 ops/sec, SCAN throughput 0.00 ops/sec, READ_MODIFY_WRITE throughput 591.90 ops/sec, total throughput 1205.80 ops/sec
Zipfian (epoch 37, progress 0.23%): UPDATE throughput 0.00 ops/sec, INSERT throughput 0.00 ops/sec, READ throughput 762.89 ops/sec, SCAN throughput 0.00 ops/sec, READ_MODIFY_WRITE throughput 821.88 ops/sec, total throughput 1584.76 ops/sec
Zipfian (epoch 38, progress 0.23%): UPDATE throughput 0.00 ops/sec, INSERT throughput 0.00 ops/sec, READ throughput 599.90 ops/sec, SCAN throughput 0.00 ops/sec, READ_MODIFY_WRITE throughput 597.90 ops/sec, total throughput 1197.81 ops/sec
Zipfian (epoch 39, progress 0.24%): UPDATE throughput 0.00 ops/sec, INSERT throughput 0.00 ops/sec, READ throughput 724.90 ops/sec, SCAN throughput 0.00 ops/sec, READ_MODIFY_WRITE throughput 707.90 ops/sec, total throughput 1432.80 ops/sec
Zipfian (epoch 40, progress 0.24%): UPDATE throughput 0.00 ops/sec, INSERT throughput 0.00 ops/sec, READ throughput 665.91 ops/sec, SCAN throughput 0.00 ops/sec, READ_MODIFY_WRITE throughput 701.91 ops/sec, total throughput 1367.82 ops/sec
Zipfian (epoch 41, progress 0.24%): UPDATE throughput 0.00 ops/sec, INSERT throughput 0.00 ops/sec, READ throughput 626.91 ops/sec, SCAN throughput 0.00 ops/sec, READ_MODIFY_WRITE throughput 590.91 ops/sec, total throughput 1217.82 ops/sec
Zipfian (epoch 42, progress 0.25%): UPDATE throughput 0.00 ops/sec, INSERT throughput 0.00 ops/sec, READ throughput 259.96 ops/sec, SCAN throughput 0.00 ops/sec, READ_MODIFY_WRITE throughput 273.96 ops/sec, total throughput 533.93 ops/sec
Zipfian (epoch 43, progress 0.25%): UPDATE throughput 0.00 ops/sec, INSERT throughput 0.00 ops/sec, READ throughput 215.97 ops/sec, SCAN throughput 0.00 ops/sec, READ_MODIFY_WRITE throughput 230.97 ops/sec, total throughput 446.94 ops/sec
Zipfian (epoch 44, progress 0.25%): UPDATE throughput 0.00 ops/sec, INSERT throughput 0.00 ops/sec, READ throughput 761.90 ops/sec, SCAN throughput 0.00 ops/sec, READ_MODIFY_WRITE throughput 755.90 ops/sec, total throughput 1517.79 ops/sec
Zipfian (epoch 45, progress 0.25%): UPDATE throughput 0.00 ops/sec, INSERT throughput 0.00 ops/sec, READ throughput 608.94 ops/sec, SCAN throughput 0.00 ops/sec, READ_MODIFY_WRITE throughput 606.94 ops/sec, total throughput 1215.87 ops/sec
Zipfian (epoch 46, progress 0.26%): UPDATE throughput 0.00 ops/sec, INSERT throughput 0.00 ops/sec, READ throughput 765.92 ops/sec, SCAN throughput 0.00 ops/sec, READ_MODIFY_WRITE throughput 744.92 ops/sec, total throughput 1510.83 ops/sec
Zipfian (epoch 47, progress 0.26%): UPDATE throughput 0.00 ops/sec, INSERT throughput 0.00 ops/sec, READ throughput 708.90 ops/sec, SCAN throughput 0.00 ops/sec, READ_MODIFY_WRITE throughput 742.90 ops/sec, total throughput 1451.80 ops/sec
Zipfian (epoch 48, progress 0.27%): UPDATE throughput 0.00 ops/sec, INSERT throughput 0.00 ops/sec, READ throughput 774.90 ops/sec, SCAN throughput 0.00 ops/sec, READ_MODIFY_WRITE throughput 742.90 ops/sec, total throughput 1517.80 ops/sec
Zipfian (epoch 49, progress 0.27%): UPDATE throughput 0.00 ops/sec, INSERT throughput 0.00 ops/sec, READ throughput 688.91 ops/sec, SCAN throughput 0.00 ops/sec, READ_MODIFY_WRITE throughput 692.91 ops/sec, total throughput 1381.81 ops/sec
Zipfian (epoch 50, progress 0.27%): UPDATE throughput 0.00 ops/sec, INSERT throughput 0.00 ops/sec, READ throughput 946.87 ops/sec, SCAN throughput 0.00 ops/sec, READ_MODIFY_WRITE throughput 1041.86 ops/sec, total throughput 1988.73 ops/sec
Zipfian (epoch 51, progress 0.28%): UPDATE throughput 0.00 ops/sec, INSERT throughput 0.00 ops/sec, READ throughput 856.88 ops/sec, SCAN throughput 0.00 ops/sec, READ_MODIFY_WRITE throughput 822.89 ops/sec, total throughput 1679.77 ops/sec
Zipfian (epoch 52, progress 0.28%): UPDATE throughput 0.00 ops/sec, INSERT throughput 0.00 ops/sec, READ throughput 954.87 ops/sec, SCAN throughput 0.00 ops/sec, READ_MODIFY_WRITE throughput 939.87 ops/sec, total throughput 1894.75 ops/sec
Zipfian (epoch 53, progress 0.29%): UPDATE throughput 0.00 ops/sec, INSERT throughput 0.00 ops/sec, READ throughput 816.92 ops/sec, SCAN throughput 0.00 ops/sec, READ_MODIFY_WRITE throughput 835.91 ops/sec, total throughput 1652.83 ops/sec
Zipfian (epoch 54, progress 0.29%): UPDATE throughput 0.00 ops/sec, INSERT throughput 0.00 ops/sec, READ throughput 989.87 ops/sec, SCAN throughput 0.00 ops/sec, READ_MODIFY_WRITE throughput 990.87 ops/sec, total throughput 1980.74 ops/sec
Zipfian (epoch 55, progress 0.30%): UPDATE throughput 0.00 ops/sec, INSERT throughput 0.00 ops/sec, READ throughput 807.89 ops/sec, SCAN throughput 0.00 ops/sec, READ_MODIFY_WRITE throughput 852.89 ops/sec, total throughput 1660.78 ops/sec
Zipfian (epoch 56, progress 0.30%): UPDATE throughput 0.00 ops/sec, INSERT throughput 0.00 ops/sec, READ throughput 853.88 ops/sec, SCAN throughput 0.00 ops/sec, READ_MODIFY_WRITE throughput 817.89 ops/sec, total throughput 1671.77 ops/sec
Zipfian (epoch 57, progress 0.30%): UPDATE throughput 0.00 ops/sec, INSERT throughput 0.00 ops/sec, READ throughput 732.90 ops/sec, SCAN throughput 0.00 ops/sec, READ_MODIFY_WRITE throughput 697.90 ops/sec, total throughput 1430.80 ops/sec
Zipfian (epoch 58, progress 0.31%): UPDATE throughput 0.00 ops/sec, INSERT throughput 0.00 ops/sec, READ throughput 954.85 ops/sec, SCAN throughput 0.00 ops/sec, READ_MODIFY_WRITE throughput 921.86 ops/sec, total throughput 1876.71 ops/sec
Zipfian (epoch 59, progress 0.31%): UPDATE throughput 0.00 ops/sec, INSERT throughput 0.00 ops/sec, READ throughput 840.87 ops/sec, SCAN throughput 0.00 ops/sec, READ_MODIFY_WRITE throughput 870.87 ops/sec, total throughput 1711.73 ops/sec
Zipfian (epoch 60, progress 0.32%): UPDATE throughput 0.00 ops/sec, INSERT throughput 0.00 ops/sec, READ throughput 889.88 ops/sec, SCAN throughput 0.00 ops/sec, READ_MODIFY_WRITE throughput 873.88 ops/sec, total throughput 1763.76 ops/sec
Zipfian (epoch 61, progress 0.32%): UPDATE throughput 0.00 ops/sec, INSERT throughput 0.00 ops/sec, READ throughput 907.89 ops/sec, SCAN throughput 0.00 ops/sec, READ_MODIFY_WRITE throughput 889.89 ops/sec, total throughput 1797.78 ops/sec
Zipfian (epoch 62, progress 0.33%): UPDATE throughput 0.00 ops/sec, INSERT throughput 0.00 ops/sec, READ throughput 836.91 ops/sec, SCAN throughput 0.00 ops/sec, READ_MODIFY_WRITE throughput 838.91 ops/sec, total throughput 1675.82 ops/sec
Zipfian (epoch 63, progress 0.33%): UPDATE throughput 0.00 ops/sec, INSERT throughput 0.00 ops/sec, READ throughput 797.89 ops/sec, SCAN throughput 0.00 ops/sec, READ_MODIFY_WRITE throughput 779.89 ops/sec, total throughput 1577.78 ops/sec
Zipfian (epoch 64, progress 0.33%): UPDATE throughput 0.00 ops/sec, INSERT throughput 0.00 ops/sec, READ throughput 832.89 ops/sec, SCAN throughput 0.00 ops/sec, READ_MODIFY_WRITE throughput 817.89 ops/sec, total throughput 1650.77 ops/sec
Zipfian (epoch 65, progress 0.34%): UPDATE throughput 0.00 ops/sec, INSERT throughput 0.00 ops/sec, READ throughput 826.88 ops/sec, SCAN throughput 0.00 ops/sec, READ_MODIFY_WRITE throughput 858.87 ops/sec, total throughput 1685.75 ops/sec
Zipfian (epoch 66, progress 0.34%): UPDATE throughput 0.00 ops/sec, INSERT throughput 0.00 ops/sec, READ throughput 849.89 ops/sec, SCAN throughput 0.00 ops/sec, READ_MODIFY_WRITE throughput 828.89 ops/sec, total throughput 1678.77 ops/sec
Zipfian (epoch 67, progress 0.35%): UPDATE throughput 0.00 ops/sec, INSERT throughput 0.00 ops/sec, READ throughput 707.92 ops/sec, SCAN throughput 0.00 ops/sec, READ_MODIFY_WRITE throughput 794.92 ops/sec, total throughput 1502.84 ops/sec
Zipfian (epoch 68, progress 0.35%): UPDATE throughput 0.00 ops/sec, INSERT throughput 0.00 ops/sec, READ throughput 847.89 ops/sec, SCAN throughput 0.00 ops/sec, READ_MODIFY_WRITE throughput 855.89 ops/sec, total throughput 1703.77 ops/sec
Zipfian (epoch 69, progress 0.35%): UPDATE throughput 0.00 ops/sec, INSERT throughput 0.00 ops/sec, READ throughput 860.88 ops/sec, SCAN throughput 0.00 ops/sec, READ_MODIFY_WRITE throughput 778.89 ops/sec, total throughput 1639.78 ops/sec
Zipfian (epoch 70, progress 0.36%): UPDATE throughput 0.00 ops/sec, INSERT throughput 0.00 ops/sec, READ throughput 874.88 ops/sec, SCAN throughput 0.00 ops/sec, READ_MODIFY_WRITE throughput 800.89 ops/sec, total throughput 1675.78 ops/sec
Zipfian (epoch 71, progress 0.36%): UPDATE throughput 0.00 ops/sec, INSERT throughput 0.00 ops/sec, READ throughput 806.89 ops/sec, SCAN throughput 0.00 ops/sec, READ_MODIFY_WRITE throughput 832.89 ops/sec, total throughput 1639.77 ops/sec
Zipfian (epoch 72, progress 0.37%): UPDATE throughput 0.00 ops/sec, INSERT throughput 0.00 ops/sec, READ throughput 795.89 ops/sec, SCAN throughput 0.00 ops/sec, READ_MODIFY_WRITE throughput 793.89 ops/sec, total throughput 1589.79 ops/sec
Zipfian (epoch 73, progress 0.37%): UPDATE throughput 0.00 ops/sec, INSERT throughput 0.00 ops/sec, READ throughput 907.88 ops/sec, SCAN throughput 0.00 ops/sec, READ_MODIFY_WRITE throughput 798.89 ops/sec, total throughput 1706.77 ops/sec
Zipfian (epoch 74, progress 0.37%): UPDATE throughput 0.00 ops/sec, INSERT throughput 0.00 ops/sec, READ throughput 782.89 ops/sec, SCAN throughput 0.00 ops/sec, READ_MODIFY_WRITE throughput 765.90 ops/sec, total throughput 1548.79 ops/sec
Zipfian (epoch 75, progress 0.38%): UPDATE throughput 0.00 ops/sec, INSERT throughput 0.00 ops/sec, READ throughput 799.89 ops/sec, SCAN throughput 0.00 ops/sec, READ_MODIFY_WRITE throughput 782.90 ops/sec, total throughput 1582.79 ops/sec
Zipfian (epoch 76, progress 0.38%): UPDATE throughput 0.00 ops/sec, INSERT throughput 0.00 ops/sec, READ throughput 813.89 ops/sec, SCAN throughput 0.00 ops/sec, READ_MODIFY_WRITE throughput 831.89 ops/sec, total throughput 1645.78 ops/sec
Zipfian (epoch 77, progress 0.39%): UPDATE throughput 0.00 ops/sec, INSERT throughput 0.00 ops/sec, READ throughput 848.88 ops/sec, SCAN throughput 0.00 ops/sec, READ_MODIFY_WRITE throughput 795.89 ops/sec, total throughput 1644.77 ops/sec
Zipfian (epoch 78, progress 0.39%): UPDATE throughput 0.00 ops/sec, INSERT throughput 0.00 ops/sec, READ throughput 746.90 ops/sec, SCAN throughput 0.00 ops/sec, READ_MODIFY_WRITE throughput 743.90 ops/sec, total throughput 1490.80 ops/sec
Zipfian (epoch 79, progress 0.39%): UPDATE throughput 0.00 ops/sec, INSERT throughput 0.00 ops/sec, READ throughput 775.92 ops/sec, SCAN throughput 0.00 ops/sec, READ_MODIFY_WRITE throughput 708.93 ops/sec, total throughput 1484.85 ops/sec
Zipfian (epoch 80, progress 0.40%): UPDATE throughput 0.00 ops/sec, INSERT throughput 0.00 ops/sec, READ throughput 669.91 ops/sec, SCAN throughput 0.00 ops/sec, READ_MODIFY_WRITE throughput 716.90 ops/sec, total throughput 1386.81 ops/sec
Zipfian (epoch 81, progress 0.40%): UPDATE throughput 0.00 ops/sec, INSERT throughput 0.00 ops/sec, READ throughput 750.90 ops/sec, SCAN throughput 0.00 ops/sec, READ_MODIFY_WRITE throughput 671.91 ops/sec, total throughput 1422.81 ops/sec
Zipfian (epoch 82, progress 0.41%): UPDATE throughput 0.00 ops/sec, INSERT throughput 0.00 ops/sec, READ throughput 695.91 ops/sec, SCAN throughput 0.00 ops/sec, READ_MODIFY_WRITE throughput 789.89 ops/sec, total throughput 1485.80 ops/sec
Zipfian (epoch 83, progress 0.41%): UPDATE throughput 0.00 ops/sec, INSERT throughput 0.00 ops/sec, READ throughput 647.93 ops/sec, SCAN throughput 0.00 ops/sec, READ_MODIFY_WRITE throughput 637.93 ops/sec, total throughput 1285.86 ops/sec
Zipfian (epoch 84, progress 0.41%): UPDATE throughput 0.00 ops/sec, INSERT throughput 0.00 ops/sec, READ throughput 655.91 ops/sec, SCAN throughput 0.00 ops/sec, READ_MODIFY_WRITE throughput 715.90 ops/sec, total throughput 1371.81 ops/sec
Zipfian (epoch 85, progress 0.42%): UPDATE throughput 0.00 ops/sec, INSERT throughput 0.00 ops/sec, READ throughput 648.90 ops/sec, SCAN throughput 0.00 ops/sec, READ_MODIFY_WRITE throughput 688.90 ops/sec, total throughput 1337.80 ops/sec
Zipfian (epoch 86, progress 0.42%): UPDATE throughput 0.00 ops/sec, INSERT throughput 0.00 ops/sec, READ throughput 725.90 ops/sec, SCAN throughput 0.00 ops/sec, READ_MODIFY_WRITE throughput 699.91 ops/sec, total throughput 1425.81 ops/sec
Zipfian (epoch 87, progress 0.42%): UPDATE throughput 0.00 ops/sec, INSERT throughput 0.00 ops/sec, READ throughput 754.90 ops/sec, SCAN throughput 0.00 ops/sec, READ_MODIFY_WRITE throughput 707.91 ops/sec, total throughput 1462.81 ops/sec
Zipfian (epoch 88, progress 0.43%): UPDATE throughput 0.00 ops/sec, INSERT throughput 0.00 ops/sec, READ throughput 669.91 ops/sec, SCAN throughput 0.00 ops/sec, READ_MODIFY_WRITE throughput 623.91 ops/sec, total throughput 1293.82 ops/sec
Zipfian (epoch 89, progress 0.43%): UPDATE throughput 0.00 ops/sec, INSERT throughput 0.00 ops/sec, READ throughput 708.90 ops/sec, SCAN throughput 0.00 ops/sec, READ_MODIFY_WRITE throughput 639.91 ops/sec, total throughput 1348.82 ops/sec
Zipfian (epoch 90, progress 0.43%): UPDATE throughput 0.00 ops/sec, INSERT throughput 0.00 ops/sec, READ throughput 780.89 ops/sec, SCAN throughput 0.00 ops/sec, READ_MODIFY_WRITE throughput 773.89 ops/sec, total throughput 1554.78 ops/sec
Zipfian (epoch 91, progress 0.44%): UPDATE throughput 0.00 ops/sec, INSERT throughput 0.00 ops/sec, READ throughput 715.88 ops/sec, SCAN throughput 0.00 ops/sec, READ_MODIFY_WRITE throughput 717.88 ops/sec, total throughput 1433.77 ops/sec
Zipfian (epoch 92, progress 0.44%): UPDATE throughput 0.00 ops/sec, INSERT throughput 0.00 ops/sec, READ throughput 784.89 ops/sec, SCAN throughput 0.00 ops/sec, READ_MODIFY_WRITE throughput 819.89 ops/sec, total throughput 1604.78 ops/sec
Zipfian (epoch 93, progress 0.44%): UPDATE throughput 0.00 ops/sec, INSERT throughput 0.00 ops/sec, READ throughput 729.90 ops/sec, SCAN throughput 0.00 ops/sec, READ_MODIFY_WRITE throughput 719.90 ops/sec, total throughput 1449.80 ops/sec
Zipfian (epoch 94, progress 0.45%): UPDATE throughput 0.00 ops/sec, INSERT throughput 0.00 ops/sec, READ throughput 623.91 ops/sec, SCAN throughput 0.00 ops/sec, READ_MODIFY_WRITE throughput 666.91 ops/sec, total throughput 1290.82 ops/sec
Zipfian (epoch 95, progress 0.45%): UPDATE throughput 0.00 ops/sec, INSERT throughput 0.00 ops/sec, READ throughput 742.90 ops/sec, SCAN throughput 0.00 ops/sec, READ_MODIFY_WRITE throughput 721.90 ops/sec, total throughput 1464.80 ops/sec
Zipfian (epoch 96, progress 0.45%): UPDATE throughput 0.00 ops/sec, INSERT throughput 0.00 ops/sec, READ throughput 532.93 ops/sec, SCAN throughput 0.00 ops/sec, READ_MODIFY_WRITE throughput 566.92 ops/sec, total throughput 1099.85 ops/sec
Zipfian (epoch 97, progress 0.46%): UPDATE throughput 0.00 ops/sec, INSERT throughput 0.00 ops/sec, READ throughput 636.92 ops/sec, SCAN throughput 0.00 ops/sec, READ_MODIFY_WRITE throughput 606.92 ops/sec, total throughput 1243.83 ops/sec
Zipfian (epoch 98, progress 0.46%): UPDATE throughput 0.00 ops/sec, INSERT throughput 0.00 ops/sec, READ throughput 645.91 ops/sec, SCAN throughput 0.00 ops/sec, READ_MODIFY_WRITE throughput 647.91 ops/sec, total throughput 1293.82 ops/sec
Zipfian (epoch 99, progress 0.46%): UPDATE throughput 0.00 ops/sec, INSERT throughput 0.00 ops/sec, READ throughput 654.91 ops/sec, SCAN throughput 0.00 ops/sec, READ_MODIFY_WRITE throughput 644.91 ops/sec, total throughput 1299.83 ops/sec
Zipfian (epoch 100, progress 0.47%): UPDATE throughput 0.00 ops/sec, INSERT throughput 0.00 ops/sec, READ throughput 630.94 ops/sec, SCAN throughput 0.00 ops/sec, READ_MODIFY_WRITE throughput 608.94 ops/sec, total throughput 1239.88 ops/sec
Zipfian (epoch 101, progress 0.47%): UPDATE throughput 0.00 ops/sec, INSERT throughput 0.00 ops/sec, READ throughput 668.91 ops/sec, SCAN throughput 0.00 ops/sec, READ_MODIFY_WRITE throughput 687.91 ops/sec, total throughput 1356.81 ops/sec
Zipfian (epoch 102, progress 0.47%): UPDATE throughput 0.00 ops/sec, INSERT throughput 0.00 ops/sec, READ throughput 604.92 ops/sec, SCAN throughput 0.00 ops/sec, READ_MODIFY_WRITE throughput 588.92 ops/sec, total throughput 1193.84 ops/sec
Zipfian (epoch 103, progress 0.48%): UPDATE throughput 0.00 ops/sec, INSERT throughput 0.00 ops/sec, READ throughput 623.91 ops/sec, SCAN throughput 0.00 ops/sec, READ_MODIFY_WRITE throughput 648.91 ops/sec, total throughput 1272.83 ops/sec
Zipfian (epoch 104, progress 0.48%): UPDATE throughput 0.00 ops/sec, INSERT throughput 0.00 ops/sec, READ throughput 0.00 ops/sec, SCAN throughput 0.00 ops/sec, READ_MODIFY_WRITE throughput 0.00 ops/sec, total throughput 0.00 ops/sec
Zipfian (epoch 105, progress 0.48%): UPDATE throughput 0.00 ops/sec, INSERT throughput 0.00 ops/sec, READ throughput 0.00 ops/sec, SCAN throughput 0.00 ops/sec, READ_MODIFY_WRITE throughput 0.00 ops/sec, total throughput 0.00 ops/sec
Zipfian (epoch 106, progress 0.48%): UPDATE throughput 0.00 ops/sec, INSERT throughput 0.00 ops/sec, READ throughput 359.95 ops/sec, SCAN throughput 0.00 ops/sec, READ_MODIFY_WRITE throughput 317.96 ops/sec, total throughput 677.91 ops/sec
Zipfian (epoch 107, progress 0.48%): UPDATE throughput 0.00 ops/sec, INSERT throughput 0.00 ops/sec, READ throughput 700.91 ops/sec, SCAN throughput 0.00 ops/sec, READ_MODIFY_WRITE throughput 711.90 ops/sec, total throughput 1412.81 ops/sec
Zipfian (epoch 108, progress 0.48%): UPDATE throughput 0.00 ops/sec, INSERT throughput 0.00 ops/sec, READ throughput 705.90 ops/sec, SCAN throughput 0.00 ops/sec, READ_MODIFY_WRITE throughput 687.91 ops/sec, total throughput 1393.81 ops/sec
Zipfian (epoch 109, progress 0.49%): UPDATE throughput 0.00 ops/sec, INSERT throughput 0.00 ops/sec, READ throughput 641.93 ops/sec, SCAN throughput 0.00 ops/sec, READ_MODIFY_WRITE throughput 622.94 ops/sec, total throughput 1264.87 ops/sec
Zipfian (epoch 110, progress 0.49%): UPDATE throughput 0.00 ops/sec, INSERT throughput 0.00 ops/sec, READ throughput 686.91 ops/sec, SCAN throughput 0.00 ops/sec, READ_MODIFY_WRITE throughput 705.91 ops/sec, total throughput 1392.82 ops/sec
Zipfian (epoch 111, progress 0.49%): UPDATE throughput 0.00 ops/sec, INSERT throughput 0.00 ops/sec, READ throughput 642.91 ops/sec, SCAN throughput 0.00 ops/sec, READ_MODIFY_WRITE throughput 611.92 ops/sec, total throughput 1254.83 ops/sec
Zipfian (epoch 112, progress 0.50%): UPDATE throughput 0.00 ops/sec, INSERT throughput 0.00 ops/sec, READ throughput 725.90 ops/sec, SCAN throughput 0.00 ops/sec, READ_MODIFY_WRITE throughput 744.90 ops/sec, total throughput 1470.80 ops/sec
Zipfian (epoch 113, progress 0.50%): UPDATE throughput 0.00 ops/sec, INSERT throughput 0.00 ops/sec, READ throughput 682.93 ops/sec, SCAN throughput 0.00 ops/sec, READ_MODIFY_WRITE throughput 707.93 ops/sec, total throughput 1390.86 ops/sec
Zipfian (epoch 114, progress 0.50%): UPDATE throughput 0.00 ops/sec, INSERT throughput 0.00 ops/sec, READ throughput 673.93 ops/sec, SCAN throughput 0.00 ops/sec, READ_MODIFY_WRITE throughput 695.93 ops/sec, total throughput 1369.86 ops/sec
Zipfian (epoch 115, progress 0.51%): UPDATE throughput 0.00 ops/sec, INSERT throughput 0.00 ops/sec, READ throughput 955.90 ops/sec, SCAN throughput 0.00 ops/sec, READ_MODIFY_WRITE throughput 960.90 ops/sec, total throughput 1916.80 ops/sec
Zipfian (epoch 116, progress 0.51%): UPDATE throughput 0.00 ops/sec, INSERT throughput 0.00 ops/sec, READ throughput 829.92 ops/sec, SCAN throughput 0.00 ops/sec, READ_MODIFY_WRITE throughput 820.92 ops/sec, total throughput 1650.83 ops/sec
Zipfian (epoch 117, progress 0.52%): UPDATE throughput 0.00 ops/sec, INSERT throughput 0.00 ops/sec, READ throughput 704.93 ops/sec, SCAN throughput 0.00 ops/sec, READ_MODIFY_WRITE throughput 761.92 ops/sec, total throughput 1466.85 ops/sec
Zipfian (epoch 118, progress 0.52%): UPDATE throughput 0.00 ops/sec, INSERT throughput 0.00 ops/sec, READ throughput 508.93 ops/sec, SCAN throughput 0.00 ops/sec, READ_MODIFY_WRITE throughput 473.93 ops/sec, total throughput 982.86 ops/sec
Zipfian (epoch 119, progress 0.52%): UPDATE throughput 0.00 ops/sec, INSERT throughput 0.00 ops/sec, READ throughput 368.95 ops/sec, SCAN throughput 0.00 ops/sec, READ_MODIFY_WRITE throughput 341.95 ops/sec, total throughput 710.90 ops/sec
Zipfian (epoch 120, progress 0.52%): UPDATE throughput 0.00 ops/sec, INSERT throughput 0.00 ops/sec, READ throughput 451.93 ops/sec, SCAN throughput 0.00 ops/sec, READ_MODIFY_WRITE throughput 457.93 ops/sec, total throughput 909.87 ops/sec
time's up!
Zipfian: calculating overall performance metrics... (might take a while)
Zipfian overall: UPDATE throughput 0.00 ops/sec, INSERT throughput 0.00 ops/sec, READ throughput 875.03 ops/sec, SCAN throughput 0.00 ops/sec, READ_MODIFY_WRITE throughput 871.45 ops/sec, total throughput 1746.48 ops/sec
Zipfian overall: UPDATE average latency 0.00 ns, UPDATE p99 latency 0.00 ns, INSERT average latency 0.00 ns, INSERT p99 latency 0.00 ns, READ average latency 2751692.08 ns, READ p99 latency 42570352.16 ns, SCAN average latency 0.00 ns, SCAN p99 latency 0.00 ns, READ_MODIFY_WRITE average latency 1796334.23 ns, READ_MODIFY_WRITE p99 latency 29027405.56 ns

total_throughput 3166.46
read_p99_ns 42729960.46
wan_reader_throughput 1419.98
wan_writer_throughput 1746.48
