2026-03-15 21:00:43,583 INFO Waiting for evaluation lock /tmp/cache_ext_evaluate.lock ...
2026-03-15 21:00:43,583 INFO Acquired evaluation lock.
2026-03-15 21:00:43,583 INFO === Step 0: Drop page cache ===
2026-03-15 21:00:43,583 INFO Database already exists at /mydata/leveldb_temp (CURRENT file found), skipping rsync
2026-03-15 21:00:43,583 INFO CMD: sudo sync
2026-03-15 21:00:43,736 INFO CMD: sudo sh -c echo 3 > /proc/sys/vm/drop_caches
2026-03-15 21:00:43,973 INFO Page cache dropped.
2026-03-15 21:00:43,973 INFO === Step 1: Compile evolved policy ===
2026-03-15 21:00:44,151 INFO CMD: sudo chown -R root: /mydata/cache_ext/eviction_evo/build
2026-03-15 21:00:44,802 INFO CMD: clang-14 -O2 -target bpf -D__TARGET_ARCH_x86 -c -g -Wall -idirafter /usr/lib/llvm-14/lib/clang/14.0.0/include -idirafter /usr/local/include -idirafter /usr/include/x86_64-linux-gnu -idirafter /usr/include /mydata/cache_ext/eviction_evo/build/cache_ext_evolved.bpf.c -o /mydata/cache_ext/eviction_evo/build/cache_ext_evolved.bpf.o
2026-03-15 21:00:47,825 INFO CMD: /usr/local/sbin/bpftool gen skeleton /mydata/cache_ext/eviction_evo/build/cache_ext_evolved.bpf.o name cache_ext_evolved_bpf
2026-03-15 21:00:48,010 INFO CMD: clang-14 -O2 -g -Wall -I/mydata/cache_ext/eviction_evo/build -I/mydata/cache_ext/policies /mydata/cache_ext/eviction_evo/cache_ext_evolved.c -o /mydata/cache_ext/eviction_evo/build/cache_ext_evolved.out -L/usr/local/lib64 -lbpf
2026-03-15 21:00:49,178 INFO Compilation successful: /mydata/cache_ext/eviction_evo/build/cache_ext_evolved.out
2026-03-15 21:00:49,178 INFO === Step 2: Disable MGLRU ===
2026-03-15 21:00:49,178 INFO MGLRU current state: 0x0007 — disabling
2026-03-15 21:00:49,179 INFO CMD: sudo sh -c echo 0 > /sys/kernel/mm/lru_gen/enabled
2026-03-15 21:00:49,254 INFO MGLRU disabled.
2026-03-15 21:00:49,254 INFO === Step 3: Create cgroup ===
2026-03-15 21:00:49,254 INFO CMD: sudo cgdelete memory:cache_ext_test
2026-03-15 21:00:49,281 INFO CMD: sudo cgcreate -g memory:cache_ext_test
2026-03-15 21:00:49,384 INFO CMD: sudo sh -c echo 536870912 > /sys/fs/cgroup/cache_ext_test/memory.max
2026-03-15 21:00:49,399 INFO Created cgroup cache_ext_test with limit 536870912 bytes
2026-03-15 21:00:49,399 INFO === Step 4: Load BPF policy ===
2026-03-15 21:00:49,399 INFO Loading policy: sudo /mydata/cache_ext/eviction_evo/build/cache_ext_evolved.out --watch_dir /mydata/leveldb_temp --cgroup_path /sys/fs/cgroup/cache_ext_test
2026-03-15 21:00:59,410 INFO Policy loaded (PID 151944)
2026-03-15 21:00:59,411 INFO === Step 5: Start server ===
2026-03-15 21:00:59,411 INFO Starting server: sudo cgexec -g memory:cache_ext_test /mydata/cache_ext/net_leveldb_server 9100 /mydata/leveldb_temp
2026-03-15 21:00:59,412 INFO Waiting for server on port 9100 ...
2026-03-15 21:01:00,487 INFO Server ready (PID 152036) on port 9100
2026-03-15 21:01:00,488 INFO === Step 6: Run 2 trace benchmarks ===
2026-03-15 21:01:00,488 INFO --- Trace 1/2: dual_small_vs_large ---
2026-03-15 21:01:01,279 INFO Starting remote client reader_fast on krisub@node1: ssh -o StrictHostKeyChecking=no -o BatchMode=yes -i /users/krisub/.ssh/id_ed25519 krisub@node1 sh -lc 'if command -v cgexec >/dev/null 2>&1; then cgexec -g memory:cache_ext_remote_clients /mydata/cache_ext/My-YCSB/build/run_net_leveldb /tmp/dual_reader_fast_1uwh8rm4.yaml && exit 0; fi; exec /mydata/cache_ext/My-YCSB/build/run_net_leveldb /tmp/dual_reader_fast_1uwh8rm4.yaml'
2026-03-15 21:01:01,534 INFO Starting remote client writer_slow on krisub@node1: ssh -o StrictHostKeyChecking=no -o BatchMode=yes -i /users/krisub/.ssh/id_ed25519 krisub@node1 sh -lc 'if command -v cgexec >/dev/null 2>&1; then cgexec -g memory:cache_ext_remote_clients /mydata/cache_ext/My-YCSB/build/run_net_leveldb /tmp/dual_writer_slow_qrxvlzfm.yaml && exit 0; fi; exec /mydata/cache_ext/My-YCSB/build/run_net_leveldb /tmp/dual_writer_slow_qrxvlzfm.yaml'
2026-03-15 21:03:59,606 INFO Client reader_fast: throughput=922.78
2026-03-15 21:04:02,942 INFO Client writer_slow: throughput=442.61
2026-03-15 21:04:02,942 INFO Dual-client combined throughput: 1365.39 ops/sec
2026-03-15 21:04:03,415 INFO Trace dual_small_vs_large: throughput=1365.39 ops/sec
2026-03-15 21:04:03,415 INFO --- Trace 2/2: dual_congested ---
2026-03-15 21:04:03,415 INFO CMD: sudo sync
2026-03-15 21:04:03,554 INFO CMD: sudo sh -c echo 3 > /proc/sys/vm/drop_caches
2026-03-15 21:04:04,090 INFO Page cache dropped.
2026-03-15 21:04:06,827 INFO Starting remote client wan_reader on krisub@node1: ssh -o StrictHostKeyChecking=no -o BatchMode=yes -i /users/krisub/.ssh/id_ed25519 krisub@node1 sh -lc 'if command -v cgexec >/dev/null 2>&1; then cgexec -g memory:cache_ext_remote_clients /mydata/cache_ext/My-YCSB/build/run_net_leveldb /tmp/dual_wan_reader_r8yqrtvv.yaml && exit 0; fi; exec /mydata/cache_ext/My-YCSB/build/run_net_leveldb /tmp/dual_wan_reader_r8yqrtvv.yaml'
2026-03-15 21:04:07,075 INFO Starting remote client wan_writer on krisub@node1: ssh -o StrictHostKeyChecking=no -o BatchMode=yes -i /users/krisub/.ssh/id_ed25519 krisub@node1 sh -lc 'if command -v cgexec >/dev/null 2>&1; then cgexec -g memory:cache_ext_remote_clients /mydata/cache_ext/My-YCSB/build/run_net_leveldb /tmp/dual_wan_writer_25hsnspa.yaml && exit 0; fi; exec /mydata/cache_ext/My-YCSB/build/run_net_leveldb /tmp/dual_wan_writer_25hsnspa.yaml'
2026-03-15 21:07:05,196 INFO Client wan_reader: throughput=1099.91
2026-03-15 21:07:05,198 INFO Client wan_writer: throughput=1257.84
2026-03-15 21:07:05,198 INFO Dual-client combined throughput: 2357.75 ops/sec
2026-03-15 21:07:05,666 INFO Trace dual_congested: throughput=2357.75 ops/sec
2026-03-15 21:07:05,684 INFO === Evaluation complete ===
2026-03-15 21:07:05,684 INFO Combined score (harmonic mean): 1729.32  (2/2 traces passed)
2026-03-15 21:07:05,684 INFO   dual_small_vs_large: 1365.39 ops/sec
2026-03-15 21:07:05,684 INFO   dual_congested: 2357.75 ops/sec
2026-03-15 21:07:05,684 INFO Stopping net_leveldb_server (PID 152036)
2026-03-15 21:07:05,684 INFO CMD: sudo kill 152036
2026-03-15 21:07:05,849 INFO Unloading BPF policy (PID 151944)
2026-03-15 21:07:05,849 INFO CMD: sudo kill -2 151944
2026-03-15 21:07:06,182 INFO CMD: sudo rm -f /sys/fs/bpf/cache_ext/scan_pids
2026-03-15 21:07:06,207 INFO CMD: sudo cgdelete memory:cache_ext_test
2026-03-15 21:07:06,236 INFO CMD: sudo sh -c echo 0x0007 > /sys/kernel/mm/lru_gen/enabled
2026-03-15 21:07:06,334 INFO MGLRU re-enabled (restored to 0x0007).
