2026-03-09 16:11:57,311 INFO Waiting for evaluation lock /tmp/cache_ext_evaluate.lock ...
2026-03-09 16:11:57,312 INFO Acquired evaluation lock.
2026-03-09 16:11:57,312 INFO === Step 0: Drop page cache ===
2026-03-09 16:11:57,335 INFO Database already exists at /mydata/leveldb_temp (CURRENT file found), skipping rsync
2026-03-09 16:11:57,335 INFO CMD: sudo sync
2026-03-09 16:11:57,423 INFO CMD: sudo sh -c echo 3 > /proc/sys/vm/drop_caches
2026-03-09 16:11:57,518 INFO Page cache dropped.
2026-03-09 16:11:57,518 INFO === Step 1: Compile evolved policy ===
2026-03-09 16:11:57,533 INFO CMD: sudo chown -R root: /mydata/cache_ext/eviction_evo/build
2026-03-09 16:11:57,913 INFO CMD: clang-14 -O2 -target bpf -D__TARGET_ARCH_x86 -c -g -Wall -idirafter /usr/lib/llvm-14/lib/clang/14.0.0/include -idirafter /usr/local/include -idirafter /usr/include/x86_64-linux-gnu -idirafter /usr/include /mydata/cache_ext/eviction_evo/build/cache_ext_evolved.bpf.c -o /mydata/cache_ext/eviction_evo/build/cache_ext_evolved.bpf.o
2026-03-09 16:12:01,063 INFO CMD: /usr/local/sbin/bpftool gen skeleton /mydata/cache_ext/eviction_evo/build/cache_ext_evolved.bpf.o name cache_ext_evolved_bpf
2026-03-09 16:12:01,257 INFO CMD: clang-14 -O2 -g -Wall -I/mydata/cache_ext/eviction_evo/build -I/mydata/cache_ext/policies /mydata/cache_ext/eviction_evo/cache_ext_evolved.c -o /mydata/cache_ext/eviction_evo/build/cache_ext_evolved.out -L/usr/local/lib64 -lbpf
2026-03-09 16:12:02,216 INFO Compilation successful: /mydata/cache_ext/eviction_evo/build/cache_ext_evolved.out
2026-03-09 16:12:02,216 INFO === Step 2: Disable MGLRU ===
2026-03-09 16:12:02,216 INFO MGLRU current state: 0x0000 — disabling
2026-03-09 16:12:02,216 INFO CMD: sudo sh -c echo 0 > /sys/kernel/mm/lru_gen/enabled
2026-03-09 16:12:02,235 INFO MGLRU disabled.
2026-03-09 16:12:02,235 INFO === Step 3: Create cgroup ===
2026-03-09 16:12:02,235 INFO CMD: sudo cgdelete memory:cache_ext_test
2026-03-09 16:12:02,274 INFO CMD: sudo cgcreate -g memory:cache_ext_test
2026-03-09 16:12:02,389 INFO CMD: sudo sh -c echo 536870912 > /sys/fs/cgroup/cache_ext_test/memory.max
2026-03-09 16:12:02,405 INFO Created cgroup cache_ext_test with limit 536870912 bytes
2026-03-09 16:12:02,405 INFO === Step 4: Load BPF policy ===
2026-03-09 16:12:02,405 INFO Loading policy: sudo /mydata/cache_ext/eviction_evo/build/cache_ext_evolved.out --watch_dir /mydata/leveldb_temp --cgroup_path /sys/fs/cgroup/cache_ext_test
2026-03-09 16:12:12,416 INFO Policy loaded (PID 210731)
2026-03-09 16:12:12,416 INFO === Step 5: Start server ===
2026-03-09 16:12:12,416 INFO Starting server: sudo cgexec -g memory:cache_ext_test /mydata/cache_ext/net_leveldb_server 9100 /mydata/leveldb_temp
2026-03-09 16:12:12,418 INFO Waiting for server on port 9100 ...
2026-03-09 16:12:13,503 INFO Server ready (PID 210738) on port 9100
2026-03-09 16:12:13,503 INFO === Step 6: Run 8 trace benchmarks ===
2026-03-09 16:12:13,503 INFO --- Trace 1/8: ycsb_a ---
2026-03-09 16:12:13,524 INFO Running benchmark: /mydata/cache_ext/My-YCSB/build/run_net_leveldb /mydata/cache_ext/eviction_evo/traces/ycsb_a.yaml
2026-03-09 16:12:13,850 INFO CMD: /mydata/cache_ext/My-YCSB/build/run_net_leveldb /mydata/cache_ext/eviction_evo/traces/ycsb_a.yaml
2026-03-09 16:15:10,873 INFO Benchmark stdout:
ZipfianWorkload: start initializing zipfian variables, might take a while
Zipfian (Warm-Up) (epoch 0, progress 0.00%): UPDATE throughput 0.00 ops/sec, INSERT throughput 0.00 ops/sec, READ throughput 0.00 ops/sec, SCAN throughput 0.00 ops/sec, READ_MODIFY_WRITE throughput 0.00 ops/sec, total throughput 0.00 ops/sec
Zipfian (Warm-Up) (epoch 1, progress 0.00%): UPDATE throughput 152.99 ops/sec, INSERT throughput 0.00 ops/sec, READ throughput 124.99 ops/sec, SCAN throughput 0.00 ops/sec, READ_MODIFY_WRITE throughput 0.00 ops/sec, total throughput 277.97 ops/sec
Zipfian (Warm-Up) (epoch 2, progress 0.00%): UPDATE throughput 164.97 ops/sec, INSERT throughput 0.00 ops/sec, READ throughput 153.98 ops/sec, SCAN throughput 0.00 ops/sec, READ_MODIFY_WRITE throughput 0.00 ops/sec, total throughput 318.95 ops/sec
Zipfian (Warm-Up) (epoch 3, progress 0.00%): UPDATE throughput 154.98 ops/sec, INSERT throughput 0.00 ops/sec, READ throughput 171.98 ops/sec, SCAN throughput 0.00 ops/sec, READ_MODIFY_WRITE throughput 0.00 ops/sec, total throughput 326.95 ops/sec
Zipfian (Warm-Up) (epoch 4, progress 0.00%): UPDATE throughput 211.97 ops/sec, INSERT throughput 0.00 ops/sec, READ throughput 206.97 ops/sec, SCAN throughput 0.00 ops/sec, READ_MODIFY_WRITE throughput 0.00 ops/sec, total throughput 418.94 ops/sec
Zipfian (Warm-Up) (epoch 5, progress 0.00%): UPDATE throughput 123.98 ops/sec, INSERT throughput 0.00 ops/sec, READ throughput 133.98 ops/sec, SCAN throughput 0.00 ops/sec, READ_MODIFY_WRITE throughput 0.00 ops/sec, total throughput 257.97 ops/sec
Zipfian (Warm-Up) (epoch 6, progress 0.00%): UPDATE throughput 101.99 ops/sec, INSERT throughput 0.00 ops/sec, READ throughput 104.98 ops/sec, SCAN throughput 0.00 ops/sec, READ_MODIFY_WRITE throughput 0.00 ops/sec, total throughput 206.97 ops/sec
Zipfian (Warm-Up) (epoch 7, progress 0.00%): UPDATE throughput 18.00 ops/sec, INSERT throughput 0.00 ops/sec, READ throughput 22.00 ops/sec, SCAN throughput 0.00 ops/sec, READ_MODIFY_WRITE through
2026-03-09 16:15:10,875 INFO Trace ycsb_a: throughput=607.39 ops/sec
2026-03-09 16:15:10,875 INFO --- Trace 2/8: ycsb_b ---
2026-03-09 16:15:10,875 INFO CMD: sudo sync
2026-03-09 16:15:11,163 INFO CMD: sudo sh -c echo 3 > /proc/sys/vm/drop_caches
2026-03-09 16:15:11,982 INFO Page cache dropped.
2026-03-09 16:15:14,003 INFO Running benchmark: /mydata/cache_ext/My-YCSB/build/run_net_leveldb /mydata/cache_ext/eviction_evo/traces/ycsb_b.yaml
2026-03-09 16:15:14,018 INFO CMD: /mydata/cache_ext/My-YCSB/build/run_net_leveldb /mydata/cache_ext/eviction_evo/traces/ycsb_b.yaml
2026-03-09 16:18:10,936 INFO Benchmark stdout:
ZipfianWorkload: start initializing zipfian variables, might take a while
Zipfian (Warm-Up) (epoch 0, progress 0.00%): UPDATE throughput 0.00 ops/sec, INSERT throughput 0.00 ops/sec, READ throughput 0.00 ops/sec, SCAN throughput 0.00 ops/sec, READ_MODIFY_WRITE throughput 0.00 ops/sec, total throughput 0.00 ops/sec
Zipfian (Warm-Up) (epoch 1, progress 0.00%): UPDATE throughput 4.00 ops/sec, INSERT throughput 0.00 ops/sec, READ throughput 90.99 ops/sec, SCAN throughput 0.00 ops/sec, READ_MODIFY_WRITE throughput 0.00 ops/sec, total throughput 94.99 ops/sec
Zipfian (Warm-Up) (epoch 2, progress 0.00%): UPDATE throughput 12.00 ops/sec, INSERT throughput 0.00 ops/sec, READ throughput 171.98 ops/sec, SCAN throughput 0.00 ops/sec, READ_MODIFY_WRITE throughput 0.00 ops/sec, total throughput 183.97 ops/sec
Zipfian (Warm-Up) (epoch 3, progress 0.00%): UPDATE throughput 7.00 ops/sec, INSERT throughput 0.00 ops/sec, READ throughput 165.98 ops/sec, SCAN throughput 0.00 ops/sec, READ_MODIFY_WRITE throughput 0.00 ops/sec, total throughput 172.98 ops/sec
Zipfian (Warm-Up) (epoch 4, progress 0.00%): UPDATE throughput 6.00 ops/sec, INSERT throughput 0.00 ops/sec, READ throughput 184.98 ops/sec, SCAN throughput 0.00 ops/sec, READ_MODIFY_WRITE throughput 0.00 ops/sec, total throughput 190.97 ops/sec
Zipfian (Warm-Up) (epoch 5, progress 0.00%): UPDATE throughput 7.00 ops/sec, INSERT throughput 0.00 ops/sec, READ throughput 219.97 ops/sec, SCAN throughput 0.00 ops/sec, READ_MODIFY_WRITE throughput 0.00 ops/sec, total throughput 226.97 ops/sec
Zipfian (Warm-Up) (epoch 6, progress 0.00%): UPDATE throughput 6.00 ops/sec, INSERT throughput 0.00 ops/sec, READ throughput 182.98 ops/sec, SCAN throughput 0.00 ops/sec, READ_MODIFY_WRITE throughput 0.00 ops/sec, total throughput 188.98 ops/sec
Zipfian (Warm-Up) (epoch 7, progress 0.00%): UPDATE throughput 20.00 ops/sec, INSERT throughput 0.00 ops/sec, READ throughput 204.97 ops/sec, SCAN throughput 0.00 ops/sec, READ_MODIFY_WRITE throughput 0.00 ops
2026-03-09 16:18:10,937 INFO Trace ycsb_b: throughput=332.45 ops/sec
2026-03-09 16:18:10,937 INFO --- Trace 3/8: ycsb_c ---
2026-03-09 16:18:10,937 INFO CMD: sudo sync
2026-03-09 16:18:11,173 INFO CMD: sudo sh -c echo 3 > /proc/sys/vm/drop_caches
2026-03-09 16:18:11,755 INFO Page cache dropped.
2026-03-09 16:18:13,764 INFO Running benchmark: /mydata/cache_ext/My-YCSB/build/run_net_leveldb /mydata/cache_ext/eviction_evo/traces/ycsb_c.yaml
2026-03-09 16:18:13,780 INFO CMD: /mydata/cache_ext/My-YCSB/build/run_net_leveldb /mydata/cache_ext/eviction_evo/traces/ycsb_c.yaml
2026-03-09 16:21:10,961 INFO Benchmark stdout:
ZipfianWorkload: start initializing zipfian variables, might take a while
Zipfian (Warm-Up) (epoch 0, progress 0.00%): UPDATE throughput 0.00 ops/sec, INSERT throughput 0.00 ops/sec, READ throughput 0.00 ops/sec, SCAN throughput 0.00 ops/sec, READ_MODIFY_WRITE throughput 0.00 ops/sec, total throughput 0.00 ops/sec
Zipfian (Warm-Up) (epoch 1, progress 0.00%): UPDATE throughput 0.00 ops/sec, INSERT throughput 0.00 ops/sec, READ throughput 116.99 ops/sec, SCAN throughput 0.00 ops/sec, READ_MODIFY_WRITE throughput 0.00 ops/sec, total throughput 116.99 ops/sec
Zipfian (Warm-Up) (epoch 2, progress 0.00%): UPDATE throughput 0.00 ops/sec, INSERT throughput 0.00 ops/sec, READ throughput 127.98 ops/sec, SCAN throughput 0.00 ops/sec, READ_MODIFY_WRITE throughput 0.00 ops/sec, total throughput 127.98 ops/sec
Zipfian (Warm-Up) (epoch 3, progress 0.00%): UPDATE throughput 0.00 ops/sec, INSERT throughput 0.00 ops/sec, READ throughput 112.98 ops/sec, SCAN throughput 0.00 ops/sec, READ_MODIFY_WRITE throughput 0.00 ops/sec, total throughput 112.98 ops/sec
Zipfian (Warm-Up) (epoch 4, progress 0.00%): UPDATE throughput 0.00 ops/sec, INSERT throughput 0.00 ops/sec, READ throughput 103.99 ops/sec, SCAN throughput 0.00 ops/sec, READ_MODIFY_WRITE throughput 0.00 ops/sec, total throughput 103.99 ops/sec
Zipfian (Warm-Up) (epoch 5, progress 0.00%): UPDATE throughput 0.00 ops/sec, INSERT throughput 0.00 ops/sec, READ throughput 160.98 ops/sec, SCAN throughput 0.00 ops/sec, READ_MODIFY_WRITE throughput 0.00 ops/sec, total throughput 160.98 ops/sec
Zipfian (Warm-Up) (epoch 6, progress 0.00%): UPDATE throughput 0.00 ops/sec, INSERT throughput 0.00 ops/sec, READ throughput 72.99 ops/sec, SCAN throughput 0.00 ops/sec, READ_MODIFY_WRITE throughput 0.00 ops/sec, total throughput 72.99 ops/sec
Zipfian (Warm-Up) (epoch 7, progress 0.00%): UPDATE throughput 0.00 ops/sec, INSERT throughput 0.00 ops/sec, READ throughput 7.00 ops/sec, SCAN throughput 0.00 ops/sec, READ_MODIFY_WRITE throughput 0.00 ops/sec
2026-03-09 16:21:10,961 INFO Trace ycsb_c: throughput=312.08 ops/sec
2026-03-09 16:21:10,962 INFO --- Trace 4/8: ycsb_d ---
2026-03-09 16:21:10,962 INFO CMD: sudo sync
2026-03-09 16:21:11,448 INFO CMD: sudo sh -c echo 3 > /proc/sys/vm/drop_caches
2026-03-09 16:21:12,185 INFO Page cache dropped.
2026-03-09 16:21:14,206 INFO Running benchmark: /mydata/cache_ext/My-YCSB/build/run_net_leveldb /mydata/cache_ext/eviction_evo/traces/ycsb_d.yaml
2026-03-09 16:21:14,222 INFO CMD: /mydata/cache_ext/My-YCSB/build/run_net_leveldb /mydata/cache_ext/eviction_evo/traces/ycsb_d.yaml
2026-03-09 16:24:11,684 INFO Benchmark stdout:
LatestWorkload: start initializing zipfian variables, might take a while
Latest (Warm-Up) (epoch 0, progress 0.00%): UPDATE throughput 0.00 ops/sec, INSERT throughput 0.00 ops/sec, READ throughput 0.00 ops/sec, SCAN throughput 0.00 ops/sec, READ_MODIFY_WRITE throughput 0.00 ops/sec, total throughput 0.00 ops/sec
Latest (Warm-Up) (epoch 1, progress 0.22%): UPDATE throughput 0.00 ops/sec, INSERT throughput 9013.59 ops/sec, READ throughput 170627.15 ops/sec, SCAN throughput 0.00 ops/sec, READ_MODIFY_WRITE throughput 0.00 ops/sec, total throughput 179640.74 ops/sec
Latest (Warm-Up) (epoch 2, progress 0.50%): UPDATE throughput 0.00 ops/sec, INSERT throughput 11367.02 ops/sec, READ throughput 212734.70 ops/sec, SCAN throughput 0.00 ops/sec, READ_MODIFY_WRITE throughput 0.00 ops/sec, total throughput 224101.73 ops/sec
Latest (Warm-Up) (epoch 3, progress 0.71%): UPDATE throughput 0.00 ops/sec, INSERT throughput 8358.21 ops/sec, READ throughput 155381.39 ops/sec, SCAN throughput 0.00 ops/sec, READ_MODIFY_WRITE throughput 0.00 ops/sec, total throughput 163739.61 ops/sec
Latest (Warm-Up) (epoch 4, progress 0.95%): UPDATE throughput 0.00 ops/sec, INSERT throughput 9494.15 ops/sec, READ throughput 180477.76 ops/sec, SCAN throughput 0.00 ops/sec, READ_MODIFY_WRITE throughput 0.00 ops/sec, total throughput 189971.90 ops/sec
Latest (Warm-Up) (epoch 5, progress 1.12%): UPDATE throughput 0.00 ops/sec, INSERT throughput 6837.32 ops/sec, READ throughput 129623.04 ops/sec, SCAN throughput 0.00 ops/sec, READ_MODIFY_WRITE throughput 0.00 ops/sec, total throughput 136460.35 ops/sec
Latest (Warm-Up) (epoch 6, progress 1.35%): UPDATE throughput 0.00 ops/sec, INSERT throughput 9203.89 ops/sec, READ throughput 174020.94 ops/sec, SCAN throughput 0.00 ops/sec, READ_MODIFY_WRITE throughput 0.00 ops/sec, total throughput 183224.83 ops/sec
Latest (Warm-Up) (epoch 7, progress 1.52%): UPDATE throughput 0.00 ops/sec, INSERT throughput 6992.06 ops/sec, READ throughput 130798.47 ops/sec, SCAN throughput
2026-03-09 16:24:11,685 INFO Trace ycsb_d: throughput=144890.34 ops/sec
2026-03-09 16:24:11,685 INFO --- Trace 5/8: ycsb_e ---
2026-03-09 16:24:11,685 INFO CMD: sudo sync
2026-03-09 16:24:11,970 INFO CMD: sudo sh -c echo 3 > /proc/sys/vm/drop_caches
2026-03-09 16:24:12,398 INFO Page cache dropped.
2026-03-09 16:24:14,407 INFO Running benchmark: /mydata/cache_ext/My-YCSB/build/run_net_leveldb /mydata/cache_ext/eviction_evo/traces/ycsb_e.yaml
2026-03-09 16:24:14,427 INFO CMD: /mydata/cache_ext/My-YCSB/build/run_net_leveldb /mydata/cache_ext/eviction_evo/traces/ycsb_e.yaml
2026-03-09 16:27:23,683 INFO Benchmark stdout:
ZipfianWorkload: start initializing zipfian variables, might take a while
Zipfian (Warm-Up) (epoch 0, progress 0.00%): UPDATE throughput 0.00 ops/sec, INSERT throughput 0.00 ops/sec, READ throughput 0.00 ops/sec, SCAN throughput 0.00 ops/sec, READ_MODIFY_WRITE throughput 0.00 ops/sec, total throughput 0.00 ops/sec
Zipfian (Warm-Up) (epoch 1, progress 0.00%): UPDATE throughput 0.00 ops/sec, INSERT throughput 2.00 ops/sec, READ throughput 0.00 ops/sec, SCAN throughput 46.00 ops/sec, READ_MODIFY_WRITE throughput 0.00 ops/sec, total throughput 48.00 ops/sec
Zipfian (Warm-Up) (epoch 2, progress 0.00%): UPDATE throughput 0.00 ops/sec, INSERT throughput 3.00 ops/sec, READ throughput 0.00 ops/sec, SCAN throughput 63.99 ops/sec, READ_MODIFY_WRITE throughput 0.00 ops/sec, total throughput 66.99 ops/sec
Zipfian (Warm-Up) (epoch 3, progress 0.00%): UPDATE throughput 0.00 ops/sec, INSERT throughput 2.00 ops/sec, READ throughput 0.00 ops/sec, SCAN throughput 68.99 ops/sec, READ_MODIFY_WRITE throughput 0.00 ops/sec, total throughput 70.99 ops/sec
Zipfian (Warm-Up) (epoch 4, progress 0.00%): UPDATE throughput 0.00 ops/sec, INSERT throughput 5.00 ops/sec, READ throughput 0.00 ops/sec, SCAN throughput 62.99 ops/sec, READ_MODIFY_WRITE throughput 0.00 ops/sec, total throughput 67.99 ops/sec
Zipfian (Warm-Up) (epoch 5, progress 0.00%): UPDATE throughput 0.00 ops/sec, INSERT throughput 4.00 ops/sec, READ throughput 0.00 ops/sec, SCAN throughput 68.99 ops/sec, READ_MODIFY_WRITE throughput 0.00 ops/sec, total throughput 72.99 ops/sec
Zipfian (Warm-Up) (epoch 6, progress 0.00%): UPDATE throughput 0.00 ops/sec, INSERT throughput 3.00 ops/sec, READ throughput 0.00 ops/sec, SCAN throughput 67.99 ops/sec, READ_MODIFY_WRITE throughput 0.00 ops/sec, total throughput 70.99 ops/sec
Zipfian (Warm-Up) (epoch 7, progress 0.00%): UPDATE throughput 0.00 ops/sec, INSERT throughput 1.00 ops/sec, READ throughput 0.00 ops/sec, SCAN throughput 68.99 ops/sec, READ_MODIFY_WRITE throughput 0.00 ops/sec, total t
2026-03-09 16:27:23,684 INFO Trace ycsb_e: throughput=118.37 ops/sec
2026-03-09 16:27:23,684 INFO --- Trace 6/8: ycsb_f ---
2026-03-09 16:27:23,684 INFO CMD: sudo sync
2026-03-09 16:27:23,882 INFO CMD: sudo sh -c echo 3 > /proc/sys/vm/drop_caches
2026-03-09 16:27:24,502 INFO Page cache dropped.
2026-03-09 16:27:26,517 INFO Running benchmark: /mydata/cache_ext/My-YCSB/build/run_net_leveldb /mydata/cache_ext/eviction_evo/traces/ycsb_f.yaml
2026-03-09 16:27:26,539 INFO CMD: /mydata/cache_ext/My-YCSB/build/run_net_leveldb /mydata/cache_ext/eviction_evo/traces/ycsb_f.yaml
2026-03-09 16:30:23,674 INFO Benchmark stdout:
ZipfianWorkload: start initializing zipfian variables, might take a while
Zipfian (Warm-Up) (epoch 0, progress 0.00%): UPDATE throughput 0.00 ops/sec, INSERT throughput 0.00 ops/sec, READ throughput 0.00 ops/sec, SCAN throughput 0.00 ops/sec, READ_MODIFY_WRITE throughput 0.00 ops/sec, total throughput 0.00 ops/sec
Zipfian (Warm-Up) (epoch 1, progress 0.00%): UPDATE throughput 0.00 ops/sec, INSERT throughput 0.00 ops/sec, READ throughput 113.99 ops/sec, SCAN throughput 0.00 ops/sec, READ_MODIFY_WRITE throughput 126.99 ops/sec, total throughput 240.97 ops/sec
Zipfian (Warm-Up) (epoch 2, progress 0.00%): UPDATE throughput 0.00 ops/sec, INSERT throughput 0.00 ops/sec, READ throughput 122.99 ops/sec, SCAN throughput 0.00 ops/sec, READ_MODIFY_WRITE throughput 149.98 ops/sec, total throughput 272.97 ops/sec
Zipfian (Warm-Up) (epoch 3, progress 0.00%): UPDATE throughput 0.00 ops/sec, INSERT throughput 0.00 ops/sec, READ throughput 139.98 ops/sec, SCAN throughput 0.00 ops/sec, READ_MODIFY_WRITE throughput 123.98 ops/sec, total throughput 263.96 ops/sec
Zipfian (Warm-Up) (epoch 4, progress 0.00%): UPDATE throughput 0.00 ops/sec, INSERT throughput 0.00 ops/sec, READ throughput 130.98 ops/sec, SCAN throughput 0.00 ops/sec, READ_MODIFY_WRITE throughput 137.98 ops/sec, total throughput 268.96 ops/sec
Zipfian (Warm-Up) (epoch 5, progress 0.00%): UPDATE throughput 0.00 ops/sec, INSERT throughput 0.00 ops/sec, READ throughput 146.98 ops/sec, SCAN throughput 0.00 ops/sec, READ_MODIFY_WRITE throughput 146.98 ops/sec, total throughput 293.96 ops/sec
Zipfian (Warm-Up) (epoch 6, progress 0.00%): UPDATE throughput 0.00 ops/sec, INSERT throughput 0.00 ops/sec, READ throughput 160.98 ops/sec, SCAN throughput 0.00 ops/sec, READ_MODIFY_WRITE throughput 140.99 ops/sec, total throughput 301.97 ops/sec
Zipfian (Warm-Up) (epoch 7, progress 0.00%): UPDATE throughput 0.00 ops/sec, INSERT throughput 0.00 ops/sec, READ throughput 178.97 ops/sec, SCAN throughput 0.00 ops/sec, READ_MODIFY_WRITE through
2026-03-09 16:30:23,674 INFO Trace ycsb_f: throughput=582.95 ops/sec
2026-03-09 16:30:23,675 INFO --- Trace 7/8: uniform ---
2026-03-09 16:30:23,675 INFO CMD: sudo sync
2026-03-09 16:30:24,123 INFO CMD: sudo sh -c echo 3 > /proc/sys/vm/drop_caches
2026-03-09 16:30:24,864 INFO Page cache dropped.
2026-03-09 16:30:26,890 INFO Running benchmark: /mydata/cache_ext/My-YCSB/build/run_net_leveldb /mydata/cache_ext/eviction_evo/traces/uniform.yaml
2026-03-09 16:30:26,916 INFO CMD: /mydata/cache_ext/My-YCSB/build/run_net_leveldb /mydata/cache_ext/eviction_evo/traces/uniform.yaml
2026-03-09 16:32:59,304 INFO Benchmark stdout:
Uniform (Warm-Up) (epoch 0, progress 0.00%): UPDATE throughput 0.00 ops/sec, INSERT throughput 0.00 ops/sec, READ throughput 0.00 ops/sec, SCAN throughput 0.00 ops/sec, READ_MODIFY_WRITE throughput 0.00 ops/sec, total throughput 0.00 ops/sec
Uniform (Warm-Up) (epoch 1, progress 0.00%): UPDATE throughput 0.00 ops/sec, INSERT throughput 0.00 ops/sec, READ throughput 44.99 ops/sec, SCAN throughput 0.00 ops/sec, READ_MODIFY_WRITE throughput 0.00 ops/sec, total throughput 44.99 ops/sec
Uniform (Warm-Up) (epoch 2, progress 0.00%): UPDATE throughput 0.00 ops/sec, INSERT throughput 0.00 ops/sec, READ throughput 64.99 ops/sec, SCAN throughput 0.00 ops/sec, READ_MODIFY_WRITE throughput 0.00 ops/sec, total throughput 64.99 ops/sec
Uniform (Warm-Up) (epoch 3, progress 0.00%): UPDATE throughput 0.00 ops/sec, INSERT throughput 0.00 ops/sec, READ throughput 61.99 ops/sec, SCAN throughput 0.00 ops/sec, READ_MODIFY_WRITE throughput 0.00 ops/sec, total throughput 61.99 ops/sec
Uniform (Warm-Up) (epoch 4, progress 0.00%): UPDATE throughput 0.00 ops/sec, INSERT throughput 0.00 ops/sec, READ throughput 59.99 ops/sec, SCAN throughput 0.00 ops/sec, READ_MODIFY_WRITE throughput 0.00 ops/sec, total throughput 59.99 ops/sec
Uniform (Warm-Up) (epoch 5, progress 0.00%): UPDATE throughput 0.00 ops/sec, INSERT throughput 0.00 ops/sec, READ throughput 70.99 ops/sec, SCAN throughput 0.00 ops/sec, READ_MODIFY_WRITE throughput 0.00 ops/sec, total throughput 70.99 ops/sec
Uniform (Warm-Up) (epoch 6, progress 0.00%): UPDATE throughput 0.00 ops/sec, INSERT throughput 0.00 ops/sec, READ throughput 74.99 ops/sec, SCAN throughput 0.00 ops/sec, READ_MODIFY_WRITE throughput 0.00 ops/sec, total throughput 74.99 ops/sec
Uniform (Warm-Up) (epoch 7, progress 0.00%): UPDATE throughput 0.00 ops/sec, INSERT throughput 0.00 ops/sec, READ throughput 69.99 ops/sec, SCAN throughput 0.00 ops/sec, READ_MODIFY_WRITE throughput 0.00 ops/sec, total throughput 69.99 ops/sec
Uniform (Warm-Up) (epoch 8, progress 0.00%): UPDAT
2026-03-09 16:32:59,305 INFO Trace uniform: throughput=131.01 ops/sec
2026-03-09 16:32:59,305 INFO --- Trace 8/8: uniform_rw ---
2026-03-09 16:32:59,305 INFO CMD: sudo sync
2026-03-09 16:32:59,646 INFO CMD: sudo sh -c echo 3 > /proc/sys/vm/drop_caches
2026-03-09 16:33:00,397 INFO Page cache dropped.
2026-03-09 16:33:02,447 INFO Running benchmark: /mydata/cache_ext/My-YCSB/build/run_net_leveldb /mydata/cache_ext/eviction_evo/traces/uniform_read_write.yaml
2026-03-09 16:33:02,472 INFO CMD: /mydata/cache_ext/My-YCSB/build/run_net_leveldb /mydata/cache_ext/eviction_evo/traces/uniform_read_write.yaml
2026-03-09 16:35:34,741 INFO Benchmark stdout:
Uniform (Warm-Up) (epoch 0, progress 0.00%): UPDATE throughput 0.00 ops/sec, INSERT throughput 0.00 ops/sec, READ throughput 0.00 ops/sec, SCAN throughput 0.00 ops/sec, READ_MODIFY_WRITE throughput 0.00 ops/sec, total throughput 0.00 ops/sec
Uniform (Warm-Up) (epoch 1, progress 0.00%): UPDATE throughput 0.00 ops/sec, INSERT throughput 58.99 ops/sec, READ throughput 58.99 ops/sec, SCAN throughput 0.00 ops/sec, READ_MODIFY_WRITE throughput 0.00 ops/sec, total throughput 117.98 ops/sec
Uniform (Warm-Up) (epoch 2, progress 0.00%): UPDATE throughput 0.00 ops/sec, INSERT throughput 66.99 ops/sec, READ throughput 81.99 ops/sec, SCAN throughput 0.00 ops/sec, READ_MODIFY_WRITE throughput 0.00 ops/sec, total throughput 148.98 ops/sec
Uniform (Warm-Up) (epoch 3, progress 0.00%): UPDATE throughput 0.00 ops/sec, INSERT throughput 46.99 ops/sec, READ throughput 52.99 ops/sec, SCAN throughput 0.00 ops/sec, READ_MODIFY_WRITE throughput 0.00 ops/sec, total throughput 99.99 ops/sec
Uniform (Warm-Up) (epoch 4, progress 0.00%): UPDATE throughput 0.00 ops/sec, INSERT throughput 84.99 ops/sec, READ throughput 70.99 ops/sec, SCAN throughput 0.00 ops/sec, READ_MODIFY_WRITE throughput 0.00 ops/sec, total throughput 155.98 ops/sec
Uniform (Warm-Up) (epoch 5, progress 0.00%): UPDATE throughput 0.00 ops/sec, INSERT throughput 78.99 ops/sec, READ throughput 86.99 ops/sec, SCAN throughput 0.00 ops/sec, READ_MODIFY_WRITE throughput 0.00 ops/sec, total throughput 165.98 ops/sec
Uniform (Warm-Up) (epoch 6, progress 0.00%): UPDATE throughput 0.00 ops/sec, INSERT throughput 74.99 ops/sec, READ throughput 87.99 ops/sec, SCAN throughput 0.00 ops/sec, READ_MODIFY_WRITE throughput 0.00 ops/sec, total throughput 162.98 ops/sec
Uniform (Warm-Up) (epoch 7, progress 0.00%): UPDATE throughput 0.00 ops/sec, INSERT throughput 88.99 ops/sec, READ throughput 82.99 ops/sec, SCAN throughput 0.00 ops/sec, READ_MODIFY_WRITE throughput 0.00 ops/sec, total throughput 171.98 ops/sec
Uniform (Warm-Up) (epoch 8, progress 
2026-03-09 16:35:34,741 INFO Trace uniform_rw: throughput=267.02 ops/sec
2026-03-09 16:35:34,750 INFO === Evaluation complete ===
2026-03-09 16:35:34,751 INFO Combined score (harmonic mean): 272.04  (8/8 traces passed)
2026-03-09 16:35:34,751 INFO   ycsb_a: 607.39 ops/sec
2026-03-09 16:35:34,751 INFO   ycsb_b: 332.45 ops/sec
2026-03-09 16:35:34,751 INFO   ycsb_c: 312.08 ops/sec
2026-03-09 16:35:34,751 INFO   ycsb_d: 144890.34 ops/sec
2026-03-09 16:35:34,751 INFO   ycsb_e: 118.37 ops/sec
2026-03-09 16:35:34,751 INFO   ycsb_f: 582.95 ops/sec
2026-03-09 16:35:34,751 INFO   uniform: 131.01 ops/sec
2026-03-09 16:35:34,751 INFO   uniform_rw: 267.02 ops/sec
2026-03-09 16:35:34,751 INFO Stopping net_leveldb_server (PID 210738)
2026-03-09 16:35:34,751 INFO CMD: sudo kill 210738
2026-03-09 16:35:34,891 INFO Unloading BPF policy (PID 210731)
2026-03-09 16:35:34,891 INFO CMD: sudo kill -2 210731
2026-03-09 16:35:35,123 INFO CMD: sudo rm -f /sys/fs/bpf/cache_ext/scan_pids
2026-03-09 16:35:35,172 INFO CMD: sudo cgdelete memory:cache_ext_test
2026-03-09 16:35:35,224 INFO CMD: sudo sh -c echo 0x0000 > /sys/kernel/mm/lru_gen/enabled
2026-03-09 16:35:35,243 INFO MGLRU re-enabled (restored to 0x0000).
