2026-03-11 11:58:01,135 INFO Waiting for evaluation lock /tmp/cache_ext_evaluate.lock ...
2026-03-11 12:03:27,347 INFO Acquired evaluation lock.
2026-03-11 12:03:27,347 INFO === Step 0: Drop page cache ===
2026-03-11 12:03:27,348 INFO Database already exists at /mydata/leveldb_temp (CURRENT file found), skipping rsync
2026-03-11 12:03:27,348 INFO CMD: sudo sync
2026-03-11 12:03:27,477 INFO CMD: sudo sh -c echo 3 > /proc/sys/vm/drop_caches
2026-03-11 12:03:27,741 INFO Page cache dropped.
2026-03-11 12:03:27,741 INFO === Step 1: Compile evolved policy ===
2026-03-11 12:03:27,742 INFO CMD: sudo chown -R root: /mydata/cache_ext/eviction_evo/build
2026-03-11 12:03:28,109 INFO CMD: clang-14 -O2 -target bpf -D__TARGET_ARCH_x86 -c -g -Wall -idirafter /usr/lib/llvm-14/lib/clang/14.0.0/include -idirafter /usr/local/include -idirafter /usr/include/x86_64-linux-gnu -idirafter /usr/include /mydata/cache_ext/eviction_evo/build/cache_ext_evolved.bpf.c -o /mydata/cache_ext/eviction_evo/build/cache_ext_evolved.bpf.o
2026-03-11 12:03:30,652 ERROR Evaluation failed: RuntimeError: BPF compilation failed:
STDOUT: 
STDERR: /mydata/cache_ext/eviction_evo/build/cache_ext_evolved.bpf.c:275:1: error: expected expression
=======
^
/mydata/cache_ext/eviction_evo/build/cache_ext_evolved.bpf.c:275:3: error: expected expression
=======
  ^
/mydata/cache_ext/eviction_evo/build/cache_ext_evolved.bpf.c:275:5: error: expected expression
=======
    ^
/mydata/cache_ext/eviction_evo/build/cache_ext_evolved.bpf.c:275:7: error: expected expression
=======
      ^
/mydata/cache_ext/eviction_evo/build/cache_ext_evolved.bpf.c:277:5: error: expected expression
    if (net_under_pressure) {
    ^
/mydata/cache_ext/eviction_evo/build/cache_ext_evolved.bpf.c:293:9: error: use of undeclared identifier 'evict_threshold'
        evict_threshold = 70;  // Higher threshold = more protective (evict only high-score folios)
        ^
/mydata/cache_ext/eviction_evo/build/cache_ext_evolved.bpf.c:295:9: error: use of undeclared identifier 'evict_threshold'
        evict_threshold = 40;  // Lower threshold = more aggressive when session idle
        ^
/mydata/cache_ext/eviction_evo/build/cache_ext_evolved.bpf.c:300:9: error: use of undeclared identifier 'evict_threshold'
        evict_threshold += 10;
        ^
/mydata/cache_ext/eviction_evo/build/cache_ext_evolved.bpf.c:306:18: error: use of undeclared identifier 'evict_threshold'
    if (score >= evict_threshold) {
                 ^
9 errors generated.

Traceback (most recent call last):
  File "/mydata/cache_ext/eviction_evo/evaluate.py", line 660, in evaluate
    loader_path = compile_bpf_policy(program_path, BUILD_DIR)
  File "/mydata/cache_ext/eviction_evo/evaluate.py", line 174, in compile_bpf_policy
    raise RuntimeError(f"BPF compilation failed:\nSTDOUT: {result.stdout}\nSTDERR: {result.stderr}")
RuntimeError: BPF compilation failed:
STDOUT: 
STDERR: /mydata/cache_ext/eviction_evo/build/cache_ext_evolved.bpf.c:275:1: error: expected expression
=======
^
/mydata/cache_ext/eviction_evo/build/cache_ext_evolved.bpf.c:275:3: error: expected expression
=======
  ^
/mydata/cache_ext/eviction_evo/build/cache_ext_evolved.bpf.c:275:5: error: expected expression
=======
    ^
/mydata/cache_ext/eviction_evo/build/cache_ext_evolved.bpf.c:275:7: error: expected expression
=======
      ^
/mydata/cache_ext/eviction_evo/build/cache_ext_evolved.bpf.c:277:5: error: expected expression
    if (net_under_pressure) {
    ^
/mydata/cache_ext/eviction_evo/build/cache_ext_evolved.bpf.c:293:9: error: use of undeclared identifier 'evict_threshold'
        evict_threshold = 70;  // Higher threshold = more protective (evict only high-score folios)
        ^
/mydata/cache_ext/eviction_evo/build/cache_ext_evolved.bpf.c:295:9: error: use of undeclared identifier 'evict_threshold'
        evict_threshold = 40;  // Lower threshold = more aggressive when session idle
        ^
/mydata/cache_ext/eviction_evo/build/cache_ext_evolved.bpf.c:300:9: error: use of undeclared identifier 'evict_threshold'
        evict_threshold += 10;
        ^
/mydata/cache_ext/eviction_evo/build/cache_ext_evolved.bpf.c:306:18: error: use of undeclared identifier 'evict_threshold'
    if (score >= evict_threshold) {
                 ^
9 errors generated.


2026-03-11 12:03:30,653 INFO CMD: sudo cgdelete memory:cache_ext_test
