2026-03-10 23:16:14,556 INFO Waiting for evaluation lock /tmp/cache_ext_file_evaluate.lock ...
2026-03-10 23:18:57,960 INFO Acquired evaluation lock.
2026-03-10 23:18:57,960 INFO === Step 0: Drop page cache ===
2026-03-10 23:18:57,960 INFO CMD: sudo sync
2026-03-10 23:18:58,117 INFO CMD: sudo sh -c echo 3 > /proc/sys/vm/drop_caches
2026-03-10 23:18:58,349 INFO Page cache dropped.
2026-03-10 23:18:58,349 INFO === Step 1: Compile evolved policy ===
2026-03-10 23:18:58,358 INFO CMD: sudo chown -R root: /mydata/cache_ext/eviction_evo/build
2026-03-10 23:18:58,763 INFO CMD: clang-14 -O2 -target bpf -D__TARGET_ARCH_x86 -c -g -Wall -idirafter /usr/lib/llvm-14/lib/clang/14.0.0/include -idirafter /usr/local/include -idirafter /usr/include/x86_64-linux-gnu -idirafter /usr/include /mydata/cache_ext/eviction_evo/build/cache_ext_evolved.bpf.c -o /mydata/cache_ext/eviction_evo/build/cache_ext_evolved.bpf.o
2026-03-10 23:19:01,588 INFO CMD: /usr/local/sbin/bpftool gen skeleton /mydata/cache_ext/eviction_evo/build/cache_ext_evolved.bpf.o name cache_ext_evolved_bpf
2026-03-10 23:19:01,774 INFO CMD: clang-14 -O2 -g -Wall -I/mydata/cache_ext/eviction_evo/build -I/mydata/cache_ext/policies /mydata/cache_ext/eviction_evo/cache_ext_evolved.c -o /mydata/cache_ext/eviction_evo/build/cache_ext_evolved.out -L/usr/local/lib64 -lbpf
2026-03-10 23:19:02,674 INFO Compilation successful: /mydata/cache_ext/eviction_evo/build/cache_ext_evolved.out
2026-03-10 23:19:02,674 INFO === Step 2: Disable MGLRU ===
2026-03-10 23:19:02,674 INFO MGLRU current state: 0x0007 — disabling
2026-03-10 23:19:02,674 INFO CMD: sudo sh -c echo 0 > /sys/kernel/mm/lru_gen/enabled
2026-03-10 23:19:02,739 INFO MGLRU disabled.
2026-03-10 23:19:02,739 INFO === Step 3: Create cgroup ===
2026-03-10 23:19:02,739 INFO CMD: sudo cgdelete memory:cache_ext_test
2026-03-10 23:19:02,772 INFO CMD: sudo cgcreate -g memory:cache_ext_test
2026-03-10 23:19:02,881 INFO CMD: sudo sh -c echo 134217728 > /sys/fs/cgroup/cache_ext_test/memory.max
2026-03-10 23:19:02,895 INFO CMD: sudo sh -c echo 268435456 > /sys/fs/cgroup/cache_ext_test/memory.swap.max
2026-03-10 23:19:02,908 INFO Created cgroup cache_ext_test with limit 134217728 bytes, swap limit 268435456 bytes
2026-03-10 23:19:02,908 INFO === Step 4: Load BPF policy ===
2026-03-10 23:19:02,908 INFO Loading policy: sudo /mydata/cache_ext/eviction_evo/build/cache_ext_evolved.out --watch_dir /mydata/file_workload_data --cgroup_path /sys/fs/cgroup/cache_ext_test
2026-03-10 23:19:12,919 INFO Policy loaded (PID 123458)
2026-03-10 23:19:12,919 INFO === Step 5: Run 2 file workload traces ===
2026-03-10 23:19:12,919 INFO --- Trace 1/2: file_priority ---
2026-03-10 23:19:12,942 INFO Starting process high_prio_reader: sudo cgexec -g memory:cache_ext_test sh -c echo $$ > "/tmp/file_workload_high_prio_reader_122299.pid" && exec "/mydata/cache_ext/eviction_evo/build/file_workload" "/tmp/file_high_prio_reader_40rpah8n.yaml"
2026-03-10 23:19:12,945 INFO Starting process low_prio_reader: sudo cgexec -g memory:cache_ext_test sh -c echo $$ > "/tmp/file_workload_low_prio_reader_122299.pid" && exec "/mydata/cache_ext/eviction_evo/build/file_workload" "/tmp/file_low_prio_reader_i3itbwgt.yaml"
2026-03-10 23:19:15,950 INFO Process high_prio_reader actual PID: 123473 (wrapper PID: 123468)
2026-03-10 23:19:15,951 INFO Process low_prio_reader actual PID: 123472 (wrapper PID: 123469)
2026-03-10 23:21:23,138 INFO Process high_prio_reader: throughput=2910.21
2026-03-10 23:21:23,139 INFO Process low_prio_reader: throughput=176.93
2026-03-10 23:21:23,139 INFO File workload combined throughput: 3087.14 ops/sec
2026-03-10 23:21:23,139 INFO Trace file_priority: throughput=3087.14 ops/sec
2026-03-10 23:21:23,139 INFO --- Trace 2/2: file_niceness ---
2026-03-10 23:21:23,139 INFO CMD: sudo sync
2026-03-10 23:21:23,267 INFO CMD: sudo sh -c echo 3 > /proc/sys/vm/drop_caches
2026-03-10 23:21:23,553 INFO Page cache dropped.
2026-03-10 23:21:25,588 INFO Starting process reader_alpha: sudo cgexec -g memory:cache_ext_test sh -c echo $$ > "/tmp/file_workload_reader_alpha_122299.pid" && exec "/mydata/cache_ext/eviction_evo/build/file_workload" "/tmp/file_reader_alpha_pz4y9vlg.yaml"
2026-03-10 23:21:25,596 INFO Starting process reader_beta: sudo cgexec -g memory:cache_ext_test sh -c echo $$ > "/tmp/file_workload_reader_beta_122299.pid" && exec "/mydata/cache_ext/eviction_evo/build/file_workload" "/tmp/file_reader_beta_0998ajku.yaml"
2026-03-10 23:21:28,598 INFO Process reader_alpha actual PID: 123600 (wrapper PID: 123595)
2026-03-10 23:21:28,598 INFO Process reader_beta actual PID: 123599 (wrapper PID: 123596)
2026-03-10 23:21:28,598 INFO CMD: sudo renice -15 -p 123600
2026-03-10 23:21:28,877 INFO CMD: sudo renice 15 -p 123599
2026-03-10 23:21:29,896 INFO CMD: sudo renice -15 -p 123600
2026-03-10 23:21:29,916 INFO CMD: sudo renice 15 -p 123599
2026-03-10 23:21:30,933 INFO CMD: sudo renice -15 -p 123600
2026-03-10 23:21:30,951 INFO CMD: sudo renice 15 -p 123599
2026-03-10 23:21:31,966 INFO CMD: sudo renice -15 -p 123600
2026-03-10 23:21:31,983 INFO CMD: sudo renice 15 -p 123599
2026-03-10 23:21:33,000 INFO CMD: sudo renice -15 -p 123600
2026-03-10 23:21:33,017 INFO CMD: sudo renice 15 -p 123599
2026-03-10 23:21:34,035 INFO CMD: sudo renice -15 -p 123600
2026-03-10 23:21:34,054 INFO CMD: sudo renice 15 -p 123599
2026-03-10 23:21:35,072 INFO CMD: sudo renice -15 -p 123600
2026-03-10 23:21:35,090 INFO CMD: sudo renice 15 -p 123599
2026-03-10 23:21:36,108 INFO CMD: sudo renice -15 -p 123600
2026-03-10 23:21:36,124 INFO CMD: sudo renice 15 -p 123599
2026-03-10 23:21:37,142 INFO CMD: sudo renice -15 -p 123600
2026-03-10 23:21:37,158 INFO CMD: sudo renice 15 -p 123599
2026-03-10 23:21:38,174 INFO CMD: sudo renice -15 -p 123600
2026-03-10 23:21:38,192 INFO CMD: sudo renice 15 -p 123599
2026-03-10 23:21:39,209 INFO CMD: sudo renice -15 -p 123600
2026-03-10 23:21:39,227 INFO CMD: sudo renice 15 -p 123599
2026-03-10 23:21:40,243 INFO CMD: sudo renice -15 -p 123600
2026-03-10 23:21:40,259 INFO CMD: sudo renice 15 -p 123599
2026-03-10 23:21:41,274 INFO CMD: sudo renice -15 -p 123600
2026-03-10 23:21:41,292 INFO CMD: sudo renice 15 -p 123599
2026-03-10 23:21:42,309 INFO CMD: sudo renice -15 -p 123600
2026-03-10 23:21:42,326 INFO CMD: sudo renice 15 -p 123599
2026-03-10 23:21:43,342 INFO CMD: sudo renice -15 -p 123600
2026-03-10 23:21:43,358 INFO CMD: sudo renice 15 -p 123599
2026-03-10 23:21:44,375 INFO CMD: sudo renice -15 -p 123600
2026-03-10 23:21:44,392 INFO CMD: sudo renice 15 -p 123599
2026-03-10 23:21:45,406 INFO CMD: sudo renice -15 -p 123600
2026-03-10 23:21:45,423 INFO CMD: sudo renice 15 -p 123599
2026-03-10 23:21:46,439 INFO CMD: sudo renice -15 -p 123600
2026-03-10 23:21:46,456 INFO CMD: sudo renice 15 -p 123599
2026-03-10 23:21:47,472 INFO CMD: sudo renice -15 -p 123600
2026-03-10 23:21:47,489 INFO CMD: sudo renice 15 -p 123599
2026-03-10 23:21:48,505 INFO CMD: sudo renice -15 -p 123600
2026-03-10 23:21:48,524 INFO CMD: sudo renice 15 -p 123599
2026-03-10 23:21:49,541 INFO CMD: sudo renice -15 -p 123600
2026-03-10 23:21:49,558 INFO CMD: sudo renice 15 -p 123599
2026-03-10 23:21:50,575 INFO CMD: sudo renice -15 -p 123600
2026-03-10 23:21:50,593 INFO CMD: sudo renice 15 -p 123599
2026-03-10 23:21:51,610 INFO CMD: sudo renice -15 -p 123600
2026-03-10 23:21:51,627 INFO CMD: sudo renice 15 -p 123599
2026-03-10 23:21:52,643 INFO CMD: sudo renice -15 -p 123600
2026-03-10 23:21:52,660 INFO CMD: sudo renice 15 -p 123599
2026-03-10 23:21:53,676 INFO CMD: sudo renice -15 -p 123600
2026-03-10 23:21:53,694 INFO CMD: sudo renice 15 -p 123599
2026-03-10 23:21:54,710 INFO CMD: sudo renice -15 -p 123600
2026-03-10 23:21:54,728 INFO CMD: sudo renice 15 -p 123599
2026-03-10 23:21:55,745 INFO CMD: sudo renice -15 -p 123600
2026-03-10 23:21:55,764 INFO CMD: sudo renice 15 -p 123599
2026-03-10 23:21:56,781 INFO CMD: sudo renice -15 -p 123600
2026-03-10 23:21:56,797 INFO CMD: sudo renice 15 -p 123599
2026-03-10 23:21:57,814 INFO CMD: sudo renice -15 -p 123600
2026-03-10 23:21:57,833 INFO CMD: sudo renice 15 -p 123599
2026-03-10 23:21:58,851 INFO CMD: sudo renice -15 -p 123600
2026-03-10 23:21:58,866 INFO CMD: sudo renice 15 -p 123599
2026-03-10 23:21:59,883 INFO CMD: sudo renice -15 -p 123600
2026-03-10 23:21:59,900 INFO CMD: sudo renice 15 -p 123599
2026-03-10 23:22:00,917 INFO CMD: sudo renice -15 -p 123600
2026-03-10 23:22:00,933 INFO CMD: sudo renice 15 -p 123599
2026-03-10 23:22:01,949 INFO CMD: sudo renice -15 -p 123600
2026-03-10 23:22:01,965 INFO CMD: sudo renice 15 -p 123599
2026-03-10 23:22:02,983 INFO CMD: sudo renice -15 -p 123600
2026-03-10 23:22:03,000 INFO CMD: sudo renice 15 -p 123599
2026-03-10 23:22:04,017 INFO CMD: sudo renice -15 -p 123600
2026-03-10 23:22:04,032 INFO CMD: sudo renice 15 -p 123599
2026-03-10 23:22:05,048 INFO CMD: sudo renice -15 -p 123600
2026-03-10 23:22:05,067 INFO CMD: sudo renice 15 -p 123599
2026-03-10 23:22:06,083 INFO CMD: sudo renice -15 -p 123600
2026-03-10 23:22:06,100 INFO CMD: sudo renice 15 -p 123599
2026-03-10 23:22:07,115 INFO CMD: sudo renice -15 -p 123600
2026-03-10 23:22:07,131 INFO CMD: sudo renice 15 -p 123599
2026-03-10 23:22:08,146 INFO CMD: sudo renice -15 -p 123600
2026-03-10 23:22:08,162 INFO CMD: sudo renice 15 -p 123599
2026-03-10 23:22:09,178 INFO CMD: sudo renice -15 -p 123600
2026-03-10 23:22:09,196 INFO CMD: sudo renice 15 -p 123599
2026-03-10 23:22:10,212 INFO CMD: sudo renice -15 -p 123600
2026-03-10 23:22:10,230 INFO CMD: sudo renice 15 -p 123599
2026-03-10 23:22:11,245 INFO CMD: sudo renice -15 -p 123600
2026-03-10 23:22:11,263 INFO CMD: sudo renice 15 -p 123599
2026-03-10 23:22:12,279 INFO CMD: sudo renice -15 -p 123600
2026-03-10 23:22:12,296 INFO CMD: sudo renice 15 -p 123599
2026-03-10 23:22:13,313 INFO CMD: sudo renice -15 -p 123600
2026-03-10 23:22:13,330 INFO CMD: sudo renice 15 -p 123599
2026-03-10 23:22:14,345 INFO CMD: sudo renice -15 -p 123600
2026-03-10 23:22:14,363 INFO CMD: sudo renice 15 -p 123599
2026-03-10 23:22:15,381 INFO CMD: sudo renice -15 -p 123600
2026-03-10 23:22:15,398 INFO CMD: sudo renice 15 -p 123599
2026-03-10 23:22:16,415 INFO CMD: sudo renice -15 -p 123600
2026-03-10 23:22:16,431 INFO CMD: sudo renice 15 -p 123599
2026-03-10 23:22:17,447 INFO CMD: sudo renice -15 -p 123600
2026-03-10 23:22:17,464 INFO CMD: sudo renice 15 -p 123599
2026-03-10 23:22:18,480 INFO CMD: sudo renice -15 -p 123600
2026-03-10 23:22:18,497 INFO CMD: sudo renice 15 -p 123599
2026-03-10 23:22:19,512 INFO CMD: sudo renice -15 -p 123600
2026-03-10 23:22:19,530 INFO CMD: sudo renice 15 -p 123599
2026-03-10 23:22:20,547 INFO CMD: sudo renice -15 -p 123600
2026-03-10 23:22:20,564 INFO CMD: sudo renice 15 -p 123599
2026-03-10 23:22:21,580 INFO CMD: sudo renice -15 -p 123600
2026-03-10 23:22:21,596 INFO CMD: sudo renice 15 -p 123599
2026-03-10 23:22:22,613 INFO CMD: sudo renice -15 -p 123600
2026-03-10 23:22:22,630 INFO CMD: sudo renice 15 -p 123599
2026-03-10 23:22:23,646 INFO CMD: sudo renice -15 -p 123600
2026-03-10 23:22:23,663 INFO CMD: sudo renice 15 -p 123599
2026-03-10 23:22:24,680 INFO CMD: sudo renice -15 -p 123600
2026-03-10 23:22:24,695 INFO CMD: sudo renice 15 -p 123599
2026-03-10 23:22:25,710 INFO CMD: sudo renice -15 -p 123600
2026-03-10 23:22:25,728 INFO CMD: sudo renice 15 -p 123599
2026-03-10 23:22:26,744 INFO CMD: sudo renice -15 -p 123600
2026-03-10 23:22:26,762 INFO CMD: sudo renice 15 -p 123599
2026-03-10 23:22:27,779 INFO CMD: sudo renice -15 -p 123600
2026-03-10 23:22:27,796 INFO CMD: sudo renice 15 -p 123599
2026-03-10 23:22:28,814 INFO CMD: sudo renice 15 -p 123600
2026-03-10 23:22:28,833 INFO CMD: sudo renice -15 -p 123599
2026-03-10 23:22:29,850 INFO CMD: sudo renice 15 -p 123600
2026-03-10 23:22:29,869 INFO CMD: sudo renice -15 -p 123599
2026-03-10 23:22:30,885 INFO CMD: sudo renice 15 -p 123600
2026-03-10 23:22:30,902 INFO CMD: sudo renice -15 -p 123599
2026-03-10 23:22:31,917 INFO CMD: sudo renice 15 -p 123600
2026-03-10 23:22:31,936 INFO CMD: sudo renice -15 -p 123599
2026-03-10 23:22:32,953 INFO CMD: sudo renice 15 -p 123600
2026-03-10 23:22:32,968 INFO CMD: sudo renice -15 -p 123599
2026-03-10 23:22:33,983 INFO CMD: sudo renice 15 -p 123600
2026-03-10 23:22:34,001 INFO CMD: sudo renice -15 -p 123599
2026-03-10 23:22:35,019 INFO CMD: sudo renice 15 -p 123600
2026-03-10 23:22:35,036 INFO CMD: sudo renice -15 -p 123599
2026-03-10 23:22:36,052 INFO CMD: sudo renice 15 -p 123600
2026-03-10 23:22:36,070 INFO CMD: sudo renice -15 -p 123599
2026-03-10 23:22:37,086 INFO CMD: sudo renice 15 -p 123600
2026-03-10 23:22:37,104 INFO CMD: sudo renice -15 -p 123599
2026-03-10 23:22:38,122 INFO CMD: sudo renice 15 -p 123600
2026-03-10 23:22:38,140 INFO CMD: sudo renice -15 -p 123599
2026-03-10 23:22:39,156 INFO CMD: sudo renice 15 -p 123600
2026-03-10 23:22:39,173 INFO CMD: sudo renice -15 -p 123599
2026-03-10 23:22:40,188 INFO CMD: sudo renice 15 -p 123600
2026-03-10 23:22:40,205 INFO CMD: sudo renice -15 -p 123599
2026-03-10 23:22:41,221 INFO CMD: sudo renice 15 -p 123600
2026-03-10 23:22:41,238 INFO CMD: sudo renice -15 -p 123599
2026-03-10 23:22:42,257 INFO CMD: sudo renice 15 -p 123600
2026-03-10 23:22:42,273 INFO CMD: sudo renice -15 -p 123599
2026-03-10 23:22:43,290 INFO CMD: sudo renice 15 -p 123600
2026-03-10 23:22:43,307 INFO CMD: sudo renice -15 -p 123599
2026-03-10 23:22:44,324 INFO CMD: sudo renice 15 -p 123600
2026-03-10 23:22:44,343 INFO CMD: sudo renice -15 -p 123599
2026-03-10 23:22:45,361 INFO CMD: sudo renice 15 -p 123600
2026-03-10 23:22:45,379 INFO CMD: sudo renice -15 -p 123599
2026-03-10 23:22:46,396 INFO CMD: sudo renice 15 -p 123600
2026-03-10 23:22:46,413 INFO CMD: sudo renice -15 -p 123599
2026-03-10 23:22:47,431 INFO CMD: sudo renice 15 -p 123600
2026-03-10 23:22:47,448 INFO CMD: sudo renice -15 -p 123599
2026-03-10 23:22:48,463 INFO CMD: sudo renice 15 -p 123600
2026-03-10 23:22:48,480 INFO CMD: sudo renice -15 -p 123599
2026-03-10 23:22:49,496 INFO CMD: sudo renice 15 -p 123600
2026-03-10 23:22:49,512 INFO CMD: sudo renice -15 -p 123599
2026-03-10 23:22:50,529 INFO CMD: sudo renice 15 -p 123600
2026-03-10 23:22:50,548 INFO CMD: sudo renice -15 -p 123599
2026-03-10 23:22:51,564 INFO CMD: sudo renice 15 -p 123600
2026-03-10 23:22:51,580 INFO CMD: sudo renice -15 -p 123599
2026-03-10 23:22:52,597 INFO CMD: sudo renice 15 -p 123600
2026-03-10 23:22:52,614 INFO CMD: sudo renice -15 -p 123599
2026-03-10 23:22:53,630 INFO CMD: sudo renice 15 -p 123600
2026-03-10 23:22:53,648 INFO CMD: sudo renice -15 -p 123599
2026-03-10 23:22:54,664 INFO CMD: sudo renice 15 -p 123600
2026-03-10 23:22:54,681 INFO CMD: sudo renice -15 -p 123599
2026-03-10 23:22:55,697 INFO CMD: sudo renice 15 -p 123600
2026-03-10 23:22:55,714 INFO CMD: sudo renice -15 -p 123599
2026-03-10 23:22:56,731 INFO CMD: sudo renice 15 -p 123600
2026-03-10 23:22:56,748 INFO CMD: sudo renice -15 -p 123599
2026-03-10 23:22:57,764 INFO CMD: sudo renice 15 -p 123600
2026-03-10 23:22:57,781 INFO CMD: sudo renice -15 -p 123599
2026-03-10 23:22:58,797 INFO CMD: sudo renice 15 -p 123600
2026-03-10 23:22:58,817 INFO CMD: sudo renice -15 -p 123599
2026-03-10 23:22:59,833 INFO CMD: sudo renice 15 -p 123600
2026-03-10 23:22:59,850 INFO CMD: sudo renice -15 -p 123599
2026-03-10 23:23:00,866 INFO CMD: sudo renice 15 -p 123600
2026-03-10 23:23:00,885 INFO CMD: sudo renice -15 -p 123599
2026-03-10 23:23:01,901 INFO CMD: sudo renice 15 -p 123600
2026-03-10 23:23:01,918 INFO CMD: sudo renice -15 -p 123599
2026-03-10 23:23:02,935 INFO CMD: sudo renice 15 -p 123600
2026-03-10 23:23:02,953 INFO CMD: sudo renice -15 -p 123599
2026-03-10 23:23:03,971 INFO CMD: sudo renice 15 -p 123600
2026-03-10 23:23:03,987 INFO CMD: sudo renice -15 -p 123599
2026-03-10 23:23:05,003 INFO CMD: sudo renice 15 -p 123600
2026-03-10 23:23:05,020 INFO CMD: sudo renice -15 -p 123599
2026-03-10 23:23:06,036 INFO CMD: sudo renice 15 -p 123600
2026-03-10 23:23:06,053 INFO CMD: sudo renice -15 -p 123599
2026-03-10 23:23:07,070 INFO CMD: sudo renice 15 -p 123600
2026-03-10 23:23:07,087 INFO CMD: sudo renice -15 -p 123599
2026-03-10 23:23:08,103 INFO CMD: sudo renice 15 -p 123600
2026-03-10 23:23:08,121 INFO CMD: sudo renice -15 -p 123599
2026-03-10 23:23:09,138 INFO CMD: sudo renice 15 -p 123600
2026-03-10 23:23:09,157 INFO CMD: sudo renice -15 -p 123599
2026-03-10 23:23:10,172 INFO CMD: sudo renice 15 -p 123600
2026-03-10 23:23:10,188 INFO CMD: sudo renice -15 -p 123599
2026-03-10 23:23:11,206 INFO CMD: sudo renice 15 -p 123600
2026-03-10 23:23:11,223 INFO CMD: sudo renice -15 -p 123599
2026-03-10 23:23:12,240 INFO CMD: sudo renice 15 -p 123600
2026-03-10 23:23:12,257 INFO CMD: sudo renice -15 -p 123599
2026-03-10 23:23:13,273 INFO CMD: sudo renice 15 -p 123600
2026-03-10 23:23:13,292 INFO CMD: sudo renice -15 -p 123599
2026-03-10 23:23:14,308 INFO CMD: sudo renice 15 -p 123600
2026-03-10 23:23:14,324 INFO CMD: sudo renice -15 -p 123599
2026-03-10 23:23:15,340 INFO CMD: sudo renice 15 -p 123600
2026-03-10 23:23:15,358 INFO CMD: sudo renice -15 -p 123599
2026-03-10 23:23:16,375 INFO CMD: sudo renice 15 -p 123600
2026-03-10 23:23:16,391 INFO CMD: sudo renice -15 -p 123599
2026-03-10 23:23:17,408 INFO CMD: sudo renice 15 -p 123600
2026-03-10 23:23:17,424 INFO CMD: sudo renice -15 -p 123599
2026-03-10 23:23:18,440 INFO CMD: sudo renice 15 -p 123600
2026-03-10 23:23:18,456 INFO CMD: sudo renice -15 -p 123599
2026-03-10 23:23:19,473 INFO CMD: sudo renice 15 -p 123600
2026-03-10 23:23:19,490 INFO CMD: sudo renice -15 -p 123599
2026-03-10 23:23:20,506 INFO CMD: sudo renice 15 -p 123600
2026-03-10 23:23:20,524 INFO CMD: sudo renice -15 -p 123599
2026-03-10 23:23:21,540 INFO CMD: sudo renice 15 -p 123600
2026-03-10 23:23:21,557 INFO CMD: sudo renice -15 -p 123599
2026-03-10 23:23:22,572 INFO CMD: sudo renice 15 -p 123600
2026-03-10 23:23:22,591 INFO CMD: sudo renice -15 -p 123599
2026-03-10 23:23:23,608 INFO CMD: sudo renice 15 -p 123600
2026-03-10 23:23:23,624 INFO CMD: sudo renice -15 -p 123599
2026-03-10 23:23:24,640 INFO CMD: sudo renice 15 -p 123600
2026-03-10 23:23:24,657 INFO CMD: sudo renice -15 -p 123599
2026-03-10 23:23:25,673 INFO CMD: sudo renice 15 -p 123600
2026-03-10 23:23:25,689 INFO CMD: sudo renice -15 -p 123599
2026-03-10 23:23:26,706 INFO CMD: sudo renice 15 -p 123600
2026-03-10 23:23:26,723 INFO CMD: sudo renice -15 -p 123599
2026-03-10 23:23:27,740 INFO CMD: sudo renice 15 -p 123600
2026-03-10 23:23:27,756 INFO CMD: sudo renice -15 -p 123599
2026-03-10 23:23:28,773 INFO CMD: sudo renice 15 -p 123600
2026-03-10 23:23:28,791 INFO CMD: sudo renice -15 -p 123599
2026-03-10 23:23:29,806 INFO CMD: sudo renice 15 -p 123600
2026-03-10 23:23:29,823 INFO CMD: sudo renice -15 -p 123599
2026-03-10 23:23:30,840 INFO CMD: sudo renice 15 -p 123600
2026-03-10 23:23:30,859 INFO CMD: sudo renice -15 -p 123599
2026-03-10 23:23:31,876 INFO CMD: sudo renice 15 -p 123600
2026-03-10 23:23:31,898 INFO CMD: sudo renice -15 -p 123599
2026-03-10 23:23:32,917 INFO CMD: sudo renice 15 -p 123600
2026-03-10 23:23:32,936 INFO CMD: sudo renice -15 -p 123599
2026-03-10 23:23:33,954 INFO CMD: sudo renice 15 -p 123600
2026-03-10 23:23:33,972 INFO CMD: sudo renice -15 -p 123599
2026-03-10 23:23:34,989 INFO CMD: sudo renice 15 -p 123600
2026-03-10 23:23:35,006 INFO CMD: sudo renice -15 -p 123599
2026-03-10 23:23:36,021 INFO CMD: sudo renice 15 -p 123600
2026-03-10 23:23:37,042 INFO Process reader_alpha: throughput=2433.98
2026-03-10 23:23:37,042 INFO Process reader_beta: throughput=194.18
2026-03-10 23:23:37,042 INFO File workload combined throughput: 2628.16 ops/sec
2026-03-10 23:23:37,049 INFO Trace file_niceness: throughput=2628.16 ops/sec
2026-03-10 23:23:37,057 INFO === Evaluation complete ===
2026-03-10 23:23:37,057 INFO Combined score (harmonic mean): 2839.22  (2/2 traces passed)
2026-03-10 23:23:37,057 INFO   file_priority: 3087.14 ops/sec
2026-03-10 23:23:37,057 INFO   file_niceness: 2628.16 ops/sec
2026-03-10 23:23:37,057 INFO Unloading BPF policy (PID 123458)
2026-03-10 23:23:37,058 INFO CMD: sudo kill -2 123458
2026-03-10 23:23:37,392 INFO CMD: sudo rm -f /sys/fs/bpf/cache_ext/scan_pids
2026-03-10 23:23:37,414 INFO CMD: sudo cgdelete memory:cache_ext_test
2026-03-10 23:23:37,435 INFO CMD: sudo sh -c echo 0x0007 > /sys/kernel/mm/lru_gen/enabled
2026-03-10 23:23:37,484 INFO MGLRU re-enabled (restored to 0x0007).
